loading autotest/rails
/usr/local/rvm/rubies/ruby-1.9.3-p194/bin/ruby -I.:lib:test -rubygems -e "%w[test/unit test/functional/microposts_controller_test.rb test/functional/pages_controller_test.rb test/unit/user_test.rb test/unit/helpers/pages_helper_test.rb test/functional/users_controller_test.rb test/unit/helpers/microposts_helper_test.rb test/unit/helpers/users_helper_test.rb test/unit/micropost_test.rb].each { |f| require f }"
Run options: 

# Running tests:

EEEEEEEEEEEEEEEE

Finished tests in 0.179224s, 89.2738 tests/s, 0.0000 assertions/s.

  1) Error:
test_should_create_micropost(MicropostsControllerTest):
ActiveRecord::StatementInvalid: Could not find table 'users'
    /usr/local/rvm/gems/ruby-1.9.3-p194/gems/activerecord-3.2.8/lib/active_record/connection_adapters/sqlite_adapter.rb:472:in `table_structure'
    /usr/local/rvm/gems/ruby-1.9.3-p194/gems/activerecord-3.2.8/lib/active_record/connection_adapters/sqlite_adapter.rb:346:in `columns'
    /usr/local/rvm/gems/ruby-1.9.3-p194/gems/activerecord-3.2.8/lib/active_record/fixtures.rb:660:in `column_names'
    /usr/local/rvm/gems/ruby-1.9.3-p194/gems/activerecord-3.2.8/lib/active_record/fixtures.rb:652:in `timestamp_column_names'
    /usr/local/rvm/gems/ruby-1.9.3-p194/gems/activerecord-3.2.8/lib/active_record/fixtures.rb:585:in `block in table_rows'
    /usr/local/rvm/gems/ruby-1.9.3-p194/gems/activerecord-3.2.8/lib/active_record/fixtures.rb:579:in `each'
    /usr/local/rvm/gems/ruby-1.9.3-p194/gems/activerecord-3.2.8/lib/active_record/fixtures.rb:579:in `map'
    /usr/local/rvm/gems/ruby-1.9.3-p194/gems/activerecord-3.2.8/lib/active_record/fixtures.rb:579:in `table_rows'
    /usr/local/rvm/gems/ruby-1.9.3-p194/gems/activerecord-3.2.8/lib/active_record/fixtures.rb:494:in `block (3 levels) in create_fixtures'
    /usr/local/rvm/gems/ruby-1.9.3-p194/gems/activerecord-3.2.8/lib/active_record/fixtures.rb:492:in `each'
    /usr/local/rvm/gems/ruby-1.9.3-p194/gems/activerecord-3.2.8/lib/active_record/fixtures.rb:492:in `block (2 levels) in create_fixtures'
    /usr/local/rvm/gems/ruby-1.9.3-p194/gems/activerecord-3.2.8/lib/active_record/connection_adapters/abstract/database_statements.rb:192:in `transaction'
    /usr/local/rvm/gems/ruby-1.9.3-p194/gems/activerecord-3.2.8/lib/active_record/fixtures.rb:491:in `block in create_fixtures'
    /usr/local/rvm/gems/ruby-1.9.3-p194/gems/activerecord-3.2.8/lib/active_record/connection_adapters/abstract_adapter.rb:168:in `disable_referential_integrity'
    /usr/local/rvm/gems/ruby-1.9.3-p194/gems/activerecord-3.2.8/lib/active_record/fixtures.rb:476:in `create_fixtures'
    /usr/local/rvm/gems/ruby-1.9.3-p194/gems/activerecord-3.2.8/lib/active_record/fixtures.rb:895:in `load_fixtures'
    /usr/local/rvm/gems/ruby-1.9.3-p194/gems/activerecord-3.2.8/lib/active_record/fixtures.rb:849:in `setup_fixtures'
    /usr/local/rvm/gems/ruby-1.9.3-p194/gems/activesupport-3.2.8/lib/active_support/callbacks.rb:429:in `_run__60480839__setup__175873135__callbacks'
    /usr/local/rvm/gems/ruby-1.9.3-p194/gems/activesupport-3.2.8/lib/active_support/callbacks.rb:405:in `__run_callback'
    /usr/local/rvm/gems/ruby-1.9.3-p194/gems/activesupport-3.2.8/lib/active_support/callbacks.rb:385:in `_run_setup_callbacks'
    /usr/local/rvm/gems/ruby-1.9.3-p194/gems/activesupport-3.2.8/lib/active_support/callbacks.rb:81:in `run_callbacks'
    /usr/local/rvm/gems/ruby-1.9.3-p194/gems/activesupport-3.2.8/lib/active_support/testing/setup_and_teardown.rb:35:in `run'

  2) Error:
test_should_destroy_micropost(MicropostsControllerTest):
ActiveRecord::StatementInvalid: Could not find table 'users'
    /usr/local/rvm/gems/ruby-1.9.3-p194/gems/activerecord-3.2.8/lib/active_record/connection_adapters/sqlite_adapter.rb:472:in `table_structure'
    /usr/local/rvm/gems/ruby-1.9.3-p194/gems/activerecord-3.2.8/lib/active_record/connection_adapters/sqlite_adapter.rb:346:in `columns'
    /usr/local/rvm/gems/ruby-1.9.3-p194/gems/activerecord-3.2.8/lib/active_record/fixtures.rb:660:in `column_names'
    /usr/local/rvm/gems/ruby-1.9.3-p194/gems/activerecord-3.2.8/lib/active_record/fixtures.rb:652:in `timestamp_column_names'
    /usr/local/rvm/gems/ruby-1.9.3-p194/gems/activerecord-3.2.8/lib/active_record/fixtures.rb:585:in `block in table_rows'
    /usr/local/rvm/gems/ruby-1.9.3-p194/gems/activerecord-3.2.8/lib/active_record/fixtures.rb:579:in `each'
    /usr/local/rvm/gems/ruby-1.9.3-p194/gems/activerecord-3.2.8/lib/active_record/fixtures.rb:579:in `map'
    /usr/local/rvm/gems/ruby-1.9.3-p194/gems/activerecord-3.2.8/lib/active_record/fixtures.rb:579:in `table_rows'
    /usr/local/rvm/gems/ruby-1.9.3-p194/gems/activerecord-3.2.8/lib/active_record/fixtures.rb:494:in `block (3 levels) in create_fixtures'
    /usr/local/rvm/gems/ruby-1.9.3-p194/gems/activerecord-3.2.8/lib/active_record/fixtures.rb:492:in `each'
    /usr/local/rvm/gems/ruby-1.9.3-p194/gems/activerecord-3.2.8/lib/active_record/fixtures.rb:492:in `block (2 levels) in create_fixtures'
    /usr/local/rvm/gems/ruby-1.9.3-p194/gems/activerecord-3.2.8/lib/active_record/connection_adapters/abstract/database_statements.rb:192:in `transaction'
    /usr/local/rvm/gems/ruby-1.9.3-p194/gems/activerecord-3.2.8/lib/active_record/fixtures.rb:491:in `block in create_fixtures'
    /usr/local/rvm/gems/ruby-1.9.3-p194/gems/activerecord-3.2.8/lib/active_record/connection_adapters/abstract_adapter.rb:168:in `disable_referential_integrity'
    /usr/local/rvm/gems/ruby-1.9.3-p194/gems/activerecord-3.2.8/lib/active_record/fixtures.rb:476:in `create_fixtures'
    /usr/local/rvm/gems/ruby-1.9.3-p194/gems/activerecord-3.2.8/lib/active_record/fixtures.rb:895:in `load_fixtures'
    /usr/local/rvm/gems/ruby-1.9.3-p194/gems/activerecord-3.2.8/lib/active_record/fixtures.rb:849:in `setup_fixtures'
    /usr/local/rvm/gems/ruby-1.9.3-p194/gems/activesupport-3.2.8/lib/active_support/callbacks.rb:429:in `_run__60480839__setup__175873135__callbacks'
    /usr/local/rvm/gems/ruby-1.9.3-p194/gems/activesupport-3.2.8/lib/active_support/callbacks.rb:405:in `__run_callback'
    /usr/local/rvm/gems/ruby-1.9.3-p194/gems/activesupport-3.2.8/lib/active_support/callbacks.rb:385:in `_run_setup_callbacks'
    /usr/local/rvm/gems/ruby-1.9.3-p194/gems/activesupport-3.2.8/lib/active_support/callbacks.rb:81:in `run_callbacks'
    /usr/local/rvm/gems/ruby-1.9.3-p194/gems/activesupport-3.2.8/lib/active_support/testing/setup_and_teardown.rb:35:in `run'

  3) Error:
test_should_get_edit(MicropostsControllerTest):
ActiveRecord::StatementInvalid: Could not find table 'users'
    /usr/local/rvm/gems/ruby-1.9.3-p194/gems/activerecord-3.2.8/lib/active_record/connection_adapters/sqlite_adapter.rb:472:in `table_structure'
    /usr/local/rvm/gems/ruby-1.9.3-p194/gems/activerecord-3.2.8/lib/active_record/connection_adapters/sqlite_adapter.rb:346:in `columns'
    /usr/local/rvm/gems/ruby-1.9.3-p194/gems/activerecord-3.2.8/lib/active_record/fixtures.rb:660:in `column_names'
    /usr/local/rvm/gems/ruby-1.9.3-p194/gems/activerecord-3.2.8/lib/active_record/fixtures.rb:652:in `timestamp_column_names'
    /usr/local/rvm/gems/ruby-1.9.3-p194/gems/activerecord-3.2.8/lib/active_record/fixtures.rb:585:in `block in table_rows'
    /usr/local/rvm/gems/ruby-1.9.3-p194/gems/activerecord-3.2.8/lib/active_record/fixtures.rb:579:in `each'
    /usr/local/rvm/gems/ruby-1.9.3-p194/gems/activerecord-3.2.8/lib/active_record/fixtures.rb:579:in `map'
    /usr/local/rvm/gems/ruby-1.9.3-p194/gems/activerecord-3.2.8/lib/active_record/fixtures.rb:579:in `table_rows'
    /usr/local/rvm/gems/ruby-1.9.3-p194/gems/activerecord-3.2.8/lib/active_record/fixtures.rb:494:in `block (3 levels) in create_fixtures'
    /usr/local/rvm/gems/ruby-1.9.3-p194/gems/activerecord-3.2.8/lib/active_record/fixtures.rb:492:in `each'
    /usr/local/rvm/gems/ruby-1.9.3-p194/gems/activerecord-3.2.8/lib/active_record/fixtures.rb:492:in `block (2 levels) in create_fixtures'
    /usr/local/rvm/gems/ruby-1.9.3-p194/gems/activerecord-3.2.8/lib/active_record/connection_adapters/abstract/database_statements.rb:192:in `transaction'
    /usr/local/rvm/gems/ruby-1.9.3-p194/gems/activerecord-3.2.8/lib/active_record/fixtures.rb:491:in `block in create_fixtures'
    /usr/local/rvm/gems/ruby-1.9.3-p194/gems/activerecord-3.2.8/lib/active_record/connection_adapters/abstract_adapter.rb:168:in `disable_referential_integrity'
    /usr/local/rvm/gems/ruby-1.9.3-p194/gems/activerecord-3.2.8/lib/active_record/fixtures.rb:476:in `create_fixtures'
    /usr/local/rvm/gems/ruby-1.9.3-p194/gems/activerecord-3.2.8/lib/active_record/fixtures.rb:895:in `load_fixtures'
    /usr/local/rvm/gems/ruby-1.9.3-p194/gems/activerecord-3.2.8/lib/active_record/fixtures.rb:849:in `setup_fixtures'
    /usr/local/rvm/gems/ruby-1.9.3-p194/gems/activesupport-3.2.8/lib/active_support/callbacks.rb:429:in `_run__60480839__setup__175873135__callbacks'
    /usr/local/rvm/gems/ruby-1.9.3-p194/gems/activesupport-3.2.8/lib/active_support/callbacks.rb:405:in `__run_callback'
    /usr/local/rvm/gems/ruby-1.9.3-p194/gems/activesupport-3.2.8/lib/active_support/callbacks.rb:385:in `_run_setup_callbacks'
    /usr/local/rvm/gems/ruby-1.9.3-p194/gems/activesupport-3.2.8/lib/active_support/callbacks.rb:81:in `run_callbacks'
    /usr/local/rvm/gems/ruby-1.9.3-p194/gems/activesupport-3.2.8/lib/active_support/testing/setup_and_teardown.rb:35:in `run'

  4) Error:
test_should_get_index(MicropostsControllerTest):
ActiveRecord::StatementInvalid: Could not find table 'users'
    /usr/local/rvm/gems/ruby-1.9.3-p194/gems/activerecord-3.2.8/lib/active_record/connection_adapters/sqlite_adapter.rb:472:in `table_structure'
    /usr/local/rvm/gems/ruby-1.9.3-p194/gems/activerecord-3.2.8/lib/active_record/connection_adapters/sqlite_adapter.rb:346:in `columns'
    /usr/local/rvm/gems/ruby-1.9.3-p194/gems/activerecord-3.2.8/lib/active_record/fixtures.rb:660:in `column_names'
    /usr/local/rvm/gems/ruby-1.9.3-p194/gems/activerecord-3.2.8/lib/active_record/fixtures.rb:652:in `timestamp_column_names'
    /usr/local/rvm/gems/ruby-1.9.3-p194/gems/activerecord-3.2.8/lib/active_record/fixtures.rb:585:in `block in table_rows'
    /usr/local/rvm/gems/ruby-1.9.3-p194/gems/activerecord-3.2.8/lib/active_record/fixtures.rb:579:in `each'
    /usr/local/rvm/gems/ruby-1.9.3-p194/gems/activerecord-3.2.8/lib/active_record/fixtures.rb:579:in `map'
    /usr/local/rvm/gems/ruby-1.9.3-p194/gems/activerecord-3.2.8/lib/active_record/fixtures.rb:579:in `table_rows'
    /usr/local/rvm/gems/ruby-1.9.3-p194/gems/activerecord-3.2.8/lib/active_record/fixtures.rb:494:in `block (3 levels) in create_fixtures'
    /usr/local/rvm/gems/ruby-1.9.3-p194/gems/activerecord-3.2.8/lib/active_record/fixtures.rb:492:in `each'
    /usr/local/rvm/gems/ruby-1.9.3-p194/gems/activerecord-3.2.8/lib/active_record/fixtures.rb:492:in `block (2 levels) in create_fixtures'
    /usr/local/rvm/gems/ruby-1.9.3-p194/gems/activerecord-3.2.8/lib/active_record/connection_adapters/abstract/database_statements.rb:192:in `transaction'
    /usr/local/rvm/gems/ruby-1.9.3-p194/gems/activerecord-3.2.8/lib/active_record/fixtures.rb:491:in `block in create_fixtures'
    /usr/local/rvm/gems/ruby-1.9.3-p194/gems/activerecord-3.2.8/lib/active_record/connection_adapters/abstract_adapter.rb:168:in `disable_referential_integrity'
    /usr/local/rvm/gems/ruby-1.9.3-p194/gems/activerecord-3.2.8/lib/active_record/fixtures.rb:476:in `create_fixtures'
    /usr/local/rvm/gems/ruby-1.9.3-p194/gems/activerecord-3.2.8/lib/active_record/fixtures.rb:895:in `load_fixtures'
    /usr/local/rvm/gems/ruby-1.9.3-p194/gems/activerecord-3.2.8/lib/active_record/fixtures.rb:849:in `setup_fixtures'
    /usr/local/rvm/gems/ruby-1.9.3-p194/gems/activesupport-3.2.8/lib/active_support/callbacks.rb:429:in `_run__60480839__setup__175873135__callbacks'
    /usr/local/rvm/gems/ruby-1.9.3-p194/gems/activesupport-3.2.8/lib/active_support/callbacks.rb:405:in `__run_callback'
    /usr/local/rvm/gems/ruby-1.9.3-p194/gems/activesupport-3.2.8/lib/active_support/callbacks.rb:385:in `_run_setup_callbacks'
    /usr/local/rvm/gems/ruby-1.9.3-p194/gems/activesupport-3.2.8/lib/active_support/callbacks.rb:81:in `run_callbacks'
    /usr/local/rvm/gems/ruby-1.9.3-p194/gems/activesupport-3.2.8/lib/active_support/testing/setup_and_teardown.rb:35:in `run'

  5) Error:
test_should_get_new(MicropostsControllerTest):
ActiveRecord::StatementInvalid: Could not find table 'users'
    /usr/local/rvm/gems/ruby-1.9.3-p194/gems/activerecord-3.2.8/lib/active_record/connection_adapters/sqlite_adapter.rb:472:in `table_structure'
    /usr/local/rvm/gems/ruby-1.9.3-p194/gems/activerecord-3.2.8/lib/active_record/connection_adapters/sqlite_adapter.rb:346:in `columns'
    /usr/local/rvm/gems/ruby-1.9.3-p194/gems/activerecord-3.2.8/lib/active_record/fixtures.rb:660:in `column_names'
    /usr/local/rvm/gems/ruby-1.9.3-p194/gems/activerecord-3.2.8/lib/active_record/fixtures.rb:652:in `timestamp_column_names'
    /usr/local/rvm/gems/ruby-1.9.3-p194/gems/activerecord-3.2.8/lib/active_record/fixtures.rb:585:in `block in table_rows'
    /usr/local/rvm/gems/ruby-1.9.3-p194/gems/activerecord-3.2.8/lib/active_record/fixtures.rb:579:in `each'
    /usr/local/rvm/gems/ruby-1.9.3-p194/gems/activerecord-3.2.8/lib/active_record/fixtures.rb:579:in `map'
    /usr/local/rvm/gems/ruby-1.9.3-p194/gems/activerecord-3.2.8/lib/active_record/fixtures.rb:579:in `table_rows'
    /usr/local/rvm/gems/ruby-1.9.3-p194/gems/activerecord-3.2.8/lib/active_record/fixtures.rb:494:in `block (3 levels) in create_fixtures'
    /usr/local/rvm/gems/ruby-1.9.3-p194/gems/activerecord-3.2.8/lib/active_record/fixtures.rb:492:in `each'
    /usr/local/rvm/gems/ruby-1.9.3-p194/gems/activerecord-3.2.8/lib/active_record/fixtures.rb:492:in `block (2 levels) in create_fixtures'
    /usr/local/rvm/gems/ruby-1.9.3-p194/gems/activerecord-3.2.8/lib/active_record/connection_adapters/abstract/database_statements.rb:192:in `transaction'
    /usr/local/rvm/gems/ruby-1.9.3-p194/gems/activerecord-3.2.8/lib/active_record/fixtures.rb:491:in `block in create_fixtures'
    /usr/local/rvm/gems/ruby-1.9.3-p194/gems/activerecord-3.2.8/lib/active_record/connection_adapters/abstract_adapter.rb:168:in `disable_referential_integrity'
    /usr/local/rvm/gems/ruby-1.9.3-p194/gems/activerecord-3.2.8/lib/active_record/fixtures.rb:476:in `create_fixtures'
    /usr/local/rvm/gems/ruby-1.9.3-p194/gems/activerecord-3.2.8/lib/active_record/fixtures.rb:895:in `load_fixtures'
    /usr/local/rvm/gems/ruby-1.9.3-p194/gems/activerecord-3.2.8/lib/active_record/fixtures.rb:849:in `setup_fixtures'
    /usr/local/rvm/gems/ruby-1.9.3-p194/gems/activesupport-3.2.8/lib/active_support/callbacks.rb:429:in `_run__60480839__setup__175873135__callbacks'
    /usr/local/rvm/gems/ruby-1.9.3-p194/gems/activesupport-3.2.8/lib/active_support/callbacks.rb:405:in `__run_callback'
    /usr/local/rvm/gems/ruby-1.9.3-p194/gems/activesupport-3.2.8/lib/active_support/callbacks.rb:385:in `_run_setup_callbacks'
    /usr/local/rvm/gems/ruby-1.9.3-p194/gems/activesupport-3.2.8/lib/active_support/callbacks.rb:81:in `run_callbacks'
    /usr/local/rvm/gems/ruby-1.9.3-p194/gems/activesupport-3.2.8/lib/active_support/testing/setup_and_teardown.rb:35:in `run'

  6) Error:
test_should_show_micropost(MicropostsControllerTest):
ActiveRecord::StatementInvalid: Could not find table 'users'
    /usr/local/rvm/gems/ruby-1.9.3-p194/gems/activerecord-3.2.8/lib/active_record/connection_adapters/sqlite_adapter.rb:472:in `table_structure'
    /usr/local/rvm/gems/ruby-1.9.3-p194/gems/activerecord-3.2.8/lib/active_record/connection_adapters/sqlite_adapter.rb:346:in `columns'
    /usr/local/rvm/gems/ruby-1.9.3-p194/gems/activerecord-3.2.8/lib/active_record/fixtures.rb:660:in `column_names'
    /usr/local/rvm/gems/ruby-1.9.3-p194/gems/activerecord-3.2.8/lib/active_record/fixtures.rb:652:in `timestamp_column_names'
    /usr/local/rvm/gems/ruby-1.9.3-p194/gems/activerecord-3.2.8/lib/active_record/fixtures.rb:585:in `block in table_rows'
    /usr/local/rvm/gems/ruby-1.9.3-p194/gems/activerecord-3.2.8/lib/active_record/fixtures.rb:579:in `each'
    /usr/local/rvm/gems/ruby-1.9.3-p194/gems/activerecord-3.2.8/lib/active_record/fixtures.rb:579:in `map'
    /usr/local/rvm/gems/ruby-1.9.3-p194/gems/activerecord-3.2.8/lib/active_record/fixtures.rb:579:in `table_rows'
    /usr/local/rvm/gems/ruby-1.9.3-p194/gems/activerecord-3.2.8/lib/active_record/fixtures.rb:494:in `block (3 levels) in create_fixtures'
    /usr/local/rvm/gems/ruby-1.9.3-p194/gems/activerecord-3.2.8/lib/active_record/fixtures.rb:492:in `each'
    /usr/local/rvm/gems/ruby-1.9.3-p194/gems/activerecord-3.2.8/lib/active_record/fixtures.rb:492:in `block (2 levels) in create_fixtures'
    /usr/local/rvm/gems/ruby-1.9.3-p194/gems/activerecord-3.2.8/lib/active_record/connection_adapters/abstract/database_statements.rb:192:in `transaction'
    /usr/local/rvm/gems/ruby-1.9.3-p194/gems/activerecord-3.2.8/lib/active_record/fixtures.rb:491:in `block in create_fixtures'
    /usr/local/rvm/gems/ruby-1.9.3-p194/gems/activerecord-3.2.8/lib/active_record/connection_adapters/abstract_adapter.rb:168:in `disable_referential_integrity'
    /usr/local/rvm/gems/ruby-1.9.3-p194/gems/activerecord-3.2.8/lib/active_record/fixtures.rb:476:in `create_fixtures'
    /usr/local/rvm/gems/ruby-1.9.3-p194/gems/activerecord-3.2.8/lib/active_record/fixtures.rb:895:in `load_fixtures'
    /usr/local/rvm/gems/ruby-1.9.3-p194/gems/activerecord-3.2.8/lib/active_record/fixtures.rb:849:in `setup_fixtures'
    /usr/local/rvm/gems/ruby-1.9.3-p194/gems/activesupport-3.2.8/lib/active_support/callbacks.rb:429:in `_run__60480839__setup__175873135__callbacks'
    /usr/local/rvm/gems/ruby-1.9.3-p194/gems/activesupport-3.2.8/lib/active_support/callbacks.rb:405:in `__run_callback'
    /usr/local/rvm/gems/ruby-1.9.3-p194/gems/activesupport-3.2.8/lib/active_support/callbacks.rb:385:in `_run_setup_callbacks'
    /usr/local/rvm/gems/ruby-1.9.3-p194/gems/activesupport-3.2.8/lib/active_support/callbacks.rb:81:in `run_callbacks'
    /usr/local/rvm/gems/ruby-1.9.3-p194/gems/activesupport-3.2.8/lib/active_support/testing/setup_and_teardown.rb:35:in `run'

  7) Error:
test_should_update_micropost(MicropostsControllerTest):
ActiveRecord::StatementInvalid: Could not find table 'users'
    /usr/local/rvm/gems/ruby-1.9.3-p194/gems/activerecord-3.2.8/lib/active_record/connection_adapters/sqlite_adapter.rb:472:in `table_structure'
    /usr/local/rvm/gems/ruby-1.9.3-p194/gems/activerecord-3.2.8/lib/active_record/connection_adapters/sqlite_adapter.rb:346:in `columns'
    /usr/local/rvm/gems/ruby-1.9.3-p194/gems/activerecord-3.2.8/lib/active_record/fixtures.rb:660:in `column_names'
    /usr/local/rvm/gems/ruby-1.9.3-p194/gems/activerecord-3.2.8/lib/active_record/fixtures.rb:652:in `timestamp_column_names'
    /usr/local/rvm/gems/ruby-1.9.3-p194/gems/activerecord-3.2.8/lib/active_record/fixtures.rb:585:in `block in table_rows'
    /usr/local/rvm/gems/ruby-1.9.3-p194/gems/activerecord-3.2.8/lib/active_record/fixtures.rb:579:in `each'
    /usr/local/rvm/gems/ruby-1.9.3-p194/gems/activerecord-3.2.8/lib/active_record/fixtures.rb:579:in `map'
    /usr/local/rvm/gems/ruby-1.9.3-p194/gems/activerecord-3.2.8/lib/active_record/fixtures.rb:579:in `table_rows'
    /usr/local/rvm/gems/ruby-1.9.3-p194/gems/activerecord-3.2.8/lib/active_record/fixtures.rb:494:in `block (3 levels) in create_fixtures'
    /usr/local/rvm/gems/ruby-1.9.3-p194/gems/activerecord-3.2.8/lib/active_record/fixtures.rb:492:in `each'
    /usr/local/rvm/gems/ruby-1.9.3-p194/gems/activerecord-3.2.8/lib/active_record/fixtures.rb:492:in `block (2 levels) in create_fixtures'
    /usr/local/rvm/gems/ruby-1.9.3-p194/gems/activerecord-3.2.8/lib/active_record/connection_adapters/abstract/database_statements.rb:192:in `transaction'
    /usr/local/rvm/gems/ruby-1.9.3-p194/gems/activerecord-3.2.8/lib/active_record/fixtures.rb:491:in `block in create_fixtures'
    /usr/local/rvm/gems/ruby-1.9.3-p194/gems/activerecord-3.2.8/lib/active_record/connection_adapters/abstract_adapter.rb:168:in `disable_referential_integrity'
    /usr/local/rvm/gems/ruby-1.9.3-p194/gems/activerecord-3.2.8/lib/active_record/fixtures.rb:476:in `create_fixtures'
    /usr/local/rvm/gems/ruby-1.9.3-p194/gems/activerecord-3.2.8/lib/active_record/fixtures.rb:895:in `load_fixtures'
    /usr/local/rvm/gems/ruby-1.9.3-p194/gems/activerecord-3.2.8/lib/active_record/fixtures.rb:849:in `setup_fixtures'
    /usr/local/rvm/gems/ruby-1.9.3-p194/gems/activesupport-3.2.8/lib/active_support/callbacks.rb:429:in `_run__60480839__setup__175873135__callbacks'
    /usr/local/rvm/gems/ruby-1.9.3-p194/gems/activesupport-3.2.8/lib/active_support/callbacks.rb:405:in `__run_callback'
    /usr/local/rvm/gems/ruby-1.9.3-p194/gems/activesupport-3.2.8/lib/active_support/callbacks.rb:385:in `_run_setup_callbacks'
    /usr/local/rvm/gems/ruby-1.9.3-p194/gems/activesupport-3.2.8/lib/active_support/callbacks.rb:81:in `run_callbacks'
    /usr/local/rvm/gems/ruby-1.9.3-p194/gems/activesupport-3.2.8/lib/active_support/testing/setup_and_teardown.rb:35:in `run'

  8) Error:
test_should_get_contact(PagesControllerTest):
ActiveRecord::StatementInvalid: Could not find table 'users'
    /usr/local/rvm/gems/ruby-1.9.3-p194/gems/activerecord-3.2.8/lib/active_record/connection_adapters/sqlite_adapter.rb:472:in `table_structure'
    /usr/local/rvm/gems/ruby-1.9.3-p194/gems/activerecord-3.2.8/lib/active_record/connection_adapters/sqlite_adapter.rb:346:in `columns'
    /usr/local/rvm/gems/ruby-1.9.3-p194/gems/activerecord-3.2.8/lib/active_record/fixtures.rb:660:in `column_names'
    /usr/local/rvm/gems/ruby-1.9.3-p194/gems/activerecord-3.2.8/lib/active_record/fixtures.rb:652:in `timestamp_column_names'
    /usr/local/rvm/gems/ruby-1.9.3-p194/gems/activerecord-3.2.8/lib/active_record/fixtures.rb:585:in `block in table_rows'
    /usr/local/rvm/gems/ruby-1.9.3-p194/gems/activerecord-3.2.8/lib/active_record/fixtures.rb:579:in `each'
    /usr/local/rvm/gems/ruby-1.9.3-p194/gems/activerecord-3.2.8/lib/active_record/fixtures.rb:579:in `map'
    /usr/local/rvm/gems/ruby-1.9.3-p194/gems/activerecord-3.2.8/lib/active_record/fixtures.rb:579:in `table_rows'
    /usr/local/rvm/gems/ruby-1.9.3-p194/gems/activerecord-3.2.8/lib/active_record/fixtures.rb:494:in `block (3 levels) in create_fixtures'
    /usr/local/rvm/gems/ruby-1.9.3-p194/gems/activerecord-3.2.8/lib/active_record/fixtures.rb:492:in `each'
    /usr/local/rvm/gems/ruby-1.9.3-p194/gems/activerecord-3.2.8/lib/active_record/fixtures.rb:492:in `block (2 levels) in create_fixtures'
    /usr/local/rvm/gems/ruby-1.9.3-p194/gems/activerecord-3.2.8/lib/active_record/connection_adapters/abstract/database_statements.rb:192:in `transaction'
    /usr/local/rvm/gems/ruby-1.9.3-p194/gems/activerecord-3.2.8/lib/active_record/fixtures.rb:491:in `block in create_fixtures'
    /usr/local/rvm/gems/ruby-1.9.3-p194/gems/activerecord-3.2.8/lib/active_record/connection_adapters/abstract_adapter.rb:168:in `disable_referential_integrity'
    /usr/local/rvm/gems/ruby-1.9.3-p194/gems/activerecord-3.2.8/lib/active_record/fixtures.rb:476:in `create_fixtures'
    /usr/local/rvm/gems/ruby-1.9.3-p194/gems/activerecord-3.2.8/lib/active_record/fixtures.rb:895:in `load_fixtures'
    /usr/local/rvm/gems/ruby-1.9.3-p194/gems/activerecord-3.2.8/lib/active_record/fixtures.rb:849:in `setup_fixtures'
    /usr/local/rvm/gems/ruby-1.9.3-p194/gems/activesupport-3.2.8/lib/active_support/callbacks.rb:429:in `_run__14067599__setup__175873135__callbacks'
    /usr/local/rvm/gems/ruby-1.9.3-p194/gems/activesupport-3.2.8/lib/active_support/callbacks.rb:405:in `__run_callback'
    /usr/local/rvm/gems/ruby-1.9.3-p194/gems/activesupport-3.2.8/lib/active_support/callbacks.rb:385:in `_run_setup_callbacks'
    /usr/local/rvm/gems/ruby-1.9.3-p194/gems/activesupport-3.2.8/lib/active_support/callbacks.rb:81:in `run_callbacks'
    /usr/local/rvm/gems/ruby-1.9.3-p194/gems/activesupport-3.2.8/lib/active_support/testing/setup_and_teardown.rb:35:in `run'

  9) Error:
test_should_get_home(PagesControllerTest):
ActiveRecord::StatementInvalid: Could not find table 'users'
    /usr/local/rvm/gems/ruby-1.9.3-p194/gems/activerecord-3.2.8/lib/active_record/connection_adapters/sqlite_adapter.rb:472:in `table_structure'
    /usr/local/rvm/gems/ruby-1.9.3-p194/gems/activerecord-3.2.8/lib/active_record/connection_adapters/sqlite_adapter.rb:346:in `columns'
    /usr/local/rvm/gems/ruby-1.9.3-p194/gems/activerecord-3.2.8/lib/active_record/fixtures.rb:660:in `column_names'
    /usr/local/rvm/gems/ruby-1.9.3-p194/gems/activerecord-3.2.8/lib/active_record/fixtures.rb:652:in `timestamp_column_names'
    /usr/local/rvm/gems/ruby-1.9.3-p194/gems/activerecord-3.2.8/lib/active_record/fixtures.rb:585:in `block in table_rows'
    /usr/local/rvm/gems/ruby-1.9.3-p194/gems/activerecord-3.2.8/lib/active_record/fixtures.rb:579:in `each'
    /usr/local/rvm/gems/ruby-1.9.3-p194/gems/activerecord-3.2.8/lib/active_record/fixtures.rb:579:in `map'
    /usr/local/rvm/gems/ruby-1.9.3-p194/gems/activerecord-3.2.8/lib/active_record/fixtures.rb:579:in `table_rows'
    /usr/local/rvm/gems/ruby-1.9.3-p194/gems/activerecord-3.2.8/lib/active_record/fixtures.rb:494:in `block (3 levels) in create_fixtures'
    /usr/local/rvm/gems/ruby-1.9.3-p194/gems/activerecord-3.2.8/lib/active_record/fixtures.rb:492:in `each'
    /usr/local/rvm/gems/ruby-1.9.3-p194/gems/activerecord-3.2.8/lib/active_record/fixtures.rb:492:in `block (2 levels) in create_fixtures'
    /usr/local/rvm/gems/ruby-1.9.3-p194/gems/activerecord-3.2.8/lib/active_record/connection_adapters/abstract/database_statements.rb:192:in `transaction'
    /usr/local/rvm/gems/ruby-1.9.3-p194/gems/activerecord-3.2.8/lib/active_record/fixtures.rb:491:in `block in create_fixtures'
    /usr/local/rvm/gems/ruby-1.9.3-p194/gems/activerecord-3.2.8/lib/active_record/connection_adapters/abstract_adapter.rb:168:in `disable_referential_integrity'
    /usr/local/rvm/gems/ruby-1.9.3-p194/gems/activerecord-3.2.8/lib/active_record/fixtures.rb:476:in `create_fixtures'
    /usr/local/rvm/gems/ruby-1.9.3-p194/gems/activerecord-3.2.8/lib/active_record/fixtures.rb:895:in `load_fixtures'
    /usr/local/rvm/gems/ruby-1.9.3-p194/gems/activerecord-3.2.8/lib/active_record/fixtures.rb:849:in `setup_fixtures'
    /usr/local/rvm/gems/ruby-1.9.3-p194/gems/activesupport-3.2.8/lib/active_support/callbacks.rb:429:in `_run__14067599__setup__175873135__callbacks'
    /usr/local/rvm/gems/ruby-1.9.3-p194/gems/activesupport-3.2.8/lib/active_support/callbacks.rb:405:in `__run_callback'
    /usr/local/rvm/gems/ruby-1.9.3-p194/gems/activesupport-3.2.8/lib/active_support/callbacks.rb:385:in `_run_setup_callbacks'
    /usr/local/rvm/gems/ruby-1.9.3-p194/gems/activesupport-3.2.8/lib/active_support/callbacks.rb:81:in `run_callbacks'
    /usr/local/rvm/gems/ruby-1.9.3-p194/gems/activesupport-3.2.8/lib/active_support/testing/setup_and_teardown.rb:35:in `run'

 10) Error:
test_should_create_user(UsersControllerTest):
ActiveRecord::StatementInvalid: Could not find table 'users'
    /usr/local/rvm/gems/ruby-1.9.3-p194/gems/activerecord-3.2.8/lib/active_record/connection_adapters/sqlite_adapter.rb:472:in `table_structure'
    /usr/local/rvm/gems/ruby-1.9.3-p194/gems/activerecord-3.2.8/lib/active_record/connection_adapters/sqlite_adapter.rb:346:in `columns'
    /usr/local/rvm/gems/ruby-1.9.3-p194/gems/activerecord-3.2.8/lib/active_record/fixtures.rb:660:in `column_names'
    /usr/local/rvm/gems/ruby-1.9.3-p194/gems/activerecord-3.2.8/lib/active_record/fixtures.rb:652:in `timestamp_column_names'
    /usr/local/rvm/gems/ruby-1.9.3-p194/gems/activerecord-3.2.8/lib/active_record/fixtures.rb:585:in `block in table_rows'
    /usr/local/rvm/gems/ruby-1.9.3-p194/gems/activerecord-3.2.8/lib/active_record/fixtures.rb:579:in `each'
    /usr/local/rvm/gems/ruby-1.9.3-p194/gems/activerecord-3.2.8/lib/active_record/fixtures.rb:579:in `map'
    /usr/local/rvm/gems/ruby-1.9.3-p194/gems/activerecord-3.2.8/lib/active_record/fixtures.rb:579:in `table_rows'
    /usr/local/rvm/gems/ruby-1.9.3-p194/gems/activerecord-3.2.8/lib/active_record/fixtures.rb:494:in `block (3 levels) in create_fixtures'
    /usr/local/rvm/gems/ruby-1.9.3-p194/gems/activerecord-3.2.8/lib/active_record/fixtures.rb:492:in `each'
    /usr/local/rvm/gems/ruby-1.9.3-p194/gems/activerecord-3.2.8/lib/active_record/fixtures.rb:492:in `block (2 levels) in create_fixtures'
    /usr/local/rvm/gems/ruby-1.9.3-p194/gems/activerecord-3.2.8/lib/active_record/connection_adapters/abstract/database_statements.rb:192:in `transaction'
    /usr/local/rvm/gems/ruby-1.9.3-p194/gems/activerecord-3.2.8/lib/active_record/fixtures.rb:491:in `block in create_fixtures'
    /usr/local/rvm/gems/ruby-1.9.3-p194/gems/activerecord-3.2.8/lib/active_record/connection_adapters/abstract_adapter.rb:168:in `disable_referential_integrity'
    /usr/local/rvm/gems/ruby-1.9.3-p194/gems/activerecord-3.2.8/lib/active_record/fixtures.rb:476:in `create_fixtures'
    /usr/local/rvm/gems/ruby-1.9.3-p194/gems/activerecord-3.2.8/lib/active_record/fixtures.rb:895:in `load_fixtures'
    /usr/local/rvm/gems/ruby-1.9.3-p194/gems/activerecord-3.2.8/lib/active_record/fixtures.rb:849:in `setup_fixtures'
    /usr/local/rvm/gems/ruby-1.9.3-p194/gems/activesupport-3.2.8/lib/active_support/callbacks.rb:429:in `_run__281045783__setup__175873135__callbacks'
    /usr/local/rvm/gems/ruby-1.9.3-p194/gems/activesupport-3.2.8/lib/active_support/callbacks.rb:405:in `__run_callback'
    /usr/local/rvm/gems/ruby-1.9.3-p194/gems/activesupport-3.2.8/lib/active_support/callbacks.rb:385:in `_run_setup_callbacks'
    /usr/local/rvm/gems/ruby-1.9.3-p194/gems/activesupport-3.2.8/lib/active_support/callbacks.rb:81:in `run_callbacks'
    /usr/local/rvm/gems/ruby-1.9.3-p194/gems/activesupport-3.2.8/lib/active_support/testing/setup_and_teardown.rb:35:in `run'

 11) Error:
test_should_destroy_user(UsersControllerTest):
ActiveRecord::StatementInvalid: Could not find table 'users'
    /usr/local/rvm/gems/ruby-1.9.3-p194/gems/activerecord-3.2.8/lib/active_record/connection_adapters/sqlite_adapter.rb:472:in `table_structure'
    /usr/local/rvm/gems/ruby-1.9.3-p194/gems/activerecord-3.2.8/lib/active_record/connection_adapters/sqlite_adapter.rb:346:in `columns'
    /usr/local/rvm/gems/ruby-1.9.3-p194/gems/activerecord-3.2.8/lib/active_record/fixtures.rb:660:in `column_names'
    /usr/local/rvm/gems/ruby-1.9.3-p194/gems/activerecord-3.2.8/lib/active_record/fixtures.rb:652:in `timestamp_column_names'
    /usr/local/rvm/gems/ruby-1.9.3-p194/gems/activerecord-3.2.8/lib/active_record/fixtures.rb:585:in `block in table_rows'
    /usr/local/rvm/gems/ruby-1.9.3-p194/gems/activerecord-3.2.8/lib/active_record/fixtures.rb:579:in `each'
    /usr/local/rvm/gems/ruby-1.9.3-p194/gems/activerecord-3.2.8/lib/active_record/fixtures.rb:579:in `map'
    /usr/local/rvm/gems/ruby-1.9.3-p194/gems/activerecord-3.2.8/lib/active_record/fixtures.rb:579:in `table_rows'
    /usr/local/rvm/gems/ruby-1.9.3-p194/gems/activerecord-3.2.8/lib/active_record/fixtures.rb:494:in `block (3 levels) in create_fixtures'
    /usr/local/rvm/gems/ruby-1.9.3-p194/gems/activerecord-3.2.8/lib/active_record/fixtures.rb:492:in `each'
    /usr/local/rvm/gems/ruby-1.9.3-p194/gems/activerecord-3.2.8/lib/active_record/fixtures.rb:492:in `block (2 levels) in create_fixtures'
    /usr/local/rvm/gems/ruby-1.9.3-p194/gems/activerecord-3.2.8/lib/active_record/connection_adapters/abstract/database_statements.rb:192:in `transaction'
    /usr/local/rvm/gems/ruby-1.9.3-p194/gems/activerecord-3.2.8/lib/active_record/fixtures.rb:491:in `block in create_fixtures'
    /usr/local/rvm/gems/ruby-1.9.3-p194/gems/activerecord-3.2.8/lib/active_record/connection_adapters/abstract_adapter.rb:168:in `disable_referential_integrity'
    /usr/local/rvm/gems/ruby-1.9.3-p194/gems/activerecord-3.2.8/lib/active_record/fixtures.rb:476:in `create_fixtures'
    /usr/local/rvm/gems/ruby-1.9.3-p194/gems/activerecord-3.2.8/lib/active_record/fixtures.rb:895:in `load_fixtures'
    /usr/local/rvm/gems/ruby-1.9.3-p194/gems/activerecord-3.2.8/lib/active_record/fixtures.rb:849:in `setup_fixtures'
    /usr/local/rvm/gems/ruby-1.9.3-p194/gems/activesupport-3.2.8/lib/active_support/callbacks.rb:429:in `_run__281045783__setup__175873135__callbacks'
    /usr/local/rvm/gems/ruby-1.9.3-p194/gems/activesupport-3.2.8/lib/active_support/callbacks.rb:405:in `__run_callback'
    /usr/local/rvm/gems/ruby-1.9.3-p194/gems/activesupport-3.2.8/lib/active_support/callbacks.rb:385:in `_run_setup_callbacks'
    /usr/local/rvm/gems/ruby-1.9.3-p194/gems/activesupport-3.2.8/lib/active_support/callbacks.rb:81:in `run_callbacks'
    /usr/local/rvm/gems/ruby-1.9.3-p194/gems/activesupport-3.2.8/lib/active_support/testing/setup_and_teardown.rb:35:in `run'

 12) Error:
test_should_get_edit(UsersControllerTest):
ActiveRecord::StatementInvalid: Could not find table 'users'
    /usr/local/rvm/gems/ruby-1.9.3-p194/gems/activerecord-3.2.8/lib/active_record/connection_adapters/sqlite_adapter.rb:472:in `table_structure'
    /usr/local/rvm/gems/ruby-1.9.3-p194/gems/activerecord-3.2.8/lib/active_record/connection_adapters/sqlite_adapter.rb:346:in `columns'
    /usr/local/rvm/gems/ruby-1.9.3-p194/gems/activerecord-3.2.8/lib/active_record/fixtures.rb:660:in `column_names'
    /usr/local/rvm/gems/ruby-1.9.3-p194/gems/activerecord-3.2.8/lib/active_record/fixtures.rb:652:in `timestamp_column_names'
    /usr/local/rvm/gems/ruby-1.9.3-p194/gems/activerecord-3.2.8/lib/active_record/fixtures.rb:585:in `block in table_rows'
    /usr/local/rvm/gems/ruby-1.9.3-p194/gems/activerecord-3.2.8/lib/active_record/fixtures.rb:579:in `each'
    /usr/local/rvm/gems/ruby-1.9.3-p194/gems/activerecord-3.2.8/lib/active_record/fixtures.rb:579:in `map'
    /usr/local/rvm/gems/ruby-1.9.3-p194/gems/activerecord-3.2.8/lib/active_record/fixtures.rb:579:in `table_rows'
    /usr/local/rvm/gems/ruby-1.9.3-p194/gems/activerecord-3.2.8/lib/active_record/fixtures.rb:494:in `block (3 levels) in create_fixtures'
    /usr/local/rvm/gems/ruby-1.9.3-p194/gems/activerecord-3.2.8/lib/active_record/fixtures.rb:492:in `each'
    /usr/local/rvm/gems/ruby-1.9.3-p194/gems/activerecord-3.2.8/lib/active_record/fixtures.rb:492:in `block (2 levels) in create_fixtures'
    /usr/local/rvm/gems/ruby-1.9.3-p194/gems/activerecord-3.2.8/lib/active_record/connection_adapters/abstract/database_statements.rb:192:in `transaction'
    /usr/local/rvm/gems/ruby-1.9.3-p194/gems/activerecord-3.2.8/lib/active_record/fixtures.rb:491:in `block in create_fixtures'
    /usr/local/rvm/gems/ruby-1.9.3-p194/gems/activerecord-3.2.8/lib/active_record/connection_adapters/abstract_adapter.rb:168:in `disable_referential_integrity'
    /usr/local/rvm/gems/ruby-1.9.3-p194/gems/activerecord-3.2.8/lib/active_record/fixtures.rb:476:in `create_fixtures'
    /usr/local/rvm/gems/ruby-1.9.3-p194/gems/activerecord-3.2.8/lib/active_record/fixtures.rb:895:in `load_fixtures'
    /usr/local/rvm/gems/ruby-1.9.3-p194/gems/activerecord-3.2.8/lib/active_record/fixtures.rb:849:in `setup_fixtures'
    /usr/local/rvm/gems/ruby-1.9.3-p194/gems/activesupport-3.2.8/lib/active_support/callbacks.rb:429:in `_run__281045783__setup__175873135__callbacks'
    /usr/local/rvm/gems/ruby-1.9.3-p194/gems/activesupport-3.2.8/lib/active_support/callbacks.rb:405:in `__run_callback'
    /usr/local/rvm/gems/ruby-1.9.3-p194/gems/activesupport-3.2.8/lib/active_support/callbacks.rb:385:in `_run_setup_callbacks'
    /usr/local/rvm/gems/ruby-1.9.3-p194/gems/activesupport-3.2.8/lib/active_support/callbacks.rb:81:in `run_callbacks'
    /usr/local/rvm/gems/ruby-1.9.3-p194/gems/activesupport-3.2.8/lib/active_support/testing/setup_and_teardown.rb:35:in `run'

 13) Error:
test_should_get_index(UsersControllerTest):
ActiveRecord::StatementInvalid: Could not find table 'users'
    /usr/local/rvm/gems/ruby-1.9.3-p194/gems/activerecord-3.2.8/lib/active_record/connection_adapters/sqlite_adapter.rb:472:in `table_structure'
    /usr/local/rvm/gems/ruby-1.9.3-p194/gems/activerecord-3.2.8/lib/active_record/connection_adapters/sqlite_adapter.rb:346:in `columns'
    /usr/local/rvm/gems/ruby-1.9.3-p194/gems/activerecord-3.2.8/lib/active_record/fixtures.rb:660:in `column_names'
    /usr/local/rvm/gems/ruby-1.9.3-p194/gems/activerecord-3.2.8/lib/active_record/fixtures.rb:652:in `timestamp_column_names'
    /usr/local/rvm/gems/ruby-1.9.3-p194/gems/activerecord-3.2.8/lib/active_record/fixtures.rb:585:in `block in table_rows'
    /usr/local/rvm/gems/ruby-1.9.3-p194/gems/activerecord-3.2.8/lib/active_record/fixtures.rb:579:in `each'
    /usr/local/rvm/gems/ruby-1.9.3-p194/gems/activerecord-3.2.8/lib/active_record/fixtures.rb:579:in `map'
    /usr/local/rvm/gems/ruby-1.9.3-p194/gems/activerecord-3.2.8/lib/active_record/fixtures.rb:579:in `table_rows'
    /usr/local/rvm/gems/ruby-1.9.3-p194/gems/activerecord-3.2.8/lib/active_record/fixtures.rb:494:in `block (3 levels) in create_fixtures'
    /usr/local/rvm/gems/ruby-1.9.3-p194/gems/activerecord-3.2.8/lib/active_record/fixtures.rb:492:in `each'
    /usr/local/rvm/gems/ruby-1.9.3-p194/gems/activerecord-3.2.8/lib/active_record/fixtures.rb:492:in `block (2 levels) in create_fixtures'
    /usr/local/rvm/gems/ruby-1.9.3-p194/gems/activerecord-3.2.8/lib/active_record/connection_adapters/abstract/database_statements.rb:192:in `transaction'
    /usr/local/rvm/gems/ruby-1.9.3-p194/gems/activerecord-3.2.8/lib/active_record/fixtures.rb:491:in `block in create_fixtures'
    /usr/local/rvm/gems/ruby-1.9.3-p194/gems/activerecord-3.2.8/lib/active_record/connection_adapters/abstract_adapter.rb:168:in `disable_referential_integrity'
    /usr/local/rvm/gems/ruby-1.9.3-p194/gems/activerecord-3.2.8/lib/active_record/fixtures.rb:476:in `create_fixtures'
    /usr/local/rvm/gems/ruby-1.9.3-p194/gems/activerecord-3.2.8/lib/active_record/fixtures.rb:895:in `load_fixtures'
    /usr/local/rvm/gems/ruby-1.9.3-p194/gems/activerecord-3.2.8/lib/active_record/fixtures.rb:849:in `setup_fixtures'
    /usr/local/rvm/gems/ruby-1.9.3-p194/gems/activesupport-3.2.8/lib/active_support/callbacks.rb:429:in `_run__281045783__setup__175873135__callbacks'
    /usr/local/rvm/gems/ruby-1.9.3-p194/gems/activesupport-3.2.8/lib/active_support/callbacks.rb:405:in `__run_callback'
    /usr/local/rvm/gems/ruby-1.9.3-p194/gems/activesupport-3.2.8/lib/active_support/callbacks.rb:385:in `_run_setup_callbacks'
    /usr/local/rvm/gems/ruby-1.9.3-p194/gems/activesupport-3.2.8/lib/active_support/callbacks.rb:81:in `run_callbacks'
    /usr/local/rvm/gems/ruby-1.9.3-p194/gems/activesupport-3.2.8/lib/active_support/testing/setup_and_teardown.rb:35:in `run'

 14) Error:
test_should_get_new(UsersControllerTest):
ActiveRecord::StatementInvalid: Could not find table 'users'
    /usr/local/rvm/gems/ruby-1.9.3-p194/gems/activerecord-3.2.8/lib/active_record/connection_adapters/sqlite_adapter.rb:472:in `table_structure'
    /usr/local/rvm/gems/ruby-1.9.3-p194/gems/activerecord-3.2.8/lib/active_record/connection_adapters/sqlite_adapter.rb:346:in `columns'
    /usr/local/rvm/gems/ruby-1.9.3-p194/gems/activerecord-3.2.8/lib/active_record/fixtures.rb:660:in `column_names'
    /usr/local/rvm/gems/ruby-1.9.3-p194/gems/activerecord-3.2.8/lib/active_record/fixtures.rb:652:in `timestamp_column_names'
    /usr/local/rvm/gems/ruby-1.9.3-p194/gems/activerecord-3.2.8/lib/active_record/fixtures.rb:585:in `block in table_rows'
    /usr/local/rvm/gems/ruby-1.9.3-p194/gems/activerecord-3.2.8/lib/active_record/fixtures.rb:579:in `each'
    /usr/local/rvm/gems/ruby-1.9.3-p194/gems/activerecord-3.2.8/lib/active_record/fixtures.rb:579:in `map'
    /usr/local/rvm/gems/ruby-1.9.3-p194/gems/activerecord-3.2.8/lib/active_record/fixtures.rb:579:in `table_rows'
    /usr/local/rvm/gems/ruby-1.9.3-p194/gems/activerecord-3.2.8/lib/active_record/fixtures.rb:494:in `block (3 levels) in create_fixtures'
    /usr/local/rvm/gems/ruby-1.9.3-p194/gems/activerecord-3.2.8/lib/active_record/fixtures.rb:492:in `each'
    /usr/local/rvm/gems/ruby-1.9.3-p194/gems/activerecord-3.2.8/lib/active_record/fixtures.rb:492:in `block (2 levels) in create_fixtures'
    /usr/local/rvm/gems/ruby-1.9.3-p194/gems/activerecord-3.2.8/lib/active_record/connection_adapters/abstract/database_statements.rb:192:in `transaction'
    /usr/local/rvm/gems/ruby-1.9.3-p194/gems/activerecord-3.2.8/lib/active_record/fixtures.rb:491:in `block in create_fixtures'
    /usr/local/rvm/gems/ruby-1.9.3-p194/gems/activerecord-3.2.8/lib/active_record/connection_adapters/abstract_adapter.rb:168:in `disable_referential_integrity'
    /usr/local/rvm/gems/ruby-1.9.3-p194/gems/activerecord-3.2.8/lib/active_record/fixtures.rb:476:in `create_fixtures'
    /usr/local/rvm/gems/ruby-1.9.3-p194/gems/activerecord-3.2.8/lib/active_record/fixtures.rb:895:in `load_fixtures'
    /usr/local/rvm/gems/ruby-1.9.3-p194/gems/activerecord-3.2.8/lib/active_record/fixtures.rb:849:in `setup_fixtures'
    /usr/local/rvm/gems/ruby-1.9.3-p194/gems/activesupport-3.2.8/lib/active_support/callbacks.rb:429:in `_run__281045783__setup__175873135__callbacks'
    /usr/local/rvm/gems/ruby-1.9.3-p194/gems/activesupport-3.2.8/lib/active_support/callbacks.rb:405:in `__run_callback'
    /usr/local/rvm/gems/ruby-1.9.3-p194/gems/activesupport-3.2.8/lib/active_support/callbacks.rb:385:in `_run_setup_callbacks'
    /usr/local/rvm/gems/ruby-1.9.3-p194/gems/activesupport-3.2.8/lib/active_support/callbacks.rb:81:in `run_callbacks'
    /usr/local/rvm/gems/ruby-1.9.3-p194/gems/activesupport-3.2.8/lib/active_support/testing/setup_and_teardown.rb:35:in `run'

 15) Error:
test_should_show_user(UsersControllerTest):
ActiveRecord::StatementInvalid: Could not find table 'users'
    /usr/local/rvm/gems/ruby-1.9.3-p194/gems/activerecord-3.2.8/lib/active_record/connection_adapters/sqlite_adapter.rb:472:in `table_structure'
    /usr/local/rvm/gems/ruby-1.9.3-p194/gems/activerecord-3.2.8/lib/active_record/connection_adapters/sqlite_adapter.rb:346:in `columns'
    /usr/local/rvm/gems/ruby-1.9.3-p194/gems/activerecord-3.2.8/lib/active_record/fixtures.rb:660:in `column_names'
    /usr/local/rvm/gems/ruby-1.9.3-p194/gems/activerecord-3.2.8/lib/active_record/fixtures.rb:652:in `timestamp_column_names'
    /usr/local/rvm/gems/ruby-1.9.3-p194/gems/activerecord-3.2.8/lib/active_record/fixtures.rb:585:in `block in table_rows'
    /usr/local/rvm/gems/ruby-1.9.3-p194/gems/activerecord-3.2.8/lib/active_record/fixtures.rb:579:in `each'
    /usr/local/rvm/gems/ruby-1.9.3-p194/gems/activerecord-3.2.8/lib/active_record/fixtures.rb:579:in `map'
    /usr/local/rvm/gems/ruby-1.9.3-p194/gems/activerecord-3.2.8/lib/active_record/fixtures.rb:579:in `table_rows'
    /usr/local/rvm/gems/ruby-1.9.3-p194/gems/activerecord-3.2.8/lib/active_record/fixtures.rb:494:in `block (3 levels) in create_fixtures'
    /usr/local/rvm/gems/ruby-1.9.3-p194/gems/activerecord-3.2.8/lib/active_record/fixtures.rb:492:in `each'
    /usr/local/rvm/gems/ruby-1.9.3-p194/gems/activerecord-3.2.8/lib/active_record/fixtures.rb:492:in `block (2 levels) in create_fixtures'
    /usr/local/rvm/gems/ruby-1.9.3-p194/gems/activerecord-3.2.8/lib/active_record/connection_adapters/abstract/database_statements.rb:192:in `transaction'
    /usr/local/rvm/gems/ruby-1.9.3-p194/gems/activerecord-3.2.8/lib/active_record/fixtures.rb:491:in `block in create_fixtures'
    /usr/local/rvm/gems/ruby-1.9.3-p194/gems/activerecord-3.2.8/lib/active_record/connection_adapters/abstract_adapter.rb:168:in `disable_referential_integrity'
    /usr/local/rvm/gems/ruby-1.9.3-p194/gems/activerecord-3.2.8/lib/active_record/fixtures.rb:476:in `create_fixtures'
    /usr/local/rvm/gems/ruby-1.9.3-p194/gems/activerecord-3.2.8/lib/active_record/fixtures.rb:895:in `load_fixtures'
    /usr/local/rvm/gems/ruby-1.9.3-p194/gems/activerecord-3.2.8/lib/active_record/fixtures.rb:849:in `setup_fixtures'
    /usr/local/rvm/gems/ruby-1.9.3-p194/gems/activesupport-3.2.8/lib/active_support/callbacks.rb:429:in `_run__281045783__setup__175873135__callbacks'
    /usr/local/rvm/gems/ruby-1.9.3-p194/gems/activesupport-3.2.8/lib/active_support/callbacks.rb:405:in `__run_callback'
    /usr/local/rvm/gems/ruby-1.9.3-p194/gems/activesupport-3.2.8/lib/active_support/callbacks.rb:385:in `_run_setup_callbacks'
    /usr/local/rvm/gems/ruby-1.9.3-p194/gems/activesupport-3.2.8/lib/active_support/callbacks.rb:81:in `run_callbacks'
    /usr/local/rvm/gems/ruby-1.9.3-p194/gems/activesupport-3.2.8/lib/active_support/testing/setup_and_teardown.rb:35:in `run'

 16) Error:
test_should_update_user(UsersControllerTest):
ActiveRecord::StatementInvalid: Could not find table 'users'
    /usr/local/rvm/gems/ruby-1.9.3-p194/gems/activerecord-3.2.8/lib/active_record/connection_adapters/sqlite_adapter.rb:472:in `table_structure'
    /usr/local/rvm/gems/ruby-1.9.3-p194/gems/activerecord-3.2.8/lib/active_record/connection_adapters/sqlite_adapter.rb:346:in `columns'
    /usr/local/rvm/gems/ruby-1.9.3-p194/gems/activerecord-3.2.8/lib/active_record/fixtures.rb:660:in `column_names'
    /usr/local/rvm/gems/ruby-1.9.3-p194/gems/activerecord-3.2.8/lib/active_record/fixtures.rb:652:in `timestamp_column_names'
    /usr/local/rvm/gems/ruby-1.9.3-p194/gems/activerecord-3.2.8/lib/active_record/fixtures.rb:585:in `block in table_rows'
    /usr/local/rvm/gems/ruby-1.9.3-p194/gems/activerecord-3.2.8/lib/active_record/fixtures.rb:579:in `each'
    /usr/local/rvm/gems/ruby-1.9.3-p194/gems/activerecord-3.2.8/lib/active_record/fixtures.rb:579:in `map'
    /usr/local/rvm/gems/ruby-1.9.3-p194/gems/activerecord-3.2.8/lib/active_record/fixtures.rb:579:in `table_rows'
    /usr/local/rvm/gems/ruby-1.9.3-p194/gems/activerecord-3.2.8/lib/active_record/fixtures.rb:494:in `block (3 levels) in create_fixtures'
    /usr/local/rvm/gems/ruby-1.9.3-p194/gems/activerecord-3.2.8/lib/active_record/fixtures.rb:492:in `each'
    /usr/local/rvm/gems/ruby-1.9.3-p194/gems/activerecord-3.2.8/lib/active_record/fixtures.rb:492:in `block (2 levels) in create_fixtures'
    /usr/local/rvm/gems/ruby-1.9.3-p194/gems/activerecord-3.2.8/lib/active_record/connection_adapters/abstract/database_statements.rb:192:in `transaction'
    /usr/local/rvm/gems/ruby-1.9.3-p194/gems/activerecord-3.2.8/lib/active_record/fixtures.rb:491:in `block in create_fixtures'
    /usr/local/rvm/gems/ruby-1.9.3-p194/gems/activerecord-3.2.8/lib/active_record/connection_adapters/abstract_adapter.rb:168:in `disable_referential_integrity'
    /usr/local/rvm/gems/ruby-1.9.3-p194/gems/activerecord-3.2.8/lib/active_record/fixtures.rb:476:in `create_fixtures'
    /usr/local/rvm/gems/ruby-1.9.3-p194/gems/activerecord-3.2.8/lib/active_record/fixtures.rb:895:in `load_fixtures'
    /usr/local/rvm/gems/ruby-1.9.3-p194/gems/activerecord-3.2.8/lib/active_record/fixtures.rb:849:in `setup_fixtures'
    /usr/local/rvm/gems/ruby-1.9.3-p194/gems/activesupport-3.2.8/lib/active_support/callbacks.rb:429:in `_run__281045783__setup__175873135__callbacks'
    /usr/local/rvm/gems/ruby-1.9.3-p194/gems/activesupport-3.2.8/lib/active_support/callbacks.rb:405:in `__run_callback'
    /usr/local/rvm/gems/ruby-1.9.3-p194/gems/activesupport-3.2.8/lib/active_support/callbacks.rb:385:in `_run_setup_callbacks'
    /usr/local/rvm/gems/ruby-1.9.3-p194/gems/activesupport-3.2.8/lib/active_support/callbacks.rb:81:in `run_callbacks'
    /usr/local/rvm/gems/ruby-1.9.3-p194/gems/activesupport-3.2.8/lib/active_support/testing/setup_and_teardown.rb:35:in `run'

16 tests, 0 assertions, 0 failures, 16 errors, 0 skips
/usr/local/rvm/rubies/ruby-1.9.3-p194/bin/ruby -I.:lib:test -rubygems test/functional/microposts_controller_test.rb -n "/^(test_should_create_micropost|test_should_destroy_micropost|test_should_get_edit|test_should_get_index|test_should_get_new|test_should_show_micropost|test_should_update_micropost)$/"; /usr/local/rvm/rubies/ruby-1.9.3-p194/bin/ruby -I.:lib:test -rubygems test/functional/users_controller_test.rb -n "/^(test_should_create_user|test_should_destroy_user|test_should_get_edit|test_should_get_index|test_should_get_new|test_should_show_user|test_should_update_user)$/"; /usr/local/rvm/rubies/ruby-1.9.3-p194/bin/ruby -I.:lib:test -rubygems test/functional/pages_controller_test.rb -n "/^(test_should_get_contact|test_should_get_home)$/"
Run options: -n "/^(test_should_create_micropost|test_should_destroy_micropost|test_should_get_edit|test_should_get_index|test_should_get_new|test_should_show_micropost|test_should_update_micropost)$/"

# Running tests:

EEEEEEE

Finished tests in 0.111833s, 62.5934 tests/s, 0.0000 assertions/s.

  1) Error:
test_should_create_micropost(MicropostsControllerTest):
ActiveRecord::StatementInvalid: Could not find table 'users'
    /usr/local/rvm/gems/ruby-1.9.3-p194/gems/activerecord-3.2.8/lib/active_record/connection_adapters/sqlite_adapter.rb:472:in `table_structure'
    /usr/local/rvm/gems/ruby-1.9.3-p194/gems/activerecord-3.2.8/lib/active_record/connection_adapters/sqlite_adapter.rb:346:in `columns'
    /usr/local/rvm/gems/ruby-1.9.3-p194/gems/activerecord-3.2.8/lib/active_record/fixtures.rb:660:in `column_names'
    /usr/local/rvm/gems/ruby-1.9.3-p194/gems/activerecord-3.2.8/lib/active_record/fixtures.rb:652:in `timestamp_column_names'
    /usr/local/rvm/gems/ruby-1.9.3-p194/gems/activerecord-3.2.8/lib/active_record/fixtures.rb:585:in `block in table_rows'
    /usr/local/rvm/gems/ruby-1.9.3-p194/gems/activerecord-3.2.8/lib/active_record/fixtures.rb:579:in `each'
    /usr/local/rvm/gems/ruby-1.9.3-p194/gems/activerecord-3.2.8/lib/active_record/fixtures.rb:579:in `map'
    /usr/local/rvm/gems/ruby-1.9.3-p194/gems/activerecord-3.2.8/lib/active_record/fixtures.rb:579:in `table_rows'
    /usr/local/rvm/gems/ruby-1.9.3-p194/gems/activerecord-3.2.8/lib/active_record/fixtures.rb:494:in `block (3 levels) in create_fixtures'
    /usr/local/rvm/gems/ruby-1.9.3-p194/gems/activerecord-3.2.8/lib/active_record/fixtures.rb:492:in `each'
    /usr/local/rvm/gems/ruby-1.9.3-p194/gems/activerecord-3.2.8/lib/active_record/fixtures.rb:492:in `block (2 levels) in create_fixtures'
    /usr/local/rvm/gems/ruby-1.9.3-p194/gems/activerecord-3.2.8/lib/active_record/connection_adapters/abstract/database_statements.rb:192:in `transaction'
    /usr/local/rvm/gems/ruby-1.9.3-p194/gems/activerecord-3.2.8/lib/active_record/fixtures.rb:491:in `block in create_fixtures'
    /usr/local/rvm/gems/ruby-1.9.3-p194/gems/activerecord-3.2.8/lib/active_record/connection_adapters/abstract_adapter.rb:168:in `disable_referential_integrity'
    /usr/local/rvm/gems/ruby-1.9.3-p194/gems/activerecord-3.2.8/lib/active_record/fixtures.rb:476:in `create_fixtures'
    /usr/local/rvm/gems/ruby-1.9.3-p194/gems/activerecord-3.2.8/lib/active_record/fixtures.rb:895:in `load_fixtures'
    /usr/local/rvm/gems/ruby-1.9.3-p194/gems/activerecord-3.2.8/lib/active_record/fixtures.rb:849:in `setup_fixtures'
    /usr/local/rvm/gems/ruby-1.9.3-p194/gems/activesupport-3.2.8/lib/active_support/callbacks.rb:429:in `_run__417677309__setup__786370085__callbacks'
    /usr/local/rvm/gems/ruby-1.9.3-p194/gems/activesupport-3.2.8/lib/active_support/callbacks.rb:405:in `__run_callback'
    /usr/local/rvm/gems/ruby-1.9.3-p194/gems/activesupport-3.2.8/lib/active_support/callbacks.rb:385:in `_run_setup_callbacks'
    /usr/local/rvm/gems/ruby-1.9.3-p194/gems/activesupport-3.2.8/lib/active_support/callbacks.rb:81:in `run_callbacks'
    /usr/local/rvm/gems/ruby-1.9.3-p194/gems/activesupport-3.2.8/lib/active_support/testing/setup_and_teardown.rb:35:in `run'

  2) Error:
test_should_destroy_micropost(MicropostsControllerTest):
ActiveRecord::StatementInvalid: Could not find table 'users'
    /usr/local/rvm/gems/ruby-1.9.3-p194/gems/activerecord-3.2.8/lib/active_record/connection_adapters/sqlite_adapter.rb:472:in `table_structure'
    /usr/local/rvm/gems/ruby-1.9.3-p194/gems/activerecord-3.2.8/lib/active_record/connection_adapters/sqlite_adapter.rb:346:in `columns'
    /usr/local/rvm/gems/ruby-1.9.3-p194/gems/activerecord-3.2.8/lib/active_record/fixtures.rb:660:in `column_names'
    /usr/local/rvm/gems/ruby-1.9.3-p194/gems/activerecord-3.2.8/lib/active_record/fixtures.rb:652:in `timestamp_column_names'
    /usr/local/rvm/gems/ruby-1.9.3-p194/gems/activerecord-3.2.8/lib/active_record/fixtures.rb:585:in `block in table_rows'
    /usr/local/rvm/gems/ruby-1.9.3-p194/gems/activerecord-3.2.8/lib/active_record/fixtures.rb:579:in `each'
    /usr/local/rvm/gems/ruby-1.9.3-p194/gems/activerecord-3.2.8/lib/active_record/fixtures.rb:579:in `map'
    /usr/local/rvm/gems/ruby-1.9.3-p194/gems/activerecord-3.2.8/lib/active_record/fixtures.rb:579:in `table_rows'
    /usr/local/rvm/gems/ruby-1.9.3-p194/gems/activerecord-3.2.8/lib/active_record/fixtures.rb:494:in `block (3 levels) in create_fixtures'
    /usr/local/rvm/gems/ruby-1.9.3-p194/gems/activerecord-3.2.8/lib/active_record/fixtures.rb:492:in `each'
    /usr/local/rvm/gems/ruby-1.9.3-p194/gems/activerecord-3.2.8/lib/active_record/fixtures.rb:492:in `block (2 levels) in create_fixtures'
    /usr/local/rvm/gems/ruby-1.9.3-p194/gems/activerecord-3.2.8/lib/active_record/connection_adapters/abstract/database_statements.rb:192:in `transaction'
    /usr/local/rvm/gems/ruby-1.9.3-p194/gems/activerecord-3.2.8/lib/active_record/fixtures.rb:491:in `block in create_fixtures'
    /usr/local/rvm/gems/ruby-1.9.3-p194/gems/activerecord-3.2.8/lib/active_record/connection_adapters/abstract_adapter.rb:168:in `disable_referential_integrity'
    /usr/local/rvm/gems/ruby-1.9.3-p194/gems/activerecord-3.2.8/lib/active_record/fixtures.rb:476:in `create_fixtures'
    /usr/local/rvm/gems/ruby-1.9.3-p194/gems/activerecord-3.2.8/lib/active_record/fixtures.rb:895:in `load_fixtures'
    /usr/local/rvm/gems/ruby-1.9.3-p194/gems/activerecord-3.2.8/lib/active_record/fixtures.rb:849:in `setup_fixtures'
    /usr/local/rvm/gems/ruby-1.9.3-p194/gems/activesupport-3.2.8/lib/active_support/callbacks.rb:429:in `_run__417677309__setup__786370085__callbacks'
    /usr/local/rvm/gems/ruby-1.9.3-p194/gems/activesupport-3.2.8/lib/active_support/callbacks.rb:405:in `__run_callback'
    /usr/local/rvm/gems/ruby-1.9.3-p194/gems/activesupport-3.2.8/lib/active_support/callbacks.rb:385:in `_run_setup_callbacks'
    /usr/local/rvm/gems/ruby-1.9.3-p194/gems/activesupport-3.2.8/lib/active_support/callbacks.rb:81:in `run_callbacks'
    /usr/local/rvm/gems/ruby-1.9.3-p194/gems/activesupport-3.2.8/lib/active_support/testing/setup_and_teardown.rb:35:in `run'

  3) Error:
test_should_get_edit(MicropostsControllerTest):
ActiveRecord::StatementInvalid: Could not find table 'users'
    /usr/local/rvm/gems/ruby-1.9.3-p194/gems/activerecord-3.2.8/lib/active_record/connection_adapters/sqlite_adapter.rb:472:in `table_structure'
    /usr/local/rvm/gems/ruby-1.9.3-p194/gems/activerecord-3.2.8/lib/active_record/connection_adapters/sqlite_adapter.rb:346:in `columns'
    /usr/local/rvm/gems/ruby-1.9.3-p194/gems/activerecord-3.2.8/lib/active_record/fixtures.rb:660:in `column_names'
    /usr/local/rvm/gems/ruby-1.9.3-p194/gems/activerecord-3.2.8/lib/active_record/fixtures.rb:652:in `timestamp_column_names'
    /usr/local/rvm/gems/ruby-1.9.3-p194/gems/activerecord-3.2.8/lib/active_record/fixtures.rb:585:in `block in table_rows'
    /usr/local/rvm/gems/ruby-1.9.3-p194/gems/activerecord-3.2.8/lib/active_record/fixtures.rb:579:in `each'
    /usr/local/rvm/gems/ruby-1.9.3-p194/gems/activerecord-3.2.8/lib/active_record/fixtures.rb:579:in `map'
    /usr/local/rvm/gems/ruby-1.9.3-p194/gems/activerecord-3.2.8/lib/active_record/fixtures.rb:579:in `table_rows'
    /usr/local/rvm/gems/ruby-1.9.3-p194/gems/activerecord-3.2.8/lib/active_record/fixtures.rb:494:in `block (3 levels) in create_fixtures'
    /usr/local/rvm/gems/ruby-1.9.3-p194/gems/activerecord-3.2.8/lib/active_record/fixtures.rb:492:in `each'
    /usr/local/rvm/gems/ruby-1.9.3-p194/gems/activerecord-3.2.8/lib/active_record/fixtures.rb:492:in `block (2 levels) in create_fixtures'
    /usr/local/rvm/gems/ruby-1.9.3-p194/gems/activerecord-3.2.8/lib/active_record/connection_adapters/abstract/database_statements.rb:192:in `transaction'
    /usr/local/rvm/gems/ruby-1.9.3-p194/gems/activerecord-3.2.8/lib/active_record/fixtures.rb:491:in `block in create_fixtures'
    /usr/local/rvm/gems/ruby-1.9.3-p194/gems/activerecord-3.2.8/lib/active_record/connection_adapters/abstract_adapter.rb:168:in `disable_referential_integrity'
    /usr/local/rvm/gems/ruby-1.9.3-p194/gems/activerecord-3.2.8/lib/active_record/fixtures.rb:476:in `create_fixtures'
    /usr/local/rvm/gems/ruby-1.9.3-p194/gems/activerecord-3.2.8/lib/active_record/fixtures.rb:895:in `load_fixtures'
    /usr/local/rvm/gems/ruby-1.9.3-p194/gems/activerecord-3.2.8/lib/active_record/fixtures.rb:849:in `setup_fixtures'
    /usr/local/rvm/gems/ruby-1.9.3-p194/gems/activesupport-3.2.8/lib/active_support/callbacks.rb:429:in `_run__417677309__setup__786370085__callbacks'
    /usr/local/rvm/gems/ruby-1.9.3-p194/gems/activesupport-3.2.8/lib/active_support/callbacks.rb:405:in `__run_callback'
    /usr/local/rvm/gems/ruby-1.9.3-p194/gems/activesupport-3.2.8/lib/active_support/callbacks.rb:385:in `_run_setup_callbacks'
    /usr/local/rvm/gems/ruby-1.9.3-p194/gems/activesupport-3.2.8/lib/active_support/callbacks.rb:81:in `run_callbacks'
    /usr/local/rvm/gems/ruby-1.9.3-p194/gems/activesupport-3.2.8/lib/active_support/testing/setup_and_teardown.rb:35:in `run'

  4) Error:
test_should_get_index(MicropostsControllerTest):
ActiveRecord::StatementInvalid: Could not find table 'users'
    /usr/local/rvm/gems/ruby-1.9.3-p194/gems/activerecord-3.2.8/lib/active_record/connection_adapters/sqlite_adapter.rb:472:in `table_structure'
    /usr/local/rvm/gems/ruby-1.9.3-p194/gems/activerecord-3.2.8/lib/active_record/connection_adapters/sqlite_adapter.rb:346:in `columns'
    /usr/local/rvm/gems/ruby-1.9.3-p194/gems/activerecord-3.2.8/lib/active_record/fixtures.rb:660:in `column_names'
    /usr/local/rvm/gems/ruby-1.9.3-p194/gems/activerecord-3.2.8/lib/active_record/fixtures.rb:652:in `timestamp_column_names'
    /usr/local/rvm/gems/ruby-1.9.3-p194/gems/activerecord-3.2.8/lib/active_record/fixtures.rb:585:in `block in table_rows'
    /usr/local/rvm/gems/ruby-1.9.3-p194/gems/activerecord-3.2.8/lib/active_record/fixtures.rb:579:in `each'
    /usr/local/rvm/gems/ruby-1.9.3-p194/gems/activerecord-3.2.8/lib/active_record/fixtures.rb:579:in `map'
    /usr/local/rvm/gems/ruby-1.9.3-p194/gems/activerecord-3.2.8/lib/active_record/fixtures.rb:579:in `table_rows'
    /usr/local/rvm/gems/ruby-1.9.3-p194/gems/activerecord-3.2.8/lib/active_record/fixtures.rb:494:in `block (3 levels) in create_fixtures'
    /usr/local/rvm/gems/ruby-1.9.3-p194/gems/activerecord-3.2.8/lib/active_record/fixtures.rb:492:in `each'
    /usr/local/rvm/gems/ruby-1.9.3-p194/gems/activerecord-3.2.8/lib/active_record/fixtures.rb:492:in `block (2 levels) in create_fixtures'
    /usr/local/rvm/gems/ruby-1.9.3-p194/gems/activerecord-3.2.8/lib/active_record/connection_adapters/abstract/database_statements.rb:192:in `transaction'
    /usr/local/rvm/gems/ruby-1.9.3-p194/gems/activerecord-3.2.8/lib/active_record/fixtures.rb:491:in `block in create_fixtures'
    /usr/local/rvm/gems/ruby-1.9.3-p194/gems/activerecord-3.2.8/lib/active_record/connection_adapters/abstract_adapter.rb:168:in `disable_referential_integrity'
    /usr/local/rvm/gems/ruby-1.9.3-p194/gems/activerecord-3.2.8/lib/active_record/fixtures.rb:476:in `create_fixtures'
    /usr/local/rvm/gems/ruby-1.9.3-p194/gems/activerecord-3.2.8/lib/active_record/fixtures.rb:895:in `load_fixtures'
    /usr/local/rvm/gems/ruby-1.9.3-p194/gems/activerecord-3.2.8/lib/active_record/fixtures.rb:849:in `setup_fixtures'
    /usr/local/rvm/gems/ruby-1.9.3-p194/gems/activesupport-3.2.8/lib/active_support/callbacks.rb:429:in `_run__417677309__setup__786370085__callbacks'
    /usr/local/rvm/gems/ruby-1.9.3-p194/gems/activesupport-3.2.8/lib/active_support/callbacks.rb:405:in `__run_callback'
    /usr/local/rvm/gems/ruby-1.9.3-p194/gems/activesupport-3.2.8/lib/active_support/callbacks.rb:385:in `_run_setup_callbacks'
    /usr/local/rvm/gems/ruby-1.9.3-p194/gems/activesupport-3.2.8/lib/active_support/callbacks.rb:81:in `run_callbacks'
    /usr/local/rvm/gems/ruby-1.9.3-p194/gems/activesupport-3.2.8/lib/active_support/testing/setup_and_teardown.rb:35:in `run'

  5) Error:
test_should_get_new(MicropostsControllerTest):
ActiveRecord::StatementInvalid: Could not find table 'users'
    /usr/local/rvm/gems/ruby-1.9.3-p194/gems/activerecord-3.2.8/lib/active_record/connection_adapters/sqlite_adapter.rb:472:in `table_structure'
    /usr/local/rvm/gems/ruby-1.9.3-p194/gems/activerecord-3.2.8/lib/active_record/connection_adapters/sqlite_adapter.rb:346:in `columns'
    /usr/local/rvm/gems/ruby-1.9.3-p194/gems/activerecord-3.2.8/lib/active_record/fixtures.rb:660:in `column_names'
    /usr/local/rvm/gems/ruby-1.9.3-p194/gems/activerecord-3.2.8/lib/active_record/fixtures.rb:652:in `timestamp_column_names'
    /usr/local/rvm/gems/ruby-1.9.3-p194/gems/activerecord-3.2.8/lib/active_record/fixtures.rb:585:in `block in table_rows'
    /usr/local/rvm/gems/ruby-1.9.3-p194/gems/activerecord-3.2.8/lib/active_record/fixtures.rb:579:in `each'
    /usr/local/rvm/gems/ruby-1.9.3-p194/gems/activerecord-3.2.8/lib/active_record/fixtures.rb:579:in `map'
    /usr/local/rvm/gems/ruby-1.9.3-p194/gems/activerecord-3.2.8/lib/active_record/fixtures.rb:579:in `table_rows'
    /usr/local/rvm/gems/ruby-1.9.3-p194/gems/activerecord-3.2.8/lib/active_record/fixtures.rb:494:in `block (3 levels) in create_fixtures'
    /usr/local/rvm/gems/ruby-1.9.3-p194/gems/activerecord-3.2.8/lib/active_record/fixtures.rb:492:in `each'
    /usr/local/rvm/gems/ruby-1.9.3-p194/gems/activerecord-3.2.8/lib/active_record/fixtures.rb:492:in `block (2 levels) in create_fixtures'
    /usr/local/rvm/gems/ruby-1.9.3-p194/gems/activerecord-3.2.8/lib/active_record/connection_adapters/abstract/database_statements.rb:192:in `transaction'
    /usr/local/rvm/gems/ruby-1.9.3-p194/gems/activerecord-3.2.8/lib/active_record/fixtures.rb:491:in `block in create_fixtures'
    /usr/local/rvm/gems/ruby-1.9.3-p194/gems/activerecord-3.2.8/lib/active_record/connection_adapters/abstract_adapter.rb:168:in `disable_referential_integrity'
    /usr/local/rvm/gems/ruby-1.9.3-p194/gems/activerecord-3.2.8/lib/active_record/fixtures.rb:476:in `create_fixtures'
    /usr/local/rvm/gems/ruby-1.9.3-p194/gems/activerecord-3.2.8/lib/active_record/fixtures.rb:895:in `load_fixtures'
    /usr/local/rvm/gems/ruby-1.9.3-p194/gems/activerecord-3.2.8/lib/active_record/fixtures.rb:849:in `setup_fixtures'
    /usr/local/rvm/gems/ruby-1.9.3-p194/gems/activesupport-3.2.8/lib/active_support/callbacks.rb:429:in `_run__417677309__setup__786370085__callbacks'
    /usr/local/rvm/gems/ruby-1.9.3-p194/gems/activesupport-3.2.8/lib/active_support/callbacks.rb:405:in `__run_callback'
    /usr/local/rvm/gems/ruby-1.9.3-p194/gems/activesupport-3.2.8/lib/active_support/callbacks.rb:385:in `_run_setup_callbacks'
    /usr/local/rvm/gems/ruby-1.9.3-p194/gems/activesupport-3.2.8/lib/active_support/callbacks.rb:81:in `run_callbacks'
    /usr/local/rvm/gems/ruby-1.9.3-p194/gems/activesupport-3.2.8/lib/active_support/testing/setup_and_teardown.rb:35:in `run'

  6) Error:
test_should_show_micropost(MicropostsControllerTest):
ActiveRecord::StatementInvalid: Could not find table 'users'
    /usr/local/rvm/gems/ruby-1.9.3-p194/gems/activerecord-3.2.8/lib/active_record/connection_adapters/sqlite_adapter.rb:472:in `table_structure'
    /usr/local/rvm/gems/ruby-1.9.3-p194/gems/activerecord-3.2.8/lib/active_record/connection_adapters/sqlite_adapter.rb:346:in `columns'
    /usr/local/rvm/gems/ruby-1.9.3-p194/gems/activerecord-3.2.8/lib/active_record/fixtures.rb:660:in `column_names'
    /usr/local/rvm/gems/ruby-1.9.3-p194/gems/activerecord-3.2.8/lib/active_record/fixtures.rb:652:in `timestamp_column_names'
    /usr/local/rvm/gems/ruby-1.9.3-p194/gems/activerecord-3.2.8/lib/active_record/fixtures.rb:585:in `block in table_rows'
    /usr/local/rvm/gems/ruby-1.9.3-p194/gems/activerecord-3.2.8/lib/active_record/fixtures.rb:579:in `each'
    /usr/local/rvm/gems/ruby-1.9.3-p194/gems/activerecord-3.2.8/lib/active_record/fixtures.rb:579:in `map'
    /usr/local/rvm/gems/ruby-1.9.3-p194/gems/activerecord-3.2.8/lib/active_record/fixtures.rb:579:in `table_rows'
    /usr/local/rvm/gems/ruby-1.9.3-p194/gems/activerecord-3.2.8/lib/active_record/fixtures.rb:494:in `block (3 levels) in create_fixtures'
    /usr/local/rvm/gems/ruby-1.9.3-p194/gems/activerecord-3.2.8/lib/active_record/fixtures.rb:492:in `each'
    /usr/local/rvm/gems/ruby-1.9.3-p194/gems/activerecord-3.2.8/lib/active_record/fixtures.rb:492:in `block (2 levels) in create_fixtures'
    /usr/local/rvm/gems/ruby-1.9.3-p194/gems/activerecord-3.2.8/lib/active_record/connection_adapters/abstract/database_statements.rb:192:in `transaction'
    /usr/local/rvm/gems/ruby-1.9.3-p194/gems/activerecord-3.2.8/lib/active_record/fixtures.rb:491:in `block in create_fixtures'
    /usr/local/rvm/gems/ruby-1.9.3-p194/gems/activerecord-3.2.8/lib/active_record/connection_adapters/abstract_adapter.rb:168:in `disable_referential_integrity'
    /usr/local/rvm/gems/ruby-1.9.3-p194/gems/activerecord-3.2.8/lib/active_record/fixtures.rb:476:in `create_fixtures'
    /usr/local/rvm/gems/ruby-1.9.3-p194/gems/activerecord-3.2.8/lib/active_record/fixtures.rb:895:in `load_fixtures'
    /usr/local/rvm/gems/ruby-1.9.3-p194/gems/activerecord-3.2.8/lib/active_record/fixtures.rb:849:in `setup_fixtures'
    /usr/local/rvm/gems/ruby-1.9.3-p194/gems/activesupport-3.2.8/lib/active_support/callbacks.rb:429:in `_run__417677309__setup__786370085__callbacks'
    /usr/local/rvm/gems/ruby-1.9.3-p194/gems/activesupport-3.2.8/lib/active_support/callbacks.rb:405:in `__run_callback'
    /usr/local/rvm/gems/ruby-1.9.3-p194/gems/activesupport-3.2.8/lib/active_support/callbacks.rb:385:in `_run_setup_callbacks'
    /usr/local/rvm/gems/ruby-1.9.3-p194/gems/activesupport-3.2.8/lib/active_support/callbacks.rb:81:in `run_callbacks'
    /usr/local/rvm/gems/ruby-1.9.3-p194/gems/activesupport-3.2.8/lib/active_support/testing/setup_and_teardown.rb:35:in `run'

  7) Error:
test_should_update_micropost(MicropostsControllerTest):
ActiveRecord::StatementInvalid: Could not find table 'users'
    /usr/local/rvm/gems/ruby-1.9.3-p194/gems/activerecord-3.2.8/lib/active_record/connection_adapters/sqlite_adapter.rb:472:in `table_structure'
    /usr/local/rvm/gems/ruby-1.9.3-p194/gems/activerecord-3.2.8/lib/active_record/connection_adapters/sqlite_adapter.rb:346:in `columns'
    /usr/local/rvm/gems/ruby-1.9.3-p194/gems/activerecord-3.2.8/lib/active_record/fixtures.rb:660:in `column_names'
    /usr/local/rvm/gems/ruby-1.9.3-p194/gems/activerecord-3.2.8/lib/active_record/fixtures.rb:652:in `timestamp_column_names'
    /usr/local/rvm/gems/ruby-1.9.3-p194/gems/activerecord-3.2.8/lib/active_record/fixtures.rb:585:in `block in table_rows'
    /usr/local/rvm/gems/ruby-1.9.3-p194/gems/activerecord-3.2.8/lib/active_record/fixtures.rb:579:in `each'
    /usr/local/rvm/gems/ruby-1.9.3-p194/gems/activerecord-3.2.8/lib/active_record/fixtures.rb:579:in `map'
    /usr/local/rvm/gems/ruby-1.9.3-p194/gems/activerecord-3.2.8/lib/active_record/fixtures.rb:579:in `table_rows'
    /usr/local/rvm/gems/ruby-1.9.3-p194/gems/activerecord-3.2.8/lib/active_record/fixtures.rb:494:in `block (3 levels) in create_fixtures'
    /usr/local/rvm/gems/ruby-1.9.3-p194/gems/activerecord-3.2.8/lib/active_record/fixtures.rb:492:in `each'
    /usr/local/rvm/gems/ruby-1.9.3-p194/gems/activerecord-3.2.8/lib/active_record/fixtures.rb:492:in `block (2 levels) in create_fixtures'
    /usr/local/rvm/gems/ruby-1.9.3-p194/gems/activerecord-3.2.8/lib/active_record/connection_adapters/abstract/database_statements.rb:192:in `transaction'
    /usr/local/rvm/gems/ruby-1.9.3-p194/gems/activerecord-3.2.8/lib/active_record/fixtures.rb:491:in `block in create_fixtures'
    /usr/local/rvm/gems/ruby-1.9.3-p194/gems/activerecord-3.2.8/lib/active_record/connection_adapters/abstract_adapter.rb:168:in `disable_referential_integrity'
    /usr/local/rvm/gems/ruby-1.9.3-p194/gems/activerecord-3.2.8/lib/active_record/fixtures.rb:476:in `create_fixtures'
    /usr/local/rvm/gems/ruby-1.9.3-p194/gems/activerecord-3.2.8/lib/active_record/fixtures.rb:895:in `load_fixtures'
    /usr/local/rvm/gems/ruby-1.9.3-p194/gems/activerecord-3.2.8/lib/active_record/fixtures.rb:849:in `setup_fixtures'
    /usr/local/rvm/gems/ruby-1.9.3-p194/gems/activesupport-3.2.8/lib/active_support/callbacks.rb:429:in `_run__417677309__setup__786370085__callbacks'
    /usr/local/rvm/gems/ruby-1.9.3-p194/gems/activesupport-3.2.8/lib/active_support/callbacks.rb:405:in `__run_callback'
    /usr/local/rvm/gems/ruby-1.9.3-p194/gems/activesupport-3.2.8/lib/active_support/callbacks.rb:385:in `_run_setup_callbacks'
    /usr/local/rvm/gems/ruby-1.9.3-p194/gems/activesupport-3.2.8/lib/active_support/callbacks.rb:81:in `run_callbacks'
    /usr/local/rvm/gems/ruby-1.9.3-p194/gems/activesupport-3.2.8/lib/active_support/testing/setup_and_teardown.rb:35:in `run'

7 tests, 0 assertions, 0 failures, 7 errors, 0 skips
Run options: -n "/^(test_should_create_user|test_should_destroy_user|test_should_get_edit|test_should_get_index|test_should_get_new|test_should_show_user|test_should_update_user)$/"

# Running tests:

EEEEEEE

Finished tests in 0.096361s, 72.6434 tests/s, 0.0000 assertions/s.

  1) Error:
test_should_create_user(UsersControllerTest):
ActiveRecord::StatementInvalid: Could not find table 'users'
    /usr/local/rvm/gems/ruby-1.9.3-p194/gems/activerecord-3.2.8/lib/active_record/connection_adapters/sqlite_adapter.rb:472:in `table_structure'
    /usr/local/rvm/gems/ruby-1.9.3-p194/gems/activerecord-3.2.8/lib/active_record/connection_adapters/sqlite_adapter.rb:346:in `columns'
    /usr/local/rvm/gems/ruby-1.9.3-p194/gems/activerecord-3.2.8/lib/active_record/fixtures.rb:660:in `column_names'
    /usr/local/rvm/gems/ruby-1.9.3-p194/gems/activerecord-3.2.8/lib/active_record/fixtures.rb:652:in `timestamp_column_names'
    /usr/local/rvm/gems/ruby-1.9.3-p194/gems/activerecord-3.2.8/lib/active_record/fixtures.rb:585:in `block in table_rows'
    /usr/local/rvm/gems/ruby-1.9.3-p194/gems/activerecord-3.2.8/lib/active_record/fixtures.rb:579:in `each'
    /usr/local/rvm/gems/ruby-1.9.3-p194/gems/activerecord-3.2.8/lib/active_record/fixtures.rb:579:in `map'
    /usr/local/rvm/gems/ruby-1.9.3-p194/gems/activerecord-3.2.8/lib/active_record/fixtures.rb:579:in `table_rows'
    /usr/local/rvm/gems/ruby-1.9.3-p194/gems/activerecord-3.2.8/lib/active_record/fixtures.rb:494:in `block (3 levels) in create_fixtures'
    /usr/local/rvm/gems/ruby-1.9.3-p194/gems/activerecord-3.2.8/lib/active_record/fixtures.rb:492:in `each'
    /usr/local/rvm/gems/ruby-1.9.3-p194/gems/activerecord-3.2.8/lib/active_record/fixtures.rb:492:in `block (2 levels) in create_fixtures'
    /usr/local/rvm/gems/ruby-1.9.3-p194/gems/activerecord-3.2.8/lib/active_record/connection_adapters/abstract/database_statements.rb:192:in `transaction'
    /usr/local/rvm/gems/ruby-1.9.3-p194/gems/activerecord-3.2.8/lib/active_record/fixtures.rb:491:in `block in create_fixtures'
    /usr/local/rvm/gems/ruby-1.9.3-p194/gems/activerecord-3.2.8/lib/active_record/connection_adapters/abstract_adapter.rb:168:in `disable_referential_integrity'
    /usr/local/rvm/gems/ruby-1.9.3-p194/gems/activerecord-3.2.8/lib/active_record/fixtures.rb:476:in `create_fixtures'
    /usr/local/rvm/gems/ruby-1.9.3-p194/gems/activerecord-3.2.8/lib/active_record/fixtures.rb:895:in `load_fixtures'
    /usr/local/rvm/gems/ruby-1.9.3-p194/gems/activerecord-3.2.8/lib/active_record/fixtures.rb:849:in `setup_fixtures'
    /usr/local/rvm/gems/ruby-1.9.3-p194/gems/activesupport-3.2.8/lib/active_support/callbacks.rb:429:in `_run__972959068__setup__364582580__callbacks'
    /usr/local/rvm/gems/ruby-1.9.3-p194/gems/activesupport-3.2.8/lib/active_support/callbacks.rb:405:in `__run_callback'
    /usr/local/rvm/gems/ruby-1.9.3-p194/gems/activesupport-3.2.8/lib/active_support/callbacks.rb:385:in `_run_setup_callbacks'
    /usr/local/rvm/gems/ruby-1.9.3-p194/gems/activesupport-3.2.8/lib/active_support/callbacks.rb:81:in `run_callbacks'
    /usr/local/rvm/gems/ruby-1.9.3-p194/gems/activesupport-3.2.8/lib/active_support/testing/setup_and_teardown.rb:35:in `run'

  2) Error:
test_should_destroy_user(UsersControllerTest):
ActiveRecord::StatementInvalid: Could not find table 'users'
    /usr/local/rvm/gems/ruby-1.9.3-p194/gems/activerecord-3.2.8/lib/active_record/connection_adapters/sqlite_adapter.rb:472:in `table_structure'
    /usr/local/rvm/gems/ruby-1.9.3-p194/gems/activerecord-3.2.8/lib/active_record/connection_adapters/sqlite_adapter.rb:346:in `columns'
    /usr/local/rvm/gems/ruby-1.9.3-p194/gems/activerecord-3.2.8/lib/active_record/fixtures.rb:660:in `column_names'
    /usr/local/rvm/gems/ruby-1.9.3-p194/gems/activerecord-3.2.8/lib/active_record/fixtures.rb:652:in `timestamp_column_names'
    /usr/local/rvm/gems/ruby-1.9.3-p194/gems/activerecord-3.2.8/lib/active_record/fixtures.rb:585:in `block in table_rows'
    /usr/local/rvm/gems/ruby-1.9.3-p194/gems/activerecord-3.2.8/lib/active_record/fixtures.rb:579:in `each'
    /usr/local/rvm/gems/ruby-1.9.3-p194/gems/activerecord-3.2.8/lib/active_record/fixtures.rb:579:in `map'
    /usr/local/rvm/gems/ruby-1.9.3-p194/gems/activerecord-3.2.8/lib/active_record/fixtures.rb:579:in `table_rows'
    /usr/local/rvm/gems/ruby-1.9.3-p194/gems/activerecord-3.2.8/lib/active_record/fixtures.rb:494:in `block (3 levels) in create_fixtures'
    /usr/local/rvm/gems/ruby-1.9.3-p194/gems/activerecord-3.2.8/lib/active_record/fixtures.rb:492:in `each'
    /usr/local/rvm/gems/ruby-1.9.3-p194/gems/activerecord-3.2.8/lib/active_record/fixtures.rb:492:in `block (2 levels) in create_fixtures'
    /usr/local/rvm/gems/ruby-1.9.3-p194/gems/activerecord-3.2.8/lib/active_record/connection_adapters/abstract/database_statements.rb:192:in `transaction'
    /usr/local/rvm/gems/ruby-1.9.3-p194/gems/activerecord-3.2.8/lib/active_record/fixtures.rb:491:in `block in create_fixtures'
    /usr/local/rvm/gems/ruby-1.9.3-p194/gems/activerecord-3.2.8/lib/active_record/connection_adapters/abstract_adapter.rb:168:in `disable_referential_integrity'
    /usr/local/rvm/gems/ruby-1.9.3-p194/gems/activerecord-3.2.8/lib/active_record/fixtures.rb:476:in `create_fixtures'
    /usr/local/rvm/gems/ruby-1.9.3-p194/gems/activerecord-3.2.8/lib/active_record/fixtures.rb:895:in `load_fixtures'
    /usr/local/rvm/gems/ruby-1.9.3-p194/gems/activerecord-3.2.8/lib/active_record/fixtures.rb:849:in `setup_fixtures'
    /usr/local/rvm/gems/ruby-1.9.3-p194/gems/activesupport-3.2.8/lib/active_support/callbacks.rb:429:in `_run__972959068__setup__364582580__callbacks'
    /usr/local/rvm/gems/ruby-1.9.3-p194/gems/activesupport-3.2.8/lib/active_support/callbacks.rb:405:in `__run_callback'
    /usr/local/rvm/gems/ruby-1.9.3-p194/gems/activesupport-3.2.8/lib/active_support/callbacks.rb:385:in `_run_setup_callbacks'
    /usr/local/rvm/gems/ruby-1.9.3-p194/gems/activesupport-3.2.8/lib/active_support/callbacks.rb:81:in `run_callbacks'
    /usr/local/rvm/gems/ruby-1.9.3-p194/gems/activesupport-3.2.8/lib/active_support/testing/setup_and_teardown.rb:35:in `run'

  3) Error:
test_should_get_edit(UsersControllerTest):
ActiveRecord::StatementInvalid: Could not find table 'users'
    /usr/local/rvm/gems/ruby-1.9.3-p194/gems/activerecord-3.2.8/lib/active_record/connection_adapters/sqlite_adapter.rb:472:in `table_structure'
    /usr/local/rvm/gems/ruby-1.9.3-p194/gems/activerecord-3.2.8/lib/active_record/connection_adapters/sqlite_adapter.rb:346:in `columns'
    /usr/local/rvm/gems/ruby-1.9.3-p194/gems/activerecord-3.2.8/lib/active_record/fixtures.rb:660:in `column_names'
    /usr/local/rvm/gems/ruby-1.9.3-p194/gems/activerecord-3.2.8/lib/active_record/fixtures.rb:652:in `timestamp_column_names'
    /usr/local/rvm/gems/ruby-1.9.3-p194/gems/activerecord-3.2.8/lib/active_record/fixtures.rb:585:in `block in table_rows'
    /usr/local/rvm/gems/ruby-1.9.3-p194/gems/activerecord-3.2.8/lib/active_record/fixtures.rb:579:in `each'
    /usr/local/rvm/gems/ruby-1.9.3-p194/gems/activerecord-3.2.8/lib/active_record/fixtures.rb:579:in `map'
    /usr/local/rvm/gems/ruby-1.9.3-p194/gems/activerecord-3.2.8/lib/active_record/fixtures.rb:579:in `table_rows'
    /usr/local/rvm/gems/ruby-1.9.3-p194/gems/activerecord-3.2.8/lib/active_record/fixtures.rb:494:in `block (3 levels) in create_fixtures'
    /usr/local/rvm/gems/ruby-1.9.3-p194/gems/activerecord-3.2.8/lib/active_record/fixtures.rb:492:in `each'
    /usr/local/rvm/gems/ruby-1.9.3-p194/gems/activerecord-3.2.8/lib/active_record/fixtures.rb:492:in `block (2 levels) in create_fixtures'
    /usr/local/rvm/gems/ruby-1.9.3-p194/gems/activerecord-3.2.8/lib/active_record/connection_adapters/abstract/database_statements.rb:192:in `transaction'
    /usr/local/rvm/gems/ruby-1.9.3-p194/gems/activerecord-3.2.8/lib/active_record/fixtures.rb:491:in `block in create_fixtures'
    /usr/local/rvm/gems/ruby-1.9.3-p194/gems/activerecord-3.2.8/lib/active_record/connection_adapters/abstract_adapter.rb:168:in `disable_referential_integrity'
    /usr/local/rvm/gems/ruby-1.9.3-p194/gems/activerecord-3.2.8/lib/active_record/fixtures.rb:476:in `create_fixtures'
    /usr/local/rvm/gems/ruby-1.9.3-p194/gems/activerecord-3.2.8/lib/active_record/fixtures.rb:895:in `load_fixtures'
    /usr/local/rvm/gems/ruby-1.9.3-p194/gems/activerecord-3.2.8/lib/active_record/fixtures.rb:849:in `setup_fixtures'
    /usr/local/rvm/gems/ruby-1.9.3-p194/gems/activesupport-3.2.8/lib/active_support/callbacks.rb:429:in `_run__972959068__setup__364582580__callbacks'
    /usr/local/rvm/gems/ruby-1.9.3-p194/gems/activesupport-3.2.8/lib/active_support/callbacks.rb:405:in `__run_callback'
    /usr/local/rvm/gems/ruby-1.9.3-p194/gems/activesupport-3.2.8/lib/active_support/callbacks.rb:385:in `_run_setup_callbacks'
    /usr/local/rvm/gems/ruby-1.9.3-p194/gems/activesupport-3.2.8/lib/active_support/callbacks.rb:81:in `run_callbacks'
    /usr/local/rvm/gems/ruby-1.9.3-p194/gems/activesupport-3.2.8/lib/active_support/testing/setup_and_teardown.rb:35:in `run'

  4) Error:
test_should_get_index(UsersControllerTest):
ActiveRecord::StatementInvalid: Could not find table 'users'
    /usr/local/rvm/gems/ruby-1.9.3-p194/gems/activerecord-3.2.8/lib/active_record/connection_adapters/sqlite_adapter.rb:472:in `table_structure'
    /usr/local/rvm/gems/ruby-1.9.3-p194/gems/activerecord-3.2.8/lib/active_record/connection_adapters/sqlite_adapter.rb:346:in `columns'
    /usr/local/rvm/gems/ruby-1.9.3-p194/gems/activerecord-3.2.8/lib/active_record/fixtures.rb:660:in `column_names'
    /usr/local/rvm/gems/ruby-1.9.3-p194/gems/activerecord-3.2.8/lib/active_record/fixtures.rb:652:in `timestamp_column_names'
    /usr/local/rvm/gems/ruby-1.9.3-p194/gems/activerecord-3.2.8/lib/active_record/fixtures.rb:585:in `block in table_rows'
    /usr/local/rvm/gems/ruby-1.9.3-p194/gems/activerecord-3.2.8/lib/active_record/fixtures.rb:579:in `each'
    /usr/local/rvm/gems/ruby-1.9.3-p194/gems/activerecord-3.2.8/lib/active_record/fixtures.rb:579:in `map'
    /usr/local/rvm/gems/ruby-1.9.3-p194/gems/activerecord-3.2.8/lib/active_record/fixtures.rb:579:in `table_rows'
    /usr/local/rvm/gems/ruby-1.9.3-p194/gems/activerecord-3.2.8/lib/active_record/fixtures.rb:494:in `block (3 levels) in create_fixtures'
    /usr/local/rvm/gems/ruby-1.9.3-p194/gems/activerecord-3.2.8/lib/active_record/fixtures.rb:492:in `each'
    /usr/local/rvm/gems/ruby-1.9.3-p194/gems/activerecord-3.2.8/lib/active_record/fixtures.rb:492:in `block (2 levels) in create_fixtures'
    /usr/local/rvm/gems/ruby-1.9.3-p194/gems/activerecord-3.2.8/lib/active_record/connection_adapters/abstract/database_statements.rb:192:in `transaction'
    /usr/local/rvm/gems/ruby-1.9.3-p194/gems/activerecord-3.2.8/lib/active_record/fixtures.rb:491:in `block in create_fixtures'
    /usr/local/rvm/gems/ruby-1.9.3-p194/gems/activerecord-3.2.8/lib/active_record/connection_adapters/abstract_adapter.rb:168:in `disable_referential_integrity'
    /usr/local/rvm/gems/ruby-1.9.3-p194/gems/activerecord-3.2.8/lib/active_record/fixtures.rb:476:in `create_fixtures'
    /usr/local/rvm/gems/ruby-1.9.3-p194/gems/activerecord-3.2.8/lib/active_record/fixtures.rb:895:in `load_fixtures'
    /usr/local/rvm/gems/ruby-1.9.3-p194/gems/activerecord-3.2.8/lib/active_record/fixtures.rb:849:in `setup_fixtures'
    /usr/local/rvm/gems/ruby-1.9.3-p194/gems/activesupport-3.2.8/lib/active_support/callbacks.rb:429:in `_run__972959068__setup__364582580__callbacks'
    /usr/local/rvm/gems/ruby-1.9.3-p194/gems/activesupport-3.2.8/lib/active_support/callbacks.rb:405:in `__run_callback'
    /usr/local/rvm/gems/ruby-1.9.3-p194/gems/activesupport-3.2.8/lib/active_support/callbacks.rb:385:in `_run_setup_callbacks'
    /usr/local/rvm/gems/ruby-1.9.3-p194/gems/activesupport-3.2.8/lib/active_support/callbacks.rb:81:in `run_callbacks'
    /usr/local/rvm/gems/ruby-1.9.3-p194/gems/activesupport-3.2.8/lib/active_support/testing/setup_and_teardown.rb:35:in `run'

  5) Error:
test_should_get_new(UsersControllerTest):
ActiveRecord::StatementInvalid: Could not find table 'users'
    /usr/local/rvm/gems/ruby-1.9.3-p194/gems/activerecord-3.2.8/lib/active_record/connection_adapters/sqlite_adapter.rb:472:in `table_structure'
    /usr/local/rvm/gems/ruby-1.9.3-p194/gems/activerecord-3.2.8/lib/active_record/connection_adapters/sqlite_adapter.rb:346:in `columns'
    /usr/local/rvm/gems/ruby-1.9.3-p194/gems/activerecord-3.2.8/lib/active_record/fixtures.rb:660:in `column_names'
    /usr/local/rvm/gems/ruby-1.9.3-p194/gems/activerecord-3.2.8/lib/active_record/fixtures.rb:652:in `timestamp_column_names'
    /usr/local/rvm/gems/ruby-1.9.3-p194/gems/activerecord-3.2.8/lib/active_record/fixtures.rb:585:in `block in table_rows'
    /usr/local/rvm/gems/ruby-1.9.3-p194/gems/activerecord-3.2.8/lib/active_record/fixtures.rb:579:in `each'
    /usr/local/rvm/gems/ruby-1.9.3-p194/gems/activerecord-3.2.8/lib/active_record/fixtures.rb:579:in `map'
    /usr/local/rvm/gems/ruby-1.9.3-p194/gems/activerecord-3.2.8/lib/active_record/fixtures.rb:579:in `table_rows'
    /usr/local/rvm/gems/ruby-1.9.3-p194/gems/activerecord-3.2.8/lib/active_record/fixtures.rb:494:in `block (3 levels) in create_fixtures'
    /usr/local/rvm/gems/ruby-1.9.3-p194/gems/activerecord-3.2.8/lib/active_record/fixtures.rb:492:in `each'
    /usr/local/rvm/gems/ruby-1.9.3-p194/gems/activerecord-3.2.8/lib/active_record/fixtures.rb:492:in `block (2 levels) in create_fixtures'
    /usr/local/rvm/gems/ruby-1.9.3-p194/gems/activerecord-3.2.8/lib/active_record/connection_adapters/abstract/database_statements.rb:192:in `transaction'
    /usr/local/rvm/gems/ruby-1.9.3-p194/gems/activerecord-3.2.8/lib/active_record/fixtures.rb:491:in `block in create_fixtures'
    /usr/local/rvm/gems/ruby-1.9.3-p194/gems/activerecord-3.2.8/lib/active_record/connection_adapters/abstract_adapter.rb:168:in `disable_referential_integrity'
    /usr/local/rvm/gems/ruby-1.9.3-p194/gems/activerecord-3.2.8/lib/active_record/fixtures.rb:476:in `create_fixtures'
    /usr/local/rvm/gems/ruby-1.9.3-p194/gems/activerecord-3.2.8/lib/active_record/fixtures.rb:895:in `load_fixtures'
    /usr/local/rvm/gems/ruby-1.9.3-p194/gems/activerecord-3.2.8/lib/active_record/fixtures.rb:849:in `setup_fixtures'
    /usr/local/rvm/gems/ruby-1.9.3-p194/gems/activesupport-3.2.8/lib/active_support/callbacks.rb:429:in `_run__972959068__setup__364582580__callbacks'
    /usr/local/rvm/gems/ruby-1.9.3-p194/gems/activesupport-3.2.8/lib/active_support/callbacks.rb:405:in `__run_callback'
    /usr/local/rvm/gems/ruby-1.9.3-p194/gems/activesupport-3.2.8/lib/active_support/callbacks.rb:385:in `_run_setup_callbacks'
    /usr/local/rvm/gems/ruby-1.9.3-p194/gems/activesupport-3.2.8/lib/active_support/callbacks.rb:81:in `run_callbacks'
    /usr/local/rvm/gems/ruby-1.9.3-p194/gems/activesupport-3.2.8/lib/active_support/testing/setup_and_teardown.rb:35:in `run'

  6) Error:
test_should_show_user(UsersControllerTest):
ActiveRecord::StatementInvalid: Could not find table 'users'
    /usr/local/rvm/gems/ruby-1.9.3-p194/gems/activerecord-3.2.8/lib/active_record/connection_adapters/sqlite_adapter.rb:472:in `table_structure'
    /usr/local/rvm/gems/ruby-1.9.3-p194/gems/activerecord-3.2.8/lib/active_record/connection_adapters/sqlite_adapter.rb:346:in `columns'
    /usr/local/rvm/gems/ruby-1.9.3-p194/gems/activerecord-3.2.8/lib/active_record/fixtures.rb:660:in `column_names'
    /usr/local/rvm/gems/ruby-1.9.3-p194/gems/activerecord-3.2.8/lib/active_record/fixtures.rb:652:in `timestamp_column_names'
    /usr/local/rvm/gems/ruby-1.9.3-p194/gems/activerecord-3.2.8/lib/active_record/fixtures.rb:585:in `block in table_rows'
    /usr/local/rvm/gems/ruby-1.9.3-p194/gems/activerecord-3.2.8/lib/active_record/fixtures.rb:579:in `each'
    /usr/local/rvm/gems/ruby-1.9.3-p194/gems/activerecord-3.2.8/lib/active_record/fixtures.rb:579:in `map'
    /usr/local/rvm/gems/ruby-1.9.3-p194/gems/activerecord-3.2.8/lib/active_record/fixtures.rb:579:in `table_rows'
    /usr/local/rvm/gems/ruby-1.9.3-p194/gems/activerecord-3.2.8/lib/active_record/fixtures.rb:494:in `block (3 levels) in create_fixtures'
    /usr/local/rvm/gems/ruby-1.9.3-p194/gems/activerecord-3.2.8/lib/active_record/fixtures.rb:492:in `each'
    /usr/local/rvm/gems/ruby-1.9.3-p194/gems/activerecord-3.2.8/lib/active_record/fixtures.rb:492:in `block (2 levels) in create_fixtures'
    /usr/local/rvm/gems/ruby-1.9.3-p194/gems/activerecord-3.2.8/lib/active_record/connection_adapters/abstract/database_statements.rb:192:in `transaction'
    /usr/local/rvm/gems/ruby-1.9.3-p194/gems/activerecord-3.2.8/lib/active_record/fixtures.rb:491:in `block in create_fixtures'
    /usr/local/rvm/gems/ruby-1.9.3-p194/gems/activerecord-3.2.8/lib/active_record/connection_adapters/abstract_adapter.rb:168:in `disable_referential_integrity'
    /usr/local/rvm/gems/ruby-1.9.3-p194/gems/activerecord-3.2.8/lib/active_record/fixtures.rb:476:in `create_fixtures'
    /usr/local/rvm/gems/ruby-1.9.3-p194/gems/activerecord-3.2.8/lib/active_record/fixtures.rb:895:in `load_fixtures'
    /usr/local/rvm/gems/ruby-1.9.3-p194/gems/activerecord-3.2.8/lib/active_record/fixtures.rb:849:in `setup_fixtures'
    /usr/local/rvm/gems/ruby-1.9.3-p194/gems/activesupport-3.2.8/lib/active_support/callbacks.rb:429:in `_run__972959068__setup__364582580__callbacks'
    /usr/local/rvm/gems/ruby-1.9.3-p194/gems/activesupport-3.2.8/lib/active_support/callbacks.rb:405:in `__run_callback'
    /usr/local/rvm/gems/ruby-1.9.3-p194/gems/activesupport-3.2.8/lib/active_support/callbacks.rb:385:in `_run_setup_callbacks'
    /usr/local/rvm/gems/ruby-1.9.3-p194/gems/activesupport-3.2.8/lib/active_support/callbacks.rb:81:in `run_callbacks'
    /usr/local/rvm/gems/ruby-1.9.3-p194/gems/activesupport-3.2.8/lib/active_support/testing/setup_and_teardown.rb:35:in `run'

  7) Error:
test_should_update_user(UsersControllerTest):
ActiveRecord::StatementInvalid: Could not find table 'users'
    /usr/local/rvm/gems/ruby-1.9.3-p194/gems/activerecord-3.2.8/lib/active_record/connection_adapters/sqlite_adapter.rb:472:in `table_structure'
    /usr/local/rvm/gems/ruby-1.9.3-p194/gems/activerecord-3.2.8/lib/active_record/connection_adapters/sqlite_adapter.rb:346:in `columns'
    /usr/local/rvm/gems/ruby-1.9.3-p194/gems/activerecord-3.2.8/lib/active_record/fixtures.rb:660:in `column_names'
    /usr/local/rvm/gems/ruby-1.9.3-p194/gems/activerecord-3.2.8/lib/active_record/fixtures.rb:652:in `timestamp_column_names'
    /usr/local/rvm/gems/ruby-1.9.3-p194/gems/activerecord-3.2.8/lib/active_record/fixtures.rb:585:in `block in table_rows'
    /usr/local/rvm/gems/ruby-1.9.3-p194/gems/activerecord-3.2.8/lib/active_record/fixtures.rb:579:in `each'
    /usr/local/rvm/gems/ruby-1.9.3-p194/gems/activerecord-3.2.8/lib/active_record/fixtures.rb:579:in `map'
    /usr/local/rvm/gems/ruby-1.9.3-p194/gems/activerecord-3.2.8/lib/active_record/fixtures.rb:579:in `table_rows'
    /usr/local/rvm/gems/ruby-1.9.3-p194/gems/activerecord-3.2.8/lib/active_record/fixtures.rb:494:in `block (3 levels) in create_fixtures'
    /usr/local/rvm/gems/ruby-1.9.3-p194/gems/activerecord-3.2.8/lib/active_record/fixtures.rb:492:in `each'
    /usr/local/rvm/gems/ruby-1.9.3-p194/gems/activerecord-3.2.8/lib/active_record/fixtures.rb:492:in `block (2 levels) in create_fixtures'
    /usr/local/rvm/gems/ruby-1.9.3-p194/gems/activerecord-3.2.8/lib/active_record/connection_adapters/abstract/database_statements.rb:192:in `transaction'
    /usr/local/rvm/gems/ruby-1.9.3-p194/gems/activerecord-3.2.8/lib/active_record/fixtures.rb:491:in `block in create_fixtures'
    /usr/local/rvm/gems/ruby-1.9.3-p194/gems/activerecord-3.2.8/lib/active_record/connection_adapters/abstract_adapter.rb:168:in `disable_referential_integrity'
    /usr/local/rvm/gems/ruby-1.9.3-p194/gems/activerecord-3.2.8/lib/active_record/fixtures.rb:476:in `create_fixtures'
    /usr/local/rvm/gems/ruby-1.9.3-p194/gems/activerecord-3.2.8/lib/active_record/fixtures.rb:895:in `load_fixtures'
    /usr/local/rvm/gems/ruby-1.9.3-p194/gems/activerecord-3.2.8/lib/active_record/fixtures.rb:849:in `setup_fixtures'
    /usr/local/rvm/gems/ruby-1.9.3-p194/gems/activesupport-3.2.8/lib/active_support/callbacks.rb:429:in `_run__972959068__setup__364582580__callbacks'
    /usr/local/rvm/gems/ruby-1.9.3-p194/gems/activesupport-3.2.8/lib/active_support/callbacks.rb:405:in `__run_callback'
    /usr/local/rvm/gems/ruby-1.9.3-p194/gems/activesupport-3.2.8/lib/active_support/callbacks.rb:385:in `_run_setup_callbacks'
    /usr/local/rvm/gems/ruby-1.9.3-p194/gems/activesupport-3.2.8/lib/active_support/callbacks.rb:81:in `run_callbacks'
    /usr/local/rvm/gems/ruby-1.9.3-p194/gems/activesupport-3.2.8/lib/active_support/testing/setup_and_teardown.rb:35:in `run'

7 tests, 0 assertions, 0 failures, 7 errors, 0 skips
Run options: -n "/^(test_should_get_contact|test_should_get_home)$/"

# Running tests:

EE

Finished tests in 0.052454s, 38.1285 tests/s, 0.0000 assertions/s.

  1) Error:
test_should_get_contact(PagesControllerTest):
ActiveRecord::StatementInvalid: Could not find table 'users'
    /usr/local/rvm/gems/ruby-1.9.3-p194/gems/activerecord-3.2.8/lib/active_record/connection_adapters/sqlite_adapter.rb:472:in `table_structure'
    /usr/local/rvm/gems/ruby-1.9.3-p194/gems/activerecord-3.2.8/lib/active_record/connection_adapters/sqlite_adapter.rb:346:in `columns'
    /usr/local/rvm/gems/ruby-1.9.3-p194/gems/activerecord-3.2.8/lib/active_record/fixtures.rb:660:in `column_names'
    /usr/local/rvm/gems/ruby-1.9.3-p194/gems/activerecord-3.2.8/lib/active_record/fixtures.rb:652:in `timestamp_column_names'
    /usr/local/rvm/gems/ruby-1.9.3-p194/gems/activerecord-3.2.8/lib/active_record/fixtures.rb:585:in `block in table_rows'
    /usr/local/rvm/gems/ruby-1.9.3-p194/gems/activerecord-3.2.8/lib/active_record/fixtures.rb:579:in `each'
    /usr/local/rvm/gems/ruby-1.9.3-p194/gems/activerecord-3.2.8/lib/active_record/fixtures.rb:579:in `map'
    /usr/local/rvm/gems/ruby-1.9.3-p194/gems/activerecord-3.2.8/lib/active_record/fixtures.rb:579:in `table_rows'
    /usr/local/rvm/gems/ruby-1.9.3-p194/gems/activerecord-3.2.8/lib/active_record/fixtures.rb:494:in `block (3 levels) in create_fixtures'
    /usr/local/rvm/gems/ruby-1.9.3-p194/gems/activerecord-3.2.8/lib/active_record/fixtures.rb:492:in `each'
    /usr/local/rvm/gems/ruby-1.9.3-p194/gems/activerecord-3.2.8/lib/active_record/fixtures.rb:492:in `block (2 levels) in create_fixtures'
    /usr/local/rvm/gems/ruby-1.9.3-p194/gems/activerecord-3.2.8/lib/active_record/connection_adapters/abstract/database_statements.rb:192:in `transaction'
    /usr/local/rvm/gems/ruby-1.9.3-p194/gems/activerecord-3.2.8/lib/active_record/fixtures.rb:491:in `block in create_fixtures'
    /usr/local/rvm/gems/ruby-1.9.3-p194/gems/activerecord-3.2.8/lib/active_record/connection_adapters/abstract_adapter.rb:168:in `disable_referential_integrity'
    /usr/local/rvm/gems/ruby-1.9.3-p194/gems/activerecord-3.2.8/lib/active_record/fixtures.rb:476:in `create_fixtures'
    /usr/local/rvm/gems/ruby-1.9.3-p194/gems/activerecord-3.2.8/lib/active_record/fixtures.rb:895:in `load_fixtures'
    /usr/local/rvm/gems/ruby-1.9.3-p194/gems/activerecord-3.2.8/lib/active_record/fixtures.rb:849:in `setup_fixtures'
    /usr/local/rvm/gems/ruby-1.9.3-p194/gems/activesupport-3.2.8/lib/active_support/callbacks.rb:429:in `_run__832281325__setup__571371669__callbacks'
    /usr/local/rvm/gems/ruby-1.9.3-p194/gems/activesupport-3.2.8/lib/active_support/callbacks.rb:405:in `__run_callback'
    /usr/local/rvm/gems/ruby-1.9.3-p194/gems/activesupport-3.2.8/lib/active_support/callbacks.rb:385:in `_run_setup_callbacks'
    /usr/local/rvm/gems/ruby-1.9.3-p194/gems/activesupport-3.2.8/lib/active_support/callbacks.rb:81:in `run_callbacks'
    /usr/local/rvm/gems/ruby-1.9.3-p194/gems/activesupport-3.2.8/lib/active_support/testing/setup_and_teardown.rb:35:in `run'

  2) Error:
test_should_get_home(PagesControllerTest):
ActiveRecord::StatementInvalid: Could not find table 'users'
    /usr/local/rvm/gems/ruby-1.9.3-p194/gems/activerecord-3.2.8/lib/active_record/connection_adapters/sqlite_adapter.rb:472:in `table_structure'
    /usr/local/rvm/gems/ruby-1.9.3-p194/gems/activerecord-3.2.8/lib/active_record/connection_adapters/sqlite_adapter.rb:346:in `columns'
    /usr/local/rvm/gems/ruby-1.9.3-p194/gems/activerecord-3.2.8/lib/active_record/fixtures.rb:660:in `column_names'
    /usr/local/rvm/gems/ruby-1.9.3-p194/gems/activerecord-3.2.8/lib/active_record/fixtures.rb:652:in `timestamp_column_names'
    /usr/local/rvm/gems/ruby-1.9.3-p194/gems/activerecord-3.2.8/lib/active_record/fixtures.rb:585:in `block in table_rows'
    /usr/local/rvm/gems/ruby-1.9.3-p194/gems/activerecord-3.2.8/lib/active_record/fixtures.rb:579:in `each'
    /usr/local/rvm/gems/ruby-1.9.3-p194/gems/activerecord-3.2.8/lib/active_record/fixtures.rb:579:in `map'
    /usr/local/rvm/gems/ruby-1.9.3-p194/gems/activerecord-3.2.8/lib/active_record/fixtures.rb:579:in `table_rows'
    /usr/local/rvm/gems/ruby-1.9.3-p194/gems/activerecord-3.2.8/lib/active_record/fixtures.rb:494:in `block (3 levels) in create_fixtures'
    /usr/local/rvm/gems/ruby-1.9.3-p194/gems/activerecord-3.2.8/lib/active_record/fixtures.rb:492:in `each'
    /usr/local/rvm/gems/ruby-1.9.3-p194/gems/activerecord-3.2.8/lib/active_record/fixtures.rb:492:in `block (2 levels) in create_fixtures'
    /usr/local/rvm/gems/ruby-1.9.3-p194/gems/activerecord-3.2.8/lib/active_record/connection_adapters/abstract/database_statements.rb:192:in `transaction'
    /usr/local/rvm/gems/ruby-1.9.3-p194/gems/activerecord-3.2.8/lib/active_record/fixtures.rb:491:in `block in create_fixtures'
    /usr/local/rvm/gems/ruby-1.9.3-p194/gems/activerecord-3.2.8/lib/active_record/connection_adapters/abstract_adapter.rb:168:in `disable_referential_integrity'
    /usr/local/rvm/gems/ruby-1.9.3-p194/gems/activerecord-3.2.8/lib/active_record/fixtures.rb:476:in `create_fixtures'
    /usr/local/rvm/gems/ruby-1.9.3-p194/gems/activerecord-3.2.8/lib/active_record/fixtures.rb:895:in `load_fixtures'
    /usr/local/rvm/gems/ruby-1.9.3-p194/gems/activerecord-3.2.8/lib/active_record/fixtures.rb:849:in `setup_fixtures'
    /usr/local/rvm/gems/ruby-1.9.3-p194/gems/activesupport-3.2.8/lib/active_support/callbacks.rb:429:in `_run__832281325__setup__571371669__callbacks'
    /usr/local/rvm/gems/ruby-1.9.3-p194/gems/activesupport-3.2.8/lib/active_support/callbacks.rb:405:in `__run_callback'
    /usr/local/rvm/gems/ruby-1.9.3-p194/gems/activesupport-3.2.8/lib/active_support/callbacks.rb:385:in `_run_setup_callbacks'
    /usr/local/rvm/gems/ruby-1.9.3-p194/gems/activesupport-3.2.8/lib/active_support/callbacks.rb:81:in `run_callbacks'
    /usr/local/rvm/gems/ruby-1.9.3-p194/gems/activesupport-3.2.8/lib/active_support/testing/setup_and_teardown.rb:35:in `run'

2 tests, 0 assertions, 0 failures, 2 errors, 0 skips
/usr/local/rvm/rubies/ruby-1.9.3-p194/bin/ruby -I.:lib:test -rubygems test/functional/microposts_controller_test.rb -n "/^(test_should_create_micropost|test_should_destroy_micropost|test_should_get_edit|test_should_get_index|test_should_get_new|test_should_show_micropost|test_should_update_micropost)$/"; /usr/local/rvm/rubies/ruby-1.9.3-p194/bin/ruby -I.:lib:test -rubygems test/functional/users_controller_test.rb -n "/^(test_should_create_user|test_should_destroy_user|test_should_get_edit|test_should_get_index|test_should_get_new|test_should_show_user|test_should_update_user)$/"; /usr/local/rvm/rubies/ruby-1.9.3-p194/bin/ruby -I.:lib:test -rubygems test/functional/pages_controller_test.rb -n "/^(test_should_get_contact|test_should_get_home)$/"
Run options: -n "/^(test_should_create_micropost|test_should_destroy_micropost|test_should_get_edit|test_should_get_index|test_should_get_new|test_should_show_micropost|test_should_update_micropost)$/"

# Running tests:

EEEEEEE

Finished tests in 0.099042s, 70.6771 tests/s, 0.0000 assertions/s.

  1) Error:
test_should_create_micropost(MicropostsControllerTest):
ActiveRecord::StatementInvalid: Could not find table 'users'
    /usr/local/rvm/gems/ruby-1.9.3-p194/gems/activerecord-3.2.8/lib/active_record/connection_adapters/sqlite_adapter.rb:472:in `table_structure'
    /usr/local/rvm/gems/ruby-1.9.3-p194/gems/activerecord-3.2.8/lib/active_record/connection_adapters/sqlite_adapter.rb:346:in `columns'
    /usr/local/rvm/gems/ruby-1.9.3-p194/gems/activerecord-3.2.8/lib/active_record/fixtures.rb:660:in `column_names'
    /usr/local/rvm/gems/ruby-1.9.3-p194/gems/activerecord-3.2.8/lib/active_record/fixtures.rb:652:in `timestamp_column_names'
    /usr/local/rvm/gems/ruby-1.9.3-p194/gems/activerecord-3.2.8/lib/active_record/fixtures.rb:585:in `block in table_rows'
    /usr/local/rvm/gems/ruby-1.9.3-p194/gems/activerecord-3.2.8/lib/active_record/fixtures.rb:579:in `each'
    /usr/local/rvm/gems/ruby-1.9.3-p194/gems/activerecord-3.2.8/lib/active_record/fixtures.rb:579:in `map'
    /usr/local/rvm/gems/ruby-1.9.3-p194/gems/activerecord-3.2.8/lib/active_record/fixtures.rb:579:in `table_rows'
    /usr/local/rvm/gems/ruby-1.9.3-p194/gems/activerecord-3.2.8/lib/active_record/fixtures.rb:494:in `block (3 levels) in create_fixtures'
    /usr/local/rvm/gems/ruby-1.9.3-p194/gems/activerecord-3.2.8/lib/active_record/fixtures.rb:492:in `each'
    /usr/local/rvm/gems/ruby-1.9.3-p194/gems/activerecord-3.2.8/lib/active_record/fixtures.rb:492:in `block (2 levels) in create_fixtures'
    /usr/local/rvm/gems/ruby-1.9.3-p194/gems/activerecord-3.2.8/lib/active_record/connection_adapters/abstract/database_statements.rb:192:in `transaction'
    /usr/local/rvm/gems/ruby-1.9.3-p194/gems/activerecord-3.2.8/lib/active_record/fixtures.rb:491:in `block in create_fixtures'
    /usr/local/rvm/gems/ruby-1.9.3-p194/gems/activerecord-3.2.8/lib/active_record/connection_adapters/abstract_adapter.rb:168:in `disable_referential_integrity'
    /usr/local/rvm/gems/ruby-1.9.3-p194/gems/activerecord-3.2.8/lib/active_record/fixtures.rb:476:in `create_fixtures'
    /usr/local/rvm/gems/ruby-1.9.3-p194/gems/activerecord-3.2.8/lib/active_record/fixtures.rb:895:in `load_fixtures'
    /usr/local/rvm/gems/ruby-1.9.3-p194/gems/activerecord-3.2.8/lib/active_record/fixtures.rb:849:in `setup_fixtures'
    /usr/local/rvm/gems/ruby-1.9.3-p194/gems/activesupport-3.2.8/lib/active_support/callbacks.rb:429:in `_run__718106619__setup__597155402__callbacks'
    /usr/local/rvm/gems/ruby-1.9.3-p194/gems/activesupport-3.2.8/lib/active_support/callbacks.rb:405:in `__run_callback'
    /usr/local/rvm/gems/ruby-1.9.3-p194/gems/activesupport-3.2.8/lib/active_support/callbacks.rb:385:in `_run_setup_callbacks'
    /usr/local/rvm/gems/ruby-1.9.3-p194/gems/activesupport-3.2.8/lib/active_support/callbacks.rb:81:in `run_callbacks'
    /usr/local/rvm/gems/ruby-1.9.3-p194/gems/activesupport-3.2.8/lib/active_support/testing/setup_and_teardown.rb:35:in `run'

  2) Error:
test_should_destroy_micropost(MicropostsControllerTest):
ActiveRecord::StatementInvalid: Could not find table 'users'
    /usr/local/rvm/gems/ruby-1.9.3-p194/gems/activerecord-3.2.8/lib/active_record/connection_adapters/sqlite_adapter.rb:472:in `table_structure'
    /usr/local/rvm/gems/ruby-1.9.3-p194/gems/activerecord-3.2.8/lib/active_record/connection_adapters/sqlite_adapter.rb:346:in `columns'
    /usr/local/rvm/gems/ruby-1.9.3-p194/gems/activerecord-3.2.8/lib/active_record/fixtures.rb:660:in `column_names'
    /usr/local/rvm/gems/ruby-1.9.3-p194/gems/activerecord-3.2.8/lib/active_record/fixtures.rb:652:in `timestamp_column_names'
    /usr/local/rvm/gems/ruby-1.9.3-p194/gems/activerecord-3.2.8/lib/active_record/fixtures.rb:585:in `block in table_rows'
    /usr/local/rvm/gems/ruby-1.9.3-p194/gems/activerecord-3.2.8/lib/active_record/fixtures.rb:579:in `each'
    /usr/local/rvm/gems/ruby-1.9.3-p194/gems/activerecord-3.2.8/lib/active_record/fixtures.rb:579:in `map'
    /usr/local/rvm/gems/ruby-1.9.3-p194/gems/activerecord-3.2.8/lib/active_record/fixtures.rb:579:in `table_rows'
    /usr/local/rvm/gems/ruby-1.9.3-p194/gems/activerecord-3.2.8/lib/active_record/fixtures.rb:494:in `block (3 levels) in create_fixtures'
    /usr/local/rvm/gems/ruby-1.9.3-p194/gems/activerecord-3.2.8/lib/active_record/fixtures.rb:492:in `each'
    /usr/local/rvm/gems/ruby-1.9.3-p194/gems/activerecord-3.2.8/lib/active_record/fixtures.rb:492:in `block (2 levels) in create_fixtures'
    /usr/local/rvm/gems/ruby-1.9.3-p194/gems/activerecord-3.2.8/lib/active_record/connection_adapters/abstract/database_statements.rb:192:in `transaction'
    /usr/local/rvm/gems/ruby-1.9.3-p194/gems/activerecord-3.2.8/lib/active_record/fixtures.rb:491:in `block in create_fixtures'
    /usr/local/rvm/gems/ruby-1.9.3-p194/gems/activerecord-3.2.8/lib/active_record/connection_adapters/abstract_adapter.rb:168:in `disable_referential_integrity'
    /usr/local/rvm/gems/ruby-1.9.3-p194/gems/activerecord-3.2.8/lib/active_record/fixtures.rb:476:in `create_fixtures'
    /usr/local/rvm/gems/ruby-1.9.3-p194/gems/activerecord-3.2.8/lib/active_record/fixtures.rb:895:in `load_fixtures'
    /usr/local/rvm/gems/ruby-1.9.3-p194/gems/activerecord-3.2.8/lib/active_record/fixtures.rb:849:in `setup_fixtures'
    /usr/local/rvm/gems/ruby-1.9.3-p194/gems/activesupport-3.2.8/lib/active_support/callbacks.rb:429:in `_run__718106619__setup__597155402__callbacks'
    /usr/local/rvm/gems/ruby-1.9.3-p194/gems/activesupport-3.2.8/lib/active_support/callbacks.rb:405:in `__run_callback'
    /usr/local/rvm/gems/ruby-1.9.3-p194/gems/activesupport-3.2.8/lib/active_support/callbacks.rb:385:in `_run_setup_callbacks'
    /usr/local/rvm/gems/ruby-1.9.3-p194/gems/activesupport-3.2.8/lib/active_support/callbacks.rb:81:in `run_callbacks'
    /usr/local/rvm/gems/ruby-1.9.3-p194/gems/activesupport-3.2.8/lib/active_support/testing/setup_and_teardown.rb:35:in `run'

  3) Error:
test_should_get_edit(MicropostsControllerTest):
ActiveRecord::StatementInvalid: Could not find table 'users'
    /usr/local/rvm/gems/ruby-1.9.3-p194/gems/activerecord-3.2.8/lib/active_record/connection_adapters/sqlite_adapter.rb:472:in `table_structure'
    /usr/local/rvm/gems/ruby-1.9.3-p194/gems/activerecord-3.2.8/lib/active_record/connection_adapters/sqlite_adapter.rb:346:in `columns'
    /usr/local/rvm/gems/ruby-1.9.3-p194/gems/activerecord-3.2.8/lib/active_record/fixtures.rb:660:in `column_names'
    /usr/local/rvm/gems/ruby-1.9.3-p194/gems/activerecord-3.2.8/lib/active_record/fixtures.rb:652:in `timestamp_column_names'
    /usr/local/rvm/gems/ruby-1.9.3-p194/gems/activerecord-3.2.8/lib/active_record/fixtures.rb:585:in `block in table_rows'
    /usr/local/rvm/gems/ruby-1.9.3-p194/gems/activerecord-3.2.8/lib/active_record/fixtures.rb:579:in `each'
    /usr/local/rvm/gems/ruby-1.9.3-p194/gems/activerecord-3.2.8/lib/active_record/fixtures.rb:579:in `map'
    /usr/local/rvm/gems/ruby-1.9.3-p194/gems/activerecord-3.2.8/lib/active_record/fixtures.rb:579:in `table_rows'
    /usr/local/rvm/gems/ruby-1.9.3-p194/gems/activerecord-3.2.8/lib/active_record/fixtures.rb:494:in `block (3 levels) in create_fixtures'
    /usr/local/rvm/gems/ruby-1.9.3-p194/gems/activerecord-3.2.8/lib/active_record/fixtures.rb:492:in `each'
    /usr/local/rvm/gems/ruby-1.9.3-p194/gems/activerecord-3.2.8/lib/active_record/fixtures.rb:492:in `block (2 levels) in create_fixtures'
    /usr/local/rvm/gems/ruby-1.9.3-p194/gems/activerecord-3.2.8/lib/active_record/connection_adapters/abstract/database_statements.rb:192:in `transaction'
    /usr/local/rvm/gems/ruby-1.9.3-p194/gems/activerecord-3.2.8/lib/active_record/fixtures.rb:491:in `block in create_fixtures'
    /usr/local/rvm/gems/ruby-1.9.3-p194/gems/activerecord-3.2.8/lib/active_record/connection_adapters/abstract_adapter.rb:168:in `disable_referential_integrity'
    /usr/local/rvm/gems/ruby-1.9.3-p194/gems/activerecord-3.2.8/lib/active_record/fixtures.rb:476:in `create_fixtures'
    /usr/local/rvm/gems/ruby-1.9.3-p194/gems/activerecord-3.2.8/lib/active_record/fixtures.rb:895:in `load_fixtures'
    /usr/local/rvm/gems/ruby-1.9.3-p194/gems/activerecord-3.2.8/lib/active_record/fixtures.rb:849:in `setup_fixtures'
    /usr/local/rvm/gems/ruby-1.9.3-p194/gems/activesupport-3.2.8/lib/active_support/callbacks.rb:429:in `_run__718106619__setup__597155402__callbacks'
    /usr/local/rvm/gems/ruby-1.9.3-p194/gems/activesupport-3.2.8/lib/active_support/callbacks.rb:405:in `__run_callback'
    /usr/local/rvm/gems/ruby-1.9.3-p194/gems/activesupport-3.2.8/lib/active_support/callbacks.rb:385:in `_run_setup_callbacks'
    /usr/local/rvm/gems/ruby-1.9.3-p194/gems/activesupport-3.2.8/lib/active_support/callbacks.rb:81:in `run_callbacks'
    /usr/local/rvm/gems/ruby-1.9.3-p194/gems/activesupport-3.2.8/lib/active_support/testing/setup_and_teardown.rb:35:in `run'

  4) Error:
test_should_get_index(MicropostsControllerTest):
ActiveRecord::StatementInvalid: Could not find table 'users'
    /usr/local/rvm/gems/ruby-1.9.3-p194/gems/activerecord-3.2.8/lib/active_record/connection_adapters/sqlite_adapter.rb:472:in `table_structure'
    /usr/local/rvm/gems/ruby-1.9.3-p194/gems/activerecord-3.2.8/lib/active_record/connection_adapters/sqlite_adapter.rb:346:in `columns'
    /usr/local/rvm/gems/ruby-1.9.3-p194/gems/activerecord-3.2.8/lib/active_record/fixtures.rb:660:in `column_names'
    /usr/local/rvm/gems/ruby-1.9.3-p194/gems/activerecord-3.2.8/lib/active_record/fixtures.rb:652:in `timestamp_column_names'
    /usr/local/rvm/gems/ruby-1.9.3-p194/gems/activerecord-3.2.8/lib/active_record/fixtures.rb:585:in `block in table_rows'
    /usr/local/rvm/gems/ruby-1.9.3-p194/gems/activerecord-3.2.8/lib/active_record/fixtures.rb:579:in `each'
    /usr/local/rvm/gems/ruby-1.9.3-p194/gems/activerecord-3.2.8/lib/active_record/fixtures.rb:579:in `map'
    /usr/local/rvm/gems/ruby-1.9.3-p194/gems/activerecord-3.2.8/lib/active_record/fixtures.rb:579:in `table_rows'
    /usr/local/rvm/gems/ruby-1.9.3-p194/gems/activerecord-3.2.8/lib/active_record/fixtures.rb:494:in `block (3 levels) in create_fixtures'
    /usr/local/rvm/gems/ruby-1.9.3-p194/gems/activerecord-3.2.8/lib/active_record/fixtures.rb:492:in `each'
    /usr/local/rvm/gems/ruby-1.9.3-p194/gems/activerecord-3.2.8/lib/active_record/fixtures.rb:492:in `block (2 levels) in create_fixtures'
    /usr/local/rvm/gems/ruby-1.9.3-p194/gems/activerecord-3.2.8/lib/active_record/connection_adapters/abstract/database_statements.rb:192:in `transaction'
    /usr/local/rvm/gems/ruby-1.9.3-p194/gems/activerecord-3.2.8/lib/active_record/fixtures.rb:491:in `block in create_fixtures'
    /usr/local/rvm/gems/ruby-1.9.3-p194/gems/activerecord-3.2.8/lib/active_record/connection_adapters/abstract_adapter.rb:168:in `disable_referential_integrity'
    /usr/local/rvm/gems/ruby-1.9.3-p194/gems/activerecord-3.2.8/lib/active_record/fixtures.rb:476:in `create_fixtures'
    /usr/local/rvm/gems/ruby-1.9.3-p194/gems/activerecord-3.2.8/lib/active_record/fixtures.rb:895:in `load_fixtures'
    /usr/local/rvm/gems/ruby-1.9.3-p194/gems/activerecord-3.2.8/lib/active_record/fixtures.rb:849:in `setup_fixtures'
    /usr/local/rvm/gems/ruby-1.9.3-p194/gems/activesupport-3.2.8/lib/active_support/callbacks.rb:429:in `_run__718106619__setup__597155402__callbacks'
    /usr/local/rvm/gems/ruby-1.9.3-p194/gems/activesupport-3.2.8/lib/active_support/callbacks.rb:405:in `__run_callback'
    /usr/local/rvm/gems/ruby-1.9.3-p194/gems/activesupport-3.2.8/lib/active_support/callbacks.rb:385:in `_run_setup_callbacks'
    /usr/local/rvm/gems/ruby-1.9.3-p194/gems/activesupport-3.2.8/lib/active_support/callbacks.rb:81:in `run_callbacks'
    /usr/local/rvm/gems/ruby-1.9.3-p194/gems/activesupport-3.2.8/lib/active_support/testing/setup_and_teardown.rb:35:in `run'

  5) Error:
test_should_get_new(MicropostsControllerTest):
ActiveRecord::StatementInvalid: Could not find table 'users'
    /usr/local/rvm/gems/ruby-1.9.3-p194/gems/activerecord-3.2.8/lib/active_record/connection_adapters/sqlite_adapter.rb:472:in `table_structure'
    /usr/local/rvm/gems/ruby-1.9.3-p194/gems/activerecord-3.2.8/lib/active_record/connection_adapters/sqlite_adapter.rb:346:in `columns'
    /usr/local/rvm/gems/ruby-1.9.3-p194/gems/activerecord-3.2.8/lib/active_record/fixtures.rb:660:in `column_names'
    /usr/local/rvm/gems/ruby-1.9.3-p194/gems/activerecord-3.2.8/lib/active_record/fixtures.rb:652:in `timestamp_column_names'
    /usr/local/rvm/gems/ruby-1.9.3-p194/gems/activerecord-3.2.8/lib/active_record/fixtures.rb:585:in `block in table_rows'
    /usr/local/rvm/gems/ruby-1.9.3-p194/gems/activerecord-3.2.8/lib/active_record/fixtures.rb:579:in `each'
    /usr/local/rvm/gems/ruby-1.9.3-p194/gems/activerecord-3.2.8/lib/active_record/fixtures.rb:579:in `map'
    /usr/local/rvm/gems/ruby-1.9.3-p194/gems/activerecord-3.2.8/lib/active_record/fixtures.rb:579:in `table_rows'
    /usr/local/rvm/gems/ruby-1.9.3-p194/gems/activerecord-3.2.8/lib/active_record/fixtures.rb:494:in `block (3 levels) in create_fixtures'
    /usr/local/rvm/gems/ruby-1.9.3-p194/gems/activerecord-3.2.8/lib/active_record/fixtures.rb:492:in `each'
    /usr/local/rvm/gems/ruby-1.9.3-p194/gems/activerecord-3.2.8/lib/active_record/fixtures.rb:492:in `block (2 levels) in create_fixtures'
    /usr/local/rvm/gems/ruby-1.9.3-p194/gems/activerecord-3.2.8/lib/active_record/connection_adapters/abstract/database_statements.rb:192:in `transaction'
    /usr/local/rvm/gems/ruby-1.9.3-p194/gems/activerecord-3.2.8/lib/active_record/fixtures.rb:491:in `block in create_fixtures'
    /usr/local/rvm/gems/ruby-1.9.3-p194/gems/activerecord-3.2.8/lib/active_record/connection_adapters/abstract_adapter.rb:168:in `disable_referential_integrity'
    /usr/local/rvm/gems/ruby-1.9.3-p194/gems/activerecord-3.2.8/lib/active_record/fixtures.rb:476:in `create_fixtures'
    /usr/local/rvm/gems/ruby-1.9.3-p194/gems/activerecord-3.2.8/lib/active_record/fixtures.rb:895:in `load_fixtures'
    /usr/local/rvm/gems/ruby-1.9.3-p194/gems/activerecord-3.2.8/lib/active_record/fixtures.rb:849:in `setup_fixtures'
    /usr/local/rvm/gems/ruby-1.9.3-p194/gems/activesupport-3.2.8/lib/active_support/callbacks.rb:429:in `_run__718106619__setup__597155402__callbacks'
    /usr/local/rvm/gems/ruby-1.9.3-p194/gems/activesupport-3.2.8/lib/active_support/callbacks.rb:405:in `__run_callback'
    /usr/local/rvm/gems/ruby-1.9.3-p194/gems/activesupport-3.2.8/lib/active_support/callbacks.rb:385:in `_run_setup_callbacks'
    /usr/local/rvm/gems/ruby-1.9.3-p194/gems/activesupport-3.2.8/lib/active_support/callbacks.rb:81:in `run_callbacks'
    /usr/local/rvm/gems/ruby-1.9.3-p194/gems/activesupport-3.2.8/lib/active_support/testing/setup_and_teardown.rb:35:in `run'

  6) Error:
test_should_show_micropost(MicropostsControllerTest):
ActiveRecord::StatementInvalid: Could not find table 'users'
    /usr/local/rvm/gems/ruby-1.9.3-p194/gems/activerecord-3.2.8/lib/active_record/connection_adapters/sqlite_adapter.rb:472:in `table_structure'
    /usr/local/rvm/gems/ruby-1.9.3-p194/gems/activerecord-3.2.8/lib/active_record/connection_adapters/sqlite_adapter.rb:346:in `columns'
    /usr/local/rvm/gems/ruby-1.9.3-p194/gems/activerecord-3.2.8/lib/active_record/fixtures.rb:660:in `column_names'
    /usr/local/rvm/gems/ruby-1.9.3-p194/gems/activerecord-3.2.8/lib/active_record/fixtures.rb:652:in `timestamp_column_names'
    /usr/local/rvm/gems/ruby-1.9.3-p194/gems/activerecord-3.2.8/lib/active_record/fixtures.rb:585:in `block in table_rows'
    /usr/local/rvm/gems/ruby-1.9.3-p194/gems/activerecord-3.2.8/lib/active_record/fixtures.rb:579:in `each'
    /usr/local/rvm/gems/ruby-1.9.3-p194/gems/activerecord-3.2.8/lib/active_record/fixtures.rb:579:in `map'
    /usr/local/rvm/gems/ruby-1.9.3-p194/gems/activerecord-3.2.8/lib/active_record/fixtures.rb:579:in `table_rows'
    /usr/local/rvm/gems/ruby-1.9.3-p194/gems/activerecord-3.2.8/lib/active_record/fixtures.rb:494:in `block (3 levels) in create_fixtures'
    /usr/local/rvm/gems/ruby-1.9.3-p194/gems/activerecord-3.2.8/lib/active_record/fixtures.rb:492:in `each'
    /usr/local/rvm/gems/ruby-1.9.3-p194/gems/activerecord-3.2.8/lib/active_record/fixtures.rb:492:in `block (2 levels) in create_fixtures'
    /usr/local/rvm/gems/ruby-1.9.3-p194/gems/activerecord-3.2.8/lib/active_record/connection_adapters/abstract/database_statements.rb:192:in `transaction'
    /usr/local/rvm/gems/ruby-1.9.3-p194/gems/activerecord-3.2.8/lib/active_record/fixtures.rb:491:in `block in create_fixtures'
    /usr/local/rvm/gems/ruby-1.9.3-p194/gems/activerecord-3.2.8/lib/active_record/connection_adapters/abstract_adapter.rb:168:in `disable_referential_integrity'
    /usr/local/rvm/gems/ruby-1.9.3-p194/gems/activerecord-3.2.8/lib/active_record/fixtures.rb:476:in `create_fixtures'
    /usr/local/rvm/gems/ruby-1.9.3-p194/gems/activerecord-3.2.8/lib/active_record/fixtures.rb:895:in `load_fixtures'
    /usr/local/rvm/gems/ruby-1.9.3-p194/gems/activerecord-3.2.8/lib/active_record/fixtures.rb:849:in `setup_fixtures'
    /usr/local/rvm/gems/ruby-1.9.3-p194/gems/activesupport-3.2.8/lib/active_support/callbacks.rb:429:in `_run__718106619__setup__597155402__callbacks'
    /usr/local/rvm/gems/ruby-1.9.3-p194/gems/activesupport-3.2.8/lib/active_support/callbacks.rb:405:in `__run_callback'
    /usr/local/rvm/gems/ruby-1.9.3-p194/gems/activesupport-3.2.8/lib/active_support/callbacks.rb:385:in `_run_setup_callbacks'
    /usr/local/rvm/gems/ruby-1.9.3-p194/gems/activesupport-3.2.8/lib/active_support/callbacks.rb:81:in `run_callbacks'
    /usr/local/rvm/gems/ruby-1.9.3-p194/gems/activesupport-3.2.8/lib/active_support/testing/setup_and_teardown.rb:35:in `run'

  7) Error:
test_should_update_micropost(MicropostsControllerTest):
ActiveRecord::StatementInvalid: Could not find table 'users'
    /usr/local/rvm/gems/ruby-1.9.3-p194/gems/activerecord-3.2.8/lib/active_record/connection_adapters/sqlite_adapter.rb:472:in `table_structure'
    /usr/local/rvm/gems/ruby-1.9.3-p194/gems/activerecord-3.2.8/lib/active_record/connection_adapters/sqlite_adapter.rb:346:in `columns'
    /usr/local/rvm/gems/ruby-1.9.3-p194/gems/activerecord-3.2.8/lib/active_record/fixtures.rb:660:in `column_names'
    /usr/local/rvm/gems/ruby-1.9.3-p194/gems/activerecord-3.2.8/lib/active_record/fixtures.rb:652:in `timestamp_column_names'
    /usr/local/rvm/gems/ruby-1.9.3-p194/gems/activerecord-3.2.8/lib/active_record/fixtures.rb:585:in `block in table_rows'
    /usr/local/rvm/gems/ruby-1.9.3-p194/gems/activerecord-3.2.8/lib/active_record/fixtures.rb:579:in `each'
    /usr/local/rvm/gems/ruby-1.9.3-p194/gems/activerecord-3.2.8/lib/active_record/fixtures.rb:579:in `map'
    /usr/local/rvm/gems/ruby-1.9.3-p194/gems/activerecord-3.2.8/lib/active_record/fixtures.rb:579:in `table_rows'
    /usr/local/rvm/gems/ruby-1.9.3-p194/gems/activerecord-3.2.8/lib/active_record/fixtures.rb:494:in `block (3 levels) in create_fixtures'
    /usr/local/rvm/gems/ruby-1.9.3-p194/gems/activerecord-3.2.8/lib/active_record/fixtures.rb:492:in `each'
    /usr/local/rvm/gems/ruby-1.9.3-p194/gems/activerecord-3.2.8/lib/active_record/fixtures.rb:492:in `block (2 levels) in create_fixtures'
    /usr/local/rvm/gems/ruby-1.9.3-p194/gems/activerecord-3.2.8/lib/active_record/connection_adapters/abstract/database_statements.rb:192:in `transaction'
    /usr/local/rvm/gems/ruby-1.9.3-p194/gems/activerecord-3.2.8/lib/active_record/fixtures.rb:491:in `block in create_fixtures'
    /usr/local/rvm/gems/ruby-1.9.3-p194/gems/activerecord-3.2.8/lib/active_record/connection_adapters/abstract_adapter.rb:168:in `disable_referential_integrity'
    /usr/local/rvm/gems/ruby-1.9.3-p194/gems/activerecord-3.2.8/lib/active_record/fixtures.rb:476:in `create_fixtures'
    /usr/local/rvm/gems/ruby-1.9.3-p194/gems/activerecord-3.2.8/lib/active_record/fixtures.rb:895:in `load_fixtures'
    /usr/local/rvm/gems/ruby-1.9.3-p194/gems/activerecord-3.2.8/lib/active_record/fixtures.rb:849:in `setup_fixtures'
    /usr/local/rvm/gems/ruby-1.9.3-p194/gems/activesupport-3.2.8/lib/active_support/callbacks.rb:429:in `_run__718106619__setup__597155402__callbacks'
    /usr/local/rvm/gems/ruby-1.9.3-p194/gems/activesupport-3.2.8/lib/active_support/callbacks.rb:405:in `__run_callback'
    /usr/local/rvm/gems/ruby-1.9.3-p194/gems/activesupport-3.2.8/lib/active_support/callbacks.rb:385:in `_run_setup_callbacks'
    /usr/local/rvm/gems/ruby-1.9.3-p194/gems/activesupport-3.2.8/lib/active_support/callbacks.rb:81:in `run_callbacks'
    /usr/local/rvm/gems/ruby-1.9.3-p194/gems/activesupport-3.2.8/lib/active_support/testing/setup_and_teardown.rb:35:in `run'

7 tests, 0 assertions, 0 failures, 7 errors, 0 skips
Run options: -n "/^(test_should_create_user|test_should_destroy_user|test_should_get_edit|test_should_get_index|test_should_get_new|test_should_show_user|test_should_update_user)$/"

# Running tests:

EEEEEEE

Finished tests in 0.099610s, 70.2744 tests/s, 0.0000 assertions/s.

  1) Error:
test_should_create_user(UsersControllerTest):
ActiveRecord::StatementInvalid: Could not find table 'users'
    /usr/local/rvm/gems/ruby-1.9.3-p194/gems/activerecord-3.2.8/lib/active_record/connection_adapters/sqlite_adapter.rb:472:in `table_structure'
    /usr/local/rvm/gems/ruby-1.9.3-p194/gems/activerecord-3.2.8/lib/active_record/connection_adapters/sqlite_adapter.rb:346:in `columns'
    /usr/local/rvm/gems/ruby-1.9.3-p194/gems/activerecord-3.2.8/lib/active_record/fixtures.rb:660:in `column_names'
    /usr/local/rvm/gems/ruby-1.9.3-p194/gems/activerecord-3.2.8/lib/active_record/fixtures.rb:652:in `timestamp_column_names'
    /usr/local/rvm/gems/ruby-1.9.3-p194/gems/activerecord-3.2.8/lib/active_record/fixtures.rb:585:in `block in table_rows'
    /usr/local/rvm/gems/ruby-1.9.3-p194/gems/activerecord-3.2.8/lib/active_record/fixtures.rb:579:in `each'
    /usr/local/rvm/gems/ruby-1.9.3-p194/gems/activerecord-3.2.8/lib/active_record/fixtures.rb:579:in `map'
    /usr/local/rvm/gems/ruby-1.9.3-p194/gems/activerecord-3.2.8/lib/active_record/fixtures.rb:579:in `table_rows'
    /usr/local/rvm/gems/ruby-1.9.3-p194/gems/activerecord-3.2.8/lib/active_record/fixtures.rb:494:in `block (3 levels) in create_fixtures'
    /usr/local/rvm/gems/ruby-1.9.3-p194/gems/activerecord-3.2.8/lib/active_record/fixtures.rb:492:in `each'
    /usr/local/rvm/gems/ruby-1.9.3-p194/gems/activerecord-3.2.8/lib/active_record/fixtures.rb:492:in `block (2 levels) in create_fixtures'
    /usr/local/rvm/gems/ruby-1.9.3-p194/gems/activerecord-3.2.8/lib/active_record/connection_adapters/abstract/database_statements.rb:192:in `transaction'
    /usr/local/rvm/gems/ruby-1.9.3-p194/gems/activerecord-3.2.8/lib/active_record/fixtures.rb:491:in `block in create_fixtures'
    /usr/local/rvm/gems/ruby-1.9.3-p194/gems/activerecord-3.2.8/lib/active_record/connection_adapters/abstract_adapter.rb:168:in `disable_referential_integrity'
    /usr/local/rvm/gems/ruby-1.9.3-p194/gems/activerecord-3.2.8/lib/active_record/fixtures.rb:476:in `create_fixtures'
    /usr/local/rvm/gems/ruby-1.9.3-p194/gems/activerecord-3.2.8/lib/active_record/fixtures.rb:895:in `load_fixtures'
    /usr/local/rvm/gems/ruby-1.9.3-p194/gems/activerecord-3.2.8/lib/active_record/fixtures.rb:849:in `setup_fixtures'
    /usr/local/rvm/gems/ruby-1.9.3-p194/gems/activesupport-3.2.8/lib/active_support/callbacks.rb:429:in `_run__481777683__setup__626373452__callbacks'
    /usr/local/rvm/gems/ruby-1.9.3-p194/gems/activesupport-3.2.8/lib/active_support/callbacks.rb:405:in `__run_callback'
    /usr/local/rvm/gems/ruby-1.9.3-p194/gems/activesupport-3.2.8/lib/active_support/callbacks.rb:385:in `_run_setup_callbacks'
    /usr/local/rvm/gems/ruby-1.9.3-p194/gems/activesupport-3.2.8/lib/active_support/callbacks.rb:81:in `run_callbacks'
    /usr/local/rvm/gems/ruby-1.9.3-p194/gems/activesupport-3.2.8/lib/active_support/testing/setup_and_teardown.rb:35:in `run'

  2) Error:
test_should_destroy_user(UsersControllerTest):
ActiveRecord::StatementInvalid: Could not find table 'users'
    /usr/local/rvm/gems/ruby-1.9.3-p194/gems/activerecord-3.2.8/lib/active_record/connection_adapters/sqlite_adapter.rb:472:in `table_structure'
    /usr/local/rvm/gems/ruby-1.9.3-p194/gems/activerecord-3.2.8/lib/active_record/connection_adapters/sqlite_adapter.rb:346:in `columns'
    /usr/local/rvm/gems/ruby-1.9.3-p194/gems/activerecord-3.2.8/lib/active_record/fixtures.rb:660:in `column_names'
    /usr/local/rvm/gems/ruby-1.9.3-p194/gems/activerecord-3.2.8/lib/active_record/fixtures.rb:652:in `timestamp_column_names'
    /usr/local/rvm/gems/ruby-1.9.3-p194/gems/activerecord-3.2.8/lib/active_record/fixtures.rb:585:in `block in table_rows'
    /usr/local/rvm/gems/ruby-1.9.3-p194/gems/activerecord-3.2.8/lib/active_record/fixtures.rb:579:in `each'
    /usr/local/rvm/gems/ruby-1.9.3-p194/gems/activerecord-3.2.8/lib/active_record/fixtures.rb:579:in `map'
    /usr/local/rvm/gems/ruby-1.9.3-p194/gems/activerecord-3.2.8/lib/active_record/fixtures.rb:579:in `table_rows'
    /usr/local/rvm/gems/ruby-1.9.3-p194/gems/activerecord-3.2.8/lib/active_record/fixtures.rb:494:in `block (3 levels) in create_fixtures'
    /usr/local/rvm/gems/ruby-1.9.3-p194/gems/activerecord-3.2.8/lib/active_record/fixtures.rb:492:in `each'
    /usr/local/rvm/gems/ruby-1.9.3-p194/gems/activerecord-3.2.8/lib/active_record/fixtures.rb:492:in `block (2 levels) in create_fixtures'
    /usr/local/rvm/gems/ruby-1.9.3-p194/gems/activerecord-3.2.8/lib/active_record/connection_adapters/abstract/database_statements.rb:192:in `transaction'
    /usr/local/rvm/gems/ruby-1.9.3-p194/gems/activerecord-3.2.8/lib/active_record/fixtures.rb:491:in `block in create_fixtures'
    /usr/local/rvm/gems/ruby-1.9.3-p194/gems/activerecord-3.2.8/lib/active_record/connection_adapters/abstract_adapter.rb:168:in `disable_referential_integrity'
    /usr/local/rvm/gems/ruby-1.9.3-p194/gems/activerecord-3.2.8/lib/active_record/fixtures.rb:476:in `create_fixtures'
    /usr/local/rvm/gems/ruby-1.9.3-p194/gems/activerecord-3.2.8/lib/active_record/fixtures.rb:895:in `load_fixtures'
    /usr/local/rvm/gems/ruby-1.9.3-p194/gems/activerecord-3.2.8/lib/active_record/fixtures.rb:849:in `setup_fixtures'
    /usr/local/rvm/gems/ruby-1.9.3-p194/gems/activesupport-3.2.8/lib/active_support/callbacks.rb:429:in `_run__481777683__setup__626373452__callbacks'
    /usr/local/rvm/gems/ruby-1.9.3-p194/gems/activesupport-3.2.8/lib/active_support/callbacks.rb:405:in `__run_callback'
    /usr/local/rvm/gems/ruby-1.9.3-p194/gems/activesupport-3.2.8/lib/active_support/callbacks.rb:385:in `_run_setup_callbacks'
    /usr/local/rvm/gems/ruby-1.9.3-p194/gems/activesupport-3.2.8/lib/active_support/callbacks.rb:81:in `run_callbacks'
    /usr/local/rvm/gems/ruby-1.9.3-p194/gems/activesupport-3.2.8/lib/active_support/testing/setup_and_teardown.rb:35:in `run'

  3) Error:
test_should_get_edit(UsersControllerTest):
ActiveRecord::StatementInvalid: Could not find table 'users'
    /usr/local/rvm/gems/ruby-1.9.3-p194/gems/activerecord-3.2.8/lib/active_record/connection_adapters/sqlite_adapter.rb:472:in `table_structure'
    /usr/local/rvm/gems/ruby-1.9.3-p194/gems/activerecord-3.2.8/lib/active_record/connection_adapters/sqlite_adapter.rb:346:in `columns'
    /usr/local/rvm/gems/ruby-1.9.3-p194/gems/activerecord-3.2.8/lib/active_record/fixtures.rb:660:in `column_names'
    /usr/local/rvm/gems/ruby-1.9.3-p194/gems/activerecord-3.2.8/lib/active_record/fixtures.rb:652:in `timestamp_column_names'
    /usr/local/rvm/gems/ruby-1.9.3-p194/gems/activerecord-3.2.8/lib/active_record/fixtures.rb:585:in `block in table_rows'
    /usr/local/rvm/gems/ruby-1.9.3-p194/gems/activerecord-3.2.8/lib/active_record/fixtures.rb:579:in `each'
    /usr/local/rvm/gems/ruby-1.9.3-p194/gems/activerecord-3.2.8/lib/active_record/fixtures.rb:579:in `map'
    /usr/local/rvm/gems/ruby-1.9.3-p194/gems/activerecord-3.2.8/lib/active_record/fixtures.rb:579:in `table_rows'
    /usr/local/rvm/gems/ruby-1.9.3-p194/gems/activerecord-3.2.8/lib/active_record/fixtures.rb:494:in `block (3 levels) in create_fixtures'
    /usr/local/rvm/gems/ruby-1.9.3-p194/gems/activerecord-3.2.8/lib/active_record/fixtures.rb:492:in `each'
    /usr/local/rvm/gems/ruby-1.9.3-p194/gems/activerecord-3.2.8/lib/active_record/fixtures.rb:492:in `block (2 levels) in create_fixtures'
    /usr/local/rvm/gems/ruby-1.9.3-p194/gems/activerecord-3.2.8/lib/active_record/connection_adapters/abstract/database_statements.rb:192:in `transaction'
    /usr/local/rvm/gems/ruby-1.9.3-p194/gems/activerecord-3.2.8/lib/active_record/fixtures.rb:491:in `block in create_fixtures'
    /usr/local/rvm/gems/ruby-1.9.3-p194/gems/activerecord-3.2.8/lib/active_record/connection_adapters/abstract_adapter.rb:168:in `disable_referential_integrity'
    /usr/local/rvm/gems/ruby-1.9.3-p194/gems/activerecord-3.2.8/lib/active_record/fixtures.rb:476:in `create_fixtures'
    /usr/local/rvm/gems/ruby-1.9.3-p194/gems/activerecord-3.2.8/lib/active_record/fixtures.rb:895:in `load_fixtures'
    /usr/local/rvm/gems/ruby-1.9.3-p194/gems/activerecord-3.2.8/lib/active_record/fixtures.rb:849:in `setup_fixtures'
    /usr/local/rvm/gems/ruby-1.9.3-p194/gems/activesupport-3.2.8/lib/active_support/callbacks.rb:429:in `_run__481777683__setup__626373452__callbacks'
    /usr/local/rvm/gems/ruby-1.9.3-p194/gems/activesupport-3.2.8/lib/active_support/callbacks.rb:405:in `__run_callback'
    /usr/local/rvm/gems/ruby-1.9.3-p194/gems/activesupport-3.2.8/lib/active_support/callbacks.rb:385:in `_run_setup_callbacks'
    /usr/local/rvm/gems/ruby-1.9.3-p194/gems/activesupport-3.2.8/lib/active_support/callbacks.rb:81:in `run_callbacks'
    /usr/local/rvm/gems/ruby-1.9.3-p194/gems/activesupport-3.2.8/lib/active_support/testing/setup_and_teardown.rb:35:in `run'

  4) Error:
test_should_get_index(UsersControllerTest):
ActiveRecord::StatementInvalid: Could not find table 'users'
    /usr/local/rvm/gems/ruby-1.9.3-p194/gems/activerecord-3.2.8/lib/active_record/connection_adapters/sqlite_adapter.rb:472:in `table_structure'
    /usr/local/rvm/gems/ruby-1.9.3-p194/gems/activerecord-3.2.8/lib/active_record/connection_adapters/sqlite_adapter.rb:346:in `columns'
    /usr/local/rvm/gems/ruby-1.9.3-p194/gems/activerecord-3.2.8/lib/active_record/fixtures.rb:660:in `column_names'
    /usr/local/rvm/gems/ruby-1.9.3-p194/gems/activerecord-3.2.8/lib/active_record/fixtures.rb:652:in `timestamp_column_names'
    /usr/local/rvm/gems/ruby-1.9.3-p194/gems/activerecord-3.2.8/lib/active_record/fixtures.rb:585:in `block in table_rows'
    /usr/local/rvm/gems/ruby-1.9.3-p194/gems/activerecord-3.2.8/lib/active_record/fixtures.rb:579:in `each'
    /usr/local/rvm/gems/ruby-1.9.3-p194/gems/activerecord-3.2.8/lib/active_record/fixtures.rb:579:in `map'
    /usr/local/rvm/gems/ruby-1.9.3-p194/gems/activerecord-3.2.8/lib/active_record/fixtures.rb:579:in `table_rows'
    /usr/local/rvm/gems/ruby-1.9.3-p194/gems/activerecord-3.2.8/lib/active_record/fixtures.rb:494:in `block (3 levels) in create_fixtures'
    /usr/local/rvm/gems/ruby-1.9.3-p194/gems/activerecord-3.2.8/lib/active_record/fixtures.rb:492:in `each'
    /usr/local/rvm/gems/ruby-1.9.3-p194/gems/activerecord-3.2.8/lib/active_record/fixtures.rb:492:in `block (2 levels) in create_fixtures'
    /usr/local/rvm/gems/ruby-1.9.3-p194/gems/activerecord-3.2.8/lib/active_record/connection_adapters/abstract/database_statements.rb:192:in `transaction'
    /usr/local/rvm/gems/ruby-1.9.3-p194/gems/activerecord-3.2.8/lib/active_record/fixtures.rb:491:in `block in create_fixtures'
    /usr/local/rvm/gems/ruby-1.9.3-p194/gems/activerecord-3.2.8/lib/active_record/connection_adapters/abstract_adapter.rb:168:in `disable_referential_integrity'
    /usr/local/rvm/gems/ruby-1.9.3-p194/gems/activerecord-3.2.8/lib/active_record/fixtures.rb:476:in `create_fixtures'
    /usr/local/rvm/gems/ruby-1.9.3-p194/gems/activerecord-3.2.8/lib/active_record/fixtures.rb:895:in `load_fixtures'
    /usr/local/rvm/gems/ruby-1.9.3-p194/gems/activerecord-3.2.8/lib/active_record/fixtures.rb:849:in `setup_fixtures'
    /usr/local/rvm/gems/ruby-1.9.3-p194/gems/activesupport-3.2.8/lib/active_support/callbacks.rb:429:in `_run__481777683__setup__626373452__callbacks'
    /usr/local/rvm/gems/ruby-1.9.3-p194/gems/activesupport-3.2.8/lib/active_support/callbacks.rb:405:in `__run_callback'
    /usr/local/rvm/gems/ruby-1.9.3-p194/gems/activesupport-3.2.8/lib/active_support/callbacks.rb:385:in `_run_setup_callbacks'
    /usr/local/rvm/gems/ruby-1.9.3-p194/gems/activesupport-3.2.8/lib/active_support/callbacks.rb:81:in `run_callbacks'
    /usr/local/rvm/gems/ruby-1.9.3-p194/gems/activesupport-3.2.8/lib/active_support/testing/setup_and_teardown.rb:35:in `run'

  5) Error:
test_should_get_new(UsersControllerTest):
ActiveRecord::StatementInvalid: Could not find table 'users'
    /usr/local/rvm/gems/ruby-1.9.3-p194/gems/activerecord-3.2.8/lib/active_record/connection_adapters/sqlite_adapter.rb:472:in `table_structure'
    /usr/local/rvm/gems/ruby-1.9.3-p194/gems/activerecord-3.2.8/lib/active_record/connection_adapters/sqlite_adapter.rb:346:in `columns'
    /usr/local/rvm/gems/ruby-1.9.3-p194/gems/activerecord-3.2.8/lib/active_record/fixtures.rb:660:in `column_names'
    /usr/local/rvm/gems/ruby-1.9.3-p194/gems/activerecord-3.2.8/lib/active_record/fixtures.rb:652:in `timestamp_column_names'
    /usr/local/rvm/gems/ruby-1.9.3-p194/gems/activerecord-3.2.8/lib/active_record/fixtures.rb:585:in `block in table_rows'
    /usr/local/rvm/gems/ruby-1.9.3-p194/gems/activerecord-3.2.8/lib/active_record/fixtures.rb:579:in `each'
    /usr/local/rvm/gems/ruby-1.9.3-p194/gems/activerecord-3.2.8/lib/active_record/fixtures.rb:579:in `map'
    /usr/local/rvm/gems/ruby-1.9.3-p194/gems/activerecord-3.2.8/lib/active_record/fixtures.rb:579:in `table_rows'
    /usr/local/rvm/gems/ruby-1.9.3-p194/gems/activerecord-3.2.8/lib/active_record/fixtures.rb:494:in `block (3 levels) in create_fixtures'
    /usr/local/rvm/gems/ruby-1.9.3-p194/gems/activerecord-3.2.8/lib/active_record/fixtures.rb:492:in `each'
    /usr/local/rvm/gems/ruby-1.9.3-p194/gems/activerecord-3.2.8/lib/active_record/fixtures.rb:492:in `block (2 levels) in create_fixtures'
    /usr/local/rvm/gems/ruby-1.9.3-p194/gems/activerecord-3.2.8/lib/active_record/connection_adapters/abstract/database_statements.rb:192:in `transaction'
    /usr/local/rvm/gems/ruby-1.9.3-p194/gems/activerecord-3.2.8/lib/active_record/fixtures.rb:491:in `block in create_fixtures'
    /usr/local/rvm/gems/ruby-1.9.3-p194/gems/activerecord-3.2.8/lib/active_record/connection_adapters/abstract_adapter.rb:168:in `disable_referential_integrity'
    /usr/local/rvm/gems/ruby-1.9.3-p194/gems/activerecord-3.2.8/lib/active_record/fixtures.rb:476:in `create_fixtures'
    /usr/local/rvm/gems/ruby-1.9.3-p194/gems/activerecord-3.2.8/lib/active_record/fixtures.rb:895:in `load_fixtures'
    /usr/local/rvm/gems/ruby-1.9.3-p194/gems/activerecord-3.2.8/lib/active_record/fixtures.rb:849:in `setup_fixtures'
    /usr/local/rvm/gems/ruby-1.9.3-p194/gems/activesupport-3.2.8/lib/active_support/callbacks.rb:429:in `_run__481777683__setup__626373452__callbacks'
    /usr/local/rvm/gems/ruby-1.9.3-p194/gems/activesupport-3.2.8/lib/active_support/callbacks.rb:405:in `__run_callback'
    /usr/local/rvm/gems/ruby-1.9.3-p194/gems/activesupport-3.2.8/lib/active_support/callbacks.rb:385:in `_run_setup_callbacks'
    /usr/local/rvm/gems/ruby-1.9.3-p194/gems/activesupport-3.2.8/lib/active_support/callbacks.rb:81:in `run_callbacks'
    /usr/local/rvm/gems/ruby-1.9.3-p194/gems/activesupport-3.2.8/lib/active_support/testing/setup_and_teardown.rb:35:in `run'

  6) Error:
test_should_show_user(UsersControllerTest):
ActiveRecord::StatementInvalid: Could not find table 'users'
    /usr/local/rvm/gems/ruby-1.9.3-p194/gems/activerecord-3.2.8/lib/active_record/connection_adapters/sqlite_adapter.rb:472:in `table_structure'
    /usr/local/rvm/gems/ruby-1.9.3-p194/gems/activerecord-3.2.8/lib/active_record/connection_adapters/sqlite_adapter.rb:346:in `columns'
    /usr/local/rvm/gems/ruby-1.9.3-p194/gems/activerecord-3.2.8/lib/active_record/fixtures.rb:660:in `column_names'
    /usr/local/rvm/gems/ruby-1.9.3-p194/gems/activerecord-3.2.8/lib/active_record/fixtures.rb:652:in `timestamp_column_names'
    /usr/local/rvm/gems/ruby-1.9.3-p194/gems/activerecord-3.2.8/lib/active_record/fixtures.rb:585:in `block in table_rows'
    /usr/local/rvm/gems/ruby-1.9.3-p194/gems/activerecord-3.2.8/lib/active_record/fixtures.rb:579:in `each'
    /usr/local/rvm/gems/ruby-1.9.3-p194/gems/activerecord-3.2.8/lib/active_record/fixtures.rb:579:in `map'
    /usr/local/rvm/gems/ruby-1.9.3-p194/gems/activerecord-3.2.8/lib/active_record/fixtures.rb:579:in `table_rows'
    /usr/local/rvm/gems/ruby-1.9.3-p194/gems/activerecord-3.2.8/lib/active_record/fixtures.rb:494:in `block (3 levels) in create_fixtures'
    /usr/local/rvm/gems/ruby-1.9.3-p194/gems/activerecord-3.2.8/lib/active_record/fixtures.rb:492:in `each'
    /usr/local/rvm/gems/ruby-1.9.3-p194/gems/activerecord-3.2.8/lib/active_record/fixtures.rb:492:in `block (2 levels) in create_fixtures'
    /usr/local/rvm/gems/ruby-1.9.3-p194/gems/activerecord-3.2.8/lib/active_record/connection_adapters/abstract/database_statements.rb:192:in `transaction'
    /usr/local/rvm/gems/ruby-1.9.3-p194/gems/activerecord-3.2.8/lib/active_record/fixtures.rb:491:in `block in create_fixtures'
    /usr/local/rvm/gems/ruby-1.9.3-p194/gems/activerecord-3.2.8/lib/active_record/connection_adapters/abstract_adapter.rb:168:in `disable_referential_integrity'
    /usr/local/rvm/gems/ruby-1.9.3-p194/gems/activerecord-3.2.8/lib/active_record/fixtures.rb:476:in `create_fixtures'
    /usr/local/rvm/gems/ruby-1.9.3-p194/gems/activerecord-3.2.8/lib/active_record/fixtures.rb:895:in `load_fixtures'
    /usr/local/rvm/gems/ruby-1.9.3-p194/gems/activerecord-3.2.8/lib/active_record/fixtures.rb:849:in `setup_fixtures'
    /usr/local/rvm/gems/ruby-1.9.3-p194/gems/activesupport-3.2.8/lib/active_support/callbacks.rb:429:in `_run__481777683__setup__626373452__callbacks'
    /usr/local/rvm/gems/ruby-1.9.3-p194/gems/activesupport-3.2.8/lib/active_support/callbacks.rb:405:in `__run_callback'
    /usr/local/rvm/gems/ruby-1.9.3-p194/gems/activesupport-3.2.8/lib/active_support/callbacks.rb:385:in `_run_setup_callbacks'
    /usr/local/rvm/gems/ruby-1.9.3-p194/gems/activesupport-3.2.8/lib/active_support/callbacks.rb:81:in `run_callbacks'
    /usr/local/rvm/gems/ruby-1.9.3-p194/gems/activesupport-3.2.8/lib/active_support/testing/setup_and_teardown.rb:35:in `run'

  7) Error:
test_should_update_user(UsersControllerTest):
ActiveRecord::StatementInvalid: Could not find table 'users'
    /usr/local/rvm/gems/ruby-1.9.3-p194/gems/activerecord-3.2.8/lib/active_record/connection_adapters/sqlite_adapter.rb:472:in `table_structure'
    /usr/local/rvm/gems/ruby-1.9.3-p194/gems/activerecord-3.2.8/lib/active_record/connection_adapters/sqlite_adapter.rb:346:in `columns'
    /usr/local/rvm/gems/ruby-1.9.3-p194/gems/activerecord-3.2.8/lib/active_record/fixtures.rb:660:in `column_names'
    /usr/local/rvm/gems/ruby-1.9.3-p194/gems/activerecord-3.2.8/lib/active_record/fixtures.rb:652:in `timestamp_column_names'
    /usr/local/rvm/gems/ruby-1.9.3-p194/gems/activerecord-3.2.8/lib/active_record/fixtures.rb:585:in `block in table_rows'
    /usr/local/rvm/gems/ruby-1.9.3-p194/gems/activerecord-3.2.8/lib/active_record/fixtures.rb:579:in `each'
    /usr/local/rvm/gems/ruby-1.9.3-p194/gems/activerecord-3.2.8/lib/active_record/fixtures.rb:579:in `map'
    /usr/local/rvm/gems/ruby-1.9.3-p194/gems/activerecord-3.2.8/lib/active_record/fixtures.rb:579:in `table_rows'
    /usr/local/rvm/gems/ruby-1.9.3-p194/gems/activerecord-3.2.8/lib/active_record/fixtures.rb:494:in `block (3 levels) in create_fixtures'
    /usr/local/rvm/gems/ruby-1.9.3-p194/gems/activerecord-3.2.8/lib/active_record/fixtures.rb:492:in `each'
    /usr/local/rvm/gems/ruby-1.9.3-p194/gems/activerecord-3.2.8/lib/active_record/fixtures.rb:492:in `block (2 levels) in create_fixtures'
    /usr/local/rvm/gems/ruby-1.9.3-p194/gems/activerecord-3.2.8/lib/active_record/connection_adapters/abstract/database_statements.rb:192:in `transaction'
    /usr/local/rvm/gems/ruby-1.9.3-p194/gems/activerecord-3.2.8/lib/active_record/fixtures.rb:491:in `block in create_fixtures'
    /usr/local/rvm/gems/ruby-1.9.3-p194/gems/activerecord-3.2.8/lib/active_record/connection_adapters/abstract_adapter.rb:168:in `disable_referential_integrity'
    /usr/local/rvm/gems/ruby-1.9.3-p194/gems/activerecord-3.2.8/lib/active_record/fixtures.rb:476:in `create_fixtures'
    /usr/local/rvm/gems/ruby-1.9.3-p194/gems/activerecord-3.2.8/lib/active_record/fixtures.rb:895:in `load_fixtures'
    /usr/local/rvm/gems/ruby-1.9.3-p194/gems/activerecord-3.2.8/lib/active_record/fixtures.rb:849:in `setup_fixtures'
    /usr/local/rvm/gems/ruby-1.9.3-p194/gems/activesupport-3.2.8/lib/active_support/callbacks.rb:429:in `_run__481777683__setup__626373452__callbacks'
    /usr/local/rvm/gems/ruby-1.9.3-p194/gems/activesupport-3.2.8/lib/active_support/callbacks.rb:405:in `__run_callback'
    /usr/local/rvm/gems/ruby-1.9.3-p194/gems/activesupport-3.2.8/lib/active_support/callbacks.rb:385:in `_run_setup_callbacks'
    /usr/local/rvm/gems/ruby-1.9.3-p194/gems/activesupport-3.2.8/lib/active_support/callbacks.rb:81:in `run_callbacks'
    /usr/local/rvm/gems/ruby-1.9.3-p194/gems/activesupport-3.2.8/lib/active_support/testing/setup_and_teardown.rb:35:in `run'

7 tests, 0 assertions, 0 failures, 7 errors, 0 skips
Run options: -n "/^(test_should_get_contact|test_should_get_home)$/"

# Running tests:

EE

Finished tests in 0.048862s, 40.9313 tests/s, 0.0000 assertions/s.

  1) Error:
test_should_get_contact(PagesControllerTest):
ActiveRecord::StatementInvalid: Could not find table 'users'
    /usr/local/rvm/gems/ruby-1.9.3-p194/gems/activerecord-3.2.8/lib/active_record/connection_adapters/sqlite_adapter.rb:472:in `table_structure'
    /usr/local/rvm/gems/ruby-1.9.3-p194/gems/activerecord-3.2.8/lib/active_record/connection_adapters/sqlite_adapter.rb:346:in `columns'
    /usr/local/rvm/gems/ruby-1.9.3-p194/gems/activerecord-3.2.8/lib/active_record/fixtures.rb:660:in `column_names'
    /usr/local/rvm/gems/ruby-1.9.3-p194/gems/activerecord-3.2.8/lib/active_record/fixtures.rb:652:in `timestamp_column_names'
    /usr/local/rvm/gems/ruby-1.9.3-p194/gems/activerecord-3.2.8/lib/active_record/fixtures.rb:585:in `block in table_rows'
    /usr/local/rvm/gems/ruby-1.9.3-p194/gems/activerecord-3.2.8/lib/active_record/fixtures.rb:579:in `each'
    /usr/local/rvm/gems/ruby-1.9.3-p194/gems/activerecord-3.2.8/lib/active_record/fixtures.rb:579:in `map'
    /usr/local/rvm/gems/ruby-1.9.3-p194/gems/activerecord-3.2.8/lib/active_record/fixtures.rb:579:in `table_rows'
    /usr/local/rvm/gems/ruby-1.9.3-p194/gems/activerecord-3.2.8/lib/active_record/fixtures.rb:494:in `block (3 levels) in create_fixtures'
    /usr/local/rvm/gems/ruby-1.9.3-p194/gems/activerecord-3.2.8/lib/active_record/fixtures.rb:492:in `each'
    /usr/local/rvm/gems/ruby-1.9.3-p194/gems/activerecord-3.2.8/lib/active_record/fixtures.rb:492:in `block (2 levels) in create_fixtures'
    /usr/local/rvm/gems/ruby-1.9.3-p194/gems/activerecord-3.2.8/lib/active_record/connection_adapters/abstract/database_statements.rb:192:in `transaction'
    /usr/local/rvm/gems/ruby-1.9.3-p194/gems/activerecord-3.2.8/lib/active_record/fixtures.rb:491:in `block in create_fixtures'
    /usr/local/rvm/gems/ruby-1.9.3-p194/gems/activerecord-3.2.8/lib/active_record/connection_adapters/abstract_adapter.rb:168:in `disable_referential_integrity'
    /usr/local/rvm/gems/ruby-1.9.3-p194/gems/activerecord-3.2.8/lib/active_record/fixtures.rb:476:in `create_fixtures'
    /usr/local/rvm/gems/ruby-1.9.3-p194/gems/activerecord-3.2.8/lib/active_record/fixtures.rb:895:in `load_fixtures'
    /usr/local/rvm/gems/ruby-1.9.3-p194/gems/activerecord-3.2.8/lib/active_record/fixtures.rb:849:in `setup_fixtures'
    /usr/local/rvm/gems/ruby-1.9.3-p194/gems/activesupport-3.2.8/lib/active_support/callbacks.rb:429:in `_run__813668804__setup__1007720266__callbacks'
    /usr/local/rvm/gems/ruby-1.9.3-p194/gems/activesupport-3.2.8/lib/active_support/callbacks.rb:405:in `__run_callback'
    /usr/local/rvm/gems/ruby-1.9.3-p194/gems/activesupport-3.2.8/lib/active_support/callbacks.rb:385:in `_run_setup_callbacks'
    /usr/local/rvm/gems/ruby-1.9.3-p194/gems/activesupport-3.2.8/lib/active_support/callbacks.rb:81:in `run_callbacks'
    /usr/local/rvm/gems/ruby-1.9.3-p194/gems/activesupport-3.2.8/lib/active_support/testing/setup_and_teardown.rb:35:in `run'

  2) Error:
test_should_get_home(PagesControllerTest):
ActiveRecord::StatementInvalid: Could not find table 'users'
    /usr/local/rvm/gems/ruby-1.9.3-p194/gems/activerecord-3.2.8/lib/active_record/connection_adapters/sqlite_adapter.rb:472:in `table_structure'
    /usr/local/rvm/gems/ruby-1.9.3-p194/gems/activerecord-3.2.8/lib/active_record/connection_adapters/sqlite_adapter.rb:346:in `columns'
    /usr/local/rvm/gems/ruby-1.9.3-p194/gems/activerecord-3.2.8/lib/active_record/fixtures.rb:660:in `column_names'
    /usr/local/rvm/gems/ruby-1.9.3-p194/gems/activerecord-3.2.8/lib/active_record/fixtures.rb:652:in `timestamp_column_names'
    /usr/local/rvm/gems/ruby-1.9.3-p194/gems/activerecord-3.2.8/lib/active_record/fixtures.rb:585:in `block in table_rows'
    /usr/local/rvm/gems/ruby-1.9.3-p194/gems/activerecord-3.2.8/lib/active_record/fixtures.rb:579:in `each'
    /usr/local/rvm/gems/ruby-1.9.3-p194/gems/activerecord-3.2.8/lib/active_record/fixtures.rb:579:in `map'
    /usr/local/rvm/gems/ruby-1.9.3-p194/gems/activerecord-3.2.8/lib/active_record/fixtures.rb:579:in `table_rows'
    /usr/local/rvm/gems/ruby-1.9.3-p194/gems/activerecord-3.2.8/lib/active_record/fixtures.rb:494:in `block (3 levels) in create_fixtures'
    /usr/local/rvm/gems/ruby-1.9.3-p194/gems/activerecord-3.2.8/lib/active_record/fixtures.rb:492:in `each'
    /usr/local/rvm/gems/ruby-1.9.3-p194/gems/activerecord-3.2.8/lib/active_record/fixtures.rb:492:in `block (2 levels) in create_fixtures'
    /usr/local/rvm/gems/ruby-1.9.3-p194/gems/activerecord-3.2.8/lib/active_record/connection_adapters/abstract/database_statements.rb:192:in `transaction'
    /usr/local/rvm/gems/ruby-1.9.3-p194/gems/activerecord-3.2.8/lib/active_record/fixtures.rb:491:in `block in create_fixtures'
    /usr/local/rvm/gems/ruby-1.9.3-p194/gems/activerecord-3.2.8/lib/active_record/connection_adapters/abstract_adapter.rb:168:in `disable_referential_integrity'
    /usr/local/rvm/gems/ruby-1.9.3-p194/gems/activerecord-3.2.8/lib/active_record/fixtures.rb:476:in `create_fixtures'
    /usr/local/rvm/gems/ruby-1.9.3-p194/gems/activerecord-3.2.8/lib/active_record/fixtures.rb:895:in `load_fixtures'
    /usr/local/rvm/gems/ruby-1.9.3-p194/gems/activerecord-3.2.8/lib/active_record/fixtures.rb:849:in `setup_fixtures'
    /usr/local/rvm/gems/ruby-1.9.3-p194/gems/activesupport-3.2.8/lib/active_support/callbacks.rb:429:in `_run__813668804__setup__1007720266__callbacks'
    /usr/local/rvm/gems/ruby-1.9.3-p194/gems/activesupport-3.2.8/lib/active_support/callbacks.rb:405:in `__run_callback'
    /usr/local/rvm/gems/ruby-1.9.3-p194/gems/activesupport-3.2.8/lib/active_support/callbacks.rb:385:in `_run_setup_callbacks'
    /usr/local/rvm/gems/ruby-1.9.3-p194/gems/activesupport-3.2.8/lib/active_support/callbacks.rb:81:in `run_callbacks'
    /usr/local/rvm/gems/ruby-1.9.3-p194/gems/activesupport-3.2.8/lib/active_support/testing/setup_and_teardown.rb:35:in `run'

2 tests, 0 assertions, 0 failures, 2 errors, 0 skips
/usr/local/rvm/rubies/ruby-1.9.3-p194/bin/ruby -I.:lib:test -rubygems test/functional/microposts_controller_test.rb -n "/^(test_should_create_micropost|test_should_destroy_micropost|test_should_get_edit|test_should_get_index|test_should_get_new|test_should_show_micropost|test_should_update_micropost)$/"; /usr/local/rvm/rubies/ruby-1.9.3-p194/bin/ruby -I.:lib:test -rubygems test/functional/users_controller_test.rb -n "/^(test_should_create_user|test_should_destroy_user|test_should_get_edit|test_should_get_index|test_should_get_new|test_should_show_user|test_should_update_user)$/"; /usr/local/rvm/rubies/ruby-1.9.3-p194/bin/ruby -I.:lib:test -rubygems test/functional/pages_controller_test.rb -n "/^(test_should_get_contact|test_should_get_home)$/"
Run options: -n "/^(test_should_create_micropost|test_should_destroy_micropost|test_should_get_edit|test_should_get_index|test_should_get_new|test_should_show_micropost|test_should_update_micropost)$/"

# Running tests:

EEEEEEE

Finished tests in 0.100706s, 69.5096 tests/s, 0.0000 assertions/s.

  1) Error:
test_should_create_micropost(MicropostsControllerTest):
ActiveRecord::StatementInvalid: Could not find table 'users'
    /usr/local/rvm/gems/ruby-1.9.3-p194/gems/activerecord-3.2.8/lib/active_record/connection_adapters/sqlite_adapter.rb:472:in `table_structure'
    /usr/local/rvm/gems/ruby-1.9.3-p194/gems/activerecord-3.2.8/lib/active_record/connection_adapters/sqlite_adapter.rb:346:in `columns'
    /usr/local/rvm/gems/ruby-1.9.3-p194/gems/activerecord-3.2.8/lib/active_record/fixtures.rb:660:in `column_names'
    /usr/local/rvm/gems/ruby-1.9.3-p194/gems/activerecord-3.2.8/lib/active_record/fixtures.rb:652:in `timestamp_column_names'
    /usr/local/rvm/gems/ruby-1.9.3-p194/gems/activerecord-3.2.8/lib/active_record/fixtures.rb:585:in `block in table_rows'
    /usr/local/rvm/gems/ruby-1.9.3-p194/gems/activerecord-3.2.8/lib/active_record/fixtures.rb:579:in `each'
    /usr/local/rvm/gems/ruby-1.9.3-p194/gems/activerecord-3.2.8/lib/active_record/fixtures.rb:579:in `map'
    /usr/local/rvm/gems/ruby-1.9.3-p194/gems/activerecord-3.2.8/lib/active_record/fixtures.rb:579:in `table_rows'
    /usr/local/rvm/gems/ruby-1.9.3-p194/gems/activerecord-3.2.8/lib/active_record/fixtures.rb:494:in `block (3 levels) in create_fixtures'
    /usr/local/rvm/gems/ruby-1.9.3-p194/gems/activerecord-3.2.8/lib/active_record/fixtures.rb:492:in `each'
    /usr/local/rvm/gems/ruby-1.9.3-p194/gems/activerecord-3.2.8/lib/active_record/fixtures.rb:492:in `block (2 levels) in create_fixtures'
    /usr/local/rvm/gems/ruby-1.9.3-p194/gems/activerecord-3.2.8/lib/active_record/connection_adapters/abstract/database_statements.rb:192:in `transaction'
    /usr/local/rvm/gems/ruby-1.9.3-p194/gems/activerecord-3.2.8/lib/active_record/fixtures.rb:491:in `block in create_fixtures'
    /usr/local/rvm/gems/ruby-1.9.3-p194/gems/activerecord-3.2.8/lib/active_record/connection_adapters/abstract_adapter.rb:168:in `disable_referential_integrity'
    /usr/local/rvm/gems/ruby-1.9.3-p194/gems/activerecord-3.2.8/lib/active_record/fixtures.rb:476:in `create_fixtures'
    /usr/local/rvm/gems/ruby-1.9.3-p194/gems/activerecord-3.2.8/lib/active_record/fixtures.rb:895:in `load_fixtures'
    /usr/local/rvm/gems/ruby-1.9.3-p194/gems/activerecord-3.2.8/lib/active_record/fixtures.rb:849:in `setup_fixtures'
    /usr/local/rvm/gems/ruby-1.9.3-p194/gems/activesupport-3.2.8/lib/active_support/callbacks.rb:429:in `_run__6508399__setup__1062616739__callbacks'
    /usr/local/rvm/gems/ruby-1.9.3-p194/gems/activesupport-3.2.8/lib/active_support/callbacks.rb:405:in `__run_callback'
    /usr/local/rvm/gems/ruby-1.9.3-p194/gems/activesupport-3.2.8/lib/active_support/callbacks.rb:385:in `_run_setup_callbacks'
    /usr/local/rvm/gems/ruby-1.9.3-p194/gems/activesupport-3.2.8/lib/active_support/callbacks.rb:81:in `run_callbacks'
    /usr/local/rvm/gems/ruby-1.9.3-p194/gems/activesupport-3.2.8/lib/active_support/testing/setup_and_teardown.rb:35:in `run'

  2) Error:
test_should_destroy_micropost(MicropostsControllerTest):
ActiveRecord::StatementInvalid: Could not find table 'users'
    /usr/local/rvm/gems/ruby-1.9.3-p194/gems/activerecord-3.2.8/lib/active_record/connection_adapters/sqlite_adapter.rb:472:in `table_structure'
    /usr/local/rvm/gems/ruby-1.9.3-p194/gems/activerecord-3.2.8/lib/active_record/connection_adapters/sqlite_adapter.rb:346:in `columns'
    /usr/local/rvm/gems/ruby-1.9.3-p194/gems/activerecord-3.2.8/lib/active_record/fixtures.rb:660:in `column_names'
    /usr/local/rvm/gems/ruby-1.9.3-p194/gems/activerecord-3.2.8/lib/active_record/fixtures.rb:652:in `timestamp_column_names'
    /usr/local/rvm/gems/ruby-1.9.3-p194/gems/activerecord-3.2.8/lib/active_record/fixtures.rb:585:in `block in table_rows'
    /usr/local/rvm/gems/ruby-1.9.3-p194/gems/activerecord-3.2.8/lib/active_record/fixtures.rb:579:in `each'
    /usr/local/rvm/gems/ruby-1.9.3-p194/gems/activerecord-3.2.8/lib/active_record/fixtures.rb:579:in `map'
    /usr/local/rvm/gems/ruby-1.9.3-p194/gems/activerecord-3.2.8/lib/active_record/fixtures.rb:579:in `table_rows'
    /usr/local/rvm/gems/ruby-1.9.3-p194/gems/activerecord-3.2.8/lib/active_record/fixtures.rb:494:in `block (3 levels) in create_fixtures'
    /usr/local/rvm/gems/ruby-1.9.3-p194/gems/activerecord-3.2.8/lib/active_record/fixtures.rb:492:in `each'
    /usr/local/rvm/gems/ruby-1.9.3-p194/gems/activerecord-3.2.8/lib/active_record/fixtures.rb:492:in `block (2 levels) in create_fixtures'
    /usr/local/rvm/gems/ruby-1.9.3-p194/gems/activerecord-3.2.8/lib/active_record/connection_adapters/abstract/database_statements.rb:192:in `transaction'
    /usr/local/rvm/gems/ruby-1.9.3-p194/gems/activerecord-3.2.8/lib/active_record/fixtures.rb:491:in `block in create_fixtures'
    /usr/local/rvm/gems/ruby-1.9.3-p194/gems/activerecord-3.2.8/lib/active_record/connection_adapters/abstract_adapter.rb:168:in `disable_referential_integrity'
    /usr/local/rvm/gems/ruby-1.9.3-p194/gems/activerecord-3.2.8/lib/active_record/fixtures.rb:476:in `create_fixtures'
    /usr/local/rvm/gems/ruby-1.9.3-p194/gems/activerecord-3.2.8/lib/active_record/fixtures.rb:895:in `load_fixtures'
    /usr/local/rvm/gems/ruby-1.9.3-p194/gems/activerecord-3.2.8/lib/active_record/fixtures.rb:849:in `setup_fixtures'
    /usr/local/rvm/gems/ruby-1.9.3-p194/gems/activesupport-3.2.8/lib/active_support/callbacks.rb:429:in `_run__6508399__setup__1062616739__callbacks'
    /usr/local/rvm/gems/ruby-1.9.3-p194/gems/activesupport-3.2.8/lib/active_support/callbacks.rb:405:in `__run_callback'
    /usr/local/rvm/gems/ruby-1.9.3-p194/gems/activesupport-3.2.8/lib/active_support/callbacks.rb:385:in `_run_setup_callbacks'
    /usr/local/rvm/gems/ruby-1.9.3-p194/gems/activesupport-3.2.8/lib/active_support/callbacks.rb:81:in `run_callbacks'
    /usr/local/rvm/gems/ruby-1.9.3-p194/gems/activesupport-3.2.8/lib/active_support/testing/setup_and_teardown.rb:35:in `run'

  3) Error:
test_should_get_edit(MicropostsControllerTest):
ActiveRecord::StatementInvalid: Could not find table 'users'
    /usr/local/rvm/gems/ruby-1.9.3-p194/gems/activerecord-3.2.8/lib/active_record/connection_adapters/sqlite_adapter.rb:472:in `table_structure'
    /usr/local/rvm/gems/ruby-1.9.3-p194/gems/activerecord-3.2.8/lib/active_record/connection_adapters/sqlite_adapter.rb:346:in `columns'
    /usr/local/rvm/gems/ruby-1.9.3-p194/gems/activerecord-3.2.8/lib/active_record/fixtures.rb:660:in `column_names'
    /usr/local/rvm/gems/ruby-1.9.3-p194/gems/activerecord-3.2.8/lib/active_record/fixtures.rb:652:in `timestamp_column_names'
    /usr/local/rvm/gems/ruby-1.9.3-p194/gems/activerecord-3.2.8/lib/active_record/fixtures.rb:585:in `block in table_rows'
    /usr/local/rvm/gems/ruby-1.9.3-p194/gems/activerecord-3.2.8/lib/active_record/fixtures.rb:579:in `each'
    /usr/local/rvm/gems/ruby-1.9.3-p194/gems/activerecord-3.2.8/lib/active_record/fixtures.rb:579:in `map'
    /usr/local/rvm/gems/ruby-1.9.3-p194/gems/activerecord-3.2.8/lib/active_record/fixtures.rb:579:in `table_rows'
    /usr/local/rvm/gems/ruby-1.9.3-p194/gems/activerecord-3.2.8/lib/active_record/fixtures.rb:494:in `block (3 levels) in create_fixtures'
    /usr/local/rvm/gems/ruby-1.9.3-p194/gems/activerecord-3.2.8/lib/active_record/fixtures.rb:492:in `each'
    /usr/local/rvm/gems/ruby-1.9.3-p194/gems/activerecord-3.2.8/lib/active_record/fixtures.rb:492:in `block (2 levels) in create_fixtures'
    /usr/local/rvm/gems/ruby-1.9.3-p194/gems/activerecord-3.2.8/lib/active_record/connection_adapters/abstract/database_statements.rb:192:in `transaction'
    /usr/local/rvm/gems/ruby-1.9.3-p194/gems/activerecord-3.2.8/lib/active_record/fixtures.rb:491:in `block in create_fixtures'
    /usr/local/rvm/gems/ruby-1.9.3-p194/gems/activerecord-3.2.8/lib/active_record/connection_adapters/abstract_adapter.rb:168:in `disable_referential_integrity'
    /usr/local/rvm/gems/ruby-1.9.3-p194/gems/activerecord-3.2.8/lib/active_record/fixtures.rb:476:in `create_fixtures'
    /usr/local/rvm/gems/ruby-1.9.3-p194/gems/activerecord-3.2.8/lib/active_record/fixtures.rb:895:in `load_fixtures'
    /usr/local/rvm/gems/ruby-1.9.3-p194/gems/activerecord-3.2.8/lib/active_record/fixtures.rb:849:in `setup_fixtures'
    /usr/local/rvm/gems/ruby-1.9.3-p194/gems/activesupport-3.2.8/lib/active_support/callbacks.rb:429:in `_run__6508399__setup__1062616739__callbacks'
    /usr/local/rvm/gems/ruby-1.9.3-p194/gems/activesupport-3.2.8/lib/active_support/callbacks.rb:405:in `__run_callback'
    /usr/local/rvm/gems/ruby-1.9.3-p194/gems/activesupport-3.2.8/lib/active_support/callbacks.rb:385:in `_run_setup_callbacks'
    /usr/local/rvm/gems/ruby-1.9.3-p194/gems/activesupport-3.2.8/lib/active_support/callbacks.rb:81:in `run_callbacks'
    /usr/local/rvm/gems/ruby-1.9.3-p194/gems/activesupport-3.2.8/lib/active_support/testing/setup_and_teardown.rb:35:in `run'

  4) Error:
test_should_get_index(MicropostsControllerTest):
ActiveRecord::StatementInvalid: Could not find table 'users'
    /usr/local/rvm/gems/ruby-1.9.3-p194/gems/activerecord-3.2.8/lib/active_record/connection_adapters/sqlite_adapter.rb:472:in `table_structure'
    /usr/local/rvm/gems/ruby-1.9.3-p194/gems/activerecord-3.2.8/lib/active_record/connection_adapters/sqlite_adapter.rb:346:in `columns'
    /usr/local/rvm/gems/ruby-1.9.3-p194/gems/activerecord-3.2.8/lib/active_record/fixtures.rb:660:in `column_names'
    /usr/local/rvm/gems/ruby-1.9.3-p194/gems/activerecord-3.2.8/lib/active_record/fixtures.rb:652:in `timestamp_column_names'
    /usr/local/rvm/gems/ruby-1.9.3-p194/gems/activerecord-3.2.8/lib/active_record/fixtures.rb:585:in `block in table_rows'
    /usr/local/rvm/gems/ruby-1.9.3-p194/gems/activerecord-3.2.8/lib/active_record/fixtures.rb:579:in `each'
    /usr/local/rvm/gems/ruby-1.9.3-p194/gems/activerecord-3.2.8/lib/active_record/fixtures.rb:579:in `map'
    /usr/local/rvm/gems/ruby-1.9.3-p194/gems/activerecord-3.2.8/lib/active_record/fixtures.rb:579:in `table_rows'
    /usr/local/rvm/gems/ruby-1.9.3-p194/gems/activerecord-3.2.8/lib/active_record/fixtures.rb:494:in `block (3 levels) in create_fixtures'
    /usr/local/rvm/gems/ruby-1.9.3-p194/gems/activerecord-3.2.8/lib/active_record/fixtures.rb:492:in `each'
    /usr/local/rvm/gems/ruby-1.9.3-p194/gems/activerecord-3.2.8/lib/active_record/fixtures.rb:492:in `block (2 levels) in create_fixtures'
    /usr/local/rvm/gems/ruby-1.9.3-p194/gems/activerecord-3.2.8/lib/active_record/connection_adapters/abstract/database_statements.rb:192:in `transaction'
    /usr/local/rvm/gems/ruby-1.9.3-p194/gems/activerecord-3.2.8/lib/active_record/fixtures.rb:491:in `block in create_fixtures'
    /usr/local/rvm/gems/ruby-1.9.3-p194/gems/activerecord-3.2.8/lib/active_record/connection_adapters/abstract_adapter.rb:168:in `disable_referential_integrity'
    /usr/local/rvm/gems/ruby-1.9.3-p194/gems/activerecord-3.2.8/lib/active_record/fixtures.rb:476:in `create_fixtures'
    /usr/local/rvm/gems/ruby-1.9.3-p194/gems/activerecord-3.2.8/lib/active_record/fixtures.rb:895:in `load_fixtures'
    /usr/local/rvm/gems/ruby-1.9.3-p194/gems/activerecord-3.2.8/lib/active_record/fixtures.rb:849:in `setup_fixtures'
    /usr/local/rvm/gems/ruby-1.9.3-p194/gems/activesupport-3.2.8/lib/active_support/callbacks.rb:429:in `_run__6508399__setup__1062616739__callbacks'
    /usr/local/rvm/gems/ruby-1.9.3-p194/gems/activesupport-3.2.8/lib/active_support/callbacks.rb:405:in `__run_callback'
    /usr/local/rvm/gems/ruby-1.9.3-p194/gems/activesupport-3.2.8/lib/active_support/callbacks.rb:385:in `_run_setup_callbacks'
    /usr/local/rvm/gems/ruby-1.9.3-p194/gems/activesupport-3.2.8/lib/active_support/callbacks.rb:81:in `run_callbacks'
    /usr/local/rvm/gems/ruby-1.9.3-p194/gems/activesupport-3.2.8/lib/active_support/testing/setup_and_teardown.rb:35:in `run'

  5) Error:
test_should_get_new(MicropostsControllerTest):
ActiveRecord::StatementInvalid: Could not find table 'users'
    /usr/local/rvm/gems/ruby-1.9.3-p194/gems/activerecord-3.2.8/lib/active_record/connection_adapters/sqlite_adapter.rb:472:in `table_structure'
    /usr/local/rvm/gems/ruby-1.9.3-p194/gems/activerecord-3.2.8/lib/active_record/connection_adapters/sqlite_adapter.rb:346:in `columns'
    /usr/local/rvm/gems/ruby-1.9.3-p194/gems/activerecord-3.2.8/lib/active_record/fixtures.rb:660:in `column_names'
    /usr/local/rvm/gems/ruby-1.9.3-p194/gems/activerecord-3.2.8/lib/active_record/fixtures.rb:652:in `timestamp_column_names'
    /usr/local/rvm/gems/ruby-1.9.3-p194/gems/activerecord-3.2.8/lib/active_record/fixtures.rb:585:in `block in table_rows'
    /usr/local/rvm/gems/ruby-1.9.3-p194/gems/activerecord-3.2.8/lib/active_record/fixtures.rb:579:in `each'
    /usr/local/rvm/gems/ruby-1.9.3-p194/gems/activerecord-3.2.8/lib/active_record/fixtures.rb:579:in `map'
    /usr/local/rvm/gems/ruby-1.9.3-p194/gems/activerecord-3.2.8/lib/active_record/fixtures.rb:579:in `table_rows'
    /usr/local/rvm/gems/ruby-1.9.3-p194/gems/activerecord-3.2.8/lib/active_record/fixtures.rb:494:in `block (3 levels) in create_fixtures'
    /usr/local/rvm/gems/ruby-1.9.3-p194/gems/activerecord-3.2.8/lib/active_record/fixtures.rb:492:in `each'
    /usr/local/rvm/gems/ruby-1.9.3-p194/gems/activerecord-3.2.8/lib/active_record/fixtures.rb:492:in `block (2 levels) in create_fixtures'
    /usr/local/rvm/gems/ruby-1.9.3-p194/gems/activerecord-3.2.8/lib/active_record/connection_adapters/abstract/database_statements.rb:192:in `transaction'
    /usr/local/rvm/gems/ruby-1.9.3-p194/gems/activerecord-3.2.8/lib/active_record/fixtures.rb:491:in `block in create_fixtures'
    /usr/local/rvm/gems/ruby-1.9.3-p194/gems/activerecord-3.2.8/lib/active_record/connection_adapters/abstract_adapter.rb:168:in `disable_referential_integrity'
    /usr/local/rvm/gems/ruby-1.9.3-p194/gems/activerecord-3.2.8/lib/active_record/fixtures.rb:476:in `create_fixtures'
    /usr/local/rvm/gems/ruby-1.9.3-p194/gems/activerecord-3.2.8/lib/active_record/fixtures.rb:895:in `load_fixtures'
    /usr/local/rvm/gems/ruby-1.9.3-p194/gems/activerecord-3.2.8/lib/active_record/fixtures.rb:849:in `setup_fixtures'
    /usr/local/rvm/gems/ruby-1.9.3-p194/gems/activesupport-3.2.8/lib/active_support/callbacks.rb:429:in `_run__6508399__setup__1062616739__callbacks'
    /usr/local/rvm/gems/ruby-1.9.3-p194/gems/activesupport-3.2.8/lib/active_support/callbacks.rb:405:in `__run_callback'
    /usr/local/rvm/gems/ruby-1.9.3-p194/gems/activesupport-3.2.8/lib/active_support/callbacks.rb:385:in `_run_setup_callbacks'
    /usr/local/rvm/gems/ruby-1.9.3-p194/gems/activesupport-3.2.8/lib/active_support/callbacks.rb:81:in `run_callbacks'
    /usr/local/rvm/gems/ruby-1.9.3-p194/gems/activesupport-3.2.8/lib/active_support/testing/setup_and_teardown.rb:35:in `run'

  6) Error:
test_should_show_micropost(MicropostsControllerTest):
ActiveRecord::StatementInvalid: Could not find table 'users'
    /usr/local/rvm/gems/ruby-1.9.3-p194/gems/activerecord-3.2.8/lib/active_record/connection_adapters/sqlite_adapter.rb:472:in `table_structure'
    /usr/local/rvm/gems/ruby-1.9.3-p194/gems/activerecord-3.2.8/lib/active_record/connection_adapters/sqlite_adapter.rb:346:in `columns'
    /usr/local/rvm/gems/ruby-1.9.3-p194/gems/activerecord-3.2.8/lib/active_record/fixtures.rb:660:in `column_names'
    /usr/local/rvm/gems/ruby-1.9.3-p194/gems/activerecord-3.2.8/lib/active_record/fixtures.rb:652:in `timestamp_column_names'
    /usr/local/rvm/gems/ruby-1.9.3-p194/gems/activerecord-3.2.8/lib/active_record/fixtures.rb:585:in `block in table_rows'
    /usr/local/rvm/gems/ruby-1.9.3-p194/gems/activerecord-3.2.8/lib/active_record/fixtures.rb:579:in `each'
    /usr/local/rvm/gems/ruby-1.9.3-p194/gems/activerecord-3.2.8/lib/active_record/fixtures.rb:579:in `map'
    /usr/local/rvm/gems/ruby-1.9.3-p194/gems/activerecord-3.2.8/lib/active_record/fixtures.rb:579:in `table_rows'
    /usr/local/rvm/gems/ruby-1.9.3-p194/gems/activerecord-3.2.8/lib/active_record/fixtures.rb:494:in `block (3 levels) in create_fixtures'
    /usr/local/rvm/gems/ruby-1.9.3-p194/gems/activerecord-3.2.8/lib/active_record/fixtures.rb:492:in `each'
    /usr/local/rvm/gems/ruby-1.9.3-p194/gems/activerecord-3.2.8/lib/active_record/fixtures.rb:492:in `block (2 levels) in create_fixtures'
    /usr/local/rvm/gems/ruby-1.9.3-p194/gems/activerecord-3.2.8/lib/active_record/connection_adapters/abstract/database_statements.rb:192:in `transaction'
    /usr/local/rvm/gems/ruby-1.9.3-p194/gems/activerecord-3.2.8/lib/active_record/fixtures.rb:491:in `block in create_fixtures'
    /usr/local/rvm/gems/ruby-1.9.3-p194/gems/activerecord-3.2.8/lib/active_record/connection_adapters/abstract_adapter.rb:168:in `disable_referential_integrity'
    /usr/local/rvm/gems/ruby-1.9.3-p194/gems/activerecord-3.2.8/lib/active_record/fixtures.rb:476:in `create_fixtures'
    /usr/local/rvm/gems/ruby-1.9.3-p194/gems/activerecord-3.2.8/lib/active_record/fixtures.rb:895:in `load_fixtures'
    /usr/local/rvm/gems/ruby-1.9.3-p194/gems/activerecord-3.2.8/lib/active_record/fixtures.rb:849:in `setup_fixtures'
    /usr/local/rvm/gems/ruby-1.9.3-p194/gems/activesupport-3.2.8/lib/active_support/callbacks.rb:429:in `_run__6508399__setup__1062616739__callbacks'
    /usr/local/rvm/gems/ruby-1.9.3-p194/gems/activesupport-3.2.8/lib/active_support/callbacks.rb:405:in `__run_callback'
    /usr/local/rvm/gems/ruby-1.9.3-p194/gems/activesupport-3.2.8/lib/active_support/callbacks.rb:385:in `_run_setup_callbacks'
    /usr/local/rvm/gems/ruby-1.9.3-p194/gems/activesupport-3.2.8/lib/active_support/callbacks.rb:81:in `run_callbacks'
    /usr/local/rvm/gems/ruby-1.9.3-p194/gems/activesupport-3.2.8/lib/active_support/testing/setup_and_teardown.rb:35:in `run'

  7) Error:
test_should_update_micropost(MicropostsControllerTest):
ActiveRecord::StatementInvalid: Could not find table 'users'
    /usr/local/rvm/gems/ruby-1.9.3-p194/gems/activerecord-3.2.8/lib/active_record/connection_adapters/sqlite_adapter.rb:472:in `table_structure'
    /usr/local/rvm/gems/ruby-1.9.3-p194/gems/activerecord-3.2.8/lib/active_record/connection_adapters/sqlite_adapter.rb:346:in `columns'
    /usr/local/rvm/gems/ruby-1.9.3-p194/gems/activerecord-3.2.8/lib/active_record/fixtures.rb:660:in `column_names'
    /usr/local/rvm/gems/ruby-1.9.3-p194/gems/activerecord-3.2.8/lib/active_record/fixtures.rb:652:in `timestamp_column_names'
    /usr/local/rvm/gems/ruby-1.9.3-p194/gems/activerecord-3.2.8/lib/active_record/fixtures.rb:585:in `block in table_rows'
    /usr/local/rvm/gems/ruby-1.9.3-p194/gems/activerecord-3.2.8/lib/active_record/fixtures.rb:579:in `each'
    /usr/local/rvm/gems/ruby-1.9.3-p194/gems/activerecord-3.2.8/lib/active_record/fixtures.rb:579:in `map'
    /usr/local/rvm/gems/ruby-1.9.3-p194/gems/activerecord-3.2.8/lib/active_record/fixtures.rb:579:in `table_rows'
    /usr/local/rvm/gems/ruby-1.9.3-p194/gems/activerecord-3.2.8/lib/active_record/fixtures.rb:494:in `block (3 levels) in create_fixtures'
    /usr/local/rvm/gems/ruby-1.9.3-p194/gems/activerecord-3.2.8/lib/active_record/fixtures.rb:492:in `each'
    /usr/local/rvm/gems/ruby-1.9.3-p194/gems/activerecord-3.2.8/lib/active_record/fixtures.rb:492:in `block (2 levels) in create_fixtures'
    /usr/local/rvm/gems/ruby-1.9.3-p194/gems/activerecord-3.2.8/lib/active_record/connection_adapters/abstract/database_statements.rb:192:in `transaction'
    /usr/local/rvm/gems/ruby-1.9.3-p194/gems/activerecord-3.2.8/lib/active_record/fixtures.rb:491:in `block in create_fixtures'
    /usr/local/rvm/gems/ruby-1.9.3-p194/gems/activerecord-3.2.8/lib/active_record/connection_adapters/abstract_adapter.rb:168:in `disable_referential_integrity'
    /usr/local/rvm/gems/ruby-1.9.3-p194/gems/activerecord-3.2.8/lib/active_record/fixtures.rb:476:in `create_fixtures'
    /usr/local/rvm/gems/ruby-1.9.3-p194/gems/activerecord-3.2.8/lib/active_record/fixtures.rb:895:in `load_fixtures'
    /usr/local/rvm/gems/ruby-1.9.3-p194/gems/activerecord-3.2.8/lib/active_record/fixtures.rb:849:in `setup_fixtures'
    /usr/local/rvm/gems/ruby-1.9.3-p194/gems/activesupport-3.2.8/lib/active_support/callbacks.rb:429:in `_run__6508399__setup__1062616739__callbacks'
    /usr/local/rvm/gems/ruby-1.9.3-p194/gems/activesupport-3.2.8/lib/active_support/callbacks.rb:405:in `__run_callback'
    /usr/local/rvm/gems/ruby-1.9.3-p194/gems/activesupport-3.2.8/lib/active_support/callbacks.rb:385:in `_run_setup_callbacks'
    /usr/local/rvm/gems/ruby-1.9.3-p194/gems/activesupport-3.2.8/lib/active_support/callbacks.rb:81:in `run_callbacks'
    /usr/local/rvm/gems/ruby-1.9.3-p194/gems/activesupport-3.2.8/lib/active_support/testing/setup_and_teardown.rb:35:in `run'

7 tests, 0 assertions, 0 failures, 7 errors, 0 skips
Run options: -n "/^(test_should_create_user|test_should_destroy_user|test_should_get_edit|test_should_get_index|test_should_get_new|test_should_show_user|test_should_update_user)$/"

# Running tests:

EEEEEEE

Finished tests in 0.097664s, 71.6745 tests/s, 0.0000 assertions/s.

  1) Error:
test_should_create_user(UsersControllerTest):
ActiveRecord::StatementInvalid: Could not find table 'users'
    /usr/local/rvm/gems/ruby-1.9.3-p194/gems/activerecord-3.2.8/lib/active_record/connection_adapters/sqlite_adapter.rb:472:in `table_structure'
    /usr/local/rvm/gems/ruby-1.9.3-p194/gems/activerecord-3.2.8/lib/active_record/connection_adapters/sqlite_adapter.rb:346:in `columns'
    /usr/local/rvm/gems/ruby-1.9.3-p194/gems/activerecord-3.2.8/lib/active_record/fixtures.rb:660:in `column_names'
    /usr/local/rvm/gems/ruby-1.9.3-p194/gems/activerecord-3.2.8/lib/active_record/fixtures.rb:652:in `timestamp_column_names'
    /usr/local/rvm/gems/ruby-1.9.3-p194/gems/activerecord-3.2.8/lib/active_record/fixtures.rb:585:in `block in table_rows'
    /usr/local/rvm/gems/ruby-1.9.3-p194/gems/activerecord-3.2.8/lib/active_record/fixtures.rb:579:in `each'
    /usr/local/rvm/gems/ruby-1.9.3-p194/gems/activerecord-3.2.8/lib/active_record/fixtures.rb:579:in `map'
    /usr/local/rvm/gems/ruby-1.9.3-p194/gems/activerecord-3.2.8/lib/active_record/fixtures.rb:579:in `table_rows'
    /usr/local/rvm/gems/ruby-1.9.3-p194/gems/activerecord-3.2.8/lib/active_record/fixtures.rb:494:in `block (3 levels) in create_fixtures'
    /usr/local/rvm/gems/ruby-1.9.3-p194/gems/activerecord-3.2.8/lib/active_record/fixtures.rb:492:in `each'
    /usr/local/rvm/gems/ruby-1.9.3-p194/gems/activerecord-3.2.8/lib/active_record/fixtures.rb:492:in `block (2 levels) in create_fixtures'
    /usr/local/rvm/gems/ruby-1.9.3-p194/gems/activerecord-3.2.8/lib/active_record/connection_adapters/abstract/database_statements.rb:192:in `transaction'
    /usr/local/rvm/gems/ruby-1.9.3-p194/gems/activerecord-3.2.8/lib/active_record/fixtures.rb:491:in `block in create_fixtures'
    /usr/local/rvm/gems/ruby-1.9.3-p194/gems/activerecord-3.2.8/lib/active_record/connection_adapters/abstract_adapter.rb:168:in `disable_referential_integrity'
    /usr/local/rvm/gems/ruby-1.9.3-p194/gems/activerecord-3.2.8/lib/active_record/fixtures.rb:476:in `create_fixtures'
    /usr/local/rvm/gems/ruby-1.9.3-p194/gems/activerecord-3.2.8/lib/active_record/fixtures.rb:895:in `load_fixtures'
    /usr/local/rvm/gems/ruby-1.9.3-p194/gems/activerecord-3.2.8/lib/active_record/fixtures.rb:849:in `setup_fixtures'
    /usr/local/rvm/gems/ruby-1.9.3-p194/gems/activesupport-3.2.8/lib/active_support/callbacks.rb:429:in `_run__936758155__setup__428493217__callbacks'
    /usr/local/rvm/gems/ruby-1.9.3-p194/gems/activesupport-3.2.8/lib/active_support/callbacks.rb:405:in `__run_callback'
    /usr/local/rvm/gems/ruby-1.9.3-p194/gems/activesupport-3.2.8/lib/active_support/callbacks.rb:385:in `_run_setup_callbacks'
    /usr/local/rvm/gems/ruby-1.9.3-p194/gems/activesupport-3.2.8/lib/active_support/callbacks.rb:81:in `run_callbacks'
    /usr/local/rvm/gems/ruby-1.9.3-p194/gems/activesupport-3.2.8/lib/active_support/testing/setup_and_teardown.rb:35:in `run'

  2) Error:
test_should_destroy_user(UsersControllerTest):
ActiveRecord::StatementInvalid: Could not find table 'users'
    /usr/local/rvm/gems/ruby-1.9.3-p194/gems/activerecord-3.2.8/lib/active_record/connection_adapters/sqlite_adapter.rb:472:in `table_structure'
    /usr/local/rvm/gems/ruby-1.9.3-p194/gems/activerecord-3.2.8/lib/active_record/connection_adapters/sqlite_adapter.rb:346:in `columns'
    /usr/local/rvm/gems/ruby-1.9.3-p194/gems/activerecord-3.2.8/lib/active_record/fixtures.rb:660:in `column_names'
    /usr/local/rvm/gems/ruby-1.9.3-p194/gems/activerecord-3.2.8/lib/active_record/fixtures.rb:652:in `timestamp_column_names'
    /usr/local/rvm/gems/ruby-1.9.3-p194/gems/activerecord-3.2.8/lib/active_record/fixtures.rb:585:in `block in table_rows'
    /usr/local/rvm/gems/ruby-1.9.3-p194/gems/activerecord-3.2.8/lib/active_record/fixtures.rb:579:in `each'
    /usr/local/rvm/gems/ruby-1.9.3-p194/gems/activerecord-3.2.8/lib/active_record/fixtures.rb:579:in `map'
    /usr/local/rvm/gems/ruby-1.9.3-p194/gems/activerecord-3.2.8/lib/active_record/fixtures.rb:579:in `table_rows'
    /usr/local/rvm/gems/ruby-1.9.3-p194/gems/activerecord-3.2.8/lib/active_record/fixtures.rb:494:in `block (3 levels) in create_fixtures'
    /usr/local/rvm/gems/ruby-1.9.3-p194/gems/activerecord-3.2.8/lib/active_record/fixtures.rb:492:in `each'
    /usr/local/rvm/gems/ruby-1.9.3-p194/gems/activerecord-3.2.8/lib/active_record/fixtures.rb:492:in `block (2 levels) in create_fixtures'
    /usr/local/rvm/gems/ruby-1.9.3-p194/gems/activerecord-3.2.8/lib/active_record/connection_adapters/abstract/database_statements.rb:192:in `transaction'
    /usr/local/rvm/gems/ruby-1.9.3-p194/gems/activerecord-3.2.8/lib/active_record/fixtures.rb:491:in `block in create_fixtures'
    /usr/local/rvm/gems/ruby-1.9.3-p194/gems/activerecord-3.2.8/lib/active_record/connection_adapters/abstract_adapter.rb:168:in `disable_referential_integrity'
    /usr/local/rvm/gems/ruby-1.9.3-p194/gems/activerecord-3.2.8/lib/active_record/fixtures.rb:476:in `create_fixtures'
    /usr/local/rvm/gems/ruby-1.9.3-p194/gems/activerecord-3.2.8/lib/active_record/fixtures.rb:895:in `load_fixtures'
    /usr/local/rvm/gems/ruby-1.9.3-p194/gems/activerecord-3.2.8/lib/active_record/fixtures.rb:849:in `setup_fixtures'
    /usr/local/rvm/gems/ruby-1.9.3-p194/gems/activesupport-3.2.8/lib/active_support/callbacks.rb:429:in `_run__936758155__setup__428493217__callbacks'
    /usr/local/rvm/gems/ruby-1.9.3-p194/gems/activesupport-3.2.8/lib/active_support/callbacks.rb:405:in `__run_callback'
    /usr/local/rvm/gems/ruby-1.9.3-p194/gems/activesupport-3.2.8/lib/active_support/callbacks.rb:385:in `_run_setup_callbacks'
    /usr/local/rvm/gems/ruby-1.9.3-p194/gems/activesupport-3.2.8/lib/active_support/callbacks.rb:81:in `run_callbacks'
    /usr/local/rvm/gems/ruby-1.9.3-p194/gems/activesupport-3.2.8/lib/active_support/testing/setup_and_teardown.rb:35:in `run'

  3) Error:
test_should_get_edit(UsersControllerTest):
ActiveRecord::StatementInvalid: Could not find table 'users'
    /usr/local/rvm/gems/ruby-1.9.3-p194/gems/activerecord-3.2.8/lib/active_record/connection_adapters/sqlite_adapter.rb:472:in `table_structure'
    /usr/local/rvm/gems/ruby-1.9.3-p194/gems/activerecord-3.2.8/lib/active_record/connection_adapters/sqlite_adapter.rb:346:in `columns'
    /usr/local/rvm/gems/ruby-1.9.3-p194/gems/activerecord-3.2.8/lib/active_record/fixtures.rb:660:in `column_names'
    /usr/local/rvm/gems/ruby-1.9.3-p194/gems/activerecord-3.2.8/lib/active_record/fixtures.rb:652:in `timestamp_column_names'
    /usr/local/rvm/gems/ruby-1.9.3-p194/gems/activerecord-3.2.8/lib/active_record/fixtures.rb:585:in `block in table_rows'
    /usr/local/rvm/gems/ruby-1.9.3-p194/gems/activerecord-3.2.8/lib/active_record/fixtures.rb:579:in `each'
    /usr/local/rvm/gems/ruby-1.9.3-p194/gems/activerecord-3.2.8/lib/active_record/fixtures.rb:579:in `map'
    /usr/local/rvm/gems/ruby-1.9.3-p194/gems/activerecord-3.2.8/lib/active_record/fixtures.rb:579:in `table_rows'
    /usr/local/rvm/gems/ruby-1.9.3-p194/gems/activerecord-3.2.8/lib/active_record/fixtures.rb:494:in `block (3 levels) in create_fixtures'
    /usr/local/rvm/gems/ruby-1.9.3-p194/gems/activerecord-3.2.8/lib/active_record/fixtures.rb:492:in `each'
    /usr/local/rvm/gems/ruby-1.9.3-p194/gems/activerecord-3.2.8/lib/active_record/fixtures.rb:492:in `block (2 levels) in create_fixtures'
    /usr/local/rvm/gems/ruby-1.9.3-p194/gems/activerecord-3.2.8/lib/active_record/connection_adapters/abstract/database_statements.rb:192:in `transaction'
    /usr/local/rvm/gems/ruby-1.9.3-p194/gems/activerecord-3.2.8/lib/active_record/fixtures.rb:491:in `block in create_fixtures'
    /usr/local/rvm/gems/ruby-1.9.3-p194/gems/activerecord-3.2.8/lib/active_record/connection_adapters/abstract_adapter.rb:168:in `disable_referential_integrity'
    /usr/local/rvm/gems/ruby-1.9.3-p194/gems/activerecord-3.2.8/lib/active_record/fixtures.rb:476:in `create_fixtures'
    /usr/local/rvm/gems/ruby-1.9.3-p194/gems/activerecord-3.2.8/lib/active_record/fixtures.rb:895:in `load_fixtures'
    /usr/local/rvm/gems/ruby-1.9.3-p194/gems/activerecord-3.2.8/lib/active_record/fixtures.rb:849:in `setup_fixtures'
    /usr/local/rvm/gems/ruby-1.9.3-p194/gems/activesupport-3.2.8/lib/active_support/callbacks.rb:429:in `_run__936758155__setup__428493217__callbacks'
    /usr/local/rvm/gems/ruby-1.9.3-p194/gems/activesupport-3.2.8/lib/active_support/callbacks.rb:405:in `__run_callback'
    /usr/local/rvm/gems/ruby-1.9.3-p194/gems/activesupport-3.2.8/lib/active_support/callbacks.rb:385:in `_run_setup_callbacks'
    /usr/local/rvm/gems/ruby-1.9.3-p194/gems/activesupport-3.2.8/lib/active_support/callbacks.rb:81:in `run_callbacks'
    /usr/local/rvm/gems/ruby-1.9.3-p194/gems/activesupport-3.2.8/lib/active_support/testing/setup_and_teardown.rb:35:in `run'

  4) Error:
test_should_get_index(UsersControllerTest):
ActiveRecord::StatementInvalid: Could not find table 'users'
    /usr/local/rvm/gems/ruby-1.9.3-p194/gems/activerecord-3.2.8/lib/active_record/connection_adapters/sqlite_adapter.rb:472:in `table_structure'
    /usr/local/rvm/gems/ruby-1.9.3-p194/gems/activerecord-3.2.8/lib/active_record/connection_adapters/sqlite_adapter.rb:346:in `columns'
    /usr/local/rvm/gems/ruby-1.9.3-p194/gems/activerecord-3.2.8/lib/active_record/fixtures.rb:660:in `column_names'
    /usr/local/rvm/gems/ruby-1.9.3-p194/gems/activerecord-3.2.8/lib/active_record/fixtures.rb:652:in `timestamp_column_names'
    /usr/local/rvm/gems/ruby-1.9.3-p194/gems/activerecord-3.2.8/lib/active_record/fixtures.rb:585:in `block in table_rows'
    /usr/local/rvm/gems/ruby-1.9.3-p194/gems/activerecord-3.2.8/lib/active_record/fixtures.rb:579:in `each'
    /usr/local/rvm/gems/ruby-1.9.3-p194/gems/activerecord-3.2.8/lib/active_record/fixtures.rb:579:in `map'
    /usr/local/rvm/gems/ruby-1.9.3-p194/gems/activerecord-3.2.8/lib/active_record/fixtures.rb:579:in `table_rows'
    /usr/local/rvm/gems/ruby-1.9.3-p194/gems/activerecord-3.2.8/lib/active_record/fixtures.rb:494:in `block (3 levels) in create_fixtures'
    /usr/local/rvm/gems/ruby-1.9.3-p194/gems/activerecord-3.2.8/lib/active_record/fixtures.rb:492:in `each'
    /usr/local/rvm/gems/ruby-1.9.3-p194/gems/activerecord-3.2.8/lib/active_record/fixtures.rb:492:in `block (2 levels) in create_fixtures'
    /usr/local/rvm/gems/ruby-1.9.3-p194/gems/activerecord-3.2.8/lib/active_record/connection_adapters/abstract/database_statements.rb:192:in `transaction'
    /usr/local/rvm/gems/ruby-1.9.3-p194/gems/activerecord-3.2.8/lib/active_record/fixtures.rb:491:in `block in create_fixtures'
    /usr/local/rvm/gems/ruby-1.9.3-p194/gems/activerecord-3.2.8/lib/active_record/connection_adapters/abstract_adapter.rb:168:in `disable_referential_integrity'
    /usr/local/rvm/gems/ruby-1.9.3-p194/gems/activerecord-3.2.8/lib/active_record/fixtures.rb:476:in `create_fixtures'
    /usr/local/rvm/gems/ruby-1.9.3-p194/gems/activerecord-3.2.8/lib/active_record/fixtures.rb:895:in `load_fixtures'
    /usr/local/rvm/gems/ruby-1.9.3-p194/gems/activerecord-3.2.8/lib/active_record/fixtures.rb:849:in `setup_fixtures'
    /usr/local/rvm/gems/ruby-1.9.3-p194/gems/activesupport-3.2.8/lib/active_support/callbacks.rb:429:in `_run__936758155__setup__428493217__callbacks'
    /usr/local/rvm/gems/ruby-1.9.3-p194/gems/activesupport-3.2.8/lib/active_support/callbacks.rb:405:in `__run_callback'
    /usr/local/rvm/gems/ruby-1.9.3-p194/gems/activesupport-3.2.8/lib/active_support/callbacks.rb:385:in `_run_setup_callbacks'
    /usr/local/rvm/gems/ruby-1.9.3-p194/gems/activesupport-3.2.8/lib/active_support/callbacks.rb:81:in `run_callbacks'
    /usr/local/rvm/gems/ruby-1.9.3-p194/gems/activesupport-3.2.8/lib/active_support/testing/setup_and_teardown.rb:35:in `run'

  5) Error:
test_should_get_new(UsersControllerTest):
ActiveRecord::StatementInvalid: Could not find table 'users'
    /usr/local/rvm/gems/ruby-1.9.3-p194/gems/activerecord-3.2.8/lib/active_record/connection_adapters/sqlite_adapter.rb:472:in `table_structure'
    /usr/local/rvm/gems/ruby-1.9.3-p194/gems/activerecord-3.2.8/lib/active_record/connection_adapters/sqlite_adapter.rb:346:in `columns'
    /usr/local/rvm/gems/ruby-1.9.3-p194/gems/activerecord-3.2.8/lib/active_record/fixtures.rb:660:in `column_names'
    /usr/local/rvm/gems/ruby-1.9.3-p194/gems/activerecord-3.2.8/lib/active_record/fixtures.rb:652:in `timestamp_column_names'
    /usr/local/rvm/gems/ruby-1.9.3-p194/gems/activerecord-3.2.8/lib/active_record/fixtures.rb:585:in `block in table_rows'
    /usr/local/rvm/gems/ruby-1.9.3-p194/gems/activerecord-3.2.8/lib/active_record/fixtures.rb:579:in `each'
    /usr/local/rvm/gems/ruby-1.9.3-p194/gems/activerecord-3.2.8/lib/active_record/fixtures.rb:579:in `map'
    /usr/local/rvm/gems/ruby-1.9.3-p194/gems/activerecord-3.2.8/lib/active_record/fixtures.rb:579:in `table_rows'
    /usr/local/rvm/gems/ruby-1.9.3-p194/gems/activerecord-3.2.8/lib/active_record/fixtures.rb:494:in `block (3 levels) in create_fixtures'
    /usr/local/rvm/gems/ruby-1.9.3-p194/gems/activerecord-3.2.8/lib/active_record/fixtures.rb:492:in `each'
    /usr/local/rvm/gems/ruby-1.9.3-p194/gems/activerecord-3.2.8/lib/active_record/fixtures.rb:492:in `block (2 levels) in create_fixtures'
    /usr/local/rvm/gems/ruby-1.9.3-p194/gems/activerecord-3.2.8/lib/active_record/connection_adapters/abstract/database_statements.rb:192:in `transaction'
    /usr/local/rvm/gems/ruby-1.9.3-p194/gems/activerecord-3.2.8/lib/active_record/fixtures.rb:491:in `block in create_fixtures'
    /usr/local/rvm/gems/ruby-1.9.3-p194/gems/activerecord-3.2.8/lib/active_record/connection_adapters/abstract_adapter.rb:168:in `disable_referential_integrity'
    /usr/local/rvm/gems/ruby-1.9.3-p194/gems/activerecord-3.2.8/lib/active_record/fixtures.rb:476:in `create_fixtures'
    /usr/local/rvm/gems/ruby-1.9.3-p194/gems/activerecord-3.2.8/lib/active_record/fixtures.rb:895:in `load_fixtures'
    /usr/local/rvm/gems/ruby-1.9.3-p194/gems/activerecord-3.2.8/lib/active_record/fixtures.rb:849:in `setup_fixtures'
    /usr/local/rvm/gems/ruby-1.9.3-p194/gems/activesupport-3.2.8/lib/active_support/callbacks.rb:429:in `_run__936758155__setup__428493217__callbacks'
    /usr/local/rvm/gems/ruby-1.9.3-p194/gems/activesupport-3.2.8/lib/active_support/callbacks.rb:405:in `__run_callback'
    /usr/local/rvm/gems/ruby-1.9.3-p194/gems/activesupport-3.2.8/lib/active_support/callbacks.rb:385:in `_run_setup_callbacks'
    /usr/local/rvm/gems/ruby-1.9.3-p194/gems/activesupport-3.2.8/lib/active_support/callbacks.rb:81:in `run_callbacks'
    /usr/local/rvm/gems/ruby-1.9.3-p194/gems/activesupport-3.2.8/lib/active_support/testing/setup_and_teardown.rb:35:in `run'

  6) Error:
test_should_show_user(UsersControllerTest):
ActiveRecord::StatementInvalid: Could not find table 'users'
    /usr/local/rvm/gems/ruby-1.9.3-p194/gems/activerecord-3.2.8/lib/active_record/connection_adapters/sqlite_adapter.rb:472:in `table_structure'
    /usr/local/rvm/gems/ruby-1.9.3-p194/gems/activerecord-3.2.8/lib/active_record/connection_adapters/sqlite_adapter.rb:346:in `columns'
    /usr/local/rvm/gems/ruby-1.9.3-p194/gems/activerecord-3.2.8/lib/active_record/fixtures.rb:660:in `column_names'
    /usr/local/rvm/gems/ruby-1.9.3-p194/gems/activerecord-3.2.8/lib/active_record/fixtures.rb:652:in `timestamp_column_names'
    /usr/local/rvm/gems/ruby-1.9.3-p194/gems/activerecord-3.2.8/lib/active_record/fixtures.rb:585:in `block in table_rows'
    /usr/local/rvm/gems/ruby-1.9.3-p194/gems/activerecord-3.2.8/lib/active_record/fixtures.rb:579:in `each'
    /usr/local/rvm/gems/ruby-1.9.3-p194/gems/activerecord-3.2.8/lib/active_record/fixtures.rb:579:in `map'
    /usr/local/rvm/gems/ruby-1.9.3-p194/gems/activerecord-3.2.8/lib/active_record/fixtures.rb:579:in `table_rows'
    /usr/local/rvm/gems/ruby-1.9.3-p194/gems/activerecord-3.2.8/lib/active_record/fixtures.rb:494:in `block (3 levels) in create_fixtures'
    /usr/local/rvm/gems/ruby-1.9.3-p194/gems/activerecord-3.2.8/lib/active_record/fixtures.rb:492:in `each'
    /usr/local/rvm/gems/ruby-1.9.3-p194/gems/activerecord-3.2.8/lib/active_record/fixtures.rb:492:in `block (2 levels) in create_fixtures'
    /usr/local/rvm/gems/ruby-1.9.3-p194/gems/activerecord-3.2.8/lib/active_record/connection_adapters/abstract/database_statements.rb:192:in `transaction'
    /usr/local/rvm/gems/ruby-1.9.3-p194/gems/activerecord-3.2.8/lib/active_record/fixtures.rb:491:in `block in create_fixtures'
    /usr/local/rvm/gems/ruby-1.9.3-p194/gems/activerecord-3.2.8/lib/active_record/connection_adapters/abstract_adapter.rb:168:in `disable_referential_integrity'
    /usr/local/rvm/gems/ruby-1.9.3-p194/gems/activerecord-3.2.8/lib/active_record/fixtures.rb:476:in `create_fixtures'
    /usr/local/rvm/gems/ruby-1.9.3-p194/gems/activerecord-3.2.8/lib/active_record/fixtures.rb:895:in `load_fixtures'
    /usr/local/rvm/gems/ruby-1.9.3-p194/gems/activerecord-3.2.8/lib/active_record/fixtures.rb:849:in `setup_fixtures'
    /usr/local/rvm/gems/ruby-1.9.3-p194/gems/activesupport-3.2.8/lib/active_support/callbacks.rb:429:in `_run__936758155__setup__428493217__callbacks'
    /usr/local/rvm/gems/ruby-1.9.3-p194/gems/activesupport-3.2.8/lib/active_support/callbacks.rb:405:in `__run_callback'
    /usr/local/rvm/gems/ruby-1.9.3-p194/gems/activesupport-3.2.8/lib/active_support/callbacks.rb:385:in `_run_setup_callbacks'
    /usr/local/rvm/gems/ruby-1.9.3-p194/gems/activesupport-3.2.8/lib/active_support/callbacks.rb:81:in `run_callbacks'
    /usr/local/rvm/gems/ruby-1.9.3-p194/gems/activesupport-3.2.8/lib/active_support/testing/setup_and_teardown.rb:35:in `run'

  7) Error:
test_should_update_user(UsersControllerTest):
ActiveRecord::StatementInvalid: Could not find table 'users'
    /usr/local/rvm/gems/ruby-1.9.3-p194/gems/activerecord-3.2.8/lib/active_record/connection_adapters/sqlite_adapter.rb:472:in `table_structure'
    /usr/local/rvm/gems/ruby-1.9.3-p194/gems/activerecord-3.2.8/lib/active_record/connection_adapters/sqlite_adapter.rb:346:in `columns'
    /usr/local/rvm/gems/ruby-1.9.3-p194/gems/activerecord-3.2.8/lib/active_record/fixtures.rb:660:in `column_names'
    /usr/local/rvm/gems/ruby-1.9.3-p194/gems/activerecord-3.2.8/lib/active_record/fixtures.rb:652:in `timestamp_column_names'
    /usr/local/rvm/gems/ruby-1.9.3-p194/gems/activerecord-3.2.8/lib/active_record/fixtures.rb:585:in `block in table_rows'
    /usr/local/rvm/gems/ruby-1.9.3-p194/gems/activerecord-3.2.8/lib/active_record/fixtures.rb:579:in `each'
    /usr/local/rvm/gems/ruby-1.9.3-p194/gems/activerecord-3.2.8/lib/active_record/fixtures.rb:579:in `map'
    /usr/local/rvm/gems/ruby-1.9.3-p194/gems/activerecord-3.2.8/lib/active_record/fixtures.rb:579:in `table_rows'
    /usr/local/rvm/gems/ruby-1.9.3-p194/gems/activerecord-3.2.8/lib/active_record/fixtures.rb:494:in `block (3 levels) in create_fixtures'
    /usr/local/rvm/gems/ruby-1.9.3-p194/gems/activerecord-3.2.8/lib/active_record/fixtures.rb:492:in `each'
    /usr/local/rvm/gems/ruby-1.9.3-p194/gems/activerecord-3.2.8/lib/active_record/fixtures.rb:492:in `block (2 levels) in create_fixtures'
    /usr/local/rvm/gems/ruby-1.9.3-p194/gems/activerecord-3.2.8/lib/active_record/connection_adapters/abstract/database_statements.rb:192:in `transaction'
    /usr/local/rvm/gems/ruby-1.9.3-p194/gems/activerecord-3.2.8/lib/active_record/fixtures.rb:491:in `block in create_fixtures'
    /usr/local/rvm/gems/ruby-1.9.3-p194/gems/activerecord-3.2.8/lib/active_record/connection_adapters/abstract_adapter.rb:168:in `disable_referential_integrity'
    /usr/local/rvm/gems/ruby-1.9.3-p194/gems/activerecord-3.2.8/lib/active_record/fixtures.rb:476:in `create_fixtures'
    /usr/local/rvm/gems/ruby-1.9.3-p194/gems/activerecord-3.2.8/lib/active_record/fixtures.rb:895:in `load_fixtures'
    /usr/local/rvm/gems/ruby-1.9.3-p194/gems/activerecord-3.2.8/lib/active_record/fixtures.rb:849:in `setup_fixtures'
    /usr/local/rvm/gems/ruby-1.9.3-p194/gems/activesupport-3.2.8/lib/active_support/callbacks.rb:429:in `_run__936758155__setup__428493217__callbacks'
    /usr/local/rvm/gems/ruby-1.9.3-p194/gems/activesupport-3.2.8/lib/active_support/callbacks.rb:405:in `__run_callback'
    /usr/local/rvm/gems/ruby-1.9.3-p194/gems/activesupport-3.2.8/lib/active_support/callbacks.rb:385:in `_run_setup_callbacks'
    /usr/local/rvm/gems/ruby-1.9.3-p194/gems/activesupport-3.2.8/lib/active_support/callbacks.rb:81:in `run_callbacks'
    /usr/local/rvm/gems/ruby-1.9.3-p194/gems/activesupport-3.2.8/lib/active_support/testing/setup_and_teardown.rb:35:in `run'

7 tests, 0 assertions, 0 failures, 7 errors, 0 skips
Run options: -n "/^(test_should_get_contact|test_should_get_home)$/"

# Running tests:

EE

Finished tests in 0.052088s, 38.3964 tests/s, 0.0000 assertions/s.

  1) Error:
test_should_get_contact(PagesControllerTest):
ActiveRecord::StatementInvalid: Could not find table 'users'
    /usr/local/rvm/gems/ruby-1.9.3-p194/gems/activerecord-3.2.8/lib/active_record/connection_adapters/sqlite_adapter.rb:472:in `table_structure'
    /usr/local/rvm/gems/ruby-1.9.3-p194/gems/activerecord-3.2.8/lib/active_record/connection_adapters/sqlite_adapter.rb:346:in `columns'
    /usr/local/rvm/gems/ruby-1.9.3-p194/gems/activerecord-3.2.8/lib/active_record/fixtures.rb:660:in `column_names'
    /usr/local/rvm/gems/ruby-1.9.3-p194/gems/activerecord-3.2.8/lib/active_record/fixtures.rb:652:in `timestamp_column_names'
    /usr/local/rvm/gems/ruby-1.9.3-p194/gems/activerecord-3.2.8/lib/active_record/fixtures.rb:585:in `block in table_rows'
    /usr/local/rvm/gems/ruby-1.9.3-p194/gems/activerecord-3.2.8/lib/active_record/fixtures.rb:579:in `each'
    /usr/local/rvm/gems/ruby-1.9.3-p194/gems/activerecord-3.2.8/lib/active_record/fixtures.rb:579:in `map'
    /usr/local/rvm/gems/ruby-1.9.3-p194/gems/activerecord-3.2.8/lib/active_record/fixtures.rb:579:in `table_rows'
    /usr/local/rvm/gems/ruby-1.9.3-p194/gems/activerecord-3.2.8/lib/active_record/fixtures.rb:494:in `block (3 levels) in create_fixtures'
    /usr/local/rvm/gems/ruby-1.9.3-p194/gems/activerecord-3.2.8/lib/active_record/fixtures.rb:492:in `each'
    /usr/local/rvm/gems/ruby-1.9.3-p194/gems/activerecord-3.2.8/lib/active_record/fixtures.rb:492:in `block (2 levels) in create_fixtures'
    /usr/local/rvm/gems/ruby-1.9.3-p194/gems/activerecord-3.2.8/lib/active_record/connection_adapters/abstract/database_statements.rb:192:in `transaction'
    /usr/local/rvm/gems/ruby-1.9.3-p194/gems/activerecord-3.2.8/lib/active_record/fixtures.rb:491:in `block in create_fixtures'
    /usr/local/rvm/gems/ruby-1.9.3-p194/gems/activerecord-3.2.8/lib/active_record/connection_adapters/abstract_adapter.rb:168:in `disable_referential_integrity'
    /usr/local/rvm/gems/ruby-1.9.3-p194/gems/activerecord-3.2.8/lib/active_record/fixtures.rb:476:in `create_fixtures'
    /usr/local/rvm/gems/ruby-1.9.3-p194/gems/activerecord-3.2.8/lib/active_record/fixtures.rb:895:in `load_fixtures'
    /usr/local/rvm/gems/ruby-1.9.3-p194/gems/activerecord-3.2.8/lib/active_record/fixtures.rb:849:in `setup_fixtures'
    /usr/local/rvm/gems/ruby-1.9.3-p194/gems/activesupport-3.2.8/lib/active_support/callbacks.rb:429:in `_run__7064996__setup__575063678__callbacks'
    /usr/local/rvm/gems/ruby-1.9.3-p194/gems/activesupport-3.2.8/lib/active_support/callbacks.rb:405:in `__run_callback'
    /usr/local/rvm/gems/ruby-1.9.3-p194/gems/activesupport-3.2.8/lib/active_support/callbacks.rb:385:in `_run_setup_callbacks'
    /usr/local/rvm/gems/ruby-1.9.3-p194/gems/activesupport-3.2.8/lib/active_support/callbacks.rb:81:in `run_callbacks'
    /usr/local/rvm/gems/ruby-1.9.3-p194/gems/activesupport-3.2.8/lib/active_support/testing/setup_and_teardown.rb:35:in `run'

  2) Error:
test_should_get_home(PagesControllerTest):
ActiveRecord::StatementInvalid: Could not find table 'users'
    /usr/local/rvm/gems/ruby-1.9.3-p194/gems/activerecord-3.2.8/lib/active_record/connection_adapters/sqlite_adapter.rb:472:in `table_structure'
    /usr/local/rvm/gems/ruby-1.9.3-p194/gems/activerecord-3.2.8/lib/active_record/connection_adapters/sqlite_adapter.rb:346:in `columns'
    /usr/local/rvm/gems/ruby-1.9.3-p194/gems/activerecord-3.2.8/lib/active_record/fixtures.rb:660:in `column_names'
    /usr/local/rvm/gems/ruby-1.9.3-p194/gems/activerecord-3.2.8/lib/active_record/fixtures.rb:652:in `timestamp_column_names'
    /usr/local/rvm/gems/ruby-1.9.3-p194/gems/activerecord-3.2.8/lib/active_record/fixtures.rb:585:in `block in table_rows'
    /usr/local/rvm/gems/ruby-1.9.3-p194/gems/activerecord-3.2.8/lib/active_record/fixtures.rb:579:in `each'
    /usr/local/rvm/gems/ruby-1.9.3-p194/gems/activerecord-3.2.8/lib/active_record/fixtures.rb:579:in `map'
    /usr/local/rvm/gems/ruby-1.9.3-p194/gems/activerecord-3.2.8/lib/active_record/fixtures.rb:579:in `table_rows'
    /usr/local/rvm/gems/ruby-1.9.3-p194/gems/activerecord-3.2.8/lib/active_record/fixtures.rb:494:in `block (3 levels) in create_fixtures'
    /usr/local/rvm/gems/ruby-1.9.3-p194/gems/activerecord-3.2.8/lib/active_record/fixtures.rb:492:in `each'
    /usr/local/rvm/gems/ruby-1.9.3-p194/gems/activerecord-3.2.8/lib/active_record/fixtures.rb:492:in `block (2 levels) in create_fixtures'
    /usr/local/rvm/gems/ruby-1.9.3-p194/gems/activerecord-3.2.8/lib/active_record/connection_adapters/abstract/database_statements.rb:192:in `transaction'
    /usr/local/rvm/gems/ruby-1.9.3-p194/gems/activerecord-3.2.8/lib/active_record/fixtures.rb:491:in `block in create_fixtures'
    /usr/local/rvm/gems/ruby-1.9.3-p194/gems/activerecord-3.2.8/lib/active_record/connection_adapters/abstract_adapter.rb:168:in `disable_referential_integrity'
    /usr/local/rvm/gems/ruby-1.9.3-p194/gems/activerecord-3.2.8/lib/active_record/fixtures.rb:476:in `create_fixtures'
    /usr/local/rvm/gems/ruby-1.9.3-p194/gems/activerecord-3.2.8/lib/active_record/fixtures.rb:895:in `load_fixtures'
    /usr/local/rvm/gems/ruby-1.9.3-p194/gems/activerecord-3.2.8/lib/active_record/fixtures.rb:849:in `setup_fixtures'
    /usr/local/rvm/gems/ruby-1.9.3-p194/gems/activesupport-3.2.8/lib/active_support/callbacks.rb:429:in `_run__7064996__setup__575063678__callbacks'
    /usr/local/rvm/gems/ruby-1.9.3-p194/gems/activesupport-3.2.8/lib/active_support/callbacks.rb:405:in `__run_callback'
    /usr/local/rvm/gems/ruby-1.9.3-p194/gems/activesupport-3.2.8/lib/active_support/callbacks.rb:385:in `_run_setup_callbacks'
    /usr/local/rvm/gems/ruby-1.9.3-p194/gems/activesupport-3.2.8/lib/active_support/callbacks.rb:81:in `run_callbacks'
    /usr/local/rvm/gems/ruby-1.9.3-p194/gems/activesupport-3.2.8/lib/active_support/testing/setup_and_teardown.rb:35:in `run'

2 tests, 0 assertions, 0 failures, 2 errors, 0 skips
/usr/local/rvm/rubies/ruby-1.9.3-p194/bin/ruby -I.:lib:test -rubygems test/functional/pages_controller_test.rb -n "/^(test_should_get_contact|test_should_get_home)$/"; /usr/local/rvm/rubies/ruby-1.9.3-p194/bin/ruby -I.:lib:test -rubygems test/functional/users_controller_test.rb -n "/^(test_should_create_user|test_should_destroy_user|test_should_get_edit|test_should_get_index|test_should_get_new|test_should_show_user|test_should_update_user)$/"; /usr/local/rvm/rubies/ruby-1.9.3-p194/bin/ruby -I.:lib:test -rubygems test/functional/microposts_controller_test.rb -n "/^(test_should_create_micropost|test_should_destroy_micropost|test_should_get_edit|test_should_get_index|test_should_get_new|test_should_show_micropost|test_should_update_micropost)$/"
Run options: -n "/^(test_should_get_contact|test_should_get_home)$/"

# Running tests:

EE

Finished tests in 0.044348s, 45.0980 tests/s, 0.0000 assertions/s.

  1) Error:
test_should_get_contact(PagesControllerTest):
ActiveRecord::StatementInvalid: Could not find table 'users'
    /usr/local/rvm/gems/ruby-1.9.3-p194/gems/activerecord-3.2.8/lib/active_record/connection_adapters/sqlite_adapter.rb:472:in `table_structure'
    /usr/local/rvm/gems/ruby-1.9.3-p194/gems/activerecord-3.2.8/lib/active_record/connection_adapters/sqlite_adapter.rb:346:in `columns'
    /usr/local/rvm/gems/ruby-1.9.3-p194/gems/activerecord-3.2.8/lib/active_record/fixtures.rb:660:in `column_names'
    /usr/local/rvm/gems/ruby-1.9.3-p194/gems/activerecord-3.2.8/lib/active_record/fixtures.rb:652:in `timestamp_column_names'
    /usr/local/rvm/gems/ruby-1.9.3-p194/gems/activerecord-3.2.8/lib/active_record/fixtures.rb:585:in `block in table_rows'
    /usr/local/rvm/gems/ruby-1.9.3-p194/gems/activerecord-3.2.8/lib/active_record/fixtures.rb:579:in `each'
    /usr/local/rvm/gems/ruby-1.9.3-p194/gems/activerecord-3.2.8/lib/active_record/fixtures.rb:579:in `map'
    /usr/local/rvm/gems/ruby-1.9.3-p194/gems/activerecord-3.2.8/lib/active_record/fixtures.rb:579:in `table_rows'
    /usr/local/rvm/gems/ruby-1.9.3-p194/gems/activerecord-3.2.8/lib/active_record/fixtures.rb:494:in `block (3 levels) in create_fixtures'
    /usr/local/rvm/gems/ruby-1.9.3-p194/gems/activerecord-3.2.8/lib/active_record/fixtures.rb:492:in `each'
    /usr/local/rvm/gems/ruby-1.9.3-p194/gems/activerecord-3.2.8/lib/active_record/fixtures.rb:492:in `block (2 levels) in create_fixtures'
    /usr/local/rvm/gems/ruby-1.9.3-p194/gems/activerecord-3.2.8/lib/active_record/connection_adapters/abstract/database_statements.rb:192:in `transaction'
    /usr/local/rvm/gems/ruby-1.9.3-p194/gems/activerecord-3.2.8/lib/active_record/fixtures.rb:491:in `block in create_fixtures'
    /usr/local/rvm/gems/ruby-1.9.3-p194/gems/activerecord-3.2.8/lib/active_record/connection_adapters/abstract_adapter.rb:168:in `disable_referential_integrity'
    /usr/local/rvm/gems/ruby-1.9.3-p194/gems/activerecord-3.2.8/lib/active_record/fixtures.rb:476:in `create_fixtures'
    /usr/local/rvm/gems/ruby-1.9.3-p194/gems/activerecord-3.2.8/lib/active_record/fixtures.rb:895:in `load_fixtures'
    /usr/local/rvm/gems/ruby-1.9.3-p194/gems/activerecord-3.2.8/lib/active_record/fixtures.rb:849:in `setup_fixtures'
    /usr/local/rvm/gems/ruby-1.9.3-p194/gems/activesupport-3.2.8/lib/active_support/callbacks.rb:429:in `_run__969652812__setup__66895940__callbacks'
    /usr/local/rvm/gems/ruby-1.9.3-p194/gems/activesupport-3.2.8/lib/active_support/callbacks.rb:405:in `__run_callback'
    /usr/local/rvm/gems/ruby-1.9.3-p194/gems/activesupport-3.2.8/lib/active_support/callbacks.rb:385:in `_run_setup_callbacks'
    /usr/local/rvm/gems/ruby-1.9.3-p194/gems/activesupport-3.2.8/lib/active_support/callbacks.rb:81:in `run_callbacks'
    /usr/local/rvm/gems/ruby-1.9.3-p194/gems/activesupport-3.2.8/lib/active_support/testing/setup_and_teardown.rb:35:in `run'

  2) Error:
test_should_get_home(PagesControllerTest):
ActiveRecord::StatementInvalid: Could not find table 'users'
    /usr/local/rvm/gems/ruby-1.9.3-p194/gems/activerecord-3.2.8/lib/active_record/connection_adapters/sqlite_adapter.rb:472:in `table_structure'
    /usr/local/rvm/gems/ruby-1.9.3-p194/gems/activerecord-3.2.8/lib/active_record/connection_adapters/sqlite_adapter.rb:346:in `columns'
    /usr/local/rvm/gems/ruby-1.9.3-p194/gems/activerecord-3.2.8/lib/active_record/fixtures.rb:660:in `column_names'
    /usr/local/rvm/gems/ruby-1.9.3-p194/gems/activerecord-3.2.8/lib/active_record/fixtures.rb:652:in `timestamp_column_names'
    /usr/local/rvm/gems/ruby-1.9.3-p194/gems/activerecord-3.2.8/lib/active_record/fixtures.rb:585:in `block in table_rows'
    /usr/local/rvm/gems/ruby-1.9.3-p194/gems/activerecord-3.2.8/lib/active_record/fixtures.rb:579:in `each'
    /usr/local/rvm/gems/ruby-1.9.3-p194/gems/activerecord-3.2.8/lib/active_record/fixtures.rb:579:in `map'
    /usr/local/rvm/gems/ruby-1.9.3-p194/gems/activerecord-3.2.8/lib/active_record/fixtures.rb:579:in `table_rows'
    /usr/local/rvm/gems/ruby-1.9.3-p194/gems/activerecord-3.2.8/lib/active_record/fixtures.rb:494:in `block (3 levels) in create_fixtures'
    /usr/local/rvm/gems/ruby-1.9.3-p194/gems/activerecord-3.2.8/lib/active_record/fixtures.rb:492:in `each'
    /usr/local/rvm/gems/ruby-1.9.3-p194/gems/activerecord-3.2.8/lib/active_record/fixtures.rb:492:in `block (2 levels) in create_fixtures'
    /usr/local/rvm/gems/ruby-1.9.3-p194/gems/activerecord-3.2.8/lib/active_record/connection_adapters/abstract/database_statements.rb:192:in `transaction'
    /usr/local/rvm/gems/ruby-1.9.3-p194/gems/activerecord-3.2.8/lib/active_record/fixtures.rb:491:in `block in create_fixtures'
    /usr/local/rvm/gems/ruby-1.9.3-p194/gems/activerecord-3.2.8/lib/active_record/connection_adapters/abstract_adapter.rb:168:in `disable_referential_integrity'
    /usr/local/rvm/gems/ruby-1.9.3-p194/gems/activerecord-3.2.8/lib/active_record/fixtures.rb:476:in `create_fixtures'
    /usr/local/rvm/gems/ruby-1.9.3-p194/gems/activerecord-3.2.8/lib/active_record/fixtures.rb:895:in `load_fixtures'
    /usr/local/rvm/gems/ruby-1.9.3-p194/gems/activerecord-3.2.8/lib/active_record/fixtures.rb:849:in `setup_fixtures'
    /usr/local/rvm/gems/ruby-1.9.3-p194/gems/activesupport-3.2.8/lib/active_support/callbacks.rb:429:in `_run__969652812__setup__66895940__callbacks'
    /usr/local/rvm/gems/ruby-1.9.3-p194/gems/activesupport-3.2.8/lib/active_support/callbacks.rb:405:in `__run_callback'
    /usr/local/rvm/gems/ruby-1.9.3-p194/gems/activesupport-3.2.8/lib/active_support/callbacks.rb:385:in `_run_setup_callbacks'
    /usr/local/rvm/gems/ruby-1.9.3-p194/gems/activesupport-3.2.8/lib/active_support/callbacks.rb:81:in `run_callbacks'
    /usr/local/rvm/gems/ruby-1.9.3-p194/gems/activesupport-3.2.8/lib/active_support/testing/setup_and_teardown.rb:35:in `run'

2 tests, 0 assertions, 0 failures, 2 errors, 0 skips
Run options: -n "/^(test_should_create_user|test_should_destroy_user|test_should_get_edit|test_should_get_index|test_should_get_new|test_should_show_user|test_should_update_user)$/"

# Running tests:

EEEEEEE

Finished tests in 0.102859s, 68.0540 tests/s, 0.0000 assertions/s.

  1) Error:
test_should_create_user(UsersControllerTest):
ActiveRecord::StatementInvalid: Could not find table 'users'
    /usr/local/rvm/gems/ruby-1.9.3-p194/gems/activerecord-3.2.8/lib/active_record/connection_adapters/sqlite_adapter.rb:472:in `table_structure'
    /usr/local/rvm/gems/ruby-1.9.3-p194/gems/activerecord-3.2.8/lib/active_record/connection_adapters/sqlite_adapter.rb:346:in `columns'
    /usr/local/rvm/gems/ruby-1.9.3-p194/gems/activerecord-3.2.8/lib/active_record/fixtures.rb:660:in `column_names'
    /usr/local/rvm/gems/ruby-1.9.3-p194/gems/activerecord-3.2.8/lib/active_record/fixtures.rb:652:in `timestamp_column_names'
    /usr/local/rvm/gems/ruby-1.9.3-p194/gems/activerecord-3.2.8/lib/active_record/fixtures.rb:585:in `block in table_rows'
    /usr/local/rvm/gems/ruby-1.9.3-p194/gems/activerecord-3.2.8/lib/active_record/fixtures.rb:579:in `each'
    /usr/local/rvm/gems/ruby-1.9.3-p194/gems/activerecord-3.2.8/lib/active_record/fixtures.rb:579:in `map'
    /usr/local/rvm/gems/ruby-1.9.3-p194/gems/activerecord-3.2.8/lib/active_record/fixtures.rb:579:in `table_rows'
    /usr/local/rvm/gems/ruby-1.9.3-p194/gems/activerecord-3.2.8/lib/active_record/fixtures.rb:494:in `block (3 levels) in create_fixtures'
    /usr/local/rvm/gems/ruby-1.9.3-p194/gems/activerecord-3.2.8/lib/active_record/fixtures.rb:492:in `each'
    /usr/local/rvm/gems/ruby-1.9.3-p194/gems/activerecord-3.2.8/lib/active_record/fixtures.rb:492:in `block (2 levels) in create_fixtures'
    /usr/local/rvm/gems/ruby-1.9.3-p194/gems/activerecord-3.2.8/lib/active_record/connection_adapters/abstract/database_statements.rb:192:in `transaction'
    /usr/local/rvm/gems/ruby-1.9.3-p194/gems/activerecord-3.2.8/lib/active_record/fixtures.rb:491:in `block in create_fixtures'
    /usr/local/rvm/gems/ruby-1.9.3-p194/gems/activerecord-3.2.8/lib/active_record/connection_adapters/abstract_adapter.rb:168:in `disable_referential_integrity'
    /usr/local/rvm/gems/ruby-1.9.3-p194/gems/activerecord-3.2.8/lib/active_record/fixtures.rb:476:in `create_fixtures'
    /usr/local/rvm/gems/ruby-1.9.3-p194/gems/activerecord-3.2.8/lib/active_record/fixtures.rb:895:in `load_fixtures'
    /usr/local/rvm/gems/ruby-1.9.3-p194/gems/activerecord-3.2.8/lib/active_record/fixtures.rb:849:in `setup_fixtures'
    /usr/local/rvm/gems/ruby-1.9.3-p194/gems/activesupport-3.2.8/lib/active_support/callbacks.rb:429:in `_run__733362726__setup__394526882__callbacks'
    /usr/local/rvm/gems/ruby-1.9.3-p194/gems/activesupport-3.2.8/lib/active_support/callbacks.rb:405:in `__run_callback'
    /usr/local/rvm/gems/ruby-1.9.3-p194/gems/activesupport-3.2.8/lib/active_support/callbacks.rb:385:in `_run_setup_callbacks'
    /usr/local/rvm/gems/ruby-1.9.3-p194/gems/activesupport-3.2.8/lib/active_support/callbacks.rb:81:in `run_callbacks'
    /usr/local/rvm/gems/ruby-1.9.3-p194/gems/activesupport-3.2.8/lib/active_support/testing/setup_and_teardown.rb:35:in `run'

  2) Error:
test_should_destroy_user(UsersControllerTest):
ActiveRecord::StatementInvalid: Could not find table 'users'
    /usr/local/rvm/gems/ruby-1.9.3-p194/gems/activerecord-3.2.8/lib/active_record/connection_adapters/sqlite_adapter.rb:472:in `table_structure'
    /usr/local/rvm/gems/ruby-1.9.3-p194/gems/activerecord-3.2.8/lib/active_record/connection_adapters/sqlite_adapter.rb:346:in `columns'
    /usr/local/rvm/gems/ruby-1.9.3-p194/gems/activerecord-3.2.8/lib/active_record/fixtures.rb:660:in `column_names'
    /usr/local/rvm/gems/ruby-1.9.3-p194/gems/activerecord-3.2.8/lib/active_record/fixtures.rb:652:in `timestamp_column_names'
    /usr/local/rvm/gems/ruby-1.9.3-p194/gems/activerecord-3.2.8/lib/active_record/fixtures.rb:585:in `block in table_rows'
    /usr/local/rvm/gems/ruby-1.9.3-p194/gems/activerecord-3.2.8/lib/active_record/fixtures.rb:579:in `each'
    /usr/local/rvm/gems/ruby-1.9.3-p194/gems/activerecord-3.2.8/lib/active_record/fixtures.rb:579:in `map'
    /usr/local/rvm/gems/ruby-1.9.3-p194/gems/activerecord-3.2.8/lib/active_record/fixtures.rb:579:in `table_rows'
    /usr/local/rvm/gems/ruby-1.9.3-p194/gems/activerecord-3.2.8/lib/active_record/fixtures.rb:494:in `block (3 levels) in create_fixtures'
    /usr/local/rvm/gems/ruby-1.9.3-p194/gems/activerecord-3.2.8/lib/active_record/fixtures.rb:492:in `each'
    /usr/local/rvm/gems/ruby-1.9.3-p194/gems/activerecord-3.2.8/lib/active_record/fixtures.rb:492:in `block (2 levels) in create_fixtures'
    /usr/local/rvm/gems/ruby-1.9.3-p194/gems/activerecord-3.2.8/lib/active_record/connection_adapters/abstract/database_statements.rb:192:in `transaction'
    /usr/local/rvm/gems/ruby-1.9.3-p194/gems/activerecord-3.2.8/lib/active_record/fixtures.rb:491:in `block in create_fixtures'
    /usr/local/rvm/gems/ruby-1.9.3-p194/gems/activerecord-3.2.8/lib/active_record/connection_adapters/abstract_adapter.rb:168:in `disable_referential_integrity'
    /usr/local/rvm/gems/ruby-1.9.3-p194/gems/activerecord-3.2.8/lib/active_record/fixtures.rb:476:in `create_fixtures'
    /usr/local/rvm/gems/ruby-1.9.3-p194/gems/activerecord-3.2.8/lib/active_record/fixtures.rb:895:in `load_fixtures'
    /usr/local/rvm/gems/ruby-1.9.3-p194/gems/activerecord-3.2.8/lib/active_record/fixtures.rb:849:in `setup_fixtures'
    /usr/local/rvm/gems/ruby-1.9.3-p194/gems/activesupport-3.2.8/lib/active_support/callbacks.rb:429:in `_run__733362726__setup__394526882__callbacks'
    /usr/local/rvm/gems/ruby-1.9.3-p194/gems/activesupport-3.2.8/lib/active_support/callbacks.rb:405:in `__run_callback'
    /usr/local/rvm/gems/ruby-1.9.3-p194/gems/activesupport-3.2.8/lib/active_support/callbacks.rb:385:in `_run_setup_callbacks'
    /usr/local/rvm/gems/ruby-1.9.3-p194/gems/activesupport-3.2.8/lib/active_support/callbacks.rb:81:in `run_callbacks'
    /usr/local/rvm/gems/ruby-1.9.3-p194/gems/activesupport-3.2.8/lib/active_support/testing/setup_and_teardown.rb:35:in `run'

  3) Error:
test_should_get_edit(UsersControllerTest):
ActiveRecord::StatementInvalid: Could not find table 'users'
    /usr/local/rvm/gems/ruby-1.9.3-p194/gems/activerecord-3.2.8/lib/active_record/connection_adapters/sqlite_adapter.rb:472:in `table_structure'
    /usr/local/rvm/gems/ruby-1.9.3-p194/gems/activerecord-3.2.8/lib/active_record/connection_adapters/sqlite_adapter.rb:346:in `columns'
    /usr/local/rvm/gems/ruby-1.9.3-p194/gems/activerecord-3.2.8/lib/active_record/fixtures.rb:660:in `column_names'
    /usr/local/rvm/gems/ruby-1.9.3-p194/gems/activerecord-3.2.8/lib/active_record/fixtures.rb:652:in `timestamp_column_names'
    /usr/local/rvm/gems/ruby-1.9.3-p194/gems/activerecord-3.2.8/lib/active_record/fixtures.rb:585:in `block in table_rows'
    /usr/local/rvm/gems/ruby-1.9.3-p194/gems/activerecord-3.2.8/lib/active_record/fixtures.rb:579:in `each'
    /usr/local/rvm/gems/ruby-1.9.3-p194/gems/activerecord-3.2.8/lib/active_record/fixtures.rb:579:in `map'
    /usr/local/rvm/gems/ruby-1.9.3-p194/gems/activerecord-3.2.8/lib/active_record/fixtures.rb:579:in `table_rows'
    /usr/local/rvm/gems/ruby-1.9.3-p194/gems/activerecord-3.2.8/lib/active_record/fixtures.rb:494:in `block (3 levels) in create_fixtures'
    /usr/local/rvm/gems/ruby-1.9.3-p194/gems/activerecord-3.2.8/lib/active_record/fixtures.rb:492:in `each'
    /usr/local/rvm/gems/ruby-1.9.3-p194/gems/activerecord-3.2.8/lib/active_record/fixtures.rb:492:in `block (2 levels) in create_fixtures'
    /usr/local/rvm/gems/ruby-1.9.3-p194/gems/activerecord-3.2.8/lib/active_record/connection_adapters/abstract/database_statements.rb:192:in `transaction'
    /usr/local/rvm/gems/ruby-1.9.3-p194/gems/activerecord-3.2.8/lib/active_record/fixtures.rb:491:in `block in create_fixtures'
    /usr/local/rvm/gems/ruby-1.9.3-p194/gems/activerecord-3.2.8/lib/active_record/connection_adapters/abstract_adapter.rb:168:in `disable_referential_integrity'
    /usr/local/rvm/gems/ruby-1.9.3-p194/gems/activerecord-3.2.8/lib/active_record/fixtures.rb:476:in `create_fixtures'
    /usr/local/rvm/gems/ruby-1.9.3-p194/gems/activerecord-3.2.8/lib/active_record/fixtures.rb:895:in `load_fixtures'
    /usr/local/rvm/gems/ruby-1.9.3-p194/gems/activerecord-3.2.8/lib/active_record/fixtures.rb:849:in `setup_fixtures'
    /usr/local/rvm/gems/ruby-1.9.3-p194/gems/activesupport-3.2.8/lib/active_support/callbacks.rb:429:in `_run__733362726__setup__394526882__callbacks'
    /usr/local/rvm/gems/ruby-1.9.3-p194/gems/activesupport-3.2.8/lib/active_support/callbacks.rb:405:in `__run_callback'
    /usr/local/rvm/gems/ruby-1.9.3-p194/gems/activesupport-3.2.8/lib/active_support/callbacks.rb:385:in `_run_setup_callbacks'
    /usr/local/rvm/gems/ruby-1.9.3-p194/gems/activesupport-3.2.8/lib/active_support/callbacks.rb:81:in `run_callbacks'
    /usr/local/rvm/gems/ruby-1.9.3-p194/gems/activesupport-3.2.8/lib/active_support/testing/setup_and_teardown.rb:35:in `run'

  4) Error:
test_should_get_index(UsersControllerTest):
ActiveRecord::StatementInvalid: Could not find table 'users'
    /usr/local/rvm/gems/ruby-1.9.3-p194/gems/activerecord-3.2.8/lib/active_record/connection_adapters/sqlite_adapter.rb:472:in `table_structure'
    /usr/local/rvm/gems/ruby-1.9.3-p194/gems/activerecord-3.2.8/lib/active_record/connection_adapters/sqlite_adapter.rb:346:in `columns'
    /usr/local/rvm/gems/ruby-1.9.3-p194/gems/activerecord-3.2.8/lib/active_record/fixtures.rb:660:in `column_names'
    /usr/local/rvm/gems/ruby-1.9.3-p194/gems/activerecord-3.2.8/lib/active_record/fixtures.rb:652:in `timestamp_column_names'
    /usr/local/rvm/gems/ruby-1.9.3-p194/gems/activerecord-3.2.8/lib/active_record/fixtures.rb:585:in `block in table_rows'
    /usr/local/rvm/gems/ruby-1.9.3-p194/gems/activerecord-3.2.8/lib/active_record/fixtures.rb:579:in `each'
    /usr/local/rvm/gems/ruby-1.9.3-p194/gems/activerecord-3.2.8/lib/active_record/fixtures.rb:579:in `map'
    /usr/local/rvm/gems/ruby-1.9.3-p194/gems/activerecord-3.2.8/lib/active_record/fixtures.rb:579:in `table_rows'
    /usr/local/rvm/gems/ruby-1.9.3-p194/gems/activerecord-3.2.8/lib/active_record/fixtures.rb:494:in `block (3 levels) in create_fixtures'
    /usr/local/rvm/gems/ruby-1.9.3-p194/gems/activerecord-3.2.8/lib/active_record/fixtures.rb:492:in `each'
    /usr/local/rvm/gems/ruby-1.9.3-p194/gems/activerecord-3.2.8/lib/active_record/fixtures.rb:492:in `block (2 levels) in create_fixtures'
    /usr/local/rvm/gems/ruby-1.9.3-p194/gems/activerecord-3.2.8/lib/active_record/connection_adapters/abstract/database_statements.rb:192:in `transaction'
    /usr/local/rvm/gems/ruby-1.9.3-p194/gems/activerecord-3.2.8/lib/active_record/fixtures.rb:491:in `block in create_fixtures'
    /usr/local/rvm/gems/ruby-1.9.3-p194/gems/activerecord-3.2.8/lib/active_record/connection_adapters/abstract_adapter.rb:168:in `disable_referential_integrity'
    /usr/local/rvm/gems/ruby-1.9.3-p194/gems/activerecord-3.2.8/lib/active_record/fixtures.rb:476:in `create_fixtures'
    /usr/local/rvm/gems/ruby-1.9.3-p194/gems/activerecord-3.2.8/lib/active_record/fixtures.rb:895:in `load_fixtures'
    /usr/local/rvm/gems/ruby-1.9.3-p194/gems/activerecord-3.2.8/lib/active_record/fixtures.rb:849:in `setup_fixtures'
    /usr/local/rvm/gems/ruby-1.9.3-p194/gems/activesupport-3.2.8/lib/active_support/callbacks.rb:429:in `_run__733362726__setup__394526882__callbacks'
    /usr/local/rvm/gems/ruby-1.9.3-p194/gems/activesupport-3.2.8/lib/active_support/callbacks.rb:405:in `__run_callback'
    /usr/local/rvm/gems/ruby-1.9.3-p194/gems/activesupport-3.2.8/lib/active_support/callbacks.rb:385:in `_run_setup_callbacks'
    /usr/local/rvm/gems/ruby-1.9.3-p194/gems/activesupport-3.2.8/lib/active_support/callbacks.rb:81:in `run_callbacks'
    /usr/local/rvm/gems/ruby-1.9.3-p194/gems/activesupport-3.2.8/lib/active_support/testing/setup_and_teardown.rb:35:in `run'

  5) Error:
test_should_get_new(UsersControllerTest):
ActiveRecord::StatementInvalid: Could not find table 'users'
    /usr/local/rvm/gems/ruby-1.9.3-p194/gems/activerecord-3.2.8/lib/active_record/connection_adapters/sqlite_adapter.rb:472:in `table_structure'
    /usr/local/rvm/gems/ruby-1.9.3-p194/gems/activerecord-3.2.8/lib/active_record/connection_adapters/sqlite_adapter.rb:346:in `columns'
    /usr/local/rvm/gems/ruby-1.9.3-p194/gems/activerecord-3.2.8/lib/active_record/fixtures.rb:660:in `column_names'
    /usr/local/rvm/gems/ruby-1.9.3-p194/gems/activerecord-3.2.8/lib/active_record/fixtures.rb:652:in `timestamp_column_names'
    /usr/local/rvm/gems/ruby-1.9.3-p194/gems/activerecord-3.2.8/lib/active_record/fixtures.rb:585:in `block in table_rows'
    /usr/local/rvm/gems/ruby-1.9.3-p194/gems/activerecord-3.2.8/lib/active_record/fixtures.rb:579:in `each'
    /usr/local/rvm/gems/ruby-1.9.3-p194/gems/activerecord-3.2.8/lib/active_record/fixtures.rb:579:in `map'
    /usr/local/rvm/gems/ruby-1.9.3-p194/gems/activerecord-3.2.8/lib/active_record/fixtures.rb:579:in `table_rows'
    /usr/local/rvm/gems/ruby-1.9.3-p194/gems/activerecord-3.2.8/lib/active_record/fixtures.rb:494:in `block (3 levels) in create_fixtures'
    /usr/local/rvm/gems/ruby-1.9.3-p194/gems/activerecord-3.2.8/lib/active_record/fixtures.rb:492:in `each'
    /usr/local/rvm/gems/ruby-1.9.3-p194/gems/activerecord-3.2.8/lib/active_record/fixtures.rb:492:in `block (2 levels) in create_fixtures'
    /usr/local/rvm/gems/ruby-1.9.3-p194/gems/activerecord-3.2.8/lib/active_record/connection_adapters/abstract/database_statements.rb:192:in `transaction'
    /usr/local/rvm/gems/ruby-1.9.3-p194/gems/activerecord-3.2.8/lib/active_record/fixtures.rb:491:in `block in create_fixtures'
    /usr/local/rvm/gems/ruby-1.9.3-p194/gems/activerecord-3.2.8/lib/active_record/connection_adapters/abstract_adapter.rb:168:in `disable_referential_integrity'
    /usr/local/rvm/gems/ruby-1.9.3-p194/gems/activerecord-3.2.8/lib/active_record/fixtures.rb:476:in `create_fixtures'
    /usr/local/rvm/gems/ruby-1.9.3-p194/gems/activerecord-3.2.8/lib/active_record/fixtures.rb:895:in `load_fixtures'
    /usr/local/rvm/gems/ruby-1.9.3-p194/gems/activerecord-3.2.8/lib/active_record/fixtures.rb:849:in `setup_fixtures'
    /usr/local/rvm/gems/ruby-1.9.3-p194/gems/activesupport-3.2.8/lib/active_support/callbacks.rb:429:in `_run__733362726__setup__394526882__callbacks'
    /usr/local/rvm/gems/ruby-1.9.3-p194/gems/activesupport-3.2.8/lib/active_support/callbacks.rb:405:in `__run_callback'
    /usr/local/rvm/gems/ruby-1.9.3-p194/gems/activesupport-3.2.8/lib/active_support/callbacks.rb:385:in `_run_setup_callbacks'
    /usr/local/rvm/gems/ruby-1.9.3-p194/gems/activesupport-3.2.8/lib/active_support/callbacks.rb:81:in `run_callbacks'
    /usr/local/rvm/gems/ruby-1.9.3-p194/gems/activesupport-3.2.8/lib/active_support/testing/setup_and_teardown.rb:35:in `run'

  6) Error:
test_should_show_user(UsersControllerTest):
ActiveRecord::StatementInvalid: Could not find table 'users'
    /usr/local/rvm/gems/ruby-1.9.3-p194/gems/activerecord-3.2.8/lib/active_record/connection_adapters/sqlite_adapter.rb:472:in `table_structure'
    /usr/local/rvm/gems/ruby-1.9.3-p194/gems/activerecord-3.2.8/lib/active_record/connection_adapters/sqlite_adapter.rb:346:in `columns'
    /usr/local/rvm/gems/ruby-1.9.3-p194/gems/activerecord-3.2.8/lib/active_record/fixtures.rb:660:in `column_names'
    /usr/local/rvm/gems/ruby-1.9.3-p194/gems/activerecord-3.2.8/lib/active_record/fixtures.rb:652:in `timestamp_column_names'
    /usr/local/rvm/gems/ruby-1.9.3-p194/gems/activerecord-3.2.8/lib/active_record/fixtures.rb:585:in `block in table_rows'
    /usr/local/rvm/gems/ruby-1.9.3-p194/gems/activerecord-3.2.8/lib/active_record/fixtures.rb:579:in `each'
    /usr/local/rvm/gems/ruby-1.9.3-p194/gems/activerecord-3.2.8/lib/active_record/fixtures.rb:579:in `map'
    /usr/local/rvm/gems/ruby-1.9.3-p194/gems/activerecord-3.2.8/lib/active_record/fixtures.rb:579:in `table_rows'
    /usr/local/rvm/gems/ruby-1.9.3-p194/gems/activerecord-3.2.8/lib/active_record/fixtures.rb:494:in `block (3 levels) in create_fixtures'
    /usr/local/rvm/gems/ruby-1.9.3-p194/gems/activerecord-3.2.8/lib/active_record/fixtures.rb:492:in `each'
    /usr/local/rvm/gems/ruby-1.9.3-p194/gems/activerecord-3.2.8/lib/active_record/fixtures.rb:492:in `block (2 levels) in create_fixtures'
    /usr/local/rvm/gems/ruby-1.9.3-p194/gems/activerecord-3.2.8/lib/active_record/connection_adapters/abstract/database_statements.rb:192:in `transaction'
    /usr/local/rvm/gems/ruby-1.9.3-p194/gems/activerecord-3.2.8/lib/active_record/fixtures.rb:491:in `block in create_fixtures'
    /usr/local/rvm/gems/ruby-1.9.3-p194/gems/activerecord-3.2.8/lib/active_record/connection_adapters/abstract_adapter.rb:168:in `disable_referential_integrity'
    /usr/local/rvm/gems/ruby-1.9.3-p194/gems/activerecord-3.2.8/lib/active_record/fixtures.rb:476:in `create_fixtures'
    /usr/local/rvm/gems/ruby-1.9.3-p194/gems/activerecord-3.2.8/lib/active_record/fixtures.rb:895:in `load_fixtures'
    /usr/local/rvm/gems/ruby-1.9.3-p194/gems/activerecord-3.2.8/lib/active_record/fixtures.rb:849:in `setup_fixtures'
    /usr/local/rvm/gems/ruby-1.9.3-p194/gems/activesupport-3.2.8/lib/active_support/callbacks.rb:429:in `_run__733362726__setup__394526882__callbacks'
    /usr/local/rvm/gems/ruby-1.9.3-p194/gems/activesupport-3.2.8/lib/active_support/callbacks.rb:405:in `__run_callback'
    /usr/local/rvm/gems/ruby-1.9.3-p194/gems/activesupport-3.2.8/lib/active_support/callbacks.rb:385:in `_run_setup_callbacks'
    /usr/local/rvm/gems/ruby-1.9.3-p194/gems/activesupport-3.2.8/lib/active_support/callbacks.rb:81:in `run_callbacks'
    /usr/local/rvm/gems/ruby-1.9.3-p194/gems/activesupport-3.2.8/lib/active_support/testing/setup_and_teardown.rb:35:in `run'

  7) Error:
test_should_update_user(UsersControllerTest):
ActiveRecord::StatementInvalid: Could not find table 'users'
    /usr/local/rvm/gems/ruby-1.9.3-p194/gems/activerecord-3.2.8/lib/active_record/connection_adapters/sqlite_adapter.rb:472:in `table_structure'
    /usr/local/rvm/gems/ruby-1.9.3-p194/gems/activerecord-3.2.8/lib/active_record/connection_adapters/sqlite_adapter.rb:346:in `columns'
    /usr/local/rvm/gems/ruby-1.9.3-p194/gems/activerecord-3.2.8/lib/active_record/fixtures.rb:660:in `column_names'
    /usr/local/rvm/gems/ruby-1.9.3-p194/gems/activerecord-3.2.8/lib/active_record/fixtures.rb:652:in `timestamp_column_names'
    /usr/local/rvm/gems/ruby-1.9.3-p194/gems/activerecord-3.2.8/lib/active_record/fixtures.rb:585:in `block in table_rows'
    /usr/local/rvm/gems/ruby-1.9.3-p194/gems/activerecord-3.2.8/lib/active_record/fixtures.rb:579:in `each'
    /usr/local/rvm/gems/ruby-1.9.3-p194/gems/activerecord-3.2.8/lib/active_record/fixtures.rb:579:in `map'
    /usr/local/rvm/gems/ruby-1.9.3-p194/gems/activerecord-3.2.8/lib/active_record/fixtures.rb:579:in `table_rows'
    /usr/local/rvm/gems/ruby-1.9.3-p194/gems/activerecord-3.2.8/lib/active_record/fixtures.rb:494:in `block (3 levels) in create_fixtures'
    /usr/local/rvm/gems/ruby-1.9.3-p194/gems/activerecord-3.2.8/lib/active_record/fixtures.rb:492:in `each'
    /usr/local/rvm/gems/ruby-1.9.3-p194/gems/activerecord-3.2.8/lib/active_record/fixtures.rb:492:in `block (2 levels) in create_fixtures'
    /usr/local/rvm/gems/ruby-1.9.3-p194/gems/activerecord-3.2.8/lib/active_record/connection_adapters/abstract/database_statements.rb:192:in `transaction'
    /usr/local/rvm/gems/ruby-1.9.3-p194/gems/activerecord-3.2.8/lib/active_record/fixtures.rb:491:in `block in create_fixtures'
    /usr/local/rvm/gems/ruby-1.9.3-p194/gems/activerecord-3.2.8/lib/active_record/connection_adapters/abstract_adapter.rb:168:in `disable_referential_integrity'
    /usr/local/rvm/gems/ruby-1.9.3-p194/gems/activerecord-3.2.8/lib/active_record/fixtures.rb:476:in `create_fixtures'
    /usr/local/rvm/gems/ruby-1.9.3-p194/gems/activerecord-3.2.8/lib/active_record/fixtures.rb:895:in `load_fixtures'
    /usr/local/rvm/gems/ruby-1.9.3-p194/gems/activerecord-3.2.8/lib/active_record/fixtures.rb:849:in `setup_fixtures'
    /usr/local/rvm/gems/ruby-1.9.3-p194/gems/activesupport-3.2.8/lib/active_support/callbacks.rb:429:in `_run__733362726__setup__394526882__callbacks'
    /usr/local/rvm/gems/ruby-1.9.3-p194/gems/activesupport-3.2.8/lib/active_support/callbacks.rb:405:in `__run_callback'
    /usr/local/rvm/gems/ruby-1.9.3-p194/gems/activesupport-3.2.8/lib/active_support/callbacks.rb:385:in `_run_setup_callbacks'
    /usr/local/rvm/gems/ruby-1.9.3-p194/gems/activesupport-3.2.8/lib/active_support/callbacks.rb:81:in `run_callbacks'
    /usr/local/rvm/gems/ruby-1.9.3-p194/gems/activesupport-3.2.8/lib/active_support/testing/setup_and_teardown.rb:35:in `run'

7 tests, 0 assertions, 0 failures, 7 errors, 0 skips
Run options: -n "/^(test_should_create_micropost|test_should_destroy_micropost|test_should_get_edit|test_should_get_index|test_should_get_new|test_should_show_micropost|test_should_update_micropost)$/"

# Running tests:

EEEEEEE

Finished tests in 0.110403s, 63.4042 tests/s, 0.0000 assertions/s.

  1) Error:
test_should_create_micropost(MicropostsControllerTest):
ActiveRecord::StatementInvalid: Could not find table 'users'
    /usr/local/rvm/gems/ruby-1.9.3-p194/gems/activerecord-3.2.8/lib/active_record/connection_adapters/sqlite_adapter.rb:472:in `table_structure'
    /usr/local/rvm/gems/ruby-1.9.3-p194/gems/activerecord-3.2.8/lib/active_record/connection_adapters/sqlite_adapter.rb:346:in `columns'
    /usr/local/rvm/gems/ruby-1.9.3-p194/gems/activerecord-3.2.8/lib/active_record/fixtures.rb:660:in `column_names'
    /usr/local/rvm/gems/ruby-1.9.3-p194/gems/activerecord-3.2.8/lib/active_record/fixtures.rb:652:in `timestamp_column_names'
    /usr/local/rvm/gems/ruby-1.9.3-p194/gems/activerecord-3.2.8/lib/active_record/fixtures.rb:585:in `block in table_rows'
    /usr/local/rvm/gems/ruby-1.9.3-p194/gems/activerecord-3.2.8/lib/active_record/fixtures.rb:579:in `each'
    /usr/local/rvm/gems/ruby-1.9.3-p194/gems/activerecord-3.2.8/lib/active_record/fixtures.rb:579:in `map'
    /usr/local/rvm/gems/ruby-1.9.3-p194/gems/activerecord-3.2.8/lib/active_record/fixtures.rb:579:in `table_rows'
    /usr/local/rvm/gems/ruby-1.9.3-p194/gems/activerecord-3.2.8/lib/active_record/fixtures.rb:494:in `block (3 levels) in create_fixtures'
    /usr/local/rvm/gems/ruby-1.9.3-p194/gems/activerecord-3.2.8/lib/active_record/fixtures.rb:492:in `each'
    /usr/local/rvm/gems/ruby-1.9.3-p194/gems/activerecord-3.2.8/lib/active_record/fixtures.rb:492:in `block (2 levels) in create_fixtures'
    /usr/local/rvm/gems/ruby-1.9.3-p194/gems/activerecord-3.2.8/lib/active_record/connection_adapters/abstract/database_statements.rb:192:in `transaction'
    /usr/local/rvm/gems/ruby-1.9.3-p194/gems/activerecord-3.2.8/lib/active_record/fixtures.rb:491:in `block in create_fixtures'
    /usr/local/rvm/gems/ruby-1.9.3-p194/gems/activerecord-3.2.8/lib/active_record/connection_adapters/abstract_adapter.rb:168:in `disable_referential_integrity'
    /usr/local/rvm/gems/ruby-1.9.3-p194/gems/activerecord-3.2.8/lib/active_record/fixtures.rb:476:in `create_fixtures'
    /usr/local/rvm/gems/ruby-1.9.3-p194/gems/activerecord-3.2.8/lib/active_record/fixtures.rb:895:in `load_fixtures'
    /usr/local/rvm/gems/ruby-1.9.3-p194/gems/activerecord-3.2.8/lib/active_record/fixtures.rb:849:in `setup_fixtures'
    /usr/local/rvm/gems/ruby-1.9.3-p194/gems/activesupport-3.2.8/lib/active_support/callbacks.rb:429:in `_run__848923695__setup__1070177441__callbacks'
    /usr/local/rvm/gems/ruby-1.9.3-p194/gems/activesupport-3.2.8/lib/active_support/callbacks.rb:405:in `__run_callback'
    /usr/local/rvm/gems/ruby-1.9.3-p194/gems/activesupport-3.2.8/lib/active_support/callbacks.rb:385:in `_run_setup_callbacks'
    /usr/local/rvm/gems/ruby-1.9.3-p194/gems/activesupport-3.2.8/lib/active_support/callbacks.rb:81:in `run_callbacks'
    /usr/local/rvm/gems/ruby-1.9.3-p194/gems/activesupport-3.2.8/lib/active_support/testing/setup_and_teardown.rb:35:in `run'

  2) Error:
test_should_destroy_micropost(MicropostsControllerTest):
ActiveRecord::StatementInvalid: Could not find table 'users'
    /usr/local/rvm/gems/ruby-1.9.3-p194/gems/activerecord-3.2.8/lib/active_record/connection_adapters/sqlite_adapter.rb:472:in `table_structure'
    /usr/local/rvm/gems/ruby-1.9.3-p194/gems/activerecord-3.2.8/lib/active_record/connection_adapters/sqlite_adapter.rb:346:in `columns'
    /usr/local/rvm/gems/ruby-1.9.3-p194/gems/activerecord-3.2.8/lib/active_record/fixtures.rb:660:in `column_names'
    /usr/local/rvm/gems/ruby-1.9.3-p194/gems/activerecord-3.2.8/lib/active_record/fixtures.rb:652:in `timestamp_column_names'
    /usr/local/rvm/gems/ruby-1.9.3-p194/gems/activerecord-3.2.8/lib/active_record/fixtures.rb:585:in `block in table_rows'
    /usr/local/rvm/gems/ruby-1.9.3-p194/gems/activerecord-3.2.8/lib/active_record/fixtures.rb:579:in `each'
    /usr/local/rvm/gems/ruby-1.9.3-p194/gems/activerecord-3.2.8/lib/active_record/fixtures.rb:579:in `map'
    /usr/local/rvm/gems/ruby-1.9.3-p194/gems/activerecord-3.2.8/lib/active_record/fixtures.rb:579:in `table_rows'
    /usr/local/rvm/gems/ruby-1.9.3-p194/gems/activerecord-3.2.8/lib/active_record/fixtures.rb:494:in `block (3 levels) in create_fixtures'
    /usr/local/rvm/gems/ruby-1.9.3-p194/gems/activerecord-3.2.8/lib/active_record/fixtures.rb:492:in `each'
    /usr/local/rvm/gems/ruby-1.9.3-p194/gems/activerecord-3.2.8/lib/active_record/fixtures.rb:492:in `block (2 levels) in create_fixtures'
    /usr/local/rvm/gems/ruby-1.9.3-p194/gems/activerecord-3.2.8/lib/active_record/connection_adapters/abstract/database_statements.rb:192:in `transaction'
    /usr/local/rvm/gems/ruby-1.9.3-p194/gems/activerecord-3.2.8/lib/active_record/fixtures.rb:491:in `block in create_fixtures'
    /usr/local/rvm/gems/ruby-1.9.3-p194/gems/activerecord-3.2.8/lib/active_record/connection_adapters/abstract_adapter.rb:168:in `disable_referential_integrity'
    /usr/local/rvm/gems/ruby-1.9.3-p194/gems/activerecord-3.2.8/lib/active_record/fixtures.rb:476:in `create_fixtures'
    /usr/local/rvm/gems/ruby-1.9.3-p194/gems/activerecord-3.2.8/lib/active_record/fixtures.rb:895:in `load_fixtures'
    /usr/local/rvm/gems/ruby-1.9.3-p194/gems/activerecord-3.2.8/lib/active_record/fixtures.rb:849:in `setup_fixtures'
    /usr/local/rvm/gems/ruby-1.9.3-p194/gems/activesupport-3.2.8/lib/active_support/callbacks.rb:429:in `_run__848923695__setup__1070177441__callbacks'
    /usr/local/rvm/gems/ruby-1.9.3-p194/gems/activesupport-3.2.8/lib/active_support/callbacks.rb:405:in `__run_callback'
    /usr/local/rvm/gems/ruby-1.9.3-p194/gems/activesupport-3.2.8/lib/active_support/callbacks.rb:385:in `_run_setup_callbacks'
    /usr/local/rvm/gems/ruby-1.9.3-p194/gems/activesupport-3.2.8/lib/active_support/callbacks.rb:81:in `run_callbacks'
    /usr/local/rvm/gems/ruby-1.9.3-p194/gems/activesupport-3.2.8/lib/active_support/testing/setup_and_teardown.rb:35:in `run'

  3) Error:
test_should_get_edit(MicropostsControllerTest):
ActiveRecord::StatementInvalid: Could not find table 'users'
    /usr/local/rvm/gems/ruby-1.9.3-p194/gems/activerecord-3.2.8/lib/active_record/connection_adapters/sqlite_adapter.rb:472:in `table_structure'
    /usr/local/rvm/gems/ruby-1.9.3-p194/gems/activerecord-3.2.8/lib/active_record/connection_adapters/sqlite_adapter.rb:346:in `columns'
    /usr/local/rvm/gems/ruby-1.9.3-p194/gems/activerecord-3.2.8/lib/active_record/fixtures.rb:660:in `column_names'
    /usr/local/rvm/gems/ruby-1.9.3-p194/gems/activerecord-3.2.8/lib/active_record/fixtures.rb:652:in `timestamp_column_names'
    /usr/local/rvm/gems/ruby-1.9.3-p194/gems/activerecord-3.2.8/lib/active_record/fixtures.rb:585:in `block in table_rows'
    /usr/local/rvm/gems/ruby-1.9.3-p194/gems/activerecord-3.2.8/lib/active_record/fixtures.rb:579:in `each'
    /usr/local/rvm/gems/ruby-1.9.3-p194/gems/activerecord-3.2.8/lib/active_record/fixtures.rb:579:in `map'
    /usr/local/rvm/gems/ruby-1.9.3-p194/gems/activerecord-3.2.8/lib/active_record/fixtures.rb:579:in `table_rows'
    /usr/local/rvm/gems/ruby-1.9.3-p194/gems/activerecord-3.2.8/lib/active_record/fixtures.rb:494:in `block (3 levels) in create_fixtures'
    /usr/local/rvm/gems/ruby-1.9.3-p194/gems/activerecord-3.2.8/lib/active_record/fixtures.rb:492:in `each'
    /usr/local/rvm/gems/ruby-1.9.3-p194/gems/activerecord-3.2.8/lib/active_record/fixtures.rb:492:in `block (2 levels) in create_fixtures'
    /usr/local/rvm/gems/ruby-1.9.3-p194/gems/activerecord-3.2.8/lib/active_record/connection_adapters/abstract/database_statements.rb:192:in `transaction'
    /usr/local/rvm/gems/ruby-1.9.3-p194/gems/activerecord-3.2.8/lib/active_record/fixtures.rb:491:in `block in create_fixtures'
    /usr/local/rvm/gems/ruby-1.9.3-p194/gems/activerecord-3.2.8/lib/active_record/connection_adapters/abstract_adapter.rb:168:in `disable_referential_integrity'
    /usr/local/rvm/gems/ruby-1.9.3-p194/gems/activerecord-3.2.8/lib/active_record/fixtures.rb:476:in `create_fixtures'
    /usr/local/rvm/gems/ruby-1.9.3-p194/gems/activerecord-3.2.8/lib/active_record/fixtures.rb:895:in `load_fixtures'
    /usr/local/rvm/gems/ruby-1.9.3-p194/gems/activerecord-3.2.8/lib/active_record/fixtures.rb:849:in `setup_fixtures'
    /usr/local/rvm/gems/ruby-1.9.3-p194/gems/activesupport-3.2.8/lib/active_support/callbacks.rb:429:in `_run__848923695__setup__1070177441__callbacks'
    /usr/local/rvm/gems/ruby-1.9.3-p194/gems/activesupport-3.2.8/lib/active_support/callbacks.rb:405:in `__run_callback'
    /usr/local/rvm/gems/ruby-1.9.3-p194/gems/activesupport-3.2.8/lib/active_support/callbacks.rb:385:in `_run_setup_callbacks'
    /usr/local/rvm/gems/ruby-1.9.3-p194/gems/activesupport-3.2.8/lib/active_support/callbacks.rb:81:in `run_callbacks'
    /usr/local/rvm/gems/ruby-1.9.3-p194/gems/activesupport-3.2.8/lib/active_support/testing/setup_and_teardown.rb:35:in `run'

  4) Error:
test_should_get_index(MicropostsControllerTest):
ActiveRecord::StatementInvalid: Could not find table 'users'
    /usr/local/rvm/gems/ruby-1.9.3-p194/gems/activerecord-3.2.8/lib/active_record/connection_adapters/sqlite_adapter.rb:472:in `table_structure'
    /usr/local/rvm/gems/ruby-1.9.3-p194/gems/activerecord-3.2.8/lib/active_record/connection_adapters/sqlite_adapter.rb:346:in `columns'
    /usr/local/rvm/gems/ruby-1.9.3-p194/gems/activerecord-3.2.8/lib/active_record/fixtures.rb:660:in `column_names'
    /usr/local/rvm/gems/ruby-1.9.3-p194/gems/activerecord-3.2.8/lib/active_record/fixtures.rb:652:in `timestamp_column_names'
    /usr/local/rvm/gems/ruby-1.9.3-p194/gems/activerecord-3.2.8/lib/active_record/fixtures.rb:585:in `block in table_rows'
    /usr/local/rvm/gems/ruby-1.9.3-p194/gems/activerecord-3.2.8/lib/active_record/fixtures.rb:579:in `each'
    /usr/local/rvm/gems/ruby-1.9.3-p194/gems/activerecord-3.2.8/lib/active_record/fixtures.rb:579:in `map'
    /usr/local/rvm/gems/ruby-1.9.3-p194/gems/activerecord-3.2.8/lib/active_record/fixtures.rb:579:in `table_rows'
    /usr/local/rvm/gems/ruby-1.9.3-p194/gems/activerecord-3.2.8/lib/active_record/fixtures.rb:494:in `block (3 levels) in create_fixtures'
    /usr/local/rvm/gems/ruby-1.9.3-p194/gems/activerecord-3.2.8/lib/active_record/fixtures.rb:492:in `each'
    /usr/local/rvm/gems/ruby-1.9.3-p194/gems/activerecord-3.2.8/lib/active_record/fixtures.rb:492:in `block (2 levels) in create_fixtures'
    /usr/local/rvm/gems/ruby-1.9.3-p194/gems/activerecord-3.2.8/lib/active_record/connection_adapters/abstract/database_statements.rb:192:in `transaction'
    /usr/local/rvm/gems/ruby-1.9.3-p194/gems/activerecord-3.2.8/lib/active_record/fixtures.rb:491:in `block in create_fixtures'
    /usr/local/rvm/gems/ruby-1.9.3-p194/gems/activerecord-3.2.8/lib/active_record/connection_adapters/abstract_adapter.rb:168:in `disable_referential_integrity'
    /usr/local/rvm/gems/ruby-1.9.3-p194/gems/activerecord-3.2.8/lib/active_record/fixtures.rb:476:in `create_fixtures'
    /usr/local/rvm/gems/ruby-1.9.3-p194/gems/activerecord-3.2.8/lib/active_record/fixtures.rb:895:in `load_fixtures'
    /usr/local/rvm/gems/ruby-1.9.3-p194/gems/activerecord-3.2.8/lib/active_record/fixtures.rb:849:in `setup_fixtures'
    /usr/local/rvm/gems/ruby-1.9.3-p194/gems/activesupport-3.2.8/lib/active_support/callbacks.rb:429:in `_run__848923695__setup__1070177441__callbacks'
    /usr/local/rvm/gems/ruby-1.9.3-p194/gems/activesupport-3.2.8/lib/active_support/callbacks.rb:405:in `__run_callback'
    /usr/local/rvm/gems/ruby-1.9.3-p194/gems/activesupport-3.2.8/lib/active_support/callbacks.rb:385:in `_run_setup_callbacks'
    /usr/local/rvm/gems/ruby-1.9.3-p194/gems/activesupport-3.2.8/lib/active_support/callbacks.rb:81:in `run_callbacks'
    /usr/local/rvm/gems/ruby-1.9.3-p194/gems/activesupport-3.2.8/lib/active_support/testing/setup_and_teardown.rb:35:in `run'

  5) Error:
test_should_get_new(MicropostsControllerTest):
ActiveRecord::StatementInvalid: Could not find table 'users'
    /usr/local/rvm/gems/ruby-1.9.3-p194/gems/activerecord-3.2.8/lib/active_record/connection_adapters/sqlite_adapter.rb:472:in `table_structure'
    /usr/local/rvm/gems/ruby-1.9.3-p194/gems/activerecord-3.2.8/lib/active_record/connection_adapters/sqlite_adapter.rb:346:in `columns'
    /usr/local/rvm/gems/ruby-1.9.3-p194/gems/activerecord-3.2.8/lib/active_record/fixtures.rb:660:in `column_names'
    /usr/local/rvm/gems/ruby-1.9.3-p194/gems/activerecord-3.2.8/lib/active_record/fixtures.rb:652:in `timestamp_column_names'
    /usr/local/rvm/gems/ruby-1.9.3-p194/gems/activerecord-3.2.8/lib/active_record/fixtures.rb:585:in `block in table_rows'
    /usr/local/rvm/gems/ruby-1.9.3-p194/gems/activerecord-3.2.8/lib/active_record/fixtures.rb:579:in `each'
    /usr/local/rvm/gems/ruby-1.9.3-p194/gems/activerecord-3.2.8/lib/active_record/fixtures.rb:579:in `map'
    /usr/local/rvm/gems/ruby-1.9.3-p194/gems/activerecord-3.2.8/lib/active_record/fixtures.rb:579:in `table_rows'
    /usr/local/rvm/gems/ruby-1.9.3-p194/gems/activerecord-3.2.8/lib/active_record/fixtures.rb:494:in `block (3 levels) in create_fixtures'
    /usr/local/rvm/gems/ruby-1.9.3-p194/gems/activerecord-3.2.8/lib/active_record/fixtures.rb:492:in `each'
    /usr/local/rvm/gems/ruby-1.9.3-p194/gems/activerecord-3.2.8/lib/active_record/fixtures.rb:492:in `block (2 levels) in create_fixtures'
    /usr/local/rvm/gems/ruby-1.9.3-p194/gems/activerecord-3.2.8/lib/active_record/connection_adapters/abstract/database_statements.rb:192:in `transaction'
    /usr/local/rvm/gems/ruby-1.9.3-p194/gems/activerecord-3.2.8/lib/active_record/fixtures.rb:491:in `block in create_fixtures'
    /usr/local/rvm/gems/ruby-1.9.3-p194/gems/activerecord-3.2.8/lib/active_record/connection_adapters/abstract_adapter.rb:168:in `disable_referential_integrity'
    /usr/local/rvm/gems/ruby-1.9.3-p194/gems/activerecord-3.2.8/lib/active_record/fixtures.rb:476:in `create_fixtures'
    /usr/local/rvm/gems/ruby-1.9.3-p194/gems/activerecord-3.2.8/lib/active_record/fixtures.rb:895:in `load_fixtures'
    /usr/local/rvm/gems/ruby-1.9.3-p194/gems/activerecord-3.2.8/lib/active_record/fixtures.rb:849:in `setup_fixtures'
    /usr/local/rvm/gems/ruby-1.9.3-p194/gems/activesupport-3.2.8/lib/active_support/callbacks.rb:429:in `_run__848923695__setup__1070177441__callbacks'
    /usr/local/rvm/gems/ruby-1.9.3-p194/gems/activesupport-3.2.8/lib/active_support/callbacks.rb:405:in `__run_callback'
    /usr/local/rvm/gems/ruby-1.9.3-p194/gems/activesupport-3.2.8/lib/active_support/callbacks.rb:385:in `_run_setup_callbacks'
    /usr/local/rvm/gems/ruby-1.9.3-p194/gems/activesupport-3.2.8/lib/active_support/callbacks.rb:81:in `run_callbacks'
    /usr/local/rvm/gems/ruby-1.9.3-p194/gems/activesupport-3.2.8/lib/active_support/testing/setup_and_teardown.rb:35:in `run'

  6) Error:
test_should_show_micropost(MicropostsControllerTest):
ActiveRecord::StatementInvalid: Could not find table 'users'
    /usr/local/rvm/gems/ruby-1.9.3-p194/gems/activerecord-3.2.8/lib/active_record/connection_adapters/sqlite_adapter.rb:472:in `table_structure'
    /usr/local/rvm/gems/ruby-1.9.3-p194/gems/activerecord-3.2.8/lib/active_record/connection_adapters/sqlite_adapter.rb:346:in `columns'
    /usr/local/rvm/gems/ruby-1.9.3-p194/gems/activerecord-3.2.8/lib/active_record/fixtures.rb:660:in `column_names'
    /usr/local/rvm/gems/ruby-1.9.3-p194/gems/activerecord-3.2.8/lib/active_record/fixtures.rb:652:in `timestamp_column_names'
    /usr/local/rvm/gems/ruby-1.9.3-p194/gems/activerecord-3.2.8/lib/active_record/fixtures.rb:585:in `block in table_rows'
    /usr/local/rvm/gems/ruby-1.9.3-p194/gems/activerecord-3.2.8/lib/active_record/fixtures.rb:579:in `each'
    /usr/local/rvm/gems/ruby-1.9.3-p194/gems/activerecord-3.2.8/lib/active_record/fixtures.rb:579:in `map'
    /usr/local/rvm/gems/ruby-1.9.3-p194/gems/activerecord-3.2.8/lib/active_record/fixtures.rb:579:in `table_rows'
    /usr/local/rvm/gems/ruby-1.9.3-p194/gems/activerecord-3.2.8/lib/active_record/fixtures.rb:494:in `block (3 levels) in create_fixtures'
    /usr/local/rvm/gems/ruby-1.9.3-p194/gems/activerecord-3.2.8/lib/active_record/fixtures.rb:492:in `each'
    /usr/local/rvm/gems/ruby-1.9.3-p194/gems/activerecord-3.2.8/lib/active_record/fixtures.rb:492:in `block (2 levels) in create_fixtures'
    /usr/local/rvm/gems/ruby-1.9.3-p194/gems/activerecord-3.2.8/lib/active_record/connection_adapters/abstract/database_statements.rb:192:in `transaction'
    /usr/local/rvm/gems/ruby-1.9.3-p194/gems/activerecord-3.2.8/lib/active_record/fixtures.rb:491:in `block in create_fixtures'
    /usr/local/rvm/gems/ruby-1.9.3-p194/gems/activerecord-3.2.8/lib/active_record/connection_adapters/abstract_adapter.rb:168:in `disable_referential_integrity'
    /usr/local/rvm/gems/ruby-1.9.3-p194/gems/activerecord-3.2.8/lib/active_record/fixtures.rb:476:in `create_fixtures'
    /usr/local/rvm/gems/ruby-1.9.3-p194/gems/activerecord-3.2.8/lib/active_record/fixtures.rb:895:in `load_fixtures'
    /usr/local/rvm/gems/ruby-1.9.3-p194/gems/activerecord-3.2.8/lib/active_record/fixtures.rb:849:in `setup_fixtures'
    /usr/local/rvm/gems/ruby-1.9.3-p194/gems/activesupport-3.2.8/lib/active_support/callbacks.rb:429:in `_run__848923695__setup__1070177441__callbacks'
    /usr/local/rvm/gems/ruby-1.9.3-p194/gems/activesupport-3.2.8/lib/active_support/callbacks.rb:405:in `__run_callback'
    /usr/local/rvm/gems/ruby-1.9.3-p194/gems/activesupport-3.2.8/lib/active_support/callbacks.rb:385:in `_run_setup_callbacks'
    /usr/local/rvm/gems/ruby-1.9.3-p194/gems/activesupport-3.2.8/lib/active_support/callbacks.rb:81:in `run_callbacks'
    /usr/local/rvm/gems/ruby-1.9.3-p194/gems/activesupport-3.2.8/lib/active_support/testing/setup_and_teardown.rb:35:in `run'

  7) Error:
test_should_update_micropost(MicropostsControllerTest):
ActiveRecord::StatementInvalid: Could not find table 'users'
    /usr/local/rvm/gems/ruby-1.9.3-p194/gems/activerecord-3.2.8/lib/active_record/connection_adapters/sqlite_adapter.rb:472:in `table_structure'
    /usr/local/rvm/gems/ruby-1.9.3-p194/gems/activerecord-3.2.8/lib/active_record/connection_adapters/sqlite_adapter.rb:346:in `columns'
    /usr/local/rvm/gems/ruby-1.9.3-p194/gems/activerecord-3.2.8/lib/active_record/fixtures.rb:660:in `column_names'
    /usr/local/rvm/gems/ruby-1.9.3-p194/gems/activerecord-3.2.8/lib/active_record/fixtures.rb:652:in `timestamp_column_names'
    /usr/local/rvm/gems/ruby-1.9.3-p194/gems/activerecord-3.2.8/lib/active_record/fixtures.rb:585:in `block in table_rows'
    /usr/local/rvm/gems/ruby-1.9.3-p194/gems/activerecord-3.2.8/lib/active_record/fixtures.rb:579:in `each'
    /usr/local/rvm/gems/ruby-1.9.3-p194/gems/activerecord-3.2.8/lib/active_record/fixtures.rb:579:in `map'
    /usr/local/rvm/gems/ruby-1.9.3-p194/gems/activerecord-3.2.8/lib/active_record/fixtures.rb:579:in `table_rows'
    /usr/local/rvm/gems/ruby-1.9.3-p194/gems/activerecord-3.2.8/lib/active_record/fixtures.rb:494:in `block (3 levels) in create_fixtures'
    /usr/local/rvm/gems/ruby-1.9.3-p194/gems/activerecord-3.2.8/lib/active_record/fixtures.rb:492:in `each'
    /usr/local/rvm/gems/ruby-1.9.3-p194/gems/activerecord-3.2.8/lib/active_record/fixtures.rb:492:in `block (2 levels) in create_fixtures'
    /usr/local/rvm/gems/ruby-1.9.3-p194/gems/activerecord-3.2.8/lib/active_record/connection_adapters/abstract/database_statements.rb:192:in `transaction'
    /usr/local/rvm/gems/ruby-1.9.3-p194/gems/activerecord-3.2.8/lib/active_record/fixtures.rb:491:in `block in create_fixtures'
    /usr/local/rvm/gems/ruby-1.9.3-p194/gems/activerecord-3.2.8/lib/active_record/connection_adapters/abstract_adapter.rb:168:in `disable_referential_integrity'
    /usr/local/rvm/gems/ruby-1.9.3-p194/gems/activerecord-3.2.8/lib/active_record/fixtures.rb:476:in `create_fixtures'
    /usr/local/rvm/gems/ruby-1.9.3-p194/gems/activerecord-3.2.8/lib/active_record/fixtures.rb:895:in `load_fixtures'
    /usr/local/rvm/gems/ruby-1.9.3-p194/gems/activerecord-3.2.8/lib/active_record/fixtures.rb:849:in `setup_fixtures'
    /usr/local/rvm/gems/ruby-1.9.3-p194/gems/activesupport-3.2.8/lib/active_support/callbacks.rb:429:in `_run__848923695__setup__1070177441__callbacks'
    /usr/local/rvm/gems/ruby-1.9.3-p194/gems/activesupport-3.2.8/lib/active_support/callbacks.rb:405:in `__run_callback'
    /usr/local/rvm/gems/ruby-1.9.3-p194/gems/activesupport-3.2.8/lib/active_support/callbacks.rb:385:in `_run_setup_callbacks'
    /usr/local/rvm/gems/ruby-1.9.3-p194/gems/activesupport-3.2.8/lib/active_support/callbacks.rb:81:in `run_callbacks'
    /usr/local/rvm/gems/ruby-1.9.3-p194/gems/activesupport-3.2.8/lib/active_support/testing/setup_and_teardown.rb:35:in `run'

7 tests, 0 assertions, 0 failures, 7 errors, 0 skips
/usr/local/rvm/rubies/ruby-1.9.3-p194/bin/ruby -I.:lib:test -rubygems test/functional/microposts_controller_test.rb -n "/^(test_should_create_micropost|test_should_destroy_micropost|test_should_get_edit|test_should_get_index|test_should_get_new|test_should_show_micropost|test_should_update_micropost)$/"; /usr/local/rvm/rubies/ruby-1.9.3-p194/bin/ruby -I.:lib:test -rubygems test/functional/users_controller_test.rb -n "/^(test_should_create_user|test_should_destroy_user|test_should_get_edit|test_should_get_index|test_should_get_new|test_should_show_user|test_should_update_user)$/"; /usr/local/rvm/rubies/ruby-1.9.3-p194/bin/ruby -I.:lib:test -rubygems test/functional/pages_controller_test.rb -n "/^(test_should_get_contact|test_should_get_home)$/"
Run options: -n "/^(test_should_create_micropost|test_should_destroy_micropost|test_should_get_edit|test_should_get_index|test_should_get_new|test_should_show_micropost|test_should_update_micropost)$/"

# Running tests:

EEEEEEE

Finished tests in 0.099086s, 70.6457 tests/s, 0.0000 assertions/s.

  1) Error:
test_should_create_micropost(MicropostsControllerTest):
ActiveRecord::StatementInvalid: Could not find table 'users'
    /usr/local/rvm/gems/ruby-1.9.3-p194/gems/activerecord-3.2.8/lib/active_record/connection_adapters/sqlite_adapter.rb:472:in `table_structure'
    /usr/local/rvm/gems/ruby-1.9.3-p194/gems/activerecord-3.2.8/lib/active_record/connection_adapters/sqlite_adapter.rb:346:in `columns'
    /usr/local/rvm/gems/ruby-1.9.3-p194/gems/activerecord-3.2.8/lib/active_record/fixtures.rb:660:in `column_names'
    /usr/local/rvm/gems/ruby-1.9.3-p194/gems/activerecord-3.2.8/lib/active_record/fixtures.rb:652:in `timestamp_column_names'
    /usr/local/rvm/gems/ruby-1.9.3-p194/gems/activerecord-3.2.8/lib/active_record/fixtures.rb:585:in `block in table_rows'
    /usr/local/rvm/gems/ruby-1.9.3-p194/gems/activerecord-3.2.8/lib/active_record/fixtures.rb:579:in `each'
    /usr/local/rvm/gems/ruby-1.9.3-p194/gems/activerecord-3.2.8/lib/active_record/fixtures.rb:579:in `map'
    /usr/local/rvm/gems/ruby-1.9.3-p194/gems/activerecord-3.2.8/lib/active_record/fixtures.rb:579:in `table_rows'
    /usr/local/rvm/gems/ruby-1.9.3-p194/gems/activerecord-3.2.8/lib/active_record/fixtures.rb:494:in `block (3 levels) in create_fixtures'
    /usr/local/rvm/gems/ruby-1.9.3-p194/gems/activerecord-3.2.8/lib/active_record/fixtures.rb:492:in `each'
    /usr/local/rvm/gems/ruby-1.9.3-p194/gems/activerecord-3.2.8/lib/active_record/fixtures.rb:492:in `block (2 levels) in create_fixtures'
    /usr/local/rvm/gems/ruby-1.9.3-p194/gems/activerecord-3.2.8/lib/active_record/connection_adapters/abstract/database_statements.rb:192:in `transaction'
    /usr/local/rvm/gems/ruby-1.9.3-p194/gems/activerecord-3.2.8/lib/active_record/fixtures.rb:491:in `block in create_fixtures'
    /usr/local/rvm/gems/ruby-1.9.3-p194/gems/activerecord-3.2.8/lib/active_record/connection_adapters/abstract_adapter.rb:168:in `disable_referential_integrity'
    /usr/local/rvm/gems/ruby-1.9.3-p194/gems/activerecord-3.2.8/lib/active_record/fixtures.rb:476:in `create_fixtures'
    /usr/local/rvm/gems/ruby-1.9.3-p194/gems/activerecord-3.2.8/lib/active_record/fixtures.rb:895:in `load_fixtures'
    /usr/local/rvm/gems/ruby-1.9.3-p194/gems/activerecord-3.2.8/lib/active_record/fixtures.rb:849:in `setup_fixtures'
    /usr/local/rvm/gems/ruby-1.9.3-p194/gems/activesupport-3.2.8/lib/active_support/callbacks.rb:429:in `_run__150501248__setup__782173012__callbacks'
    /usr/local/rvm/gems/ruby-1.9.3-p194/gems/activesupport-3.2.8/lib/active_support/callbacks.rb:405:in `__run_callback'
    /usr/local/rvm/gems/ruby-1.9.3-p194/gems/activesupport-3.2.8/lib/active_support/callbacks.rb:385:in `_run_setup_callbacks'
    /usr/local/rvm/gems/ruby-1.9.3-p194/gems/activesupport-3.2.8/lib/active_support/callbacks.rb:81:in `run_callbacks'
    /usr/local/rvm/gems/ruby-1.9.3-p194/gems/activesupport-3.2.8/lib/active_support/testing/setup_and_teardown.rb:35:in `run'

  2) Error:
test_should_destroy_micropost(MicropostsControllerTest):
ActiveRecord::StatementInvalid: Could not find table 'users'
    /usr/local/rvm/gems/ruby-1.9.3-p194/gems/activerecord-3.2.8/lib/active_record/connection_adapters/sqlite_adapter.rb:472:in `table_structure'
    /usr/local/rvm/gems/ruby-1.9.3-p194/gems/activerecord-3.2.8/lib/active_record/connection_adapters/sqlite_adapter.rb:346:in `columns'
    /usr/local/rvm/gems/ruby-1.9.3-p194/gems/activerecord-3.2.8/lib/active_record/fixtures.rb:660:in `column_names'
    /usr/local/rvm/gems/ruby-1.9.3-p194/gems/activerecord-3.2.8/lib/active_record/fixtures.rb:652:in `timestamp_column_names'
    /usr/local/rvm/gems/ruby-1.9.3-p194/gems/activerecord-3.2.8/lib/active_record/fixtures.rb:585:in `block in table_rows'
    /usr/local/rvm/gems/ruby-1.9.3-p194/gems/activerecord-3.2.8/lib/active_record/fixtures.rb:579:in `each'
    /usr/local/rvm/gems/ruby-1.9.3-p194/gems/activerecord-3.2.8/lib/active_record/fixtures.rb:579:in `map'
    /usr/local/rvm/gems/ruby-1.9.3-p194/gems/activerecord-3.2.8/lib/active_record/fixtures.rb:579:in `table_rows'
    /usr/local/rvm/gems/ruby-1.9.3-p194/gems/activerecord-3.2.8/lib/active_record/fixtures.rb:494:in `block (3 levels) in create_fixtures'
    /usr/local/rvm/gems/ruby-1.9.3-p194/gems/activerecord-3.2.8/lib/active_record/fixtures.rb:492:in `each'
    /usr/local/rvm/gems/ruby-1.9.3-p194/gems/activerecord-3.2.8/lib/active_record/fixtures.rb:492:in `block (2 levels) in create_fixtures'
    /usr/local/rvm/gems/ruby-1.9.3-p194/gems/activerecord-3.2.8/lib/active_record/connection_adapters/abstract/database_statements.rb:192:in `transaction'
    /usr/local/rvm/gems/ruby-1.9.3-p194/gems/activerecord-3.2.8/lib/active_record/fixtures.rb:491:in `block in create_fixtures'
    /usr/local/rvm/gems/ruby-1.9.3-p194/gems/activerecord-3.2.8/lib/active_record/connection_adapters/abstract_adapter.rb:168:in `disable_referential_integrity'
    /usr/local/rvm/gems/ruby-1.9.3-p194/gems/activerecord-3.2.8/lib/active_record/fixtures.rb:476:in `create_fixtures'
    /usr/local/rvm/gems/ruby-1.9.3-p194/gems/activerecord-3.2.8/lib/active_record/fixtures.rb:895:in `load_fixtures'
    /usr/local/rvm/gems/ruby-1.9.3-p194/gems/activerecord-3.2.8/lib/active_record/fixtures.rb:849:in `setup_fixtures'
    /usr/local/rvm/gems/ruby-1.9.3-p194/gems/activesupport-3.2.8/lib/active_support/callbacks.rb:429:in `_run__150501248__setup__782173012__callbacks'
    /usr/local/rvm/gems/ruby-1.9.3-p194/gems/activesupport-3.2.8/lib/active_support/callbacks.rb:405:in `__run_callback'
    /usr/local/rvm/gems/ruby-1.9.3-p194/gems/activesupport-3.2.8/lib/active_support/callbacks.rb:385:in `_run_setup_callbacks'
    /usr/local/rvm/gems/ruby-1.9.3-p194/gems/activesupport-3.2.8/lib/active_support/callbacks.rb:81:in `run_callbacks'
    /usr/local/rvm/gems/ruby-1.9.3-p194/gems/activesupport-3.2.8/lib/active_support/testing/setup_and_teardown.rb:35:in `run'

  3) Error:
test_should_get_edit(MicropostsControllerTest):
ActiveRecord::StatementInvalid: Could not find table 'users'
    /usr/local/rvm/gems/ruby-1.9.3-p194/gems/activerecord-3.2.8/lib/active_record/connection_adapters/sqlite_adapter.rb:472:in `table_structure'
    /usr/local/rvm/gems/ruby-1.9.3-p194/gems/activerecord-3.2.8/lib/active_record/connection_adapters/sqlite_adapter.rb:346:in `columns'
    /usr/local/rvm/gems/ruby-1.9.3-p194/gems/activerecord-3.2.8/lib/active_record/fixtures.rb:660:in `column_names'
    /usr/local/rvm/gems/ruby-1.9.3-p194/gems/activerecord-3.2.8/lib/active_record/fixtures.rb:652:in `timestamp_column_names'
    /usr/local/rvm/gems/ruby-1.9.3-p194/gems/activerecord-3.2.8/lib/active_record/fixtures.rb:585:in `block in table_rows'
    /usr/local/rvm/gems/ruby-1.9.3-p194/gems/activerecord-3.2.8/lib/active_record/fixtures.rb:579:in `each'
    /usr/local/rvm/gems/ruby-1.9.3-p194/gems/activerecord-3.2.8/lib/active_record/fixtures.rb:579:in `map'
    /usr/local/rvm/gems/ruby-1.9.3-p194/gems/activerecord-3.2.8/lib/active_record/fixtures.rb:579:in `table_rows'
    /usr/local/rvm/gems/ruby-1.9.3-p194/gems/activerecord-3.2.8/lib/active_record/fixtures.rb:494:in `block (3 levels) in create_fixtures'
    /usr/local/rvm/gems/ruby-1.9.3-p194/gems/activerecord-3.2.8/lib/active_record/fixtures.rb:492:in `each'
    /usr/local/rvm/gems/ruby-1.9.3-p194/gems/activerecord-3.2.8/lib/active_record/fixtures.rb:492:in `block (2 levels) in create_fixtures'
    /usr/local/rvm/gems/ruby-1.9.3-p194/gems/activerecord-3.2.8/lib/active_record/connection_adapters/abstract/database_statements.rb:192:in `transaction'
    /usr/local/rvm/gems/ruby-1.9.3-p194/gems/activerecord-3.2.8/lib/active_record/fixtures.rb:491:in `block in create_fixtures'
    /usr/local/rvm/gems/ruby-1.9.3-p194/gems/activerecord-3.2.8/lib/active_record/connection_adapters/abstract_adapter.rb:168:in `disable_referential_integrity'
    /usr/local/rvm/gems/ruby-1.9.3-p194/gems/activerecord-3.2.8/lib/active_record/fixtures.rb:476:in `create_fixtures'
    /usr/local/rvm/gems/ruby-1.9.3-p194/gems/activerecord-3.2.8/lib/active_record/fixtures.rb:895:in `load_fixtures'
    /usr/local/rvm/gems/ruby-1.9.3-p194/gems/activerecord-3.2.8/lib/active_record/fixtures.rb:849:in `setup_fixtures'
    /usr/local/rvm/gems/ruby-1.9.3-p194/gems/activesupport-3.2.8/lib/active_support/callbacks.rb:429:in `_run__150501248__setup__782173012__callbacks'
    /usr/local/rvm/gems/ruby-1.9.3-p194/gems/activesupport-3.2.8/lib/active_support/callbacks.rb:405:in `__run_callback'
    /usr/local/rvm/gems/ruby-1.9.3-p194/gems/activesupport-3.2.8/lib/active_support/callbacks.rb:385:in `_run_setup_callbacks'
    /usr/local/rvm/gems/ruby-1.9.3-p194/gems/activesupport-3.2.8/lib/active_support/callbacks.rb:81:in `run_callbacks'
    /usr/local/rvm/gems/ruby-1.9.3-p194/gems/activesupport-3.2.8/lib/active_support/testing/setup_and_teardown.rb:35:in `run'

  4) Error:
test_should_get_index(MicropostsControllerTest):
ActiveRecord::StatementInvalid: Could not find table 'users'
    /usr/local/rvm/gems/ruby-1.9.3-p194/gems/activerecord-3.2.8/lib/active_record/connection_adapters/sqlite_adapter.rb:472:in `table_structure'
    /usr/local/rvm/gems/ruby-1.9.3-p194/gems/activerecord-3.2.8/lib/active_record/connection_adapters/sqlite_adapter.rb:346:in `columns'
    /usr/local/rvm/gems/ruby-1.9.3-p194/gems/activerecord-3.2.8/lib/active_record/fixtures.rb:660:in `column_names'
    /usr/local/rvm/gems/ruby-1.9.3-p194/gems/activerecord-3.2.8/lib/active_record/fixtures.rb:652:in `timestamp_column_names'
    /usr/local/rvm/gems/ruby-1.9.3-p194/gems/activerecord-3.2.8/lib/active_record/fixtures.rb:585:in `block in table_rows'
    /usr/local/rvm/gems/ruby-1.9.3-p194/gems/activerecord-3.2.8/lib/active_record/fixtures.rb:579:in `each'
    /usr/local/rvm/gems/ruby-1.9.3-p194/gems/activerecord-3.2.8/lib/active_record/fixtures.rb:579:in `map'
    /usr/local/rvm/gems/ruby-1.9.3-p194/gems/activerecord-3.2.8/lib/active_record/fixtures.rb:579:in `table_rows'
    /usr/local/rvm/gems/ruby-1.9.3-p194/gems/activerecord-3.2.8/lib/active_record/fixtures.rb:494:in `block (3 levels) in create_fixtures'
    /usr/local/rvm/gems/ruby-1.9.3-p194/gems/activerecord-3.2.8/lib/active_record/fixtures.rb:492:in `each'
    /usr/local/rvm/gems/ruby-1.9.3-p194/gems/activerecord-3.2.8/lib/active_record/fixtures.rb:492:in `block (2 levels) in create_fixtures'
    /usr/local/rvm/gems/ruby-1.9.3-p194/gems/activerecord-3.2.8/lib/active_record/connection_adapters/abstract/database_statements.rb:192:in `transaction'
    /usr/local/rvm/gems/ruby-1.9.3-p194/gems/activerecord-3.2.8/lib/active_record/fixtures.rb:491:in `block in create_fixtures'
    /usr/local/rvm/gems/ruby-1.9.3-p194/gems/activerecord-3.2.8/lib/active_record/connection_adapters/abstract_adapter.rb:168:in `disable_referential_integrity'
    /usr/local/rvm/gems/ruby-1.9.3-p194/gems/activerecord-3.2.8/lib/active_record/fixtures.rb:476:in `create_fixtures'
    /usr/local/rvm/gems/ruby-1.9.3-p194/gems/activerecord-3.2.8/lib/active_record/fixtures.rb:895:in `load_fixtures'
    /usr/local/rvm/gems/ruby-1.9.3-p194/gems/activerecord-3.2.8/lib/active_record/fixtures.rb:849:in `setup_fixtures'
    /usr/local/rvm/gems/ruby-1.9.3-p194/gems/activesupport-3.2.8/lib/active_support/callbacks.rb:429:in `_run__150501248__setup__782173012__callbacks'
    /usr/local/rvm/gems/ruby-1.9.3-p194/gems/activesupport-3.2.8/lib/active_support/callbacks.rb:405:in `__run_callback'
    /usr/local/rvm/gems/ruby-1.9.3-p194/gems/activesupport-3.2.8/lib/active_support/callbacks.rb:385:in `_run_setup_callbacks'
    /usr/local/rvm/gems/ruby-1.9.3-p194/gems/activesupport-3.2.8/lib/active_support/callbacks.rb:81:in `run_callbacks'
    /usr/local/rvm/gems/ruby-1.9.3-p194/gems/activesupport-3.2.8/lib/active_support/testing/setup_and_teardown.rb:35:in `run'

  5) Error:
test_should_get_new(MicropostsControllerTest):
ActiveRecord::StatementInvalid: Could not find table 'users'
    /usr/local/rvm/gems/ruby-1.9.3-p194/gems/activerecord-3.2.8/lib/active_record/connection_adapters/sqlite_adapter.rb:472:in `table_structure'
    /usr/local/rvm/gems/ruby-1.9.3-p194/gems/activerecord-3.2.8/lib/active_record/connection_adapters/sqlite_adapter.rb:346:in `columns'
    /usr/local/rvm/gems/ruby-1.9.3-p194/gems/activerecord-3.2.8/lib/active_record/fixtures.rb:660:in `column_names'
    /usr/local/rvm/gems/ruby-1.9.3-p194/gems/activerecord-3.2.8/lib/active_record/fixtures.rb:652:in `timestamp_column_names'
    /usr/local/rvm/gems/ruby-1.9.3-p194/gems/activerecord-3.2.8/lib/active_record/fixtures.rb:585:in `block in table_rows'
    /usr/local/rvm/gems/ruby-1.9.3-p194/gems/activerecord-3.2.8/lib/active_record/fixtures.rb:579:in `each'
    /usr/local/rvm/gems/ruby-1.9.3-p194/gems/activerecord-3.2.8/lib/active_record/fixtures.rb:579:in `map'
    /usr/local/rvm/gems/ruby-1.9.3-p194/gems/activerecord-3.2.8/lib/active_record/fixtures.rb:579:in `table_rows'
    /usr/local/rvm/gems/ruby-1.9.3-p194/gems/activerecord-3.2.8/lib/active_record/fixtures.rb:494:in `block (3 levels) in create_fixtures'
    /usr/local/rvm/gems/ruby-1.9.3-p194/gems/activerecord-3.2.8/lib/active_record/fixtures.rb:492:in `each'
    /usr/local/rvm/gems/ruby-1.9.3-p194/gems/activerecord-3.2.8/lib/active_record/fixtures.rb:492:in `block (2 levels) in create_fixtures'
    /usr/local/rvm/gems/ruby-1.9.3-p194/gems/activerecord-3.2.8/lib/active_record/connection_adapters/abstract/database_statements.rb:192:in `transaction'
    /usr/local/rvm/gems/ruby-1.9.3-p194/gems/activerecord-3.2.8/lib/active_record/fixtures.rb:491:in `block in create_fixtures'
    /usr/local/rvm/gems/ruby-1.9.3-p194/gems/activerecord-3.2.8/lib/active_record/connection_adapters/abstract_adapter.rb:168:in `disable_referential_integrity'
    /usr/local/rvm/gems/ruby-1.9.3-p194/gems/activerecord-3.2.8/lib/active_record/fixtures.rb:476:in `create_fixtures'
    /usr/local/rvm/gems/ruby-1.9.3-p194/gems/activerecord-3.2.8/lib/active_record/fixtures.rb:895:in `load_fixtures'
    /usr/local/rvm/gems/ruby-1.9.3-p194/gems/activerecord-3.2.8/lib/active_record/fixtures.rb:849:in `setup_fixtures'
    /usr/local/rvm/gems/ruby-1.9.3-p194/gems/activesupport-3.2.8/lib/active_support/callbacks.rb:429:in `_run__150501248__setup__782173012__callbacks'
    /usr/local/rvm/gems/ruby-1.9.3-p194/gems/activesupport-3.2.8/lib/active_support/callbacks.rb:405:in `__run_callback'
    /usr/local/rvm/gems/ruby-1.9.3-p194/gems/activesupport-3.2.8/lib/active_support/callbacks.rb:385:in `_run_setup_callbacks'
    /usr/local/rvm/gems/ruby-1.9.3-p194/gems/activesupport-3.2.8/lib/active_support/callbacks.rb:81:in `run_callbacks'
    /usr/local/rvm/gems/ruby-1.9.3-p194/gems/activesupport-3.2.8/lib/active_support/testing/setup_and_teardown.rb:35:in `run'

  6) Error:
test_should_show_micropost(MicropostsControllerTest):
ActiveRecord::StatementInvalid: Could not find table 'users'
    /usr/local/rvm/gems/ruby-1.9.3-p194/gems/activerecord-3.2.8/lib/active_record/connection_adapters/sqlite_adapter.rb:472:in `table_structure'
    /usr/local/rvm/gems/ruby-1.9.3-p194/gems/activerecord-3.2.8/lib/active_record/connection_adapters/sqlite_adapter.rb:346:in `columns'
    /usr/local/rvm/gems/ruby-1.9.3-p194/gems/activerecord-3.2.8/lib/active_record/fixtures.rb:660:in `column_names'
    /usr/local/rvm/gems/ruby-1.9.3-p194/gems/activerecord-3.2.8/lib/active_record/fixtures.rb:652:in `timestamp_column_names'
    /usr/local/rvm/gems/ruby-1.9.3-p194/gems/activerecord-3.2.8/lib/active_record/fixtures.rb:585:in `block in table_rows'
    /usr/local/rvm/gems/ruby-1.9.3-p194/gems/activerecord-3.2.8/lib/active_record/fixtures.rb:579:in `each'
    /usr/local/rvm/gems/ruby-1.9.3-p194/gems/activerecord-3.2.8/lib/active_record/fixtures.rb:579:in `map'
    /usr/local/rvm/gems/ruby-1.9.3-p194/gems/activerecord-3.2.8/lib/active_record/fixtures.rb:579:in `table_rows'
    /usr/local/rvm/gems/ruby-1.9.3-p194/gems/activerecord-3.2.8/lib/active_record/fixtures.rb:494:in `block (3 levels) in create_fixtures'
    /usr/local/rvm/gems/ruby-1.9.3-p194/gems/activerecord-3.2.8/lib/active_record/fixtures.rb:492:in `each'
    /usr/local/rvm/gems/ruby-1.9.3-p194/gems/activerecord-3.2.8/lib/active_record/fixtures.rb:492:in `block (2 levels) in create_fixtures'
    /usr/local/rvm/gems/ruby-1.9.3-p194/gems/activerecord-3.2.8/lib/active_record/connection_adapters/abstract/database_statements.rb:192:in `transaction'
    /usr/local/rvm/gems/ruby-1.9.3-p194/gems/activerecord-3.2.8/lib/active_record/fixtures.rb:491:in `block in create_fixtures'
    /usr/local/rvm/gems/ruby-1.9.3-p194/gems/activerecord-3.2.8/lib/active_record/connection_adapters/abstract_adapter.rb:168:in `disable_referential_integrity'
    /usr/local/rvm/gems/ruby-1.9.3-p194/gems/activerecord-3.2.8/lib/active_record/fixtures.rb:476:in `create_fixtures'
    /usr/local/rvm/gems/ruby-1.9.3-p194/gems/activerecord-3.2.8/lib/active_record/fixtures.rb:895:in `load_fixtures'
    /usr/local/rvm/gems/ruby-1.9.3-p194/gems/activerecord-3.2.8/lib/active_record/fixtures.rb:849:in `setup_fixtures'
    /usr/local/rvm/gems/ruby-1.9.3-p194/gems/activesupport-3.2.8/lib/active_support/callbacks.rb:429:in `_run__150501248__setup__782173012__callbacks'
    /usr/local/rvm/gems/ruby-1.9.3-p194/gems/activesupport-3.2.8/lib/active_support/callbacks.rb:405:in `__run_callback'
    /usr/local/rvm/gems/ruby-1.9.3-p194/gems/activesupport-3.2.8/lib/active_support/callbacks.rb:385:in `_run_setup_callbacks'
    /usr/local/rvm/gems/ruby-1.9.3-p194/gems/activesupport-3.2.8/lib/active_support/callbacks.rb:81:in `run_callbacks'
    /usr/local/rvm/gems/ruby-1.9.3-p194/gems/activesupport-3.2.8/lib/active_support/testing/setup_and_teardown.rb:35:in `run'

  7) Error:
test_should_update_micropost(MicropostsControllerTest):
ActiveRecord::StatementInvalid: Could not find table 'users'
    /usr/local/rvm/gems/ruby-1.9.3-p194/gems/activerecord-3.2.8/lib/active_record/connection_adapters/sqlite_adapter.rb:472:in `table_structure'
    /usr/local/rvm/gems/ruby-1.9.3-p194/gems/activerecord-3.2.8/lib/active_record/connection_adapters/sqlite_adapter.rb:346:in `columns'
    /usr/local/rvm/gems/ruby-1.9.3-p194/gems/activerecord-3.2.8/lib/active_record/fixtures.rb:660:in `column_names'
    /usr/local/rvm/gems/ruby-1.9.3-p194/gems/activerecord-3.2.8/lib/active_record/fixtures.rb:652:in `timestamp_column_names'
    /usr/local/rvm/gems/ruby-1.9.3-p194/gems/activerecord-3.2.8/lib/active_record/fixtures.rb:585:in `block in table_rows'
    /usr/local/rvm/gems/ruby-1.9.3-p194/gems/activerecord-3.2.8/lib/active_record/fixtures.rb:579:in `each'
    /usr/local/rvm/gems/ruby-1.9.3-p194/gems/activerecord-3.2.8/lib/active_record/fixtures.rb:579:in `map'
    /usr/local/rvm/gems/ruby-1.9.3-p194/gems/activerecord-3.2.8/lib/active_record/fixtures.rb:579:in `table_rows'
    /usr/local/rvm/gems/ruby-1.9.3-p194/gems/activerecord-3.2.8/lib/active_record/fixtures.rb:494:in `block (3 levels) in create_fixtures'
    /usr/local/rvm/gems/ruby-1.9.3-p194/gems/activerecord-3.2.8/lib/active_record/fixtures.rb:492:in `each'
    /usr/local/rvm/gems/ruby-1.9.3-p194/gems/activerecord-3.2.8/lib/active_record/fixtures.rb:492:in `block (2 levels) in create_fixtures'
    /usr/local/rvm/gems/ruby-1.9.3-p194/gems/activerecord-3.2.8/lib/active_record/connection_adapters/abstract/database_statements.rb:192:in `transaction'
    /usr/local/rvm/gems/ruby-1.9.3-p194/gems/activerecord-3.2.8/lib/active_record/fixtures.rb:491:in `block in create_fixtures'
    /usr/local/rvm/gems/ruby-1.9.3-p194/gems/activerecord-3.2.8/lib/active_record/connection_adapters/abstract_adapter.rb:168:in `disable_referential_integrity'
    /usr/local/rvm/gems/ruby-1.9.3-p194/gems/activerecord-3.2.8/lib/active_record/fixtures.rb:476:in `create_fixtures'
    /usr/local/rvm/gems/ruby-1.9.3-p194/gems/activerecord-3.2.8/lib/active_record/fixtures.rb:895:in `load_fixtures'
    /usr/local/rvm/gems/ruby-1.9.3-p194/gems/activerecord-3.2.8/lib/active_record/fixtures.rb:849:in `setup_fixtures'
    /usr/local/rvm/gems/ruby-1.9.3-p194/gems/activesupport-3.2.8/lib/active_support/callbacks.rb:429:in `_run__150501248__setup__782173012__callbacks'
    /usr/local/rvm/gems/ruby-1.9.3-p194/gems/activesupport-3.2.8/lib/active_support/callbacks.rb:405:in `__run_callback'
    /usr/local/rvm/gems/ruby-1.9.3-p194/gems/activesupport-3.2.8/lib/active_support/callbacks.rb:385:in `_run_setup_callbacks'
    /usr/local/rvm/gems/ruby-1.9.3-p194/gems/activesupport-3.2.8/lib/active_support/callbacks.rb:81:in `run_callbacks'
    /usr/local/rvm/gems/ruby-1.9.3-p194/gems/activesupport-3.2.8/lib/active_support/testing/setup_and_teardown.rb:35:in `run'

7 tests, 0 assertions, 0 failures, 7 errors, 0 skips
Run options: -n "/^(test_should_create_user|test_should_destroy_user|test_should_get_edit|test_should_get_index|test_should_get_new|test_should_show_user|test_should_update_user)$/"

# Running tests:

EEEEEEE

Finished tests in 0.112838s, 62.0356 tests/s, 0.0000 assertions/s.

  1) Error:
test_should_create_user(UsersControllerTest):
ActiveRecord::StatementInvalid: Could not find table 'users'
    /usr/local/rvm/gems/ruby-1.9.3-p194/gems/activerecord-3.2.8/lib/active_record/connection_adapters/sqlite_adapter.rb:472:in `table_structure'
    /usr/local/rvm/gems/ruby-1.9.3-p194/gems/activerecord-3.2.8/lib/active_record/connection_adapters/sqlite_adapter.rb:346:in `columns'
    /usr/local/rvm/gems/ruby-1.9.3-p194/gems/activerecord-3.2.8/lib/active_record/fixtures.rb:660:in `column_names'
    /usr/local/rvm/gems/ruby-1.9.3-p194/gems/activerecord-3.2.8/lib/active_record/fixtures.rb:652:in `timestamp_column_names'
    /usr/local/rvm/gems/ruby-1.9.3-p194/gems/activerecord-3.2.8/lib/active_record/fixtures.rb:585:in `block in table_rows'
    /usr/local/rvm/gems/ruby-1.9.3-p194/gems/activerecord-3.2.8/lib/active_record/fixtures.rb:579:in `each'
    /usr/local/rvm/gems/ruby-1.9.3-p194/gems/activerecord-3.2.8/lib/active_record/fixtures.rb:579:in `map'
    /usr/local/rvm/gems/ruby-1.9.3-p194/gems/activerecord-3.2.8/lib/active_record/fixtures.rb:579:in `table_rows'
    /usr/local/rvm/gems/ruby-1.9.3-p194/gems/activerecord-3.2.8/lib/active_record/fixtures.rb:494:in `block (3 levels) in create_fixtures'
    /usr/local/rvm/gems/ruby-1.9.3-p194/gems/activerecord-3.2.8/lib/active_record/fixtures.rb:492:in `each'
    /usr/local/rvm/gems/ruby-1.9.3-p194/gems/activerecord-3.2.8/lib/active_record/fixtures.rb:492:in `block (2 levels) in create_fixtures'
    /usr/local/rvm/gems/ruby-1.9.3-p194/gems/activerecord-3.2.8/lib/active_record/connection_adapters/abstract/database_statements.rb:192:in `transaction'
    /usr/local/rvm/gems/ruby-1.9.3-p194/gems/activerecord-3.2.8/lib/active_record/fixtures.rb:491:in `block in create_fixtures'
    /usr/local/rvm/gems/ruby-1.9.3-p194/gems/activerecord-3.2.8/lib/active_record/connection_adapters/abstract_adapter.rb:168:in `disable_referential_integrity'
    /usr/local/rvm/gems/ruby-1.9.3-p194/gems/activerecord-3.2.8/lib/active_record/fixtures.rb:476:in `create_fixtures'
    /usr/local/rvm/gems/ruby-1.9.3-p194/gems/activerecord-3.2.8/lib/active_record/fixtures.rb:895:in `load_fixtures'
    /usr/local/rvm/gems/ruby-1.9.3-p194/gems/activerecord-3.2.8/lib/active_record/fixtures.rb:849:in `setup_fixtures'
    /usr/local/rvm/gems/ruby-1.9.3-p194/gems/activesupport-3.2.8/lib/active_support/callbacks.rb:429:in `_run__766768059__setup__306141566__callbacks'
    /usr/local/rvm/gems/ruby-1.9.3-p194/gems/activesupport-3.2.8/lib/active_support/callbacks.rb:405:in `__run_callback'
    /usr/local/rvm/gems/ruby-1.9.3-p194/gems/activesupport-3.2.8/lib/active_support/callbacks.rb:385:in `_run_setup_callbacks'
    /usr/local/rvm/gems/ruby-1.9.3-p194/gems/activesupport-3.2.8/lib/active_support/callbacks.rb:81:in `run_callbacks'
    /usr/local/rvm/gems/ruby-1.9.3-p194/gems/activesupport-3.2.8/lib/active_support/testing/setup_and_teardown.rb:35:in `run'

  2) Error:
test_should_destroy_user(UsersControllerTest):
ActiveRecord::StatementInvalid: Could not find table 'users'
    /usr/local/rvm/gems/ruby-1.9.3-p194/gems/activerecord-3.2.8/lib/active_record/connection_adapters/sqlite_adapter.rb:472:in `table_structure'
    /usr/local/rvm/gems/ruby-1.9.3-p194/gems/activerecord-3.2.8/lib/active_record/connection_adapters/sqlite_adapter.rb:346:in `columns'
    /usr/local/rvm/gems/ruby-1.9.3-p194/gems/activerecord-3.2.8/lib/active_record/fixtures.rb:660:in `column_names'
    /usr/local/rvm/gems/ruby-1.9.3-p194/gems/activerecord-3.2.8/lib/active_record/fixtures.rb:652:in `timestamp_column_names'
    /usr/local/rvm/gems/ruby-1.9.3-p194/gems/activerecord-3.2.8/lib/active_record/fixtures.rb:585:in `block in table_rows'
    /usr/local/rvm/gems/ruby-1.9.3-p194/gems/activerecord-3.2.8/lib/active_record/fixtures.rb:579:in `each'
    /usr/local/rvm/gems/ruby-1.9.3-p194/gems/activerecord-3.2.8/lib/active_record/fixtures.rb:579:in `map'
    /usr/local/rvm/gems/ruby-1.9.3-p194/gems/activerecord-3.2.8/lib/active_record/fixtures.rb:579:in `table_rows'
    /usr/local/rvm/gems/ruby-1.9.3-p194/gems/activerecord-3.2.8/lib/active_record/fixtures.rb:494:in `block (3 levels) in create_fixtures'
    /usr/local/rvm/gems/ruby-1.9.3-p194/gems/activerecord-3.2.8/lib/active_record/fixtures.rb:492:in `each'
    /usr/local/rvm/gems/ruby-1.9.3-p194/gems/activerecord-3.2.8/lib/active_record/fixtures.rb:492:in `block (2 levels) in create_fixtures'
    /usr/local/rvm/gems/ruby-1.9.3-p194/gems/activerecord-3.2.8/lib/active_record/connection_adapters/abstract/database_statements.rb:192:in `transaction'
    /usr/local/rvm/gems/ruby-1.9.3-p194/gems/activerecord-3.2.8/lib/active_record/fixtures.rb:491:in `block in create_fixtures'
    /usr/local/rvm/gems/ruby-1.9.3-p194/gems/activerecord-3.2.8/lib/active_record/connection_adapters/abstract_adapter.rb:168:in `disable_referential_integrity'
    /usr/local/rvm/gems/ruby-1.9.3-p194/gems/activerecord-3.2.8/lib/active_record/fixtures.rb:476:in `create_fixtures'
    /usr/local/rvm/gems/ruby-1.9.3-p194/gems/activerecord-3.2.8/lib/active_record/fixtures.rb:895:in `load_fixtures'
    /usr/local/rvm/gems/ruby-1.9.3-p194/gems/activerecord-3.2.8/lib/active_record/fixtures.rb:849:in `setup_fixtures'
    /usr/local/rvm/gems/ruby-1.9.3-p194/gems/activesupport-3.2.8/lib/active_support/callbacks.rb:429:in `_run__766768059__setup__306141566__callbacks'
    /usr/local/rvm/gems/ruby-1.9.3-p194/gems/activesupport-3.2.8/lib/active_support/callbacks.rb:405:in `__run_callback'
    /usr/local/rvm/gems/ruby-1.9.3-p194/gems/activesupport-3.2.8/lib/active_support/callbacks.rb:385:in `_run_setup_callbacks'
    /usr/local/rvm/gems/ruby-1.9.3-p194/gems/activesupport-3.2.8/lib/active_support/callbacks.rb:81:in `run_callbacks'
    /usr/local/rvm/gems/ruby-1.9.3-p194/gems/activesupport-3.2.8/lib/active_support/testing/setup_and_teardown.rb:35:in `run'

  3) Error:
test_should_get_edit(UsersControllerTest):
ActiveRecord::StatementInvalid: Could not find table 'users'
    /usr/local/rvm/gems/ruby-1.9.3-p194/gems/activerecord-3.2.8/lib/active_record/connection_adapters/sqlite_adapter.rb:472:in `table_structure'
    /usr/local/rvm/gems/ruby-1.9.3-p194/gems/activerecord-3.2.8/lib/active_record/connection_adapters/sqlite_adapter.rb:346:in `columns'
    /usr/local/rvm/gems/ruby-1.9.3-p194/gems/activerecord-3.2.8/lib/active_record/fixtures.rb:660:in `column_names'
    /usr/local/rvm/gems/ruby-1.9.3-p194/gems/activerecord-3.2.8/lib/active_record/fixtures.rb:652:in `timestamp_column_names'
    /usr/local/rvm/gems/ruby-1.9.3-p194/gems/activerecord-3.2.8/lib/active_record/fixtures.rb:585:in `block in table_rows'
    /usr/local/rvm/gems/ruby-1.9.3-p194/gems/activerecord-3.2.8/lib/active_record/fixtures.rb:579:in `each'
    /usr/local/rvm/gems/ruby-1.9.3-p194/gems/activerecord-3.2.8/lib/active_record/fixtures.rb:579:in `map'
    /usr/local/rvm/gems/ruby-1.9.3-p194/gems/activerecord-3.2.8/lib/active_record/fixtures.rb:579:in `table_rows'
    /usr/local/rvm/gems/ruby-1.9.3-p194/gems/activerecord-3.2.8/lib/active_record/fixtures.rb:494:in `block (3 levels) in create_fixtures'
    /usr/local/rvm/gems/ruby-1.9.3-p194/gems/activerecord-3.2.8/lib/active_record/fixtures.rb:492:in `each'
    /usr/local/rvm/gems/ruby-1.9.3-p194/gems/activerecord-3.2.8/lib/active_record/fixtures.rb:492:in `block (2 levels) in create_fixtures'
    /usr/local/rvm/gems/ruby-1.9.3-p194/gems/activerecord-3.2.8/lib/active_record/connection_adapters/abstract/database_statements.rb:192:in `transaction'
    /usr/local/rvm/gems/ruby-1.9.3-p194/gems/activerecord-3.2.8/lib/active_record/fixtures.rb:491:in `block in create_fixtures'
    /usr/local/rvm/gems/ruby-1.9.3-p194/gems/activerecord-3.2.8/lib/active_record/connection_adapters/abstract_adapter.rb:168:in `disable_referential_integrity'
    /usr/local/rvm/gems/ruby-1.9.3-p194/gems/activerecord-3.2.8/lib/active_record/fixtures.rb:476:in `create_fixtures'
    /usr/local/rvm/gems/ruby-1.9.3-p194/gems/activerecord-3.2.8/lib/active_record/fixtures.rb:895:in `load_fixtures'
    /usr/local/rvm/gems/ruby-1.9.3-p194/gems/activerecord-3.2.8/lib/active_record/fixtures.rb:849:in `setup_fixtures'
    /usr/local/rvm/gems/ruby-1.9.3-p194/gems/activesupport-3.2.8/lib/active_support/callbacks.rb:429:in `_run__766768059__setup__306141566__callbacks'
    /usr/local/rvm/gems/ruby-1.9.3-p194/gems/activesupport-3.2.8/lib/active_support/callbacks.rb:405:in `__run_callback'
    /usr/local/rvm/gems/ruby-1.9.3-p194/gems/activesupport-3.2.8/lib/active_support/callbacks.rb:385:in `_run_setup_callbacks'
    /usr/local/rvm/gems/ruby-1.9.3-p194/gems/activesupport-3.2.8/lib/active_support/callbacks.rb:81:in `run_callbacks'
    /usr/local/rvm/gems/ruby-1.9.3-p194/gems/activesupport-3.2.8/lib/active_support/testing/setup_and_teardown.rb:35:in `run'

  4) Error:
test_should_get_index(UsersControllerTest):
ActiveRecord::StatementInvalid: Could not find table 'users'
    /usr/local/rvm/gems/ruby-1.9.3-p194/gems/activerecord-3.2.8/lib/active_record/connection_adapters/sqlite_adapter.rb:472:in `table_structure'
    /usr/local/rvm/gems/ruby-1.9.3-p194/gems/activerecord-3.2.8/lib/active_record/connection_adapters/sqlite_adapter.rb:346:in `columns'
    /usr/local/rvm/gems/ruby-1.9.3-p194/gems/activerecord-3.2.8/lib/active_record/fixtures.rb:660:in `column_names'
    /usr/local/rvm/gems/ruby-1.9.3-p194/gems/activerecord-3.2.8/lib/active_record/fixtures.rb:652:in `timestamp_column_names'
    /usr/local/rvm/gems/ruby-1.9.3-p194/gems/activerecord-3.2.8/lib/active_record/fixtures.rb:585:in `block in table_rows'
    /usr/local/rvm/gems/ruby-1.9.3-p194/gems/activerecord-3.2.8/lib/active_record/fixtures.rb:579:in `each'
    /usr/local/rvm/gems/ruby-1.9.3-p194/gems/activerecord-3.2.8/lib/active_record/fixtures.rb:579:in `map'
    /usr/local/rvm/gems/ruby-1.9.3-p194/gems/activerecord-3.2.8/lib/active_record/fixtures.rb:579:in `table_rows'
    /usr/local/rvm/gems/ruby-1.9.3-p194/gems/activerecord-3.2.8/lib/active_record/fixtures.rb:494:in `block (3 levels) in create_fixtures'
    /usr/local/rvm/gems/ruby-1.9.3-p194/gems/activerecord-3.2.8/lib/active_record/fixtures.rb:492:in `each'
    /usr/local/rvm/gems/ruby-1.9.3-p194/gems/activerecord-3.2.8/lib/active_record/fixtures.rb:492:in `block (2 levels) in create_fixtures'
    /usr/local/rvm/gems/ruby-1.9.3-p194/gems/activerecord-3.2.8/lib/active_record/connection_adapters/abstract/database_statements.rb:192:in `transaction'
    /usr/local/rvm/gems/ruby-1.9.3-p194/gems/activerecord-3.2.8/lib/active_record/fixtures.rb:491:in `block in create_fixtures'
    /usr/local/rvm/gems/ruby-1.9.3-p194/gems/activerecord-3.2.8/lib/active_record/connection_adapters/abstract_adapter.rb:168:in `disable_referential_integrity'
    /usr/local/rvm/gems/ruby-1.9.3-p194/gems/activerecord-3.2.8/lib/active_record/fixtures.rb:476:in `create_fixtures'
    /usr/local/rvm/gems/ruby-1.9.3-p194/gems/activerecord-3.2.8/lib/active_record/fixtures.rb:895:in `load_fixtures'
    /usr/local/rvm/gems/ruby-1.9.3-p194/gems/activerecord-3.2.8/lib/active_record/fixtures.rb:849:in `setup_fixtures'
    /usr/local/rvm/gems/ruby-1.9.3-p194/gems/activesupport-3.2.8/lib/active_support/callbacks.rb:429:in `_run__766768059__setup__306141566__callbacks'
    /usr/local/rvm/gems/ruby-1.9.3-p194/gems/activesupport-3.2.8/lib/active_support/callbacks.rb:405:in `__run_callback'
    /usr/local/rvm/gems/ruby-1.9.3-p194/gems/activesupport-3.2.8/lib/active_support/callbacks.rb:385:in `_run_setup_callbacks'
    /usr/local/rvm/gems/ruby-1.9.3-p194/gems/activesupport-3.2.8/lib/active_support/callbacks.rb:81:in `run_callbacks'
    /usr/local/rvm/gems/ruby-1.9.3-p194/gems/activesupport-3.2.8/lib/active_support/testing/setup_and_teardown.rb:35:in `run'

  5) Error:
test_should_get_new(UsersControllerTest):
ActiveRecord::StatementInvalid: Could not find table 'users'
    /usr/local/rvm/gems/ruby-1.9.3-p194/gems/activerecord-3.2.8/lib/active_record/connection_adapters/sqlite_adapter.rb:472:in `table_structure'
    /usr/local/rvm/gems/ruby-1.9.3-p194/gems/activerecord-3.2.8/lib/active_record/connection_adapters/sqlite_adapter.rb:346:in `columns'
    /usr/local/rvm/gems/ruby-1.9.3-p194/gems/activerecord-3.2.8/lib/active_record/fixtures.rb:660:in `column_names'
    /usr/local/rvm/gems/ruby-1.9.3-p194/gems/activerecord-3.2.8/lib/active_record/fixtures.rb:652:in `timestamp_column_names'
    /usr/local/rvm/gems/ruby-1.9.3-p194/gems/activerecord-3.2.8/lib/active_record/fixtures.rb:585:in `block in table_rows'
    /usr/local/rvm/gems/ruby-1.9.3-p194/gems/activerecord-3.2.8/lib/active_record/fixtures.rb:579:in `each'
    /usr/local/rvm/gems/ruby-1.9.3-p194/gems/activerecord-3.2.8/lib/active_record/fixtures.rb:579:in `map'
    /usr/local/rvm/gems/ruby-1.9.3-p194/gems/activerecord-3.2.8/lib/active_record/fixtures.rb:579:in `table_rows'
    /usr/local/rvm/gems/ruby-1.9.3-p194/gems/activerecord-3.2.8/lib/active_record/fixtures.rb:494:in `block (3 levels) in create_fixtures'
    /usr/local/rvm/gems/ruby-1.9.3-p194/gems/activerecord-3.2.8/lib/active_record/fixtures.rb:492:in `each'
    /usr/local/rvm/gems/ruby-1.9.3-p194/gems/activerecord-3.2.8/lib/active_record/fixtures.rb:492:in `block (2 levels) in create_fixtures'
    /usr/local/rvm/gems/ruby-1.9.3-p194/gems/activerecord-3.2.8/lib/active_record/connection_adapters/abstract/database_statements.rb:192:in `transaction'
    /usr/local/rvm/gems/ruby-1.9.3-p194/gems/activerecord-3.2.8/lib/active_record/fixtures.rb:491:in `block in create_fixtures'
    /usr/local/rvm/gems/ruby-1.9.3-p194/gems/activerecord-3.2.8/lib/active_record/connection_adapters/abstract_adapter.rb:168:in `disable_referential_integrity'
    /usr/local/rvm/gems/ruby-1.9.3-p194/gems/activerecord-3.2.8/lib/active_record/fixtures.rb:476:in `create_fixtures'
    /usr/local/rvm/gems/ruby-1.9.3-p194/gems/activerecord-3.2.8/lib/active_record/fixtures.rb:895:in `load_fixtures'
    /usr/local/rvm/gems/ruby-1.9.3-p194/gems/activerecord-3.2.8/lib/active_record/fixtures.rb:849:in `setup_fixtures'
    /usr/local/rvm/gems/ruby-1.9.3-p194/gems/activesupport-3.2.8/lib/active_support/callbacks.rb:429:in `_run__766768059__setup__306141566__callbacks'
    /usr/local/rvm/gems/ruby-1.9.3-p194/gems/activesupport-3.2.8/lib/active_support/callbacks.rb:405:in `__run_callback'
    /usr/local/rvm/gems/ruby-1.9.3-p194/gems/activesupport-3.2.8/lib/active_support/callbacks.rb:385:in `_run_setup_callbacks'
    /usr/local/rvm/gems/ruby-1.9.3-p194/gems/activesupport-3.2.8/lib/active_support/callbacks.rb:81:in `run_callbacks'
    /usr/local/rvm/gems/ruby-1.9.3-p194/gems/activesupport-3.2.8/lib/active_support/testing/setup_and_teardown.rb:35:in `run'

  6) Error:
test_should_show_user(UsersControllerTest):
ActiveRecord::StatementInvalid: Could not find table 'users'
    /usr/local/rvm/gems/ruby-1.9.3-p194/gems/activerecord-3.2.8/lib/active_record/connection_adapters/sqlite_adapter.rb:472:in `table_structure'
    /usr/local/rvm/gems/ruby-1.9.3-p194/gems/activerecord-3.2.8/lib/active_record/connection_adapters/sqlite_adapter.rb:346:in `columns'
    /usr/local/rvm/gems/ruby-1.9.3-p194/gems/activerecord-3.2.8/lib/active_record/fixtures.rb:660:in `column_names'
    /usr/local/rvm/gems/ruby-1.9.3-p194/gems/activerecord-3.2.8/lib/active_record/fixtures.rb:652:in `timestamp_column_names'
    /usr/local/rvm/gems/ruby-1.9.3-p194/gems/activerecord-3.2.8/lib/active_record/fixtures.rb:585:in `block in table_rows'
    /usr/local/rvm/gems/ruby-1.9.3-p194/gems/activerecord-3.2.8/lib/active_record/fixtures.rb:579:in `each'
    /usr/local/rvm/gems/ruby-1.9.3-p194/gems/activerecord-3.2.8/lib/active_record/fixtures.rb:579:in `map'
    /usr/local/rvm/gems/ruby-1.9.3-p194/gems/activerecord-3.2.8/lib/active_record/fixtures.rb:579:in `table_rows'
    /usr/local/rvm/gems/ruby-1.9.3-p194/gems/activerecord-3.2.8/lib/active_record/fixtures.rb:494:in `block (3 levels) in create_fixtures'
    /usr/local/rvm/gems/ruby-1.9.3-p194/gems/activerecord-3.2.8/lib/active_record/fixtures.rb:492:in `each'
    /usr/local/rvm/gems/ruby-1.9.3-p194/gems/activerecord-3.2.8/lib/active_record/fixtures.rb:492:in `block (2 levels) in create_fixtures'
    /usr/local/rvm/gems/ruby-1.9.3-p194/gems/activerecord-3.2.8/lib/active_record/connection_adapters/abstract/database_statements.rb:192:in `transaction'
    /usr/local/rvm/gems/ruby-1.9.3-p194/gems/activerecord-3.2.8/lib/active_record/fixtures.rb:491:in `block in create_fixtures'
    /usr/local/rvm/gems/ruby-1.9.3-p194/gems/activerecord-3.2.8/lib/active_record/connection_adapters/abstract_adapter.rb:168:in `disable_referential_integrity'
    /usr/local/rvm/gems/ruby-1.9.3-p194/gems/activerecord-3.2.8/lib/active_record/fixtures.rb:476:in `create_fixtures'
    /usr/local/rvm/gems/ruby-1.9.3-p194/gems/activerecord-3.2.8/lib/active_record/fixtures.rb:895:in `load_fixtures'
    /usr/local/rvm/gems/ruby-1.9.3-p194/gems/activerecord-3.2.8/lib/active_record/fixtures.rb:849:in `setup_fixtures'
    /usr/local/rvm/gems/ruby-1.9.3-p194/gems/activesupport-3.2.8/lib/active_support/callbacks.rb:429:in `_run__766768059__setup__306141566__callbacks'
    /usr/local/rvm/gems/ruby-1.9.3-p194/gems/activesupport-3.2.8/lib/active_support/callbacks.rb:405:in `__run_callback'
    /usr/local/rvm/gems/ruby-1.9.3-p194/gems/activesupport-3.2.8/lib/active_support/callbacks.rb:385:in `_run_setup_callbacks'
    /usr/local/rvm/gems/ruby-1.9.3-p194/gems/activesupport-3.2.8/lib/active_support/callbacks.rb:81:in `run_callbacks'
    /usr/local/rvm/gems/ruby-1.9.3-p194/gems/activesupport-3.2.8/lib/active_support/testing/setup_and_teardown.rb:35:in `run'

  7) Error:
test_should_update_user(UsersControllerTest):
ActiveRecord::StatementInvalid: Could not find table 'users'
    /usr/local/rvm/gems/ruby-1.9.3-p194/gems/activerecord-3.2.8/lib/active_record/connection_adapters/sqlite_adapter.rb:472:in `table_structure'
    /usr/local/rvm/gems/ruby-1.9.3-p194/gems/activerecord-3.2.8/lib/active_record/connection_adapters/sqlite_adapter.rb:346:in `columns'
    /usr/local/rvm/gems/ruby-1.9.3-p194/gems/activerecord-3.2.8/lib/active_record/fixtures.rb:660:in `column_names'
    /usr/local/rvm/gems/ruby-1.9.3-p194/gems/activerecord-3.2.8/lib/active_record/fixtures.rb:652:in `timestamp_column_names'
    /usr/local/rvm/gems/ruby-1.9.3-p194/gems/activerecord-3.2.8/lib/active_record/fixtures.rb:585:in `block in table_rows'
    /usr/local/rvm/gems/ruby-1.9.3-p194/gems/activerecord-3.2.8/lib/active_record/fixtures.rb:579:in `each'
    /usr/local/rvm/gems/ruby-1.9.3-p194/gems/activerecord-3.2.8/lib/active_record/fixtures.rb:579:in `map'
    /usr/local/rvm/gems/ruby-1.9.3-p194/gems/activerecord-3.2.8/lib/active_record/fixtures.rb:579:in `table_rows'
    /usr/local/rvm/gems/ruby-1.9.3-p194/gems/activerecord-3.2.8/lib/active_record/fixtures.rb:494:in `block (3 levels) in create_fixtures'
    /usr/local/rvm/gems/ruby-1.9.3-p194/gems/activerecord-3.2.8/lib/active_record/fixtures.rb:492:in `each'
    /usr/local/rvm/gems/ruby-1.9.3-p194/gems/activerecord-3.2.8/lib/active_record/fixtures.rb:492:in `block (2 levels) in create_fixtures'
    /usr/local/rvm/gems/ruby-1.9.3-p194/gems/activerecord-3.2.8/lib/active_record/connection_adapters/abstract/database_statements.rb:192:in `transaction'
    /usr/local/rvm/gems/ruby-1.9.3-p194/gems/activerecord-3.2.8/lib/active_record/fixtures.rb:491:in `block in create_fixtures'
    /usr/local/rvm/gems/ruby-1.9.3-p194/gems/activerecord-3.2.8/lib/active_record/connection_adapters/abstract_adapter.rb:168:in `disable_referential_integrity'
    /usr/local/rvm/gems/ruby-1.9.3-p194/gems/activerecord-3.2.8/lib/active_record/fixtures.rb:476:in `create_fixtures'
    /usr/local/rvm/gems/ruby-1.9.3-p194/gems/activerecord-3.2.8/lib/active_record/fixtures.rb:895:in `load_fixtures'
    /usr/local/rvm/gems/ruby-1.9.3-p194/gems/activerecord-3.2.8/lib/active_record/fixtures.rb:849:in `setup_fixtures'
    /usr/local/rvm/gems/ruby-1.9.3-p194/gems/activesupport-3.2.8/lib/active_support/callbacks.rb:429:in `_run__766768059__setup__306141566__callbacks'
    /usr/local/rvm/gems/ruby-1.9.3-p194/gems/activesupport-3.2.8/lib/active_support/callbacks.rb:405:in `__run_callback'
    /usr/local/rvm/gems/ruby-1.9.3-p194/gems/activesupport-3.2.8/lib/active_support/callbacks.rb:385:in `_run_setup_callbacks'
    /usr/local/rvm/gems/ruby-1.9.3-p194/gems/activesupport-3.2.8/lib/active_support/callbacks.rb:81:in `run_callbacks'
    /usr/local/rvm/gems/ruby-1.9.3-p194/gems/activesupport-3.2.8/lib/active_support/testing/setup_and_teardown.rb:35:in `run'

7 tests, 0 assertions, 0 failures, 7 errors, 0 skips
Run options: -n "/^(test_should_get_contact|test_should_get_home)$/"

# Running tests:

EE

Finished tests in 0.054123s, 36.9528 tests/s, 0.0000 assertions/s.

  1) Error:
test_should_get_contact(PagesControllerTest):
ActiveRecord::StatementInvalid: Could not find table 'users'
    /usr/local/rvm/gems/ruby-1.9.3-p194/gems/activerecord-3.2.8/lib/active_record/connection_adapters/sqlite_adapter.rb:472:in `table_structure'
    /usr/local/rvm/gems/ruby-1.9.3-p194/gems/activerecord-3.2.8/lib/active_record/connection_adapters/sqlite_adapter.rb:346:in `columns'
    /usr/local/rvm/gems/ruby-1.9.3-p194/gems/activerecord-3.2.8/lib/active_record/fixtures.rb:660:in `column_names'
    /usr/local/rvm/gems/ruby-1.9.3-p194/gems/activerecord-3.2.8/lib/active_record/fixtures.rb:652:in `timestamp_column_names'
    /usr/local/rvm/gems/ruby-1.9.3-p194/gems/activerecord-3.2.8/lib/active_record/fixtures.rb:585:in `block in table_rows'
    /usr/local/rvm/gems/ruby-1.9.3-p194/gems/activerecord-3.2.8/lib/active_record/fixtures.rb:579:in `each'
    /usr/local/rvm/gems/ruby-1.9.3-p194/gems/activerecord-3.2.8/lib/active_record/fixtures.rb:579:in `map'
    /usr/local/rvm/gems/ruby-1.9.3-p194/gems/activerecord-3.2.8/lib/active_record/fixtures.rb:579:in `table_rows'
    /usr/local/rvm/gems/ruby-1.9.3-p194/gems/activerecord-3.2.8/lib/active_record/fixtures.rb:494:in `block (3 levels) in create_fixtures'
    /usr/local/rvm/gems/ruby-1.9.3-p194/gems/activerecord-3.2.8/lib/active_record/fixtures.rb:492:in `each'
    /usr/local/rvm/gems/ruby-1.9.3-p194/gems/activerecord-3.2.8/lib/active_record/fixtures.rb:492:in `block (2 levels) in create_fixtures'
    /usr/local/rvm/gems/ruby-1.9.3-p194/gems/activerecord-3.2.8/lib/active_record/connection_adapters/abstract/database_statements.rb:192:in `transaction'
    /usr/local/rvm/gems/ruby-1.9.3-p194/gems/activerecord-3.2.8/lib/active_record/fixtures.rb:491:in `block in create_fixtures'
    /usr/local/rvm/gems/ruby-1.9.3-p194/gems/activerecord-3.2.8/lib/active_record/connection_adapters/abstract_adapter.rb:168:in `disable_referential_integrity'
    /usr/local/rvm/gems/ruby-1.9.3-p194/gems/activerecord-3.2.8/lib/active_record/fixtures.rb:476:in `create_fixtures'
    /usr/local/rvm/gems/ruby-1.9.3-p194/gems/activerecord-3.2.8/lib/active_record/fixtures.rb:895:in `load_fixtures'
    /usr/local/rvm/gems/ruby-1.9.3-p194/gems/activerecord-3.2.8/lib/active_record/fixtures.rb:849:in `setup_fixtures'
    /usr/local/rvm/gems/ruby-1.9.3-p194/gems/activesupport-3.2.8/lib/active_support/callbacks.rb:429:in `_run__634534295__setup__497020471__callbacks'
    /usr/local/rvm/gems/ruby-1.9.3-p194/gems/activesupport-3.2.8/lib/active_support/callbacks.rb:405:in `__run_callback'
    /usr/local/rvm/gems/ruby-1.9.3-p194/gems/activesupport-3.2.8/lib/active_support/callbacks.rb:385:in `_run_setup_callbacks'
    /usr/local/rvm/gems/ruby-1.9.3-p194/gems/activesupport-3.2.8/lib/active_support/callbacks.rb:81:in `run_callbacks'
    /usr/local/rvm/gems/ruby-1.9.3-p194/gems/activesupport-3.2.8/lib/active_support/testing/setup_and_teardown.rb:35:in `run'

  2) Error:
test_should_get_home(PagesControllerTest):
ActiveRecord::StatementInvalid: Could not find table 'users'
    /usr/local/rvm/gems/ruby-1.9.3-p194/gems/activerecord-3.2.8/lib/active_record/connection_adapters/sqlite_adapter.rb:472:in `table_structure'
    /usr/local/rvm/gems/ruby-1.9.3-p194/gems/activerecord-3.2.8/lib/active_record/connection_adapters/sqlite_adapter.rb:346:in `columns'
    /usr/local/rvm/gems/ruby-1.9.3-p194/gems/activerecord-3.2.8/lib/active_record/fixtures.rb:660:in `column_names'
    /usr/local/rvm/gems/ruby-1.9.3-p194/gems/activerecord-3.2.8/lib/active_record/fixtures.rb:652:in `timestamp_column_names'
    /usr/local/rvm/gems/ruby-1.9.3-p194/gems/activerecord-3.2.8/lib/active_record/fixtures.rb:585:in `block in table_rows'
    /usr/local/rvm/gems/ruby-1.9.3-p194/gems/activerecord-3.2.8/lib/active_record/fixtures.rb:579:in `each'
    /usr/local/rvm/gems/ruby-1.9.3-p194/gems/activerecord-3.2.8/lib/active_record/fixtures.rb:579:in `map'
    /usr/local/rvm/gems/ruby-1.9.3-p194/gems/activerecord-3.2.8/lib/active_record/fixtures.rb:579:in `table_rows'
    /usr/local/rvm/gems/ruby-1.9.3-p194/gems/activerecord-3.2.8/lib/active_record/fixtures.rb:494:in `block (3 levels) in create_fixtures'
    /usr/local/rvm/gems/ruby-1.9.3-p194/gems/activerecord-3.2.8/lib/active_record/fixtures.rb:492:in `each'
    /usr/local/rvm/gems/ruby-1.9.3-p194/gems/activerecord-3.2.8/lib/active_record/fixtures.rb:492:in `block (2 levels) in create_fixtures'
    /usr/local/rvm/gems/ruby-1.9.3-p194/gems/activerecord-3.2.8/lib/active_record/connection_adapters/abstract/database_statements.rb:192:in `transaction'
    /usr/local/rvm/gems/ruby-1.9.3-p194/gems/activerecord-3.2.8/lib/active_record/fixtures.rb:491:in `block in create_fixtures'
    /usr/local/rvm/gems/ruby-1.9.3-p194/gems/activerecord-3.2.8/lib/active_record/connection_adapters/abstract_adapter.rb:168:in `disable_referential_integrity'
    /usr/local/rvm/gems/ruby-1.9.3-p194/gems/activerecord-3.2.8/lib/active_record/fixtures.rb:476:in `create_fixtures'
    /usr/local/rvm/gems/ruby-1.9.3-p194/gems/activerecord-3.2.8/lib/active_record/fixtures.rb:895:in `load_fixtures'
    /usr/local/rvm/gems/ruby-1.9.3-p194/gems/activerecord-3.2.8/lib/active_record/fixtures.rb:849:in `setup_fixtures'
    /usr/local/rvm/gems/ruby-1.9.3-p194/gems/activesupport-3.2.8/lib/active_support/callbacks.rb:429:in `_run__634534295__setup__497020471__callbacks'
    /usr/local/rvm/gems/ruby-1.9.3-p194/gems/activesupport-3.2.8/lib/active_support/callbacks.rb:405:in `__run_callback'
    /usr/local/rvm/gems/ruby-1.9.3-p194/gems/activesupport-3.2.8/lib/active_support/callbacks.rb:385:in `_run_setup_callbacks'
    /usr/local/rvm/gems/ruby-1.9.3-p194/gems/activesupport-3.2.8/lib/active_support/callbacks.rb:81:in `run_callbacks'
    /usr/local/rvm/gems/ruby-1.9.3-p194/gems/activesupport-3.2.8/lib/active_support/testing/setup_and_teardown.rb:35:in `run'

2 tests, 0 assertions, 0 failures, 2 errors, 0 skips
/usr/local/rvm/rubies/ruby-1.9.3-p194/bin/ruby -I.:lib:test -rubygems test/functional/microposts_controller_test.rb -n "/^(test_should_create_micropost|test_should_destroy_micropost|test_should_get_edit|test_should_get_index|test_should_get_new|test_should_show_micropost|test_should_update_micropost)$/"; /usr/local/rvm/rubies/ruby-1.9.3-p194/bin/ruby -I.:lib:test -rubygems test/functional/pages_controller_test.rb -n "/^(test_should_get_contact|test_should_get_home)$/"; /usr/local/rvm/rubies/ruby-1.9.3-p194/bin/ruby -I.:lib:test -rubygems test/functional/users_controller_test.rb -n "/^(test_should_create_user|test_should_destroy_user|test_should_get_edit|test_should_get_index|test_should_get_new|test_should_show_user|test_should_update_user)$/"
Run options: -n "/^(test_should_create_micropost|test_should_destroy_micropost|test_should_get_edit|test_should_get_index|test_should_get_new|test_should_show_micropost|test_should_update_micropost)$/"

# Running tests:

EEEEEEE

Finished tests in 0.105478s, 66.3642 tests/s, 0.0000 assertions/s.

  1) Error:
test_should_create_micropost(MicropostsControllerTest):
ActiveRecord::StatementInvalid: Could not find table 'users'
    /usr/local/rvm/gems/ruby-1.9.3-p194/gems/activerecord-3.2.8/lib/active_record/connection_adapters/sqlite_adapter.rb:472:in `table_structure'
    /usr/local/rvm/gems/ruby-1.9.3-p194/gems/activerecord-3.2.8/lib/active_record/connection_adapters/sqlite_adapter.rb:346:in `columns'
    /usr/local/rvm/gems/ruby-1.9.3-p194/gems/activerecord-3.2.8/lib/active_record/fixtures.rb:660:in `column_names'
    /usr/local/rvm/gems/ruby-1.9.3-p194/gems/activerecord-3.2.8/lib/active_record/fixtures.rb:652:in `timestamp_column_names'
    /usr/local/rvm/gems/ruby-1.9.3-p194/gems/activerecord-3.2.8/lib/active_record/fixtures.rb:585:in `block in table_rows'
    /usr/local/rvm/gems/ruby-1.9.3-p194/gems/activerecord-3.2.8/lib/active_record/fixtures.rb:579:in `each'
    /usr/local/rvm/gems/ruby-1.9.3-p194/gems/activerecord-3.2.8/lib/active_record/fixtures.rb:579:in `map'
    /usr/local/rvm/gems/ruby-1.9.3-p194/gems/activerecord-3.2.8/lib/active_record/fixtures.rb:579:in `table_rows'
    /usr/local/rvm/gems/ruby-1.9.3-p194/gems/activerecord-3.2.8/lib/active_record/fixtures.rb:494:in `block (3 levels) in create_fixtures'
    /usr/local/rvm/gems/ruby-1.9.3-p194/gems/activerecord-3.2.8/lib/active_record/fixtures.rb:492:in `each'
    /usr/local/rvm/gems/ruby-1.9.3-p194/gems/activerecord-3.2.8/lib/active_record/fixtures.rb:492:in `block (2 levels) in create_fixtures'
    /usr/local/rvm/gems/ruby-1.9.3-p194/gems/activerecord-3.2.8/lib/active_record/connection_adapters/abstract/database_statements.rb:192:in `transaction'
    /usr/local/rvm/gems/ruby-1.9.3-p194/gems/activerecord-3.2.8/lib/active_record/fixtures.rb:491:in `block in create_fixtures'
    /usr/local/rvm/gems/ruby-1.9.3-p194/gems/activerecord-3.2.8/lib/active_record/connection_adapters/abstract_adapter.rb:168:in `disable_referential_integrity'
    /usr/local/rvm/gems/ruby-1.9.3-p194/gems/activerecord-3.2.8/lib/active_record/fixtures.rb:476:in `create_fixtures'
    /usr/local/rvm/gems/ruby-1.9.3-p194/gems/activerecord-3.2.8/lib/active_record/fixtures.rb:895:in `load_fixtures'
    /usr/local/rvm/gems/ruby-1.9.3-p194/gems/activerecord-3.2.8/lib/active_record/fixtures.rb:849:in `setup_fixtures'
    /usr/local/rvm/gems/ruby-1.9.3-p194/gems/activesupport-3.2.8/lib/active_support/callbacks.rb:429:in `_run__177343777__setup__401143858__callbacks'
    /usr/local/rvm/gems/ruby-1.9.3-p194/gems/activesupport-3.2.8/lib/active_support/callbacks.rb:405:in `__run_callback'
    /usr/local/rvm/gems/ruby-1.9.3-p194/gems/activesupport-3.2.8/lib/active_support/callbacks.rb:385:in `_run_setup_callbacks'
    /usr/local/rvm/gems/ruby-1.9.3-p194/gems/activesupport-3.2.8/lib/active_support/callbacks.rb:81:in `run_callbacks'
    /usr/local/rvm/gems/ruby-1.9.3-p194/gems/activesupport-3.2.8/lib/active_support/testing/setup_and_teardown.rb:35:in `run'

  2) Error:
test_should_destroy_micropost(MicropostsControllerTest):
ActiveRecord::StatementInvalid: Could not find table 'users'
    /usr/local/rvm/gems/ruby-1.9.3-p194/gems/activerecord-3.2.8/lib/active_record/connection_adapters/sqlite_adapter.rb:472:in `table_structure'
    /usr/local/rvm/gems/ruby-1.9.3-p194/gems/activerecord-3.2.8/lib/active_record/connection_adapters/sqlite_adapter.rb:346:in `columns'
    /usr/local/rvm/gems/ruby-1.9.3-p194/gems/activerecord-3.2.8/lib/active_record/fixtures.rb:660:in `column_names'
    /usr/local/rvm/gems/ruby-1.9.3-p194/gems/activerecord-3.2.8/lib/active_record/fixtures.rb:652:in `timestamp_column_names'
    /usr/local/rvm/gems/ruby-1.9.3-p194/gems/activerecord-3.2.8/lib/active_record/fixtures.rb:585:in `block in table_rows'
    /usr/local/rvm/gems/ruby-1.9.3-p194/gems/activerecord-3.2.8/lib/active_record/fixtures.rb:579:in `each'
    /usr/local/rvm/gems/ruby-1.9.3-p194/gems/activerecord-3.2.8/lib/active_record/fixtures.rb:579:in `map'
    /usr/local/rvm/gems/ruby-1.9.3-p194/gems/activerecord-3.2.8/lib/active_record/fixtures.rb:579:in `table_rows'
    /usr/local/rvm/gems/ruby-1.9.3-p194/gems/activerecord-3.2.8/lib/active_record/fixtures.rb:494:in `block (3 levels) in create_fixtures'
    /usr/local/rvm/gems/ruby-1.9.3-p194/gems/activerecord-3.2.8/lib/active_record/fixtures.rb:492:in `each'
    /usr/local/rvm/gems/ruby-1.9.3-p194/gems/activerecord-3.2.8/lib/active_record/fixtures.rb:492:in `block (2 levels) in create_fixtures'
    /usr/local/rvm/gems/ruby-1.9.3-p194/gems/activerecord-3.2.8/lib/active_record/connection_adapters/abstract/database_statements.rb:192:in `transaction'
    /usr/local/rvm/gems/ruby-1.9.3-p194/gems/activerecord-3.2.8/lib/active_record/fixtures.rb:491:in `block in create_fixtures'
    /usr/local/rvm/gems/ruby-1.9.3-p194/gems/activerecord-3.2.8/lib/active_record/connection_adapters/abstract_adapter.rb:168:in `disable_referential_integrity'
    /usr/local/rvm/gems/ruby-1.9.3-p194/gems/activerecord-3.2.8/lib/active_record/fixtures.rb:476:in `create_fixtures'
    /usr/local/rvm/gems/ruby-1.9.3-p194/gems/activerecord-3.2.8/lib/active_record/fixtures.rb:895:in `load_fixtures'
    /usr/local/rvm/gems/ruby-1.9.3-p194/gems/activerecord-3.2.8/lib/active_record/fixtures.rb:849:in `setup_fixtures'
    /usr/local/rvm/gems/ruby-1.9.3-p194/gems/activesupport-3.2.8/lib/active_support/callbacks.rb:429:in `_run__177343777__setup__401143858__callbacks'
    /usr/local/rvm/gems/ruby-1.9.3-p194/gems/activesupport-3.2.8/lib/active_support/callbacks.rb:405:in `__run_callback'
    /usr/local/rvm/gems/ruby-1.9.3-p194/gems/activesupport-3.2.8/lib/active_support/callbacks.rb:385:in `_run_setup_callbacks'
    /usr/local/rvm/gems/ruby-1.9.3-p194/gems/activesupport-3.2.8/lib/active_support/callbacks.rb:81:in `run_callbacks'
    /usr/local/rvm/gems/ruby-1.9.3-p194/gems/activesupport-3.2.8/lib/active_support/testing/setup_and_teardown.rb:35:in `run'

  3) Error:
test_should_get_edit(MicropostsControllerTest):
ActiveRecord::StatementInvalid: Could not find table 'users'
    /usr/local/rvm/gems/ruby-1.9.3-p194/gems/activerecord-3.2.8/lib/active_record/connection_adapters/sqlite_adapter.rb:472:in `table_structure'
    /usr/local/rvm/gems/ruby-1.9.3-p194/gems/activerecord-3.2.8/lib/active_record/connection_adapters/sqlite_adapter.rb:346:in `columns'
    /usr/local/rvm/gems/ruby-1.9.3-p194/gems/activerecord-3.2.8/lib/active_record/fixtures.rb:660:in `column_names'
    /usr/local/rvm/gems/ruby-1.9.3-p194/gems/activerecord-3.2.8/lib/active_record/fixtures.rb:652:in `timestamp_column_names'
    /usr/local/rvm/gems/ruby-1.9.3-p194/gems/activerecord-3.2.8/lib/active_record/fixtures.rb:585:in `block in table_rows'
    /usr/local/rvm/gems/ruby-1.9.3-p194/gems/activerecord-3.2.8/lib/active_record/fixtures.rb:579:in `each'
    /usr/local/rvm/gems/ruby-1.9.3-p194/gems/activerecord-3.2.8/lib/active_record/fixtures.rb:579:in `map'
    /usr/local/rvm/gems/ruby-1.9.3-p194/gems/activerecord-3.2.8/lib/active_record/fixtures.rb:579:in `table_rows'
    /usr/local/rvm/gems/ruby-1.9.3-p194/gems/activerecord-3.2.8/lib/active_record/fixtures.rb:494:in `block (3 levels) in create_fixtures'
    /usr/local/rvm/gems/ruby-1.9.3-p194/gems/activerecord-3.2.8/lib/active_record/fixtures.rb:492:in `each'
    /usr/local/rvm/gems/ruby-1.9.3-p194/gems/activerecord-3.2.8/lib/active_record/fixtures.rb:492:in `block (2 levels) in create_fixtures'
    /usr/local/rvm/gems/ruby-1.9.3-p194/gems/activerecord-3.2.8/lib/active_record/connection_adapters/abstract/database_statements.rb:192:in `transaction'
    /usr/local/rvm/gems/ruby-1.9.3-p194/gems/activerecord-3.2.8/lib/active_record/fixtures.rb:491:in `block in create_fixtures'
    /usr/local/rvm/gems/ruby-1.9.3-p194/gems/activerecord-3.2.8/lib/active_record/connection_adapters/abstract_adapter.rb:168:in `disable_referential_integrity'
    /usr/local/rvm/gems/ruby-1.9.3-p194/gems/activerecord-3.2.8/lib/active_record/fixtures.rb:476:in `create_fixtures'
    /usr/local/rvm/gems/ruby-1.9.3-p194/gems/activerecord-3.2.8/lib/active_record/fixtures.rb:895:in `load_fixtures'
    /usr/local/rvm/gems/ruby-1.9.3-p194/gems/activerecord-3.2.8/lib/active_record/fixtures.rb:849:in `setup_fixtures'
    /usr/local/rvm/gems/ruby-1.9.3-p194/gems/activesupport-3.2.8/lib/active_support/callbacks.rb:429:in `_run__177343777__setup__401143858__callbacks'
    /usr/local/rvm/gems/ruby-1.9.3-p194/gems/activesupport-3.2.8/lib/active_support/callbacks.rb:405:in `__run_callback'
    /usr/local/rvm/gems/ruby-1.9.3-p194/gems/activesupport-3.2.8/lib/active_support/callbacks.rb:385:in `_run_setup_callbacks'
    /usr/local/rvm/gems/ruby-1.9.3-p194/gems/activesupport-3.2.8/lib/active_support/callbacks.rb:81:in `run_callbacks'
    /usr/local/rvm/gems/ruby-1.9.3-p194/gems/activesupport-3.2.8/lib/active_support/testing/setup_and_teardown.rb:35:in `run'

  4) Error:
test_should_get_index(MicropostsControllerTest):
ActiveRecord::StatementInvalid: Could not find table 'users'
    /usr/local/rvm/gems/ruby-1.9.3-p194/gems/activerecord-3.2.8/lib/active_record/connection_adapters/sqlite_adapter.rb:472:in `table_structure'
    /usr/local/rvm/gems/ruby-1.9.3-p194/gems/activerecord-3.2.8/lib/active_record/connection_adapters/sqlite_adapter.rb:346:in `columns'
    /usr/local/rvm/gems/ruby-1.9.3-p194/gems/activerecord-3.2.8/lib/active_record/fixtures.rb:660:in `column_names'
    /usr/local/rvm/gems/ruby-1.9.3-p194/gems/activerecord-3.2.8/lib/active_record/fixtures.rb:652:in `timestamp_column_names'
    /usr/local/rvm/gems/ruby-1.9.3-p194/gems/activerecord-3.2.8/lib/active_record/fixtures.rb:585:in `block in table_rows'
    /usr/local/rvm/gems/ruby-1.9.3-p194/gems/activerecord-3.2.8/lib/active_record/fixtures.rb:579:in `each'
    /usr/local/rvm/gems/ruby-1.9.3-p194/gems/activerecord-3.2.8/lib/active_record/fixtures.rb:579:in `map'
    /usr/local/rvm/gems/ruby-1.9.3-p194/gems/activerecord-3.2.8/lib/active_record/fixtures.rb:579:in `table_rows'
    /usr/local/rvm/gems/ruby-1.9.3-p194/gems/activerecord-3.2.8/lib/active_record/fixtures.rb:494:in `block (3 levels) in create_fixtures'
    /usr/local/rvm/gems/ruby-1.9.3-p194/gems/activerecord-3.2.8/lib/active_record/fixtures.rb:492:in `each'
    /usr/local/rvm/gems/ruby-1.9.3-p194/gems/activerecord-3.2.8/lib/active_record/fixtures.rb:492:in `block (2 levels) in create_fixtures'
    /usr/local/rvm/gems/ruby-1.9.3-p194/gems/activerecord-3.2.8/lib/active_record/connection_adapters/abstract/database_statements.rb:192:in `transaction'
    /usr/local/rvm/gems/ruby-1.9.3-p194/gems/activerecord-3.2.8/lib/active_record/fixtures.rb:491:in `block in create_fixtures'
    /usr/local/rvm/gems/ruby-1.9.3-p194/gems/activerecord-3.2.8/lib/active_record/connection_adapters/abstract_adapter.rb:168:in `disable_referential_integrity'
    /usr/local/rvm/gems/ruby-1.9.3-p194/gems/activerecord-3.2.8/lib/active_record/fixtures.rb:476:in `create_fixtures'
    /usr/local/rvm/gems/ruby-1.9.3-p194/gems/activerecord-3.2.8/lib/active_record/fixtures.rb:895:in `load_fixtures'
    /usr/local/rvm/gems/ruby-1.9.3-p194/gems/activerecord-3.2.8/lib/active_record/fixtures.rb:849:in `setup_fixtures'
    /usr/local/rvm/gems/ruby-1.9.3-p194/gems/activesupport-3.2.8/lib/active_support/callbacks.rb:429:in `_run__177343777__setup__401143858__callbacks'
    /usr/local/rvm/gems/ruby-1.9.3-p194/gems/activesupport-3.2.8/lib/active_support/callbacks.rb:405:in `__run_callback'
    /usr/local/rvm/gems/ruby-1.9.3-p194/gems/activesupport-3.2.8/lib/active_support/callbacks.rb:385:in `_run_setup_callbacks'
    /usr/local/rvm/gems/ruby-1.9.3-p194/gems/activesupport-3.2.8/lib/active_support/callbacks.rb:81:in `run_callbacks'
    /usr/local/rvm/gems/ruby-1.9.3-p194/gems/activesupport-3.2.8/lib/active_support/testing/setup_and_teardown.rb:35:in `run'

  5) Error:
test_should_get_new(MicropostsControllerTest):
ActiveRecord::StatementInvalid: Could not find table 'users'
    /usr/local/rvm/gems/ruby-1.9.3-p194/gems/activerecord-3.2.8/lib/active_record/connection_adapters/sqlite_adapter.rb:472:in `table_structure'
    /usr/local/rvm/gems/ruby-1.9.3-p194/gems/activerecord-3.2.8/lib/active_record/connection_adapters/sqlite_adapter.rb:346:in `columns'
    /usr/local/rvm/gems/ruby-1.9.3-p194/gems/activerecord-3.2.8/lib/active_record/fixtures.rb:660:in `column_names'
    /usr/local/rvm/gems/ruby-1.9.3-p194/gems/activerecord-3.2.8/lib/active_record/fixtures.rb:652:in `timestamp_column_names'
    /usr/local/rvm/gems/ruby-1.9.3-p194/gems/activerecord-3.2.8/lib/active_record/fixtures.rb:585:in `block in table_rows'
    /usr/local/rvm/gems/ruby-1.9.3-p194/gems/activerecord-3.2.8/lib/active_record/fixtures.rb:579:in `each'
    /usr/local/rvm/gems/ruby-1.9.3-p194/gems/activerecord-3.2.8/lib/active_record/fixtures.rb:579:in `map'
    /usr/local/rvm/gems/ruby-1.9.3-p194/gems/activerecord-3.2.8/lib/active_record/fixtures.rb:579:in `table_rows'
    /usr/local/rvm/gems/ruby-1.9.3-p194/gems/activerecord-3.2.8/lib/active_record/fixtures.rb:494:in `block (3 levels) in create_fixtures'
    /usr/local/rvm/gems/ruby-1.9.3-p194/gems/activerecord-3.2.8/lib/active_record/fixtures.rb:492:in `each'
    /usr/local/rvm/gems/ruby-1.9.3-p194/gems/activerecord-3.2.8/lib/active_record/fixtures.rb:492:in `block (2 levels) in create_fixtures'
    /usr/local/rvm/gems/ruby-1.9.3-p194/gems/activerecord-3.2.8/lib/active_record/connection_adapters/abstract/database_statements.rb:192:in `transaction'
    /usr/local/rvm/gems/ruby-1.9.3-p194/gems/activerecord-3.2.8/lib/active_record/fixtures.rb:491:in `block in create_fixtures'
    /usr/local/rvm/gems/ruby-1.9.3-p194/gems/activerecord-3.2.8/lib/active_record/connection_adapters/abstract_adapter.rb:168:in `disable_referential_integrity'
    /usr/local/rvm/gems/ruby-1.9.3-p194/gems/activerecord-3.2.8/lib/active_record/fixtures.rb:476:in `create_fixtures'
    /usr/local/rvm/gems/ruby-1.9.3-p194/gems/activerecord-3.2.8/lib/active_record/fixtures.rb:895:in `load_fixtures'
    /usr/local/rvm/gems/ruby-1.9.3-p194/gems/activerecord-3.2.8/lib/active_record/fixtures.rb:849:in `setup_fixtures'
    /usr/local/rvm/gems/ruby-1.9.3-p194/gems/activesupport-3.2.8/lib/active_support/callbacks.rb:429:in `_run__177343777__setup__401143858__callbacks'
    /usr/local/rvm/gems/ruby-1.9.3-p194/gems/activesupport-3.2.8/lib/active_support/callbacks.rb:405:in `__run_callback'
    /usr/local/rvm/gems/ruby-1.9.3-p194/gems/activesupport-3.2.8/lib/active_support/callbacks.rb:385:in `_run_setup_callbacks'
    /usr/local/rvm/gems/ruby-1.9.3-p194/gems/activesupport-3.2.8/lib/active_support/callbacks.rb:81:in `run_callbacks'
    /usr/local/rvm/gems/ruby-1.9.3-p194/gems/activesupport-3.2.8/lib/active_support/testing/setup_and_teardown.rb:35:in `run'

  6) Error:
test_should_show_micropost(MicropostsControllerTest):
ActiveRecord::StatementInvalid: Could not find table 'users'
    /usr/local/rvm/gems/ruby-1.9.3-p194/gems/activerecord-3.2.8/lib/active_record/connection_adapters/sqlite_adapter.rb:472:in `table_structure'
    /usr/local/rvm/gems/ruby-1.9.3-p194/gems/activerecord-3.2.8/lib/active_record/connection_adapters/sqlite_adapter.rb:346:in `columns'
    /usr/local/rvm/gems/ruby-1.9.3-p194/gems/activerecord-3.2.8/lib/active_record/fixtures.rb:660:in `column_names'
    /usr/local/rvm/gems/ruby-1.9.3-p194/gems/activerecord-3.2.8/lib/active_record/fixtures.rb:652:in `timestamp_column_names'
    /usr/local/rvm/gems/ruby-1.9.3-p194/gems/activerecord-3.2.8/lib/active_record/fixtures.rb:585:in `block in table_rows'
    /usr/local/rvm/gems/ruby-1.9.3-p194/gems/activerecord-3.2.8/lib/active_record/fixtures.rb:579:in `each'
    /usr/local/rvm/gems/ruby-1.9.3-p194/gems/activerecord-3.2.8/lib/active_record/fixtures.rb:579:in `map'
    /usr/local/rvm/gems/ruby-1.9.3-p194/gems/activerecord-3.2.8/lib/active_record/fixtures.rb:579:in `table_rows'
    /usr/local/rvm/gems/ruby-1.9.3-p194/gems/activerecord-3.2.8/lib/active_record/fixtures.rb:494:in `block (3 levels) in create_fixtures'
    /usr/local/rvm/gems/ruby-1.9.3-p194/gems/activerecord-3.2.8/lib/active_record/fixtures.rb:492:in `each'
    /usr/local/rvm/gems/ruby-1.9.3-p194/gems/activerecord-3.2.8/lib/active_record/fixtures.rb:492:in `block (2 levels) in create_fixtures'
    /usr/local/rvm/gems/ruby-1.9.3-p194/gems/activerecord-3.2.8/lib/active_record/connection_adapters/abstract/database_statements.rb:192:in `transaction'
    /usr/local/rvm/gems/ruby-1.9.3-p194/gems/activerecord-3.2.8/lib/active_record/fixtures.rb:491:in `block in create_fixtures'
    /usr/local/rvm/gems/ruby-1.9.3-p194/gems/activerecord-3.2.8/lib/active_record/connection_adapters/abstract_adapter.rb:168:in `disable_referential_integrity'
    /usr/local/rvm/gems/ruby-1.9.3-p194/gems/activerecord-3.2.8/lib/active_record/fixtures.rb:476:in `create_fixtures'
    /usr/local/rvm/gems/ruby-1.9.3-p194/gems/activerecord-3.2.8/lib/active_record/fixtures.rb:895:in `load_fixtures'
    /usr/local/rvm/gems/ruby-1.9.3-p194/gems/activerecord-3.2.8/lib/active_record/fixtures.rb:849:in `setup_fixtures'
    /usr/local/rvm/gems/ruby-1.9.3-p194/gems/activesupport-3.2.8/lib/active_support/callbacks.rb:429:in `_run__177343777__setup__401143858__callbacks'
    /usr/local/rvm/gems/ruby-1.9.3-p194/gems/activesupport-3.2.8/lib/active_support/callbacks.rb:405:in `__run_callback'
    /usr/local/rvm/gems/ruby-1.9.3-p194/gems/activesupport-3.2.8/lib/active_support/callbacks.rb:385:in `_run_setup_callbacks'
    /usr/local/rvm/gems/ruby-1.9.3-p194/gems/activesupport-3.2.8/lib/active_support/callbacks.rb:81:in `run_callbacks'
    /usr/local/rvm/gems/ruby-1.9.3-p194/gems/activesupport-3.2.8/lib/active_support/testing/setup_and_teardown.rb:35:in `run'

  7) Error:
test_should_update_micropost(MicropostsControllerTest):
ActiveRecord::StatementInvalid: Could not find table 'users'
    /usr/local/rvm/gems/ruby-1.9.3-p194/gems/activerecord-3.2.8/lib/active_record/connection_adapters/sqlite_adapter.rb:472:in `table_structure'
    /usr/local/rvm/gems/ruby-1.9.3-p194/gems/activerecord-3.2.8/lib/active_record/connection_adapters/sqlite_adapter.rb:346:in `columns'
    /usr/local/rvm/gems/ruby-1.9.3-p194/gems/activerecord-3.2.8/lib/active_record/fixtures.rb:660:in `column_names'
    /usr/local/rvm/gems/ruby-1.9.3-p194/gems/activerecord-3.2.8/lib/active_record/fixtures.rb:652:in `timestamp_column_names'
    /usr/local/rvm/gems/ruby-1.9.3-p194/gems/activerecord-3.2.8/lib/active_record/fixtures.rb:585:in `block in table_rows'
    /usr/local/rvm/gems/ruby-1.9.3-p194/gems/activerecord-3.2.8/lib/active_record/fixtures.rb:579:in `each'
    /usr/local/rvm/gems/ruby-1.9.3-p194/gems/activerecord-3.2.8/lib/active_record/fixtures.rb:579:in `map'
    /usr/local/rvm/gems/ruby-1.9.3-p194/gems/activerecord-3.2.8/lib/active_record/fixtures.rb:579:in `table_rows'
    /usr/local/rvm/gems/ruby-1.9.3-p194/gems/activerecord-3.2.8/lib/active_record/fixtures.rb:494:in `block (3 levels) in create_fixtures'
    /usr/local/rvm/gems/ruby-1.9.3-p194/gems/activerecord-3.2.8/lib/active_record/fixtures.rb:492:in `each'
    /usr/local/rvm/gems/ruby-1.9.3-p194/gems/activerecord-3.2.8/lib/active_record/fixtures.rb:492:in `block (2 levels) in create_fixtures'
    /usr/local/rvm/gems/ruby-1.9.3-p194/gems/activerecord-3.2.8/lib/active_record/connection_adapters/abstract/database_statements.rb:192:in `transaction'
    /usr/local/rvm/gems/ruby-1.9.3-p194/gems/activerecord-3.2.8/lib/active_record/fixtures.rb:491:in `block in create_fixtures'
    /usr/local/rvm/gems/ruby-1.9.3-p194/gems/activerecord-3.2.8/lib/active_record/connection_adapters/abstract_adapter.rb:168:in `disable_referential_integrity'
    /usr/local/rvm/gems/ruby-1.9.3-p194/gems/activerecord-3.2.8/lib/active_record/fixtures.rb:476:in `create_fixtures'
    /usr/local/rvm/gems/ruby-1.9.3-p194/gems/activerecord-3.2.8/lib/active_record/fixtures.rb:895:in `load_fixtures'
    /usr/local/rvm/gems/ruby-1.9.3-p194/gems/activerecord-3.2.8/lib/active_record/fixtures.rb:849:in `setup_fixtures'
    /usr/local/rvm/gems/ruby-1.9.3-p194/gems/activesupport-3.2.8/lib/active_support/callbacks.rb:429:in `_run__177343777__setup__401143858__callbacks'
    /usr/local/rvm/gems/ruby-1.9.3-p194/gems/activesupport-3.2.8/lib/active_support/callbacks.rb:405:in `__run_callback'
    /usr/local/rvm/gems/ruby-1.9.3-p194/gems/activesupport-3.2.8/lib/active_support/callbacks.rb:385:in `_run_setup_callbacks'
    /usr/local/rvm/gems/ruby-1.9.3-p194/gems/activesupport-3.2.8/lib/active_support/callbacks.rb:81:in `run_callbacks'
    /usr/local/rvm/gems/ruby-1.9.3-p194/gems/activesupport-3.2.8/lib/active_support/testing/setup_and_teardown.rb:35:in `run'

7 tests, 0 assertions, 0 failures, 7 errors, 0 skips
Run options: -n "/^(test_should_get_contact|test_should_get_home)$/"

# Running tests:

EE

Finished tests in 0.045566s, 43.8925 tests/s, 0.0000 assertions/s.

  1) Error:
test_should_get_contact(PagesControllerTest):
ActiveRecord::StatementInvalid: Could not find table 'users'
    /usr/local/rvm/gems/ruby-1.9.3-p194/gems/activerecord-3.2.8/lib/active_record/connection_adapters/sqlite_adapter.rb:472:in `table_structure'
    /usr/local/rvm/gems/ruby-1.9.3-p194/gems/activerecord-3.2.8/lib/active_record/connection_adapters/sqlite_adapter.rb:346:in `columns'
    /usr/local/rvm/gems/ruby-1.9.3-p194/gems/activerecord-3.2.8/lib/active_record/fixtures.rb:660:in `column_names'
    /usr/local/rvm/gems/ruby-1.9.3-p194/gems/activerecord-3.2.8/lib/active_record/fixtures.rb:652:in `timestamp_column_names'
    /usr/local/rvm/gems/ruby-1.9.3-p194/gems/activerecord-3.2.8/lib/active_record/fixtures.rb:585:in `block in table_rows'
    /usr/local/rvm/gems/ruby-1.9.3-p194/gems/activerecord-3.2.8/lib/active_record/fixtures.rb:579:in `each'
    /usr/local/rvm/gems/ruby-1.9.3-p194/gems/activerecord-3.2.8/lib/active_record/fixtures.rb:579:in `map'
    /usr/local/rvm/gems/ruby-1.9.3-p194/gems/activerecord-3.2.8/lib/active_record/fixtures.rb:579:in `table_rows'
    /usr/local/rvm/gems/ruby-1.9.3-p194/gems/activerecord-3.2.8/lib/active_record/fixtures.rb:494:in `block (3 levels) in create_fixtures'
    /usr/local/rvm/gems/ruby-1.9.3-p194/gems/activerecord-3.2.8/lib/active_record/fixtures.rb:492:in `each'
    /usr/local/rvm/gems/ruby-1.9.3-p194/gems/activerecord-3.2.8/lib/active_record/fixtures.rb:492:in `block (2 levels) in create_fixtures'
    /usr/local/rvm/gems/ruby-1.9.3-p194/gems/activerecord-3.2.8/lib/active_record/connection_adapters/abstract/database_statements.rb:192:in `transaction'
    /usr/local/rvm/gems/ruby-1.9.3-p194/gems/activerecord-3.2.8/lib/active_record/fixtures.rb:491:in `block in create_fixtures'
    /usr/local/rvm/gems/ruby-1.9.3-p194/gems/activerecord-3.2.8/lib/active_record/connection_adapters/abstract_adapter.rb:168:in `disable_referential_integrity'
    /usr/local/rvm/gems/ruby-1.9.3-p194/gems/activerecord-3.2.8/lib/active_record/fixtures.rb:476:in `create_fixtures'
    /usr/local/rvm/gems/ruby-1.9.3-p194/gems/activerecord-3.2.8/lib/active_record/fixtures.rb:895:in `load_fixtures'
    /usr/local/rvm/gems/ruby-1.9.3-p194/gems/activerecord-3.2.8/lib/active_record/fixtures.rb:849:in `setup_fixtures'
    /usr/local/rvm/gems/ruby-1.9.3-p194/gems/activesupport-3.2.8/lib/active_support/callbacks.rb:429:in `_run__1045110565__setup__1039516448__callbacks'
    /usr/local/rvm/gems/ruby-1.9.3-p194/gems/activesupport-3.2.8/lib/active_support/callbacks.rb:405:in `__run_callback'
    /usr/local/rvm/gems/ruby-1.9.3-p194/gems/activesupport-3.2.8/lib/active_support/callbacks.rb:385:in `_run_setup_callbacks'
    /usr/local/rvm/gems/ruby-1.9.3-p194/gems/activesupport-3.2.8/lib/active_support/callbacks.rb:81:in `run_callbacks'
    /usr/local/rvm/gems/ruby-1.9.3-p194/gems/activesupport-3.2.8/lib/active_support/testing/setup_and_teardown.rb:35:in `run'

  2) Error:
test_should_get_home(PagesControllerTest):
ActiveRecord::StatementInvalid: Could not find table 'users'
    /usr/local/rvm/gems/ruby-1.9.3-p194/gems/activerecord-3.2.8/lib/active_record/connection_adapters/sqlite_adapter.rb:472:in `table_structure'
    /usr/local/rvm/gems/ruby-1.9.3-p194/gems/activerecord-3.2.8/lib/active_record/connection_adapters/sqlite_adapter.rb:346:in `columns'
    /usr/local/rvm/gems/ruby-1.9.3-p194/gems/activerecord-3.2.8/lib/active_record/fixtures.rb:660:in `column_names'
    /usr/local/rvm/gems/ruby-1.9.3-p194/gems/activerecord-3.2.8/lib/active_record/fixtures.rb:652:in `timestamp_column_names'
    /usr/local/rvm/gems/ruby-1.9.3-p194/gems/activerecord-3.2.8/lib/active_record/fixtures.rb:585:in `block in table_rows'
    /usr/local/rvm/gems/ruby-1.9.3-p194/gems/activerecord-3.2.8/lib/active_record/fixtures.rb:579:in `each'
    /usr/local/rvm/gems/ruby-1.9.3-p194/gems/activerecord-3.2.8/lib/active_record/fixtures.rb:579:in `map'
    /usr/local/rvm/gems/ruby-1.9.3-p194/gems/activerecord-3.2.8/lib/active_record/fixtures.rb:579:in `table_rows'
    /usr/local/rvm/gems/ruby-1.9.3-p194/gems/activerecord-3.2.8/lib/active_record/fixtures.rb:494:in `block (3 levels) in create_fixtures'
    /usr/local/rvm/gems/ruby-1.9.3-p194/gems/activerecord-3.2.8/lib/active_record/fixtures.rb:492:in `each'
    /usr/local/rvm/gems/ruby-1.9.3-p194/gems/activerecord-3.2.8/lib/active_record/fixtures.rb:492:in `block (2 levels) in create_fixtures'
    /usr/local/rvm/gems/ruby-1.9.3-p194/gems/activerecord-3.2.8/lib/active_record/connection_adapters/abstract/database_statements.rb:192:in `transaction'
    /usr/local/rvm/gems/ruby-1.9.3-p194/gems/activerecord-3.2.8/lib/active_record/fixtures.rb:491:in `block in create_fixtures'
    /usr/local/rvm/gems/ruby-1.9.3-p194/gems/activerecord-3.2.8/lib/active_record/connection_adapters/abstract_adapter.rb:168:in `disable_referential_integrity'
    /usr/local/rvm/gems/ruby-1.9.3-p194/gems/activerecord-3.2.8/lib/active_record/fixtures.rb:476:in `create_fixtures'
    /usr/local/rvm/gems/ruby-1.9.3-p194/gems/activerecord-3.2.8/lib/active_record/fixtures.rb:895:in `load_fixtures'
    /usr/local/rvm/gems/ruby-1.9.3-p194/gems/activerecord-3.2.8/lib/active_record/fixtures.rb:849:in `setup_fixtures'
    /usr/local/rvm/gems/ruby-1.9.3-p194/gems/activesupport-3.2.8/lib/active_support/callbacks.rb:429:in `_run__1045110565__setup__1039516448__callbacks'
    /usr/local/rvm/gems/ruby-1.9.3-p194/gems/activesupport-3.2.8/lib/active_support/callbacks.rb:405:in `__run_callback'
    /usr/local/rvm/gems/ruby-1.9.3-p194/gems/activesupport-3.2.8/lib/active_support/callbacks.rb:385:in `_run_setup_callbacks'
    /usr/local/rvm/gems/ruby-1.9.3-p194/gems/activesupport-3.2.8/lib/active_support/callbacks.rb:81:in `run_callbacks'
    /usr/local/rvm/gems/ruby-1.9.3-p194/gems/activesupport-3.2.8/lib/active_support/testing/setup_and_teardown.rb:35:in `run'

2 tests, 0 assertions, 0 failures, 2 errors, 0 skips
Run options: -n "/^(test_should_create_user|test_should_destroy_user|test_should_get_edit|test_should_get_index|test_should_get_new|test_should_show_user|test_should_update_user)$/"

# Running tests:

EEEEEEE

Finished tests in 0.115967s, 60.3619 tests/s, 0.0000 assertions/s.

  1) Error:
test_should_create_user(UsersControllerTest):
ActiveRecord::StatementInvalid: Could not find table 'users'
    /usr/local/rvm/gems/ruby-1.9.3-p194/gems/activerecord-3.2.8/lib/active_record/connection_adapters/sqlite_adapter.rb:472:in `table_structure'
    /usr/local/rvm/gems/ruby-1.9.3-p194/gems/activerecord-3.2.8/lib/active_record/connection_adapters/sqlite_adapter.rb:346:in `columns'
    /usr/local/rvm/gems/ruby-1.9.3-p194/gems/activerecord-3.2.8/lib/active_record/fixtures.rb:660:in `column_names'
    /usr/local/rvm/gems/ruby-1.9.3-p194/gems/activerecord-3.2.8/lib/active_record/fixtures.rb:652:in `timestamp_column_names'
    /usr/local/rvm/gems/ruby-1.9.3-p194/gems/activerecord-3.2.8/lib/active_record/fixtures.rb:585:in `block in table_rows'
    /usr/local/rvm/gems/ruby-1.9.3-p194/gems/activerecord-3.2.8/lib/active_record/fixtures.rb:579:in `each'
    /usr/local/rvm/gems/ruby-1.9.3-p194/gems/activerecord-3.2.8/lib/active_record/fixtures.rb:579:in `map'
    /usr/local/rvm/gems/ruby-1.9.3-p194/gems/activerecord-3.2.8/lib/active_record/fixtures.rb:579:in `table_rows'
    /usr/local/rvm/gems/ruby-1.9.3-p194/gems/activerecord-3.2.8/lib/active_record/fixtures.rb:494:in `block (3 levels) in create_fixtures'
    /usr/local/rvm/gems/ruby-1.9.3-p194/gems/activerecord-3.2.8/lib/active_record/fixtures.rb:492:in `each'
    /usr/local/rvm/gems/ruby-1.9.3-p194/gems/activerecord-3.2.8/lib/active_record/fixtures.rb:492:in `block (2 levels) in create_fixtures'
    /usr/local/rvm/gems/ruby-1.9.3-p194/gems/activerecord-3.2.8/lib/active_record/connection_adapters/abstract/database_statements.rb:192:in `transaction'
    /usr/local/rvm/gems/ruby-1.9.3-p194/gems/activerecord-3.2.8/lib/active_record/fixtures.rb:491:in `block in create_fixtures'
    /usr/local/rvm/gems/ruby-1.9.3-p194/gems/activerecord-3.2.8/lib/active_record/connection_adapters/abstract_adapter.rb:168:in `disable_referential_integrity'
    /usr/local/rvm/gems/ruby-1.9.3-p194/gems/activerecord-3.2.8/lib/active_record/fixtures.rb:476:in `create_fixtures'
    /usr/local/rvm/gems/ruby-1.9.3-p194/gems/activerecord-3.2.8/lib/active_record/fixtures.rb:895:in `load_fixtures'
    /usr/local/rvm/gems/ruby-1.9.3-p194/gems/activerecord-3.2.8/lib/active_record/fixtures.rb:849:in `setup_fixtures'
    /usr/local/rvm/gems/ruby-1.9.3-p194/gems/activesupport-3.2.8/lib/active_support/callbacks.rb:429:in `_run__477249687__setup__1018779365__callbacks'
    /usr/local/rvm/gems/ruby-1.9.3-p194/gems/activesupport-3.2.8/lib/active_support/callbacks.rb:405:in `__run_callback'
    /usr/local/rvm/gems/ruby-1.9.3-p194/gems/activesupport-3.2.8/lib/active_support/callbacks.rb:385:in `_run_setup_callbacks'
    /usr/local/rvm/gems/ruby-1.9.3-p194/gems/activesupport-3.2.8/lib/active_support/callbacks.rb:81:in `run_callbacks'
    /usr/local/rvm/gems/ruby-1.9.3-p194/gems/activesupport-3.2.8/lib/active_support/testing/setup_and_teardown.rb:35:in `run'

  2) Error:
test_should_destroy_user(UsersControllerTest):
ActiveRecord::StatementInvalid: Could not find table 'users'
    /usr/local/rvm/gems/ruby-1.9.3-p194/gems/activerecord-3.2.8/lib/active_record/connection_adapters/sqlite_adapter.rb:472:in `table_structure'
    /usr/local/rvm/gems/ruby-1.9.3-p194/gems/activerecord-3.2.8/lib/active_record/connection_adapters/sqlite_adapter.rb:346:in `columns'
    /usr/local/rvm/gems/ruby-1.9.3-p194/gems/activerecord-3.2.8/lib/active_record/fixtures.rb:660:in `column_names'
    /usr/local/rvm/gems/ruby-1.9.3-p194/gems/activerecord-3.2.8/lib/active_record/fixtures.rb:652:in `timestamp_column_names'
    /usr/local/rvm/gems/ruby-1.9.3-p194/gems/activerecord-3.2.8/lib/active_record/fixtures.rb:585:in `block in table_rows'
    /usr/local/rvm/gems/ruby-1.9.3-p194/gems/activerecord-3.2.8/lib/active_record/fixtures.rb:579:in `each'
    /usr/local/rvm/gems/ruby-1.9.3-p194/gems/activerecord-3.2.8/lib/active_record/fixtures.rb:579:in `map'
    /usr/local/rvm/gems/ruby-1.9.3-p194/gems/activerecord-3.2.8/lib/active_record/fixtures.rb:579:in `table_rows'
    /usr/local/rvm/gems/ruby-1.9.3-p194/gems/activerecord-3.2.8/lib/active_record/fixtures.rb:494:in `block (3 levels) in create_fixtures'
    /usr/local/rvm/gems/ruby-1.9.3-p194/gems/activerecord-3.2.8/lib/active_record/fixtures.rb:492:in `each'
    /usr/local/rvm/gems/ruby-1.9.3-p194/gems/activerecord-3.2.8/lib/active_record/fixtures.rb:492:in `block (2 levels) in create_fixtures'
    /usr/local/rvm/gems/ruby-1.9.3-p194/gems/activerecord-3.2.8/lib/active_record/connection_adapters/abstract/database_statements.rb:192:in `transaction'
    /usr/local/rvm/gems/ruby-1.9.3-p194/gems/activerecord-3.2.8/lib/active_record/fixtures.rb:491:in `block in create_fixtures'
    /usr/local/rvm/gems/ruby-1.9.3-p194/gems/activerecord-3.2.8/lib/active_record/connection_adapters/abstract_adapter.rb:168:in `disable_referential_integrity'
    /usr/local/rvm/gems/ruby-1.9.3-p194/gems/activerecord-3.2.8/lib/active_record/fixtures.rb:476:in `create_fixtures'
    /usr/local/rvm/gems/ruby-1.9.3-p194/gems/activerecord-3.2.8/lib/active_record/fixtures.rb:895:in `load_fixtures'
    /usr/local/rvm/gems/ruby-1.9.3-p194/gems/activerecord-3.2.8/lib/active_record/fixtures.rb:849:in `setup_fixtures'
    /usr/local/rvm/gems/ruby-1.9.3-p194/gems/activesupport-3.2.8/lib/active_support/callbacks.rb:429:in `_run__477249687__setup__1018779365__callbacks'
    /usr/local/rvm/gems/ruby-1.9.3-p194/gems/activesupport-3.2.8/lib/active_support/callbacks.rb:405:in `__run_callback'
    /usr/local/rvm/gems/ruby-1.9.3-p194/gems/activesupport-3.2.8/lib/active_support/callbacks.rb:385:in `_run_setup_callbacks'
    /usr/local/rvm/gems/ruby-1.9.3-p194/gems/activesupport-3.2.8/lib/active_support/callbacks.rb:81:in `run_callbacks'
    /usr/local/rvm/gems/ruby-1.9.3-p194/gems/activesupport-3.2.8/lib/active_support/testing/setup_and_teardown.rb:35:in `run'

  3) Error:
test_should_get_edit(UsersControllerTest):
ActiveRecord::StatementInvalid: Could not find table 'users'
    /usr/local/rvm/gems/ruby-1.9.3-p194/gems/activerecord-3.2.8/lib/active_record/connection_adapters/sqlite_adapter.rb:472:in `table_structure'
    /usr/local/rvm/gems/ruby-1.9.3-p194/gems/activerecord-3.2.8/lib/active_record/connection_adapters/sqlite_adapter.rb:346:in `columns'
    /usr/local/rvm/gems/ruby-1.9.3-p194/gems/activerecord-3.2.8/lib/active_record/fixtures.rb:660:in `column_names'
    /usr/local/rvm/gems/ruby-1.9.3-p194/gems/activerecord-3.2.8/lib/active_record/fixtures.rb:652:in `timestamp_column_names'
    /usr/local/rvm/gems/ruby-1.9.3-p194/gems/activerecord-3.2.8/lib/active_record/fixtures.rb:585:in `block in table_rows'
    /usr/local/rvm/gems/ruby-1.9.3-p194/gems/activerecord-3.2.8/lib/active_record/fixtures.rb:579:in `each'
    /usr/local/rvm/gems/ruby-1.9.3-p194/gems/activerecord-3.2.8/lib/active_record/fixtures.rb:579:in `map'
    /usr/local/rvm/gems/ruby-1.9.3-p194/gems/activerecord-3.2.8/lib/active_record/fixtures.rb:579:in `table_rows'
    /usr/local/rvm/gems/ruby-1.9.3-p194/gems/activerecord-3.2.8/lib/active_record/fixtures.rb:494:in `block (3 levels) in create_fixtures'
    /usr/local/rvm/gems/ruby-1.9.3-p194/gems/activerecord-3.2.8/lib/active_record/fixtures.rb:492:in `each'
    /usr/local/rvm/gems/ruby-1.9.3-p194/gems/activerecord-3.2.8/lib/active_record/fixtures.rb:492:in `block (2 levels) in create_fixtures'
    /usr/local/rvm/gems/ruby-1.9.3-p194/gems/activerecord-3.2.8/lib/active_record/connection_adapters/abstract/database_statements.rb:192:in `transaction'
    /usr/local/rvm/gems/ruby-1.9.3-p194/gems/activerecord-3.2.8/lib/active_record/fixtures.rb:491:in `block in create_fixtures'
    /usr/local/rvm/gems/ruby-1.9.3-p194/gems/activerecord-3.2.8/lib/active_record/connection_adapters/abstract_adapter.rb:168:in `disable_referential_integrity'
    /usr/local/rvm/gems/ruby-1.9.3-p194/gems/activerecord-3.2.8/lib/active_record/fixtures.rb:476:in `create_fixtures'
    /usr/local/rvm/gems/ruby-1.9.3-p194/gems/activerecord-3.2.8/lib/active_record/fixtures.rb:895:in `load_fixtures'
    /usr/local/rvm/gems/ruby-1.9.3-p194/gems/activerecord-3.2.8/lib/active_record/fixtures.rb:849:in `setup_fixtures'
    /usr/local/rvm/gems/ruby-1.9.3-p194/gems/activesupport-3.2.8/lib/active_support/callbacks.rb:429:in `_run__477249687__setup__1018779365__callbacks'
    /usr/local/rvm/gems/ruby-1.9.3-p194/gems/activesupport-3.2.8/lib/active_support/callbacks.rb:405:in `__run_callback'
    /usr/local/rvm/gems/ruby-1.9.3-p194/gems/activesupport-3.2.8/lib/active_support/callbacks.rb:385:in `_run_setup_callbacks'
    /usr/local/rvm/gems/ruby-1.9.3-p194/gems/activesupport-3.2.8/lib/active_support/callbacks.rb:81:in `run_callbacks'
    /usr/local/rvm/gems/ruby-1.9.3-p194/gems/activesupport-3.2.8/lib/active_support/testing/setup_and_teardown.rb:35:in `run'

  4) Error:
test_should_get_index(UsersControllerTest):
ActiveRecord::StatementInvalid: Could not find table 'users'
    /usr/local/rvm/gems/ruby-1.9.3-p194/gems/activerecord-3.2.8/lib/active_record/connection_adapters/sqlite_adapter.rb:472:in `table_structure'
    /usr/local/rvm/gems/ruby-1.9.3-p194/gems/activerecord-3.2.8/lib/active_record/connection_adapters/sqlite_adapter.rb:346:in `columns'
    /usr/local/rvm/gems/ruby-1.9.3-p194/gems/activerecord-3.2.8/lib/active_record/fixtures.rb:660:in `column_names'
    /usr/local/rvm/gems/ruby-1.9.3-p194/gems/activerecord-3.2.8/lib/active_record/fixtures.rb:652:in `timestamp_column_names'
    /usr/local/rvm/gems/ruby-1.9.3-p194/gems/activerecord-3.2.8/lib/active_record/fixtures.rb:585:in `block in table_rows'
    /usr/local/rvm/gems/ruby-1.9.3-p194/gems/activerecord-3.2.8/lib/active_record/fixtures.rb:579:in `each'
    /usr/local/rvm/gems/ruby-1.9.3-p194/gems/activerecord-3.2.8/lib/active_record/fixtures.rb:579:in `map'
    /usr/local/rvm/gems/ruby-1.9.3-p194/gems/activerecord-3.2.8/lib/active_record/fixtures.rb:579:in `table_rows'
    /usr/local/rvm/gems/ruby-1.9.3-p194/gems/activerecord-3.2.8/lib/active_record/fixtures.rb:494:in `block (3 levels) in create_fixtures'
    /usr/local/rvm/gems/ruby-1.9.3-p194/gems/activerecord-3.2.8/lib/active_record/fixtures.rb:492:in `each'
    /usr/local/rvm/gems/ruby-1.9.3-p194/gems/activerecord-3.2.8/lib/active_record/fixtures.rb:492:in `block (2 levels) in create_fixtures'
    /usr/local/rvm/gems/ruby-1.9.3-p194/gems/activerecord-3.2.8/lib/active_record/connection_adapters/abstract/database_statements.rb:192:in `transaction'
    /usr/local/rvm/gems/ruby-1.9.3-p194/gems/activerecord-3.2.8/lib/active_record/fixtures.rb:491:in `block in create_fixtures'
    /usr/local/rvm/gems/ruby-1.9.3-p194/gems/activerecord-3.2.8/lib/active_record/connection_adapters/abstract_adapter.rb:168:in `disable_referential_integrity'
    /usr/local/rvm/gems/ruby-1.9.3-p194/gems/activerecord-3.2.8/lib/active_record/fixtures.rb:476:in `create_fixtures'
    /usr/local/rvm/gems/ruby-1.9.3-p194/gems/activerecord-3.2.8/lib/active_record/fixtures.rb:895:in `load_fixtures'
    /usr/local/rvm/gems/ruby-1.9.3-p194/gems/activerecord-3.2.8/lib/active_record/fixtures.rb:849:in `setup_fixtures'
    /usr/local/rvm/gems/ruby-1.9.3-p194/gems/activesupport-3.2.8/lib/active_support/callbacks.rb:429:in `_run__477249687__setup__1018779365__callbacks'
    /usr/local/rvm/gems/ruby-1.9.3-p194/gems/activesupport-3.2.8/lib/active_support/callbacks.rb:405:in `__run_callback'
    /usr/local/rvm/gems/ruby-1.9.3-p194/gems/activesupport-3.2.8/lib/active_support/callbacks.rb:385:in `_run_setup_callbacks'
    /usr/local/rvm/gems/ruby-1.9.3-p194/gems/activesupport-3.2.8/lib/active_support/callbacks.rb:81:in `run_callbacks'
    /usr/local/rvm/gems/ruby-1.9.3-p194/gems/activesupport-3.2.8/lib/active_support/testing/setup_and_teardown.rb:35:in `run'

  5) Error:
test_should_get_new(UsersControllerTest):
ActiveRecord::StatementInvalid: Could not find table 'users'
    /usr/local/rvm/gems/ruby-1.9.3-p194/gems/activerecord-3.2.8/lib/active_record/connection_adapters/sqlite_adapter.rb:472:in `table_structure'
    /usr/local/rvm/gems/ruby-1.9.3-p194/gems/activerecord-3.2.8/lib/active_record/connection_adapters/sqlite_adapter.rb:346:in `columns'
    /usr/local/rvm/gems/ruby-1.9.3-p194/gems/activerecord-3.2.8/lib/active_record/fixtures.rb:660:in `column_names'
    /usr/local/rvm/gems/ruby-1.9.3-p194/gems/activerecord-3.2.8/lib/active_record/fixtures.rb:652:in `timestamp_column_names'
    /usr/local/rvm/gems/ruby-1.9.3-p194/gems/activerecord-3.2.8/lib/active_record/fixtures.rb:585:in `block in table_rows'
    /usr/local/rvm/gems/ruby-1.9.3-p194/gems/activerecord-3.2.8/lib/active_record/fixtures.rb:579:in `each'
    /usr/local/rvm/gems/ruby-1.9.3-p194/gems/activerecord-3.2.8/lib/active_record/fixtures.rb:579:in `map'
    /usr/local/rvm/gems/ruby-1.9.3-p194/gems/activerecord-3.2.8/lib/active_record/fixtures.rb:579:in `table_rows'
    /usr/local/rvm/gems/ruby-1.9.3-p194/gems/activerecord-3.2.8/lib/active_record/fixtures.rb:494:in `block (3 levels) in create_fixtures'
    /usr/local/rvm/gems/ruby-1.9.3-p194/gems/activerecord-3.2.8/lib/active_record/fixtures.rb:492:in `each'
    /usr/local/rvm/gems/ruby-1.9.3-p194/gems/activerecord-3.2.8/lib/active_record/fixtures.rb:492:in `block (2 levels) in create_fixtures'
    /usr/local/rvm/gems/ruby-1.9.3-p194/gems/activerecord-3.2.8/lib/active_record/connection_adapters/abstract/database_statements.rb:192:in `transaction'
    /usr/local/rvm/gems/ruby-1.9.3-p194/gems/activerecord-3.2.8/lib/active_record/fixtures.rb:491:in `block in create_fixtures'
    /usr/local/rvm/gems/ruby-1.9.3-p194/gems/activerecord-3.2.8/lib/active_record/connection_adapters/abstract_adapter.rb:168:in `disable_referential_integrity'
    /usr/local/rvm/gems/ruby-1.9.3-p194/gems/activerecord-3.2.8/lib/active_record/fixtures.rb:476:in `create_fixtures'
    /usr/local/rvm/gems/ruby-1.9.3-p194/gems/activerecord-3.2.8/lib/active_record/fixtures.rb:895:in `load_fixtures'
    /usr/local/rvm/gems/ruby-1.9.3-p194/gems/activerecord-3.2.8/lib/active_record/fixtures.rb:849:in `setup_fixtures'
    /usr/local/rvm/gems/ruby-1.9.3-p194/gems/activesupport-3.2.8/lib/active_support/callbacks.rb:429:in `_run__477249687__setup__1018779365__callbacks'
    /usr/local/rvm/gems/ruby-1.9.3-p194/gems/activesupport-3.2.8/lib/active_support/callbacks.rb:405:in `__run_callback'
    /usr/local/rvm/gems/ruby-1.9.3-p194/gems/activesupport-3.2.8/lib/active_support/callbacks.rb:385:in `_run_setup_callbacks'
    /usr/local/rvm/gems/ruby-1.9.3-p194/gems/activesupport-3.2.8/lib/active_support/callbacks.rb:81:in `run_callbacks'
    /usr/local/rvm/gems/ruby-1.9.3-p194/gems/activesupport-3.2.8/lib/active_support/testing/setup_and_teardown.rb:35:in `run'

  6) Error:
test_should_show_user(UsersControllerTest):
ActiveRecord::StatementInvalid: Could not find table 'users'
    /usr/local/rvm/gems/ruby-1.9.3-p194/gems/activerecord-3.2.8/lib/active_record/connection_adapters/sqlite_adapter.rb:472:in `table_structure'
    /usr/local/rvm/gems/ruby-1.9.3-p194/gems/activerecord-3.2.8/lib/active_record/connection_adapters/sqlite_adapter.rb:346:in `columns'
    /usr/local/rvm/gems/ruby-1.9.3-p194/gems/activerecord-3.2.8/lib/active_record/fixtures.rb:660:in `column_names'
    /usr/local/rvm/gems/ruby-1.9.3-p194/gems/activerecord-3.2.8/lib/active_record/fixtures.rb:652:in `timestamp_column_names'
    /usr/local/rvm/gems/ruby-1.9.3-p194/gems/activerecord-3.2.8/lib/active_record/fixtures.rb:585:in `block in table_rows'
    /usr/local/rvm/gems/ruby-1.9.3-p194/gems/activerecord-3.2.8/lib/active_record/fixtures.rb:579:in `each'
    /usr/local/rvm/gems/ruby-1.9.3-p194/gems/activerecord-3.2.8/lib/active_record/fixtures.rb:579:in `map'
    /usr/local/rvm/gems/ruby-1.9.3-p194/gems/activerecord-3.2.8/lib/active_record/fixtures.rb:579:in `table_rows'
    /usr/local/rvm/gems/ruby-1.9.3-p194/gems/activerecord-3.2.8/lib/active_record/fixtures.rb:494:in `block (3 levels) in create_fixtures'
    /usr/local/rvm/gems/ruby-1.9.3-p194/gems/activerecord-3.2.8/lib/active_record/fixtures.rb:492:in `each'
    /usr/local/rvm/gems/ruby-1.9.3-p194/gems/activerecord-3.2.8/lib/active_record/fixtures.rb:492:in `block (2 levels) in create_fixtures'
    /usr/local/rvm/gems/ruby-1.9.3-p194/gems/activerecord-3.2.8/lib/active_record/connection_adapters/abstract/database_statements.rb:192:in `transaction'
    /usr/local/rvm/gems/ruby-1.9.3-p194/gems/activerecord-3.2.8/lib/active_record/fixtures.rb:491:in `block in create_fixtures'
    /usr/local/rvm/gems/ruby-1.9.3-p194/gems/activerecord-3.2.8/lib/active_record/connection_adapters/abstract_adapter.rb:168:in `disable_referential_integrity'
    /usr/local/rvm/gems/ruby-1.9.3-p194/gems/activerecord-3.2.8/lib/active_record/fixtures.rb:476:in `create_fixtures'
    /usr/local/rvm/gems/ruby-1.9.3-p194/gems/activerecord-3.2.8/lib/active_record/fixtures.rb:895:in `load_fixtures'
    /usr/local/rvm/gems/ruby-1.9.3-p194/gems/activerecord-3.2.8/lib/active_record/fixtures.rb:849:in `setup_fixtures'
    /usr/local/rvm/gems/ruby-1.9.3-p194/gems/activesupport-3.2.8/lib/active_support/callbacks.rb:429:in `_run__477249687__setup__1018779365__callbacks'
    /usr/local/rvm/gems/ruby-1.9.3-p194/gems/activesupport-3.2.8/lib/active_support/callbacks.rb:405:in `__run_callback'
    /usr/local/rvm/gems/ruby-1.9.3-p194/gems/activesupport-3.2.8/lib/active_support/callbacks.rb:385:in `_run_setup_callbacks'
    /usr/local/rvm/gems/ruby-1.9.3-p194/gems/activesupport-3.2.8/lib/active_support/callbacks.rb:81:in `run_callbacks'
    /usr/local/rvm/gems/ruby-1.9.3-p194/gems/activesupport-3.2.8/lib/active_support/testing/setup_and_teardown.rb:35:in `run'

  7) Error:
test_should_update_user(UsersControllerTest):
ActiveRecord::StatementInvalid: Could not find table 'users'
    /usr/local/rvm/gems/ruby-1.9.3-p194/gems/activerecord-3.2.8/lib/active_record/connection_adapters/sqlite_adapter.rb:472:in `table_structure'
    /usr/local/rvm/gems/ruby-1.9.3-p194/gems/activerecord-3.2.8/lib/active_record/connection_adapters/sqlite_adapter.rb:346:in `columns'
    /usr/local/rvm/gems/ruby-1.9.3-p194/gems/activerecord-3.2.8/lib/active_record/fixtures.rb:660:in `column_names'
    /usr/local/rvm/gems/ruby-1.9.3-p194/gems/activerecord-3.2.8/lib/active_record/fixtures.rb:652:in `timestamp_column_names'
    /usr/local/rvm/gems/ruby-1.9.3-p194/gems/activerecord-3.2.8/lib/active_record/fixtures.rb:585:in `block in table_rows'
    /usr/local/rvm/gems/ruby-1.9.3-p194/gems/activerecord-3.2.8/lib/active_record/fixtures.rb:579:in `each'
    /usr/local/rvm/gems/ruby-1.9.3-p194/gems/activerecord-3.2.8/lib/active_record/fixtures.rb:579:in `map'
    /usr/local/rvm/gems/ruby-1.9.3-p194/gems/activerecord-3.2.8/lib/active_record/fixtures.rb:579:in `table_rows'
    /usr/local/rvm/gems/ruby-1.9.3-p194/gems/activerecord-3.2.8/lib/active_record/fixtures.rb:494:in `block (3 levels) in create_fixtures'
    /usr/local/rvm/gems/ruby-1.9.3-p194/gems/activerecord-3.2.8/lib/active_record/fixtures.rb:492:in `each'
    /usr/local/rvm/gems/ruby-1.9.3-p194/gems/activerecord-3.2.8/lib/active_record/fixtures.rb:492:in `block (2 levels) in create_fixtures'
    /usr/local/rvm/gems/ruby-1.9.3-p194/gems/activerecord-3.2.8/lib/active_record/connection_adapters/abstract/database_statements.rb:192:in `transaction'
    /usr/local/rvm/gems/ruby-1.9.3-p194/gems/activerecord-3.2.8/lib/active_record/fixtures.rb:491:in `block in create_fixtures'
    /usr/local/rvm/gems/ruby-1.9.3-p194/gems/activerecord-3.2.8/lib/active_record/connection_adapters/abstract_adapter.rb:168:in `disable_referential_integrity'
    /usr/local/rvm/gems/ruby-1.9.3-p194/gems/activerecord-3.2.8/lib/active_record/fixtures.rb:476:in `create_fixtures'
    /usr/local/rvm/gems/ruby-1.9.3-p194/gems/activerecord-3.2.8/lib/active_record/fixtures.rb:895:in `load_fixtures'
    /usr/local/rvm/gems/ruby-1.9.3-p194/gems/activerecord-3.2.8/lib/active_record/fixtures.rb:849:in `setup_fixtures'
    /usr/local/rvm/gems/ruby-1.9.3-p194/gems/activesupport-3.2.8/lib/active_support/callbacks.rb:429:in `_run__477249687__setup__1018779365__callbacks'
    /usr/local/rvm/gems/ruby-1.9.3-p194/gems/activesupport-3.2.8/lib/active_support/callbacks.rb:405:in `__run_callback'
    /usr/local/rvm/gems/ruby-1.9.3-p194/gems/activesupport-3.2.8/lib/active_support/callbacks.rb:385:in `_run_setup_callbacks'
    /usr/local/rvm/gems/ruby-1.9.3-p194/gems/activesupport-3.2.8/lib/active_support/callbacks.rb:81:in `run_callbacks'
    /usr/local/rvm/gems/ruby-1.9.3-p194/gems/activesupport-3.2.8/lib/active_support/testing/setup_and_teardown.rb:35:in `run'

7 tests, 0 assertions, 0 failures, 7 errors, 0 skips
/usr/local/rvm/rubies/ruby-1.9.3-p194/bin/ruby -I.:lib:test -rubygems test/functional/microposts_controller_test.rb -n "/^(test_should_create_micropost|test_should_destroy_micropost|test_should_get_edit|test_should_get_index|test_should_get_new|test_should_show_micropost|test_should_update_micropost)$/"; /usr/local/rvm/rubies/ruby-1.9.3-p194/bin/ruby -I.:lib:test -rubygems test/functional/users_controller_test.rb -n "/^(test_should_create_user|test_should_destroy_user|test_should_get_edit|test_should_get_index|test_should_get_new|test_should_show_user|test_should_update_user)$/"; /usr/local/rvm/rubies/ruby-1.9.3-p194/bin/ruby -I.:lib:test -rubygems test/functional/pages_controller_test.rb -n "/^(test_should_get_contact|test_should_get_home)$/"
Run options: -n "/^(test_should_create_micropost|test_should_destroy_micropost|test_should_get_edit|test_should_get_index|test_should_get_new|test_should_show_micropost|test_should_update_micropost)$/"

# Running tests:

EEEEEEE

Finished tests in 0.101604s, 68.8948 tests/s, 0.0000 assertions/s.

  1) Error:
test_should_create_micropost(MicropostsControllerTest):
ActiveRecord::StatementInvalid: Could not find table 'users'
    /usr/local/rvm/gems/ruby-1.9.3-p194/gems/activerecord-3.2.8/lib/active_record/connection_adapters/sqlite_adapter.rb:472:in `table_structure'
    /usr/local/rvm/gems/ruby-1.9.3-p194/gems/activerecord-3.2.8/lib/active_record/connection_adapters/sqlite_adapter.rb:346:in `columns'
    /usr/local/rvm/gems/ruby-1.9.3-p194/gems/activerecord-3.2.8/lib/active_record/fixtures.rb:660:in `column_names'
    /usr/local/rvm/gems/ruby-1.9.3-p194/gems/activerecord-3.2.8/lib/active_record/fixtures.rb:652:in `timestamp_column_names'
    /usr/local/rvm/gems/ruby-1.9.3-p194/gems/activerecord-3.2.8/lib/active_record/fixtures.rb:585:in `block in table_rows'
    /usr/local/rvm/gems/ruby-1.9.3-p194/gems/activerecord-3.2.8/lib/active_record/fixtures.rb:579:in `each'
    /usr/local/rvm/gems/ruby-1.9.3-p194/gems/activerecord-3.2.8/lib/active_record/fixtures.rb:579:in `map'
    /usr/local/rvm/gems/ruby-1.9.3-p194/gems/activerecord-3.2.8/lib/active_record/fixtures.rb:579:in `table_rows'
    /usr/local/rvm/gems/ruby-1.9.3-p194/gems/activerecord-3.2.8/lib/active_record/fixtures.rb:494:in `block (3 levels) in create_fixtures'
    /usr/local/rvm/gems/ruby-1.9.3-p194/gems/activerecord-3.2.8/lib/active_record/fixtures.rb:492:in `each'
    /usr/local/rvm/gems/ruby-1.9.3-p194/gems/activerecord-3.2.8/lib/active_record/fixtures.rb:492:in `block (2 levels) in create_fixtures'
    /usr/local/rvm/gems/ruby-1.9.3-p194/gems/activerecord-3.2.8/lib/active_record/connection_adapters/abstract/database_statements.rb:192:in `transaction'
    /usr/local/rvm/gems/ruby-1.9.3-p194/gems/activerecord-3.2.8/lib/active_record/fixtures.rb:491:in `block in create_fixtures'
    /usr/local/rvm/gems/ruby-1.9.3-p194/gems/activerecord-3.2.8/lib/active_record/connection_adapters/abstract_adapter.rb:168:in `disable_referential_integrity'
    /usr/local/rvm/gems/ruby-1.9.3-p194/gems/activerecord-3.2.8/lib/active_record/fixtures.rb:476:in `create_fixtures'
    /usr/local/rvm/gems/ruby-1.9.3-p194/gems/activerecord-3.2.8/lib/active_record/fixtures.rb:895:in `load_fixtures'
    /usr/local/rvm/gems/ruby-1.9.3-p194/gems/activerecord-3.2.8/lib/active_record/fixtures.rb:849:in `setup_fixtures'
    /usr/local/rvm/gems/ruby-1.9.3-p194/gems/activesupport-3.2.8/lib/active_support/callbacks.rb:429:in `_run__637296690__setup__366516206__callbacks'
    /usr/local/rvm/gems/ruby-1.9.3-p194/gems/activesupport-3.2.8/lib/active_support/callbacks.rb:405:in `__run_callback'
    /usr/local/rvm/gems/ruby-1.9.3-p194/gems/activesupport-3.2.8/lib/active_support/callbacks.rb:385:in `_run_setup_callbacks'
    /usr/local/rvm/gems/ruby-1.9.3-p194/gems/activesupport-3.2.8/lib/active_support/callbacks.rb:81:in `run_callbacks'
    /usr/local/rvm/gems/ruby-1.9.3-p194/gems/activesupport-3.2.8/lib/active_support/testing/setup_and_teardown.rb:35:in `run'

  2) Error:
test_should_destroy_micropost(MicropostsControllerTest):
ActiveRecord::StatementInvalid: Could not find table 'users'
    /usr/local/rvm/gems/ruby-1.9.3-p194/gems/activerecord-3.2.8/lib/active_record/connection_adapters/sqlite_adapter.rb:472:in `table_structure'
    /usr/local/rvm/gems/ruby-1.9.3-p194/gems/activerecord-3.2.8/lib/active_record/connection_adapters/sqlite_adapter.rb:346:in `columns'
    /usr/local/rvm/gems/ruby-1.9.3-p194/gems/activerecord-3.2.8/lib/active_record/fixtures.rb:660:in `column_names'
    /usr/local/rvm/gems/ruby-1.9.3-p194/gems/activerecord-3.2.8/lib/active_record/fixtures.rb:652:in `timestamp_column_names'
    /usr/local/rvm/gems/ruby-1.9.3-p194/gems/activerecord-3.2.8/lib/active_record/fixtures.rb:585:in `block in table_rows'
    /usr/local/rvm/gems/ruby-1.9.3-p194/gems/activerecord-3.2.8/lib/active_record/fixtures.rb:579:in `each'
    /usr/local/rvm/gems/ruby-1.9.3-p194/gems/activerecord-3.2.8/lib/active_record/fixtures.rb:579:in `map'
    /usr/local/rvm/gems/ruby-1.9.3-p194/gems/activerecord-3.2.8/lib/active_record/fixtures.rb:579:in `table_rows'
    /usr/local/rvm/gems/ruby-1.9.3-p194/gems/activerecord-3.2.8/lib/active_record/fixtures.rb:494:in `block (3 levels) in create_fixtures'
    /usr/local/rvm/gems/ruby-1.9.3-p194/gems/activerecord-3.2.8/lib/active_record/fixtures.rb:492:in `each'
    /usr/local/rvm/gems/ruby-1.9.3-p194/gems/activerecord-3.2.8/lib/active_record/fixtures.rb:492:in `block (2 levels) in create_fixtures'
    /usr/local/rvm/gems/ruby-1.9.3-p194/gems/activerecord-3.2.8/lib/active_record/connection_adapters/abstract/database_statements.rb:192:in `transaction'
    /usr/local/rvm/gems/ruby-1.9.3-p194/gems/activerecord-3.2.8/lib/active_record/fixtures.rb:491:in `block in create_fixtures'
    /usr/local/rvm/gems/ruby-1.9.3-p194/gems/activerecord-3.2.8/lib/active_record/connection_adapters/abstract_adapter.rb:168:in `disable_referential_integrity'
    /usr/local/rvm/gems/ruby-1.9.3-p194/gems/activerecord-3.2.8/lib/active_record/fixtures.rb:476:in `create_fixtures'
    /usr/local/rvm/gems/ruby-1.9.3-p194/gems/activerecord-3.2.8/lib/active_record/fixtures.rb:895:in `load_fixtures'
    /usr/local/rvm/gems/ruby-1.9.3-p194/gems/activerecord-3.2.8/lib/active_record/fixtures.rb:849:in `setup_fixtures'
    /usr/local/rvm/gems/ruby-1.9.3-p194/gems/activesupport-3.2.8/lib/active_support/callbacks.rb:429:in `_run__637296690__setup__366516206__callbacks'
    /usr/local/rvm/gems/ruby-1.9.3-p194/gems/activesupport-3.2.8/lib/active_support/callbacks.rb:405:in `__run_callback'
    /usr/local/rvm/gems/ruby-1.9.3-p194/gems/activesupport-3.2.8/lib/active_support/callbacks.rb:385:in `_run_setup_callbacks'
    /usr/local/rvm/gems/ruby-1.9.3-p194/gems/activesupport-3.2.8/lib/active_support/callbacks.rb:81:in `run_callbacks'
    /usr/local/rvm/gems/ruby-1.9.3-p194/gems/activesupport-3.2.8/lib/active_support/testing/setup_and_teardown.rb:35:in `run'

  3) Error:
test_should_get_edit(MicropostsControllerTest):
ActiveRecord::StatementInvalid: Could not find table 'users'
    /usr/local/rvm/gems/ruby-1.9.3-p194/gems/activerecord-3.2.8/lib/active_record/connection_adapters/sqlite_adapter.rb:472:in `table_structure'
    /usr/local/rvm/gems/ruby-1.9.3-p194/gems/activerecord-3.2.8/lib/active_record/connection_adapters/sqlite_adapter.rb:346:in `columns'
    /usr/local/rvm/gems/ruby-1.9.3-p194/gems/activerecord-3.2.8/lib/active_record/fixtures.rb:660:in `column_names'
    /usr/local/rvm/gems/ruby-1.9.3-p194/gems/activerecord-3.2.8/lib/active_record/fixtures.rb:652:in `timestamp_column_names'
    /usr/local/rvm/gems/ruby-1.9.3-p194/gems/activerecord-3.2.8/lib/active_record/fixtures.rb:585:in `block in table_rows'
    /usr/local/rvm/gems/ruby-1.9.3-p194/gems/activerecord-3.2.8/lib/active_record/fixtures.rb:579:in `each'
    /usr/local/rvm/gems/ruby-1.9.3-p194/gems/activerecord-3.2.8/lib/active_record/fixtures.rb:579:in `map'
    /usr/local/rvm/gems/ruby-1.9.3-p194/gems/activerecord-3.2.8/lib/active_record/fixtures.rb:579:in `table_rows'
    /usr/local/rvm/gems/ruby-1.9.3-p194/gems/activerecord-3.2.8/lib/active_record/fixtures.rb:494:in `block (3 levels) in create_fixtures'
    /usr/local/rvm/gems/ruby-1.9.3-p194/gems/activerecord-3.2.8/lib/active_record/fixtures.rb:492:in `each'
    /usr/local/rvm/gems/ruby-1.9.3-p194/gems/activerecord-3.2.8/lib/active_record/fixtures.rb:492:in `block (2 levels) in create_fixtures'
    /usr/local/rvm/gems/ruby-1.9.3-p194/gems/activerecord-3.2.8/lib/active_record/connection_adapters/abstract/database_statements.rb:192:in `transaction'
    /usr/local/rvm/gems/ruby-1.9.3-p194/gems/activerecord-3.2.8/lib/active_record/fixtures.rb:491:in `block in create_fixtures'
    /usr/local/rvm/gems/ruby-1.9.3-p194/gems/activerecord-3.2.8/lib/active_record/connection_adapters/abstract_adapter.rb:168:in `disable_referential_integrity'
    /usr/local/rvm/gems/ruby-1.9.3-p194/gems/activerecord-3.2.8/lib/active_record/fixtures.rb:476:in `create_fixtures'
    /usr/local/rvm/gems/ruby-1.9.3-p194/gems/activerecord-3.2.8/lib/active_record/fixtures.rb:895:in `load_fixtures'
    /usr/local/rvm/gems/ruby-1.9.3-p194/gems/activerecord-3.2.8/lib/active_record/fixtures.rb:849:in `setup_fixtures'
    /usr/local/rvm/gems/ruby-1.9.3-p194/gems/activesupport-3.2.8/lib/active_support/callbacks.rb:429:in `_run__637296690__setup__366516206__callbacks'
    /usr/local/rvm/gems/ruby-1.9.3-p194/gems/activesupport-3.2.8/lib/active_support/callbacks.rb:405:in `__run_callback'
    /usr/local/rvm/gems/ruby-1.9.3-p194/gems/activesupport-3.2.8/lib/active_support/callbacks.rb:385:in `_run_setup_callbacks'
    /usr/local/rvm/gems/ruby-1.9.3-p194/gems/activesupport-3.2.8/lib/active_support/callbacks.rb:81:in `run_callbacks'
    /usr/local/rvm/gems/ruby-1.9.3-p194/gems/activesupport-3.2.8/lib/active_support/testing/setup_and_teardown.rb:35:in `run'

  4) Error:
test_should_get_index(MicropostsControllerTest):
ActiveRecord::StatementInvalid: Could not find table 'users'
    /usr/local/rvm/gems/ruby-1.9.3-p194/gems/activerecord-3.2.8/lib/active_record/connection_adapters/sqlite_adapter.rb:472:in `table_structure'
    /usr/local/rvm/gems/ruby-1.9.3-p194/gems/activerecord-3.2.8/lib/active_record/connection_adapters/sqlite_adapter.rb:346:in `columns'
    /usr/local/rvm/gems/ruby-1.9.3-p194/gems/activerecord-3.2.8/lib/active_record/fixtures.rb:660:in `column_names'
    /usr/local/rvm/gems/ruby-1.9.3-p194/gems/activerecord-3.2.8/lib/active_record/fixtures.rb:652:in `timestamp_column_names'
    /usr/local/rvm/gems/ruby-1.9.3-p194/gems/activerecord-3.2.8/lib/active_record/fixtures.rb:585:in `block in table_rows'
    /usr/local/rvm/gems/ruby-1.9.3-p194/gems/activerecord-3.2.8/lib/active_record/fixtures.rb:579:in `each'
    /usr/local/rvm/gems/ruby-1.9.3-p194/gems/activerecord-3.2.8/lib/active_record/fixtures.rb:579:in `map'
    /usr/local/rvm/gems/ruby-1.9.3-p194/gems/activerecord-3.2.8/lib/active_record/fixtures.rb:579:in `table_rows'
    /usr/local/rvm/gems/ruby-1.9.3-p194/gems/activerecord-3.2.8/lib/active_record/fixtures.rb:494:in `block (3 levels) in create_fixtures'
    /usr/local/rvm/gems/ruby-1.9.3-p194/gems/activerecord-3.2.8/lib/active_record/fixtures.rb:492:in `each'
    /usr/local/rvm/gems/ruby-1.9.3-p194/gems/activerecord-3.2.8/lib/active_record/fixtures.rb:492:in `block (2 levels) in create_fixtures'
    /usr/local/rvm/gems/ruby-1.9.3-p194/gems/activerecord-3.2.8/lib/active_record/connection_adapters/abstract/database_statements.rb:192:in `transaction'
    /usr/local/rvm/gems/ruby-1.9.3-p194/gems/activerecord-3.2.8/lib/active_record/fixtures.rb:491:in `block in create_fixtures'
    /usr/local/rvm/gems/ruby-1.9.3-p194/gems/activerecord-3.2.8/lib/active_record/connection_adapters/abstract_adapter.rb:168:in `disable_referential_integrity'
    /usr/local/rvm/gems/ruby-1.9.3-p194/gems/activerecord-3.2.8/lib/active_record/fixtures.rb:476:in `create_fixtures'
    /usr/local/rvm/gems/ruby-1.9.3-p194/gems/activerecord-3.2.8/lib/active_record/fixtures.rb:895:in `load_fixtures'
    /usr/local/rvm/gems/ruby-1.9.3-p194/gems/activerecord-3.2.8/lib/active_record/fixtures.rb:849:in `setup_fixtures'
    /usr/local/rvm/gems/ruby-1.9.3-p194/gems/activesupport-3.2.8/lib/active_support/callbacks.rb:429:in `_run__637296690__setup__366516206__callbacks'
    /usr/local/rvm/gems/ruby-1.9.3-p194/gems/activesupport-3.2.8/lib/active_support/callbacks.rb:405:in `__run_callback'
    /usr/local/rvm/gems/ruby-1.9.3-p194/gems/activesupport-3.2.8/lib/active_support/callbacks.rb:385:in `_run_setup_callbacks'
    /usr/local/rvm/gems/ruby-1.9.3-p194/gems/activesupport-3.2.8/lib/active_support/callbacks.rb:81:in `run_callbacks'
    /usr/local/rvm/gems/ruby-1.9.3-p194/gems/activesupport-3.2.8/lib/active_support/testing/setup_and_teardown.rb:35:in `run'

  5) Error:
test_should_get_new(MicropostsControllerTest):
ActiveRecord::StatementInvalid: Could not find table 'users'
    /usr/local/rvm/gems/ruby-1.9.3-p194/gems/activerecord-3.2.8/lib/active_record/connection_adapters/sqlite_adapter.rb:472:in `table_structure'
    /usr/local/rvm/gems/ruby-1.9.3-p194/gems/activerecord-3.2.8/lib/active_record/connection_adapters/sqlite_adapter.rb:346:in `columns'
    /usr/local/rvm/gems/ruby-1.9.3-p194/gems/activerecord-3.2.8/lib/active_record/fixtures.rb:660:in `column_names'
    /usr/local/rvm/gems/ruby-1.9.3-p194/gems/activerecord-3.2.8/lib/active_record/fixtures.rb:652:in `timestamp_column_names'
    /usr/local/rvm/gems/ruby-1.9.3-p194/gems/activerecord-3.2.8/lib/active_record/fixtures.rb:585:in `block in table_rows'
    /usr/local/rvm/gems/ruby-1.9.3-p194/gems/activerecord-3.2.8/lib/active_record/fixtures.rb:579:in `each'
    /usr/local/rvm/gems/ruby-1.9.3-p194/gems/activerecord-3.2.8/lib/active_record/fixtures.rb:579:in `map'
    /usr/local/rvm/gems/ruby-1.9.3-p194/gems/activerecord-3.2.8/lib/active_record/fixtures.rb:579:in `table_rows'
    /usr/local/rvm/gems/ruby-1.9.3-p194/gems/activerecord-3.2.8/lib/active_record/fixtures.rb:494:in `block (3 levels) in create_fixtures'
    /usr/local/rvm/gems/ruby-1.9.3-p194/gems/activerecord-3.2.8/lib/active_record/fixtures.rb:492:in `each'
    /usr/local/rvm/gems/ruby-1.9.3-p194/gems/activerecord-3.2.8/lib/active_record/fixtures.rb:492:in `block (2 levels) in create_fixtures'
    /usr/local/rvm/gems/ruby-1.9.3-p194/gems/activerecord-3.2.8/lib/active_record/connection_adapters/abstract/database_statements.rb:192:in `transaction'
    /usr/local/rvm/gems/ruby-1.9.3-p194/gems/activerecord-3.2.8/lib/active_record/fixtures.rb:491:in `block in create_fixtures'
    /usr/local/rvm/gems/ruby-1.9.3-p194/gems/activerecord-3.2.8/lib/active_record/connection_adapters/abstract_adapter.rb:168:in `disable_referential_integrity'
    /usr/local/rvm/gems/ruby-1.9.3-p194/gems/activerecord-3.2.8/lib/active_record/fixtures.rb:476:in `create_fixtures'
    /usr/local/rvm/gems/ruby-1.9.3-p194/gems/activerecord-3.2.8/lib/active_record/fixtures.rb:895:in `load_fixtures'
    /usr/local/rvm/gems/ruby-1.9.3-p194/gems/activerecord-3.2.8/lib/active_record/fixtures.rb:849:in `setup_fixtures'
    /usr/local/rvm/gems/ruby-1.9.3-p194/gems/activesupport-3.2.8/lib/active_support/callbacks.rb:429:in `_run__637296690__setup__366516206__callbacks'
    /usr/local/rvm/gems/ruby-1.9.3-p194/gems/activesupport-3.2.8/lib/active_support/callbacks.rb:405:in `__run_callback'
    /usr/local/rvm/gems/ruby-1.9.3-p194/gems/activesupport-3.2.8/lib/active_support/callbacks.rb:385:in `_run_setup_callbacks'
    /usr/local/rvm/gems/ruby-1.9.3-p194/gems/activesupport-3.2.8/lib/active_support/callbacks.rb:81:in `run_callbacks'
    /usr/local/rvm/gems/ruby-1.9.3-p194/gems/activesupport-3.2.8/lib/active_support/testing/setup_and_teardown.rb:35:in `run'

  6) Error:
test_should_show_micropost(MicropostsControllerTest):
ActiveRecord::StatementInvalid: Could not find table 'users'
    /usr/local/rvm/gems/ruby-1.9.3-p194/gems/activerecord-3.2.8/lib/active_record/connection_adapters/sqlite_adapter.rb:472:in `table_structure'
    /usr/local/rvm/gems/ruby-1.9.3-p194/gems/activerecord-3.2.8/lib/active_record/connection_adapters/sqlite_adapter.rb:346:in `columns'
    /usr/local/rvm/gems/ruby-1.9.3-p194/gems/activerecord-3.2.8/lib/active_record/fixtures.rb:660:in `column_names'
    /usr/local/rvm/gems/ruby-1.9.3-p194/gems/activerecord-3.2.8/lib/active_record/fixtures.rb:652:in `timestamp_column_names'
    /usr/local/rvm/gems/ruby-1.9.3-p194/gems/activerecord-3.2.8/lib/active_record/fixtures.rb:585:in `block in table_rows'
    /usr/local/rvm/gems/ruby-1.9.3-p194/gems/activerecord-3.2.8/lib/active_record/fixtures.rb:579:in `each'
    /usr/local/rvm/gems/ruby-1.9.3-p194/gems/activerecord-3.2.8/lib/active_record/fixtures.rb:579:in `map'
    /usr/local/rvm/gems/ruby-1.9.3-p194/gems/activerecord-3.2.8/lib/active_record/fixtures.rb:579:in `table_rows'
    /usr/local/rvm/gems/ruby-1.9.3-p194/gems/activerecord-3.2.8/lib/active_record/fixtures.rb:494:in `block (3 levels) in create_fixtures'
    /usr/local/rvm/gems/ruby-1.9.3-p194/gems/activerecord-3.2.8/lib/active_record/fixtures.rb:492:in `each'
    /usr/local/rvm/gems/ruby-1.9.3-p194/gems/activerecord-3.2.8/lib/active_record/fixtures.rb:492:in `block (2 levels) in create_fixtures'
    /usr/local/rvm/gems/ruby-1.9.3-p194/gems/activerecord-3.2.8/lib/active_record/connection_adapters/abstract/database_statements.rb:192:in `transaction'
    /usr/local/rvm/gems/ruby-1.9.3-p194/gems/activerecord-3.2.8/lib/active_record/fixtures.rb:491:in `block in create_fixtures'
    /usr/local/rvm/gems/ruby-1.9.3-p194/gems/activerecord-3.2.8/lib/active_record/connection_adapters/abstract_adapter.rb:168:in `disable_referential_integrity'
    /usr/local/rvm/gems/ruby-1.9.3-p194/gems/activerecord-3.2.8/lib/active_record/fixtures.rb:476:in `create_fixtures'
    /usr/local/rvm/gems/ruby-1.9.3-p194/gems/activerecord-3.2.8/lib/active_record/fixtures.rb:895:in `load_fixtures'
    /usr/local/rvm/gems/ruby-1.9.3-p194/gems/activerecord-3.2.8/lib/active_record/fixtures.rb:849:in `setup_fixtures'
    /usr/local/rvm/gems/ruby-1.9.3-p194/gems/activesupport-3.2.8/lib/active_support/callbacks.rb:429:in `_run__637296690__setup__366516206__callbacks'
    /usr/local/rvm/gems/ruby-1.9.3-p194/gems/activesupport-3.2.8/lib/active_support/callbacks.rb:405:in `__run_callback'
    /usr/local/rvm/gems/ruby-1.9.3-p194/gems/activesupport-3.2.8/lib/active_support/callbacks.rb:385:in `_run_setup_callbacks'
    /usr/local/rvm/gems/ruby-1.9.3-p194/gems/activesupport-3.2.8/lib/active_support/callbacks.rb:81:in `run_callbacks'
    /usr/local/rvm/gems/ruby-1.9.3-p194/gems/activesupport-3.2.8/lib/active_support/testing/setup_and_teardown.rb:35:in `run'

  7) Error:
test_should_update_micropost(MicropostsControllerTest):
ActiveRecord::StatementInvalid: Could not find table 'users'
    /usr/local/rvm/gems/ruby-1.9.3-p194/gems/activerecord-3.2.8/lib/active_record/connection_adapters/sqlite_adapter.rb:472:in `table_structure'
    /usr/local/rvm/gems/ruby-1.9.3-p194/gems/activerecord-3.2.8/lib/active_record/connection_adapters/sqlite_adapter.rb:346:in `columns'
    /usr/local/rvm/gems/ruby-1.9.3-p194/gems/activerecord-3.2.8/lib/active_record/fixtures.rb:660:in `column_names'
    /usr/local/rvm/gems/ruby-1.9.3-p194/gems/activerecord-3.2.8/lib/active_record/fixtures.rb:652:in `timestamp_column_names'
    /usr/local/rvm/gems/ruby-1.9.3-p194/gems/activerecord-3.2.8/lib/active_record/fixtures.rb:585:in `block in table_rows'
    /usr/local/rvm/gems/ruby-1.9.3-p194/gems/activerecord-3.2.8/lib/active_record/fixtures.rb:579:in `each'
    /usr/local/rvm/gems/ruby-1.9.3-p194/gems/activerecord-3.2.8/lib/active_record/fixtures.rb:579:in `map'
    /usr/local/rvm/gems/ruby-1.9.3-p194/gems/activerecord-3.2.8/lib/active_record/fixtures.rb:579:in `table_rows'
    /usr/local/rvm/gems/ruby-1.9.3-p194/gems/activerecord-3.2.8/lib/active_record/fixtures.rb:494:in `block (3 levels) in create_fixtures'
    /usr/local/rvm/gems/ruby-1.9.3-p194/gems/activerecord-3.2.8/lib/active_record/fixtures.rb:492:in `each'
    /usr/local/rvm/gems/ruby-1.9.3-p194/gems/activerecord-3.2.8/lib/active_record/fixtures.rb:492:in `block (2 levels) in create_fixtures'
    /usr/local/rvm/gems/ruby-1.9.3-p194/gems/activerecord-3.2.8/lib/active_record/connection_adapters/abstract/database_statements.rb:192:in `transaction'
    /usr/local/rvm/gems/ruby-1.9.3-p194/gems/activerecord-3.2.8/lib/active_record/fixtures.rb:491:in `block in create_fixtures'
    /usr/local/rvm/gems/ruby-1.9.3-p194/gems/activerecord-3.2.8/lib/active_record/connection_adapters/abstract_adapter.rb:168:in `disable_referential_integrity'
    /usr/local/rvm/gems/ruby-1.9.3-p194/gems/activerecord-3.2.8/lib/active_record/fixtures.rb:476:in `create_fixtures'
    /usr/local/rvm/gems/ruby-1.9.3-p194/gems/activerecord-3.2.8/lib/active_record/fixtures.rb:895:in `load_fixtures'
    /usr/local/rvm/gems/ruby-1.9.3-p194/gems/activerecord-3.2.8/lib/active_record/fixtures.rb:849:in `setup_fixtures'
    /usr/local/rvm/gems/ruby-1.9.3-p194/gems/activesupport-3.2.8/lib/active_support/callbacks.rb:429:in `_run__637296690__setup__366516206__callbacks'
    /usr/local/rvm/gems/ruby-1.9.3-p194/gems/activesupport-3.2.8/lib/active_support/callbacks.rb:405:in `__run_callback'
    /usr/local/rvm/gems/ruby-1.9.3-p194/gems/activesupport-3.2.8/lib/active_support/callbacks.rb:385:in `_run_setup_callbacks'
    /usr/local/rvm/gems/ruby-1.9.3-p194/gems/activesupport-3.2.8/lib/active_support/callbacks.rb:81:in `run_callbacks'
    /usr/local/rvm/gems/ruby-1.9.3-p194/gems/activesupport-3.2.8/lib/active_support/testing/setup_and_teardown.rb:35:in `run'

7 tests, 0 assertions, 0 failures, 7 errors, 0 skips
Run options: -n "/^(test_should_create_user|test_should_destroy_user|test_should_get_edit|test_should_get_index|test_should_get_new|test_should_show_user|test_should_update_user)$/"

# Running tests:

EEEEEEE

Finished tests in 0.094325s, 74.2114 tests/s, 0.0000 assertions/s.

  1) Error:
test_should_create_user(UsersControllerTest):
ActiveRecord::StatementInvalid: Could not find table 'users'
    /usr/local/rvm/gems/ruby-1.9.3-p194/gems/activerecord-3.2.8/lib/active_record/connection_adapters/sqlite_adapter.rb:472:in `table_structure'
    /usr/local/rvm/gems/ruby-1.9.3-p194/gems/activerecord-3.2.8/lib/active_record/connection_adapters/sqlite_adapter.rb:346:in `columns'
    /usr/local/rvm/gems/ruby-1.9.3-p194/gems/activerecord-3.2.8/lib/active_record/fixtures.rb:660:in `column_names'
    /usr/local/rvm/gems/ruby-1.9.3-p194/gems/activerecord-3.2.8/lib/active_record/fixtures.rb:652:in `timestamp_column_names'
    /usr/local/rvm/gems/ruby-1.9.3-p194/gems/activerecord-3.2.8/lib/active_record/fixtures.rb:585:in `block in table_rows'
    /usr/local/rvm/gems/ruby-1.9.3-p194/gems/activerecord-3.2.8/lib/active_record/fixtures.rb:579:in `each'
    /usr/local/rvm/gems/ruby-1.9.3-p194/gems/activerecord-3.2.8/lib/active_record/fixtures.rb:579:in `map'
    /usr/local/rvm/gems/ruby-1.9.3-p194/gems/activerecord-3.2.8/lib/active_record/fixtures.rb:579:in `table_rows'
    /usr/local/rvm/gems/ruby-1.9.3-p194/gems/activerecord-3.2.8/lib/active_record/fixtures.rb:494:in `block (3 levels) in create_fixtures'
    /usr/local/rvm/gems/ruby-1.9.3-p194/gems/activerecord-3.2.8/lib/active_record/fixtures.rb:492:in `each'
    /usr/local/rvm/gems/ruby-1.9.3-p194/gems/activerecord-3.2.8/lib/active_record/fixtures.rb:492:in `block (2 levels) in create_fixtures'
    /usr/local/rvm/gems/ruby-1.9.3-p194/gems/activerecord-3.2.8/lib/active_record/connection_adapters/abstract/database_statements.rb:192:in `transaction'
    /usr/local/rvm/gems/ruby-1.9.3-p194/gems/activerecord-3.2.8/lib/active_record/fixtures.rb:491:in `block in create_fixtures'
    /usr/local/rvm/gems/ruby-1.9.3-p194/gems/activerecord-3.2.8/lib/active_record/connection_adapters/abstract_adapter.rb:168:in `disable_referential_integrity'
    /usr/local/rvm/gems/ruby-1.9.3-p194/gems/activerecord-3.2.8/lib/active_record/fixtures.rb:476:in `create_fixtures'
    /usr/local/rvm/gems/ruby-1.9.3-p194/gems/activerecord-3.2.8/lib/active_record/fixtures.rb:895:in `load_fixtures'
    /usr/local/rvm/gems/ruby-1.9.3-p194/gems/activerecord-3.2.8/lib/active_record/fixtures.rb:849:in `setup_fixtures'
    /usr/local/rvm/gems/ruby-1.9.3-p194/gems/activesupport-3.2.8/lib/active_support/callbacks.rb:429:in `_run__206110373__setup__64032983__callbacks'
    /usr/local/rvm/gems/ruby-1.9.3-p194/gems/activesupport-3.2.8/lib/active_support/callbacks.rb:405:in `__run_callback'
    /usr/local/rvm/gems/ruby-1.9.3-p194/gems/activesupport-3.2.8/lib/active_support/callbacks.rb:385:in `_run_setup_callbacks'
    /usr/local/rvm/gems/ruby-1.9.3-p194/gems/activesupport-3.2.8/lib/active_support/callbacks.rb:81:in `run_callbacks'
    /usr/local/rvm/gems/ruby-1.9.3-p194/gems/activesupport-3.2.8/lib/active_support/testing/setup_and_teardown.rb:35:in `run'

  2) Error:
test_should_destroy_user(UsersControllerTest):
ActiveRecord::StatementInvalid: Could not find table 'users'
    /usr/local/rvm/gems/ruby-1.9.3-p194/gems/activerecord-3.2.8/lib/active_record/connection_adapters/sqlite_adapter.rb:472:in `table_structure'
    /usr/local/rvm/gems/ruby-1.9.3-p194/gems/activerecord-3.2.8/lib/active_record/connection_adapters/sqlite_adapter.rb:346:in `columns'
    /usr/local/rvm/gems/ruby-1.9.3-p194/gems/activerecord-3.2.8/lib/active_record/fixtures.rb:660:in `column_names'
    /usr/local/rvm/gems/ruby-1.9.3-p194/gems/activerecord-3.2.8/lib/active_record/fixtures.rb:652:in `timestamp_column_names'
    /usr/local/rvm/gems/ruby-1.9.3-p194/gems/activerecord-3.2.8/lib/active_record/fixtures.rb:585:in `block in table_rows'
    /usr/local/rvm/gems/ruby-1.9.3-p194/gems/activerecord-3.2.8/lib/active_record/fixtures.rb:579:in `each'
    /usr/local/rvm/gems/ruby-1.9.3-p194/gems/activerecord-3.2.8/lib/active_record/fixtures.rb:579:in `map'
    /usr/local/rvm/gems/ruby-1.9.3-p194/gems/activerecord-3.2.8/lib/active_record/fixtures.rb:579:in `table_rows'
    /usr/local/rvm/gems/ruby-1.9.3-p194/gems/activerecord-3.2.8/lib/active_record/fixtures.rb:494:in `block (3 levels) in create_fixtures'
    /usr/local/rvm/gems/ruby-1.9.3-p194/gems/activerecord-3.2.8/lib/active_record/fixtures.rb:492:in `each'
    /usr/local/rvm/gems/ruby-1.9.3-p194/gems/activerecord-3.2.8/lib/active_record/fixtures.rb:492:in `block (2 levels) in create_fixtures'
    /usr/local/rvm/gems/ruby-1.9.3-p194/gems/activerecord-3.2.8/lib/active_record/connection_adapters/abstract/database_statements.rb:192:in `transaction'
    /usr/local/rvm/gems/ruby-1.9.3-p194/gems/activerecord-3.2.8/lib/active_record/fixtures.rb:491:in `block in create_fixtures'
    /usr/local/rvm/gems/ruby-1.9.3-p194/gems/activerecord-3.2.8/lib/active_record/connection_adapters/abstract_adapter.rb:168:in `disable_referential_integrity'
    /usr/local/rvm/gems/ruby-1.9.3-p194/gems/activerecord-3.2.8/lib/active_record/fixtures.rb:476:in `create_fixtures'
    /usr/local/rvm/gems/ruby-1.9.3-p194/gems/activerecord-3.2.8/lib/active_record/fixtures.rb:895:in `load_fixtures'
    /usr/local/rvm/gems/ruby-1.9.3-p194/gems/activerecord-3.2.8/lib/active_record/fixtures.rb:849:in `setup_fixtures'
    /usr/local/rvm/gems/ruby-1.9.3-p194/gems/activesupport-3.2.8/lib/active_support/callbacks.rb:429:in `_run__206110373__setup__64032983__callbacks'
    /usr/local/rvm/gems/ruby-1.9.3-p194/gems/activesupport-3.2.8/lib/active_support/callbacks.rb:405:in `__run_callback'
    /usr/local/rvm/gems/ruby-1.9.3-p194/gems/activesupport-3.2.8/lib/active_support/callbacks.rb:385:in `_run_setup_callbacks'
    /usr/local/rvm/gems/ruby-1.9.3-p194/gems/activesupport-3.2.8/lib/active_support/callbacks.rb:81:in `run_callbacks'
    /usr/local/rvm/gems/ruby-1.9.3-p194/gems/activesupport-3.2.8/lib/active_support/testing/setup_and_teardown.rb:35:in `run'

  3) Error:
test_should_get_edit(UsersControllerTest):
ActiveRecord::StatementInvalid: Could not find table 'users'
    /usr/local/rvm/gems/ruby-1.9.3-p194/gems/activerecord-3.2.8/lib/active_record/connection_adapters/sqlite_adapter.rb:472:in `table_structure'
    /usr/local/rvm/gems/ruby-1.9.3-p194/gems/activerecord-3.2.8/lib/active_record/connection_adapters/sqlite_adapter.rb:346:in `columns'
    /usr/local/rvm/gems/ruby-1.9.3-p194/gems/activerecord-3.2.8/lib/active_record/fixtures.rb:660:in `column_names'
    /usr/local/rvm/gems/ruby-1.9.3-p194/gems/activerecord-3.2.8/lib/active_record/fixtures.rb:652:in `timestamp_column_names'
    /usr/local/rvm/gems/ruby-1.9.3-p194/gems/activerecord-3.2.8/lib/active_record/fixtures.rb:585:in `block in table_rows'
    /usr/local/rvm/gems/ruby-1.9.3-p194/gems/activerecord-3.2.8/lib/active_record/fixtures.rb:579:in `each'
    /usr/local/rvm/gems/ruby-1.9.3-p194/gems/activerecord-3.2.8/lib/active_record/fixtures.rb:579:in `map'
    /usr/local/rvm/gems/ruby-1.9.3-p194/gems/activerecord-3.2.8/lib/active_record/fixtures.rb:579:in `table_rows'
    /usr/local/rvm/gems/ruby-1.9.3-p194/gems/activerecord-3.2.8/lib/active_record/fixtures.rb:494:in `block (3 levels) in create_fixtures'
    /usr/local/rvm/gems/ruby-1.9.3-p194/gems/activerecord-3.2.8/lib/active_record/fixtures.rb:492:in `each'
    /usr/local/rvm/gems/ruby-1.9.3-p194/gems/activerecord-3.2.8/lib/active_record/fixtures.rb:492:in `block (2 levels) in create_fixtures'
    /usr/local/rvm/gems/ruby-1.9.3-p194/gems/activerecord-3.2.8/lib/active_record/connection_adapters/abstract/database_statements.rb:192:in `transaction'
    /usr/local/rvm/gems/ruby-1.9.3-p194/gems/activerecord-3.2.8/lib/active_record/fixtures.rb:491:in `block in create_fixtures'
    /usr/local/rvm/gems/ruby-1.9.3-p194/gems/activerecord-3.2.8/lib/active_record/connection_adapters/abstract_adapter.rb:168:in `disable_referential_integrity'
    /usr/local/rvm/gems/ruby-1.9.3-p194/gems/activerecord-3.2.8/lib/active_record/fixtures.rb:476:in `create_fixtures'
    /usr/local/rvm/gems/ruby-1.9.3-p194/gems/activerecord-3.2.8/lib/active_record/fixtures.rb:895:in `load_fixtures'
    /usr/local/rvm/gems/ruby-1.9.3-p194/gems/activerecord-3.2.8/lib/active_record/fixtures.rb:849:in `setup_fixtures'
    /usr/local/rvm/gems/ruby-1.9.3-p194/gems/activesupport-3.2.8/lib/active_support/callbacks.rb:429:in `_run__206110373__setup__64032983__callbacks'
    /usr/local/rvm/gems/ruby-1.9.3-p194/gems/activesupport-3.2.8/lib/active_support/callbacks.rb:405:in `__run_callback'
    /usr/local/rvm/gems/ruby-1.9.3-p194/gems/activesupport-3.2.8/lib/active_support/callbacks.rb:385:in `_run_setup_callbacks'
    /usr/local/rvm/gems/ruby-1.9.3-p194/gems/activesupport-3.2.8/lib/active_support/callbacks.rb:81:in `run_callbacks'
    /usr/local/rvm/gems/ruby-1.9.3-p194/gems/activesupport-3.2.8/lib/active_support/testing/setup_and_teardown.rb:35:in `run'

  4) Error:
test_should_get_index(UsersControllerTest):
ActiveRecord::StatementInvalid: Could not find table 'users'
    /usr/local/rvm/gems/ruby-1.9.3-p194/gems/activerecord-3.2.8/lib/active_record/connection_adapters/sqlite_adapter.rb:472:in `table_structure'
    /usr/local/rvm/gems/ruby-1.9.3-p194/gems/activerecord-3.2.8/lib/active_record/connection_adapters/sqlite_adapter.rb:346:in `columns'
    /usr/local/rvm/gems/ruby-1.9.3-p194/gems/activerecord-3.2.8/lib/active_record/fixtures.rb:660:in `column_names'
    /usr/local/rvm/gems/ruby-1.9.3-p194/gems/activerecord-3.2.8/lib/active_record/fixtures.rb:652:in `timestamp_column_names'
    /usr/local/rvm/gems/ruby-1.9.3-p194/gems/activerecord-3.2.8/lib/active_record/fixtures.rb:585:in `block in table_rows'
    /usr/local/rvm/gems/ruby-1.9.3-p194/gems/activerecord-3.2.8/lib/active_record/fixtures.rb:579:in `each'
    /usr/local/rvm/gems/ruby-1.9.3-p194/gems/activerecord-3.2.8/lib/active_record/fixtures.rb:579:in `map'
    /usr/local/rvm/gems/ruby-1.9.3-p194/gems/activerecord-3.2.8/lib/active_record/fixtures.rb:579:in `table_rows'
    /usr/local/rvm/gems/ruby-1.9.3-p194/gems/activerecord-3.2.8/lib/active_record/fixtures.rb:494:in `block (3 levels) in create_fixtures'
    /usr/local/rvm/gems/ruby-1.9.3-p194/gems/activerecord-3.2.8/lib/active_record/fixtures.rb:492:in `each'
    /usr/local/rvm/gems/ruby-1.9.3-p194/gems/activerecord-3.2.8/lib/active_record/fixtures.rb:492:in `block (2 levels) in create_fixtures'
    /usr/local/rvm/gems/ruby-1.9.3-p194/gems/activerecord-3.2.8/lib/active_record/connection_adapters/abstract/database_statements.rb:192:in `transaction'
    /usr/local/rvm/gems/ruby-1.9.3-p194/gems/activerecord-3.2.8/lib/active_record/fixtures.rb:491:in `block in create_fixtures'
    /usr/local/rvm/gems/ruby-1.9.3-p194/gems/activerecord-3.2.8/lib/active_record/connection_adapters/abstract_adapter.rb:168:in `disable_referential_integrity'
    /usr/local/rvm/gems/ruby-1.9.3-p194/gems/activerecord-3.2.8/lib/active_record/fixtures.rb:476:in `create_fixtures'
    /usr/local/rvm/gems/ruby-1.9.3-p194/gems/activerecord-3.2.8/lib/active_record/fixtures.rb:895:in `load_fixtures'
    /usr/local/rvm/gems/ruby-1.9.3-p194/gems/activerecord-3.2.8/lib/active_record/fixtures.rb:849:in `setup_fixtures'
    /usr/local/rvm/gems/ruby-1.9.3-p194/gems/activesupport-3.2.8/lib/active_support/callbacks.rb:429:in `_run__206110373__setup__64032983__callbacks'
    /usr/local/rvm/gems/ruby-1.9.3-p194/gems/activesupport-3.2.8/lib/active_support/callbacks.rb:405:in `__run_callback'
    /usr/local/rvm/gems/ruby-1.9.3-p194/gems/activesupport-3.2.8/lib/active_support/callbacks.rb:385:in `_run_setup_callbacks'
    /usr/local/rvm/gems/ruby-1.9.3-p194/gems/activesupport-3.2.8/lib/active_support/callbacks.rb:81:in `run_callbacks'
    /usr/local/rvm/gems/ruby-1.9.3-p194/gems/activesupport-3.2.8/lib/active_support/testing/setup_and_teardown.rb:35:in `run'

  5) Error:
test_should_get_new(UsersControllerTest):
ActiveRecord::StatementInvalid: Could not find table 'users'
    /usr/local/rvm/gems/ruby-1.9.3-p194/gems/activerecord-3.2.8/lib/active_record/connection_adapters/sqlite_adapter.rb:472:in `table_structure'
    /usr/local/rvm/gems/ruby-1.9.3-p194/gems/activerecord-3.2.8/lib/active_record/connection_adapters/sqlite_adapter.rb:346:in `columns'
    /usr/local/rvm/gems/ruby-1.9.3-p194/gems/activerecord-3.2.8/lib/active_record/fixtures.rb:660:in `column_names'
    /usr/local/rvm/gems/ruby-1.9.3-p194/gems/activerecord-3.2.8/lib/active_record/fixtures.rb:652:in `timestamp_column_names'
    /usr/local/rvm/gems/ruby-1.9.3-p194/gems/activerecord-3.2.8/lib/active_record/fixtures.rb:585:in `block in table_rows'
    /usr/local/rvm/gems/ruby-1.9.3-p194/gems/activerecord-3.2.8/lib/active_record/fixtures.rb:579:in `each'
    /usr/local/rvm/gems/ruby-1.9.3-p194/gems/activerecord-3.2.8/lib/active_record/fixtures.rb:579:in `map'
    /usr/local/rvm/gems/ruby-1.9.3-p194/gems/activerecord-3.2.8/lib/active_record/fixtures.rb:579:in `table_rows'
    /usr/local/rvm/gems/ruby-1.9.3-p194/gems/activerecord-3.2.8/lib/active_record/fixtures.rb:494:in `block (3 levels) in create_fixtures'
    /usr/local/rvm/gems/ruby-1.9.3-p194/gems/activerecord-3.2.8/lib/active_record/fixtures.rb:492:in `each'
    /usr/local/rvm/gems/ruby-1.9.3-p194/gems/activerecord-3.2.8/lib/active_record/fixtures.rb:492:in `block (2 levels) in create_fixtures'
    /usr/local/rvm/gems/ruby-1.9.3-p194/gems/activerecord-3.2.8/lib/active_record/connection_adapters/abstract/database_statements.rb:192:in `transaction'
    /usr/local/rvm/gems/ruby-1.9.3-p194/gems/activerecord-3.2.8/lib/active_record/fixtures.rb:491:in `block in create_fixtures'
    /usr/local/rvm/gems/ruby-1.9.3-p194/gems/activerecord-3.2.8/lib/active_record/connection_adapters/abstract_adapter.rb:168:in `disable_referential_integrity'
    /usr/local/rvm/gems/ruby-1.9.3-p194/gems/activerecord-3.2.8/lib/active_record/fixtures.rb:476:in `create_fixtures'
    /usr/local/rvm/gems/ruby-1.9.3-p194/gems/activerecord-3.2.8/lib/active_record/fixtures.rb:895:in `load_fixtures'
    /usr/local/rvm/gems/ruby-1.9.3-p194/gems/activerecord-3.2.8/lib/active_record/fixtures.rb:849:in `setup_fixtures'
    /usr/local/rvm/gems/ruby-1.9.3-p194/gems/activesupport-3.2.8/lib/active_support/callbacks.rb:429:in `_run__206110373__setup__64032983__callbacks'
    /usr/local/rvm/gems/ruby-1.9.3-p194/gems/activesupport-3.2.8/lib/active_support/callbacks.rb:405:in `__run_callback'
    /usr/local/rvm/gems/ruby-1.9.3-p194/gems/activesupport-3.2.8/lib/active_support/callbacks.rb:385:in `_run_setup_callbacks'
    /usr/local/rvm/gems/ruby-1.9.3-p194/gems/activesupport-3.2.8/lib/active_support/callbacks.rb:81:in `run_callbacks'
    /usr/local/rvm/gems/ruby-1.9.3-p194/gems/activesupport-3.2.8/lib/active_support/testing/setup_and_teardown.rb:35:in `run'

  6) Error:
test_should_show_user(UsersControllerTest):
ActiveRecord::StatementInvalid: Could not find table 'users'
    /usr/local/rvm/gems/ruby-1.9.3-p194/gems/activerecord-3.2.8/lib/active_record/connection_adapters/sqlite_adapter.rb:472:in `table_structure'
    /usr/local/rvm/gems/ruby-1.9.3-p194/gems/activerecord-3.2.8/lib/active_record/connection_adapters/sqlite_adapter.rb:346:in `columns'
    /usr/local/rvm/gems/ruby-1.9.3-p194/gems/activerecord-3.2.8/lib/active_record/fixtures.rb:660:in `column_names'
    /usr/local/rvm/gems/ruby-1.9.3-p194/gems/activerecord-3.2.8/lib/active_record/fixtures.rb:652:in `timestamp_column_names'
    /usr/local/rvm/gems/ruby-1.9.3-p194/gems/activerecord-3.2.8/lib/active_record/fixtures.rb:585:in `block in table_rows'
    /usr/local/rvm/gems/ruby-1.9.3-p194/gems/activerecord-3.2.8/lib/active_record/fixtures.rb:579:in `each'
    /usr/local/rvm/gems/ruby-1.9.3-p194/gems/activerecord-3.2.8/lib/active_record/fixtures.rb:579:in `map'
    /usr/local/rvm/gems/ruby-1.9.3-p194/gems/activerecord-3.2.8/lib/active_record/fixtures.rb:579:in `table_rows'
    /usr/local/rvm/gems/ruby-1.9.3-p194/gems/activerecord-3.2.8/lib/active_record/fixtures.rb:494:in `block (3 levels) in create_fixtures'
    /usr/local/rvm/gems/ruby-1.9.3-p194/gems/activerecord-3.2.8/lib/active_record/fixtures.rb:492:in `each'
    /usr/local/rvm/gems/ruby-1.9.3-p194/gems/activerecord-3.2.8/lib/active_record/fixtures.rb:492:in `block (2 levels) in create_fixtures'
    /usr/local/rvm/gems/ruby-1.9.3-p194/gems/activerecord-3.2.8/lib/active_record/connection_adapters/abstract/database_statements.rb:192:in `transaction'
    /usr/local/rvm/gems/ruby-1.9.3-p194/gems/activerecord-3.2.8/lib/active_record/fixtures.rb:491:in `block in create_fixtures'
    /usr/local/rvm/gems/ruby-1.9.3-p194/gems/activerecord-3.2.8/lib/active_record/connection_adapters/abstract_adapter.rb:168:in `disable_referential_integrity'
    /usr/local/rvm/gems/ruby-1.9.3-p194/gems/activerecord-3.2.8/lib/active_record/fixtures.rb:476:in `create_fixtures'
    /usr/local/rvm/gems/ruby-1.9.3-p194/gems/activerecord-3.2.8/lib/active_record/fixtures.rb:895:in `load_fixtures'
    /usr/local/rvm/gems/ruby-1.9.3-p194/gems/activerecord-3.2.8/lib/active_record/fixtures.rb:849:in `setup_fixtures'
    /usr/local/rvm/gems/ruby-1.9.3-p194/gems/activesupport-3.2.8/lib/active_support/callbacks.rb:429:in `_run__206110373__setup__64032983__callbacks'
    /usr/local/rvm/gems/ruby-1.9.3-p194/gems/activesupport-3.2.8/lib/active_support/callbacks.rb:405:in `__run_callback'
    /usr/local/rvm/gems/ruby-1.9.3-p194/gems/activesupport-3.2.8/lib/active_support/callbacks.rb:385:in `_run_setup_callbacks'
    /usr/local/rvm/gems/ruby-1.9.3-p194/gems/activesupport-3.2.8/lib/active_support/callbacks.rb:81:in `run_callbacks'
    /usr/local/rvm/gems/ruby-1.9.3-p194/gems/activesupport-3.2.8/lib/active_support/testing/setup_and_teardown.rb:35:in `run'

  7) Error:
test_should_update_user(UsersControllerTest):
ActiveRecord::StatementInvalid: Could not find table 'users'
    /usr/local/rvm/gems/ruby-1.9.3-p194/gems/activerecord-3.2.8/lib/active_record/connection_adapters/sqlite_adapter.rb:472:in `table_structure'
    /usr/local/rvm/gems/ruby-1.9.3-p194/gems/activerecord-3.2.8/lib/active_record/connection_adapters/sqlite_adapter.rb:346:in `columns'
    /usr/local/rvm/gems/ruby-1.9.3-p194/gems/activerecord-3.2.8/lib/active_record/fixtures.rb:660:in `column_names'
    /usr/local/rvm/gems/ruby-1.9.3-p194/gems/activerecord-3.2.8/lib/active_record/fixtures.rb:652:in `timestamp_column_names'
    /usr/local/rvm/gems/ruby-1.9.3-p194/gems/activerecord-3.2.8/lib/active_record/fixtures.rb:585:in `block in table_rows'
    /usr/local/rvm/gems/ruby-1.9.3-p194/gems/activerecord-3.2.8/lib/active_record/fixtures.rb:579:in `each'
    /usr/local/rvm/gems/ruby-1.9.3-p194/gems/activerecord-3.2.8/lib/active_record/fixtures.rb:579:in `map'
    /usr/local/rvm/gems/ruby-1.9.3-p194/gems/activerecord-3.2.8/lib/active_record/fixtures.rb:579:in `table_rows'
    /usr/local/rvm/gems/ruby-1.9.3-p194/gems/activerecord-3.2.8/lib/active_record/fixtures.rb:494:in `block (3 levels) in create_fixtures'
    /usr/local/rvm/gems/ruby-1.9.3-p194/gems/activerecord-3.2.8/lib/active_record/fixtures.rb:492:in `each'
    /usr/local/rvm/gems/ruby-1.9.3-p194/gems/activerecord-3.2.8/lib/active_record/fixtures.rb:492:in `block (2 levels) in create_fixtures'
    /usr/local/rvm/gems/ruby-1.9.3-p194/gems/activerecord-3.2.8/lib/active_record/connection_adapters/abstract/database_statements.rb:192:in `transaction'
    /usr/local/rvm/gems/ruby-1.9.3-p194/gems/activerecord-3.2.8/lib/active_record/fixtures.rb:491:in `block in create_fixtures'
    /usr/local/rvm/gems/ruby-1.9.3-p194/gems/activerecord-3.2.8/lib/active_record/connection_adapters/abstract_adapter.rb:168:in `disable_referential_integrity'
    /usr/local/rvm/gems/ruby-1.9.3-p194/gems/activerecord-3.2.8/lib/active_record/fixtures.rb:476:in `create_fixtures'
    /usr/local/rvm/gems/ruby-1.9.3-p194/gems/activerecord-3.2.8/lib/active_record/fixtures.rb:895:in `load_fixtures'
    /usr/local/rvm/gems/ruby-1.9.3-p194/gems/activerecord-3.2.8/lib/active_record/fixtures.rb:849:in `setup_fixtures'
    /usr/local/rvm/gems/ruby-1.9.3-p194/gems/activesupport-3.2.8/lib/active_support/callbacks.rb:429:in `_run__206110373__setup__64032983__callbacks'
    /usr/local/rvm/gems/ruby-1.9.3-p194/gems/activesupport-3.2.8/lib/active_support/callbacks.rb:405:in `__run_callback'
    /usr/local/rvm/gems/ruby-1.9.3-p194/gems/activesupport-3.2.8/lib/active_support/callbacks.rb:385:in `_run_setup_callbacks'
    /usr/local/rvm/gems/ruby-1.9.3-p194/gems/activesupport-3.2.8/lib/active_support/callbacks.rb:81:in `run_callbacks'
    /usr/local/rvm/gems/ruby-1.9.3-p194/gems/activesupport-3.2.8/lib/active_support/testing/setup_and_teardown.rb:35:in `run'

7 tests, 0 assertions, 0 failures, 7 errors, 0 skips
Run options: -n "/^(test_should_get_contact|test_should_get_home)$/"

# Running tests:

EE

Finished tests in 0.044064s, 45.3883 tests/s, 0.0000 assertions/s.

  1) Error:
test_should_get_contact(PagesControllerTest):
ActiveRecord::StatementInvalid: Could not find table 'users'
    /usr/local/rvm/gems/ruby-1.9.3-p194/gems/activerecord-3.2.8/lib/active_record/connection_adapters/sqlite_adapter.rb:472:in `table_structure'
    /usr/local/rvm/gems/ruby-1.9.3-p194/gems/activerecord-3.2.8/lib/active_record/connection_adapters/sqlite_adapter.rb:346:in `columns'
    /usr/local/rvm/gems/ruby-1.9.3-p194/gems/activerecord-3.2.8/lib/active_record/fixtures.rb:660:in `column_names'
    /usr/local/rvm/gems/ruby-1.9.3-p194/gems/activerecord-3.2.8/lib/active_record/fixtures.rb:652:in `timestamp_column_names'
    /usr/local/rvm/gems/ruby-1.9.3-p194/gems/activerecord-3.2.8/lib/active_record/fixtures.rb:585:in `block in table_rows'
    /usr/local/rvm/gems/ruby-1.9.3-p194/gems/activerecord-3.2.8/lib/active_record/fixtures.rb:579:in `each'
    /usr/local/rvm/gems/ruby-1.9.3-p194/gems/activerecord-3.2.8/lib/active_record/fixtures.rb:579:in `map'
    /usr/local/rvm/gems/ruby-1.9.3-p194/gems/activerecord-3.2.8/lib/active_record/fixtures.rb:579:in `table_rows'
    /usr/local/rvm/gems/ruby-1.9.3-p194/gems/activerecord-3.2.8/lib/active_record/fixtures.rb:494:in `block (3 levels) in create_fixtures'
    /usr/local/rvm/gems/ruby-1.9.3-p194/gems/activerecord-3.2.8/lib/active_record/fixtures.rb:492:in `each'
    /usr/local/rvm/gems/ruby-1.9.3-p194/gems/activerecord-3.2.8/lib/active_record/fixtures.rb:492:in `block (2 levels) in create_fixtures'
    /usr/local/rvm/gems/ruby-1.9.3-p194/gems/activerecord-3.2.8/lib/active_record/connection_adapters/abstract/database_statements.rb:192:in `transaction'
    /usr/local/rvm/gems/ruby-1.9.3-p194/gems/activerecord-3.2.8/lib/active_record/fixtures.rb:491:in `block in create_fixtures'
    /usr/local/rvm/gems/ruby-1.9.3-p194/gems/activerecord-3.2.8/lib/active_record/connection_adapters/abstract_adapter.rb:168:in `disable_referential_integrity'
    /usr/local/rvm/gems/ruby-1.9.3-p194/gems/activerecord-3.2.8/lib/active_record/fixtures.rb:476:in `create_fixtures'
    /usr/local/rvm/gems/ruby-1.9.3-p194/gems/activerecord-3.2.8/lib/active_record/fixtures.rb:895:in `load_fixtures'
    /usr/local/rvm/gems/ruby-1.9.3-p194/gems/activerecord-3.2.8/lib/active_record/fixtures.rb:849:in `setup_fixtures'
    /usr/local/rvm/gems/ruby-1.9.3-p194/gems/activesupport-3.2.8/lib/active_support/callbacks.rb:429:in `_run__159756823__setup__196019690__callbacks'
    /usr/local/rvm/gems/ruby-1.9.3-p194/gems/activesupport-3.2.8/lib/active_support/callbacks.rb:405:in `__run_callback'
    /usr/local/rvm/gems/ruby-1.9.3-p194/gems/activesupport-3.2.8/lib/active_support/callbacks.rb:385:in `_run_setup_callbacks'
    /usr/local/rvm/gems/ruby-1.9.3-p194/gems/activesupport-3.2.8/lib/active_support/callbacks.rb:81:in `run_callbacks'
    /usr/local/rvm/gems/ruby-1.9.3-p194/gems/activesupport-3.2.8/lib/active_support/testing/setup_and_teardown.rb:35:in `run'

  2) Error:
test_should_get_home(PagesControllerTest):
ActiveRecord::StatementInvalid: Could not find table 'users'
    /usr/local/rvm/gems/ruby-1.9.3-p194/gems/activerecord-3.2.8/lib/active_record/connection_adapters/sqlite_adapter.rb:472:in `table_structure'
    /usr/local/rvm/gems/ruby-1.9.3-p194/gems/activerecord-3.2.8/lib/active_record/connection_adapters/sqlite_adapter.rb:346:in `columns'
    /usr/local/rvm/gems/ruby-1.9.3-p194/gems/activerecord-3.2.8/lib/active_record/fixtures.rb:660:in `column_names'
    /usr/local/rvm/gems/ruby-1.9.3-p194/gems/activerecord-3.2.8/lib/active_record/fixtures.rb:652:in `timestamp_column_names'
    /usr/local/rvm/gems/ruby-1.9.3-p194/gems/activerecord-3.2.8/lib/active_record/fixtures.rb:585:in `block in table_rows'
    /usr/local/rvm/gems/ruby-1.9.3-p194/gems/activerecord-3.2.8/lib/active_record/fixtures.rb:579:in `each'
    /usr/local/rvm/gems/ruby-1.9.3-p194/gems/activerecord-3.2.8/lib/active_record/fixtures.rb:579:in `map'
    /usr/local/rvm/gems/ruby-1.9.3-p194/gems/activerecord-3.2.8/lib/active_record/fixtures.rb:579:in `table_rows'
    /usr/local/rvm/gems/ruby-1.9.3-p194/gems/activerecord-3.2.8/lib/active_record/fixtures.rb:494:in `block (3 levels) in create_fixtures'
    /usr/local/rvm/gems/ruby-1.9.3-p194/gems/activerecord-3.2.8/lib/active_record/fixtures.rb:492:in `each'
    /usr/local/rvm/gems/ruby-1.9.3-p194/gems/activerecord-3.2.8/lib/active_record/fixtures.rb:492:in `block (2 levels) in create_fixtures'
    /usr/local/rvm/gems/ruby-1.9.3-p194/gems/activerecord-3.2.8/lib/active_record/connection_adapters/abstract/database_statements.rb:192:in `transaction'
    /usr/local/rvm/gems/ruby-1.9.3-p194/gems/activerecord-3.2.8/lib/active_record/fixtures.rb:491:in `block in create_fixtures'
    /usr/local/rvm/gems/ruby-1.9.3-p194/gems/activerecord-3.2.8/lib/active_record/connection_adapters/abstract_adapter.rb:168:in `disable_referential_integrity'
    /usr/local/rvm/gems/ruby-1.9.3-p194/gems/activerecord-3.2.8/lib/active_record/fixtures.rb:476:in `create_fixtures'
    /usr/local/rvm/gems/ruby-1.9.3-p194/gems/activerecord-3.2.8/lib/active_record/fixtures.rb:895:in `load_fixtures'
    /usr/local/rvm/gems/ruby-1.9.3-p194/gems/activerecord-3.2.8/lib/active_record/fixtures.rb:849:in `setup_fixtures'
    /usr/local/rvm/gems/ruby-1.9.3-p194/gems/activesupport-3.2.8/lib/active_support/callbacks.rb:429:in `_run__159756823__setup__196019690__callbacks'
    /usr/local/rvm/gems/ruby-1.9.3-p194/gems/activesupport-3.2.8/lib/active_support/callbacks.rb:405:in `__run_callback'
    /usr/local/rvm/gems/ruby-1.9.3-p194/gems/activesupport-3.2.8/lib/active_support/callbacks.rb:385:in `_run_setup_callbacks'
    /usr/local/rvm/gems/ruby-1.9.3-p194/gems/activesupport-3.2.8/lib/active_support/callbacks.rb:81:in `run_callbacks'
    /usr/local/rvm/gems/ruby-1.9.3-p194/gems/activesupport-3.2.8/lib/active_support/testing/setup_and_teardown.rb:35:in `run'

2 tests, 0 assertions, 0 failures, 2 errors, 0 skips
/usr/local/rvm/rubies/ruby-1.9.3-p194/bin/ruby -I.:lib:test -rubygems test/functional/microposts_controller_test.rb -n "/^(test_should_create_micropost|test_should_destroy_micropost|test_should_get_edit|test_should_get_index|test_should_get_new|test_should_show_micropost|test_should_update_micropost)$/"; /usr/local/rvm/rubies/ruby-1.9.3-p194/bin/ruby -I.:lib:test -rubygems test/functional/users_controller_test.rb -n "/^(test_should_create_user|test_should_destroy_user|test_should_get_edit|test_should_get_index|test_should_get_new|test_should_show_user|test_should_update_user)$/"; /usr/local/rvm/rubies/ruby-1.9.3-p194/bin/ruby -I.:lib:test -rubygems test/functional/pages_controller_test.rb -n "/^(test_should_get_contact|test_should_get_home)$/"
Run options: -n "/^(test_should_create_micropost|test_should_destroy_micropost|test_should_get_edit|test_should_get_index|test_should_get_new|test_should_show_micropost|test_should_update_micropost)$/"

# Running tests:

EEEEEEE

Finished tests in 0.100047s, 69.9669 tests/s, 0.0000 assertions/s.

  1) Error:
test_should_create_micropost(MicropostsControllerTest):
ActiveRecord::StatementInvalid: Could not find table 'users'
    /usr/local/rvm/gems/ruby-1.9.3-p194/gems/activerecord-3.2.8/lib/active_record/connection_adapters/sqlite_adapter.rb:472:in `table_structure'
    /usr/local/rvm/gems/ruby-1.9.3-p194/gems/activerecord-3.2.8/lib/active_record/connection_adapters/sqlite_adapter.rb:346:in `columns'
    /usr/local/rvm/gems/ruby-1.9.3-p194/gems/activerecord-3.2.8/lib/active_record/fixtures.rb:660:in `column_names'
    /usr/local/rvm/gems/ruby-1.9.3-p194/gems/activerecord-3.2.8/lib/active_record/fixtures.rb:652:in `timestamp_column_names'
    /usr/local/rvm/gems/ruby-1.9.3-p194/gems/activerecord-3.2.8/lib/active_record/fixtures.rb:585:in `block in table_rows'
    /usr/local/rvm/gems/ruby-1.9.3-p194/gems/activerecord-3.2.8/lib/active_record/fixtures.rb:579:in `each'
    /usr/local/rvm/gems/ruby-1.9.3-p194/gems/activerecord-3.2.8/lib/active_record/fixtures.rb:579:in `map'
    /usr/local/rvm/gems/ruby-1.9.3-p194/gems/activerecord-3.2.8/lib/active_record/fixtures.rb:579:in `table_rows'
    /usr/local/rvm/gems/ruby-1.9.3-p194/gems/activerecord-3.2.8/lib/active_record/fixtures.rb:494:in `block (3 levels) in create_fixtures'
    /usr/local/rvm/gems/ruby-1.9.3-p194/gems/activerecord-3.2.8/lib/active_record/fixtures.rb:492:in `each'
    /usr/local/rvm/gems/ruby-1.9.3-p194/gems/activerecord-3.2.8/lib/active_record/fixtures.rb:492:in `block (2 levels) in create_fixtures'
    /usr/local/rvm/gems/ruby-1.9.3-p194/gems/activerecord-3.2.8/lib/active_record/connection_adapters/abstract/database_statements.rb:192:in `transaction'
    /usr/local/rvm/gems/ruby-1.9.3-p194/gems/activerecord-3.2.8/lib/active_record/fixtures.rb:491:in `block in create_fixtures'
    /usr/local/rvm/gems/ruby-1.9.3-p194/gems/activerecord-3.2.8/lib/active_record/connection_adapters/abstract_adapter.rb:168:in `disable_referential_integrity'
    /usr/local/rvm/gems/ruby-1.9.3-p194/gems/activerecord-3.2.8/lib/active_record/fixtures.rb:476:in `create_fixtures'
    /usr/local/rvm/gems/ruby-1.9.3-p194/gems/activerecord-3.2.8/lib/active_record/fixtures.rb:895:in `load_fixtures'
    /usr/local/rvm/gems/ruby-1.9.3-p194/gems/activerecord-3.2.8/lib/active_record/fixtures.rb:849:in `setup_fixtures'
    /usr/local/rvm/gems/ruby-1.9.3-p194/gems/activesupport-3.2.8/lib/active_support/callbacks.rb:429:in `_run__894655696__setup__216640507__callbacks'
    /usr/local/rvm/gems/ruby-1.9.3-p194/gems/activesupport-3.2.8/lib/active_support/callbacks.rb:405:in `__run_callback'
    /usr/local/rvm/gems/ruby-1.9.3-p194/gems/activesupport-3.2.8/lib/active_support/callbacks.rb:385:in `_run_setup_callbacks'
    /usr/local/rvm/gems/ruby-1.9.3-p194/gems/activesupport-3.2.8/lib/active_support/callbacks.rb:81:in `run_callbacks'
    /usr/local/rvm/gems/ruby-1.9.3-p194/gems/activesupport-3.2.8/lib/active_support/testing/setup_and_teardown.rb:35:in `run'

  2) Error:
test_should_destroy_micropost(MicropostsControllerTest):
ActiveRecord::StatementInvalid: Could not find table 'users'
    /usr/local/rvm/gems/ruby-1.9.3-p194/gems/activerecord-3.2.8/lib/active_record/connection_adapters/sqlite_adapter.rb:472:in `table_structure'
    /usr/local/rvm/gems/ruby-1.9.3-p194/gems/activerecord-3.2.8/lib/active_record/connection_adapters/sqlite_adapter.rb:346:in `columns'
    /usr/local/rvm/gems/ruby-1.9.3-p194/gems/activerecord-3.2.8/lib/active_record/fixtures.rb:660:in `column_names'
    /usr/local/rvm/gems/ruby-1.9.3-p194/gems/activerecord-3.2.8/lib/active_record/fixtures.rb:652:in `timestamp_column_names'
    /usr/local/rvm/gems/ruby-1.9.3-p194/gems/activerecord-3.2.8/lib/active_record/fixtures.rb:585:in `block in table_rows'
    /usr/local/rvm/gems/ruby-1.9.3-p194/gems/activerecord-3.2.8/lib/active_record/fixtures.rb:579:in `each'
    /usr/local/rvm/gems/ruby-1.9.3-p194/gems/activerecord-3.2.8/lib/active_record/fixtures.rb:579:in `map'
    /usr/local/rvm/gems/ruby-1.9.3-p194/gems/activerecord-3.2.8/lib/active_record/fixtures.rb:579:in `table_rows'
    /usr/local/rvm/gems/ruby-1.9.3-p194/gems/activerecord-3.2.8/lib/active_record/fixtures.rb:494:in `block (3 levels) in create_fixtures'
    /usr/local/rvm/gems/ruby-1.9.3-p194/gems/activerecord-3.2.8/lib/active_record/fixtures.rb:492:in `each'
    /usr/local/rvm/gems/ruby-1.9.3-p194/gems/activerecord-3.2.8/lib/active_record/fixtures.rb:492:in `block (2 levels) in create_fixtures'
    /usr/local/rvm/gems/ruby-1.9.3-p194/gems/activerecord-3.2.8/lib/active_record/connection_adapters/abstract/database_statements.rb:192:in `transaction'
    /usr/local/rvm/gems/ruby-1.9.3-p194/gems/activerecord-3.2.8/lib/active_record/fixtures.rb:491:in `block in create_fixtures'
    /usr/local/rvm/gems/ruby-1.9.3-p194/gems/activerecord-3.2.8/lib/active_record/connection_adapters/abstract_adapter.rb:168:in `disable_referential_integrity'
    /usr/local/rvm/gems/ruby-1.9.3-p194/gems/activerecord-3.2.8/lib/active_record/fixtures.rb:476:in `create_fixtures'
    /usr/local/rvm/gems/ruby-1.9.3-p194/gems/activerecord-3.2.8/lib/active_record/fixtures.rb:895:in `load_fixtures'
    /usr/local/rvm/gems/ruby-1.9.3-p194/gems/activerecord-3.2.8/lib/active_record/fixtures.rb:849:in `setup_fixtures'
    /usr/local/rvm/gems/ruby-1.9.3-p194/gems/activesupport-3.2.8/lib/active_support/callbacks.rb:429:in `_run__894655696__setup__216640507__callbacks'
    /usr/local/rvm/gems/ruby-1.9.3-p194/gems/activesupport-3.2.8/lib/active_support/callbacks.rb:405:in `__run_callback'
    /usr/local/rvm/gems/ruby-1.9.3-p194/gems/activesupport-3.2.8/lib/active_support/callbacks.rb:385:in `_run_setup_callbacks'
    /usr/local/rvm/gems/ruby-1.9.3-p194/gems/activesupport-3.2.8/lib/active_support/callbacks.rb:81:in `run_callbacks'
    /usr/local/rvm/gems/ruby-1.9.3-p194/gems/activesupport-3.2.8/lib/active_support/testing/setup_and_teardown.rb:35:in `run'

  3) Error:
test_should_get_edit(MicropostsControllerTest):
ActiveRecord::StatementInvalid: Could not find table 'users'
    /usr/local/rvm/gems/ruby-1.9.3-p194/gems/activerecord-3.2.8/lib/active_record/connection_adapters/sqlite_adapter.rb:472:in `table_structure'
    /usr/local/rvm/gems/ruby-1.9.3-p194/gems/activerecord-3.2.8/lib/active_record/connection_adapters/sqlite_adapter.rb:346:in `columns'
    /usr/local/rvm/gems/ruby-1.9.3-p194/gems/activerecord-3.2.8/lib/active_record/fixtures.rb:660:in `column_names'
    /usr/local/rvm/gems/ruby-1.9.3-p194/gems/activerecord-3.2.8/lib/active_record/fixtures.rb:652:in `timestamp_column_names'
    /usr/local/rvm/gems/ruby-1.9.3-p194/gems/activerecord-3.2.8/lib/active_record/fixtures.rb:585:in `block in table_rows'
    /usr/local/rvm/gems/ruby-1.9.3-p194/gems/activerecord-3.2.8/lib/active_record/fixtures.rb:579:in `each'
    /usr/local/rvm/gems/ruby-1.9.3-p194/gems/activerecord-3.2.8/lib/active_record/fixtures.rb:579:in `map'
    /usr/local/rvm/gems/ruby-1.9.3-p194/gems/activerecord-3.2.8/lib/active_record/fixtures.rb:579:in `table_rows'
    /usr/local/rvm/gems/ruby-1.9.3-p194/gems/activerecord-3.2.8/lib/active_record/fixtures.rb:494:in `block (3 levels) in create_fixtures'
    /usr/local/rvm/gems/ruby-1.9.3-p194/gems/activerecord-3.2.8/lib/active_record/fixtures.rb:492:in `each'
    /usr/local/rvm/gems/ruby-1.9.3-p194/gems/activerecord-3.2.8/lib/active_record/fixtures.rb:492:in `block (2 levels) in create_fixtures'
    /usr/local/rvm/gems/ruby-1.9.3-p194/gems/activerecord-3.2.8/lib/active_record/connection_adapters/abstract/database_statements.rb:192:in `transaction'
    /usr/local/rvm/gems/ruby-1.9.3-p194/gems/activerecord-3.2.8/lib/active_record/fixtures.rb:491:in `block in create_fixtures'
    /usr/local/rvm/gems/ruby-1.9.3-p194/gems/activerecord-3.2.8/lib/active_record/connection_adapters/abstract_adapter.rb:168:in `disable_referential_integrity'
    /usr/local/rvm/gems/ruby-1.9.3-p194/gems/activerecord-3.2.8/lib/active_record/fixtures.rb:476:in `create_fixtures'
    /usr/local/rvm/gems/ruby-1.9.3-p194/gems/activerecord-3.2.8/lib/active_record/fixtures.rb:895:in `load_fixtures'
    /usr/local/rvm/gems/ruby-1.9.3-p194/gems/activerecord-3.2.8/lib/active_record/fixtures.rb:849:in `setup_fixtures'
    /usr/local/rvm/gems/ruby-1.9.3-p194/gems/activesupport-3.2.8/lib/active_support/callbacks.rb:429:in `_run__894655696__setup__216640507__callbacks'
    /usr/local/rvm/gems/ruby-1.9.3-p194/gems/activesupport-3.2.8/lib/active_support/callbacks.rb:405:in `__run_callback'
    /usr/local/rvm/gems/ruby-1.9.3-p194/gems/activesupport-3.2.8/lib/active_support/callbacks.rb:385:in `_run_setup_callbacks'
    /usr/local/rvm/gems/ruby-1.9.3-p194/gems/activesupport-3.2.8/lib/active_support/callbacks.rb:81:in `run_callbacks'
    /usr/local/rvm/gems/ruby-1.9.3-p194/gems/activesupport-3.2.8/lib/active_support/testing/setup_and_teardown.rb:35:in `run'

  4) Error:
test_should_get_index(MicropostsControllerTest):
ActiveRecord::StatementInvalid: Could not find table 'users'
    /usr/local/rvm/gems/ruby-1.9.3-p194/gems/activerecord-3.2.8/lib/active_record/connection_adapters/sqlite_adapter.rb:472:in `table_structure'
    /usr/local/rvm/gems/ruby-1.9.3-p194/gems/activerecord-3.2.8/lib/active_record/connection_adapters/sqlite_adapter.rb:346:in `columns'
    /usr/local/rvm/gems/ruby-1.9.3-p194/gems/activerecord-3.2.8/lib/active_record/fixtures.rb:660:in `column_names'
    /usr/local/rvm/gems/ruby-1.9.3-p194/gems/activerecord-3.2.8/lib/active_record/fixtures.rb:652:in `timestamp_column_names'
    /usr/local/rvm/gems/ruby-1.9.3-p194/gems/activerecord-3.2.8/lib/active_record/fixtures.rb:585:in `block in table_rows'
    /usr/local/rvm/gems/ruby-1.9.3-p194/gems/activerecord-3.2.8/lib/active_record/fixtures.rb:579:in `each'
    /usr/local/rvm/gems/ruby-1.9.3-p194/gems/activerecord-3.2.8/lib/active_record/fixtures.rb:579:in `map'
    /usr/local/rvm/gems/ruby-1.9.3-p194/gems/activerecord-3.2.8/lib/active_record/fixtures.rb:579:in `table_rows'
    /usr/local/rvm/gems/ruby-1.9.3-p194/gems/activerecord-3.2.8/lib/active_record/fixtures.rb:494:in `block (3 levels) in create_fixtures'
    /usr/local/rvm/gems/ruby-1.9.3-p194/gems/activerecord-3.2.8/lib/active_record/fixtures.rb:492:in `each'
    /usr/local/rvm/gems/ruby-1.9.3-p194/gems/activerecord-3.2.8/lib/active_record/fixtures.rb:492:in `block (2 levels) in create_fixtures'
    /usr/local/rvm/gems/ruby-1.9.3-p194/gems/activerecord-3.2.8/lib/active_record/connection_adapters/abstract/database_statements.rb:192:in `transaction'
    /usr/local/rvm/gems/ruby-1.9.3-p194/gems/activerecord-3.2.8/lib/active_record/fixtures.rb:491:in `block in create_fixtures'
    /usr/local/rvm/gems/ruby-1.9.3-p194/gems/activerecord-3.2.8/lib/active_record/connection_adapters/abstract_adapter.rb:168:in `disable_referential_integrity'
    /usr/local/rvm/gems/ruby-1.9.3-p194/gems/activerecord-3.2.8/lib/active_record/fixtures.rb:476:in `create_fixtures'
    /usr/local/rvm/gems/ruby-1.9.3-p194/gems/activerecord-3.2.8/lib/active_record/fixtures.rb:895:in `load_fixtures'
    /usr/local/rvm/gems/ruby-1.9.3-p194/gems/activerecord-3.2.8/lib/active_record/fixtures.rb:849:in `setup_fixtures'
    /usr/local/rvm/gems/ruby-1.9.3-p194/gems/activesupport-3.2.8/lib/active_support/callbacks.rb:429:in `_run__894655696__setup__216640507__callbacks'
    /usr/local/rvm/gems/ruby-1.9.3-p194/gems/activesupport-3.2.8/lib/active_support/callbacks.rb:405:in `__run_callback'
    /usr/local/rvm/gems/ruby-1.9.3-p194/gems/activesupport-3.2.8/lib/active_support/callbacks.rb:385:in `_run_setup_callbacks'
    /usr/local/rvm/gems/ruby-1.9.3-p194/gems/activesupport-3.2.8/lib/active_support/callbacks.rb:81:in `run_callbacks'
    /usr/local/rvm/gems/ruby-1.9.3-p194/gems/activesupport-3.2.8/lib/active_support/testing/setup_and_teardown.rb:35:in `run'

  5) Error:
test_should_get_new(MicropostsControllerTest):
ActiveRecord::StatementInvalid: Could not find table 'users'
    /usr/local/rvm/gems/ruby-1.9.3-p194/gems/activerecord-3.2.8/lib/active_record/connection_adapters/sqlite_adapter.rb:472:in `table_structure'
    /usr/local/rvm/gems/ruby-1.9.3-p194/gems/activerecord-3.2.8/lib/active_record/connection_adapters/sqlite_adapter.rb:346:in `columns'
    /usr/local/rvm/gems/ruby-1.9.3-p194/gems/activerecord-3.2.8/lib/active_record/fixtures.rb:660:in `column_names'
    /usr/local/rvm/gems/ruby-1.9.3-p194/gems/activerecord-3.2.8/lib/active_record/fixtures.rb:652:in `timestamp_column_names'
    /usr/local/rvm/gems/ruby-1.9.3-p194/gems/activerecord-3.2.8/lib/active_record/fixtures.rb:585:in `block in table_rows'
    /usr/local/rvm/gems/ruby-1.9.3-p194/gems/activerecord-3.2.8/lib/active_record/fixtures.rb:579:in `each'
    /usr/local/rvm/gems/ruby-1.9.3-p194/gems/activerecord-3.2.8/lib/active_record/fixtures.rb:579:in `map'
    /usr/local/rvm/gems/ruby-1.9.3-p194/gems/activerecord-3.2.8/lib/active_record/fixtures.rb:579:in `table_rows'
    /usr/local/rvm/gems/ruby-1.9.3-p194/gems/activerecord-3.2.8/lib/active_record/fixtures.rb:494:in `block (3 levels) in create_fixtures'
    /usr/local/rvm/gems/ruby-1.9.3-p194/gems/activerecord-3.2.8/lib/active_record/fixtures.rb:492:in `each'
    /usr/local/rvm/gems/ruby-1.9.3-p194/gems/activerecord-3.2.8/lib/active_record/fixtures.rb:492:in `block (2 levels) in create_fixtures'
    /usr/local/rvm/gems/ruby-1.9.3-p194/gems/activerecord-3.2.8/lib/active_record/connection_adapters/abstract/database_statements.rb:192:in `transaction'
    /usr/local/rvm/gems/ruby-1.9.3-p194/gems/activerecord-3.2.8/lib/active_record/fixtures.rb:491:in `block in create_fixtures'
    /usr/local/rvm/gems/ruby-1.9.3-p194/gems/activerecord-3.2.8/lib/active_record/connection_adapters/abstract_adapter.rb:168:in `disable_referential_integrity'
    /usr/local/rvm/gems/ruby-1.9.3-p194/gems/activerecord-3.2.8/lib/active_record/fixtures.rb:476:in `create_fixtures'
    /usr/local/rvm/gems/ruby-1.9.3-p194/gems/activerecord-3.2.8/lib/active_record/fixtures.rb:895:in `load_fixtures'
    /usr/local/rvm/gems/ruby-1.9.3-p194/gems/activerecord-3.2.8/lib/active_record/fixtures.rb:849:in `setup_fixtures'
    /usr/local/rvm/gems/ruby-1.9.3-p194/gems/activesupport-3.2.8/lib/active_support/callbacks.rb:429:in `_run__894655696__setup__216640507__callbacks'
    /usr/local/rvm/gems/ruby-1.9.3-p194/gems/activesupport-3.2.8/lib/active_support/callbacks.rb:405:in `__run_callback'
    /usr/local/rvm/gems/ruby-1.9.3-p194/gems/activesupport-3.2.8/lib/active_support/callbacks.rb:385:in `_run_setup_callbacks'
    /usr/local/rvm/gems/ruby-1.9.3-p194/gems/activesupport-3.2.8/lib/active_support/callbacks.rb:81:in `run_callbacks'
    /usr/local/rvm/gems/ruby-1.9.3-p194/gems/activesupport-3.2.8/lib/active_support/testing/setup_and_teardown.rb:35:in `run'

  6) Error:
test_should_show_micropost(MicropostsControllerTest):
ActiveRecord::StatementInvalid: Could not find table 'users'
    /usr/local/rvm/gems/ruby-1.9.3-p194/gems/activerecord-3.2.8/lib/active_record/connection_adapters/sqlite_adapter.rb:472:in `table_structure'
    /usr/local/rvm/gems/ruby-1.9.3-p194/gems/activerecord-3.2.8/lib/active_record/connection_adapters/sqlite_adapter.rb:346:in `columns'
    /usr/local/rvm/gems/ruby-1.9.3-p194/gems/activerecord-3.2.8/lib/active_record/fixtures.rb:660:in `column_names'
    /usr/local/rvm/gems/ruby-1.9.3-p194/gems/activerecord-3.2.8/lib/active_record/fixtures.rb:652:in `timestamp_column_names'
    /usr/local/rvm/gems/ruby-1.9.3-p194/gems/activerecord-3.2.8/lib/active_record/fixtures.rb:585:in `block in table_rows'
    /usr/local/rvm/gems/ruby-1.9.3-p194/gems/activerecord-3.2.8/lib/active_record/fixtures.rb:579:in `each'
    /usr/local/rvm/gems/ruby-1.9.3-p194/gems/activerecord-3.2.8/lib/active_record/fixtures.rb:579:in `map'
    /usr/local/rvm/gems/ruby-1.9.3-p194/gems/activerecord-3.2.8/lib/active_record/fixtures.rb:579:in `table_rows'
    /usr/local/rvm/gems/ruby-1.9.3-p194/gems/activerecord-3.2.8/lib/active_record/fixtures.rb:494:in `block (3 levels) in create_fixtures'
    /usr/local/rvm/gems/ruby-1.9.3-p194/gems/activerecord-3.2.8/lib/active_record/fixtures.rb:492:in `each'
    /usr/local/rvm/gems/ruby-1.9.3-p194/gems/activerecord-3.2.8/lib/active_record/fixtures.rb:492:in `block (2 levels) in create_fixtures'
    /usr/local/rvm/gems/ruby-1.9.3-p194/gems/activerecord-3.2.8/lib/active_record/connection_adapters/abstract/database_statements.rb:192:in `transaction'
    /usr/local/rvm/gems/ruby-1.9.3-p194/gems/activerecord-3.2.8/lib/active_record/fixtures.rb:491:in `block in create_fixtures'
    /usr/local/rvm/gems/ruby-1.9.3-p194/gems/activerecord-3.2.8/lib/active_record/connection_adapters/abstract_adapter.rb:168:in `disable_referential_integrity'
    /usr/local/rvm/gems/ruby-1.9.3-p194/gems/activerecord-3.2.8/lib/active_record/fixtures.rb:476:in `create_fixtures'
    /usr/local/rvm/gems/ruby-1.9.3-p194/gems/activerecord-3.2.8/lib/active_record/fixtures.rb:895:in `load_fixtures'
    /usr/local/rvm/gems/ruby-1.9.3-p194/gems/activerecord-3.2.8/lib/active_record/fixtures.rb:849:in `setup_fixtures'
    /usr/local/rvm/gems/ruby-1.9.3-p194/gems/activesupport-3.2.8/lib/active_support/callbacks.rb:429:in `_run__894655696__setup__216640507__callbacks'
    /usr/local/rvm/gems/ruby-1.9.3-p194/gems/activesupport-3.2.8/lib/active_support/callbacks.rb:405:in `__run_callback'
    /usr/local/rvm/gems/ruby-1.9.3-p194/gems/activesupport-3.2.8/lib/active_support/callbacks.rb:385:in `_run_setup_callbacks'
    /usr/local/rvm/gems/ruby-1.9.3-p194/gems/activesupport-3.2.8/lib/active_support/callbacks.rb:81:in `run_callbacks'
    /usr/local/rvm/gems/ruby-1.9.3-p194/gems/activesupport-3.2.8/lib/active_support/testing/setup_and_teardown.rb:35:in `run'

  7) Error:
test_should_update_micropost(MicropostsControllerTest):
ActiveRecord::StatementInvalid: Could not find table 'users'
    /usr/local/rvm/gems/ruby-1.9.3-p194/gems/activerecord-3.2.8/lib/active_record/connection_adapters/sqlite_adapter.rb:472:in `table_structure'
    /usr/local/rvm/gems/ruby-1.9.3-p194/gems/activerecord-3.2.8/lib/active_record/connection_adapters/sqlite_adapter.rb:346:in `columns'
    /usr/local/rvm/gems/ruby-1.9.3-p194/gems/activerecord-3.2.8/lib/active_record/fixtures.rb:660:in `column_names'
    /usr/local/rvm/gems/ruby-1.9.3-p194/gems/activerecord-3.2.8/lib/active_record/fixtures.rb:652:in `timestamp_column_names'
    /usr/local/rvm/gems/ruby-1.9.3-p194/gems/activerecord-3.2.8/lib/active_record/fixtures.rb:585:in `block in table_rows'
    /usr/local/rvm/gems/ruby-1.9.3-p194/gems/activerecord-3.2.8/lib/active_record/fixtures.rb:579:in `each'
    /usr/local/rvm/gems/ruby-1.9.3-p194/gems/activerecord-3.2.8/lib/active_record/fixtures.rb:579:in `map'
    /usr/local/rvm/gems/ruby-1.9.3-p194/gems/activerecord-3.2.8/lib/active_record/fixtures.rb:579:in `table_rows'
    /usr/local/rvm/gems/ruby-1.9.3-p194/gems/activerecord-3.2.8/lib/active_record/fixtures.rb:494:in `block (3 levels) in create_fixtures'
    /usr/local/rvm/gems/ruby-1.9.3-p194/gems/activerecord-3.2.8/lib/active_record/fixtures.rb:492:in `each'
    /usr/local/rvm/gems/ruby-1.9.3-p194/gems/activerecord-3.2.8/lib/active_record/fixtures.rb:492:in `block (2 levels) in create_fixtures'
    /usr/local/rvm/gems/ruby-1.9.3-p194/gems/activerecord-3.2.8/lib/active_record/connection_adapters/abstract/database_statements.rb:192:in `transaction'
    /usr/local/rvm/gems/ruby-1.9.3-p194/gems/activerecord-3.2.8/lib/active_record/fixtures.rb:491:in `block in create_fixtures'
    /usr/local/rvm/gems/ruby-1.9.3-p194/gems/activerecord-3.2.8/lib/active_record/connection_adapters/abstract_adapter.rb:168:in `disable_referential_integrity'
    /usr/local/rvm/gems/ruby-1.9.3-p194/gems/activerecord-3.2.8/lib/active_record/fixtures.rb:476:in `create_fixtures'
    /usr/local/rvm/gems/ruby-1.9.3-p194/gems/activerecord-3.2.8/lib/active_record/fixtures.rb:895:in `load_fixtures'
    /usr/local/rvm/gems/ruby-1.9.3-p194/gems/activerecord-3.2.8/lib/active_record/fixtures.rb:849:in `setup_fixtures'
    /usr/local/rvm/gems/ruby-1.9.3-p194/gems/activesupport-3.2.8/lib/active_support/callbacks.rb:429:in `_run__894655696__setup__216640507__callbacks'
    /usr/local/rvm/gems/ruby-1.9.3-p194/gems/activesupport-3.2.8/lib/active_support/callbacks.rb:405:in `__run_callback'
    /usr/local/rvm/gems/ruby-1.9.3-p194/gems/activesupport-3.2.8/lib/active_support/callbacks.rb:385:in `_run_setup_callbacks'
    /usr/local/rvm/gems/ruby-1.9.3-p194/gems/activesupport-3.2.8/lib/active_support/callbacks.rb:81:in `run_callbacks'
    /usr/local/rvm/gems/ruby-1.9.3-p194/gems/activesupport-3.2.8/lib/active_support/testing/setup_and_teardown.rb:35:in `run'

7 tests, 0 assertions, 0 failures, 7 errors, 0 skips
Run options: -n "/^(test_should_create_user|test_should_destroy_user|test_should_get_edit|test_should_get_index|test_should_get_new|test_should_show_user|test_should_update_user)$/"

# Running tests:

EEEEEEE

Finished tests in 0.145105s, 48.2410 tests/s, 0.0000 assertions/s.

  1) Error:
test_should_create_user(UsersControllerTest):
ActiveRecord::StatementInvalid: Could not find table 'users'
    /usr/local/rvm/gems/ruby-1.9.3-p194/gems/activerecord-3.2.8/lib/active_record/connection_adapters/sqlite_adapter.rb:472:in `table_structure'
    /usr/local/rvm/gems/ruby-1.9.3-p194/gems/activerecord-3.2.8/lib/active_record/connection_adapters/sqlite_adapter.rb:346:in `columns'
    /usr/local/rvm/gems/ruby-1.9.3-p194/gems/activerecord-3.2.8/lib/active_record/fixtures.rb:660:in `column_names'
    /usr/local/rvm/gems/ruby-1.9.3-p194/gems/activerecord-3.2.8/lib/active_record/fixtures.rb:652:in `timestamp_column_names'
    /usr/local/rvm/gems/ruby-1.9.3-p194/gems/activerecord-3.2.8/lib/active_record/fixtures.rb:585:in `block in table_rows'
    /usr/local/rvm/gems/ruby-1.9.3-p194/gems/activerecord-3.2.8/lib/active_record/fixtures.rb:579:in `each'
    /usr/local/rvm/gems/ruby-1.9.3-p194/gems/activerecord-3.2.8/lib/active_record/fixtures.rb:579:in `map'
    /usr/local/rvm/gems/ruby-1.9.3-p194/gems/activerecord-3.2.8/lib/active_record/fixtures.rb:579:in `table_rows'
    /usr/local/rvm/gems/ruby-1.9.3-p194/gems/activerecord-3.2.8/lib/active_record/fixtures.rb:494:in `block (3 levels) in create_fixtures'
    /usr/local/rvm/gems/ruby-1.9.3-p194/gems/activerecord-3.2.8/lib/active_record/fixtures.rb:492:in `each'
    /usr/local/rvm/gems/ruby-1.9.3-p194/gems/activerecord-3.2.8/lib/active_record/fixtures.rb:492:in `block (2 levels) in create_fixtures'
    /usr/local/rvm/gems/ruby-1.9.3-p194/gems/activerecord-3.2.8/lib/active_record/connection_adapters/abstract/database_statements.rb:192:in `transaction'
    /usr/local/rvm/gems/ruby-1.9.3-p194/gems/activerecord-3.2.8/lib/active_record/fixtures.rb:491:in `block in create_fixtures'
    /usr/local/rvm/gems/ruby-1.9.3-p194/gems/activerecord-3.2.8/lib/active_record/connection_adapters/abstract_adapter.rb:168:in `disable_referential_integrity'
    /usr/local/rvm/gems/ruby-1.9.3-p194/gems/activerecord-3.2.8/lib/active_record/fixtures.rb:476:in `create_fixtures'
    /usr/local/rvm/gems/ruby-1.9.3-p194/gems/activerecord-3.2.8/lib/active_record/fixtures.rb:895:in `load_fixtures'
    /usr/local/rvm/gems/ruby-1.9.3-p194/gems/activerecord-3.2.8/lib/active_record/fixtures.rb:849:in `setup_fixtures'
    /usr/local/rvm/gems/ruby-1.9.3-p194/gems/activesupport-3.2.8/lib/active_support/callbacks.rb:429:in `_run__277293795__setup__443891485__callbacks'
    /usr/local/rvm/gems/ruby-1.9.3-p194/gems/activesupport-3.2.8/lib/active_support/callbacks.rb:405:in `__run_callback'
    /usr/local/rvm/gems/ruby-1.9.3-p194/gems/activesupport-3.2.8/lib/active_support/callbacks.rb:385:in `_run_setup_callbacks'
    /usr/local/rvm/gems/ruby-1.9.3-p194/gems/activesupport-3.2.8/lib/active_support/callbacks.rb:81:in `run_callbacks'
    /usr/local/rvm/gems/ruby-1.9.3-p194/gems/activesupport-3.2.8/lib/active_support/testing/setup_and_teardown.rb:35:in `run'

  2) Error:
test_should_destroy_user(UsersControllerTest):
ActiveRecord::StatementInvalid: Could not find table 'users'
    /usr/local/rvm/gems/ruby-1.9.3-p194/gems/activerecord-3.2.8/lib/active_record/connection_adapters/sqlite_adapter.rb:472:in `table_structure'
    /usr/local/rvm/gems/ruby-1.9.3-p194/gems/activerecord-3.2.8/lib/active_record/connection_adapters/sqlite_adapter.rb:346:in `columns'
    /usr/local/rvm/gems/ruby-1.9.3-p194/gems/activerecord-3.2.8/lib/active_record/fixtures.rb:660:in `column_names'
    /usr/local/rvm/gems/ruby-1.9.3-p194/gems/activerecord-3.2.8/lib/active_record/fixtures.rb:652:in `timestamp_column_names'
    /usr/local/rvm/gems/ruby-1.9.3-p194/gems/activerecord-3.2.8/lib/active_record/fixtures.rb:585:in `block in table_rows'
    /usr/local/rvm/gems/ruby-1.9.3-p194/gems/activerecord-3.2.8/lib/active_record/fixtures.rb:579:in `each'
    /usr/local/rvm/gems/ruby-1.9.3-p194/gems/activerecord-3.2.8/lib/active_record/fixtures.rb:579:in `map'
    /usr/local/rvm/gems/ruby-1.9.3-p194/gems/activerecord-3.2.8/lib/active_record/fixtures.rb:579:in `table_rows'
    /usr/local/rvm/gems/ruby-1.9.3-p194/gems/activerecord-3.2.8/lib/active_record/fixtures.rb:494:in `block (3 levels) in create_fixtures'
    /usr/local/rvm/gems/ruby-1.9.3-p194/gems/activerecord-3.2.8/lib/active_record/fixtures.rb:492:in `each'
    /usr/local/rvm/gems/ruby-1.9.3-p194/gems/activerecord-3.2.8/lib/active_record/fixtures.rb:492:in `block (2 levels) in create_fixtures'
    /usr/local/rvm/gems/ruby-1.9.3-p194/gems/activerecord-3.2.8/lib/active_record/connection_adapters/abstract/database_statements.rb:192:in `transaction'
    /usr/local/rvm/gems/ruby-1.9.3-p194/gems/activerecord-3.2.8/lib/active_record/fixtures.rb:491:in `block in create_fixtures'
    /usr/local/rvm/gems/ruby-1.9.3-p194/gems/activerecord-3.2.8/lib/active_record/connection_adapters/abstract_adapter.rb:168:in `disable_referential_integrity'
    /usr/local/rvm/gems/ruby-1.9.3-p194/gems/activerecord-3.2.8/lib/active_record/fixtures.rb:476:in `create_fixtures'
    /usr/local/rvm/gems/ruby-1.9.3-p194/gems/activerecord-3.2.8/lib/active_record/fixtures.rb:895:in `load_fixtures'
    /usr/local/rvm/gems/ruby-1.9.3-p194/gems/activerecord-3.2.8/lib/active_record/fixtures.rb:849:in `setup_fixtures'
    /usr/local/rvm/gems/ruby-1.9.3-p194/gems/activesupport-3.2.8/lib/active_support/callbacks.rb:429:in `_run__277293795__setup__443891485__callbacks'
    /usr/local/rvm/gems/ruby-1.9.3-p194/gems/activesupport-3.2.8/lib/active_support/callbacks.rb:405:in `__run_callback'
    /usr/local/rvm/gems/ruby-1.9.3-p194/gems/activesupport-3.2.8/lib/active_support/callbacks.rb:385:in `_run_setup_callbacks'
    /usr/local/rvm/gems/ruby-1.9.3-p194/gems/activesupport-3.2.8/lib/active_support/callbacks.rb:81:in `run_callbacks'
    /usr/local/rvm/gems/ruby-1.9.3-p194/gems/activesupport-3.2.8/lib/active_support/testing/setup_and_teardown.rb:35:in `run'

  3) Error:
test_should_get_edit(UsersControllerTest):
ActiveRecord::StatementInvalid: Could not find table 'users'
    /usr/local/rvm/gems/ruby-1.9.3-p194/gems/activerecord-3.2.8/lib/active_record/connection_adapters/sqlite_adapter.rb:472:in `table_structure'
    /usr/local/rvm/gems/ruby-1.9.3-p194/gems/activerecord-3.2.8/lib/active_record/connection_adapters/sqlite_adapter.rb:346:in `columns'
    /usr/local/rvm/gems/ruby-1.9.3-p194/gems/activerecord-3.2.8/lib/active_record/fixtures.rb:660:in `column_names'
    /usr/local/rvm/gems/ruby-1.9.3-p194/gems/activerecord-3.2.8/lib/active_record/fixtures.rb:652:in `timestamp_column_names'
    /usr/local/rvm/gems/ruby-1.9.3-p194/gems/activerecord-3.2.8/lib/active_record/fixtures.rb:585:in `block in table_rows'
    /usr/local/rvm/gems/ruby-1.9.3-p194/gems/activerecord-3.2.8/lib/active_record/fixtures.rb:579:in `each'
    /usr/local/rvm/gems/ruby-1.9.3-p194/gems/activerecord-3.2.8/lib/active_record/fixtures.rb:579:in `map'
    /usr/local/rvm/gems/ruby-1.9.3-p194/gems/activerecord-3.2.8/lib/active_record/fixtures.rb:579:in `table_rows'
    /usr/local/rvm/gems/ruby-1.9.3-p194/gems/activerecord-3.2.8/lib/active_record/fixtures.rb:494:in `block (3 levels) in create_fixtures'
    /usr/local/rvm/gems/ruby-1.9.3-p194/gems/activerecord-3.2.8/lib/active_record/fixtures.rb:492:in `each'
    /usr/local/rvm/gems/ruby-1.9.3-p194/gems/activerecord-3.2.8/lib/active_record/fixtures.rb:492:in `block (2 levels) in create_fixtures'
    /usr/local/rvm/gems/ruby-1.9.3-p194/gems/activerecord-3.2.8/lib/active_record/connection_adapters/abstract/database_statements.rb:192:in `transaction'
    /usr/local/rvm/gems/ruby-1.9.3-p194/gems/activerecord-3.2.8/lib/active_record/fixtures.rb:491:in `block in create_fixtures'
    /usr/local/rvm/gems/ruby-1.9.3-p194/gems/activerecord-3.2.8/lib/active_record/connection_adapters/abstract_adapter.rb:168:in `disable_referential_integrity'
    /usr/local/rvm/gems/ruby-1.9.3-p194/gems/activerecord-3.2.8/lib/active_record/fixtures.rb:476:in `create_fixtures'
    /usr/local/rvm/gems/ruby-1.9.3-p194/gems/activerecord-3.2.8/lib/active_record/fixtures.rb:895:in `load_fixtures'
    /usr/local/rvm/gems/ruby-1.9.3-p194/gems/activerecord-3.2.8/lib/active_record/fixtures.rb:849:in `setup_fixtures'
    /usr/local/rvm/gems/ruby-1.9.3-p194/gems/activesupport-3.2.8/lib/active_support/callbacks.rb:429:in `_run__277293795__setup__443891485__callbacks'
    /usr/local/rvm/gems/ruby-1.9.3-p194/gems/activesupport-3.2.8/lib/active_support/callbacks.rb:405:in `__run_callback'
    /usr/local/rvm/gems/ruby-1.9.3-p194/gems/activesupport-3.2.8/lib/active_support/callbacks.rb:385:in `_run_setup_callbacks'
    /usr/local/rvm/gems/ruby-1.9.3-p194/gems/activesupport-3.2.8/lib/active_support/callbacks.rb:81:in `run_callbacks'
    /usr/local/rvm/gems/ruby-1.9.3-p194/gems/activesupport-3.2.8/lib/active_support/testing/setup_and_teardown.rb:35:in `run'

  4) Error:
test_should_get_index(UsersControllerTest):
ActiveRecord::StatementInvalid: Could not find table 'users'
    /usr/local/rvm/gems/ruby-1.9.3-p194/gems/activerecord-3.2.8/lib/active_record/connection_adapters/sqlite_adapter.rb:472:in `table_structure'
    /usr/local/rvm/gems/ruby-1.9.3-p194/gems/activerecord-3.2.8/lib/active_record/connection_adapters/sqlite_adapter.rb:346:in `columns'
    /usr/local/rvm/gems/ruby-1.9.3-p194/gems/activerecord-3.2.8/lib/active_record/fixtures.rb:660:in `column_names'
    /usr/local/rvm/gems/ruby-1.9.3-p194/gems/activerecord-3.2.8/lib/active_record/fixtures.rb:652:in `timestamp_column_names'
    /usr/local/rvm/gems/ruby-1.9.3-p194/gems/activerecord-3.2.8/lib/active_record/fixtures.rb:585:in `block in table_rows'
    /usr/local/rvm/gems/ruby-1.9.3-p194/gems/activerecord-3.2.8/lib/active_record/fixtures.rb:579:in `each'
    /usr/local/rvm/gems/ruby-1.9.3-p194/gems/activerecord-3.2.8/lib/active_record/fixtures.rb:579:in `map'
    /usr/local/rvm/gems/ruby-1.9.3-p194/gems/activerecord-3.2.8/lib/active_record/fixtures.rb:579:in `table_rows'
    /usr/local/rvm/gems/ruby-1.9.3-p194/gems/activerecord-3.2.8/lib/active_record/fixtures.rb:494:in `block (3 levels) in create_fixtures'
    /usr/local/rvm/gems/ruby-1.9.3-p194/gems/activerecord-3.2.8/lib/active_record/fixtures.rb:492:in `each'
    /usr/local/rvm/gems/ruby-1.9.3-p194/gems/activerecord-3.2.8/lib/active_record/fixtures.rb:492:in `block (2 levels) in create_fixtures'
    /usr/local/rvm/gems/ruby-1.9.3-p194/gems/activerecord-3.2.8/lib/active_record/connection_adapters/abstract/database_statements.rb:192:in `transaction'
    /usr/local/rvm/gems/ruby-1.9.3-p194/gems/activerecord-3.2.8/lib/active_record/fixtures.rb:491:in `block in create_fixtures'
    /usr/local/rvm/gems/ruby-1.9.3-p194/gems/activerecord-3.2.8/lib/active_record/connection_adapters/abstract_adapter.rb:168:in `disable_referential_integrity'
    /usr/local/rvm/gems/ruby-1.9.3-p194/gems/activerecord-3.2.8/lib/active_record/fixtures.rb:476:in `create_fixtures'
    /usr/local/rvm/gems/ruby-1.9.3-p194/gems/activerecord-3.2.8/lib/active_record/fixtures.rb:895:in `load_fixtures'
    /usr/local/rvm/gems/ruby-1.9.3-p194/gems/activerecord-3.2.8/lib/active_record/fixtures.rb:849:in `setup_fixtures'
    /usr/local/rvm/gems/ruby-1.9.3-p194/gems/activesupport-3.2.8/lib/active_support/callbacks.rb:429:in `_run__277293795__setup__443891485__callbacks'
    /usr/local/rvm/gems/ruby-1.9.3-p194/gems/activesupport-3.2.8/lib/active_support/callbacks.rb:405:in `__run_callback'
    /usr/local/rvm/gems/ruby-1.9.3-p194/gems/activesupport-3.2.8/lib/active_support/callbacks.rb:385:in `_run_setup_callbacks'
    /usr/local/rvm/gems/ruby-1.9.3-p194/gems/activesupport-3.2.8/lib/active_support/callbacks.rb:81:in `run_callbacks'
    /usr/local/rvm/gems/ruby-1.9.3-p194/gems/activesupport-3.2.8/lib/active_support/testing/setup_and_teardown.rb:35:in `run'

  5) Error:
test_should_get_new(UsersControllerTest):
ActiveRecord::StatementInvalid: Could not find table 'users'
    /usr/local/rvm/gems/ruby-1.9.3-p194/gems/activerecord-3.2.8/lib/active_record/connection_adapters/sqlite_adapter.rb:472:in `table_structure'
    /usr/local/rvm/gems/ruby-1.9.3-p194/gems/activerecord-3.2.8/lib/active_record/connection_adapters/sqlite_adapter.rb:346:in `columns'
    /usr/local/rvm/gems/ruby-1.9.3-p194/gems/activerecord-3.2.8/lib/active_record/fixtures.rb:660:in `column_names'
    /usr/local/rvm/gems/ruby-1.9.3-p194/gems/activerecord-3.2.8/lib/active_record/fixtures.rb:652:in `timestamp_column_names'
    /usr/local/rvm/gems/ruby-1.9.3-p194/gems/activerecord-3.2.8/lib/active_record/fixtures.rb:585:in `block in table_rows'
    /usr/local/rvm/gems/ruby-1.9.3-p194/gems/activerecord-3.2.8/lib/active_record/fixtures.rb:579:in `each'
    /usr/local/rvm/gems/ruby-1.9.3-p194/gems/activerecord-3.2.8/lib/active_record/fixtures.rb:579:in `map'
    /usr/local/rvm/gems/ruby-1.9.3-p194/gems/activerecord-3.2.8/lib/active_record/fixtures.rb:579:in `table_rows'
    /usr/local/rvm/gems/ruby-1.9.3-p194/gems/activerecord-3.2.8/lib/active_record/fixtures.rb:494:in `block (3 levels) in create_fixtures'
    /usr/local/rvm/gems/ruby-1.9.3-p194/gems/activerecord-3.2.8/lib/active_record/fixtures.rb:492:in `each'
    /usr/local/rvm/gems/ruby-1.9.3-p194/gems/activerecord-3.2.8/lib/active_record/fixtures.rb:492:in `block (2 levels) in create_fixtures'
    /usr/local/rvm/gems/ruby-1.9.3-p194/gems/activerecord-3.2.8/lib/active_record/connection_adapters/abstract/database_statements.rb:192:in `transaction'
    /usr/local/rvm/gems/ruby-1.9.3-p194/gems/activerecord-3.2.8/lib/active_record/fixtures.rb:491:in `block in create_fixtures'
    /usr/local/rvm/gems/ruby-1.9.3-p194/gems/activerecord-3.2.8/lib/active_record/connection_adapters/abstract_adapter.rb:168:in `disable_referential_integrity'
    /usr/local/rvm/gems/ruby-1.9.3-p194/gems/activerecord-3.2.8/lib/active_record/fixtures.rb:476:in `create_fixtures'
    /usr/local/rvm/gems/ruby-1.9.3-p194/gems/activerecord-3.2.8/lib/active_record/fixtures.rb:895:in `load_fixtures'
    /usr/local/rvm/gems/ruby-1.9.3-p194/gems/activerecord-3.2.8/lib/active_record/fixtures.rb:849:in `setup_fixtures'
    /usr/local/rvm/gems/ruby-1.9.3-p194/gems/activesupport-3.2.8/lib/active_support/callbacks.rb:429:in `_run__277293795__setup__443891485__callbacks'
    /usr/local/rvm/gems/ruby-1.9.3-p194/gems/activesupport-3.2.8/lib/active_support/callbacks.rb:405:in `__run_callback'
    /usr/local/rvm/gems/ruby-1.9.3-p194/gems/activesupport-3.2.8/lib/active_support/callbacks.rb:385:in `_run_setup_callbacks'
    /usr/local/rvm/gems/ruby-1.9.3-p194/gems/activesupport-3.2.8/lib/active_support/callbacks.rb:81:in `run_callbacks'
    /usr/local/rvm/gems/ruby-1.9.3-p194/gems/activesupport-3.2.8/lib/active_support/testing/setup_and_teardown.rb:35:in `run'

  6) Error:
test_should_show_user(UsersControllerTest):
ActiveRecord::StatementInvalid: Could not find table 'users'
    /usr/local/rvm/gems/ruby-1.9.3-p194/gems/activerecord-3.2.8/lib/active_record/connection_adapters/sqlite_adapter.rb:472:in `table_structure'
    /usr/local/rvm/gems/ruby-1.9.3-p194/gems/activerecord-3.2.8/lib/active_record/connection_adapters/sqlite_adapter.rb:346:in `columns'
    /usr/local/rvm/gems/ruby-1.9.3-p194/gems/activerecord-3.2.8/lib/active_record/fixtures.rb:660:in `column_names'
    /usr/local/rvm/gems/ruby-1.9.3-p194/gems/activerecord-3.2.8/lib/active_record/fixtures.rb:652:in `timestamp_column_names'
    /usr/local/rvm/gems/ruby-1.9.3-p194/gems/activerecord-3.2.8/lib/active_record/fixtures.rb:585:in `block in table_rows'
    /usr/local/rvm/gems/ruby-1.9.3-p194/gems/activerecord-3.2.8/lib/active_record/fixtures.rb:579:in `each'
    /usr/local/rvm/gems/ruby-1.9.3-p194/gems/activerecord-3.2.8/lib/active_record/fixtures.rb:579:in `map'
    /usr/local/rvm/gems/ruby-1.9.3-p194/gems/activerecord-3.2.8/lib/active_record/fixtures.rb:579:in `table_rows'
    /usr/local/rvm/gems/ruby-1.9.3-p194/gems/activerecord-3.2.8/lib/active_record/fixtures.rb:494:in `block (3 levels) in create_fixtures'
    /usr/local/rvm/gems/ruby-1.9.3-p194/gems/activerecord-3.2.8/lib/active_record/fixtures.rb:492:in `each'
    /usr/local/rvm/gems/ruby-1.9.3-p194/gems/activerecord-3.2.8/lib/active_record/fixtures.rb:492:in `block (2 levels) in create_fixtures'
    /usr/local/rvm/gems/ruby-1.9.3-p194/gems/activerecord-3.2.8/lib/active_record/connection_adapters/abstract/database_statements.rb:192:in `transaction'
    /usr/local/rvm/gems/ruby-1.9.3-p194/gems/activerecord-3.2.8/lib/active_record/fixtures.rb:491:in `block in create_fixtures'
    /usr/local/rvm/gems/ruby-1.9.3-p194/gems/activerecord-3.2.8/lib/active_record/connection_adapters/abstract_adapter.rb:168:in `disable_referential_integrity'
    /usr/local/rvm/gems/ruby-1.9.3-p194/gems/activerecord-3.2.8/lib/active_record/fixtures.rb:476:in `create_fixtures'
    /usr/local/rvm/gems/ruby-1.9.3-p194/gems/activerecord-3.2.8/lib/active_record/fixtures.rb:895:in `load_fixtures'
    /usr/local/rvm/gems/ruby-1.9.3-p194/gems/activerecord-3.2.8/lib/active_record/fixtures.rb:849:in `setup_fixtures'
    /usr/local/rvm/gems/ruby-1.9.3-p194/gems/activesupport-3.2.8/lib/active_support/callbacks.rb:429:in `_run__277293795__setup__443891485__callbacks'
    /usr/local/rvm/gems/ruby-1.9.3-p194/gems/activesupport-3.2.8/lib/active_support/callbacks.rb:405:in `__run_callback'
    /usr/local/rvm/gems/ruby-1.9.3-p194/gems/activesupport-3.2.8/lib/active_support/callbacks.rb:385:in `_run_setup_callbacks'
    /usr/local/rvm/gems/ruby-1.9.3-p194/gems/activesupport-3.2.8/lib/active_support/callbacks.rb:81:in `run_callbacks'
    /usr/local/rvm/gems/ruby-1.9.3-p194/gems/activesupport-3.2.8/lib/active_support/testing/setup_and_teardown.rb:35:in `run'

  7) Error:
test_should_update_user(UsersControllerTest):
ActiveRecord::StatementInvalid: Could not find table 'users'
    /usr/local/rvm/gems/ruby-1.9.3-p194/gems/activerecord-3.2.8/lib/active_record/connection_adapters/sqlite_adapter.rb:472:in `table_structure'
    /usr/local/rvm/gems/ruby-1.9.3-p194/gems/activerecord-3.2.8/lib/active_record/connection_adapters/sqlite_adapter.rb:346:in `columns'
    /usr/local/rvm/gems/ruby-1.9.3-p194/gems/activerecord-3.2.8/lib/active_record/fixtures.rb:660:in `column_names'
    /usr/local/rvm/gems/ruby-1.9.3-p194/gems/activerecord-3.2.8/lib/active_record/fixtures.rb:652:in `timestamp_column_names'
    /usr/local/rvm/gems/ruby-1.9.3-p194/gems/activerecord-3.2.8/lib/active_record/fixtures.rb:585:in `block in table_rows'
    /usr/local/rvm/gems/ruby-1.9.3-p194/gems/activerecord-3.2.8/lib/active_record/fixtures.rb:579:in `each'
    /usr/local/rvm/gems/ruby-1.9.3-p194/gems/activerecord-3.2.8/lib/active_record/fixtures.rb:579:in `map'
    /usr/local/rvm/gems/ruby-1.9.3-p194/gems/activerecord-3.2.8/lib/active_record/fixtures.rb:579:in `table_rows'
    /usr/local/rvm/gems/ruby-1.9.3-p194/gems/activerecord-3.2.8/lib/active_record/fixtures.rb:494:in `block (3 levels) in create_fixtures'
    /usr/local/rvm/gems/ruby-1.9.3-p194/gems/activerecord-3.2.8/lib/active_record/fixtures.rb:492:in `each'
    /usr/local/rvm/gems/ruby-1.9.3-p194/gems/activerecord-3.2.8/lib/active_record/fixtures.rb:492:in `block (2 levels) in create_fixtures'
    /usr/local/rvm/gems/ruby-1.9.3-p194/gems/activerecord-3.2.8/lib/active_record/connection_adapters/abstract/database_statements.rb:192:in `transaction'
    /usr/local/rvm/gems/ruby-1.9.3-p194/gems/activerecord-3.2.8/lib/active_record/fixtures.rb:491:in `block in create_fixtures'
    /usr/local/rvm/gems/ruby-1.9.3-p194/gems/activerecord-3.2.8/lib/active_record/connection_adapters/abstract_adapter.rb:168:in `disable_referential_integrity'
    /usr/local/rvm/gems/ruby-1.9.3-p194/gems/activerecord-3.2.8/lib/active_record/fixtures.rb:476:in `create_fixtures'
    /usr/local/rvm/gems/ruby-1.9.3-p194/gems/activerecord-3.2.8/lib/active_record/fixtures.rb:895:in `load_fixtures'
    /usr/local/rvm/gems/ruby-1.9.3-p194/gems/activerecord-3.2.8/lib/active_record/fixtures.rb:849:in `setup_fixtures'
    /usr/local/rvm/gems/ruby-1.9.3-p194/gems/activesupport-3.2.8/lib/active_support/callbacks.rb:429:in `_run__277293795__setup__443891485__callbacks'
    /usr/local/rvm/gems/ruby-1.9.3-p194/gems/activesupport-3.2.8/lib/active_support/callbacks.rb:405:in `__run_callback'
    /usr/local/rvm/gems/ruby-1.9.3-p194/gems/activesupport-3.2.8/lib/active_support/callbacks.rb:385:in `_run_setup_callbacks'
    /usr/local/rvm/gems/ruby-1.9.3-p194/gems/activesupport-3.2.8/lib/active_support/callbacks.rb:81:in `run_callbacks'
    /usr/local/rvm/gems/ruby-1.9.3-p194/gems/activesupport-3.2.8/lib/active_support/testing/setup_and_teardown.rb:35:in `run'

7 tests, 0 assertions, 0 failures, 7 errors, 0 skips
Run options: -n "/^(test_should_get_contact|test_should_get_home)$/"

# Running tests:

EE

Finished tests in 0.047692s, 41.9359 tests/s, 0.0000 assertions/s.

  1) Error:
test_should_get_contact(PagesControllerTest):
ActiveRecord::StatementInvalid: Could not find table 'users'
    /usr/local/rvm/gems/ruby-1.9.3-p194/gems/activerecord-3.2.8/lib/active_record/connection_adapters/sqlite_adapter.rb:472:in `table_structure'
    /usr/local/rvm/gems/ruby-1.9.3-p194/gems/activerecord-3.2.8/lib/active_record/connection_adapters/sqlite_adapter.rb:346:in `columns'
    /usr/local/rvm/gems/ruby-1.9.3-p194/gems/activerecord-3.2.8/lib/active_record/fixtures.rb:660:in `column_names'
    /usr/local/rvm/gems/ruby-1.9.3-p194/gems/activerecord-3.2.8/lib/active_record/fixtures.rb:652:in `timestamp_column_names'
    /usr/local/rvm/gems/ruby-1.9.3-p194/gems/activerecord-3.2.8/lib/active_record/fixtures.rb:585:in `block in table_rows'
    /usr/local/rvm/gems/ruby-1.9.3-p194/gems/activerecord-3.2.8/lib/active_record/fixtures.rb:579:in `each'
    /usr/local/rvm/gems/ruby-1.9.3-p194/gems/activerecord-3.2.8/lib/active_record/fixtures.rb:579:in `map'
    /usr/local/rvm/gems/ruby-1.9.3-p194/gems/activerecord-3.2.8/lib/active_record/fixtures.rb:579:in `table_rows'
    /usr/local/rvm/gems/ruby-1.9.3-p194/gems/activerecord-3.2.8/lib/active_record/fixtures.rb:494:in `block (3 levels) in create_fixtures'
    /usr/local/rvm/gems/ruby-1.9.3-p194/gems/activerecord-3.2.8/lib/active_record/fixtures.rb:492:in `each'
    /usr/local/rvm/gems/ruby-1.9.3-p194/gems/activerecord-3.2.8/lib/active_record/fixtures.rb:492:in `block (2 levels) in create_fixtures'
    /usr/local/rvm/gems/ruby-1.9.3-p194/gems/activerecord-3.2.8/lib/active_record/connection_adapters/abstract/database_statements.rb:192:in `transaction'
    /usr/local/rvm/gems/ruby-1.9.3-p194/gems/activerecord-3.2.8/lib/active_record/fixtures.rb:491:in `block in create_fixtures'
    /usr/local/rvm/gems/ruby-1.9.3-p194/gems/activerecord-3.2.8/lib/active_record/connection_adapters/abstract_adapter.rb:168:in `disable_referential_integrity'
    /usr/local/rvm/gems/ruby-1.9.3-p194/gems/activerecord-3.2.8/lib/active_record/fixtures.rb:476:in `create_fixtures'
    /usr/local/rvm/gems/ruby-1.9.3-p194/gems/activerecord-3.2.8/lib/active_record/fixtures.rb:895:in `load_fixtures'
    /usr/local/rvm/gems/ruby-1.9.3-p194/gems/activerecord-3.2.8/lib/active_record/fixtures.rb:849:in `setup_fixtures'
    /usr/local/rvm/gems/ruby-1.9.3-p194/gems/activesupport-3.2.8/lib/active_support/callbacks.rb:429:in `_run__228242950__setup__749928984__callbacks'
    /usr/local/rvm/gems/ruby-1.9.3-p194/gems/activesupport-3.2.8/lib/active_support/callbacks.rb:405:in `__run_callback'
    /usr/local/rvm/gems/ruby-1.9.3-p194/gems/activesupport-3.2.8/lib/active_support/callbacks.rb:385:in `_run_setup_callbacks'
    /usr/local/rvm/gems/ruby-1.9.3-p194/gems/activesupport-3.2.8/lib/active_support/callbacks.rb:81:in `run_callbacks'
    /usr/local/rvm/gems/ruby-1.9.3-p194/gems/activesupport-3.2.8/lib/active_support/testing/setup_and_teardown.rb:35:in `run'

  2) Error:
test_should_get_home(PagesControllerTest):
ActiveRecord::StatementInvalid: Could not find table 'users'
    /usr/local/rvm/gems/ruby-1.9.3-p194/gems/activerecord-3.2.8/lib/active_record/connection_adapters/sqlite_adapter.rb:472:in `table_structure'
    /usr/local/rvm/gems/ruby-1.9.3-p194/gems/activerecord-3.2.8/lib/active_record/connection_adapters/sqlite_adapter.rb:346:in `columns'
    /usr/local/rvm/gems/ruby-1.9.3-p194/gems/activerecord-3.2.8/lib/active_record/fixtures.rb:660:in `column_names'
    /usr/local/rvm/gems/ruby-1.9.3-p194/gems/activerecord-3.2.8/lib/active_record/fixtures.rb:652:in `timestamp_column_names'
    /usr/local/rvm/gems/ruby-1.9.3-p194/gems/activerecord-3.2.8/lib/active_record/fixtures.rb:585:in `block in table_rows'
    /usr/local/rvm/gems/ruby-1.9.3-p194/gems/activerecord-3.2.8/lib/active_record/fixtures.rb:579:in `each'
    /usr/local/rvm/gems/ruby-1.9.3-p194/gems/activerecord-3.2.8/lib/active_record/fixtures.rb:579:in `map'
    /usr/local/rvm/gems/ruby-1.9.3-p194/gems/activerecord-3.2.8/lib/active_record/fixtures.rb:579:in `table_rows'
    /usr/local/rvm/gems/ruby-1.9.3-p194/gems/activerecord-3.2.8/lib/active_record/fixtures.rb:494:in `block (3 levels) in create_fixtures'
    /usr/local/rvm/gems/ruby-1.9.3-p194/gems/activerecord-3.2.8/lib/active_record/fixtures.rb:492:in `each'
    /usr/local/rvm/gems/ruby-1.9.3-p194/gems/activerecord-3.2.8/lib/active_record/fixtures.rb:492:in `block (2 levels) in create_fixtures'
    /usr/local/rvm/gems/ruby-1.9.3-p194/gems/activerecord-3.2.8/lib/active_record/connection_adapters/abstract/database_statements.rb:192:in `transaction'
    /usr/local/rvm/gems/ruby-1.9.3-p194/gems/activerecord-3.2.8/lib/active_record/fixtures.rb:491:in `block in create_fixtures'
    /usr/local/rvm/gems/ruby-1.9.3-p194/gems/activerecord-3.2.8/lib/active_record/connection_adapters/abstract_adapter.rb:168:in `disable_referential_integrity'
    /usr/local/rvm/gems/ruby-1.9.3-p194/gems/activerecord-3.2.8/lib/active_record/fixtures.rb:476:in `create_fixtures'
    /usr/local/rvm/gems/ruby-1.9.3-p194/gems/activerecord-3.2.8/lib/active_record/fixtures.rb:895:in `load_fixtures'
    /usr/local/rvm/gems/ruby-1.9.3-p194/gems/activerecord-3.2.8/lib/active_record/fixtures.rb:849:in `setup_fixtures'
    /usr/local/rvm/gems/ruby-1.9.3-p194/gems/activesupport-3.2.8/lib/active_support/callbacks.rb:429:in `_run__228242950__setup__749928984__callbacks'
    /usr/local/rvm/gems/ruby-1.9.3-p194/gems/activesupport-3.2.8/lib/active_support/callbacks.rb:405:in `__run_callback'
    /usr/local/rvm/gems/ruby-1.9.3-p194/gems/activesupport-3.2.8/lib/active_support/callbacks.rb:385:in `_run_setup_callbacks'
    /usr/local/rvm/gems/ruby-1.9.3-p194/gems/activesupport-3.2.8/lib/active_support/callbacks.rb:81:in `run_callbacks'
    /usr/local/rvm/gems/ruby-1.9.3-p194/gems/activesupport-3.2.8/lib/active_support/testing/setup_and_teardown.rb:35:in `run'

2 tests, 0 assertions, 0 failures, 2 errors, 0 skips
/usr/local/rvm/rubies/ruby-1.9.3-p194/bin/ruby -I.:lib:test -rubygems test/functional/pages_controller_test.rb -n "/^(test_should_get_contact|test_should_get_home)$/"; /usr/local/rvm/rubies/ruby-1.9.3-p194/bin/ruby -I.:lib:test -rubygems test/functional/users_controller_test.rb -n "/^(test_should_create_user|test_should_destroy_user|test_should_get_edit|test_should_get_index|test_should_get_new|test_should_show_user|test_should_update_user)$/"; /usr/local/rvm/rubies/ruby-1.9.3-p194/bin/ruby -I.:lib:test -rubygems test/functional/microposts_controller_test.rb -n "/^(test_should_create_micropost|test_should_destroy_micropost|test_should_get_edit|test_should_get_index|test_should_get_new|test_should_show_micropost|test_should_update_micropost)$/"
Run options: -n "/^(test_should_get_contact|test_should_get_home)$/"

# Running tests:

EE

Finished tests in 0.050920s, 39.2774 tests/s, 0.0000 assertions/s.

  1) Error:
test_should_get_contact(PagesControllerTest):
ActiveRecord::StatementInvalid: Could not find table 'users'
    /usr/local/rvm/gems/ruby-1.9.3-p194/gems/activerecord-3.2.8/lib/active_record/connection_adapters/sqlite_adapter.rb:472:in `table_structure'
    /usr/local/rvm/gems/ruby-1.9.3-p194/gems/activerecord-3.2.8/lib/active_record/connection_adapters/sqlite_adapter.rb:346:in `columns'
    /usr/local/rvm/gems/ruby-1.9.3-p194/gems/activerecord-3.2.8/lib/active_record/fixtures.rb:660:in `column_names'
    /usr/local/rvm/gems/ruby-1.9.3-p194/gems/activerecord-3.2.8/lib/active_record/fixtures.rb:652:in `timestamp_column_names'
    /usr/local/rvm/gems/ruby-1.9.3-p194/gems/activerecord-3.2.8/lib/active_record/fixtures.rb:585:in `block in table_rows'
    /usr/local/rvm/gems/ruby-1.9.3-p194/gems/activerecord-3.2.8/lib/active_record/fixtures.rb:579:in `each'
    /usr/local/rvm/gems/ruby-1.9.3-p194/gems/activerecord-3.2.8/lib/active_record/fixtures.rb:579:in `map'
    /usr/local/rvm/gems/ruby-1.9.3-p194/gems/activerecord-3.2.8/lib/active_record/fixtures.rb:579:in `table_rows'
    /usr/local/rvm/gems/ruby-1.9.3-p194/gems/activerecord-3.2.8/lib/active_record/fixtures.rb:494:in `block (3 levels) in create_fixtures'
    /usr/local/rvm/gems/ruby-1.9.3-p194/gems/activerecord-3.2.8/lib/active_record/fixtures.rb:492:in `each'
    /usr/local/rvm/gems/ruby-1.9.3-p194/gems/activerecord-3.2.8/lib/active_record/fixtures.rb:492:in `block (2 levels) in create_fixtures'
    /usr/local/rvm/gems/ruby-1.9.3-p194/gems/activerecord-3.2.8/lib/active_record/connection_adapters/abstract/database_statements.rb:192:in `transaction'
    /usr/local/rvm/gems/ruby-1.9.3-p194/gems/activerecord-3.2.8/lib/active_record/fixtures.rb:491:in `block in create_fixtures'
    /usr/local/rvm/gems/ruby-1.9.3-p194/gems/activerecord-3.2.8/lib/active_record/connection_adapters/abstract_adapter.rb:168:in `disable_referential_integrity'
    /usr/local/rvm/gems/ruby-1.9.3-p194/gems/activerecord-3.2.8/lib/active_record/fixtures.rb:476:in `create_fixtures'
    /usr/local/rvm/gems/ruby-1.9.3-p194/gems/activerecord-3.2.8/lib/active_record/fixtures.rb:895:in `load_fixtures'
    /usr/local/rvm/gems/ruby-1.9.3-p194/gems/activerecord-3.2.8/lib/active_record/fixtures.rb:849:in `setup_fixtures'
    /usr/local/rvm/gems/ruby-1.9.3-p194/gems/activesupport-3.2.8/lib/active_support/callbacks.rb:429:in `_run__401592562__setup__853098136__callbacks'
    /usr/local/rvm/gems/ruby-1.9.3-p194/gems/activesupport-3.2.8/lib/active_support/callbacks.rb:405:in `__run_callback'
    /usr/local/rvm/gems/ruby-1.9.3-p194/gems/activesupport-3.2.8/lib/active_support/callbacks.rb:385:in `_run_setup_callbacks'
    /usr/local/rvm/gems/ruby-1.9.3-p194/gems/activesupport-3.2.8/lib/active_support/callbacks.rb:81:in `run_callbacks'
    /usr/local/rvm/gems/ruby-1.9.3-p194/gems/activesupport-3.2.8/lib/active_support/testing/setup_and_teardown.rb:35:in `run'

  2) Error:
test_should_get_home(PagesControllerTest):
ActiveRecord::StatementInvalid: Could not find table 'users'
    /usr/local/rvm/gems/ruby-1.9.3-p194/gems/activerecord-3.2.8/lib/active_record/connection_adapters/sqlite_adapter.rb:472:in `table_structure'
    /usr/local/rvm/gems/ruby-1.9.3-p194/gems/activerecord-3.2.8/lib/active_record/connection_adapters/sqlite_adapter.rb:346:in `columns'
    /usr/local/rvm/gems/ruby-1.9.3-p194/gems/activerecord-3.2.8/lib/active_record/fixtures.rb:660:in `column_names'
    /usr/local/rvm/gems/ruby-1.9.3-p194/gems/activerecord-3.2.8/lib/active_record/fixtures.rb:652:in `timestamp_column_names'
    /usr/local/rvm/gems/ruby-1.9.3-p194/gems/activerecord-3.2.8/lib/active_record/fixtures.rb:585:in `block in table_rows'
    /usr/local/rvm/gems/ruby-1.9.3-p194/gems/activerecord-3.2.8/lib/active_record/fixtures.rb:579:in `each'
    /usr/local/rvm/gems/ruby-1.9.3-p194/gems/activerecord-3.2.8/lib/active_record/fixtures.rb:579:in `map'
    /usr/local/rvm/gems/ruby-1.9.3-p194/gems/activerecord-3.2.8/lib/active_record/fixtures.rb:579:in `table_rows'
    /usr/local/rvm/gems/ruby-1.9.3-p194/gems/activerecord-3.2.8/lib/active_record/fixtures.rb:494:in `block (3 levels) in create_fixtures'
    /usr/local/rvm/gems/ruby-1.9.3-p194/gems/activerecord-3.2.8/lib/active_record/fixtures.rb:492:in `each'
    /usr/local/rvm/gems/ruby-1.9.3-p194/gems/activerecord-3.2.8/lib/active_record/fixtures.rb:492:in `block (2 levels) in create_fixtures'
    /usr/local/rvm/gems/ruby-1.9.3-p194/gems/activerecord-3.2.8/lib/active_record/connection_adapters/abstract/database_statements.rb:192:in `transaction'
    /usr/local/rvm/gems/ruby-1.9.3-p194/gems/activerecord-3.2.8/lib/active_record/fixtures.rb:491:in `block in create_fixtures'
    /usr/local/rvm/gems/ruby-1.9.3-p194/gems/activerecord-3.2.8/lib/active_record/connection_adapters/abstract_adapter.rb:168:in `disable_referential_integrity'
    /usr/local/rvm/gems/ruby-1.9.3-p194/gems/activerecord-3.2.8/lib/active_record/fixtures.rb:476:in `create_fixtures'
    /usr/local/rvm/gems/ruby-1.9.3-p194/gems/activerecord-3.2.8/lib/active_record/fixtures.rb:895:in `load_fixtures'
    /usr/local/rvm/gems/ruby-1.9.3-p194/gems/activerecord-3.2.8/lib/active_record/fixtures.rb:849:in `setup_fixtures'
    /usr/local/rvm/gems/ruby-1.9.3-p194/gems/activesupport-3.2.8/lib/active_support/callbacks.rb:429:in `_run__401592562__setup__853098136__callbacks'
    /usr/local/rvm/gems/ruby-1.9.3-p194/gems/activesupport-3.2.8/lib/active_support/callbacks.rb:405:in `__run_callback'
    /usr/local/rvm/gems/ruby-1.9.3-p194/gems/activesupport-3.2.8/lib/active_support/callbacks.rb:385:in `_run_setup_callbacks'
    /usr/local/rvm/gems/ruby-1.9.3-p194/gems/activesupport-3.2.8/lib/active_support/callbacks.rb:81:in `run_callbacks'
    /usr/local/rvm/gems/ruby-1.9.3-p194/gems/activesupport-3.2.8/lib/active_support/testing/setup_and_teardown.rb:35:in `run'

2 tests, 0 assertions, 0 failures, 2 errors, 0 skips
Run options: -n "/^(test_should_create_user|test_should_destroy_user|test_should_get_edit|test_should_get_index|test_should_get_new|test_should_show_user|test_should_update_user)$/"

# Running tests:

EEEEEEE

Finished tests in 0.096026s, 72.8970 tests/s, 0.0000 assertions/s.

  1) Error:
test_should_create_user(UsersControllerTest):
ActiveRecord::StatementInvalid: Could not find table 'users'
    /usr/local/rvm/gems/ruby-1.9.3-p194/gems/activerecord-3.2.8/lib/active_record/connection_adapters/sqlite_adapter.rb:472:in `table_structure'
    /usr/local/rvm/gems/ruby-1.9.3-p194/gems/activerecord-3.2.8/lib/active_record/connection_adapters/sqlite_adapter.rb:346:in `columns'
    /usr/local/rvm/gems/ruby-1.9.3-p194/gems/activerecord-3.2.8/lib/active_record/fixtures.rb:660:in `column_names'
    /usr/local/rvm/gems/ruby-1.9.3-p194/gems/activerecord-3.2.8/lib/active_record/fixtures.rb:652:in `timestamp_column_names'
    /usr/local/rvm/gems/ruby-1.9.3-p194/gems/activerecord-3.2.8/lib/active_record/fixtures.rb:585:in `block in table_rows'
    /usr/local/rvm/gems/ruby-1.9.3-p194/gems/activerecord-3.2.8/lib/active_record/fixtures.rb:579:in `each'
    /usr/local/rvm/gems/ruby-1.9.3-p194/gems/activerecord-3.2.8/lib/active_record/fixtures.rb:579:in `map'
    /usr/local/rvm/gems/ruby-1.9.3-p194/gems/activerecord-3.2.8/lib/active_record/fixtures.rb:579:in `table_rows'
    /usr/local/rvm/gems/ruby-1.9.3-p194/gems/activerecord-3.2.8/lib/active_record/fixtures.rb:494:in `block (3 levels) in create_fixtures'
    /usr/local/rvm/gems/ruby-1.9.3-p194/gems/activerecord-3.2.8/lib/active_record/fixtures.rb:492:in `each'
    /usr/local/rvm/gems/ruby-1.9.3-p194/gems/activerecord-3.2.8/lib/active_record/fixtures.rb:492:in `block (2 levels) in create_fixtures'
    /usr/local/rvm/gems/ruby-1.9.3-p194/gems/activerecord-3.2.8/lib/active_record/connection_adapters/abstract/database_statements.rb:192:in `transaction'
    /usr/local/rvm/gems/ruby-1.9.3-p194/gems/activerecord-3.2.8/lib/active_record/fixtures.rb:491:in `block in create_fixtures'
    /usr/local/rvm/gems/ruby-1.9.3-p194/gems/activerecord-3.2.8/lib/active_record/connection_adapters/abstract_adapter.rb:168:in `disable_referential_integrity'
    /usr/local/rvm/gems/ruby-1.9.3-p194/gems/activerecord-3.2.8/lib/active_record/fixtures.rb:476:in `create_fixtures'
    /usr/local/rvm/gems/ruby-1.9.3-p194/gems/activerecord-3.2.8/lib/active_record/fixtures.rb:895:in `load_fixtures'
    /usr/local/rvm/gems/ruby-1.9.3-p194/gems/activerecord-3.2.8/lib/active_record/fixtures.rb:849:in `setup_fixtures'
    /usr/local/rvm/gems/ruby-1.9.3-p194/gems/activesupport-3.2.8/lib/active_support/callbacks.rb:429:in `_run__483907837__setup__47564874__callbacks'
    /usr/local/rvm/gems/ruby-1.9.3-p194/gems/activesupport-3.2.8/lib/active_support/callbacks.rb:405:in `__run_callback'
    /usr/local/rvm/gems/ruby-1.9.3-p194/gems/activesupport-3.2.8/lib/active_support/callbacks.rb:385:in `_run_setup_callbacks'
    /usr/local/rvm/gems/ruby-1.9.3-p194/gems/activesupport-3.2.8/lib/active_support/callbacks.rb:81:in `run_callbacks'
    /usr/local/rvm/gems/ruby-1.9.3-p194/gems/activesupport-3.2.8/lib/active_support/testing/setup_and_teardown.rb:35:in `run'

  2) Error:
test_should_destroy_user(UsersControllerTest):
ActiveRecord::StatementInvalid: Could not find table 'users'
    /usr/local/rvm/gems/ruby-1.9.3-p194/gems/activerecord-3.2.8/lib/active_record/connection_adapters/sqlite_adapter.rb:472:in `table_structure'
    /usr/local/rvm/gems/ruby-1.9.3-p194/gems/activerecord-3.2.8/lib/active_record/connection_adapters/sqlite_adapter.rb:346:in `columns'
    /usr/local/rvm/gems/ruby-1.9.3-p194/gems/activerecord-3.2.8/lib/active_record/fixtures.rb:660:in `column_names'
    /usr/local/rvm/gems/ruby-1.9.3-p194/gems/activerecord-3.2.8/lib/active_record/fixtures.rb:652:in `timestamp_column_names'
    /usr/local/rvm/gems/ruby-1.9.3-p194/gems/activerecord-3.2.8/lib/active_record/fixtures.rb:585:in `block in table_rows'
    /usr/local/rvm/gems/ruby-1.9.3-p194/gems/activerecord-3.2.8/lib/active_record/fixtures.rb:579:in `each'
    /usr/local/rvm/gems/ruby-1.9.3-p194/gems/activerecord-3.2.8/lib/active_record/fixtures.rb:579:in `map'
    /usr/local/rvm/gems/ruby-1.9.3-p194/gems/activerecord-3.2.8/lib/active_record/fixtures.rb:579:in `table_rows'
    /usr/local/rvm/gems/ruby-1.9.3-p194/gems/activerecord-3.2.8/lib/active_record/fixtures.rb:494:in `block (3 levels) in create_fixtures'
    /usr/local/rvm/gems/ruby-1.9.3-p194/gems/activerecord-3.2.8/lib/active_record/fixtures.rb:492:in `each'
    /usr/local/rvm/gems/ruby-1.9.3-p194/gems/activerecord-3.2.8/lib/active_record/fixtures.rb:492:in `block (2 levels) in create_fixtures'
    /usr/local/rvm/gems/ruby-1.9.3-p194/gems/activerecord-3.2.8/lib/active_record/connection_adapters/abstract/database_statements.rb:192:in `transaction'
    /usr/local/rvm/gems/ruby-1.9.3-p194/gems/activerecord-3.2.8/lib/active_record/fixtures.rb:491:in `block in create_fixtures'
    /usr/local/rvm/gems/ruby-1.9.3-p194/gems/activerecord-3.2.8/lib/active_record/connection_adapters/abstract_adapter.rb:168:in `disable_referential_integrity'
    /usr/local/rvm/gems/ruby-1.9.3-p194/gems/activerecord-3.2.8/lib/active_record/fixtures.rb:476:in `create_fixtures'
    /usr/local/rvm/gems/ruby-1.9.3-p194/gems/activerecord-3.2.8/lib/active_record/fixtures.rb:895:in `load_fixtures'
    /usr/local/rvm/gems/ruby-1.9.3-p194/gems/activerecord-3.2.8/lib/active_record/fixtures.rb:849:in `setup_fixtures'
    /usr/local/rvm/gems/ruby-1.9.3-p194/gems/activesupport-3.2.8/lib/active_support/callbacks.rb:429:in `_run__483907837__setup__47564874__callbacks'
    /usr/local/rvm/gems/ruby-1.9.3-p194/gems/activesupport-3.2.8/lib/active_support/callbacks.rb:405:in `__run_callback'
    /usr/local/rvm/gems/ruby-1.9.3-p194/gems/activesupport-3.2.8/lib/active_support/callbacks.rb:385:in `_run_setup_callbacks'
    /usr/local/rvm/gems/ruby-1.9.3-p194/gems/activesupport-3.2.8/lib/active_support/callbacks.rb:81:in `run_callbacks'
    /usr/local/rvm/gems/ruby-1.9.3-p194/gems/activesupport-3.2.8/lib/active_support/testing/setup_and_teardown.rb:35:in `run'

  3) Error:
test_should_get_edit(UsersControllerTest):
ActiveRecord::StatementInvalid: Could not find table 'users'
    /usr/local/rvm/gems/ruby-1.9.3-p194/gems/activerecord-3.2.8/lib/active_record/connection_adapters/sqlite_adapter.rb:472:in `table_structure'
    /usr/local/rvm/gems/ruby-1.9.3-p194/gems/activerecord-3.2.8/lib/active_record/connection_adapters/sqlite_adapter.rb:346:in `columns'
    /usr/local/rvm/gems/ruby-1.9.3-p194/gems/activerecord-3.2.8/lib/active_record/fixtures.rb:660:in `column_names'
    /usr/local/rvm/gems/ruby-1.9.3-p194/gems/activerecord-3.2.8/lib/active_record/fixtures.rb:652:in `timestamp_column_names'
    /usr/local/rvm/gems/ruby-1.9.3-p194/gems/activerecord-3.2.8/lib/active_record/fixtures.rb:585:in `block in table_rows'
    /usr/local/rvm/gems/ruby-1.9.3-p194/gems/activerecord-3.2.8/lib/active_record/fixtures.rb:579:in `each'
    /usr/local/rvm/gems/ruby-1.9.3-p194/gems/activerecord-3.2.8/lib/active_record/fixtures.rb:579:in `map'
    /usr/local/rvm/gems/ruby-1.9.3-p194/gems/activerecord-3.2.8/lib/active_record/fixtures.rb:579:in `table_rows'
    /usr/local/rvm/gems/ruby-1.9.3-p194/gems/activerecord-3.2.8/lib/active_record/fixtures.rb:494:in `block (3 levels) in create_fixtures'
    /usr/local/rvm/gems/ruby-1.9.3-p194/gems/activerecord-3.2.8/lib/active_record/fixtures.rb:492:in `each'
    /usr/local/rvm/gems/ruby-1.9.3-p194/gems/activerecord-3.2.8/lib/active_record/fixtures.rb:492:in `block (2 levels) in create_fixtures'
    /usr/local/rvm/gems/ruby-1.9.3-p194/gems/activerecord-3.2.8/lib/active_record/connection_adapters/abstract/database_statements.rb:192:in `transaction'
    /usr/local/rvm/gems/ruby-1.9.3-p194/gems/activerecord-3.2.8/lib/active_record/fixtures.rb:491:in `block in create_fixtures'
    /usr/local/rvm/gems/ruby-1.9.3-p194/gems/activerecord-3.2.8/lib/active_record/connection_adapters/abstract_adapter.rb:168:in `disable_referential_integrity'
    /usr/local/rvm/gems/ruby-1.9.3-p194/gems/activerecord-3.2.8/lib/active_record/fixtures.rb:476:in `create_fixtures'
    /usr/local/rvm/gems/ruby-1.9.3-p194/gems/activerecord-3.2.8/lib/active_record/fixtures.rb:895:in `load_fixtures'
    /usr/local/rvm/gems/ruby-1.9.3-p194/gems/activerecord-3.2.8/lib/active_record/fixtures.rb:849:in `setup_fixtures'
    /usr/local/rvm/gems/ruby-1.9.3-p194/gems/activesupport-3.2.8/lib/active_support/callbacks.rb:429:in `_run__483907837__setup__47564874__callbacks'
    /usr/local/rvm/gems/ruby-1.9.3-p194/gems/activesupport-3.2.8/lib/active_support/callbacks.rb:405:in `__run_callback'
    /usr/local/rvm/gems/ruby-1.9.3-p194/gems/activesupport-3.2.8/lib/active_support/callbacks.rb:385:in `_run_setup_callbacks'
    /usr/local/rvm/gems/ruby-1.9.3-p194/gems/activesupport-3.2.8/lib/active_support/callbacks.rb:81:in `run_callbacks'
    /usr/local/rvm/gems/ruby-1.9.3-p194/gems/activesupport-3.2.8/lib/active_support/testing/setup_and_teardown.rb:35:in `run'

  4) Error:
test_should_get_index(UsersControllerTest):
ActiveRecord::StatementInvalid: Could not find table 'users'
    /usr/local/rvm/gems/ruby-1.9.3-p194/gems/activerecord-3.2.8/lib/active_record/connection_adapters/sqlite_adapter.rb:472:in `table_structure'
    /usr/local/rvm/gems/ruby-1.9.3-p194/gems/activerecord-3.2.8/lib/active_record/connection_adapters/sqlite_adapter.rb:346:in `columns'
    /usr/local/rvm/gems/ruby-1.9.3-p194/gems/activerecord-3.2.8/lib/active_record/fixtures.rb:660:in `column_names'
    /usr/local/rvm/gems/ruby-1.9.3-p194/gems/activerecord-3.2.8/lib/active_record/fixtures.rb:652:in `timestamp_column_names'
    /usr/local/rvm/gems/ruby-1.9.3-p194/gems/activerecord-3.2.8/lib/active_record/fixtures.rb:585:in `block in table_rows'
    /usr/local/rvm/gems/ruby-1.9.3-p194/gems/activerecord-3.2.8/lib/active_record/fixtures.rb:579:in `each'
    /usr/local/rvm/gems/ruby-1.9.3-p194/gems/activerecord-3.2.8/lib/active_record/fixtures.rb:579:in `map'
    /usr/local/rvm/gems/ruby-1.9.3-p194/gems/activerecord-3.2.8/lib/active_record/fixtures.rb:579:in `table_rows'
    /usr/local/rvm/gems/ruby-1.9.3-p194/gems/activerecord-3.2.8/lib/active_record/fixtures.rb:494:in `block (3 levels) in create_fixtures'
    /usr/local/rvm/gems/ruby-1.9.3-p194/gems/activerecord-3.2.8/lib/active_record/fixtures.rb:492:in `each'
    /usr/local/rvm/gems/ruby-1.9.3-p194/gems/activerecord-3.2.8/lib/active_record/fixtures.rb:492:in `block (2 levels) in create_fixtures'
    /usr/local/rvm/gems/ruby-1.9.3-p194/gems/activerecord-3.2.8/lib/active_record/connection_adapters/abstract/database_statements.rb:192:in `transaction'
    /usr/local/rvm/gems/ruby-1.9.3-p194/gems/activerecord-3.2.8/lib/active_record/fixtures.rb:491:in `block in create_fixtures'
    /usr/local/rvm/gems/ruby-1.9.3-p194/gems/activerecord-3.2.8/lib/active_record/connection_adapters/abstract_adapter.rb:168:in `disable_referential_integrity'
    /usr/local/rvm/gems/ruby-1.9.3-p194/gems/activerecord-3.2.8/lib/active_record/fixtures.rb:476:in `create_fixtures'
    /usr/local/rvm/gems/ruby-1.9.3-p194/gems/activerecord-3.2.8/lib/active_record/fixtures.rb:895:in `load_fixtures'
    /usr/local/rvm/gems/ruby-1.9.3-p194/gems/activerecord-3.2.8/lib/active_record/fixtures.rb:849:in `setup_fixtures'
    /usr/local/rvm/gems/ruby-1.9.3-p194/gems/activesupport-3.2.8/lib/active_support/callbacks.rb:429:in `_run__483907837__setup__47564874__callbacks'
    /usr/local/rvm/gems/ruby-1.9.3-p194/gems/activesupport-3.2.8/lib/active_support/callbacks.rb:405:in `__run_callback'
    /usr/local/rvm/gems/ruby-1.9.3-p194/gems/activesupport-3.2.8/lib/active_support/callbacks.rb:385:in `_run_setup_callbacks'
    /usr/local/rvm/gems/ruby-1.9.3-p194/gems/activesupport-3.2.8/lib/active_support/callbacks.rb:81:in `run_callbacks'
    /usr/local/rvm/gems/ruby-1.9.3-p194/gems/activesupport-3.2.8/lib/active_support/testing/setup_and_teardown.rb:35:in `run'

  5) Error:
test_should_get_new(UsersControllerTest):
ActiveRecord::StatementInvalid: Could not find table 'users'
    /usr/local/rvm/gems/ruby-1.9.3-p194/gems/activerecord-3.2.8/lib/active_record/connection_adapters/sqlite_adapter.rb:472:in `table_structure'
    /usr/local/rvm/gems/ruby-1.9.3-p194/gems/activerecord-3.2.8/lib/active_record/connection_adapters/sqlite_adapter.rb:346:in `columns'
    /usr/local/rvm/gems/ruby-1.9.3-p194/gems/activerecord-3.2.8/lib/active_record/fixtures.rb:660:in `column_names'
    /usr/local/rvm/gems/ruby-1.9.3-p194/gems/activerecord-3.2.8/lib/active_record/fixtures.rb:652:in `timestamp_column_names'
    /usr/local/rvm/gems/ruby-1.9.3-p194/gems/activerecord-3.2.8/lib/active_record/fixtures.rb:585:in `block in table_rows'
    /usr/local/rvm/gems/ruby-1.9.3-p194/gems/activerecord-3.2.8/lib/active_record/fixtures.rb:579:in `each'
    /usr/local/rvm/gems/ruby-1.9.3-p194/gems/activerecord-3.2.8/lib/active_record/fixtures.rb:579:in `map'
    /usr/local/rvm/gems/ruby-1.9.3-p194/gems/activerecord-3.2.8/lib/active_record/fixtures.rb:579:in `table_rows'
    /usr/local/rvm/gems/ruby-1.9.3-p194/gems/activerecord-3.2.8/lib/active_record/fixtures.rb:494:in `block (3 levels) in create_fixtures'
    /usr/local/rvm/gems/ruby-1.9.3-p194/gems/activerecord-3.2.8/lib/active_record/fixtures.rb:492:in `each'
    /usr/local/rvm/gems/ruby-1.9.3-p194/gems/activerecord-3.2.8/lib/active_record/fixtures.rb:492:in `block (2 levels) in create_fixtures'
    /usr/local/rvm/gems/ruby-1.9.3-p194/gems/activerecord-3.2.8/lib/active_record/connection_adapters/abstract/database_statements.rb:192:in `transaction'
    /usr/local/rvm/gems/ruby-1.9.3-p194/gems/activerecord-3.2.8/lib/active_record/fixtures.rb:491:in `block in create_fixtures'
    /usr/local/rvm/gems/ruby-1.9.3-p194/gems/activerecord-3.2.8/lib/active_record/connection_adapters/abstract_adapter.rb:168:in `disable_referential_integrity'
    /usr/local/rvm/gems/ruby-1.9.3-p194/gems/activerecord-3.2.8/lib/active_record/fixtures.rb:476:in `create_fixtures'
    /usr/local/rvm/gems/ruby-1.9.3-p194/gems/activerecord-3.2.8/lib/active_record/fixtures.rb:895:in `load_fixtures'
    /usr/local/rvm/gems/ruby-1.9.3-p194/gems/activerecord-3.2.8/lib/active_record/fixtures.rb:849:in `setup_fixtures'
    /usr/local/rvm/gems/ruby-1.9.3-p194/gems/activesupport-3.2.8/lib/active_support/callbacks.rb:429:in `_run__483907837__setup__47564874__callbacks'
    /usr/local/rvm/gems/ruby-1.9.3-p194/gems/activesupport-3.2.8/lib/active_support/callbacks.rb:405:in `__run_callback'
    /usr/local/rvm/gems/ruby-1.9.3-p194/gems/activesupport-3.2.8/lib/active_support/callbacks.rb:385:in `_run_setup_callbacks'
    /usr/local/rvm/gems/ruby-1.9.3-p194/gems/activesupport-3.2.8/lib/active_support/callbacks.rb:81:in `run_callbacks'
    /usr/local/rvm/gems/ruby-1.9.3-p194/gems/activesupport-3.2.8/lib/active_support/testing/setup_and_teardown.rb:35:in `run'

  6) Error:
test_should_show_user(UsersControllerTest):
ActiveRecord::StatementInvalid: Could not find table 'users'
    /usr/local/rvm/gems/ruby-1.9.3-p194/gems/activerecord-3.2.8/lib/active_record/connection_adapters/sqlite_adapter.rb:472:in `table_structure'
    /usr/local/rvm/gems/ruby-1.9.3-p194/gems/activerecord-3.2.8/lib/active_record/connection_adapters/sqlite_adapter.rb:346:in `columns'
    /usr/local/rvm/gems/ruby-1.9.3-p194/gems/activerecord-3.2.8/lib/active_record/fixtures.rb:660:in `column_names'
    /usr/local/rvm/gems/ruby-1.9.3-p194/gems/activerecord-3.2.8/lib/active_record/fixtures.rb:652:in `timestamp_column_names'
    /usr/local/rvm/gems/ruby-1.9.3-p194/gems/activerecord-3.2.8/lib/active_record/fixtures.rb:585:in `block in table_rows'
    /usr/local/rvm/gems/ruby-1.9.3-p194/gems/activerecord-3.2.8/lib/active_record/fixtures.rb:579:in `each'
    /usr/local/rvm/gems/ruby-1.9.3-p194/gems/activerecord-3.2.8/lib/active_record/fixtures.rb:579:in `map'
    /usr/local/rvm/gems/ruby-1.9.3-p194/gems/activerecord-3.2.8/lib/active_record/fixtures.rb:579:in `table_rows'
    /usr/local/rvm/gems/ruby-1.9.3-p194/gems/activerecord-3.2.8/lib/active_record/fixtures.rb:494:in `block (3 levels) in create_fixtures'
    /usr/local/rvm/gems/ruby-1.9.3-p194/gems/activerecord-3.2.8/lib/active_record/fixtures.rb:492:in `each'
    /usr/local/rvm/gems/ruby-1.9.3-p194/gems/activerecord-3.2.8/lib/active_record/fixtures.rb:492:in `block (2 levels) in create_fixtures'
    /usr/local/rvm/gems/ruby-1.9.3-p194/gems/activerecord-3.2.8/lib/active_record/connection_adapters/abstract/database_statements.rb:192:in `transaction'
    /usr/local/rvm/gems/ruby-1.9.3-p194/gems/activerecord-3.2.8/lib/active_record/fixtures.rb:491:in `block in create_fixtures'
    /usr/local/rvm/gems/ruby-1.9.3-p194/gems/activerecord-3.2.8/lib/active_record/connection_adapters/abstract_adapter.rb:168:in `disable_referential_integrity'
    /usr/local/rvm/gems/ruby-1.9.3-p194/gems/activerecord-3.2.8/lib/active_record/fixtures.rb:476:in `create_fixtures'
    /usr/local/rvm/gems/ruby-1.9.3-p194/gems/activerecord-3.2.8/lib/active_record/fixtures.rb:895:in `load_fixtures'
    /usr/local/rvm/gems/ruby-1.9.3-p194/gems/activerecord-3.2.8/lib/active_record/fixtures.rb:849:in `setup_fixtures'
    /usr/local/rvm/gems/ruby-1.9.3-p194/gems/activesupport-3.2.8/lib/active_support/callbacks.rb:429:in `_run__483907837__setup__47564874__callbacks'
    /usr/local/rvm/gems/ruby-1.9.3-p194/gems/activesupport-3.2.8/lib/active_support/callbacks.rb:405:in `__run_callback'
    /usr/local/rvm/gems/ruby-1.9.3-p194/gems/activesupport-3.2.8/lib/active_support/callbacks.rb:385:in `_run_setup_callbacks'
    /usr/local/rvm/gems/ruby-1.9.3-p194/gems/activesupport-3.2.8/lib/active_support/callbacks.rb:81:in `run_callbacks'
    /usr/local/rvm/gems/ruby-1.9.3-p194/gems/activesupport-3.2.8/lib/active_support/testing/setup_and_teardown.rb:35:in `run'

  7) Error:
test_should_update_user(UsersControllerTest):
ActiveRecord::StatementInvalid: Could not find table 'users'
    /usr/local/rvm/gems/ruby-1.9.3-p194/gems/activerecord-3.2.8/lib/active_record/connection_adapters/sqlite_adapter.rb:472:in `table_structure'
    /usr/local/rvm/gems/ruby-1.9.3-p194/gems/activerecord-3.2.8/lib/active_record/connection_adapters/sqlite_adapter.rb:346:in `columns'
    /usr/local/rvm/gems/ruby-1.9.3-p194/gems/activerecord-3.2.8/lib/active_record/fixtures.rb:660:in `column_names'
    /usr/local/rvm/gems/ruby-1.9.3-p194/gems/activerecord-3.2.8/lib/active_record/fixtures.rb:652:in `timestamp_column_names'
    /usr/local/rvm/gems/ruby-1.9.3-p194/gems/activerecord-3.2.8/lib/active_record/fixtures.rb:585:in `block in table_rows'
    /usr/local/rvm/gems/ruby-1.9.3-p194/gems/activerecord-3.2.8/lib/active_record/fixtures.rb:579:in `each'
    /usr/local/rvm/gems/ruby-1.9.3-p194/gems/activerecord-3.2.8/lib/active_record/fixtures.rb:579:in `map'
    /usr/local/rvm/gems/ruby-1.9.3-p194/gems/activerecord-3.2.8/lib/active_record/fixtures.rb:579:in `table_rows'
    /usr/local/rvm/gems/ruby-1.9.3-p194/gems/activerecord-3.2.8/lib/active_record/fixtures.rb:494:in `block (3 levels) in create_fixtures'
    /usr/local/rvm/gems/ruby-1.9.3-p194/gems/activerecord-3.2.8/lib/active_record/fixtures.rb:492:in `each'
    /usr/local/rvm/gems/ruby-1.9.3-p194/gems/activerecord-3.2.8/lib/active_record/fixtures.rb:492:in `block (2 levels) in create_fixtures'
    /usr/local/rvm/gems/ruby-1.9.3-p194/gems/activerecord-3.2.8/lib/active_record/connection_adapters/abstract/database_statements.rb:192:in `transaction'
    /usr/local/rvm/gems/ruby-1.9.3-p194/gems/activerecord-3.2.8/lib/active_record/fixtures.rb:491:in `block in create_fixtures'
    /usr/local/rvm/gems/ruby-1.9.3-p194/gems/activerecord-3.2.8/lib/active_record/connection_adapters/abstract_adapter.rb:168:in `disable_referential_integrity'
    /usr/local/rvm/gems/ruby-1.9.3-p194/gems/activerecord-3.2.8/lib/active_record/fixtures.rb:476:in `create_fixtures'
    /usr/local/rvm/gems/ruby-1.9.3-p194/gems/activerecord-3.2.8/lib/active_record/fixtures.rb:895:in `load_fixtures'
    /usr/local/rvm/gems/ruby-1.9.3-p194/gems/activerecord-3.2.8/lib/active_record/fixtures.rb:849:in `setup_fixtures'
    /usr/local/rvm/gems/ruby-1.9.3-p194/gems/activesupport-3.2.8/lib/active_support/callbacks.rb:429:in `_run__483907837__setup__47564874__callbacks'
    /usr/local/rvm/gems/ruby-1.9.3-p194/gems/activesupport-3.2.8/lib/active_support/callbacks.rb:405:in `__run_callback'
    /usr/local/rvm/gems/ruby-1.9.3-p194/gems/activesupport-3.2.8/lib/active_support/callbacks.rb:385:in `_run_setup_callbacks'
    /usr/local/rvm/gems/ruby-1.9.3-p194/gems/activesupport-3.2.8/lib/active_support/callbacks.rb:81:in `run_callbacks'
    /usr/local/rvm/gems/ruby-1.9.3-p194/gems/activesupport-3.2.8/lib/active_support/testing/setup_and_teardown.rb:35:in `run'

7 tests, 0 assertions, 0 failures, 7 errors, 0 skips
Run options: -n "/^(test_should_create_micropost|test_should_destroy_micropost|test_should_get_edit|test_should_get_index|test_should_get_new|test_should_show_micropost|test_should_update_micropost)$/"

# Running tests:

EEEEEEE

Finished tests in 0.102205s, 68.4895 tests/s, 0.0000 assertions/s.

  1) Error:
test_should_create_micropost(MicropostsControllerTest):
ActiveRecord::StatementInvalid: Could not find table 'users'
    /usr/local/rvm/gems/ruby-1.9.3-p194/gems/activerecord-3.2.8/lib/active_record/connection_adapters/sqlite_adapter.rb:472:in `table_structure'
    /usr/local/rvm/gems/ruby-1.9.3-p194/gems/activerecord-3.2.8/lib/active_record/connection_adapters/sqlite_adapter.rb:346:in `columns'
    /usr/local/rvm/gems/ruby-1.9.3-p194/gems/activerecord-3.2.8/lib/active_record/fixtures.rb:660:in `column_names'
    /usr/local/rvm/gems/ruby-1.9.3-p194/gems/activerecord-3.2.8/lib/active_record/fixtures.rb:652:in `timestamp_column_names'
    /usr/local/rvm/gems/ruby-1.9.3-p194/gems/activerecord-3.2.8/lib/active_record/fixtures.rb:585:in `block in table_rows'
    /usr/local/rvm/gems/ruby-1.9.3-p194/gems/activerecord-3.2.8/lib/active_record/fixtures.rb:579:in `each'
    /usr/local/rvm/gems/ruby-1.9.3-p194/gems/activerecord-3.2.8/lib/active_record/fixtures.rb:579:in `map'
    /usr/local/rvm/gems/ruby-1.9.3-p194/gems/activerecord-3.2.8/lib/active_record/fixtures.rb:579:in `table_rows'
    /usr/local/rvm/gems/ruby-1.9.3-p194/gems/activerecord-3.2.8/lib/active_record/fixtures.rb:494:in `block (3 levels) in create_fixtures'
    /usr/local/rvm/gems/ruby-1.9.3-p194/gems/activerecord-3.2.8/lib/active_record/fixtures.rb:492:in `each'
    /usr/local/rvm/gems/ruby-1.9.3-p194/gems/activerecord-3.2.8/lib/active_record/fixtures.rb:492:in `block (2 levels) in create_fixtures'
    /usr/local/rvm/gems/ruby-1.9.3-p194/gems/activerecord-3.2.8/lib/active_record/connection_adapters/abstract/database_statements.rb:192:in `transaction'
    /usr/local/rvm/gems/ruby-1.9.3-p194/gems/activerecord-3.2.8/lib/active_record/fixtures.rb:491:in `block in create_fixtures'
    /usr/local/rvm/gems/ruby-1.9.3-p194/gems/activerecord-3.2.8/lib/active_record/connection_adapters/abstract_adapter.rb:168:in `disable_referential_integrity'
    /usr/local/rvm/gems/ruby-1.9.3-p194/gems/activerecord-3.2.8/lib/active_record/fixtures.rb:476:in `create_fixtures'
    /usr/local/rvm/gems/ruby-1.9.3-p194/gems/activerecord-3.2.8/lib/active_record/fixtures.rb:895:in `load_fixtures'
    /usr/local/rvm/gems/ruby-1.9.3-p194/gems/activerecord-3.2.8/lib/active_record/fixtures.rb:849:in `setup_fixtures'
    /usr/local/rvm/gems/ruby-1.9.3-p194/gems/activesupport-3.2.8/lib/active_support/callbacks.rb:429:in `_run__679853297__setup__496586898__callbacks'
    /usr/local/rvm/gems/ruby-1.9.3-p194/gems/activesupport-3.2.8/lib/active_support/callbacks.rb:405:in `__run_callback'
    /usr/local/rvm/gems/ruby-1.9.3-p194/gems/activesupport-3.2.8/lib/active_support/callbacks.rb:385:in `_run_setup_callbacks'
    /usr/local/rvm/gems/ruby-1.9.3-p194/gems/activesupport-3.2.8/lib/active_support/callbacks.rb:81:in `run_callbacks'
    /usr/local/rvm/gems/ruby-1.9.3-p194/gems/activesupport-3.2.8/lib/active_support/testing/setup_and_teardown.rb:35:in `run'

  2) Error:
test_should_destroy_micropost(MicropostsControllerTest):
ActiveRecord::StatementInvalid: Could not find table 'users'
    /usr/local/rvm/gems/ruby-1.9.3-p194/gems/activerecord-3.2.8/lib/active_record/connection_adapters/sqlite_adapter.rb:472:in `table_structure'
    /usr/local/rvm/gems/ruby-1.9.3-p194/gems/activerecord-3.2.8/lib/active_record/connection_adapters/sqlite_adapter.rb:346:in `columns'
    /usr/local/rvm/gems/ruby-1.9.3-p194/gems/activerecord-3.2.8/lib/active_record/fixtures.rb:660:in `column_names'
    /usr/local/rvm/gems/ruby-1.9.3-p194/gems/activerecord-3.2.8/lib/active_record/fixtures.rb:652:in `timestamp_column_names'
    /usr/local/rvm/gems/ruby-1.9.3-p194/gems/activerecord-3.2.8/lib/active_record/fixtures.rb:585:in `block in table_rows'
    /usr/local/rvm/gems/ruby-1.9.3-p194/gems/activerecord-3.2.8/lib/active_record/fixtures.rb:579:in `each'
    /usr/local/rvm/gems/ruby-1.9.3-p194/gems/activerecord-3.2.8/lib/active_record/fixtures.rb:579:in `map'
    /usr/local/rvm/gems/ruby-1.9.3-p194/gems/activerecord-3.2.8/lib/active_record/fixtures.rb:579:in `table_rows'
    /usr/local/rvm/gems/ruby-1.9.3-p194/gems/activerecord-3.2.8/lib/active_record/fixtures.rb:494:in `block (3 levels) in create_fixtures'
    /usr/local/rvm/gems/ruby-1.9.3-p194/gems/activerecord-3.2.8/lib/active_record/fixtures.rb:492:in `each'
    /usr/local/rvm/gems/ruby-1.9.3-p194/gems/activerecord-3.2.8/lib/active_record/fixtures.rb:492:in `block (2 levels) in create_fixtures'
    /usr/local/rvm/gems/ruby-1.9.3-p194/gems/activerecord-3.2.8/lib/active_record/connection_adapters/abstract/database_statements.rb:192:in `transaction'
    /usr/local/rvm/gems/ruby-1.9.3-p194/gems/activerecord-3.2.8/lib/active_record/fixtures.rb:491:in `block in create_fixtures'
    /usr/local/rvm/gems/ruby-1.9.3-p194/gems/activerecord-3.2.8/lib/active_record/connection_adapters/abstract_adapter.rb:168:in `disable_referential_integrity'
    /usr/local/rvm/gems/ruby-1.9.3-p194/gems/activerecord-3.2.8/lib/active_record/fixtures.rb:476:in `create_fixtures'
    /usr/local/rvm/gems/ruby-1.9.3-p194/gems/activerecord-3.2.8/lib/active_record/fixtures.rb:895:in `load_fixtures'
    /usr/local/rvm/gems/ruby-1.9.3-p194/gems/activerecord-3.2.8/lib/active_record/fixtures.rb:849:in `setup_fixtures'
    /usr/local/rvm/gems/ruby-1.9.3-p194/gems/activesupport-3.2.8/lib/active_support/callbacks.rb:429:in `_run__679853297__setup__496586898__callbacks'
    /usr/local/rvm/gems/ruby-1.9.3-p194/gems/activesupport-3.2.8/lib/active_support/callbacks.rb:405:in `__run_callback'
    /usr/local/rvm/gems/ruby-1.9.3-p194/gems/activesupport-3.2.8/lib/active_support/callbacks.rb:385:in `_run_setup_callbacks'
    /usr/local/rvm/gems/ruby-1.9.3-p194/gems/activesupport-3.2.8/lib/active_support/callbacks.rb:81:in `run_callbacks'
    /usr/local/rvm/gems/ruby-1.9.3-p194/gems/activesupport-3.2.8/lib/active_support/testing/setup_and_teardown.rb:35:in `run'

  3) Error:
test_should_get_edit(MicropostsControllerTest):
ActiveRecord::StatementInvalid: Could not find table 'users'
    /usr/local/rvm/gems/ruby-1.9.3-p194/gems/activerecord-3.2.8/lib/active_record/connection_adapters/sqlite_adapter.rb:472:in `table_structure'
    /usr/local/rvm/gems/ruby-1.9.3-p194/gems/activerecord-3.2.8/lib/active_record/connection_adapters/sqlite_adapter.rb:346:in `columns'
    /usr/local/rvm/gems/ruby-1.9.3-p194/gems/activerecord-3.2.8/lib/active_record/fixtures.rb:660:in `column_names'
    /usr/local/rvm/gems/ruby-1.9.3-p194/gems/activerecord-3.2.8/lib/active_record/fixtures.rb:652:in `timestamp_column_names'
    /usr/local/rvm/gems/ruby-1.9.3-p194/gems/activerecord-3.2.8/lib/active_record/fixtures.rb:585:in `block in table_rows'
    /usr/local/rvm/gems/ruby-1.9.3-p194/gems/activerecord-3.2.8/lib/active_record/fixtures.rb:579:in `each'
    /usr/local/rvm/gems/ruby-1.9.3-p194/gems/activerecord-3.2.8/lib/active_record/fixtures.rb:579:in `map'
    /usr/local/rvm/gems/ruby-1.9.3-p194/gems/activerecord-3.2.8/lib/active_record/fixtures.rb:579:in `table_rows'
    /usr/local/rvm/gems/ruby-1.9.3-p194/gems/activerecord-3.2.8/lib/active_record/fixtures.rb:494:in `block (3 levels) in create_fixtures'
    /usr/local/rvm/gems/ruby-1.9.3-p194/gems/activerecord-3.2.8/lib/active_record/fixtures.rb:492:in `each'
    /usr/local/rvm/gems/ruby-1.9.3-p194/gems/activerecord-3.2.8/lib/active_record/fixtures.rb:492:in `block (2 levels) in create_fixtures'
    /usr/local/rvm/gems/ruby-1.9.3-p194/gems/activerecord-3.2.8/lib/active_record/connection_adapters/abstract/database_statements.rb:192:in `transaction'
    /usr/local/rvm/gems/ruby-1.9.3-p194/gems/activerecord-3.2.8/lib/active_record/fixtures.rb:491:in `block in create_fixtures'
    /usr/local/rvm/gems/ruby-1.9.3-p194/gems/activerecord-3.2.8/lib/active_record/connection_adapters/abstract_adapter.rb:168:in `disable_referential_integrity'
    /usr/local/rvm/gems/ruby-1.9.3-p194/gems/activerecord-3.2.8/lib/active_record/fixtures.rb:476:in `create_fixtures'
    /usr/local/rvm/gems/ruby-1.9.3-p194/gems/activerecord-3.2.8/lib/active_record/fixtures.rb:895:in `load_fixtures'
    /usr/local/rvm/gems/ruby-1.9.3-p194/gems/activerecord-3.2.8/lib/active_record/fixtures.rb:849:in `setup_fixtures'
    /usr/local/rvm/gems/ruby-1.9.3-p194/gems/activesupport-3.2.8/lib/active_support/callbacks.rb:429:in `_run__679853297__setup__496586898__callbacks'
    /usr/local/rvm/gems/ruby-1.9.3-p194/gems/activesupport-3.2.8/lib/active_support/callbacks.rb:405:in `__run_callback'
    /usr/local/rvm/gems/ruby-1.9.3-p194/gems/activesupport-3.2.8/lib/active_support/callbacks.rb:385:in `_run_setup_callbacks'
    /usr/local/rvm/gems/ruby-1.9.3-p194/gems/activesupport-3.2.8/lib/active_support/callbacks.rb:81:in `run_callbacks'
    /usr/local/rvm/gems/ruby-1.9.3-p194/gems/activesupport-3.2.8/lib/active_support/testing/setup_and_teardown.rb:35:in `run'

  4) Error:
test_should_get_index(MicropostsControllerTest):
ActiveRecord::StatementInvalid: Could not find table 'users'
    /usr/local/rvm/gems/ruby-1.9.3-p194/gems/activerecord-3.2.8/lib/active_record/connection_adapters/sqlite_adapter.rb:472:in `table_structure'
    /usr/local/rvm/gems/ruby-1.9.3-p194/gems/activerecord-3.2.8/lib/active_record/connection_adapters/sqlite_adapter.rb:346:in `columns'
    /usr/local/rvm/gems/ruby-1.9.3-p194/gems/activerecord-3.2.8/lib/active_record/fixtures.rb:660:in `column_names'
    /usr/local/rvm/gems/ruby-1.9.3-p194/gems/activerecord-3.2.8/lib/active_record/fixtures.rb:652:in `timestamp_column_names'
    /usr/local/rvm/gems/ruby-1.9.3-p194/gems/activerecord-3.2.8/lib/active_record/fixtures.rb:585:in `block in table_rows'
    /usr/local/rvm/gems/ruby-1.9.3-p194/gems/activerecord-3.2.8/lib/active_record/fixtures.rb:579:in `each'
    /usr/local/rvm/gems/ruby-1.9.3-p194/gems/activerecord-3.2.8/lib/active_record/fixtures.rb:579:in `map'
    /usr/local/rvm/gems/ruby-1.9.3-p194/gems/activerecord-3.2.8/lib/active_record/fixtures.rb:579:in `table_rows'
    /usr/local/rvm/gems/ruby-1.9.3-p194/gems/activerecord-3.2.8/lib/active_record/fixtures.rb:494:in `block (3 levels) in create_fixtures'
    /usr/local/rvm/gems/ruby-1.9.3-p194/gems/activerecord-3.2.8/lib/active_record/fixtures.rb:492:in `each'
    /usr/local/rvm/gems/ruby-1.9.3-p194/gems/activerecord-3.2.8/lib/active_record/fixtures.rb:492:in `block (2 levels) in create_fixtures'
    /usr/local/rvm/gems/ruby-1.9.3-p194/gems/activerecord-3.2.8/lib/active_record/connection_adapters/abstract/database_statements.rb:192:in `transaction'
    /usr/local/rvm/gems/ruby-1.9.3-p194/gems/activerecord-3.2.8/lib/active_record/fixtures.rb:491:in `block in create_fixtures'
    /usr/local/rvm/gems/ruby-1.9.3-p194/gems/activerecord-3.2.8/lib/active_record/connection_adapters/abstract_adapter.rb:168:in `disable_referential_integrity'
    /usr/local/rvm/gems/ruby-1.9.3-p194/gems/activerecord-3.2.8/lib/active_record/fixtures.rb:476:in `create_fixtures'
    /usr/local/rvm/gems/ruby-1.9.3-p194/gems/activerecord-3.2.8/lib/active_record/fixtures.rb:895:in `load_fixtures'
    /usr/local/rvm/gems/ruby-1.9.3-p194/gems/activerecord-3.2.8/lib/active_record/fixtures.rb:849:in `setup_fixtures'
    /usr/local/rvm/gems/ruby-1.9.3-p194/gems/activesupport-3.2.8/lib/active_support/callbacks.rb:429:in `_run__679853297__setup__496586898__callbacks'
    /usr/local/rvm/gems/ruby-1.9.3-p194/gems/activesupport-3.2.8/lib/active_support/callbacks.rb:405:in `__run_callback'
    /usr/local/rvm/gems/ruby-1.9.3-p194/gems/activesupport-3.2.8/lib/active_support/callbacks.rb:385:in `_run_setup_callbacks'
    /usr/local/rvm/gems/ruby-1.9.3-p194/gems/activesupport-3.2.8/lib/active_support/callbacks.rb:81:in `run_callbacks'
    /usr/local/rvm/gems/ruby-1.9.3-p194/gems/activesupport-3.2.8/lib/active_support/testing/setup_and_teardown.rb:35:in `run'

  5) Error:
test_should_get_new(MicropostsControllerTest):
ActiveRecord::StatementInvalid: Could not find table 'users'
    /usr/local/rvm/gems/ruby-1.9.3-p194/gems/activerecord-3.2.8/lib/active_record/connection_adapters/sqlite_adapter.rb:472:in `table_structure'
    /usr/local/rvm/gems/ruby-1.9.3-p194/gems/activerecord-3.2.8/lib/active_record/connection_adapters/sqlite_adapter.rb:346:in `columns'
    /usr/local/rvm/gems/ruby-1.9.3-p194/gems/activerecord-3.2.8/lib/active_record/fixtures.rb:660:in `column_names'
    /usr/local/rvm/gems/ruby-1.9.3-p194/gems/activerecord-3.2.8/lib/active_record/fixtures.rb:652:in `timestamp_column_names'
    /usr/local/rvm/gems/ruby-1.9.3-p194/gems/activerecord-3.2.8/lib/active_record/fixtures.rb:585:in `block in table_rows'
    /usr/local/rvm/gems/ruby-1.9.3-p194/gems/activerecord-3.2.8/lib/active_record/fixtures.rb:579:in `each'
    /usr/local/rvm/gems/ruby-1.9.3-p194/gems/activerecord-3.2.8/lib/active_record/fixtures.rb:579:in `map'
    /usr/local/rvm/gems/ruby-1.9.3-p194/gems/activerecord-3.2.8/lib/active_record/fixtures.rb:579:in `table_rows'
    /usr/local/rvm/gems/ruby-1.9.3-p194/gems/activerecord-3.2.8/lib/active_record/fixtures.rb:494:in `block (3 levels) in create_fixtures'
    /usr/local/rvm/gems/ruby-1.9.3-p194/gems/activerecord-3.2.8/lib/active_record/fixtures.rb:492:in `each'
    /usr/local/rvm/gems/ruby-1.9.3-p194/gems/activerecord-3.2.8/lib/active_record/fixtures.rb:492:in `block (2 levels) in create_fixtures'
    /usr/local/rvm/gems/ruby-1.9.3-p194/gems/activerecord-3.2.8/lib/active_record/connection_adapters/abstract/database_statements.rb:192:in `transaction'
    /usr/local/rvm/gems/ruby-1.9.3-p194/gems/activerecord-3.2.8/lib/active_record/fixtures.rb:491:in `block in create_fixtures'
    /usr/local/rvm/gems/ruby-1.9.3-p194/gems/activerecord-3.2.8/lib/active_record/connection_adapters/abstract_adapter.rb:168:in `disable_referential_integrity'
    /usr/local/rvm/gems/ruby-1.9.3-p194/gems/activerecord-3.2.8/lib/active_record/fixtures.rb:476:in `create_fixtures'
    /usr/local/rvm/gems/ruby-1.9.3-p194/gems/activerecord-3.2.8/lib/active_record/fixtures.rb:895:in `load_fixtures'
    /usr/local/rvm/gems/ruby-1.9.3-p194/gems/activerecord-3.2.8/lib/active_record/fixtures.rb:849:in `setup_fixtures'
    /usr/local/rvm/gems/ruby-1.9.3-p194/gems/activesupport-3.2.8/lib/active_support/callbacks.rb:429:in `_run__679853297__setup__496586898__callbacks'
    /usr/local/rvm/gems/ruby-1.9.3-p194/gems/activesupport-3.2.8/lib/active_support/callbacks.rb:405:in `__run_callback'
    /usr/local/rvm/gems/ruby-1.9.3-p194/gems/activesupport-3.2.8/lib/active_support/callbacks.rb:385:in `_run_setup_callbacks'
    /usr/local/rvm/gems/ruby-1.9.3-p194/gems/activesupport-3.2.8/lib/active_support/callbacks.rb:81:in `run_callbacks'
    /usr/local/rvm/gems/ruby-1.9.3-p194/gems/activesupport-3.2.8/lib/active_support/testing/setup_and_teardown.rb:35:in `run'

  6) Error:
test_should_show_micropost(MicropostsControllerTest):
ActiveRecord::StatementInvalid: Could not find table 'users'
    /usr/local/rvm/gems/ruby-1.9.3-p194/gems/activerecord-3.2.8/lib/active_record/connection_adapters/sqlite_adapter.rb:472:in `table_structure'
    /usr/local/rvm/gems/ruby-1.9.3-p194/gems/activerecord-3.2.8/lib/active_record/connection_adapters/sqlite_adapter.rb:346:in `columns'
    /usr/local/rvm/gems/ruby-1.9.3-p194/gems/activerecord-3.2.8/lib/active_record/fixtures.rb:660:in `column_names'
    /usr/local/rvm/gems/ruby-1.9.3-p194/gems/activerecord-3.2.8/lib/active_record/fixtures.rb:652:in `timestamp_column_names'
    /usr/local/rvm/gems/ruby-1.9.3-p194/gems/activerecord-3.2.8/lib/active_record/fixtures.rb:585:in `block in table_rows'
    /usr/local/rvm/gems/ruby-1.9.3-p194/gems/activerecord-3.2.8/lib/active_record/fixtures.rb:579:in `each'
    /usr/local/rvm/gems/ruby-1.9.3-p194/gems/activerecord-3.2.8/lib/active_record/fixtures.rb:579:in `map'
    /usr/local/rvm/gems/ruby-1.9.3-p194/gems/activerecord-3.2.8/lib/active_record/fixtures.rb:579:in `table_rows'
    /usr/local/rvm/gems/ruby-1.9.3-p194/gems/activerecord-3.2.8/lib/active_record/fixtures.rb:494:in `block (3 levels) in create_fixtures'
    /usr/local/rvm/gems/ruby-1.9.3-p194/gems/activerecord-3.2.8/lib/active_record/fixtures.rb:492:in `each'
    /usr/local/rvm/gems/ruby-1.9.3-p194/gems/activerecord-3.2.8/lib/active_record/fixtures.rb:492:in `block (2 levels) in create_fixtures'
    /usr/local/rvm/gems/ruby-1.9.3-p194/gems/activerecord-3.2.8/lib/active_record/connection_adapters/abstract/database_statements.rb:192:in `transaction'
    /usr/local/rvm/gems/ruby-1.9.3-p194/gems/activerecord-3.2.8/lib/active_record/fixtures.rb:491:in `block in create_fixtures'
    /usr/local/rvm/gems/ruby-1.9.3-p194/gems/activerecord-3.2.8/lib/active_record/connection_adapters/abstract_adapter.rb:168:in `disable_referential_integrity'
    /usr/local/rvm/gems/ruby-1.9.3-p194/gems/activerecord-3.2.8/lib/active_record/fixtures.rb:476:in `create_fixtures'
    /usr/local/rvm/gems/ruby-1.9.3-p194/gems/activerecord-3.2.8/lib/active_record/fixtures.rb:895:in `load_fixtures'
    /usr/local/rvm/gems/ruby-1.9.3-p194/gems/activerecord-3.2.8/lib/active_record/fixtures.rb:849:in `setup_fixtures'
    /usr/local/rvm/gems/ruby-1.9.3-p194/gems/activesupport-3.2.8/lib/active_support/callbacks.rb:429:in `_run__679853297__setup__496586898__callbacks'
    /usr/local/rvm/gems/ruby-1.9.3-p194/gems/activesupport-3.2.8/lib/active_support/callbacks.rb:405:in `__run_callback'
    /usr/local/rvm/gems/ruby-1.9.3-p194/gems/activesupport-3.2.8/lib/active_support/callbacks.rb:385:in `_run_setup_callbacks'
    /usr/local/rvm/gems/ruby-1.9.3-p194/gems/activesupport-3.2.8/lib/active_support/callbacks.rb:81:in `run_callbacks'
    /usr/local/rvm/gems/ruby-1.9.3-p194/gems/activesupport-3.2.8/lib/active_support/testing/setup_and_teardown.rb:35:in `run'

  7) Error:
test_should_update_micropost(MicropostsControllerTest):
ActiveRecord::StatementInvalid: Could not find table 'users'
    /usr/local/rvm/gems/ruby-1.9.3-p194/gems/activerecord-3.2.8/lib/active_record/connection_adapters/sqlite_adapter.rb:472:in `table_structure'
    /usr/local/rvm/gems/ruby-1.9.3-p194/gems/activerecord-3.2.8/lib/active_record/connection_adapters/sqlite_adapter.rb:346:in `columns'
    /usr/local/rvm/gems/ruby-1.9.3-p194/gems/activerecord-3.2.8/lib/active_record/fixtures.rb:660:in `column_names'
    /usr/local/rvm/gems/ruby-1.9.3-p194/gems/activerecord-3.2.8/lib/active_record/fixtures.rb:652:in `timestamp_column_names'
    /usr/local/rvm/gems/ruby-1.9.3-p194/gems/activerecord-3.2.8/lib/active_record/fixtures.rb:585:in `block in table_rows'
    /usr/local/rvm/gems/ruby-1.9.3-p194/gems/activerecord-3.2.8/lib/active_record/fixtures.rb:579:in `each'
    /usr/local/rvm/gems/ruby-1.9.3-p194/gems/activerecord-3.2.8/lib/active_record/fixtures.rb:579:in `map'
    /usr/local/rvm/gems/ruby-1.9.3-p194/gems/activerecord-3.2.8/lib/active_record/fixtures.rb:579:in `table_rows'
    /usr/local/rvm/gems/ruby-1.9.3-p194/gems/activerecord-3.2.8/lib/active_record/fixtures.rb:494:in `block (3 levels) in create_fixtures'
    /usr/local/rvm/gems/ruby-1.9.3-p194/gems/activerecord-3.2.8/lib/active_record/fixtures.rb:492:in `each'
    /usr/local/rvm/gems/ruby-1.9.3-p194/gems/activerecord-3.2.8/lib/active_record/fixtures.rb:492:in `block (2 levels) in create_fixtures'
    /usr/local/rvm/gems/ruby-1.9.3-p194/gems/activerecord-3.2.8/lib/active_record/connection_adapters/abstract/database_statements.rb:192:in `transaction'
    /usr/local/rvm/gems/ruby-1.9.3-p194/gems/activerecord-3.2.8/lib/active_record/fixtures.rb:491:in `block in create_fixtures'
    /usr/local/rvm/gems/ruby-1.9.3-p194/gems/activerecord-3.2.8/lib/active_record/connection_adapters/abstract_adapter.rb:168:in `disable_referential_integrity'
    /usr/local/rvm/gems/ruby-1.9.3-p194/gems/activerecord-3.2.8/lib/active_record/fixtures.rb:476:in `create_fixtures'
    /usr/local/rvm/gems/ruby-1.9.3-p194/gems/activerecord-3.2.8/lib/active_record/fixtures.rb:895:in `load_fixtures'
    /usr/local/rvm/gems/ruby-1.9.3-p194/gems/activerecord-3.2.8/lib/active_record/fixtures.rb:849:in `setup_fixtures'
    /usr/local/rvm/gems/ruby-1.9.3-p194/gems/activesupport-3.2.8/lib/active_support/callbacks.rb:429:in `_run__679853297__setup__496586898__callbacks'
    /usr/local/rvm/gems/ruby-1.9.3-p194/gems/activesupport-3.2.8/lib/active_support/callbacks.rb:405:in `__run_callback'
    /usr/local/rvm/gems/ruby-1.9.3-p194/gems/activesupport-3.2.8/lib/active_support/callbacks.rb:385:in `_run_setup_callbacks'
    /usr/local/rvm/gems/ruby-1.9.3-p194/gems/activesupport-3.2.8/lib/active_support/callbacks.rb:81:in `run_callbacks'
    /usr/local/rvm/gems/ruby-1.9.3-p194/gems/activesupport-3.2.8/lib/active_support/testing/setup_and_teardown.rb:35:in `run'

7 tests, 0 assertions, 0 failures, 7 errors, 0 skips
/usr/local/rvm/rubies/ruby-1.9.3-p194/bin/ruby -I.:lib:test -rubygems test/functional/pages_controller_test.rb -n "/^(test_should_get_contact|test_should_get_home)$/"; /usr/local/rvm/rubies/ruby-1.9.3-p194/bin/ruby -I.:lib:test -rubygems test/functional/users_controller_test.rb -n "/^(test_should_create_user|test_should_destroy_user|test_should_get_edit|test_should_get_index|test_should_get_new|test_should_show_user|test_should_update_user)$/"; /usr/local/rvm/rubies/ruby-1.9.3-p194/bin/ruby -I.:lib:test -rubygems test/functional/microposts_controller_test.rb -n "/^(test_should_create_micropost|test_should_destroy_micropost|test_should_get_edit|test_should_get_index|test_should_get_new|test_should_show_micropost|test_should_update_micropost)$/"
Run options: -n "/^(test_should_get_contact|test_should_get_home)$/"

# Running tests:

EE

Finished tests in 0.050314s, 39.7502 tests/s, 0.0000 assertions/s.

  1) Error:
test_should_get_contact(PagesControllerTest):
ActiveRecord::StatementInvalid: Could not find table 'users'
    /usr/local/rvm/gems/ruby-1.9.3-p194/gems/activerecord-3.2.8/lib/active_record/connection_adapters/sqlite_adapter.rb:472:in `table_structure'
    /usr/local/rvm/gems/ruby-1.9.3-p194/gems/activerecord-3.2.8/lib/active_record/connection_adapters/sqlite_adapter.rb:346:in `columns'
    /usr/local/rvm/gems/ruby-1.9.3-p194/gems/activerecord-3.2.8/lib/active_record/fixtures.rb:660:in `column_names'
    /usr/local/rvm/gems/ruby-1.9.3-p194/gems/activerecord-3.2.8/lib/active_record/fixtures.rb:652:in `timestamp_column_names'
    /usr/local/rvm/gems/ruby-1.9.3-p194/gems/activerecord-3.2.8/lib/active_record/fixtures.rb:585:in `block in table_rows'
    /usr/local/rvm/gems/ruby-1.9.3-p194/gems/activerecord-3.2.8/lib/active_record/fixtures.rb:579:in `each'
    /usr/local/rvm/gems/ruby-1.9.3-p194/gems/activerecord-3.2.8/lib/active_record/fixtures.rb:579:in `map'
    /usr/local/rvm/gems/ruby-1.9.3-p194/gems/activerecord-3.2.8/lib/active_record/fixtures.rb:579:in `table_rows'
    /usr/local/rvm/gems/ruby-1.9.3-p194/gems/activerecord-3.2.8/lib/active_record/fixtures.rb:494:in `block (3 levels) in create_fixtures'
    /usr/local/rvm/gems/ruby-1.9.3-p194/gems/activerecord-3.2.8/lib/active_record/fixtures.rb:492:in `each'
    /usr/local/rvm/gems/ruby-1.9.3-p194/gems/activerecord-3.2.8/lib/active_record/fixtures.rb:492:in `block (2 levels) in create_fixtures'
    /usr/local/rvm/gems/ruby-1.9.3-p194/gems/activerecord-3.2.8/lib/active_record/connection_adapters/abstract/database_statements.rb:192:in `transaction'
    /usr/local/rvm/gems/ruby-1.9.3-p194/gems/activerecord-3.2.8/lib/active_record/fixtures.rb:491:in `block in create_fixtures'
    /usr/local/rvm/gems/ruby-1.9.3-p194/gems/activerecord-3.2.8/lib/active_record/connection_adapters/abstract_adapter.rb:168:in `disable_referential_integrity'
    /usr/local/rvm/gems/ruby-1.9.3-p194/gems/activerecord-3.2.8/lib/active_record/fixtures.rb:476:in `create_fixtures'
    /usr/local/rvm/gems/ruby-1.9.3-p194/gems/activerecord-3.2.8/lib/active_record/fixtures.rb:895:in `load_fixtures'
    /usr/local/rvm/gems/ruby-1.9.3-p194/gems/activerecord-3.2.8/lib/active_record/fixtures.rb:849:in `setup_fixtures'
    /usr/local/rvm/gems/ruby-1.9.3-p194/gems/activesupport-3.2.8/lib/active_support/callbacks.rb:429:in `_run__417612849__setup__100846304__callbacks'
    /usr/local/rvm/gems/ruby-1.9.3-p194/gems/activesupport-3.2.8/lib/active_support/callbacks.rb:405:in `__run_callback'
    /usr/local/rvm/gems/ruby-1.9.3-p194/gems/activesupport-3.2.8/lib/active_support/callbacks.rb:385:in `_run_setup_callbacks'
    /usr/local/rvm/gems/ruby-1.9.3-p194/gems/activesupport-3.2.8/lib/active_support/callbacks.rb:81:in `run_callbacks'
    /usr/local/rvm/gems/ruby-1.9.3-p194/gems/activesupport-3.2.8/lib/active_support/testing/setup_and_teardown.rb:35:in `run'

  2) Error:
test_should_get_home(PagesControllerTest):
ActiveRecord::StatementInvalid: Could not find table 'users'
    /usr/local/rvm/gems/ruby-1.9.3-p194/gems/activerecord-3.2.8/lib/active_record/connection_adapters/sqlite_adapter.rb:472:in `table_structure'
    /usr/local/rvm/gems/ruby-1.9.3-p194/gems/activerecord-3.2.8/lib/active_record/connection_adapters/sqlite_adapter.rb:346:in `columns'
    /usr/local/rvm/gems/ruby-1.9.3-p194/gems/activerecord-3.2.8/lib/active_record/fixtures.rb:660:in `column_names'
    /usr/local/rvm/gems/ruby-1.9.3-p194/gems/activerecord-3.2.8/lib/active_record/fixtures.rb:652:in `timestamp_column_names'
    /usr/local/rvm/gems/ruby-1.9.3-p194/gems/activerecord-3.2.8/lib/active_record/fixtures.rb:585:in `block in table_rows'
    /usr/local/rvm/gems/ruby-1.9.3-p194/gems/activerecord-3.2.8/lib/active_record/fixtures.rb:579:in `each'
    /usr/local/rvm/gems/ruby-1.9.3-p194/gems/activerecord-3.2.8/lib/active_record/fixtures.rb:579:in `map'
    /usr/local/rvm/gems/ruby-1.9.3-p194/gems/activerecord-3.2.8/lib/active_record/fixtures.rb:579:in `table_rows'
    /usr/local/rvm/gems/ruby-1.9.3-p194/gems/activerecord-3.2.8/lib/active_record/fixtures.rb:494:in `block (3 levels) in create_fixtures'
    /usr/local/rvm/gems/ruby-1.9.3-p194/gems/activerecord-3.2.8/lib/active_record/fixtures.rb:492:in `each'
    /usr/local/rvm/gems/ruby-1.9.3-p194/gems/activerecord-3.2.8/lib/active_record/fixtures.rb:492:in `block (2 levels) in create_fixtures'
    /usr/local/rvm/gems/ruby-1.9.3-p194/gems/activerecord-3.2.8/lib/active_record/connection_adapters/abstract/database_statements.rb:192:in `transaction'
    /usr/local/rvm/gems/ruby-1.9.3-p194/gems/activerecord-3.2.8/lib/active_record/fixtures.rb:491:in `block in create_fixtures'
    /usr/local/rvm/gems/ruby-1.9.3-p194/gems/activerecord-3.2.8/lib/active_record/connection_adapters/abstract_adapter.rb:168:in `disable_referential_integrity'
    /usr/local/rvm/gems/ruby-1.9.3-p194/gems/activerecord-3.2.8/lib/active_record/fixtures.rb:476:in `create_fixtures'
    /usr/local/rvm/gems/ruby-1.9.3-p194/gems/activerecord-3.2.8/lib/active_record/fixtures.rb:895:in `load_fixtures'
    /usr/local/rvm/gems/ruby-1.9.3-p194/gems/activerecord-3.2.8/lib/active_record/fixtures.rb:849:in `setup_fixtures'
    /usr/local/rvm/gems/ruby-1.9.3-p194/gems/activesupport-3.2.8/lib/active_support/callbacks.rb:429:in `_run__417612849__setup__100846304__callbacks'
    /usr/local/rvm/gems/ruby-1.9.3-p194/gems/activesupport-3.2.8/lib/active_support/callbacks.rb:405:in `__run_callback'
    /usr/local/rvm/gems/ruby-1.9.3-p194/gems/activesupport-3.2.8/lib/active_support/callbacks.rb:385:in `_run_setup_callbacks'
    /usr/local/rvm/gems/ruby-1.9.3-p194/gems/activesupport-3.2.8/lib/active_support/callbacks.rb:81:in `run_callbacks'
    /usr/local/rvm/gems/ruby-1.9.3-p194/gems/activesupport-3.2.8/lib/active_support/testing/setup_and_teardown.rb:35:in `run'

2 tests, 0 assertions, 0 failures, 2 errors, 0 skips
Run options: -n "/^(test_should_create_user|test_should_destroy_user|test_should_get_edit|test_should_get_index|test_should_get_new|test_should_show_user|test_should_update_user)$/"

# Running tests:

EEEEEEE

Finished tests in 0.111320s, 62.8819 tests/s, 0.0000 assertions/s.

  1) Error:
test_should_create_user(UsersControllerTest):
ActiveRecord::StatementInvalid: Could not find table 'users'
    /usr/local/rvm/gems/ruby-1.9.3-p194/gems/activerecord-3.2.8/lib/active_record/connection_adapters/sqlite_adapter.rb:472:in `table_structure'
    /usr/local/rvm/gems/ruby-1.9.3-p194/gems/activerecord-3.2.8/lib/active_record/connection_adapters/sqlite_adapter.rb:346:in `columns'
    /usr/local/rvm/gems/ruby-1.9.3-p194/gems/activerecord-3.2.8/lib/active_record/fixtures.rb:660:in `column_names'
    /usr/local/rvm/gems/ruby-1.9.3-p194/gems/activerecord-3.2.8/lib/active_record/fixtures.rb:652:in `timestamp_column_names'
    /usr/local/rvm/gems/ruby-1.9.3-p194/gems/activerecord-3.2.8/lib/active_record/fixtures.rb:585:in `block in table_rows'
    /usr/local/rvm/gems/ruby-1.9.3-p194/gems/activerecord-3.2.8/lib/active_record/fixtures.rb:579:in `each'
    /usr/local/rvm/gems/ruby-1.9.3-p194/gems/activerecord-3.2.8/lib/active_record/fixtures.rb:579:in `map'
    /usr/local/rvm/gems/ruby-1.9.3-p194/gems/activerecord-3.2.8/lib/active_record/fixtures.rb:579:in `table_rows'
    /usr/local/rvm/gems/ruby-1.9.3-p194/gems/activerecord-3.2.8/lib/active_record/fixtures.rb:494:in `block (3 levels) in create_fixtures'
    /usr/local/rvm/gems/ruby-1.9.3-p194/gems/activerecord-3.2.8/lib/active_record/fixtures.rb:492:in `each'
    /usr/local/rvm/gems/ruby-1.9.3-p194/gems/activerecord-3.2.8/lib/active_record/fixtures.rb:492:in `block (2 levels) in create_fixtures'
    /usr/local/rvm/gems/ruby-1.9.3-p194/gems/activerecord-3.2.8/lib/active_record/connection_adapters/abstract/database_statements.rb:192:in `transaction'
    /usr/local/rvm/gems/ruby-1.9.3-p194/gems/activerecord-3.2.8/lib/active_record/fixtures.rb:491:in `block in create_fixtures'
    /usr/local/rvm/gems/ruby-1.9.3-p194/gems/activerecord-3.2.8/lib/active_record/connection_adapters/abstract_adapter.rb:168:in `disable_referential_integrity'
    /usr/local/rvm/gems/ruby-1.9.3-p194/gems/activerecord-3.2.8/lib/active_record/fixtures.rb:476:in `create_fixtures'
    /usr/local/rvm/gems/ruby-1.9.3-p194/gems/activerecord-3.2.8/lib/active_record/fixtures.rb:895:in `load_fixtures'
    /usr/local/rvm/gems/ruby-1.9.3-p194/gems/activerecord-3.2.8/lib/active_record/fixtures.rb:849:in `setup_fixtures'
    /usr/local/rvm/gems/ruby-1.9.3-p194/gems/activesupport-3.2.8/lib/active_support/callbacks.rb:429:in `_run__772262648__setup__59722803__callbacks'
    /usr/local/rvm/gems/ruby-1.9.3-p194/gems/activesupport-3.2.8/lib/active_support/callbacks.rb:405:in `__run_callback'
    /usr/local/rvm/gems/ruby-1.9.3-p194/gems/activesupport-3.2.8/lib/active_support/callbacks.rb:385:in `_run_setup_callbacks'
    /usr/local/rvm/gems/ruby-1.9.3-p194/gems/activesupport-3.2.8/lib/active_support/callbacks.rb:81:in `run_callbacks'
    /usr/local/rvm/gems/ruby-1.9.3-p194/gems/activesupport-3.2.8/lib/active_support/testing/setup_and_teardown.rb:35:in `run'

  2) Error:
test_should_destroy_user(UsersControllerTest):
ActiveRecord::StatementInvalid: Could not find table 'users'
    /usr/local/rvm/gems/ruby-1.9.3-p194/gems/activerecord-3.2.8/lib/active_record/connection_adapters/sqlite_adapter.rb:472:in `table_structure'
    /usr/local/rvm/gems/ruby-1.9.3-p194/gems/activerecord-3.2.8/lib/active_record/connection_adapters/sqlite_adapter.rb:346:in `columns'
    /usr/local/rvm/gems/ruby-1.9.3-p194/gems/activerecord-3.2.8/lib/active_record/fixtures.rb:660:in `column_names'
    /usr/local/rvm/gems/ruby-1.9.3-p194/gems/activerecord-3.2.8/lib/active_record/fixtures.rb:652:in `timestamp_column_names'
    /usr/local/rvm/gems/ruby-1.9.3-p194/gems/activerecord-3.2.8/lib/active_record/fixtures.rb:585:in `block in table_rows'
    /usr/local/rvm/gems/ruby-1.9.3-p194/gems/activerecord-3.2.8/lib/active_record/fixtures.rb:579:in `each'
    /usr/local/rvm/gems/ruby-1.9.3-p194/gems/activerecord-3.2.8/lib/active_record/fixtures.rb:579:in `map'
    /usr/local/rvm/gems/ruby-1.9.3-p194/gems/activerecord-3.2.8/lib/active_record/fixtures.rb:579:in `table_rows'
    /usr/local/rvm/gems/ruby-1.9.3-p194/gems/activerecord-3.2.8/lib/active_record/fixtures.rb:494:in `block (3 levels) in create_fixtures'
    /usr/local/rvm/gems/ruby-1.9.3-p194/gems/activerecord-3.2.8/lib/active_record/fixtures.rb:492:in `each'
    /usr/local/rvm/gems/ruby-1.9.3-p194/gems/activerecord-3.2.8/lib/active_record/fixtures.rb:492:in `block (2 levels) in create_fixtures'
    /usr/local/rvm/gems/ruby-1.9.3-p194/gems/activerecord-3.2.8/lib/active_record/connection_adapters/abstract/database_statements.rb:192:in `transaction'
    /usr/local/rvm/gems/ruby-1.9.3-p194/gems/activerecord-3.2.8/lib/active_record/fixtures.rb:491:in `block in create_fixtures'
    /usr/local/rvm/gems/ruby-1.9.3-p194/gems/activerecord-3.2.8/lib/active_record/connection_adapters/abstract_adapter.rb:168:in `disable_referential_integrity'
    /usr/local/rvm/gems/ruby-1.9.3-p194/gems/activerecord-3.2.8/lib/active_record/fixtures.rb:476:in `create_fixtures'
    /usr/local/rvm/gems/ruby-1.9.3-p194/gems/activerecord-3.2.8/lib/active_record/fixtures.rb:895:in `load_fixtures'
    /usr/local/rvm/gems/ruby-1.9.3-p194/gems/activerecord-3.2.8/lib/active_record/fixtures.rb:849:in `setup_fixtures'
    /usr/local/rvm/gems/ruby-1.9.3-p194/gems/activesupport-3.2.8/lib/active_support/callbacks.rb:429:in `_run__772262648__setup__59722803__callbacks'
    /usr/local/rvm/gems/ruby-1.9.3-p194/gems/activesupport-3.2.8/lib/active_support/callbacks.rb:405:in `__run_callback'
    /usr/local/rvm/gems/ruby-1.9.3-p194/gems/activesupport-3.2.8/lib/active_support/callbacks.rb:385:in `_run_setup_callbacks'
    /usr/local/rvm/gems/ruby-1.9.3-p194/gems/activesupport-3.2.8/lib/active_support/callbacks.rb:81:in `run_callbacks'
    /usr/local/rvm/gems/ruby-1.9.3-p194/gems/activesupport-3.2.8/lib/active_support/testing/setup_and_teardown.rb:35:in `run'

  3) Error:
test_should_get_edit(UsersControllerTest):
ActiveRecord::StatementInvalid: Could not find table 'users'
    /usr/local/rvm/gems/ruby-1.9.3-p194/gems/activerecord-3.2.8/lib/active_record/connection_adapters/sqlite_adapter.rb:472:in `table_structure'
    /usr/local/rvm/gems/ruby-1.9.3-p194/gems/activerecord-3.2.8/lib/active_record/connection_adapters/sqlite_adapter.rb:346:in `columns'
    /usr/local/rvm/gems/ruby-1.9.3-p194/gems/activerecord-3.2.8/lib/active_record/fixtures.rb:660:in `column_names'
    /usr/local/rvm/gems/ruby-1.9.3-p194/gems/activerecord-3.2.8/lib/active_record/fixtures.rb:652:in `timestamp_column_names'
    /usr/local/rvm/gems/ruby-1.9.3-p194/gems/activerecord-3.2.8/lib/active_record/fixtures.rb:585:in `block in table_rows'
    /usr/local/rvm/gems/ruby-1.9.3-p194/gems/activerecord-3.2.8/lib/active_record/fixtures.rb:579:in `each'
    /usr/local/rvm/gems/ruby-1.9.3-p194/gems/activerecord-3.2.8/lib/active_record/fixtures.rb:579:in `map'
    /usr/local/rvm/gems/ruby-1.9.3-p194/gems/activerecord-3.2.8/lib/active_record/fixtures.rb:579:in `table_rows'
    /usr/local/rvm/gems/ruby-1.9.3-p194/gems/activerecord-3.2.8/lib/active_record/fixtures.rb:494:in `block (3 levels) in create_fixtures'
    /usr/local/rvm/gems/ruby-1.9.3-p194/gems/activerecord-3.2.8/lib/active_record/fixtures.rb:492:in `each'
    /usr/local/rvm/gems/ruby-1.9.3-p194/gems/activerecord-3.2.8/lib/active_record/fixtures.rb:492:in `block (2 levels) in create_fixtures'
    /usr/local/rvm/gems/ruby-1.9.3-p194/gems/activerecord-3.2.8/lib/active_record/connection_adapters/abstract/database_statements.rb:192:in `transaction'
    /usr/local/rvm/gems/ruby-1.9.3-p194/gems/activerecord-3.2.8/lib/active_record/fixtures.rb:491:in `block in create_fixtures'
    /usr/local/rvm/gems/ruby-1.9.3-p194/gems/activerecord-3.2.8/lib/active_record/connection_adapters/abstract_adapter.rb:168:in `disable_referential_integrity'
    /usr/local/rvm/gems/ruby-1.9.3-p194/gems/activerecord-3.2.8/lib/active_record/fixtures.rb:476:in `create_fixtures'
    /usr/local/rvm/gems/ruby-1.9.3-p194/gems/activerecord-3.2.8/lib/active_record/fixtures.rb:895:in `load_fixtures'
    /usr/local/rvm/gems/ruby-1.9.3-p194/gems/activerecord-3.2.8/lib/active_record/fixtures.rb:849:in `setup_fixtures'
    /usr/local/rvm/gems/ruby-1.9.3-p194/gems/activesupport-3.2.8/lib/active_support/callbacks.rb:429:in `_run__772262648__setup__59722803__callbacks'
    /usr/local/rvm/gems/ruby-1.9.3-p194/gems/activesupport-3.2.8/lib/active_support/callbacks.rb:405:in `__run_callback'
    /usr/local/rvm/gems/ruby-1.9.3-p194/gems/activesupport-3.2.8/lib/active_support/callbacks.rb:385:in `_run_setup_callbacks'
    /usr/local/rvm/gems/ruby-1.9.3-p194/gems/activesupport-3.2.8/lib/active_support/callbacks.rb:81:in `run_callbacks'
    /usr/local/rvm/gems/ruby-1.9.3-p194/gems/activesupport-3.2.8/lib/active_support/testing/setup_and_teardown.rb:35:in `run'

  4) Error:
test_should_get_index(UsersControllerTest):
ActiveRecord::StatementInvalid: Could not find table 'users'
    /usr/local/rvm/gems/ruby-1.9.3-p194/gems/activerecord-3.2.8/lib/active_record/connection_adapters/sqlite_adapter.rb:472:in `table_structure'
    /usr/local/rvm/gems/ruby-1.9.3-p194/gems/activerecord-3.2.8/lib/active_record/connection_adapters/sqlite_adapter.rb:346:in `columns'
    /usr/local/rvm/gems/ruby-1.9.3-p194/gems/activerecord-3.2.8/lib/active_record/fixtures.rb:660:in `column_names'
    /usr/local/rvm/gems/ruby-1.9.3-p194/gems/activerecord-3.2.8/lib/active_record/fixtures.rb:652:in `timestamp_column_names'
    /usr/local/rvm/gems/ruby-1.9.3-p194/gems/activerecord-3.2.8/lib/active_record/fixtures.rb:585:in `block in table_rows'
    /usr/local/rvm/gems/ruby-1.9.3-p194/gems/activerecord-3.2.8/lib/active_record/fixtures.rb:579:in `each'
    /usr/local/rvm/gems/ruby-1.9.3-p194/gems/activerecord-3.2.8/lib/active_record/fixtures.rb:579:in `map'
    /usr/local/rvm/gems/ruby-1.9.3-p194/gems/activerecord-3.2.8/lib/active_record/fixtures.rb:579:in `table_rows'
    /usr/local/rvm/gems/ruby-1.9.3-p194/gems/activerecord-3.2.8/lib/active_record/fixtures.rb:494:in `block (3 levels) in create_fixtures'
    /usr/local/rvm/gems/ruby-1.9.3-p194/gems/activerecord-3.2.8/lib/active_record/fixtures.rb:492:in `each'
    /usr/local/rvm/gems/ruby-1.9.3-p194/gems/activerecord-3.2.8/lib/active_record/fixtures.rb:492:in `block (2 levels) in create_fixtures'
    /usr/local/rvm/gems/ruby-1.9.3-p194/gems/activerecord-3.2.8/lib/active_record/connection_adapters/abstract/database_statements.rb:192:in `transaction'
    /usr/local/rvm/gems/ruby-1.9.3-p194/gems/activerecord-3.2.8/lib/active_record/fixtures.rb:491:in `block in create_fixtures'
    /usr/local/rvm/gems/ruby-1.9.3-p194/gems/activerecord-3.2.8/lib/active_record/connection_adapters/abstract_adapter.rb:168:in `disable_referential_integrity'
    /usr/local/rvm/gems/ruby-1.9.3-p194/gems/activerecord-3.2.8/lib/active_record/fixtures.rb:476:in `create_fixtures'
    /usr/local/rvm/gems/ruby-1.9.3-p194/gems/activerecord-3.2.8/lib/active_record/fixtures.rb:895:in `load_fixtures'
    /usr/local/rvm/gems/ruby-1.9.3-p194/gems/activerecord-3.2.8/lib/active_record/fixtures.rb:849:in `setup_fixtures'
    /usr/local/rvm/gems/ruby-1.9.3-p194/gems/activesupport-3.2.8/lib/active_support/callbacks.rb:429:in `_run__772262648__setup__59722803__callbacks'
    /usr/local/rvm/gems/ruby-1.9.3-p194/gems/activesupport-3.2.8/lib/active_support/callbacks.rb:405:in `__run_callback'
    /usr/local/rvm/gems/ruby-1.9.3-p194/gems/activesupport-3.2.8/lib/active_support/callbacks.rb:385:in `_run_setup_callbacks'
    /usr/local/rvm/gems/ruby-1.9.3-p194/gems/activesupport-3.2.8/lib/active_support/callbacks.rb:81:in `run_callbacks'
    /usr/local/rvm/gems/ruby-1.9.3-p194/gems/activesupport-3.2.8/lib/active_support/testing/setup_and_teardown.rb:35:in `run'

  5) Error:
test_should_get_new(UsersControllerTest):
ActiveRecord::StatementInvalid: Could not find table 'users'
    /usr/local/rvm/gems/ruby-1.9.3-p194/gems/activerecord-3.2.8/lib/active_record/connection_adapters/sqlite_adapter.rb:472:in `table_structure'
    /usr/local/rvm/gems/ruby-1.9.3-p194/gems/activerecord-3.2.8/lib/active_record/connection_adapters/sqlite_adapter.rb:346:in `columns'
    /usr/local/rvm/gems/ruby-1.9.3-p194/gems/activerecord-3.2.8/lib/active_record/fixtures.rb:660:in `column_names'
    /usr/local/rvm/gems/ruby-1.9.3-p194/gems/activerecord-3.2.8/lib/active_record/fixtures.rb:652:in `timestamp_column_names'
    /usr/local/rvm/gems/ruby-1.9.3-p194/gems/activerecord-3.2.8/lib/active_record/fixtures.rb:585:in `block in table_rows'
    /usr/local/rvm/gems/ruby-1.9.3-p194/gems/activerecord-3.2.8/lib/active_record/fixtures.rb:579:in `each'
    /usr/local/rvm/gems/ruby-1.9.3-p194/gems/activerecord-3.2.8/lib/active_record/fixtures.rb:579:in `map'
    /usr/local/rvm/gems/ruby-1.9.3-p194/gems/activerecord-3.2.8/lib/active_record/fixtures.rb:579:in `table_rows'
    /usr/local/rvm/gems/ruby-1.9.3-p194/gems/activerecord-3.2.8/lib/active_record/fixtures.rb:494:in `block (3 levels) in create_fixtures'
    /usr/local/rvm/gems/ruby-1.9.3-p194/gems/activerecord-3.2.8/lib/active_record/fixtures.rb:492:in `each'
    /usr/local/rvm/gems/ruby-1.9.3-p194/gems/activerecord-3.2.8/lib/active_record/fixtures.rb:492:in `block (2 levels) in create_fixtures'
    /usr/local/rvm/gems/ruby-1.9.3-p194/gems/activerecord-3.2.8/lib/active_record/connection_adapters/abstract/database_statements.rb:192:in `transaction'
    /usr/local/rvm/gems/ruby-1.9.3-p194/gems/activerecord-3.2.8/lib/active_record/fixtures.rb:491:in `block in create_fixtures'
    /usr/local/rvm/gems/ruby-1.9.3-p194/gems/activerecord-3.2.8/lib/active_record/connection_adapters/abstract_adapter.rb:168:in `disable_referential_integrity'
    /usr/local/rvm/gems/ruby-1.9.3-p194/gems/activerecord-3.2.8/lib/active_record/fixtures.rb:476:in `create_fixtures'
    /usr/local/rvm/gems/ruby-1.9.3-p194/gems/activerecord-3.2.8/lib/active_record/fixtures.rb:895:in `load_fixtures'
    /usr/local/rvm/gems/ruby-1.9.3-p194/gems/activerecord-3.2.8/lib/active_record/fixtures.rb:849:in `setup_fixtures'
    /usr/local/rvm/gems/ruby-1.9.3-p194/gems/activesupport-3.2.8/lib/active_support/callbacks.rb:429:in `_run__772262648__setup__59722803__callbacks'
    /usr/local/rvm/gems/ruby-1.9.3-p194/gems/activesupport-3.2.8/lib/active_support/callbacks.rb:405:in `__run_callback'
    /usr/local/rvm/gems/ruby-1.9.3-p194/gems/activesupport-3.2.8/lib/active_support/callbacks.rb:385:in `_run_setup_callbacks'
    /usr/local/rvm/gems/ruby-1.9.3-p194/gems/activesupport-3.2.8/lib/active_support/callbacks.rb:81:in `run_callbacks'
    /usr/local/rvm/gems/ruby-1.9.3-p194/gems/activesupport-3.2.8/lib/active_support/testing/setup_and_teardown.rb:35:in `run'

  6) Error:
test_should_show_user(UsersControllerTest):
ActiveRecord::StatementInvalid: Could not find table 'users'
    /usr/local/rvm/gems/ruby-1.9.3-p194/gems/activerecord-3.2.8/lib/active_record/connection_adapters/sqlite_adapter.rb:472:in `table_structure'
    /usr/local/rvm/gems/ruby-1.9.3-p194/gems/activerecord-3.2.8/lib/active_record/connection_adapters/sqlite_adapter.rb:346:in `columns'
    /usr/local/rvm/gems/ruby-1.9.3-p194/gems/activerecord-3.2.8/lib/active_record/fixtures.rb:660:in `column_names'
    /usr/local/rvm/gems/ruby-1.9.3-p194/gems/activerecord-3.2.8/lib/active_record/fixtures.rb:652:in `timestamp_column_names'
    /usr/local/rvm/gems/ruby-1.9.3-p194/gems/activerecord-3.2.8/lib/active_record/fixtures.rb:585:in `block in table_rows'
    /usr/local/rvm/gems/ruby-1.9.3-p194/gems/activerecord-3.2.8/lib/active_record/fixtures.rb:579:in `each'
    /usr/local/rvm/gems/ruby-1.9.3-p194/gems/activerecord-3.2.8/lib/active_record/fixtures.rb:579:in `map'
    /usr/local/rvm/gems/ruby-1.9.3-p194/gems/activerecord-3.2.8/lib/active_record/fixtures.rb:579:in `table_rows'
    /usr/local/rvm/gems/ruby-1.9.3-p194/gems/activerecord-3.2.8/lib/active_record/fixtures.rb:494:in `block (3 levels) in create_fixtures'
    /usr/local/rvm/gems/ruby-1.9.3-p194/gems/activerecord-3.2.8/lib/active_record/fixtures.rb:492:in `each'
    /usr/local/rvm/gems/ruby-1.9.3-p194/gems/activerecord-3.2.8/lib/active_record/fixtures.rb:492:in `block (2 levels) in create_fixtures'
    /usr/local/rvm/gems/ruby-1.9.3-p194/gems/activerecord-3.2.8/lib/active_record/connection_adapters/abstract/database_statements.rb:192:in `transaction'
    /usr/local/rvm/gems/ruby-1.9.3-p194/gems/activerecord-3.2.8/lib/active_record/fixtures.rb:491:in `block in create_fixtures'
    /usr/local/rvm/gems/ruby-1.9.3-p194/gems/activerecord-3.2.8/lib/active_record/connection_adapters/abstract_adapter.rb:168:in `disable_referential_integrity'
    /usr/local/rvm/gems/ruby-1.9.3-p194/gems/activerecord-3.2.8/lib/active_record/fixtures.rb:476:in `create_fixtures'
    /usr/local/rvm/gems/ruby-1.9.3-p194/gems/activerecord-3.2.8/lib/active_record/fixtures.rb:895:in `load_fixtures'
    /usr/local/rvm/gems/ruby-1.9.3-p194/gems/activerecord-3.2.8/lib/active_record/fixtures.rb:849:in `setup_fixtures'
    /usr/local/rvm/gems/ruby-1.9.3-p194/gems/activesupport-3.2.8/lib/active_support/callbacks.rb:429:in `_run__772262648__setup__59722803__callbacks'
    /usr/local/rvm/gems/ruby-1.9.3-p194/gems/activesupport-3.2.8/lib/active_support/callbacks.rb:405:in `__run_callback'
    /usr/local/rvm/gems/ruby-1.9.3-p194/gems/activesupport-3.2.8/lib/active_support/callbacks.rb:385:in `_run_setup_callbacks'
    /usr/local/rvm/gems/ruby-1.9.3-p194/gems/activesupport-3.2.8/lib/active_support/callbacks.rb:81:in `run_callbacks'
    /usr/local/rvm/gems/ruby-1.9.3-p194/gems/activesupport-3.2.8/lib/active_support/testing/setup_and_teardown.rb:35:in `run'

  7) Error:
test_should_update_user(UsersControllerTest):
ActiveRecord::StatementInvalid: Could not find table 'users'
    /usr/local/rvm/gems/ruby-1.9.3-p194/gems/activerecord-3.2.8/lib/active_record/connection_adapters/sqlite_adapter.rb:472:in `table_structure'
    /usr/local/rvm/gems/ruby-1.9.3-p194/gems/activerecord-3.2.8/lib/active_record/connection_adapters/sqlite_adapter.rb:346:in `columns'
    /usr/local/rvm/gems/ruby-1.9.3-p194/gems/activerecord-3.2.8/lib/active_record/fixtures.rb:660:in `column_names'
    /usr/local/rvm/gems/ruby-1.9.3-p194/gems/activerecord-3.2.8/lib/active_record/fixtures.rb:652:in `timestamp_column_names'
    /usr/local/rvm/gems/ruby-1.9.3-p194/gems/activerecord-3.2.8/lib/active_record/fixtures.rb:585:in `block in table_rows'
    /usr/local/rvm/gems/ruby-1.9.3-p194/gems/activerecord-3.2.8/lib/active_record/fixtures.rb:579:in `each'
    /usr/local/rvm/gems/ruby-1.9.3-p194/gems/activerecord-3.2.8/lib/active_record/fixtures.rb:579:in `map'
    /usr/local/rvm/gems/ruby-1.9.3-p194/gems/activerecord-3.2.8/lib/active_record/fixtures.rb:579:in `table_rows'
    /usr/local/rvm/gems/ruby-1.9.3-p194/gems/activerecord-3.2.8/lib/active_record/fixtures.rb:494:in `block (3 levels) in create_fixtures'
    /usr/local/rvm/gems/ruby-1.9.3-p194/gems/activerecord-3.2.8/lib/active_record/fixtures.rb:492:in `each'
    /usr/local/rvm/gems/ruby-1.9.3-p194/gems/activerecord-3.2.8/lib/active_record/fixtures.rb:492:in `block (2 levels) in create_fixtures'
    /usr/local/rvm/gems/ruby-1.9.3-p194/gems/activerecord-3.2.8/lib/active_record/connection_adapters/abstract/database_statements.rb:192:in `transaction'
    /usr/local/rvm/gems/ruby-1.9.3-p194/gems/activerecord-3.2.8/lib/active_record/fixtures.rb:491:in `block in create_fixtures'
    /usr/local/rvm/gems/ruby-1.9.3-p194/gems/activerecord-3.2.8/lib/active_record/connection_adapters/abstract_adapter.rb:168:in `disable_referential_integrity'
    /usr/local/rvm/gems/ruby-1.9.3-p194/gems/activerecord-3.2.8/lib/active_record/fixtures.rb:476:in `create_fixtures'
    /usr/local/rvm/gems/ruby-1.9.3-p194/gems/activerecord-3.2.8/lib/active_record/fixtures.rb:895:in `load_fixtures'
    /usr/local/rvm/gems/ruby-1.9.3-p194/gems/activerecord-3.2.8/lib/active_record/fixtures.rb:849:in `setup_fixtures'
    /usr/local/rvm/gems/ruby-1.9.3-p194/gems/activesupport-3.2.8/lib/active_support/callbacks.rb:429:in `_run__772262648__setup__59722803__callbacks'
    /usr/local/rvm/gems/ruby-1.9.3-p194/gems/activesupport-3.2.8/lib/active_support/callbacks.rb:405:in `__run_callback'
    /usr/local/rvm/gems/ruby-1.9.3-p194/gems/activesupport-3.2.8/lib/active_support/callbacks.rb:385:in `_run_setup_callbacks'
    /usr/local/rvm/gems/ruby-1.9.3-p194/gems/activesupport-3.2.8/lib/active_support/callbacks.rb:81:in `run_callbacks'
    /usr/local/rvm/gems/ruby-1.9.3-p194/gems/activesupport-3.2.8/lib/active_support/testing/setup_and_teardown.rb:35:in `run'

7 tests, 0 assertions, 0 failures, 7 errors, 0 skips
Run options: -n "/^(test_should_create_micropost|test_should_destroy_micropost|test_should_get_edit|test_should_get_index|test_should_get_new|test_should_show_micropost|test_should_update_micropost)$/"

# Running tests:

EEEEEEE

Finished tests in 0.103181s, 67.8421 tests/s, 0.0000 assertions/s.

  1) Error:
test_should_create_micropost(MicropostsControllerTest):
ActiveRecord::StatementInvalid: Could not find table 'users'
    /usr/local/rvm/gems/ruby-1.9.3-p194/gems/activerecord-3.2.8/lib/active_record/connection_adapters/sqlite_adapter.rb:472:in `table_structure'
    /usr/local/rvm/gems/ruby-1.9.3-p194/gems/activerecord-3.2.8/lib/active_record/connection_adapters/sqlite_adapter.rb:346:in `columns'
    /usr/local/rvm/gems/ruby-1.9.3-p194/gems/activerecord-3.2.8/lib/active_record/fixtures.rb:660:in `column_names'
    /usr/local/rvm/gems/ruby-1.9.3-p194/gems/activerecord-3.2.8/lib/active_record/fixtures.rb:652:in `timestamp_column_names'
    /usr/local/rvm/gems/ruby-1.9.3-p194/gems/activerecord-3.2.8/lib/active_record/fixtures.rb:585:in `block in table_rows'
    /usr/local/rvm/gems/ruby-1.9.3-p194/gems/activerecord-3.2.8/lib/active_record/fixtures.rb:579:in `each'
    /usr/local/rvm/gems/ruby-1.9.3-p194/gems/activerecord-3.2.8/lib/active_record/fixtures.rb:579:in `map'
    /usr/local/rvm/gems/ruby-1.9.3-p194/gems/activerecord-3.2.8/lib/active_record/fixtures.rb:579:in `table_rows'
    /usr/local/rvm/gems/ruby-1.9.3-p194/gems/activerecord-3.2.8/lib/active_record/fixtures.rb:494:in `block (3 levels) in create_fixtures'
    /usr/local/rvm/gems/ruby-1.9.3-p194/gems/activerecord-3.2.8/lib/active_record/fixtures.rb:492:in `each'
    /usr/local/rvm/gems/ruby-1.9.3-p194/gems/activerecord-3.2.8/lib/active_record/fixtures.rb:492:in `block (2 levels) in create_fixtures'
    /usr/local/rvm/gems/ruby-1.9.3-p194/gems/activerecord-3.2.8/lib/active_record/connection_adapters/abstract/database_statements.rb:192:in `transaction'
    /usr/local/rvm/gems/ruby-1.9.3-p194/gems/activerecord-3.2.8/lib/active_record/fixtures.rb:491:in `block in create_fixtures'
    /usr/local/rvm/gems/ruby-1.9.3-p194/gems/activerecord-3.2.8/lib/active_record/connection_adapters/abstract_adapter.rb:168:in `disable_referential_integrity'
    /usr/local/rvm/gems/ruby-1.9.3-p194/gems/activerecord-3.2.8/lib/active_record/fixtures.rb:476:in `create_fixtures'
    /usr/local/rvm/gems/ruby-1.9.3-p194/gems/activerecord-3.2.8/lib/active_record/fixtures.rb:895:in `load_fixtures'
    /usr/local/rvm/gems/ruby-1.9.3-p194/gems/activerecord-3.2.8/lib/active_record/fixtures.rb:849:in `setup_fixtures'
    /usr/local/rvm/gems/ruby-1.9.3-p194/gems/activesupport-3.2.8/lib/active_support/callbacks.rb:429:in `_run__946286067__setup__533636198__callbacks'
    /usr/local/rvm/gems/ruby-1.9.3-p194/gems/activesupport-3.2.8/lib/active_support/callbacks.rb:405:in `__run_callback'
    /usr/local/rvm/gems/ruby-1.9.3-p194/gems/activesupport-3.2.8/lib/active_support/callbacks.rb:385:in `_run_setup_callbacks'
    /usr/local/rvm/gems/ruby-1.9.3-p194/gems/activesupport-3.2.8/lib/active_support/callbacks.rb:81:in `run_callbacks'
    /usr/local/rvm/gems/ruby-1.9.3-p194/gems/activesupport-3.2.8/lib/active_support/testing/setup_and_teardown.rb:35:in `run'

  2) Error:
test_should_destroy_micropost(MicropostsControllerTest):
ActiveRecord::StatementInvalid: Could not find table 'users'
    /usr/local/rvm/gems/ruby-1.9.3-p194/gems/activerecord-3.2.8/lib/active_record/connection_adapters/sqlite_adapter.rb:472:in `table_structure'
    /usr/local/rvm/gems/ruby-1.9.3-p194/gems/activerecord-3.2.8/lib/active_record/connection_adapters/sqlite_adapter.rb:346:in `columns'
    /usr/local/rvm/gems/ruby-1.9.3-p194/gems/activerecord-3.2.8/lib/active_record/fixtures.rb:660:in `column_names'
    /usr/local/rvm/gems/ruby-1.9.3-p194/gems/activerecord-3.2.8/lib/active_record/fixtures.rb:652:in `timestamp_column_names'
    /usr/local/rvm/gems/ruby-1.9.3-p194/gems/activerecord-3.2.8/lib/active_record/fixtures.rb:585:in `block in table_rows'
    /usr/local/rvm/gems/ruby-1.9.3-p194/gems/activerecord-3.2.8/lib/active_record/fixtures.rb:579:in `each'
    /usr/local/rvm/gems/ruby-1.9.3-p194/gems/activerecord-3.2.8/lib/active_record/fixtures.rb:579:in `map'
    /usr/local/rvm/gems/ruby-1.9.3-p194/gems/activerecord-3.2.8/lib/active_record/fixtures.rb:579:in `table_rows'
    /usr/local/rvm/gems/ruby-1.9.3-p194/gems/activerecord-3.2.8/lib/active_record/fixtures.rb:494:in `block (3 levels) in create_fixtures'
    /usr/local/rvm/gems/ruby-1.9.3-p194/gems/activerecord-3.2.8/lib/active_record/fixtures.rb:492:in `each'
    /usr/local/rvm/gems/ruby-1.9.3-p194/gems/activerecord-3.2.8/lib/active_record/fixtures.rb:492:in `block (2 levels) in create_fixtures'
    /usr/local/rvm/gems/ruby-1.9.3-p194/gems/activerecord-3.2.8/lib/active_record/connection_adapters/abstract/database_statements.rb:192:in `transaction'
    /usr/local/rvm/gems/ruby-1.9.3-p194/gems/activerecord-3.2.8/lib/active_record/fixtures.rb:491:in `block in create_fixtures'
    /usr/local/rvm/gems/ruby-1.9.3-p194/gems/activerecord-3.2.8/lib/active_record/connection_adapters/abstract_adapter.rb:168:in `disable_referential_integrity'
    /usr/local/rvm/gems/ruby-1.9.3-p194/gems/activerecord-3.2.8/lib/active_record/fixtures.rb:476:in `create_fixtures'
    /usr/local/rvm/gems/ruby-1.9.3-p194/gems/activerecord-3.2.8/lib/active_record/fixtures.rb:895:in `load_fixtures'
    /usr/local/rvm/gems/ruby-1.9.3-p194/gems/activerecord-3.2.8/lib/active_record/fixtures.rb:849:in `setup_fixtures'
    /usr/local/rvm/gems/ruby-1.9.3-p194/gems/activesupport-3.2.8/lib/active_support/callbacks.rb:429:in `_run__946286067__setup__533636198__callbacks'
    /usr/local/rvm/gems/ruby-1.9.3-p194/gems/activesupport-3.2.8/lib/active_support/callbacks.rb:405:in `__run_callback'
    /usr/local/rvm/gems/ruby-1.9.3-p194/gems/activesupport-3.2.8/lib/active_support/callbacks.rb:385:in `_run_setup_callbacks'
    /usr/local/rvm/gems/ruby-1.9.3-p194/gems/activesupport-3.2.8/lib/active_support/callbacks.rb:81:in `run_callbacks'
    /usr/local/rvm/gems/ruby-1.9.3-p194/gems/activesupport-3.2.8/lib/active_support/testing/setup_and_teardown.rb:35:in `run'

  3) Error:
test_should_get_edit(MicropostsControllerTest):
ActiveRecord::StatementInvalid: Could not find table 'users'
    /usr/local/rvm/gems/ruby-1.9.3-p194/gems/activerecord-3.2.8/lib/active_record/connection_adapters/sqlite_adapter.rb:472:in `table_structure'
    /usr/local/rvm/gems/ruby-1.9.3-p194/gems/activerecord-3.2.8/lib/active_record/connection_adapters/sqlite_adapter.rb:346:in `columns'
    /usr/local/rvm/gems/ruby-1.9.3-p194/gems/activerecord-3.2.8/lib/active_record/fixtures.rb:660:in `column_names'
    /usr/local/rvm/gems/ruby-1.9.3-p194/gems/activerecord-3.2.8/lib/active_record/fixtures.rb:652:in `timestamp_column_names'
    /usr/local/rvm/gems/ruby-1.9.3-p194/gems/activerecord-3.2.8/lib/active_record/fixtures.rb:585:in `block in table_rows'
    /usr/local/rvm/gems/ruby-1.9.3-p194/gems/activerecord-3.2.8/lib/active_record/fixtures.rb:579:in `each'
    /usr/local/rvm/gems/ruby-1.9.3-p194/gems/activerecord-3.2.8/lib/active_record/fixtures.rb:579:in `map'
    /usr/local/rvm/gems/ruby-1.9.3-p194/gems/activerecord-3.2.8/lib/active_record/fixtures.rb:579:in `table_rows'
    /usr/local/rvm/gems/ruby-1.9.3-p194/gems/activerecord-3.2.8/lib/active_record/fixtures.rb:494:in `block (3 levels) in create_fixtures'
    /usr/local/rvm/gems/ruby-1.9.3-p194/gems/activerecord-3.2.8/lib/active_record/fixtures.rb:492:in `each'
    /usr/local/rvm/gems/ruby-1.9.3-p194/gems/activerecord-3.2.8/lib/active_record/fixtures.rb:492:in `block (2 levels) in create_fixtures'
    /usr/local/rvm/gems/ruby-1.9.3-p194/gems/activerecord-3.2.8/lib/active_record/connection_adapters/abstract/database_statements.rb:192:in `transaction'
    /usr/local/rvm/gems/ruby-1.9.3-p194/gems/activerecord-3.2.8/lib/active_record/fixtures.rb:491:in `block in create_fixtures'
    /usr/local/rvm/gems/ruby-1.9.3-p194/gems/activerecord-3.2.8/lib/active_record/connection_adapters/abstract_adapter.rb:168:in `disable_referential_integrity'
    /usr/local/rvm/gems/ruby-1.9.3-p194/gems/activerecord-3.2.8/lib/active_record/fixtures.rb:476:in `create_fixtures'
    /usr/local/rvm/gems/ruby-1.9.3-p194/gems/activerecord-3.2.8/lib/active_record/fixtures.rb:895:in `load_fixtures'
    /usr/local/rvm/gems/ruby-1.9.3-p194/gems/activerecord-3.2.8/lib/active_record/fixtures.rb:849:in `setup_fixtures'
    /usr/local/rvm/gems/ruby-1.9.3-p194/gems/activesupport-3.2.8/lib/active_support/callbacks.rb:429:in `_run__946286067__setup__533636198__callbacks'
    /usr/local/rvm/gems/ruby-1.9.3-p194/gems/activesupport-3.2.8/lib/active_support/callbacks.rb:405:in `__run_callback'
    /usr/local/rvm/gems/ruby-1.9.3-p194/gems/activesupport-3.2.8/lib/active_support/callbacks.rb:385:in `_run_setup_callbacks'
    /usr/local/rvm/gems/ruby-1.9.3-p194/gems/activesupport-3.2.8/lib/active_support/callbacks.rb:81:in `run_callbacks'
    /usr/local/rvm/gems/ruby-1.9.3-p194/gems/activesupport-3.2.8/lib/active_support/testing/setup_and_teardown.rb:35:in `run'

  4) Error:
test_should_get_index(MicropostsControllerTest):
ActiveRecord::StatementInvalid: Could not find table 'users'
    /usr/local/rvm/gems/ruby-1.9.3-p194/gems/activerecord-3.2.8/lib/active_record/connection_adapters/sqlite_adapter.rb:472:in `table_structure'
    /usr/local/rvm/gems/ruby-1.9.3-p194/gems/activerecord-3.2.8/lib/active_record/connection_adapters/sqlite_adapter.rb:346:in `columns'
    /usr/local/rvm/gems/ruby-1.9.3-p194/gems/activerecord-3.2.8/lib/active_record/fixtures.rb:660:in `column_names'
    /usr/local/rvm/gems/ruby-1.9.3-p194/gems/activerecord-3.2.8/lib/active_record/fixtures.rb:652:in `timestamp_column_names'
    /usr/local/rvm/gems/ruby-1.9.3-p194/gems/activerecord-3.2.8/lib/active_record/fixtures.rb:585:in `block in table_rows'
    /usr/local/rvm/gems/ruby-1.9.3-p194/gems/activerecord-3.2.8/lib/active_record/fixtures.rb:579:in `each'
    /usr/local/rvm/gems/ruby-1.9.3-p194/gems/activerecord-3.2.8/lib/active_record/fixtures.rb:579:in `map'
    /usr/local/rvm/gems/ruby-1.9.3-p194/gems/activerecord-3.2.8/lib/active_record/fixtures.rb:579:in `table_rows'
    /usr/local/rvm/gems/ruby-1.9.3-p194/gems/activerecord-3.2.8/lib/active_record/fixtures.rb:494:in `block (3 levels) in create_fixtures'
    /usr/local/rvm/gems/ruby-1.9.3-p194/gems/activerecord-3.2.8/lib/active_record/fixtures.rb:492:in `each'
    /usr/local/rvm/gems/ruby-1.9.3-p194/gems/activerecord-3.2.8/lib/active_record/fixtures.rb:492:in `block (2 levels) in create_fixtures'
    /usr/local/rvm/gems/ruby-1.9.3-p194/gems/activerecord-3.2.8/lib/active_record/connection_adapters/abstract/database_statements.rb:192:in `transaction'
    /usr/local/rvm/gems/ruby-1.9.3-p194/gems/activerecord-3.2.8/lib/active_record/fixtures.rb:491:in `block in create_fixtures'
    /usr/local/rvm/gems/ruby-1.9.3-p194/gems/activerecord-3.2.8/lib/active_record/connection_adapters/abstract_adapter.rb:168:in `disable_referential_integrity'
    /usr/local/rvm/gems/ruby-1.9.3-p194/gems/activerecord-3.2.8/lib/active_record/fixtures.rb:476:in `create_fixtures'
    /usr/local/rvm/gems/ruby-1.9.3-p194/gems/activerecord-3.2.8/lib/active_record/fixtures.rb:895:in `load_fixtures'
    /usr/local/rvm/gems/ruby-1.9.3-p194/gems/activerecord-3.2.8/lib/active_record/fixtures.rb:849:in `setup_fixtures'
    /usr/local/rvm/gems/ruby-1.9.3-p194/gems/activesupport-3.2.8/lib/active_support/callbacks.rb:429:in `_run__946286067__setup__533636198__callbacks'
    /usr/local/rvm/gems/ruby-1.9.3-p194/gems/activesupport-3.2.8/lib/active_support/callbacks.rb:405:in `__run_callback'
    /usr/local/rvm/gems/ruby-1.9.3-p194/gems/activesupport-3.2.8/lib/active_support/callbacks.rb:385:in `_run_setup_callbacks'
    /usr/local/rvm/gems/ruby-1.9.3-p194/gems/activesupport-3.2.8/lib/active_support/callbacks.rb:81:in `run_callbacks'
    /usr/local/rvm/gems/ruby-1.9.3-p194/gems/activesupport-3.2.8/lib/active_support/testing/setup_and_teardown.rb:35:in `run'

  5) Error:
test_should_get_new(MicropostsControllerTest):
ActiveRecord::StatementInvalid: Could not find table 'users'
    /usr/local/rvm/gems/ruby-1.9.3-p194/gems/activerecord-3.2.8/lib/active_record/connection_adapters/sqlite_adapter.rb:472:in `table_structure'
    /usr/local/rvm/gems/ruby-1.9.3-p194/gems/activerecord-3.2.8/lib/active_record/connection_adapters/sqlite_adapter.rb:346:in `columns'
    /usr/local/rvm/gems/ruby-1.9.3-p194/gems/activerecord-3.2.8/lib/active_record/fixtures.rb:660:in `column_names'
    /usr/local/rvm/gems/ruby-1.9.3-p194/gems/activerecord-3.2.8/lib/active_record/fixtures.rb:652:in `timestamp_column_names'
    /usr/local/rvm/gems/ruby-1.9.3-p194/gems/activerecord-3.2.8/lib/active_record/fixtures.rb:585:in `block in table_rows'
    /usr/local/rvm/gems/ruby-1.9.3-p194/gems/activerecord-3.2.8/lib/active_record/fixtures.rb:579:in `each'
    /usr/local/rvm/gems/ruby-1.9.3-p194/gems/activerecord-3.2.8/lib/active_record/fixtures.rb:579:in `map'
    /usr/local/rvm/gems/ruby-1.9.3-p194/gems/activerecord-3.2.8/lib/active_record/fixtures.rb:579:in `table_rows'
    /usr/local/rvm/gems/ruby-1.9.3-p194/gems/activerecord-3.2.8/lib/active_record/fixtures.rb:494:in `block (3 levels) in create_fixtures'
    /usr/local/rvm/gems/ruby-1.9.3-p194/gems/activerecord-3.2.8/lib/active_record/fixtures.rb:492:in `each'
    /usr/local/rvm/gems/ruby-1.9.3-p194/gems/activerecord-3.2.8/lib/active_record/fixtures.rb:492:in `block (2 levels) in create_fixtures'
    /usr/local/rvm/gems/ruby-1.9.3-p194/gems/activerecord-3.2.8/lib/active_record/connection_adapters/abstract/database_statements.rb:192:in `transaction'
    /usr/local/rvm/gems/ruby-1.9.3-p194/gems/activerecord-3.2.8/lib/active_record/fixtures.rb:491:in `block in create_fixtures'
    /usr/local/rvm/gems/ruby-1.9.3-p194/gems/activerecord-3.2.8/lib/active_record/connection_adapters/abstract_adapter.rb:168:in `disable_referential_integrity'
    /usr/local/rvm/gems/ruby-1.9.3-p194/gems/activerecord-3.2.8/lib/active_record/fixtures.rb:476:in `create_fixtures'
    /usr/local/rvm/gems/ruby-1.9.3-p194/gems/activerecord-3.2.8/lib/active_record/fixtures.rb:895:in `load_fixtures'
    /usr/local/rvm/gems/ruby-1.9.3-p194/gems/activerecord-3.2.8/lib/active_record/fixtures.rb:849:in `setup_fixtures'
    /usr/local/rvm/gems/ruby-1.9.3-p194/gems/activesupport-3.2.8/lib/active_support/callbacks.rb:429:in `_run__946286067__setup__533636198__callbacks'
    /usr/local/rvm/gems/ruby-1.9.3-p194/gems/activesupport-3.2.8/lib/active_support/callbacks.rb:405:in `__run_callback'
    /usr/local/rvm/gems/ruby-1.9.3-p194/gems/activesupport-3.2.8/lib/active_support/callbacks.rb:385:in `_run_setup_callbacks'
    /usr/local/rvm/gems/ruby-1.9.3-p194/gems/activesupport-3.2.8/lib/active_support/callbacks.rb:81:in `run_callbacks'
    /usr/local/rvm/gems/ruby-1.9.3-p194/gems/activesupport-3.2.8/lib/active_support/testing/setup_and_teardown.rb:35:in `run'

  6) Error:
test_should_show_micropost(MicropostsControllerTest):
ActiveRecord::StatementInvalid: Could not find table 'users'
    /usr/local/rvm/gems/ruby-1.9.3-p194/gems/activerecord-3.2.8/lib/active_record/connection_adapters/sqlite_adapter.rb:472:in `table_structure'
    /usr/local/rvm/gems/ruby-1.9.3-p194/gems/activerecord-3.2.8/lib/active_record/connection_adapters/sqlite_adapter.rb:346:in `columns'
    /usr/local/rvm/gems/ruby-1.9.3-p194/gems/activerecord-3.2.8/lib/active_record/fixtures.rb:660:in `column_names'
    /usr/local/rvm/gems/ruby-1.9.3-p194/gems/activerecord-3.2.8/lib/active_record/fixtures.rb:652:in `timestamp_column_names'
    /usr/local/rvm/gems/ruby-1.9.3-p194/gems/activerecord-3.2.8/lib/active_record/fixtures.rb:585:in `block in table_rows'
    /usr/local/rvm/gems/ruby-1.9.3-p194/gems/activerecord-3.2.8/lib/active_record/fixtures.rb:579:in `each'
    /usr/local/rvm/gems/ruby-1.9.3-p194/gems/activerecord-3.2.8/lib/active_record/fixtures.rb:579:in `map'
    /usr/local/rvm/gems/ruby-1.9.3-p194/gems/activerecord-3.2.8/lib/active_record/fixtures.rb:579:in `table_rows'
    /usr/local/rvm/gems/ruby-1.9.3-p194/gems/activerecord-3.2.8/lib/active_record/fixtures.rb:494:in `block (3 levels) in create_fixtures'
    /usr/local/rvm/gems/ruby-1.9.3-p194/gems/activerecord-3.2.8/lib/active_record/fixtures.rb:492:in `each'
    /usr/local/rvm/gems/ruby-1.9.3-p194/gems/activerecord-3.2.8/lib/active_record/fixtures.rb:492:in `block (2 levels) in create_fixtures'
    /usr/local/rvm/gems/ruby-1.9.3-p194/gems/activerecord-3.2.8/lib/active_record/connection_adapters/abstract/database_statements.rb:192:in `transaction'
    /usr/local/rvm/gems/ruby-1.9.3-p194/gems/activerecord-3.2.8/lib/active_record/fixtures.rb:491:in `block in create_fixtures'
    /usr/local/rvm/gems/ruby-1.9.3-p194/gems/activerecord-3.2.8/lib/active_record/connection_adapters/abstract_adapter.rb:168:in `disable_referential_integrity'
    /usr/local/rvm/gems/ruby-1.9.3-p194/gems/activerecord-3.2.8/lib/active_record/fixtures.rb:476:in `create_fixtures'
    /usr/local/rvm/gems/ruby-1.9.3-p194/gems/activerecord-3.2.8/lib/active_record/fixtures.rb:895:in `load_fixtures'
    /usr/local/rvm/gems/ruby-1.9.3-p194/gems/activerecord-3.2.8/lib/active_record/fixtures.rb:849:in `setup_fixtures'
    /usr/local/rvm/gems/ruby-1.9.3-p194/gems/activesupport-3.2.8/lib/active_support/callbacks.rb:429:in `_run__946286067__setup__533636198__callbacks'
    /usr/local/rvm/gems/ruby-1.9.3-p194/gems/activesupport-3.2.8/lib/active_support/callbacks.rb:405:in `__run_callback'
    /usr/local/rvm/gems/ruby-1.9.3-p194/gems/activesupport-3.2.8/lib/active_support/callbacks.rb:385:in `_run_setup_callbacks'
    /usr/local/rvm/gems/ruby-1.9.3-p194/gems/activesupport-3.2.8/lib/active_support/callbacks.rb:81:in `run_callbacks'
    /usr/local/rvm/gems/ruby-1.9.3-p194/gems/activesupport-3.2.8/lib/active_support/testing/setup_and_teardown.rb:35:in `run'

  7) Error:
test_should_update_micropost(MicropostsControllerTest):
ActiveRecord::StatementInvalid: Could not find table 'users'
    /usr/local/rvm/gems/ruby-1.9.3-p194/gems/activerecord-3.2.8/lib/active_record/connection_adapters/sqlite_adapter.rb:472:in `table_structure'
    /usr/local/rvm/gems/ruby-1.9.3-p194/gems/activerecord-3.2.8/lib/active_record/connection_adapters/sqlite_adapter.rb:346:in `columns'
    /usr/local/rvm/gems/ruby-1.9.3-p194/gems/activerecord-3.2.8/lib/active_record/fixtures.rb:660:in `column_names'
    /usr/local/rvm/gems/ruby-1.9.3-p194/gems/activerecord-3.2.8/lib/active_record/fixtures.rb:652:in `timestamp_column_names'
    /usr/local/rvm/gems/ruby-1.9.3-p194/gems/activerecord-3.2.8/lib/active_record/fixtures.rb:585:in `block in table_rows'
    /usr/local/rvm/gems/ruby-1.9.3-p194/gems/activerecord-3.2.8/lib/active_record/fixtures.rb:579:in `each'
    /usr/local/rvm/gems/ruby-1.9.3-p194/gems/activerecord-3.2.8/lib/active_record/fixtures.rb:579:in `map'
    /usr/local/rvm/gems/ruby-1.9.3-p194/gems/activerecord-3.2.8/lib/active_record/fixtures.rb:579:in `table_rows'
    /usr/local/rvm/gems/ruby-1.9.3-p194/gems/activerecord-3.2.8/lib/active_record/fixtures.rb:494:in `block (3 levels) in create_fixtures'
    /usr/local/rvm/gems/ruby-1.9.3-p194/gems/activerecord-3.2.8/lib/active_record/fixtures.rb:492:in `each'
    /usr/local/rvm/gems/ruby-1.9.3-p194/gems/activerecord-3.2.8/lib/active_record/fixtures.rb:492:in `block (2 levels) in create_fixtures'
    /usr/local/rvm/gems/ruby-1.9.3-p194/gems/activerecord-3.2.8/lib/active_record/connection_adapters/abstract/database_statements.rb:192:in `transaction'
    /usr/local/rvm/gems/ruby-1.9.3-p194/gems/activerecord-3.2.8/lib/active_record/fixtures.rb:491:in `block in create_fixtures'
    /usr/local/rvm/gems/ruby-1.9.3-p194/gems/activerecord-3.2.8/lib/active_record/connection_adapters/abstract_adapter.rb:168:in `disable_referential_integrity'
    /usr/local/rvm/gems/ruby-1.9.3-p194/gems/activerecord-3.2.8/lib/active_record/fixtures.rb:476:in `create_fixtures'
    /usr/local/rvm/gems/ruby-1.9.3-p194/gems/activerecord-3.2.8/lib/active_record/fixtures.rb:895:in `load_fixtures'
    /usr/local/rvm/gems/ruby-1.9.3-p194/gems/activerecord-3.2.8/lib/active_record/fixtures.rb:849:in `setup_fixtures'
    /usr/local/rvm/gems/ruby-1.9.3-p194/gems/activesupport-3.2.8/lib/active_support/callbacks.rb:429:in `_run__946286067__setup__533636198__callbacks'
    /usr/local/rvm/gems/ruby-1.9.3-p194/gems/activesupport-3.2.8/lib/active_support/callbacks.rb:405:in `__run_callback'
    /usr/local/rvm/gems/ruby-1.9.3-p194/gems/activesupport-3.2.8/lib/active_support/callbacks.rb:385:in `_run_setup_callbacks'
    /usr/local/rvm/gems/ruby-1.9.3-p194/gems/activesupport-3.2.8/lib/active_support/callbacks.rb:81:in `run_callbacks'
    /usr/local/rvm/gems/ruby-1.9.3-p194/gems/activesupport-3.2.8/lib/active_support/testing/setup_and_teardown.rb:35:in `run'

7 tests, 0 assertions, 0 failures, 7 errors, 0 skips
/usr/local/rvm/rubies/ruby-1.9.3-p194/bin/ruby -I.:lib:test -rubygems test/functional/microposts_controller_test.rb -n "/^(test_should_create_micropost|test_should_destroy_micropost|test_should_get_edit|test_should_get_index|test_should_get_new|test_should_show_micropost|test_should_update_micropost)$/"; /usr/local/rvm/rubies/ruby-1.9.3-p194/bin/ruby -I.:lib:test -rubygems test/functional/pages_controller_test.rb -n "/^(test_should_get_contact|test_should_get_home)$/"; /usr/local/rvm/rubies/ruby-1.9.3-p194/bin/ruby -I.:lib:test -rubygems test/functional/users_controller_test.rb -n "/^(test_should_create_user|test_should_destroy_user|test_should_get_edit|test_should_get_index|test_should_get_new|test_should_show_user|test_should_update_user)$/"
Run options: -n "/^(test_should_create_micropost|test_should_destroy_micropost|test_should_get_edit|test_should_get_index|test_should_get_new|test_should_show_micropost|test_should_update_micropost)$/"

# Running tests:

EEEEEEE

Finished tests in 0.115274s, 60.7247 tests/s, 0.0000 assertions/s.

  1) Error:
test_should_create_micropost(MicropostsControllerTest):
ActiveRecord::StatementInvalid: Could not find table 'users'
    /usr/local/rvm/gems/ruby-1.9.3-p194/gems/activerecord-3.2.8/lib/active_record/connection_adapters/sqlite_adapter.rb:472:in `table_structure'
    /usr/local/rvm/gems/ruby-1.9.3-p194/gems/activerecord-3.2.8/lib/active_record/connection_adapters/sqlite_adapter.rb:346:in `columns'
    /usr/local/rvm/gems/ruby-1.9.3-p194/gems/activerecord-3.2.8/lib/active_record/fixtures.rb:660:in `column_names'
    /usr/local/rvm/gems/ruby-1.9.3-p194/gems/activerecord-3.2.8/lib/active_record/fixtures.rb:652:in `timestamp_column_names'
    /usr/local/rvm/gems/ruby-1.9.3-p194/gems/activerecord-3.2.8/lib/active_record/fixtures.rb:585:in `block in table_rows'
    /usr/local/rvm/gems/ruby-1.9.3-p194/gems/activerecord-3.2.8/lib/active_record/fixtures.rb:579:in `each'
    /usr/local/rvm/gems/ruby-1.9.3-p194/gems/activerecord-3.2.8/lib/active_record/fixtures.rb:579:in `map'
    /usr/local/rvm/gems/ruby-1.9.3-p194/gems/activerecord-3.2.8/lib/active_record/fixtures.rb:579:in `table_rows'
    /usr/local/rvm/gems/ruby-1.9.3-p194/gems/activerecord-3.2.8/lib/active_record/fixtures.rb:494:in `block (3 levels) in create_fixtures'
    /usr/local/rvm/gems/ruby-1.9.3-p194/gems/activerecord-3.2.8/lib/active_record/fixtures.rb:492:in `each'
    /usr/local/rvm/gems/ruby-1.9.3-p194/gems/activerecord-3.2.8/lib/active_record/fixtures.rb:492:in `block (2 levels) in create_fixtures'
    /usr/local/rvm/gems/ruby-1.9.3-p194/gems/activerecord-3.2.8/lib/active_record/connection_adapters/abstract/database_statements.rb:192:in `transaction'
    /usr/local/rvm/gems/ruby-1.9.3-p194/gems/activerecord-3.2.8/lib/active_record/fixtures.rb:491:in `block in create_fixtures'
    /usr/local/rvm/gems/ruby-1.9.3-p194/gems/activerecord-3.2.8/lib/active_record/connection_adapters/abstract_adapter.rb:168:in `disable_referential_integrity'
    /usr/local/rvm/gems/ruby-1.9.3-p194/gems/activerecord-3.2.8/lib/active_record/fixtures.rb:476:in `create_fixtures'
    /usr/local/rvm/gems/ruby-1.9.3-p194/gems/activerecord-3.2.8/lib/active_record/fixtures.rb:895:in `load_fixtures'
    /usr/local/rvm/gems/ruby-1.9.3-p194/gems/activerecord-3.2.8/lib/active_record/fixtures.rb:849:in `setup_fixtures'
    /usr/local/rvm/gems/ruby-1.9.3-p194/gems/activesupport-3.2.8/lib/active_support/callbacks.rb:429:in `_run__318357299__setup__42180442__callbacks'
    /usr/local/rvm/gems/ruby-1.9.3-p194/gems/activesupport-3.2.8/lib/active_support/callbacks.rb:405:in `__run_callback'
    /usr/local/rvm/gems/ruby-1.9.3-p194/gems/activesupport-3.2.8/lib/active_support/callbacks.rb:385:in `_run_setup_callbacks'
    /usr/local/rvm/gems/ruby-1.9.3-p194/gems/activesupport-3.2.8/lib/active_support/callbacks.rb:81:in `run_callbacks'
    /usr/local/rvm/gems/ruby-1.9.3-p194/gems/activesupport-3.2.8/lib/active_support/testing/setup_and_teardown.rb:35:in `run'

  2) Error:
test_should_destroy_micropost(MicropostsControllerTest):
ActiveRecord::StatementInvalid: Could not find table 'users'
    /usr/local/rvm/gems/ruby-1.9.3-p194/gems/activerecord-3.2.8/lib/active_record/connection_adapters/sqlite_adapter.rb:472:in `table_structure'
    /usr/local/rvm/gems/ruby-1.9.3-p194/gems/activerecord-3.2.8/lib/active_record/connection_adapters/sqlite_adapter.rb:346:in `columns'
    /usr/local/rvm/gems/ruby-1.9.3-p194/gems/activerecord-3.2.8/lib/active_record/fixtures.rb:660:in `column_names'
    /usr/local/rvm/gems/ruby-1.9.3-p194/gems/activerecord-3.2.8/lib/active_record/fixtures.rb:652:in `timestamp_column_names'
    /usr/local/rvm/gems/ruby-1.9.3-p194/gems/activerecord-3.2.8/lib/active_record/fixtures.rb:585:in `block in table_rows'
    /usr/local/rvm/gems/ruby-1.9.3-p194/gems/activerecord-3.2.8/lib/active_record/fixtures.rb:579:in `each'
    /usr/local/rvm/gems/ruby-1.9.3-p194/gems/activerecord-3.2.8/lib/active_record/fixtures.rb:579:in `map'
    /usr/local/rvm/gems/ruby-1.9.3-p194/gems/activerecord-3.2.8/lib/active_record/fixtures.rb:579:in `table_rows'
    /usr/local/rvm/gems/ruby-1.9.3-p194/gems/activerecord-3.2.8/lib/active_record/fixtures.rb:494:in `block (3 levels) in create_fixtures'
    /usr/local/rvm/gems/ruby-1.9.3-p194/gems/activerecord-3.2.8/lib/active_record/fixtures.rb:492:in `each'
    /usr/local/rvm/gems/ruby-1.9.3-p194/gems/activerecord-3.2.8/lib/active_record/fixtures.rb:492:in `block (2 levels) in create_fixtures'
    /usr/local/rvm/gems/ruby-1.9.3-p194/gems/activerecord-3.2.8/lib/active_record/connection_adapters/abstract/database_statements.rb:192:in `transaction'
    /usr/local/rvm/gems/ruby-1.9.3-p194/gems/activerecord-3.2.8/lib/active_record/fixtures.rb:491:in `block in create_fixtures'
    /usr/local/rvm/gems/ruby-1.9.3-p194/gems/activerecord-3.2.8/lib/active_record/connection_adapters/abstract_adapter.rb:168:in `disable_referential_integrity'
    /usr/local/rvm/gems/ruby-1.9.3-p194/gems/activerecord-3.2.8/lib/active_record/fixtures.rb:476:in `create_fixtures'
    /usr/local/rvm/gems/ruby-1.9.3-p194/gems/activerecord-3.2.8/lib/active_record/fixtures.rb:895:in `load_fixtures'
    /usr/local/rvm/gems/ruby-1.9.3-p194/gems/activerecord-3.2.8/lib/active_record/fixtures.rb:849:in `setup_fixtures'
    /usr/local/rvm/gems/ruby-1.9.3-p194/gems/activesupport-3.2.8/lib/active_support/callbacks.rb:429:in `_run__318357299__setup__42180442__callbacks'
    /usr/local/rvm/gems/ruby-1.9.3-p194/gems/activesupport-3.2.8/lib/active_support/callbacks.rb:405:in `__run_callback'
    /usr/local/rvm/gems/ruby-1.9.3-p194/gems/activesupport-3.2.8/lib/active_support/callbacks.rb:385:in `_run_setup_callbacks'
    /usr/local/rvm/gems/ruby-1.9.3-p194/gems/activesupport-3.2.8/lib/active_support/callbacks.rb:81:in `run_callbacks'
    /usr/local/rvm/gems/ruby-1.9.3-p194/gems/activesupport-3.2.8/lib/active_support/testing/setup_and_teardown.rb:35:in `run'

  3) Error:
test_should_get_edit(MicropostsControllerTest):
ActiveRecord::StatementInvalid: Could not find table 'users'
    /usr/local/rvm/gems/ruby-1.9.3-p194/gems/activerecord-3.2.8/lib/active_record/connection_adapters/sqlite_adapter.rb:472:in `table_structure'
    /usr/local/rvm/gems/ruby-1.9.3-p194/gems/activerecord-3.2.8/lib/active_record/connection_adapters/sqlite_adapter.rb:346:in `columns'
    /usr/local/rvm/gems/ruby-1.9.3-p194/gems/activerecord-3.2.8/lib/active_record/fixtures.rb:660:in `column_names'
    /usr/local/rvm/gems/ruby-1.9.3-p194/gems/activerecord-3.2.8/lib/active_record/fixtures.rb:652:in `timestamp_column_names'
    /usr/local/rvm/gems/ruby-1.9.3-p194/gems/activerecord-3.2.8/lib/active_record/fixtures.rb:585:in `block in table_rows'
    /usr/local/rvm/gems/ruby-1.9.3-p194/gems/activerecord-3.2.8/lib/active_record/fixtures.rb:579:in `each'
    /usr/local/rvm/gems/ruby-1.9.3-p194/gems/activerecord-3.2.8/lib/active_record/fixtures.rb:579:in `map'
    /usr/local/rvm/gems/ruby-1.9.3-p194/gems/activerecord-3.2.8/lib/active_record/fixtures.rb:579:in `table_rows'
    /usr/local/rvm/gems/ruby-1.9.3-p194/gems/activerecord-3.2.8/lib/active_record/fixtures.rb:494:in `block (3 levels) in create_fixtures'
    /usr/local/rvm/gems/ruby-1.9.3-p194/gems/activerecord-3.2.8/lib/active_record/fixtures.rb:492:in `each'
    /usr/local/rvm/gems/ruby-1.9.3-p194/gems/activerecord-3.2.8/lib/active_record/fixtures.rb:492:in `block (2 levels) in create_fixtures'
    /usr/local/rvm/gems/ruby-1.9.3-p194/gems/activerecord-3.2.8/lib/active_record/connection_adapters/abstract/database_statements.rb:192:in `transaction'
    /usr/local/rvm/gems/ruby-1.9.3-p194/gems/activerecord-3.2.8/lib/active_record/fixtures.rb:491:in `block in create_fixtures'
    /usr/local/rvm/gems/ruby-1.9.3-p194/gems/activerecord-3.2.8/lib/active_record/connection_adapters/abstract_adapter.rb:168:in `disable_referential_integrity'
    /usr/local/rvm/gems/ruby-1.9.3-p194/gems/activerecord-3.2.8/lib/active_record/fixtures.rb:476:in `create_fixtures'
    /usr/local/rvm/gems/ruby-1.9.3-p194/gems/activerecord-3.2.8/lib/active_record/fixtures.rb:895:in `load_fixtures'
    /usr/local/rvm/gems/ruby-1.9.3-p194/gems/activerecord-3.2.8/lib/active_record/fixtures.rb:849:in `setup_fixtures'
    /usr/local/rvm/gems/ruby-1.9.3-p194/gems/activesupport-3.2.8/lib/active_support/callbacks.rb:429:in `_run__318357299__setup__42180442__callbacks'
    /usr/local/rvm/gems/ruby-1.9.3-p194/gems/activesupport-3.2.8/lib/active_support/callbacks.rb:405:in `__run_callback'
    /usr/local/rvm/gems/ruby-1.9.3-p194/gems/activesupport-3.2.8/lib/active_support/callbacks.rb:385:in `_run_setup_callbacks'
    /usr/local/rvm/gems/ruby-1.9.3-p194/gems/activesupport-3.2.8/lib/active_support/callbacks.rb:81:in `run_callbacks'
    /usr/local/rvm/gems/ruby-1.9.3-p194/gems/activesupport-3.2.8/lib/active_support/testing/setup_and_teardown.rb:35:in `run'

  4) Error:
test_should_get_index(MicropostsControllerTest):
ActiveRecord::StatementInvalid: Could not find table 'users'
    /usr/local/rvm/gems/ruby-1.9.3-p194/gems/activerecord-3.2.8/lib/active_record/connection_adapters/sqlite_adapter.rb:472:in `table_structure'
    /usr/local/rvm/gems/ruby-1.9.3-p194/gems/activerecord-3.2.8/lib/active_record/connection_adapters/sqlite_adapter.rb:346:in `columns'
    /usr/local/rvm/gems/ruby-1.9.3-p194/gems/activerecord-3.2.8/lib/active_record/fixtures.rb:660:in `column_names'
    /usr/local/rvm/gems/ruby-1.9.3-p194/gems/activerecord-3.2.8/lib/active_record/fixtures.rb:652:in `timestamp_column_names'
    /usr/local/rvm/gems/ruby-1.9.3-p194/gems/activerecord-3.2.8/lib/active_record/fixtures.rb:585:in `block in table_rows'
    /usr/local/rvm/gems/ruby-1.9.3-p194/gems/activerecord-3.2.8/lib/active_record/fixtures.rb:579:in `each'
    /usr/local/rvm/gems/ruby-1.9.3-p194/gems/activerecord-3.2.8/lib/active_record/fixtures.rb:579:in `map'
    /usr/local/rvm/gems/ruby-1.9.3-p194/gems/activerecord-3.2.8/lib/active_record/fixtures.rb:579:in `table_rows'
    /usr/local/rvm/gems/ruby-1.9.3-p194/gems/activerecord-3.2.8/lib/active_record/fixtures.rb:494:in `block (3 levels) in create_fixtures'
    /usr/local/rvm/gems/ruby-1.9.3-p194/gems/activerecord-3.2.8/lib/active_record/fixtures.rb:492:in `each'
    /usr/local/rvm/gems/ruby-1.9.3-p194/gems/activerecord-3.2.8/lib/active_record/fixtures.rb:492:in `block (2 levels) in create_fixtures'
    /usr/local/rvm/gems/ruby-1.9.3-p194/gems/activerecord-3.2.8/lib/active_record/connection_adapters/abstract/database_statements.rb:192:in `transaction'
    /usr/local/rvm/gems/ruby-1.9.3-p194/gems/activerecord-3.2.8/lib/active_record/fixtures.rb:491:in `block in create_fixtures'
    /usr/local/rvm/gems/ruby-1.9.3-p194/gems/activerecord-3.2.8/lib/active_record/connection_adapters/abstract_adapter.rb:168:in `disable_referential_integrity'
    /usr/local/rvm/gems/ruby-1.9.3-p194/gems/activerecord-3.2.8/lib/active_record/fixtures.rb:476:in `create_fixtures'
    /usr/local/rvm/gems/ruby-1.9.3-p194/gems/activerecord-3.2.8/lib/active_record/fixtures.rb:895:in `load_fixtures'
    /usr/local/rvm/gems/ruby-1.9.3-p194/gems/activerecord-3.2.8/lib/active_record/fixtures.rb:849:in `setup_fixtures'
    /usr/local/rvm/gems/ruby-1.9.3-p194/gems/activesupport-3.2.8/lib/active_support/callbacks.rb:429:in `_run__318357299__setup__42180442__callbacks'
    /usr/local/rvm/gems/ruby-1.9.3-p194/gems/activesupport-3.2.8/lib/active_support/callbacks.rb:405:in `__run_callback'
    /usr/local/rvm/gems/ruby-1.9.3-p194/gems/activesupport-3.2.8/lib/active_support/callbacks.rb:385:in `_run_setup_callbacks'
    /usr/local/rvm/gems/ruby-1.9.3-p194/gems/activesupport-3.2.8/lib/active_support/callbacks.rb:81:in `run_callbacks'
    /usr/local/rvm/gems/ruby-1.9.3-p194/gems/activesupport-3.2.8/lib/active_support/testing/setup_and_teardown.rb:35:in `run'

  5) Error:
test_should_get_new(MicropostsControllerTest):
ActiveRecord::StatementInvalid: Could not find table 'users'
    /usr/local/rvm/gems/ruby-1.9.3-p194/gems/activerecord-3.2.8/lib/active_record/connection_adapters/sqlite_adapter.rb:472:in `table_structure'
    /usr/local/rvm/gems/ruby-1.9.3-p194/gems/activerecord-3.2.8/lib/active_record/connection_adapters/sqlite_adapter.rb:346:in `columns'
    /usr/local/rvm/gems/ruby-1.9.3-p194/gems/activerecord-3.2.8/lib/active_record/fixtures.rb:660:in `column_names'
    /usr/local/rvm/gems/ruby-1.9.3-p194/gems/activerecord-3.2.8/lib/active_record/fixtures.rb:652:in `timestamp_column_names'
    /usr/local/rvm/gems/ruby-1.9.3-p194/gems/activerecord-3.2.8/lib/active_record/fixtures.rb:585:in `block in table_rows'
    /usr/local/rvm/gems/ruby-1.9.3-p194/gems/activerecord-3.2.8/lib/active_record/fixtures.rb:579:in `each'
    /usr/local/rvm/gems/ruby-1.9.3-p194/gems/activerecord-3.2.8/lib/active_record/fixtures.rb:579:in `map'
    /usr/local/rvm/gems/ruby-1.9.3-p194/gems/activerecord-3.2.8/lib/active_record/fixtures.rb:579:in `table_rows'
    /usr/local/rvm/gems/ruby-1.9.3-p194/gems/activerecord-3.2.8/lib/active_record/fixtures.rb:494:in `block (3 levels) in create_fixtures'
    /usr/local/rvm/gems/ruby-1.9.3-p194/gems/activerecord-3.2.8/lib/active_record/fixtures.rb:492:in `each'
    /usr/local/rvm/gems/ruby-1.9.3-p194/gems/activerecord-3.2.8/lib/active_record/fixtures.rb:492:in `block (2 levels) in create_fixtures'
    /usr/local/rvm/gems/ruby-1.9.3-p194/gems/activerecord-3.2.8/lib/active_record/connection_adapters/abstract/database_statements.rb:192:in `transaction'
    /usr/local/rvm/gems/ruby-1.9.3-p194/gems/activerecord-3.2.8/lib/active_record/fixtures.rb:491:in `block in create_fixtures'
    /usr/local/rvm/gems/ruby-1.9.3-p194/gems/activerecord-3.2.8/lib/active_record/connection_adapters/abstract_adapter.rb:168:in `disable_referential_integrity'
    /usr/local/rvm/gems/ruby-1.9.3-p194/gems/activerecord-3.2.8/lib/active_record/fixtures.rb:476:in `create_fixtures'
    /usr/local/rvm/gems/ruby-1.9.3-p194/gems/activerecord-3.2.8/lib/active_record/fixtures.rb:895:in `load_fixtures'
    /usr/local/rvm/gems/ruby-1.9.3-p194/gems/activerecord-3.2.8/lib/active_record/fixtures.rb:849:in `setup_fixtures'
    /usr/local/rvm/gems/ruby-1.9.3-p194/gems/activesupport-3.2.8/lib/active_support/callbacks.rb:429:in `_run__318357299__setup__42180442__callbacks'
    /usr/local/rvm/gems/ruby-1.9.3-p194/gems/activesupport-3.2.8/lib/active_support/callbacks.rb:405:in `__run_callback'
    /usr/local/rvm/gems/ruby-1.9.3-p194/gems/activesupport-3.2.8/lib/active_support/callbacks.rb:385:in `_run_setup_callbacks'
    /usr/local/rvm/gems/ruby-1.9.3-p194/gems/activesupport-3.2.8/lib/active_support/callbacks.rb:81:in `run_callbacks'
    /usr/local/rvm/gems/ruby-1.9.3-p194/gems/activesupport-3.2.8/lib/active_support/testing/setup_and_teardown.rb:35:in `run'

  6) Error:
test_should_show_micropost(MicropostsControllerTest):
ActiveRecord::StatementInvalid: Could not find table 'users'
    /usr/local/rvm/gems/ruby-1.9.3-p194/gems/activerecord-3.2.8/lib/active_record/connection_adapters/sqlite_adapter.rb:472:in `table_structure'
    /usr/local/rvm/gems/ruby-1.9.3-p194/gems/activerecord-3.2.8/lib/active_record/connection_adapters/sqlite_adapter.rb:346:in `columns'
    /usr/local/rvm/gems/ruby-1.9.3-p194/gems/activerecord-3.2.8/lib/active_record/fixtures.rb:660:in `column_names'
    /usr/local/rvm/gems/ruby-1.9.3-p194/gems/activerecord-3.2.8/lib/active_record/fixtures.rb:652:in `timestamp_column_names'
    /usr/local/rvm/gems/ruby-1.9.3-p194/gems/activerecord-3.2.8/lib/active_record/fixtures.rb:585:in `block in table_rows'
    /usr/local/rvm/gems/ruby-1.9.3-p194/gems/activerecord-3.2.8/lib/active_record/fixtures.rb:579:in `each'
    /usr/local/rvm/gems/ruby-1.9.3-p194/gems/activerecord-3.2.8/lib/active_record/fixtures.rb:579:in `map'
    /usr/local/rvm/gems/ruby-1.9.3-p194/gems/activerecord-3.2.8/lib/active_record/fixtures.rb:579:in `table_rows'
    /usr/local/rvm/gems/ruby-1.9.3-p194/gems/activerecord-3.2.8/lib/active_record/fixtures.rb:494:in `block (3 levels) in create_fixtures'
    /usr/local/rvm/gems/ruby-1.9.3-p194/gems/activerecord-3.2.8/lib/active_record/fixtures.rb:492:in `each'
    /usr/local/rvm/gems/ruby-1.9.3-p194/gems/activerecord-3.2.8/lib/active_record/fixtures.rb:492:in `block (2 levels) in create_fixtures'
    /usr/local/rvm/gems/ruby-1.9.3-p194/gems/activerecord-3.2.8/lib/active_record/connection_adapters/abstract/database_statements.rb:192:in `transaction'
    /usr/local/rvm/gems/ruby-1.9.3-p194/gems/activerecord-3.2.8/lib/active_record/fixtures.rb:491:in `block in create_fixtures'
    /usr/local/rvm/gems/ruby-1.9.3-p194/gems/activerecord-3.2.8/lib/active_record/connection_adapters/abstract_adapter.rb:168:in `disable_referential_integrity'
    /usr/local/rvm/gems/ruby-1.9.3-p194/gems/activerecord-3.2.8/lib/active_record/fixtures.rb:476:in `create_fixtures'
    /usr/local/rvm/gems/ruby-1.9.3-p194/gems/activerecord-3.2.8/lib/active_record/fixtures.rb:895:in `load_fixtures'
    /usr/local/rvm/gems/ruby-1.9.3-p194/gems/activerecord-3.2.8/lib/active_record/fixtures.rb:849:in `setup_fixtures'
    /usr/local/rvm/gems/ruby-1.9.3-p194/gems/activesupport-3.2.8/lib/active_support/callbacks.rb:429:in `_run__318357299__setup__42180442__callbacks'
    /usr/local/rvm/gems/ruby-1.9.3-p194/gems/activesupport-3.2.8/lib/active_support/callbacks.rb:405:in `__run_callback'
    /usr/local/rvm/gems/ruby-1.9.3-p194/gems/activesupport-3.2.8/lib/active_support/callbacks.rb:385:in `_run_setup_callbacks'
    /usr/local/rvm/gems/ruby-1.9.3-p194/gems/activesupport-3.2.8/lib/active_support/callbacks.rb:81:in `run_callbacks'
    /usr/local/rvm/gems/ruby-1.9.3-p194/gems/activesupport-3.2.8/lib/active_support/testing/setup_and_teardown.rb:35:in `run'

  7) Error:
test_should_update_micropost(MicropostsControllerTest):
ActiveRecord::StatementInvalid: Could not find table 'users'
    /usr/local/rvm/gems/ruby-1.9.3-p194/gems/activerecord-3.2.8/lib/active_record/connection_adapters/sqlite_adapter.rb:472:in `table_structure'
    /usr/local/rvm/gems/ruby-1.9.3-p194/gems/activerecord-3.2.8/lib/active_record/connection_adapters/sqlite_adapter.rb:346:in `columns'
    /usr/local/rvm/gems/ruby-1.9.3-p194/gems/activerecord-3.2.8/lib/active_record/fixtures.rb:660:in `column_names'
    /usr/local/rvm/gems/ruby-1.9.3-p194/gems/activerecord-3.2.8/lib/active_record/fixtures.rb:652:in `timestamp_column_names'
    /usr/local/rvm/gems/ruby-1.9.3-p194/gems/activerecord-3.2.8/lib/active_record/fixtures.rb:585:in `block in table_rows'
    /usr/local/rvm/gems/ruby-1.9.3-p194/gems/activerecord-3.2.8/lib/active_record/fixtures.rb:579:in `each'
    /usr/local/rvm/gems/ruby-1.9.3-p194/gems/activerecord-3.2.8/lib/active_record/fixtures.rb:579:in `map'
    /usr/local/rvm/gems/ruby-1.9.3-p194/gems/activerecord-3.2.8/lib/active_record/fixtures.rb:579:in `table_rows'
    /usr/local/rvm/gems/ruby-1.9.3-p194/gems/activerecord-3.2.8/lib/active_record/fixtures.rb:494:in `block (3 levels) in create_fixtures'
    /usr/local/rvm/gems/ruby-1.9.3-p194/gems/activerecord-3.2.8/lib/active_record/fixtures.rb:492:in `each'
    /usr/local/rvm/gems/ruby-1.9.3-p194/gems/activerecord-3.2.8/lib/active_record/fixtures.rb:492:in `block (2 levels) in create_fixtures'
    /usr/local/rvm/gems/ruby-1.9.3-p194/gems/activerecord-3.2.8/lib/active_record/connection_adapters/abstract/database_statements.rb:192:in `transaction'
    /usr/local/rvm/gems/ruby-1.9.3-p194/gems/activerecord-3.2.8/lib/active_record/fixtures.rb:491:in `block in create_fixtures'
    /usr/local/rvm/gems/ruby-1.9.3-p194/gems/activerecord-3.2.8/lib/active_record/connection_adapters/abstract_adapter.rb:168:in `disable_referential_integrity'
    /usr/local/rvm/gems/ruby-1.9.3-p194/gems/activerecord-3.2.8/lib/active_record/fixtures.rb:476:in `create_fixtures'
    /usr/local/rvm/gems/ruby-1.9.3-p194/gems/activerecord-3.2.8/lib/active_record/fixtures.rb:895:in `load_fixtures'
    /usr/local/rvm/gems/ruby-1.9.3-p194/gems/activerecord-3.2.8/lib/active_record/fixtures.rb:849:in `setup_fixtures'
    /usr/local/rvm/gems/ruby-1.9.3-p194/gems/activesupport-3.2.8/lib/active_support/callbacks.rb:429:in `_run__318357299__setup__42180442__callbacks'
    /usr/local/rvm/gems/ruby-1.9.3-p194/gems/activesupport-3.2.8/lib/active_support/callbacks.rb:405:in `__run_callback'
    /usr/local/rvm/gems/ruby-1.9.3-p194/gems/activesupport-3.2.8/lib/active_support/callbacks.rb:385:in `_run_setup_callbacks'
    /usr/local/rvm/gems/ruby-1.9.3-p194/gems/activesupport-3.2.8/lib/active_support/callbacks.rb:81:in `run_callbacks'
    /usr/local/rvm/gems/ruby-1.9.3-p194/gems/activesupport-3.2.8/lib/active_support/testing/setup_and_teardown.rb:35:in `run'

7 tests, 0 assertions, 0 failures, 7 errors, 0 skips
Run options: -n "/^(test_should_get_contact|test_should_get_home)$/"

# Running tests:

EE

Finished tests in 0.046364s, 43.1369 tests/s, 0.0000 assertions/s.

  1) Error:
test_should_get_contact(PagesControllerTest):
ActiveRecord::StatementInvalid: Could not find table 'users'
    /usr/local/rvm/gems/ruby-1.9.3-p194/gems/activerecord-3.2.8/lib/active_record/connection_adapters/sqlite_adapter.rb:472:in `table_structure'
    /usr/local/rvm/gems/ruby-1.9.3-p194/gems/activerecord-3.2.8/lib/active_record/connection_adapters/sqlite_adapter.rb:346:in `columns'
    /usr/local/rvm/gems/ruby-1.9.3-p194/gems/activerecord-3.2.8/lib/active_record/fixtures.rb:660:in `column_names'
    /usr/local/rvm/gems/ruby-1.9.3-p194/gems/activerecord-3.2.8/lib/active_record/fixtures.rb:652:in `timestamp_column_names'
    /usr/local/rvm/gems/ruby-1.9.3-p194/gems/activerecord-3.2.8/lib/active_record/fixtures.rb:585:in `block in table_rows'
    /usr/local/rvm/gems/ruby-1.9.3-p194/gems/activerecord-3.2.8/lib/active_record/fixtures.rb:579:in `each'
    /usr/local/rvm/gems/ruby-1.9.3-p194/gems/activerecord-3.2.8/lib/active_record/fixtures.rb:579:in `map'
    /usr/local/rvm/gems/ruby-1.9.3-p194/gems/activerecord-3.2.8/lib/active_record/fixtures.rb:579:in `table_rows'
    /usr/local/rvm/gems/ruby-1.9.3-p194/gems/activerecord-3.2.8/lib/active_record/fixtures.rb:494:in `block (3 levels) in create_fixtures'
    /usr/local/rvm/gems/ruby-1.9.3-p194/gems/activerecord-3.2.8/lib/active_record/fixtures.rb:492:in `each'
    /usr/local/rvm/gems/ruby-1.9.3-p194/gems/activerecord-3.2.8/lib/active_record/fixtures.rb:492:in `block (2 levels) in create_fixtures'
    /usr/local/rvm/gems/ruby-1.9.3-p194/gems/activerecord-3.2.8/lib/active_record/connection_adapters/abstract/database_statements.rb:192:in `transaction'
    /usr/local/rvm/gems/ruby-1.9.3-p194/gems/activerecord-3.2.8/lib/active_record/fixtures.rb:491:in `block in create_fixtures'
    /usr/local/rvm/gems/ruby-1.9.3-p194/gems/activerecord-3.2.8/lib/active_record/connection_adapters/abstract_adapter.rb:168:in `disable_referential_integrity'
    /usr/local/rvm/gems/ruby-1.9.3-p194/gems/activerecord-3.2.8/lib/active_record/fixtures.rb:476:in `create_fixtures'
    /usr/local/rvm/gems/ruby-1.9.3-p194/gems/activerecord-3.2.8/lib/active_record/fixtures.rb:895:in `load_fixtures'
    /usr/local/rvm/gems/ruby-1.9.3-p194/gems/activerecord-3.2.8/lib/active_record/fixtures.rb:849:in `setup_fixtures'
    /usr/local/rvm/gems/ruby-1.9.3-p194/gems/activesupport-3.2.8/lib/active_support/callbacks.rb:429:in `_run__1022899513__setup__76360985__callbacks'
    /usr/local/rvm/gems/ruby-1.9.3-p194/gems/activesupport-3.2.8/lib/active_support/callbacks.rb:405:in `__run_callback'
    /usr/local/rvm/gems/ruby-1.9.3-p194/gems/activesupport-3.2.8/lib/active_support/callbacks.rb:385:in `_run_setup_callbacks'
    /usr/local/rvm/gems/ruby-1.9.3-p194/gems/activesupport-3.2.8/lib/active_support/callbacks.rb:81:in `run_callbacks'
    /usr/local/rvm/gems/ruby-1.9.3-p194/gems/activesupport-3.2.8/lib/active_support/testing/setup_and_teardown.rb:35:in `run'

  2) Error:
test_should_get_home(PagesControllerTest):
ActiveRecord::StatementInvalid: Could not find table 'users'
    /usr/local/rvm/gems/ruby-1.9.3-p194/gems/activerecord-3.2.8/lib/active_record/connection_adapters/sqlite_adapter.rb:472:in `table_structure'
    /usr/local/rvm/gems/ruby-1.9.3-p194/gems/activerecord-3.2.8/lib/active_record/connection_adapters/sqlite_adapter.rb:346:in `columns'
    /usr/local/rvm/gems/ruby-1.9.3-p194/gems/activerecord-3.2.8/lib/active_record/fixtures.rb:660:in `column_names'
    /usr/local/rvm/gems/ruby-1.9.3-p194/gems/activerecord-3.2.8/lib/active_record/fixtures.rb:652:in `timestamp_column_names'
    /usr/local/rvm/gems/ruby-1.9.3-p194/gems/activerecord-3.2.8/lib/active_record/fixtures.rb:585:in `block in table_rows'
    /usr/local/rvm/gems/ruby-1.9.3-p194/gems/activerecord-3.2.8/lib/active_record/fixtures.rb:579:in `each'
    /usr/local/rvm/gems/ruby-1.9.3-p194/gems/activerecord-3.2.8/lib/active_record/fixtures.rb:579:in `map'
    /usr/local/rvm/gems/ruby-1.9.3-p194/gems/activerecord-3.2.8/lib/active_record/fixtures.rb:579:in `table_rows'
    /usr/local/rvm/gems/ruby-1.9.3-p194/gems/activerecord-3.2.8/lib/active_record/fixtures.rb:494:in `block (3 levels) in create_fixtures'
    /usr/local/rvm/gems/ruby-1.9.3-p194/gems/activerecord-3.2.8/lib/active_record/fixtures.rb:492:in `each'
    /usr/local/rvm/gems/ruby-1.9.3-p194/gems/activerecord-3.2.8/lib/active_record/fixtures.rb:492:in `block (2 levels) in create_fixtures'
    /usr/local/rvm/gems/ruby-1.9.3-p194/gems/activerecord-3.2.8/lib/active_record/connection_adapters/abstract/database_statements.rb:192:in `transaction'
    /usr/local/rvm/gems/ruby-1.9.3-p194/gems/activerecord-3.2.8/lib/active_record/fixtures.rb:491:in `block in create_fixtures'
    /usr/local/rvm/gems/ruby-1.9.3-p194/gems/activerecord-3.2.8/lib/active_record/connection_adapters/abstract_adapter.rb:168:in `disable_referential_integrity'
    /usr/local/rvm/gems/ruby-1.9.3-p194/gems/activerecord-3.2.8/lib/active_record/fixtures.rb:476:in `create_fixtures'
    /usr/local/rvm/gems/ruby-1.9.3-p194/gems/activerecord-3.2.8/lib/active_record/fixtures.rb:895:in `load_fixtures'
    /usr/local/rvm/gems/ruby-1.9.3-p194/gems/activerecord-3.2.8/lib/active_record/fixtures.rb:849:in `setup_fixtures'
    /usr/local/rvm/gems/ruby-1.9.3-p194/gems/activesupport-3.2.8/lib/active_support/callbacks.rb:429:in `_run__1022899513__setup__76360985__callbacks'
    /usr/local/rvm/gems/ruby-1.9.3-p194/gems/activesupport-3.2.8/lib/active_support/callbacks.rb:405:in `__run_callback'
    /usr/local/rvm/gems/ruby-1.9.3-p194/gems/activesupport-3.2.8/lib/active_support/callbacks.rb:385:in `_run_setup_callbacks'
    /usr/local/rvm/gems/ruby-1.9.3-p194/gems/activesupport-3.2.8/lib/active_support/callbacks.rb:81:in `run_callbacks'
    /usr/local/rvm/gems/ruby-1.9.3-p194/gems/activesupport-3.2.8/lib/active_support/testing/setup_and_teardown.rb:35:in `run'

2 tests, 0 assertions, 0 failures, 2 errors, 0 skips
Run options: -n "/^(test_should_create_user|test_should_destroy_user|test_should_get_edit|test_should_get_index|test_should_get_new|test_should_show_user|test_should_update_user)$/"

# Running tests:

EEEEEEE

Finished tests in 0.121353s, 57.6829 tests/s, 0.0000 assertions/s.

  1) Error:
test_should_create_user(UsersControllerTest):
ActiveRecord::StatementInvalid: Could not find table 'users'
    /usr/local/rvm/gems/ruby-1.9.3-p194/gems/activerecord-3.2.8/lib/active_record/connection_adapters/sqlite_adapter.rb:472:in `table_structure'
    /usr/local/rvm/gems/ruby-1.9.3-p194/gems/activerecord-3.2.8/lib/active_record/connection_adapters/sqlite_adapter.rb:346:in `columns'
    /usr/local/rvm/gems/ruby-1.9.3-p194/gems/activerecord-3.2.8/lib/active_record/fixtures.rb:660:in `column_names'
    /usr/local/rvm/gems/ruby-1.9.3-p194/gems/activerecord-3.2.8/lib/active_record/fixtures.rb:652:in `timestamp_column_names'
    /usr/local/rvm/gems/ruby-1.9.3-p194/gems/activerecord-3.2.8/lib/active_record/fixtures.rb:585:in `block in table_rows'
    /usr/local/rvm/gems/ruby-1.9.3-p194/gems/activerecord-3.2.8/lib/active_record/fixtures.rb:579:in `each'
    /usr/local/rvm/gems/ruby-1.9.3-p194/gems/activerecord-3.2.8/lib/active_record/fixtures.rb:579:in `map'
    /usr/local/rvm/gems/ruby-1.9.3-p194/gems/activerecord-3.2.8/lib/active_record/fixtures.rb:579:in `table_rows'
    /usr/local/rvm/gems/ruby-1.9.3-p194/gems/activerecord-3.2.8/lib/active_record/fixtures.rb:494:in `block (3 levels) in create_fixtures'
    /usr/local/rvm/gems/ruby-1.9.3-p194/gems/activerecord-3.2.8/lib/active_record/fixtures.rb:492:in `each'
    /usr/local/rvm/gems/ruby-1.9.3-p194/gems/activerecord-3.2.8/lib/active_record/fixtures.rb:492:in `block (2 levels) in create_fixtures'
    /usr/local/rvm/gems/ruby-1.9.3-p194/gems/activerecord-3.2.8/lib/active_record/connection_adapters/abstract/database_statements.rb:192:in `transaction'
    /usr/local/rvm/gems/ruby-1.9.3-p194/gems/activerecord-3.2.8/lib/active_record/fixtures.rb:491:in `block in create_fixtures'
    /usr/local/rvm/gems/ruby-1.9.3-p194/gems/activerecord-3.2.8/lib/active_record/connection_adapters/abstract_adapter.rb:168:in `disable_referential_integrity'
    /usr/local/rvm/gems/ruby-1.9.3-p194/gems/activerecord-3.2.8/lib/active_record/fixtures.rb:476:in `create_fixtures'
    /usr/local/rvm/gems/ruby-1.9.3-p194/gems/activerecord-3.2.8/lib/active_record/fixtures.rb:895:in `load_fixtures'
    /usr/local/rvm/gems/ruby-1.9.3-p194/gems/activerecord-3.2.8/lib/active_record/fixtures.rb:849:in `setup_fixtures'
    /usr/local/rvm/gems/ruby-1.9.3-p194/gems/activesupport-3.2.8/lib/active_support/callbacks.rb:429:in `_run__175706426__setup__318099998__callbacks'
    /usr/local/rvm/gems/ruby-1.9.3-p194/gems/activesupport-3.2.8/lib/active_support/callbacks.rb:405:in `__run_callback'
    /usr/local/rvm/gems/ruby-1.9.3-p194/gems/activesupport-3.2.8/lib/active_support/callbacks.rb:385:in `_run_setup_callbacks'
    /usr/local/rvm/gems/ruby-1.9.3-p194/gems/activesupport-3.2.8/lib/active_support/callbacks.rb:81:in `run_callbacks'
    /usr/local/rvm/gems/ruby-1.9.3-p194/gems/activesupport-3.2.8/lib/active_support/testing/setup_and_teardown.rb:35:in `run'

  2) Error:
test_should_destroy_user(UsersControllerTest):
ActiveRecord::StatementInvalid: Could not find table 'users'
    /usr/local/rvm/gems/ruby-1.9.3-p194/gems/activerecord-3.2.8/lib/active_record/connection_adapters/sqlite_adapter.rb:472:in `table_structure'
    /usr/local/rvm/gems/ruby-1.9.3-p194/gems/activerecord-3.2.8/lib/active_record/connection_adapters/sqlite_adapter.rb:346:in `columns'
    /usr/local/rvm/gems/ruby-1.9.3-p194/gems/activerecord-3.2.8/lib/active_record/fixtures.rb:660:in `column_names'
    /usr/local/rvm/gems/ruby-1.9.3-p194/gems/activerecord-3.2.8/lib/active_record/fixtures.rb:652:in `timestamp_column_names'
    /usr/local/rvm/gems/ruby-1.9.3-p194/gems/activerecord-3.2.8/lib/active_record/fixtures.rb:585:in `block in table_rows'
    /usr/local/rvm/gems/ruby-1.9.3-p194/gems/activerecord-3.2.8/lib/active_record/fixtures.rb:579:in `each'
    /usr/local/rvm/gems/ruby-1.9.3-p194/gems/activerecord-3.2.8/lib/active_record/fixtures.rb:579:in `map'
    /usr/local/rvm/gems/ruby-1.9.3-p194/gems/activerecord-3.2.8/lib/active_record/fixtures.rb:579:in `table_rows'
    /usr/local/rvm/gems/ruby-1.9.3-p194/gems/activerecord-3.2.8/lib/active_record/fixtures.rb:494:in `block (3 levels) in create_fixtures'
    /usr/local/rvm/gems/ruby-1.9.3-p194/gems/activerecord-3.2.8/lib/active_record/fixtures.rb:492:in `each'
    /usr/local/rvm/gems/ruby-1.9.3-p194/gems/activerecord-3.2.8/lib/active_record/fixtures.rb:492:in `block (2 levels) in create_fixtures'
    /usr/local/rvm/gems/ruby-1.9.3-p194/gems/activerecord-3.2.8/lib/active_record/connection_adapters/abstract/database_statements.rb:192:in `transaction'
    /usr/local/rvm/gems/ruby-1.9.3-p194/gems/activerecord-3.2.8/lib/active_record/fixtures.rb:491:in `block in create_fixtures'
    /usr/local/rvm/gems/ruby-1.9.3-p194/gems/activerecord-3.2.8/lib/active_record/connection_adapters/abstract_adapter.rb:168:in `disable_referential_integrity'
    /usr/local/rvm/gems/ruby-1.9.3-p194/gems/activerecord-3.2.8/lib/active_record/fixtures.rb:476:in `create_fixtures'
    /usr/local/rvm/gems/ruby-1.9.3-p194/gems/activerecord-3.2.8/lib/active_record/fixtures.rb:895:in `load_fixtures'
    /usr/local/rvm/gems/ruby-1.9.3-p194/gems/activerecord-3.2.8/lib/active_record/fixtures.rb:849:in `setup_fixtures'
    /usr/local/rvm/gems/ruby-1.9.3-p194/gems/activesupport-3.2.8/lib/active_support/callbacks.rb:429:in `_run__175706426__setup__318099998__callbacks'
    /usr/local/rvm/gems/ruby-1.9.3-p194/gems/activesupport-3.2.8/lib/active_support/callbacks.rb:405:in `__run_callback'
    /usr/local/rvm/gems/ruby-1.9.3-p194/gems/activesupport-3.2.8/lib/active_support/callbacks.rb:385:in `_run_setup_callbacks'
    /usr/local/rvm/gems/ruby-1.9.3-p194/gems/activesupport-3.2.8/lib/active_support/callbacks.rb:81:in `run_callbacks'
    /usr/local/rvm/gems/ruby-1.9.3-p194/gems/activesupport-3.2.8/lib/active_support/testing/setup_and_teardown.rb:35:in `run'

  3) Error:
test_should_get_edit(UsersControllerTest):
ActiveRecord::StatementInvalid: Could not find table 'users'
    /usr/local/rvm/gems/ruby-1.9.3-p194/gems/activerecord-3.2.8/lib/active_record/connection_adapters/sqlite_adapter.rb:472:in `table_structure'
    /usr/local/rvm/gems/ruby-1.9.3-p194/gems/activerecord-3.2.8/lib/active_record/connection_adapters/sqlite_adapter.rb:346:in `columns'
    /usr/local/rvm/gems/ruby-1.9.3-p194/gems/activerecord-3.2.8/lib/active_record/fixtures.rb:660:in `column_names'
    /usr/local/rvm/gems/ruby-1.9.3-p194/gems/activerecord-3.2.8/lib/active_record/fixtures.rb:652:in `timestamp_column_names'
    /usr/local/rvm/gems/ruby-1.9.3-p194/gems/activerecord-3.2.8/lib/active_record/fixtures.rb:585:in `block in table_rows'
    /usr/local/rvm/gems/ruby-1.9.3-p194/gems/activerecord-3.2.8/lib/active_record/fixtures.rb:579:in `each'
    /usr/local/rvm/gems/ruby-1.9.3-p194/gems/activerecord-3.2.8/lib/active_record/fixtures.rb:579:in `map'
    /usr/local/rvm/gems/ruby-1.9.3-p194/gems/activerecord-3.2.8/lib/active_record/fixtures.rb:579:in `table_rows'
    /usr/local/rvm/gems/ruby-1.9.3-p194/gems/activerecord-3.2.8/lib/active_record/fixtures.rb:494:in `block (3 levels) in create_fixtures'
    /usr/local/rvm/gems/ruby-1.9.3-p194/gems/activerecord-3.2.8/lib/active_record/fixtures.rb:492:in `each'
    /usr/local/rvm/gems/ruby-1.9.3-p194/gems/activerecord-3.2.8/lib/active_record/fixtures.rb:492:in `block (2 levels) in create_fixtures'
    /usr/local/rvm/gems/ruby-1.9.3-p194/gems/activerecord-3.2.8/lib/active_record/connection_adapters/abstract/database_statements.rb:192:in `transaction'
    /usr/local/rvm/gems/ruby-1.9.3-p194/gems/activerecord-3.2.8/lib/active_record/fixtures.rb:491:in `block in create_fixtures'
    /usr/local/rvm/gems/ruby-1.9.3-p194/gems/activerecord-3.2.8/lib/active_record/connection_adapters/abstract_adapter.rb:168:in `disable_referential_integrity'
    /usr/local/rvm/gems/ruby-1.9.3-p194/gems/activerecord-3.2.8/lib/active_record/fixtures.rb:476:in `create_fixtures'
    /usr/local/rvm/gems/ruby-1.9.3-p194/gems/activerecord-3.2.8/lib/active_record/fixtures.rb:895:in `load_fixtures'
    /usr/local/rvm/gems/ruby-1.9.3-p194/gems/activerecord-3.2.8/lib/active_record/fixtures.rb:849:in `setup_fixtures'
    /usr/local/rvm/gems/ruby-1.9.3-p194/gems/activesupport-3.2.8/lib/active_support/callbacks.rb:429:in `_run__175706426__setup__318099998__callbacks'
    /usr/local/rvm/gems/ruby-1.9.3-p194/gems/activesupport-3.2.8/lib/active_support/callbacks.rb:405:in `__run_callback'
    /usr/local/rvm/gems/ruby-1.9.3-p194/gems/activesupport-3.2.8/lib/active_support/callbacks.rb:385:in `_run_setup_callbacks'
    /usr/local/rvm/gems/ruby-1.9.3-p194/gems/activesupport-3.2.8/lib/active_support/callbacks.rb:81:in `run_callbacks'
    /usr/local/rvm/gems/ruby-1.9.3-p194/gems/activesupport-3.2.8/lib/active_support/testing/setup_and_teardown.rb:35:in `run'

  4) Error:
test_should_get_index(UsersControllerTest):
ActiveRecord::StatementInvalid: Could not find table 'users'
    /usr/local/rvm/gems/ruby-1.9.3-p194/gems/activerecord-3.2.8/lib/active_record/connection_adapters/sqlite_adapter.rb:472:in `table_structure'
    /usr/local/rvm/gems/ruby-1.9.3-p194/gems/activerecord-3.2.8/lib/active_record/connection_adapters/sqlite_adapter.rb:346:in `columns'
    /usr/local/rvm/gems/ruby-1.9.3-p194/gems/activerecord-3.2.8/lib/active_record/fixtures.rb:660:in `column_names'
    /usr/local/rvm/gems/ruby-1.9.3-p194/gems/activerecord-3.2.8/lib/active_record/fixtures.rb:652:in `timestamp_column_names'
    /usr/local/rvm/gems/ruby-1.9.3-p194/gems/activerecord-3.2.8/lib/active_record/fixtures.rb:585:in `block in table_rows'
    /usr/local/rvm/gems/ruby-1.9.3-p194/gems/activerecord-3.2.8/lib/active_record/fixtures.rb:579:in `each'
    /usr/local/rvm/gems/ruby-1.9.3-p194/gems/activerecord-3.2.8/lib/active_record/fixtures.rb:579:in `map'
    /usr/local/rvm/gems/ruby-1.9.3-p194/gems/activerecord-3.2.8/lib/active_record/fixtures.rb:579:in `table_rows'
    /usr/local/rvm/gems/ruby-1.9.3-p194/gems/activerecord-3.2.8/lib/active_record/fixtures.rb:494:in `block (3 levels) in create_fixtures'
    /usr/local/rvm/gems/ruby-1.9.3-p194/gems/activerecord-3.2.8/lib/active_record/fixtures.rb:492:in `each'
    /usr/local/rvm/gems/ruby-1.9.3-p194/gems/activerecord-3.2.8/lib/active_record/fixtures.rb:492:in `block (2 levels) in create_fixtures'
    /usr/local/rvm/gems/ruby-1.9.3-p194/gems/activerecord-3.2.8/lib/active_record/connection_adapters/abstract/database_statements.rb:192:in `transaction'
    /usr/local/rvm/gems/ruby-1.9.3-p194/gems/activerecord-3.2.8/lib/active_record/fixtures.rb:491:in `block in create_fixtures'
    /usr/local/rvm/gems/ruby-1.9.3-p194/gems/activerecord-3.2.8/lib/active_record/connection_adapters/abstract_adapter.rb:168:in `disable_referential_integrity'
    /usr/local/rvm/gems/ruby-1.9.3-p194/gems/activerecord-3.2.8/lib/active_record/fixtures.rb:476:in `create_fixtures'
    /usr/local/rvm/gems/ruby-1.9.3-p194/gems/activerecord-3.2.8/lib/active_record/fixtures.rb:895:in `load_fixtures'
    /usr/local/rvm/gems/ruby-1.9.3-p194/gems/activerecord-3.2.8/lib/active_record/fixtures.rb:849:in `setup_fixtures'
    /usr/local/rvm/gems/ruby-1.9.3-p194/gems/activesupport-3.2.8/lib/active_support/callbacks.rb:429:in `_run__175706426__setup__318099998__callbacks'
    /usr/local/rvm/gems/ruby-1.9.3-p194/gems/activesupport-3.2.8/lib/active_support/callbacks.rb:405:in `__run_callback'
    /usr/local/rvm/gems/ruby-1.9.3-p194/gems/activesupport-3.2.8/lib/active_support/callbacks.rb:385:in `_run_setup_callbacks'
    /usr/local/rvm/gems/ruby-1.9.3-p194/gems/activesupport-3.2.8/lib/active_support/callbacks.rb:81:in `run_callbacks'
    /usr/local/rvm/gems/ruby-1.9.3-p194/gems/activesupport-3.2.8/lib/active_support/testing/setup_and_teardown.rb:35:in `run'

  5) Error:
test_should_get_new(UsersControllerTest):
ActiveRecord::StatementInvalid: Could not find table 'users'
    /usr/local/rvm/gems/ruby-1.9.3-p194/gems/activerecord-3.2.8/lib/active_record/connection_adapters/sqlite_adapter.rb:472:in `table_structure'
    /usr/local/rvm/gems/ruby-1.9.3-p194/gems/activerecord-3.2.8/lib/active_record/connection_adapters/sqlite_adapter.rb:346:in `columns'
    /usr/local/rvm/gems/ruby-1.9.3-p194/gems/activerecord-3.2.8/lib/active_record/fixtures.rb:660:in `column_names'
    /usr/local/rvm/gems/ruby-1.9.3-p194/gems/activerecord-3.2.8/lib/active_record/fixtures.rb:652:in `timestamp_column_names'
    /usr/local/rvm/gems/ruby-1.9.3-p194/gems/activerecord-3.2.8/lib/active_record/fixtures.rb:585:in `block in table_rows'
    /usr/local/rvm/gems/ruby-1.9.3-p194/gems/activerecord-3.2.8/lib/active_record/fixtures.rb:579:in `each'
    /usr/local/rvm/gems/ruby-1.9.3-p194/gems/activerecord-3.2.8/lib/active_record/fixtures.rb:579:in `map'
    /usr/local/rvm/gems/ruby-1.9.3-p194/gems/activerecord-3.2.8/lib/active_record/fixtures.rb:579:in `table_rows'
    /usr/local/rvm/gems/ruby-1.9.3-p194/gems/activerecord-3.2.8/lib/active_record/fixtures.rb:494:in `block (3 levels) in create_fixtures'
    /usr/local/rvm/gems/ruby-1.9.3-p194/gems/activerecord-3.2.8/lib/active_record/fixtures.rb:492:in `each'
    /usr/local/rvm/gems/ruby-1.9.3-p194/gems/activerecord-3.2.8/lib/active_record/fixtures.rb:492:in `block (2 levels) in create_fixtures'
    /usr/local/rvm/gems/ruby-1.9.3-p194/gems/activerecord-3.2.8/lib/active_record/connection_adapters/abstract/database_statements.rb:192:in `transaction'
    /usr/local/rvm/gems/ruby-1.9.3-p194/gems/activerecord-3.2.8/lib/active_record/fixtures.rb:491:in `block in create_fixtures'
    /usr/local/rvm/gems/ruby-1.9.3-p194/gems/activerecord-3.2.8/lib/active_record/connection_adapters/abstract_adapter.rb:168:in `disable_referential_integrity'
    /usr/local/rvm/gems/ruby-1.9.3-p194/gems/activerecord-3.2.8/lib/active_record/fixtures.rb:476:in `create_fixtures'
    /usr/local/rvm/gems/ruby-1.9.3-p194/gems/activerecord-3.2.8/lib/active_record/fixtures.rb:895:in `load_fixtures'
    /usr/local/rvm/gems/ruby-1.9.3-p194/gems/activerecord-3.2.8/lib/active_record/fixtures.rb:849:in `setup_fixtures'
    /usr/local/rvm/gems/ruby-1.9.3-p194/gems/activesupport-3.2.8/lib/active_support/callbacks.rb:429:in `_run__175706426__setup__318099998__callbacks'
    /usr/local/rvm/gems/ruby-1.9.3-p194/gems/activesupport-3.2.8/lib/active_support/callbacks.rb:405:in `__run_callback'
    /usr/local/rvm/gems/ruby-1.9.3-p194/gems/activesupport-3.2.8/lib/active_support/callbacks.rb:385:in `_run_setup_callbacks'
    /usr/local/rvm/gems/ruby-1.9.3-p194/gems/activesupport-3.2.8/lib/active_support/callbacks.rb:81:in `run_callbacks'
    /usr/local/rvm/gems/ruby-1.9.3-p194/gems/activesupport-3.2.8/lib/active_support/testing/setup_and_teardown.rb:35:in `run'

  6) Error:
test_should_show_user(UsersControllerTest):
ActiveRecord::StatementInvalid: Could not find table 'users'
    /usr/local/rvm/gems/ruby-1.9.3-p194/gems/activerecord-3.2.8/lib/active_record/connection_adapters/sqlite_adapter.rb:472:in `table_structure'
    /usr/local/rvm/gems/ruby-1.9.3-p194/gems/activerecord-3.2.8/lib/active_record/connection_adapters/sqlite_adapter.rb:346:in `columns'
    /usr/local/rvm/gems/ruby-1.9.3-p194/gems/activerecord-3.2.8/lib/active_record/fixtures.rb:660:in `column_names'
    /usr/local/rvm/gems/ruby-1.9.3-p194/gems/activerecord-3.2.8/lib/active_record/fixtures.rb:652:in `timestamp_column_names'
    /usr/local/rvm/gems/ruby-1.9.3-p194/gems/activerecord-3.2.8/lib/active_record/fixtures.rb:585:in `block in table_rows'
    /usr/local/rvm/gems/ruby-1.9.3-p194/gems/activerecord-3.2.8/lib/active_record/fixtures.rb:579:in `each'
    /usr/local/rvm/gems/ruby-1.9.3-p194/gems/activerecord-3.2.8/lib/active_record/fixtures.rb:579:in `map'
    /usr/local/rvm/gems/ruby-1.9.3-p194/gems/activerecord-3.2.8/lib/active_record/fixtures.rb:579:in `table_rows'
    /usr/local/rvm/gems/ruby-1.9.3-p194/gems/activerecord-3.2.8/lib/active_record/fixtures.rb:494:in `block (3 levels) in create_fixtures'
    /usr/local/rvm/gems/ruby-1.9.3-p194/gems/activerecord-3.2.8/lib/active_record/fixtures.rb:492:in `each'
    /usr/local/rvm/gems/ruby-1.9.3-p194/gems/activerecord-3.2.8/lib/active_record/fixtures.rb:492:in `block (2 levels) in create_fixtures'
    /usr/local/rvm/gems/ruby-1.9.3-p194/gems/activerecord-3.2.8/lib/active_record/connection_adapters/abstract/database_statements.rb:192:in `transaction'
    /usr/local/rvm/gems/ruby-1.9.3-p194/gems/activerecord-3.2.8/lib/active_record/fixtures.rb:491:in `block in create_fixtures'
    /usr/local/rvm/gems/ruby-1.9.3-p194/gems/activerecord-3.2.8/lib/active_record/connection_adapters/abstract_adapter.rb:168:in `disable_referential_integrity'
    /usr/local/rvm/gems/ruby-1.9.3-p194/gems/activerecord-3.2.8/lib/active_record/fixtures.rb:476:in `create_fixtures'
    /usr/local/rvm/gems/ruby-1.9.3-p194/gems/activerecord-3.2.8/lib/active_record/fixtures.rb:895:in `load_fixtures'
    /usr/local/rvm/gems/ruby-1.9.3-p194/gems/activerecord-3.2.8/lib/active_record/fixtures.rb:849:in `setup_fixtures'
    /usr/local/rvm/gems/ruby-1.9.3-p194/gems/activesupport-3.2.8/lib/active_support/callbacks.rb:429:in `_run__175706426__setup__318099998__callbacks'
    /usr/local/rvm/gems/ruby-1.9.3-p194/gems/activesupport-3.2.8/lib/active_support/callbacks.rb:405:in `__run_callback'
    /usr/local/rvm/gems/ruby-1.9.3-p194/gems/activesupport-3.2.8/lib/active_support/callbacks.rb:385:in `_run_setup_callbacks'
    /usr/local/rvm/gems/ruby-1.9.3-p194/gems/activesupport-3.2.8/lib/active_support/callbacks.rb:81:in `run_callbacks'
    /usr/local/rvm/gems/ruby-1.9.3-p194/gems/activesupport-3.2.8/lib/active_support/testing/setup_and_teardown.rb:35:in `run'

  7) Error:
test_should_update_user(UsersControllerTest):
ActiveRecord::StatementInvalid: Could not find table 'users'
    /usr/local/rvm/gems/ruby-1.9.3-p194/gems/activerecord-3.2.8/lib/active_record/connection_adapters/sqlite_adapter.rb:472:in `table_structure'
    /usr/local/rvm/gems/ruby-1.9.3-p194/gems/activerecord-3.2.8/lib/active_record/connection_adapters/sqlite_adapter.rb:346:in `columns'
    /usr/local/rvm/gems/ruby-1.9.3-p194/gems/activerecord-3.2.8/lib/active_record/fixtures.rb:660:in `column_names'
    /usr/local/rvm/gems/ruby-1.9.3-p194/gems/activerecord-3.2.8/lib/active_record/fixtures.rb:652:in `timestamp_column_names'
    /usr/local/rvm/gems/ruby-1.9.3-p194/gems/activerecord-3.2.8/lib/active_record/fixtures.rb:585:in `block in table_rows'
    /usr/local/rvm/gems/ruby-1.9.3-p194/gems/activerecord-3.2.8/lib/active_record/fixtures.rb:579:in `each'
    /usr/local/rvm/gems/ruby-1.9.3-p194/gems/activerecord-3.2.8/lib/active_record/fixtures.rb:579:in `map'
    /usr/local/rvm/gems/ruby-1.9.3-p194/gems/activerecord-3.2.8/lib/active_record/fixtures.rb:579:in `table_rows'
    /usr/local/rvm/gems/ruby-1.9.3-p194/gems/activerecord-3.2.8/lib/active_record/fixtures.rb:494:in `block (3 levels) in create_fixtures'
    /usr/local/rvm/gems/ruby-1.9.3-p194/gems/activerecord-3.2.8/lib/active_record/fixtures.rb:492:in `each'
    /usr/local/rvm/gems/ruby-1.9.3-p194/gems/activerecord-3.2.8/lib/active_record/fixtures.rb:492:in `block (2 levels) in create_fixtures'
    /usr/local/rvm/gems/ruby-1.9.3-p194/gems/activerecord-3.2.8/lib/active_record/connection_adapters/abstract/database_statements.rb:192:in `transaction'
    /usr/local/rvm/gems/ruby-1.9.3-p194/gems/activerecord-3.2.8/lib/active_record/fixtures.rb:491:in `block in create_fixtures'
    /usr/local/rvm/gems/ruby-1.9.3-p194/gems/activerecord-3.2.8/lib/active_record/connection_adapters/abstract_adapter.rb:168:in `disable_referential_integrity'
    /usr/local/rvm/gems/ruby-1.9.3-p194/gems/activerecord-3.2.8/lib/active_record/fixtures.rb:476:in `create_fixtures'
    /usr/local/rvm/gems/ruby-1.9.3-p194/gems/activerecord-3.2.8/lib/active_record/fixtures.rb:895:in `load_fixtures'
    /usr/local/rvm/gems/ruby-1.9.3-p194/gems/activerecord-3.2.8/lib/active_record/fixtures.rb:849:in `setup_fixtures'
    /usr/local/rvm/gems/ruby-1.9.3-p194/gems/activesupport-3.2.8/lib/active_support/callbacks.rb:429:in `_run__175706426__setup__318099998__callbacks'
    /usr/local/rvm/gems/ruby-1.9.3-p194/gems/activesupport-3.2.8/lib/active_support/callbacks.rb:405:in `__run_callback'
    /usr/local/rvm/gems/ruby-1.9.3-p194/gems/activesupport-3.2.8/lib/active_support/callbacks.rb:385:in `_run_setup_callbacks'
    /usr/local/rvm/gems/ruby-1.9.3-p194/gems/activesupport-3.2.8/lib/active_support/callbacks.rb:81:in `run_callbacks'
    /usr/local/rvm/gems/ruby-1.9.3-p194/gems/activesupport-3.2.8/lib/active_support/testing/setup_and_teardown.rb:35:in `run'

7 tests, 0 assertions, 0 failures, 7 errors, 0 skips
/usr/local/rvm/rubies/ruby-1.9.3-p194/bin/ruby -I.:lib:test -rubygems test/functional/pages_controller_test.rb -n "/^(test_should_get_contact|test_should_get_home)$/"; /usr/local/rvm/rubies/ruby-1.9.3-p194/bin/ruby -I.:lib:test -rubygems test/functional/microposts_controller_test.rb -n "/^(test_should_create_micropost|test_should_destroy_micropost|test_should_get_edit|test_should_get_index|test_should_get_new|test_should_show_micropost|test_should_update_micropost)$/"; /usr/local/rvm/rubies/ruby-1.9.3-p194/bin/ruby -I.:lib:test -rubygems test/functional/users_controller_test.rb -n "/^(test_should_create_user|test_should_destroy_user|test_should_get_edit|test_should_get_index|test_should_get_new|test_should_show_user|test_should_update_user)$/"
Run options: -n "/^(test_should_get_contact|test_should_get_home)$/"

# Running tests:

EE

Finished tests in 0.045743s, 43.7223 tests/s, 0.0000 assertions/s.

  1) Error:
test_should_get_contact(PagesControllerTest):
ActiveRecord::StatementInvalid: Could not find table 'users'
    /usr/local/rvm/gems/ruby-1.9.3-p194/gems/activerecord-3.2.8/lib/active_record/connection_adapters/sqlite_adapter.rb:472:in `table_structure'
    /usr/local/rvm/gems/ruby-1.9.3-p194/gems/activerecord-3.2.8/lib/active_record/connection_adapters/sqlite_adapter.rb:346:in `columns'
    /usr/local/rvm/gems/ruby-1.9.3-p194/gems/activerecord-3.2.8/lib/active_record/fixtures.rb:660:in `column_names'
    /usr/local/rvm/gems/ruby-1.9.3-p194/gems/activerecord-3.2.8/lib/active_record/fixtures.rb:652:in `timestamp_column_names'
    /usr/local/rvm/gems/ruby-1.9.3-p194/gems/activerecord-3.2.8/lib/active_record/fixtures.rb:585:in `block in table_rows'
    /usr/local/rvm/gems/ruby-1.9.3-p194/gems/activerecord-3.2.8/lib/active_record/fixtures.rb:579:in `each'
    /usr/local/rvm/gems/ruby-1.9.3-p194/gems/activerecord-3.2.8/lib/active_record/fixtures.rb:579:in `map'
    /usr/local/rvm/gems/ruby-1.9.3-p194/gems/activerecord-3.2.8/lib/active_record/fixtures.rb:579:in `table_rows'
    /usr/local/rvm/gems/ruby-1.9.3-p194/gems/activerecord-3.2.8/lib/active_record/fixtures.rb:494:in `block (3 levels) in create_fixtures'
    /usr/local/rvm/gems/ruby-1.9.3-p194/gems/activerecord-3.2.8/lib/active_record/fixtures.rb:492:in `each'
    /usr/local/rvm/gems/ruby-1.9.3-p194/gems/activerecord-3.2.8/lib/active_record/fixtures.rb:492:in `block (2 levels) in create_fixtures'
    /usr/local/rvm/gems/ruby-1.9.3-p194/gems/activerecord-3.2.8/lib/active_record/connection_adapters/abstract/database_statements.rb:192:in `transaction'
    /usr/local/rvm/gems/ruby-1.9.3-p194/gems/activerecord-3.2.8/lib/active_record/fixtures.rb:491:in `block in create_fixtures'
    /usr/local/rvm/gems/ruby-1.9.3-p194/gems/activerecord-3.2.8/lib/active_record/connection_adapters/abstract_adapter.rb:168:in `disable_referential_integrity'
    /usr/local/rvm/gems/ruby-1.9.3-p194/gems/activerecord-3.2.8/lib/active_record/fixtures.rb:476:in `create_fixtures'
    /usr/local/rvm/gems/ruby-1.9.3-p194/gems/activerecord-3.2.8/lib/active_record/fixtures.rb:895:in `load_fixtures'
    /usr/local/rvm/gems/ruby-1.9.3-p194/gems/activerecord-3.2.8/lib/active_record/fixtures.rb:849:in `setup_fixtures'
    /usr/local/rvm/gems/ruby-1.9.3-p194/gems/activesupport-3.2.8/lib/active_support/callbacks.rb:429:in `_run__629249343__setup__623194999__callbacks'
    /usr/local/rvm/gems/ruby-1.9.3-p194/gems/activesupport-3.2.8/lib/active_support/callbacks.rb:405:in `__run_callback'
    /usr/local/rvm/gems/ruby-1.9.3-p194/gems/activesupport-3.2.8/lib/active_support/callbacks.rb:385:in `_run_setup_callbacks'
    /usr/local/rvm/gems/ruby-1.9.3-p194/gems/activesupport-3.2.8/lib/active_support/callbacks.rb:81:in `run_callbacks'
    /usr/local/rvm/gems/ruby-1.9.3-p194/gems/activesupport-3.2.8/lib/active_support/testing/setup_and_teardown.rb:35:in `run'

  2) Error:
test_should_get_home(PagesControllerTest):
ActiveRecord::StatementInvalid: Could not find table 'users'
    /usr/local/rvm/gems/ruby-1.9.3-p194/gems/activerecord-3.2.8/lib/active_record/connection_adapters/sqlite_adapter.rb:472:in `table_structure'
    /usr/local/rvm/gems/ruby-1.9.3-p194/gems/activerecord-3.2.8/lib/active_record/connection_adapters/sqlite_adapter.rb:346:in `columns'
    /usr/local/rvm/gems/ruby-1.9.3-p194/gems/activerecord-3.2.8/lib/active_record/fixtures.rb:660:in `column_names'
    /usr/local/rvm/gems/ruby-1.9.3-p194/gems/activerecord-3.2.8/lib/active_record/fixtures.rb:652:in `timestamp_column_names'
    /usr/local/rvm/gems/ruby-1.9.3-p194/gems/activerecord-3.2.8/lib/active_record/fixtures.rb:585:in `block in table_rows'
    /usr/local/rvm/gems/ruby-1.9.3-p194/gems/activerecord-3.2.8/lib/active_record/fixtures.rb:579:in `each'
    /usr/local/rvm/gems/ruby-1.9.3-p194/gems/activerecord-3.2.8/lib/active_record/fixtures.rb:579:in `map'
    /usr/local/rvm/gems/ruby-1.9.3-p194/gems/activerecord-3.2.8/lib/active_record/fixtures.rb:579:in `table_rows'
    /usr/local/rvm/gems/ruby-1.9.3-p194/gems/activerecord-3.2.8/lib/active_record/fixtures.rb:494:in `block (3 levels) in create_fixtures'
    /usr/local/rvm/gems/ruby-1.9.3-p194/gems/activerecord-3.2.8/lib/active_record/fixtures.rb:492:in `each'
    /usr/local/rvm/gems/ruby-1.9.3-p194/gems/activerecord-3.2.8/lib/active_record/fixtures.rb:492:in `block (2 levels) in create_fixtures'
    /usr/local/rvm/gems/ruby-1.9.3-p194/gems/activerecord-3.2.8/lib/active_record/connection_adapters/abstract/database_statements.rb:192:in `transaction'
    /usr/local/rvm/gems/ruby-1.9.3-p194/gems/activerecord-3.2.8/lib/active_record/fixtures.rb:491:in `block in create_fixtures'
    /usr/local/rvm/gems/ruby-1.9.3-p194/gems/activerecord-3.2.8/lib/active_record/connection_adapters/abstract_adapter.rb:168:in `disable_referential_integrity'
    /usr/local/rvm/gems/ruby-1.9.3-p194/gems/activerecord-3.2.8/lib/active_record/fixtures.rb:476:in `create_fixtures'
    /usr/local/rvm/gems/ruby-1.9.3-p194/gems/activerecord-3.2.8/lib/active_record/fixtures.rb:895:in `load_fixtures'
    /usr/local/rvm/gems/ruby-1.9.3-p194/gems/activerecord-3.2.8/lib/active_record/fixtures.rb:849:in `setup_fixtures'
    /usr/local/rvm/gems/ruby-1.9.3-p194/gems/activesupport-3.2.8/lib/active_support/callbacks.rb:429:in `_run__629249343__setup__623194999__callbacks'
    /usr/local/rvm/gems/ruby-1.9.3-p194/gems/activesupport-3.2.8/lib/active_support/callbacks.rb:405:in `__run_callback'
    /usr/local/rvm/gems/ruby-1.9.3-p194/gems/activesupport-3.2.8/lib/active_support/callbacks.rb:385:in `_run_setup_callbacks'
    /usr/local/rvm/gems/ruby-1.9.3-p194/gems/activesupport-3.2.8/lib/active_support/callbacks.rb:81:in `run_callbacks'
    /usr/local/rvm/gems/ruby-1.9.3-p194/gems/activesupport-3.2.8/lib/active_support/testing/setup_and_teardown.rb:35:in `run'

2 tests, 0 assertions, 0 failures, 2 errors, 0 skips
Run options: -n "/^(test_should_create_micropost|test_should_destroy_micropost|test_should_get_edit|test_should_get_index|test_should_get_new|test_should_show_micropost|test_should_update_micropost)$/"

# Running tests:

EEEEEEE

Finished tests in 0.104473s, 67.0029 tests/s, 0.0000 assertions/s.

  1) Error:
test_should_create_micropost(MicropostsControllerTest):
ActiveRecord::StatementInvalid: Could not find table 'users'
    /usr/local/rvm/gems/ruby-1.9.3-p194/gems/activerecord-3.2.8/lib/active_record/connection_adapters/sqlite_adapter.rb:472:in `table_structure'
    /usr/local/rvm/gems/ruby-1.9.3-p194/gems/activerecord-3.2.8/lib/active_record/connection_adapters/sqlite_adapter.rb:346:in `columns'
    /usr/local/rvm/gems/ruby-1.9.3-p194/gems/activerecord-3.2.8/lib/active_record/fixtures.rb:660:in `column_names'
    /usr/local/rvm/gems/ruby-1.9.3-p194/gems/activerecord-3.2.8/lib/active_record/fixtures.rb:652:in `timestamp_column_names'
    /usr/local/rvm/gems/ruby-1.9.3-p194/gems/activerecord-3.2.8/lib/active_record/fixtures.rb:585:in `block in table_rows'
    /usr/local/rvm/gems/ruby-1.9.3-p194/gems/activerecord-3.2.8/lib/active_record/fixtures.rb:579:in `each'
    /usr/local/rvm/gems/ruby-1.9.3-p194/gems/activerecord-3.2.8/lib/active_record/fixtures.rb:579:in `map'
    /usr/local/rvm/gems/ruby-1.9.3-p194/gems/activerecord-3.2.8/lib/active_record/fixtures.rb:579:in `table_rows'
    /usr/local/rvm/gems/ruby-1.9.3-p194/gems/activerecord-3.2.8/lib/active_record/fixtures.rb:494:in `block (3 levels) in create_fixtures'
    /usr/local/rvm/gems/ruby-1.9.3-p194/gems/activerecord-3.2.8/lib/active_record/fixtures.rb:492:in `each'
    /usr/local/rvm/gems/ruby-1.9.3-p194/gems/activerecord-3.2.8/lib/active_record/fixtures.rb:492:in `block (2 levels) in create_fixtures'
    /usr/local/rvm/gems/ruby-1.9.3-p194/gems/activerecord-3.2.8/lib/active_record/connection_adapters/abstract/database_statements.rb:192:in `transaction'
    /usr/local/rvm/gems/ruby-1.9.3-p194/gems/activerecord-3.2.8/lib/active_record/fixtures.rb:491:in `block in create_fixtures'
    /usr/local/rvm/gems/ruby-1.9.3-p194/gems/activerecord-3.2.8/lib/active_record/connection_adapters/abstract_adapter.rb:168:in `disable_referential_integrity'
    /usr/local/rvm/gems/ruby-1.9.3-p194/gems/activerecord-3.2.8/lib/active_record/fixtures.rb:476:in `create_fixtures'
    /usr/local/rvm/gems/ruby-1.9.3-p194/gems/activerecord-3.2.8/lib/active_record/fixtures.rb:895:in `load_fixtures'
    /usr/local/rvm/gems/ruby-1.9.3-p194/gems/activerecord-3.2.8/lib/active_record/fixtures.rb:849:in `setup_fixtures'
    /usr/local/rvm/gems/ruby-1.9.3-p194/gems/activesupport-3.2.8/lib/active_support/callbacks.rb:429:in `_run__54890352__setup__800699990__callbacks'
    /usr/local/rvm/gems/ruby-1.9.3-p194/gems/activesupport-3.2.8/lib/active_support/callbacks.rb:405:in `__run_callback'
    /usr/local/rvm/gems/ruby-1.9.3-p194/gems/activesupport-3.2.8/lib/active_support/callbacks.rb:385:in `_run_setup_callbacks'
    /usr/local/rvm/gems/ruby-1.9.3-p194/gems/activesupport-3.2.8/lib/active_support/callbacks.rb:81:in `run_callbacks'
    /usr/local/rvm/gems/ruby-1.9.3-p194/gems/activesupport-3.2.8/lib/active_support/testing/setup_and_teardown.rb:35:in `run'

  2) Error:
test_should_destroy_micropost(MicropostsControllerTest):
ActiveRecord::StatementInvalid: Could not find table 'users'
    /usr/local/rvm/gems/ruby-1.9.3-p194/gems/activerecord-3.2.8/lib/active_record/connection_adapters/sqlite_adapter.rb:472:in `table_structure'
    /usr/local/rvm/gems/ruby-1.9.3-p194/gems/activerecord-3.2.8/lib/active_record/connection_adapters/sqlite_adapter.rb:346:in `columns'
    /usr/local/rvm/gems/ruby-1.9.3-p194/gems/activerecord-3.2.8/lib/active_record/fixtures.rb:660:in `column_names'
    /usr/local/rvm/gems/ruby-1.9.3-p194/gems/activerecord-3.2.8/lib/active_record/fixtures.rb:652:in `timestamp_column_names'
    /usr/local/rvm/gems/ruby-1.9.3-p194/gems/activerecord-3.2.8/lib/active_record/fixtures.rb:585:in `block in table_rows'
    /usr/local/rvm/gems/ruby-1.9.3-p194/gems/activerecord-3.2.8/lib/active_record/fixtures.rb:579:in `each'
    /usr/local/rvm/gems/ruby-1.9.3-p194/gems/activerecord-3.2.8/lib/active_record/fixtures.rb:579:in `map'
    /usr/local/rvm/gems/ruby-1.9.3-p194/gems/activerecord-3.2.8/lib/active_record/fixtures.rb:579:in `table_rows'
    /usr/local/rvm/gems/ruby-1.9.3-p194/gems/activerecord-3.2.8/lib/active_record/fixtures.rb:494:in `block (3 levels) in create_fixtures'
    /usr/local/rvm/gems/ruby-1.9.3-p194/gems/activerecord-3.2.8/lib/active_record/fixtures.rb:492:in `each'
    /usr/local/rvm/gems/ruby-1.9.3-p194/gems/activerecord-3.2.8/lib/active_record/fixtures.rb:492:in `block (2 levels) in create_fixtures'
    /usr/local/rvm/gems/ruby-1.9.3-p194/gems/activerecord-3.2.8/lib/active_record/connection_adapters/abstract/database_statements.rb:192:in `transaction'
    /usr/local/rvm/gems/ruby-1.9.3-p194/gems/activerecord-3.2.8/lib/active_record/fixtures.rb:491:in `block in create_fixtures'
    /usr/local/rvm/gems/ruby-1.9.3-p194/gems/activerecord-3.2.8/lib/active_record/connection_adapters/abstract_adapter.rb:168:in `disable_referential_integrity'
    /usr/local/rvm/gems/ruby-1.9.3-p194/gems/activerecord-3.2.8/lib/active_record/fixtures.rb:476:in `create_fixtures'
    /usr/local/rvm/gems/ruby-1.9.3-p194/gems/activerecord-3.2.8/lib/active_record/fixtures.rb:895:in `load_fixtures'
    /usr/local/rvm/gems/ruby-1.9.3-p194/gems/activerecord-3.2.8/lib/active_record/fixtures.rb:849:in `setup_fixtures'
    /usr/local/rvm/gems/ruby-1.9.3-p194/gems/activesupport-3.2.8/lib/active_support/callbacks.rb:429:in `_run__54890352__setup__800699990__callbacks'
    /usr/local/rvm/gems/ruby-1.9.3-p194/gems/activesupport-3.2.8/lib/active_support/callbacks.rb:405:in `__run_callback'
    /usr/local/rvm/gems/ruby-1.9.3-p194/gems/activesupport-3.2.8/lib/active_support/callbacks.rb:385:in `_run_setup_callbacks'
    /usr/local/rvm/gems/ruby-1.9.3-p194/gems/activesupport-3.2.8/lib/active_support/callbacks.rb:81:in `run_callbacks'
    /usr/local/rvm/gems/ruby-1.9.3-p194/gems/activesupport-3.2.8/lib/active_support/testing/setup_and_teardown.rb:35:in `run'

  3) Error:
test_should_get_edit(MicropostsControllerTest):
ActiveRecord::StatementInvalid: Could not find table 'users'
    /usr/local/rvm/gems/ruby-1.9.3-p194/gems/activerecord-3.2.8/lib/active_record/connection_adapters/sqlite_adapter.rb:472:in `table_structure'
    /usr/local/rvm/gems/ruby-1.9.3-p194/gems/activerecord-3.2.8/lib/active_record/connection_adapters/sqlite_adapter.rb:346:in `columns'
    /usr/local/rvm/gems/ruby-1.9.3-p194/gems/activerecord-3.2.8/lib/active_record/fixtures.rb:660:in `column_names'
    /usr/local/rvm/gems/ruby-1.9.3-p194/gems/activerecord-3.2.8/lib/active_record/fixtures.rb:652:in `timestamp_column_names'
    /usr/local/rvm/gems/ruby-1.9.3-p194/gems/activerecord-3.2.8/lib/active_record/fixtures.rb:585:in `block in table_rows'
    /usr/local/rvm/gems/ruby-1.9.3-p194/gems/activerecord-3.2.8/lib/active_record/fixtures.rb:579:in `each'
    /usr/local/rvm/gems/ruby-1.9.3-p194/gems/activerecord-3.2.8/lib/active_record/fixtures.rb:579:in `map'
    /usr/local/rvm/gems/ruby-1.9.3-p194/gems/activerecord-3.2.8/lib/active_record/fixtures.rb:579:in `table_rows'
    /usr/local/rvm/gems/ruby-1.9.3-p194/gems/activerecord-3.2.8/lib/active_record/fixtures.rb:494:in `block (3 levels) in create_fixtures'
    /usr/local/rvm/gems/ruby-1.9.3-p194/gems/activerecord-3.2.8/lib/active_record/fixtures.rb:492:in `each'
    /usr/local/rvm/gems/ruby-1.9.3-p194/gems/activerecord-3.2.8/lib/active_record/fixtures.rb:492:in `block (2 levels) in create_fixtures'
    /usr/local/rvm/gems/ruby-1.9.3-p194/gems/activerecord-3.2.8/lib/active_record/connection_adapters/abstract/database_statements.rb:192:in `transaction'
    /usr/local/rvm/gems/ruby-1.9.3-p194/gems/activerecord-3.2.8/lib/active_record/fixtures.rb:491:in `block in create_fixtures'
    /usr/local/rvm/gems/ruby-1.9.3-p194/gems/activerecord-3.2.8/lib/active_record/connection_adapters/abstract_adapter.rb:168:in `disable_referential_integrity'
    /usr/local/rvm/gems/ruby-1.9.3-p194/gems/activerecord-3.2.8/lib/active_record/fixtures.rb:476:in `create_fixtures'
    /usr/local/rvm/gems/ruby-1.9.3-p194/gems/activerecord-3.2.8/lib/active_record/fixtures.rb:895:in `load_fixtures'
    /usr/local/rvm/gems/ruby-1.9.3-p194/gems/activerecord-3.2.8/lib/active_record/fixtures.rb:849:in `setup_fixtures'
    /usr/local/rvm/gems/ruby-1.9.3-p194/gems/activesupport-3.2.8/lib/active_support/callbacks.rb:429:in `_run__54890352__setup__800699990__callbacks'
    /usr/local/rvm/gems/ruby-1.9.3-p194/gems/activesupport-3.2.8/lib/active_support/callbacks.rb:405:in `__run_callback'
    /usr/local/rvm/gems/ruby-1.9.3-p194/gems/activesupport-3.2.8/lib/active_support/callbacks.rb:385:in `_run_setup_callbacks'
    /usr/local/rvm/gems/ruby-1.9.3-p194/gems/activesupport-3.2.8/lib/active_support/callbacks.rb:81:in `run_callbacks'
    /usr/local/rvm/gems/ruby-1.9.3-p194/gems/activesupport-3.2.8/lib/active_support/testing/setup_and_teardown.rb:35:in `run'

  4) Error:
test_should_get_index(MicropostsControllerTest):
ActiveRecord::StatementInvalid: Could not find table 'users'
    /usr/local/rvm/gems/ruby-1.9.3-p194/gems/activerecord-3.2.8/lib/active_record/connection_adapters/sqlite_adapter.rb:472:in `table_structure'
    /usr/local/rvm/gems/ruby-1.9.3-p194/gems/activerecord-3.2.8/lib/active_record/connection_adapters/sqlite_adapter.rb:346:in `columns'
    /usr/local/rvm/gems/ruby-1.9.3-p194/gems/activerecord-3.2.8/lib/active_record/fixtures.rb:660:in `column_names'
    /usr/local/rvm/gems/ruby-1.9.3-p194/gems/activerecord-3.2.8/lib/active_record/fixtures.rb:652:in `timestamp_column_names'
    /usr/local/rvm/gems/ruby-1.9.3-p194/gems/activerecord-3.2.8/lib/active_record/fixtures.rb:585:in `block in table_rows'
    /usr/local/rvm/gems/ruby-1.9.3-p194/gems/activerecord-3.2.8/lib/active_record/fixtures.rb:579:in `each'
    /usr/local/rvm/gems/ruby-1.9.3-p194/gems/activerecord-3.2.8/lib/active_record/fixtures.rb:579:in `map'
    /usr/local/rvm/gems/ruby-1.9.3-p194/gems/activerecord-3.2.8/lib/active_record/fixtures.rb:579:in `table_rows'
    /usr/local/rvm/gems/ruby-1.9.3-p194/gems/activerecord-3.2.8/lib/active_record/fixtures.rb:494:in `block (3 levels) in create_fixtures'
    /usr/local/rvm/gems/ruby-1.9.3-p194/gems/activerecord-3.2.8/lib/active_record/fixtures.rb:492:in `each'
    /usr/local/rvm/gems/ruby-1.9.3-p194/gems/activerecord-3.2.8/lib/active_record/fixtures.rb:492:in `block (2 levels) in create_fixtures'
    /usr/local/rvm/gems/ruby-1.9.3-p194/gems/activerecord-3.2.8/lib/active_record/connection_adapters/abstract/database_statements.rb:192:in `transaction'
    /usr/local/rvm/gems/ruby-1.9.3-p194/gems/activerecord-3.2.8/lib/active_record/fixtures.rb:491:in `block in create_fixtures'
    /usr/local/rvm/gems/ruby-1.9.3-p194/gems/activerecord-3.2.8/lib/active_record/connection_adapters/abstract_adapter.rb:168:in `disable_referential_integrity'
    /usr/local/rvm/gems/ruby-1.9.3-p194/gems/activerecord-3.2.8/lib/active_record/fixtures.rb:476:in `create_fixtures'
    /usr/local/rvm/gems/ruby-1.9.3-p194/gems/activerecord-3.2.8/lib/active_record/fixtures.rb:895:in `load_fixtures'
    /usr/local/rvm/gems/ruby-1.9.3-p194/gems/activerecord-3.2.8/lib/active_record/fixtures.rb:849:in `setup_fixtures'
    /usr/local/rvm/gems/ruby-1.9.3-p194/gems/activesupport-3.2.8/lib/active_support/callbacks.rb:429:in `_run__54890352__setup__800699990__callbacks'
    /usr/local/rvm/gems/ruby-1.9.3-p194/gems/activesupport-3.2.8/lib/active_support/callbacks.rb:405:in `__run_callback'
    /usr/local/rvm/gems/ruby-1.9.3-p194/gems/activesupport-3.2.8/lib/active_support/callbacks.rb:385:in `_run_setup_callbacks'
    /usr/local/rvm/gems/ruby-1.9.3-p194/gems/activesupport-3.2.8/lib/active_support/callbacks.rb:81:in `run_callbacks'
    /usr/local/rvm/gems/ruby-1.9.3-p194/gems/activesupport-3.2.8/lib/active_support/testing/setup_and_teardown.rb:35:in `run'

  5) Error:
test_should_get_new(MicropostsControllerTest):
ActiveRecord::StatementInvalid: Could not find table 'users'
    /usr/local/rvm/gems/ruby-1.9.3-p194/gems/activerecord-3.2.8/lib/active_record/connection_adapters/sqlite_adapter.rb:472:in `table_structure'
    /usr/local/rvm/gems/ruby-1.9.3-p194/gems/activerecord-3.2.8/lib/active_record/connection_adapters/sqlite_adapter.rb:346:in `columns'
    /usr/local/rvm/gems/ruby-1.9.3-p194/gems/activerecord-3.2.8/lib/active_record/fixtures.rb:660:in `column_names'
    /usr/local/rvm/gems/ruby-1.9.3-p194/gems/activerecord-3.2.8/lib/active_record/fixtures.rb:652:in `timestamp_column_names'
    /usr/local/rvm/gems/ruby-1.9.3-p194/gems/activerecord-3.2.8/lib/active_record/fixtures.rb:585:in `block in table_rows'
    /usr/local/rvm/gems/ruby-1.9.3-p194/gems/activerecord-3.2.8/lib/active_record/fixtures.rb:579:in `each'
    /usr/local/rvm/gems/ruby-1.9.3-p194/gems/activerecord-3.2.8/lib/active_record/fixtures.rb:579:in `map'
    /usr/local/rvm/gems/ruby-1.9.3-p194/gems/activerecord-3.2.8/lib/active_record/fixtures.rb:579:in `table_rows'
    /usr/local/rvm/gems/ruby-1.9.3-p194/gems/activerecord-3.2.8/lib/active_record/fixtures.rb:494:in `block (3 levels) in create_fixtures'
    /usr/local/rvm/gems/ruby-1.9.3-p194/gems/activerecord-3.2.8/lib/active_record/fixtures.rb:492:in `each'
    /usr/local/rvm/gems/ruby-1.9.3-p194/gems/activerecord-3.2.8/lib/active_record/fixtures.rb:492:in `block (2 levels) in create_fixtures'
    /usr/local/rvm/gems/ruby-1.9.3-p194/gems/activerecord-3.2.8/lib/active_record/connection_adapters/abstract/database_statements.rb:192:in `transaction'
    /usr/local/rvm/gems/ruby-1.9.3-p194/gems/activerecord-3.2.8/lib/active_record/fixtures.rb:491:in `block in create_fixtures'
    /usr/local/rvm/gems/ruby-1.9.3-p194/gems/activerecord-3.2.8/lib/active_record/connection_adapters/abstract_adapter.rb:168:in `disable_referential_integrity'
    /usr/local/rvm/gems/ruby-1.9.3-p194/gems/activerecord-3.2.8/lib/active_record/fixtures.rb:476:in `create_fixtures'
    /usr/local/rvm/gems/ruby-1.9.3-p194/gems/activerecord-3.2.8/lib/active_record/fixtures.rb:895:in `load_fixtures'
    /usr/local/rvm/gems/ruby-1.9.3-p194/gems/activerecord-3.2.8/lib/active_record/fixtures.rb:849:in `setup_fixtures'
    /usr/local/rvm/gems/ruby-1.9.3-p194/gems/activesupport-3.2.8/lib/active_support/callbacks.rb:429:in `_run__54890352__setup__800699990__callbacks'
    /usr/local/rvm/gems/ruby-1.9.3-p194/gems/activesupport-3.2.8/lib/active_support/callbacks.rb:405:in `__run_callback'
    /usr/local/rvm/gems/ruby-1.9.3-p194/gems/activesupport-3.2.8/lib/active_support/callbacks.rb:385:in `_run_setup_callbacks'
    /usr/local/rvm/gems/ruby-1.9.3-p194/gems/activesupport-3.2.8/lib/active_support/callbacks.rb:81:in `run_callbacks'
    /usr/local/rvm/gems/ruby-1.9.3-p194/gems/activesupport-3.2.8/lib/active_support/testing/setup_and_teardown.rb:35:in `run'

  6) Error:
test_should_show_micropost(MicropostsControllerTest):
ActiveRecord::StatementInvalid: Could not find table 'users'
    /usr/local/rvm/gems/ruby-1.9.3-p194/gems/activerecord-3.2.8/lib/active_record/connection_adapters/sqlite_adapter.rb:472:in `table_structure'
    /usr/local/rvm/gems/ruby-1.9.3-p194/gems/activerecord-3.2.8/lib/active_record/connection_adapters/sqlite_adapter.rb:346:in `columns'
    /usr/local/rvm/gems/ruby-1.9.3-p194/gems/activerecord-3.2.8/lib/active_record/fixtures.rb:660:in `column_names'
    /usr/local/rvm/gems/ruby-1.9.3-p194/gems/activerecord-3.2.8/lib/active_record/fixtures.rb:652:in `timestamp_column_names'
    /usr/local/rvm/gems/ruby-1.9.3-p194/gems/activerecord-3.2.8/lib/active_record/fixtures.rb:585:in `block in table_rows'
    /usr/local/rvm/gems/ruby-1.9.3-p194/gems/activerecord-3.2.8/lib/active_record/fixtures.rb:579:in `each'
    /usr/local/rvm/gems/ruby-1.9.3-p194/gems/activerecord-3.2.8/lib/active_record/fixtures.rb:579:in `map'
    /usr/local/rvm/gems/ruby-1.9.3-p194/gems/activerecord-3.2.8/lib/active_record/fixtures.rb:579:in `table_rows'
    /usr/local/rvm/gems/ruby-1.9.3-p194/gems/activerecord-3.2.8/lib/active_record/fixtures.rb:494:in `block (3 levels) in create_fixtures'
    /usr/local/rvm/gems/ruby-1.9.3-p194/gems/activerecord-3.2.8/lib/active_record/fixtures.rb:492:in `each'
    /usr/local/rvm/gems/ruby-1.9.3-p194/gems/activerecord-3.2.8/lib/active_record/fixtures.rb:492:in `block (2 levels) in create_fixtures'
    /usr/local/rvm/gems/ruby-1.9.3-p194/gems/activerecord-3.2.8/lib/active_record/connection_adapters/abstract/database_statements.rb:192:in `transaction'
    /usr/local/rvm/gems/ruby-1.9.3-p194/gems/activerecord-3.2.8/lib/active_record/fixtures.rb:491:in `block in create_fixtures'
    /usr/local/rvm/gems/ruby-1.9.3-p194/gems/activerecord-3.2.8/lib/active_record/connection_adapters/abstract_adapter.rb:168:in `disable_referential_integrity'
    /usr/local/rvm/gems/ruby-1.9.3-p194/gems/activerecord-3.2.8/lib/active_record/fixtures.rb:476:in `create_fixtures'
    /usr/local/rvm/gems/ruby-1.9.3-p194/gems/activerecord-3.2.8/lib/active_record/fixtures.rb:895:in `load_fixtures'
    /usr/local/rvm/gems/ruby-1.9.3-p194/gems/activerecord-3.2.8/lib/active_record/fixtures.rb:849:in `setup_fixtures'
    /usr/local/rvm/gems/ruby-1.9.3-p194/gems/activesupport-3.2.8/lib/active_support/callbacks.rb:429:in `_run__54890352__setup__800699990__callbacks'
    /usr/local/rvm/gems/ruby-1.9.3-p194/gems/activesupport-3.2.8/lib/active_support/callbacks.rb:405:in `__run_callback'
    /usr/local/rvm/gems/ruby-1.9.3-p194/gems/activesupport-3.2.8/lib/active_support/callbacks.rb:385:in `_run_setup_callbacks'
    /usr/local/rvm/gems/ruby-1.9.3-p194/gems/activesupport-3.2.8/lib/active_support/callbacks.rb:81:in `run_callbacks'
    /usr/local/rvm/gems/ruby-1.9.3-p194/gems/activesupport-3.2.8/lib/active_support/testing/setup_and_teardown.rb:35:in `run'

  7) Error:
test_should_update_micropost(MicropostsControllerTest):
ActiveRecord::StatementInvalid: Could not find table 'users'
    /usr/local/rvm/gems/ruby-1.9.3-p194/gems/activerecord-3.2.8/lib/active_record/connection_adapters/sqlite_adapter.rb:472:in `table_structure'
    /usr/local/rvm/gems/ruby-1.9.3-p194/gems/activerecord-3.2.8/lib/active_record/connection_adapters/sqlite_adapter.rb:346:in `columns'
    /usr/local/rvm/gems/ruby-1.9.3-p194/gems/activerecord-3.2.8/lib/active_record/fixtures.rb:660:in `column_names'
    /usr/local/rvm/gems/ruby-1.9.3-p194/gems/activerecord-3.2.8/lib/active_record/fixtures.rb:652:in `timestamp_column_names'
    /usr/local/rvm/gems/ruby-1.9.3-p194/gems/activerecord-3.2.8/lib/active_record/fixtures.rb:585:in `block in table_rows'
    /usr/local/rvm/gems/ruby-1.9.3-p194/gems/activerecord-3.2.8/lib/active_record/fixtures.rb:579:in `each'
    /usr/local/rvm/gems/ruby-1.9.3-p194/gems/activerecord-3.2.8/lib/active_record/fixtures.rb:579:in `map'
    /usr/local/rvm/gems/ruby-1.9.3-p194/gems/activerecord-3.2.8/lib/active_record/fixtures.rb:579:in `table_rows'
    /usr/local/rvm/gems/ruby-1.9.3-p194/gems/activerecord-3.2.8/lib/active_record/fixtures.rb:494:in `block (3 levels) in create_fixtures'
    /usr/local/rvm/gems/ruby-1.9.3-p194/gems/activerecord-3.2.8/lib/active_record/fixtures.rb:492:in `each'
    /usr/local/rvm/gems/ruby-1.9.3-p194/gems/activerecord-3.2.8/lib/active_record/fixtures.rb:492:in `block (2 levels) in create_fixtures'
    /usr/local/rvm/gems/ruby-1.9.3-p194/gems/activerecord-3.2.8/lib/active_record/connection_adapters/abstract/database_statements.rb:192:in `transaction'
    /usr/local/rvm/gems/ruby-1.9.3-p194/gems/activerecord-3.2.8/lib/active_record/fixtures.rb:491:in `block in create_fixtures'
    /usr/local/rvm/gems/ruby-1.9.3-p194/gems/activerecord-3.2.8/lib/active_record/connection_adapters/abstract_adapter.rb:168:in `disable_referential_integrity'
    /usr/local/rvm/gems/ruby-1.9.3-p194/gems/activerecord-3.2.8/lib/active_record/fixtures.rb:476:in `create_fixtures'
    /usr/local/rvm/gems/ruby-1.9.3-p194/gems/activerecord-3.2.8/lib/active_record/fixtures.rb:895:in `load_fixtures'
    /usr/local/rvm/gems/ruby-1.9.3-p194/gems/activerecord-3.2.8/lib/active_record/fixtures.rb:849:in `setup_fixtures'
    /usr/local/rvm/gems/ruby-1.9.3-p194/gems/activesupport-3.2.8/lib/active_support/callbacks.rb:429:in `_run__54890352__setup__800699990__callbacks'
    /usr/local/rvm/gems/ruby-1.9.3-p194/gems/activesupport-3.2.8/lib/active_support/callbacks.rb:405:in `__run_callback'
    /usr/local/rvm/gems/ruby-1.9.3-p194/gems/activesupport-3.2.8/lib/active_support/callbacks.rb:385:in `_run_setup_callbacks'
    /usr/local/rvm/gems/ruby-1.9.3-p194/gems/activesupport-3.2.8/lib/active_support/callbacks.rb:81:in `run_callbacks'
    /usr/local/rvm/gems/ruby-1.9.3-p194/gems/activesupport-3.2.8/lib/active_support/testing/setup_and_teardown.rb:35:in `run'

7 tests, 0 assertions, 0 failures, 7 errors, 0 skips
Run options: -n "/^(test_should_create_user|test_should_destroy_user|test_should_get_edit|test_should_get_index|test_should_get_new|test_should_show_user|test_should_update_user)$/"

# Running tests:

EEEEEEE

Finished tests in 0.100535s, 69.6272 tests/s, 0.0000 assertions/s.

  1) Error:
test_should_create_user(UsersControllerTest):
ActiveRecord::StatementInvalid: Could not find table 'users'
    /usr/local/rvm/gems/ruby-1.9.3-p194/gems/activerecord-3.2.8/lib/active_record/connection_adapters/sqlite_adapter.rb:472:in `table_structure'
    /usr/local/rvm/gems/ruby-1.9.3-p194/gems/activerecord-3.2.8/lib/active_record/connection_adapters/sqlite_adapter.rb:346:in `columns'
    /usr/local/rvm/gems/ruby-1.9.3-p194/gems/activerecord-3.2.8/lib/active_record/fixtures.rb:660:in `column_names'
    /usr/local/rvm/gems/ruby-1.9.3-p194/gems/activerecord-3.2.8/lib/active_record/fixtures.rb:652:in `timestamp_column_names'
    /usr/local/rvm/gems/ruby-1.9.3-p194/gems/activerecord-3.2.8/lib/active_record/fixtures.rb:585:in `block in table_rows'
    /usr/local/rvm/gems/ruby-1.9.3-p194/gems/activerecord-3.2.8/lib/active_record/fixtures.rb:579:in `each'
    /usr/local/rvm/gems/ruby-1.9.3-p194/gems/activerecord-3.2.8/lib/active_record/fixtures.rb:579:in `map'
    /usr/local/rvm/gems/ruby-1.9.3-p194/gems/activerecord-3.2.8/lib/active_record/fixtures.rb:579:in `table_rows'
    /usr/local/rvm/gems/ruby-1.9.3-p194/gems/activerecord-3.2.8/lib/active_record/fixtures.rb:494:in `block (3 levels) in create_fixtures'
    /usr/local/rvm/gems/ruby-1.9.3-p194/gems/activerecord-3.2.8/lib/active_record/fixtures.rb:492:in `each'
    /usr/local/rvm/gems/ruby-1.9.3-p194/gems/activerecord-3.2.8/lib/active_record/fixtures.rb:492:in `block (2 levels) in create_fixtures'
    /usr/local/rvm/gems/ruby-1.9.3-p194/gems/activerecord-3.2.8/lib/active_record/connection_adapters/abstract/database_statements.rb:192:in `transaction'
    /usr/local/rvm/gems/ruby-1.9.3-p194/gems/activerecord-3.2.8/lib/active_record/fixtures.rb:491:in `block in create_fixtures'
    /usr/local/rvm/gems/ruby-1.9.3-p194/gems/activerecord-3.2.8/lib/active_record/connection_adapters/abstract_adapter.rb:168:in `disable_referential_integrity'
    /usr/local/rvm/gems/ruby-1.9.3-p194/gems/activerecord-3.2.8/lib/active_record/fixtures.rb:476:in `create_fixtures'
    /usr/local/rvm/gems/ruby-1.9.3-p194/gems/activerecord-3.2.8/lib/active_record/fixtures.rb:895:in `load_fixtures'
    /usr/local/rvm/gems/ruby-1.9.3-p194/gems/activerecord-3.2.8/lib/active_record/fixtures.rb:849:in `setup_fixtures'
    /usr/local/rvm/gems/ruby-1.9.3-p194/gems/activesupport-3.2.8/lib/active_support/callbacks.rb:429:in `_run__717054055__setup__904192624__callbacks'
    /usr/local/rvm/gems/ruby-1.9.3-p194/gems/activesupport-3.2.8/lib/active_support/callbacks.rb:405:in `__run_callback'
    /usr/local/rvm/gems/ruby-1.9.3-p194/gems/activesupport-3.2.8/lib/active_support/callbacks.rb:385:in `_run_setup_callbacks'
    /usr/local/rvm/gems/ruby-1.9.3-p194/gems/activesupport-3.2.8/lib/active_support/callbacks.rb:81:in `run_callbacks'
    /usr/local/rvm/gems/ruby-1.9.3-p194/gems/activesupport-3.2.8/lib/active_support/testing/setup_and_teardown.rb:35:in `run'

  2) Error:
test_should_destroy_user(UsersControllerTest):
ActiveRecord::StatementInvalid: Could not find table 'users'
    /usr/local/rvm/gems/ruby-1.9.3-p194/gems/activerecord-3.2.8/lib/active_record/connection_adapters/sqlite_adapter.rb:472:in `table_structure'
    /usr/local/rvm/gems/ruby-1.9.3-p194/gems/activerecord-3.2.8/lib/active_record/connection_adapters/sqlite_adapter.rb:346:in `columns'
    /usr/local/rvm/gems/ruby-1.9.3-p194/gems/activerecord-3.2.8/lib/active_record/fixtures.rb:660:in `column_names'
    /usr/local/rvm/gems/ruby-1.9.3-p194/gems/activerecord-3.2.8/lib/active_record/fixtures.rb:652:in `timestamp_column_names'
    /usr/local/rvm/gems/ruby-1.9.3-p194/gems/activerecord-3.2.8/lib/active_record/fixtures.rb:585:in `block in table_rows'
    /usr/local/rvm/gems/ruby-1.9.3-p194/gems/activerecord-3.2.8/lib/active_record/fixtures.rb:579:in `each'
    /usr/local/rvm/gems/ruby-1.9.3-p194/gems/activerecord-3.2.8/lib/active_record/fixtures.rb:579:in `map'
    /usr/local/rvm/gems/ruby-1.9.3-p194/gems/activerecord-3.2.8/lib/active_record/fixtures.rb:579:in `table_rows'
    /usr/local/rvm/gems/ruby-1.9.3-p194/gems/activerecord-3.2.8/lib/active_record/fixtures.rb:494:in `block (3 levels) in create_fixtures'
    /usr/local/rvm/gems/ruby-1.9.3-p194/gems/activerecord-3.2.8/lib/active_record/fixtures.rb:492:in `each'
    /usr/local/rvm/gems/ruby-1.9.3-p194/gems/activerecord-3.2.8/lib/active_record/fixtures.rb:492:in `block (2 levels) in create_fixtures'
    /usr/local/rvm/gems/ruby-1.9.3-p194/gems/activerecord-3.2.8/lib/active_record/connection_adapters/abstract/database_statements.rb:192:in `transaction'
    /usr/local/rvm/gems/ruby-1.9.3-p194/gems/activerecord-3.2.8/lib/active_record/fixtures.rb:491:in `block in create_fixtures'
    /usr/local/rvm/gems/ruby-1.9.3-p194/gems/activerecord-3.2.8/lib/active_record/connection_adapters/abstract_adapter.rb:168:in `disable_referential_integrity'
    /usr/local/rvm/gems/ruby-1.9.3-p194/gems/activerecord-3.2.8/lib/active_record/fixtures.rb:476:in `create_fixtures'
    /usr/local/rvm/gems/ruby-1.9.3-p194/gems/activerecord-3.2.8/lib/active_record/fixtures.rb:895:in `load_fixtures'
    /usr/local/rvm/gems/ruby-1.9.3-p194/gems/activerecord-3.2.8/lib/active_record/fixtures.rb:849:in `setup_fixtures'
    /usr/local/rvm/gems/ruby-1.9.3-p194/gems/activesupport-3.2.8/lib/active_support/callbacks.rb:429:in `_run__717054055__setup__904192624__callbacks'
    /usr/local/rvm/gems/ruby-1.9.3-p194/gems/activesupport-3.2.8/lib/active_support/callbacks.rb:405:in `__run_callback'
    /usr/local/rvm/gems/ruby-1.9.3-p194/gems/activesupport-3.2.8/lib/active_support/callbacks.rb:385:in `_run_setup_callbacks'
    /usr/local/rvm/gems/ruby-1.9.3-p194/gems/activesupport-3.2.8/lib/active_support/callbacks.rb:81:in `run_callbacks'
    /usr/local/rvm/gems/ruby-1.9.3-p194/gems/activesupport-3.2.8/lib/active_support/testing/setup_and_teardown.rb:35:in `run'

  3) Error:
test_should_get_edit(UsersControllerTest):
ActiveRecord::StatementInvalid: Could not find table 'users'
    /usr/local/rvm/gems/ruby-1.9.3-p194/gems/activerecord-3.2.8/lib/active_record/connection_adapters/sqlite_adapter.rb:472:in `table_structure'
    /usr/local/rvm/gems/ruby-1.9.3-p194/gems/activerecord-3.2.8/lib/active_record/connection_adapters/sqlite_adapter.rb:346:in `columns'
    /usr/local/rvm/gems/ruby-1.9.3-p194/gems/activerecord-3.2.8/lib/active_record/fixtures.rb:660:in `column_names'
    /usr/local/rvm/gems/ruby-1.9.3-p194/gems/activerecord-3.2.8/lib/active_record/fixtures.rb:652:in `timestamp_column_names'
    /usr/local/rvm/gems/ruby-1.9.3-p194/gems/activerecord-3.2.8/lib/active_record/fixtures.rb:585:in `block in table_rows'
    /usr/local/rvm/gems/ruby-1.9.3-p194/gems/activerecord-3.2.8/lib/active_record/fixtures.rb:579:in `each'
    /usr/local/rvm/gems/ruby-1.9.3-p194/gems/activerecord-3.2.8/lib/active_record/fixtures.rb:579:in `map'
    /usr/local/rvm/gems/ruby-1.9.3-p194/gems/activerecord-3.2.8/lib/active_record/fixtures.rb:579:in `table_rows'
    /usr/local/rvm/gems/ruby-1.9.3-p194/gems/activerecord-3.2.8/lib/active_record/fixtures.rb:494:in `block (3 levels) in create_fixtures'
    /usr/local/rvm/gems/ruby-1.9.3-p194/gems/activerecord-3.2.8/lib/active_record/fixtures.rb:492:in `each'
    /usr/local/rvm/gems/ruby-1.9.3-p194/gems/activerecord-3.2.8/lib/active_record/fixtures.rb:492:in `block (2 levels) in create_fixtures'
    /usr/local/rvm/gems/ruby-1.9.3-p194/gems/activerecord-3.2.8/lib/active_record/connection_adapters/abstract/database_statements.rb:192:in `transaction'
    /usr/local/rvm/gems/ruby-1.9.3-p194/gems/activerecord-3.2.8/lib/active_record/fixtures.rb:491:in `block in create_fixtures'
    /usr/local/rvm/gems/ruby-1.9.3-p194/gems/activerecord-3.2.8/lib/active_record/connection_adapters/abstract_adapter.rb:168:in `disable_referential_integrity'
    /usr/local/rvm/gems/ruby-1.9.3-p194/gems/activerecord-3.2.8/lib/active_record/fixtures.rb:476:in `create_fixtures'
    /usr/local/rvm/gems/ruby-1.9.3-p194/gems/activerecord-3.2.8/lib/active_record/fixtures.rb:895:in `load_fixtures'
    /usr/local/rvm/gems/ruby-1.9.3-p194/gems/activerecord-3.2.8/lib/active_record/fixtures.rb:849:in `setup_fixtures'
    /usr/local/rvm/gems/ruby-1.9.3-p194/gems/activesupport-3.2.8/lib/active_support/callbacks.rb:429:in `_run__717054055__setup__904192624__callbacks'
    /usr/local/rvm/gems/ruby-1.9.3-p194/gems/activesupport-3.2.8/lib/active_support/callbacks.rb:405:in `__run_callback'
    /usr/local/rvm/gems/ruby-1.9.3-p194/gems/activesupport-3.2.8/lib/active_support/callbacks.rb:385:in `_run_setup_callbacks'
    /usr/local/rvm/gems/ruby-1.9.3-p194/gems/activesupport-3.2.8/lib/active_support/callbacks.rb:81:in `run_callbacks'
    /usr/local/rvm/gems/ruby-1.9.3-p194/gems/activesupport-3.2.8/lib/active_support/testing/setup_and_teardown.rb:35:in `run'

  4) Error:
test_should_get_index(UsersControllerTest):
ActiveRecord::StatementInvalid: Could not find table 'users'
    /usr/local/rvm/gems/ruby-1.9.3-p194/gems/activerecord-3.2.8/lib/active_record/connection_adapters/sqlite_adapter.rb:472:in `table_structure'
    /usr/local/rvm/gems/ruby-1.9.3-p194/gems/activerecord-3.2.8/lib/active_record/connection_adapters/sqlite_adapter.rb:346:in `columns'
    /usr/local/rvm/gems/ruby-1.9.3-p194/gems/activerecord-3.2.8/lib/active_record/fixtures.rb:660:in `column_names'
    /usr/local/rvm/gems/ruby-1.9.3-p194/gems/activerecord-3.2.8/lib/active_record/fixtures.rb:652:in `timestamp_column_names'
    /usr/local/rvm/gems/ruby-1.9.3-p194/gems/activerecord-3.2.8/lib/active_record/fixtures.rb:585:in `block in table_rows'
    /usr/local/rvm/gems/ruby-1.9.3-p194/gems/activerecord-3.2.8/lib/active_record/fixtures.rb:579:in `each'
    /usr/local/rvm/gems/ruby-1.9.3-p194/gems/activerecord-3.2.8/lib/active_record/fixtures.rb:579:in `map'
    /usr/local/rvm/gems/ruby-1.9.3-p194/gems/activerecord-3.2.8/lib/active_record/fixtures.rb:579:in `table_rows'
    /usr/local/rvm/gems/ruby-1.9.3-p194/gems/activerecord-3.2.8/lib/active_record/fixtures.rb:494:in `block (3 levels) in create_fixtures'
    /usr/local/rvm/gems/ruby-1.9.3-p194/gems/activerecord-3.2.8/lib/active_record/fixtures.rb:492:in `each'
    /usr/local/rvm/gems/ruby-1.9.3-p194/gems/activerecord-3.2.8/lib/active_record/fixtures.rb:492:in `block (2 levels) in create_fixtures'
    /usr/local/rvm/gems/ruby-1.9.3-p194/gems/activerecord-3.2.8/lib/active_record/connection_adapters/abstract/database_statements.rb:192:in `transaction'
    /usr/local/rvm/gems/ruby-1.9.3-p194/gems/activerecord-3.2.8/lib/active_record/fixtures.rb:491:in `block in create_fixtures'
    /usr/local/rvm/gems/ruby-1.9.3-p194/gems/activerecord-3.2.8/lib/active_record/connection_adapters/abstract_adapter.rb:168:in `disable_referential_integrity'
    /usr/local/rvm/gems/ruby-1.9.3-p194/gems/activerecord-3.2.8/lib/active_record/fixtures.rb:476:in `create_fixtures'
    /usr/local/rvm/gems/ruby-1.9.3-p194/gems/activerecord-3.2.8/lib/active_record/fixtures.rb:895:in `load_fixtures'
    /usr/local/rvm/gems/ruby-1.9.3-p194/gems/activerecord-3.2.8/lib/active_record/fixtures.rb:849:in `setup_fixtures'
    /usr/local/rvm/gems/ruby-1.9.3-p194/gems/activesupport-3.2.8/lib/active_support/callbacks.rb:429:in `_run__717054055__setup__904192624__callbacks'
    /usr/local/rvm/gems/ruby-1.9.3-p194/gems/activesupport-3.2.8/lib/active_support/callbacks.rb:405:in `__run_callback'
    /usr/local/rvm/gems/ruby-1.9.3-p194/gems/activesupport-3.2.8/lib/active_support/callbacks.rb:385:in `_run_setup_callbacks'
    /usr/local/rvm/gems/ruby-1.9.3-p194/gems/activesupport-3.2.8/lib/active_support/callbacks.rb:81:in `run_callbacks'
    /usr/local/rvm/gems/ruby-1.9.3-p194/gems/activesupport-3.2.8/lib/active_support/testing/setup_and_teardown.rb:35:in `run'

  5) Error:
test_should_get_new(UsersControllerTest):
ActiveRecord::StatementInvalid: Could not find table 'users'
    /usr/local/rvm/gems/ruby-1.9.3-p194/gems/activerecord-3.2.8/lib/active_record/connection_adapters/sqlite_adapter.rb:472:in `table_structure'
    /usr/local/rvm/gems/ruby-1.9.3-p194/gems/activerecord-3.2.8/lib/active_record/connection_adapters/sqlite_adapter.rb:346:in `columns'
    /usr/local/rvm/gems/ruby-1.9.3-p194/gems/activerecord-3.2.8/lib/active_record/fixtures.rb:660:in `column_names'
    /usr/local/rvm/gems/ruby-1.9.3-p194/gems/activerecord-3.2.8/lib/active_record/fixtures.rb:652:in `timestamp_column_names'
    /usr/local/rvm/gems/ruby-1.9.3-p194/gems/activerecord-3.2.8/lib/active_record/fixtures.rb:585:in `block in table_rows'
    /usr/local/rvm/gems/ruby-1.9.3-p194/gems/activerecord-3.2.8/lib/active_record/fixtures.rb:579:in `each'
    /usr/local/rvm/gems/ruby-1.9.3-p194/gems/activerecord-3.2.8/lib/active_record/fixtures.rb:579:in `map'
    /usr/local/rvm/gems/ruby-1.9.3-p194/gems/activerecord-3.2.8/lib/active_record/fixtures.rb:579:in `table_rows'
    /usr/local/rvm/gems/ruby-1.9.3-p194/gems/activerecord-3.2.8/lib/active_record/fixtures.rb:494:in `block (3 levels) in create_fixtures'
    /usr/local/rvm/gems/ruby-1.9.3-p194/gems/activerecord-3.2.8/lib/active_record/fixtures.rb:492:in `each'
    /usr/local/rvm/gems/ruby-1.9.3-p194/gems/activerecord-3.2.8/lib/active_record/fixtures.rb:492:in `block (2 levels) in create_fixtures'
    /usr/local/rvm/gems/ruby-1.9.3-p194/gems/activerecord-3.2.8/lib/active_record/connection_adapters/abstract/database_statements.rb:192:in `transaction'
    /usr/local/rvm/gems/ruby-1.9.3-p194/gems/activerecord-3.2.8/lib/active_record/fixtures.rb:491:in `block in create_fixtures'
    /usr/local/rvm/gems/ruby-1.9.3-p194/gems/activerecord-3.2.8/lib/active_record/connection_adapters/abstract_adapter.rb:168:in `disable_referential_integrity'
    /usr/local/rvm/gems/ruby-1.9.3-p194/gems/activerecord-3.2.8/lib/active_record/fixtures.rb:476:in `create_fixtures'
    /usr/local/rvm/gems/ruby-1.9.3-p194/gems/activerecord-3.2.8/lib/active_record/fixtures.rb:895:in `load_fixtures'
    /usr/local/rvm/gems/ruby-1.9.3-p194/gems/activerecord-3.2.8/lib/active_record/fixtures.rb:849:in `setup_fixtures'
    /usr/local/rvm/gems/ruby-1.9.3-p194/gems/activesupport-3.2.8/lib/active_support/callbacks.rb:429:in `_run__717054055__setup__904192624__callbacks'
    /usr/local/rvm/gems/ruby-1.9.3-p194/gems/activesupport-3.2.8/lib/active_support/callbacks.rb:405:in `__run_callback'
    /usr/local/rvm/gems/ruby-1.9.3-p194/gems/activesupport-3.2.8/lib/active_support/callbacks.rb:385:in `_run_setup_callbacks'
    /usr/local/rvm/gems/ruby-1.9.3-p194/gems/activesupport-3.2.8/lib/active_support/callbacks.rb:81:in `run_callbacks'
    /usr/local/rvm/gems/ruby-1.9.3-p194/gems/activesupport-3.2.8/lib/active_support/testing/setup_and_teardown.rb:35:in `run'

  6) Error:
test_should_show_user(UsersControllerTest):
ActiveRecord::StatementInvalid: Could not find table 'users'
    /usr/local/rvm/gems/ruby-1.9.3-p194/gems/activerecord-3.2.8/lib/active_record/connection_adapters/sqlite_adapter.rb:472:in `table_structure'
    /usr/local/rvm/gems/ruby-1.9.3-p194/gems/activerecord-3.2.8/lib/active_record/connection_adapters/sqlite_adapter.rb:346:in `columns'
    /usr/local/rvm/gems/ruby-1.9.3-p194/gems/activerecord-3.2.8/lib/active_record/fixtures.rb:660:in `column_names'
    /usr/local/rvm/gems/ruby-1.9.3-p194/gems/activerecord-3.2.8/lib/active_record/fixtures.rb:652:in `timestamp_column_names'
    /usr/local/rvm/gems/ruby-1.9.3-p194/gems/activerecord-3.2.8/lib/active_record/fixtures.rb:585:in `block in table_rows'
    /usr/local/rvm/gems/ruby-1.9.3-p194/gems/activerecord-3.2.8/lib/active_record/fixtures.rb:579:in `each'
    /usr/local/rvm/gems/ruby-1.9.3-p194/gems/activerecord-3.2.8/lib/active_record/fixtures.rb:579:in `map'
    /usr/local/rvm/gems/ruby-1.9.3-p194/gems/activerecord-3.2.8/lib/active_record/fixtures.rb:579:in `table_rows'
    /usr/local/rvm/gems/ruby-1.9.3-p194/gems/activerecord-3.2.8/lib/active_record/fixtures.rb:494:in `block (3 levels) in create_fixtures'
    /usr/local/rvm/gems/ruby-1.9.3-p194/gems/activerecord-3.2.8/lib/active_record/fixtures.rb:492:in `each'
    /usr/local/rvm/gems/ruby-1.9.3-p194/gems/activerecord-3.2.8/lib/active_record/fixtures.rb:492:in `block (2 levels) in create_fixtures'
    /usr/local/rvm/gems/ruby-1.9.3-p194/gems/activerecord-3.2.8/lib/active_record/connection_adapters/abstract/database_statements.rb:192:in `transaction'
    /usr/local/rvm/gems/ruby-1.9.3-p194/gems/activerecord-3.2.8/lib/active_record/fixtures.rb:491:in `block in create_fixtures'
    /usr/local/rvm/gems/ruby-1.9.3-p194/gems/activerecord-3.2.8/lib/active_record/connection_adapters/abstract_adapter.rb:168:in `disable_referential_integrity'
    /usr/local/rvm/gems/ruby-1.9.3-p194/gems/activerecord-3.2.8/lib/active_record/fixtures.rb:476:in `create_fixtures'
    /usr/local/rvm/gems/ruby-1.9.3-p194/gems/activerecord-3.2.8/lib/active_record/fixtures.rb:895:in `load_fixtures'
    /usr/local/rvm/gems/ruby-1.9.3-p194/gems/activerecord-3.2.8/lib/active_record/fixtures.rb:849:in `setup_fixtures'
    /usr/local/rvm/gems/ruby-1.9.3-p194/gems/activesupport-3.2.8/lib/active_support/callbacks.rb:429:in `_run__717054055__setup__904192624__callbacks'
    /usr/local/rvm/gems/ruby-1.9.3-p194/gems/activesupport-3.2.8/lib/active_support/callbacks.rb:405:in `__run_callback'
    /usr/local/rvm/gems/ruby-1.9.3-p194/gems/activesupport-3.2.8/lib/active_support/callbacks.rb:385:in `_run_setup_callbacks'
    /usr/local/rvm/gems/ruby-1.9.3-p194/gems/activesupport-3.2.8/lib/active_support/callbacks.rb:81:in `run_callbacks'
    /usr/local/rvm/gems/ruby-1.9.3-p194/gems/activesupport-3.2.8/lib/active_support/testing/setup_and_teardown.rb:35:in `run'

  7) Error:
test_should_update_user(UsersControllerTest):
ActiveRecord::StatementInvalid: Could not find table 'users'
    /usr/local/rvm/gems/ruby-1.9.3-p194/gems/activerecord-3.2.8/lib/active_record/connection_adapters/sqlite_adapter.rb:472:in `table_structure'
    /usr/local/rvm/gems/ruby-1.9.3-p194/gems/activerecord-3.2.8/lib/active_record/connection_adapters/sqlite_adapter.rb:346:in `columns'
    /usr/local/rvm/gems/ruby-1.9.3-p194/gems/activerecord-3.2.8/lib/active_record/fixtures.rb:660:in `column_names'
    /usr/local/rvm/gems/ruby-1.9.3-p194/gems/activerecord-3.2.8/lib/active_record/fixtures.rb:652:in `timestamp_column_names'
    /usr/local/rvm/gems/ruby-1.9.3-p194/gems/activerecord-3.2.8/lib/active_record/fixtures.rb:585:in `block in table_rows'
    /usr/local/rvm/gems/ruby-1.9.3-p194/gems/activerecord-3.2.8/lib/active_record/fixtures.rb:579:in `each'
    /usr/local/rvm/gems/ruby-1.9.3-p194/gems/activerecord-3.2.8/lib/active_record/fixtures.rb:579:in `map'
    /usr/local/rvm/gems/ruby-1.9.3-p194/gems/activerecord-3.2.8/lib/active_record/fixtures.rb:579:in `table_rows'
    /usr/local/rvm/gems/ruby-1.9.3-p194/gems/activerecord-3.2.8/lib/active_record/fixtures.rb:494:in `block (3 levels) in create_fixtures'
    /usr/local/rvm/gems/ruby-1.9.3-p194/gems/activerecord-3.2.8/lib/active_record/fixtures.rb:492:in `each'
    /usr/local/rvm/gems/ruby-1.9.3-p194/gems/activerecord-3.2.8/lib/active_record/fixtures.rb:492:in `block (2 levels) in create_fixtures'
    /usr/local/rvm/gems/ruby-1.9.3-p194/gems/activerecord-3.2.8/lib/active_record/connection_adapters/abstract/database_statements.rb:192:in `transaction'
    /usr/local/rvm/gems/ruby-1.9.3-p194/gems/activerecord-3.2.8/lib/active_record/fixtures.rb:491:in `block in create_fixtures'
    /usr/local/rvm/gems/ruby-1.9.3-p194/gems/activerecord-3.2.8/lib/active_record/connection_adapters/abstract_adapter.rb:168:in `disable_referential_integrity'
    /usr/local/rvm/gems/ruby-1.9.3-p194/gems/activerecord-3.2.8/lib/active_record/fixtures.rb:476:in `create_fixtures'
    /usr/local/rvm/gems/ruby-1.9.3-p194/gems/activerecord-3.2.8/lib/active_record/fixtures.rb:895:in `load_fixtures'
    /usr/local/rvm/gems/ruby-1.9.3-p194/gems/activerecord-3.2.8/lib/active_record/fixtures.rb:849:in `setup_fixtures'
    /usr/local/rvm/gems/ruby-1.9.3-p194/gems/activesupport-3.2.8/lib/active_support/callbacks.rb:429:in `_run__717054055__setup__904192624__callbacks'
    /usr/local/rvm/gems/ruby-1.9.3-p194/gems/activesupport-3.2.8/lib/active_support/callbacks.rb:405:in `__run_callback'
    /usr/local/rvm/gems/ruby-1.9.3-p194/gems/activesupport-3.2.8/lib/active_support/callbacks.rb:385:in `_run_setup_callbacks'
    /usr/local/rvm/gems/ruby-1.9.3-p194/gems/activesupport-3.2.8/lib/active_support/callbacks.rb:81:in `run_callbacks'
    /usr/local/rvm/gems/ruby-1.9.3-p194/gems/activesupport-3.2.8/lib/active_support/testing/setup_and_teardown.rb:35:in `run'

7 tests, 0 assertions, 0 failures, 7 errors, 0 skips
/usr/local/rvm/rubies/ruby-1.9.3-p194/bin/ruby -I.:lib:test -rubygems test/functional/pages_controller_test.rb -n "/^(test_should_get_contact|test_should_get_home)$/"; /usr/local/rvm/rubies/ruby-1.9.3-p194/bin/ruby -I.:lib:test -rubygems test/functional/microposts_controller_test.rb -n "/^(test_should_create_micropost|test_should_destroy_micropost|test_should_get_edit|test_should_get_index|test_should_get_new|test_should_show_micropost|test_should_update_micropost)$/"; /usr/local/rvm/rubies/ruby-1.9.3-p194/bin/ruby -I.:lib:test -rubygems test/functional/users_controller_test.rb -n "/^(test_should_create_user|test_should_destroy_user|test_should_get_edit|test_should_get_index|test_should_get_new|test_should_show_user|test_should_update_user)$/"
Run options: -n "/^(test_should_get_contact|test_should_get_home)$/"

# Running tests:

EE

Finished tests in 0.048686s, 41.0800 tests/s, 0.0000 assertions/s.

  1) Error:
test_should_get_contact(PagesControllerTest):
ActiveRecord::StatementInvalid: Could not find table 'users'
    /usr/local/rvm/gems/ruby-1.9.3-p194/gems/activerecord-3.2.8/lib/active_record/connection_adapters/sqlite_adapter.rb:472:in `table_structure'
    /usr/local/rvm/gems/ruby-1.9.3-p194/gems/activerecord-3.2.8/lib/active_record/connection_adapters/sqlite_adapter.rb:346:in `columns'
    /usr/local/rvm/gems/ruby-1.9.3-p194/gems/activerecord-3.2.8/lib/active_record/fixtures.rb:660:in `column_names'
    /usr/local/rvm/gems/ruby-1.9.3-p194/gems/activerecord-3.2.8/lib/active_record/fixtures.rb:652:in `timestamp_column_names'
    /usr/local/rvm/gems/ruby-1.9.3-p194/gems/activerecord-3.2.8/lib/active_record/fixtures.rb:585:in `block in table_rows'
    /usr/local/rvm/gems/ruby-1.9.3-p194/gems/activerecord-3.2.8/lib/active_record/fixtures.rb:579:in `each'
    /usr/local/rvm/gems/ruby-1.9.3-p194/gems/activerecord-3.2.8/lib/active_record/fixtures.rb:579:in `map'
    /usr/local/rvm/gems/ruby-1.9.3-p194/gems/activerecord-3.2.8/lib/active_record/fixtures.rb:579:in `table_rows'
    /usr/local/rvm/gems/ruby-1.9.3-p194/gems/activerecord-3.2.8/lib/active_record/fixtures.rb:494:in `block (3 levels) in create_fixtures'
    /usr/local/rvm/gems/ruby-1.9.3-p194/gems/activerecord-3.2.8/lib/active_record/fixtures.rb:492:in `each'
    /usr/local/rvm/gems/ruby-1.9.3-p194/gems/activerecord-3.2.8/lib/active_record/fixtures.rb:492:in `block (2 levels) in create_fixtures'
    /usr/local/rvm/gems/ruby-1.9.3-p194/gems/activerecord-3.2.8/lib/active_record/connection_adapters/abstract/database_statements.rb:192:in `transaction'
    /usr/local/rvm/gems/ruby-1.9.3-p194/gems/activerecord-3.2.8/lib/active_record/fixtures.rb:491:in `block in create_fixtures'
    /usr/local/rvm/gems/ruby-1.9.3-p194/gems/activerecord-3.2.8/lib/active_record/connection_adapters/abstract_adapter.rb:168:in `disable_referential_integrity'
    /usr/local/rvm/gems/ruby-1.9.3-p194/gems/activerecord-3.2.8/lib/active_record/fixtures.rb:476:in `create_fixtures'
    /usr/local/rvm/gems/ruby-1.9.3-p194/gems/activerecord-3.2.8/lib/active_record/fixtures.rb:895:in `load_fixtures'
    /usr/local/rvm/gems/ruby-1.9.3-p194/gems/activerecord-3.2.8/lib/active_record/fixtures.rb:849:in `setup_fixtures'
    /usr/local/rvm/gems/ruby-1.9.3-p194/gems/activesupport-3.2.8/lib/active_support/callbacks.rb:429:in `_run__139311809__setup__357005552__callbacks'
    /usr/local/rvm/gems/ruby-1.9.3-p194/gems/activesupport-3.2.8/lib/active_support/callbacks.rb:405:in `__run_callback'
    /usr/local/rvm/gems/ruby-1.9.3-p194/gems/activesupport-3.2.8/lib/active_support/callbacks.rb:385:in `_run_setup_callbacks'
    /usr/local/rvm/gems/ruby-1.9.3-p194/gems/activesupport-3.2.8/lib/active_support/callbacks.rb:81:in `run_callbacks'
    /usr/local/rvm/gems/ruby-1.9.3-p194/gems/activesupport-3.2.8/lib/active_support/testing/setup_and_teardown.rb:35:in `run'

  2) Error:
test_should_get_home(PagesControllerTest):
ActiveRecord::StatementInvalid: Could not find table 'users'
    /usr/local/rvm/gems/ruby-1.9.3-p194/gems/activerecord-3.2.8/lib/active_record/connection_adapters/sqlite_adapter.rb:472:in `table_structure'
    /usr/local/rvm/gems/ruby-1.9.3-p194/gems/activerecord-3.2.8/lib/active_record/connection_adapters/sqlite_adapter.rb:346:in `columns'
    /usr/local/rvm/gems/ruby-1.9.3-p194/gems/activerecord-3.2.8/lib/active_record/fixtures.rb:660:in `column_names'
    /usr/local/rvm/gems/ruby-1.9.3-p194/gems/activerecord-3.2.8/lib/active_record/fixtures.rb:652:in `timestamp_column_names'
    /usr/local/rvm/gems/ruby-1.9.3-p194/gems/activerecord-3.2.8/lib/active_record/fixtures.rb:585:in `block in table_rows'
    /usr/local/rvm/gems/ruby-1.9.3-p194/gems/activerecord-3.2.8/lib/active_record/fixtures.rb:579:in `each'
    /usr/local/rvm/gems/ruby-1.9.3-p194/gems/activerecord-3.2.8/lib/active_record/fixtures.rb:579:in `map'
    /usr/local/rvm/gems/ruby-1.9.3-p194/gems/activerecord-3.2.8/lib/active_record/fixtures.rb:579:in `table_rows'
    /usr/local/rvm/gems/ruby-1.9.3-p194/gems/activerecord-3.2.8/lib/active_record/fixtures.rb:494:in `block (3 levels) in create_fixtures'
    /usr/local/rvm/gems/ruby-1.9.3-p194/gems/activerecord-3.2.8/lib/active_record/fixtures.rb:492:in `each'
    /usr/local/rvm/gems/ruby-1.9.3-p194/gems/activerecord-3.2.8/lib/active_record/fixtures.rb:492:in `block (2 levels) in create_fixtures'
    /usr/local/rvm/gems/ruby-1.9.3-p194/gems/activerecord-3.2.8/lib/active_record/connection_adapters/abstract/database_statements.rb:192:in `transaction'
    /usr/local/rvm/gems/ruby-1.9.3-p194/gems/activerecord-3.2.8/lib/active_record/fixtures.rb:491:in `block in create_fixtures'
    /usr/local/rvm/gems/ruby-1.9.3-p194/gems/activerecord-3.2.8/lib/active_record/connection_adapters/abstract_adapter.rb:168:in `disable_referential_integrity'
    /usr/local/rvm/gems/ruby-1.9.3-p194/gems/activerecord-3.2.8/lib/active_record/fixtures.rb:476:in `create_fixtures'
    /usr/local/rvm/gems/ruby-1.9.3-p194/gems/activerecord-3.2.8/lib/active_record/fixtures.rb:895:in `load_fixtures'
    /usr/local/rvm/gems/ruby-1.9.3-p194/gems/activerecord-3.2.8/lib/active_record/fixtures.rb:849:in `setup_fixtures'
    /usr/local/rvm/gems/ruby-1.9.3-p194/gems/activesupport-3.2.8/lib/active_support/callbacks.rb:429:in `_run__139311809__setup__357005552__callbacks'
    /usr/local/rvm/gems/ruby-1.9.3-p194/gems/activesupport-3.2.8/lib/active_support/callbacks.rb:405:in `__run_callback'
    /usr/local/rvm/gems/ruby-1.9.3-p194/gems/activesupport-3.2.8/lib/active_support/callbacks.rb:385:in `_run_setup_callbacks'
    /usr/local/rvm/gems/ruby-1.9.3-p194/gems/activesupport-3.2.8/lib/active_support/callbacks.rb:81:in `run_callbacks'
    /usr/local/rvm/gems/ruby-1.9.3-p194/gems/activesupport-3.2.8/lib/active_support/testing/setup_and_teardown.rb:35:in `run'

2 tests, 0 assertions, 0 failures, 2 errors, 0 skips
Run options: -n "/^(test_should_create_micropost|test_should_destroy_micropost|test_should_get_edit|test_should_get_index|test_should_get_new|test_should_show_micropost|test_should_update_micropost)$/"

# Running tests:

EEEEEEE

Finished tests in 0.104623s, 66.9072 tests/s, 0.0000 assertions/s.

  1) Error:
test_should_create_micropost(MicropostsControllerTest):
ActiveRecord::StatementInvalid: Could not find table 'users'
    /usr/local/rvm/gems/ruby-1.9.3-p194/gems/activerecord-3.2.8/lib/active_record/connection_adapters/sqlite_adapter.rb:472:in `table_structure'
    /usr/local/rvm/gems/ruby-1.9.3-p194/gems/activerecord-3.2.8/lib/active_record/connection_adapters/sqlite_adapter.rb:346:in `columns'
    /usr/local/rvm/gems/ruby-1.9.3-p194/gems/activerecord-3.2.8/lib/active_record/fixtures.rb:660:in `column_names'
    /usr/local/rvm/gems/ruby-1.9.3-p194/gems/activerecord-3.2.8/lib/active_record/fixtures.rb:652:in `timestamp_column_names'
    /usr/local/rvm/gems/ruby-1.9.3-p194/gems/activerecord-3.2.8/lib/active_record/fixtures.rb:585:in `block in table_rows'
    /usr/local/rvm/gems/ruby-1.9.3-p194/gems/activerecord-3.2.8/lib/active_record/fixtures.rb:579:in `each'
    /usr/local/rvm/gems/ruby-1.9.3-p194/gems/activerecord-3.2.8/lib/active_record/fixtures.rb:579:in `map'
    /usr/local/rvm/gems/ruby-1.9.3-p194/gems/activerecord-3.2.8/lib/active_record/fixtures.rb:579:in `table_rows'
    /usr/local/rvm/gems/ruby-1.9.3-p194/gems/activerecord-3.2.8/lib/active_record/fixtures.rb:494:in `block (3 levels) in create_fixtures'
    /usr/local/rvm/gems/ruby-1.9.3-p194/gems/activerecord-3.2.8/lib/active_record/fixtures.rb:492:in `each'
    /usr/local/rvm/gems/ruby-1.9.3-p194/gems/activerecord-3.2.8/lib/active_record/fixtures.rb:492:in `block (2 levels) in create_fixtures'
    /usr/local/rvm/gems/ruby-1.9.3-p194/gems/activerecord-3.2.8/lib/active_record/connection_adapters/abstract/database_statements.rb:192:in `transaction'
    /usr/local/rvm/gems/ruby-1.9.3-p194/gems/activerecord-3.2.8/lib/active_record/fixtures.rb:491:in `block in create_fixtures'
    /usr/local/rvm/gems/ruby-1.9.3-p194/gems/activerecord-3.2.8/lib/active_record/connection_adapters/abstract_adapter.rb:168:in `disable_referential_integrity'
    /usr/local/rvm/gems/ruby-1.9.3-p194/gems/activerecord-3.2.8/lib/active_record/fixtures.rb:476:in `create_fixtures'
    /usr/local/rvm/gems/ruby-1.9.3-p194/gems/activerecord-3.2.8/lib/active_record/fixtures.rb:895:in `load_fixtures'
    /usr/local/rvm/gems/ruby-1.9.3-p194/gems/activerecord-3.2.8/lib/active_record/fixtures.rb:849:in `setup_fixtures'
    /usr/local/rvm/gems/ruby-1.9.3-p194/gems/activesupport-3.2.8/lib/active_support/callbacks.rb:429:in `_run__598628317__setup__557766810__callbacks'
    /usr/local/rvm/gems/ruby-1.9.3-p194/gems/activesupport-3.2.8/lib/active_support/callbacks.rb:405:in `__run_callback'
    /usr/local/rvm/gems/ruby-1.9.3-p194/gems/activesupport-3.2.8/lib/active_support/callbacks.rb:385:in `_run_setup_callbacks'
    /usr/local/rvm/gems/ruby-1.9.3-p194/gems/activesupport-3.2.8/lib/active_support/callbacks.rb:81:in `run_callbacks'
    /usr/local/rvm/gems/ruby-1.9.3-p194/gems/activesupport-3.2.8/lib/active_support/testing/setup_and_teardown.rb:35:in `run'

  2) Error:
test_should_destroy_micropost(MicropostsControllerTest):
ActiveRecord::StatementInvalid: Could not find table 'users'
    /usr/local/rvm/gems/ruby-1.9.3-p194/gems/activerecord-3.2.8/lib/active_record/connection_adapters/sqlite_adapter.rb:472:in `table_structure'
    /usr/local/rvm/gems/ruby-1.9.3-p194/gems/activerecord-3.2.8/lib/active_record/connection_adapters/sqlite_adapter.rb:346:in `columns'
    /usr/local/rvm/gems/ruby-1.9.3-p194/gems/activerecord-3.2.8/lib/active_record/fixtures.rb:660:in `column_names'
    /usr/local/rvm/gems/ruby-1.9.3-p194/gems/activerecord-3.2.8/lib/active_record/fixtures.rb:652:in `timestamp_column_names'
    /usr/local/rvm/gems/ruby-1.9.3-p194/gems/activerecord-3.2.8/lib/active_record/fixtures.rb:585:in `block in table_rows'
    /usr/local/rvm/gems/ruby-1.9.3-p194/gems/activerecord-3.2.8/lib/active_record/fixtures.rb:579:in `each'
    /usr/local/rvm/gems/ruby-1.9.3-p194/gems/activerecord-3.2.8/lib/active_record/fixtures.rb:579:in `map'
    /usr/local/rvm/gems/ruby-1.9.3-p194/gems/activerecord-3.2.8/lib/active_record/fixtures.rb:579:in `table_rows'
    /usr/local/rvm/gems/ruby-1.9.3-p194/gems/activerecord-3.2.8/lib/active_record/fixtures.rb:494:in `block (3 levels) in create_fixtures'
    /usr/local/rvm/gems/ruby-1.9.3-p194/gems/activerecord-3.2.8/lib/active_record/fixtures.rb:492:in `each'
    /usr/local/rvm/gems/ruby-1.9.3-p194/gems/activerecord-3.2.8/lib/active_record/fixtures.rb:492:in `block (2 levels) in create_fixtures'
    /usr/local/rvm/gems/ruby-1.9.3-p194/gems/activerecord-3.2.8/lib/active_record/connection_adapters/abstract/database_statements.rb:192:in `transaction'
    /usr/local/rvm/gems/ruby-1.9.3-p194/gems/activerecord-3.2.8/lib/active_record/fixtures.rb:491:in `block in create_fixtures'
    /usr/local/rvm/gems/ruby-1.9.3-p194/gems/activerecord-3.2.8/lib/active_record/connection_adapters/abstract_adapter.rb:168:in `disable_referential_integrity'
    /usr/local/rvm/gems/ruby-1.9.3-p194/gems/activerecord-3.2.8/lib/active_record/fixtures.rb:476:in `create_fixtures'
    /usr/local/rvm/gems/ruby-1.9.3-p194/gems/activerecord-3.2.8/lib/active_record/fixtures.rb:895:in `load_fixtures'
    /usr/local/rvm/gems/ruby-1.9.3-p194/gems/activerecord-3.2.8/lib/active_record/fixtures.rb:849:in `setup_fixtures'
    /usr/local/rvm/gems/ruby-1.9.3-p194/gems/activesupport-3.2.8/lib/active_support/callbacks.rb:429:in `_run__598628317__setup__557766810__callbacks'
    /usr/local/rvm/gems/ruby-1.9.3-p194/gems/activesupport-3.2.8/lib/active_support/callbacks.rb:405:in `__run_callback'
    /usr/local/rvm/gems/ruby-1.9.3-p194/gems/activesupport-3.2.8/lib/active_support/callbacks.rb:385:in `_run_setup_callbacks'
    /usr/local/rvm/gems/ruby-1.9.3-p194/gems/activesupport-3.2.8/lib/active_support/callbacks.rb:81:in `run_callbacks'
    /usr/local/rvm/gems/ruby-1.9.3-p194/gems/activesupport-3.2.8/lib/active_support/testing/setup_and_teardown.rb:35:in `run'

  3) Error:
test_should_get_edit(MicropostsControllerTest):
ActiveRecord::StatementInvalid: Could not find table 'users'
    /usr/local/rvm/gems/ruby-1.9.3-p194/gems/activerecord-3.2.8/lib/active_record/connection_adapters/sqlite_adapter.rb:472:in `table_structure'
    /usr/local/rvm/gems/ruby-1.9.3-p194/gems/activerecord-3.2.8/lib/active_record/connection_adapters/sqlite_adapter.rb:346:in `columns'
    /usr/local/rvm/gems/ruby-1.9.3-p194/gems/activerecord-3.2.8/lib/active_record/fixtures.rb:660:in `column_names'
    /usr/local/rvm/gems/ruby-1.9.3-p194/gems/activerecord-3.2.8/lib/active_record/fixtures.rb:652:in `timestamp_column_names'
    /usr/local/rvm/gems/ruby-1.9.3-p194/gems/activerecord-3.2.8/lib/active_record/fixtures.rb:585:in `block in table_rows'
    /usr/local/rvm/gems/ruby-1.9.3-p194/gems/activerecord-3.2.8/lib/active_record/fixtures.rb:579:in `each'
    /usr/local/rvm/gems/ruby-1.9.3-p194/gems/activerecord-3.2.8/lib/active_record/fixtures.rb:579:in `map'
    /usr/local/rvm/gems/ruby-1.9.3-p194/gems/activerecord-3.2.8/lib/active_record/fixtures.rb:579:in `table_rows'
    /usr/local/rvm/gems/ruby-1.9.3-p194/gems/activerecord-3.2.8/lib/active_record/fixtures.rb:494:in `block (3 levels) in create_fixtures'
    /usr/local/rvm/gems/ruby-1.9.3-p194/gems/activerecord-3.2.8/lib/active_record/fixtures.rb:492:in `each'
    /usr/local/rvm/gems/ruby-1.9.3-p194/gems/activerecord-3.2.8/lib/active_record/fixtures.rb:492:in `block (2 levels) in create_fixtures'
    /usr/local/rvm/gems/ruby-1.9.3-p194/gems/activerecord-3.2.8/lib/active_record/connection_adapters/abstract/database_statements.rb:192:in `transaction'
    /usr/local/rvm/gems/ruby-1.9.3-p194/gems/activerecord-3.2.8/lib/active_record/fixtures.rb:491:in `block in create_fixtures'
    /usr/local/rvm/gems/ruby-1.9.3-p194/gems/activerecord-3.2.8/lib/active_record/connection_adapters/abstract_adapter.rb:168:in `disable_referential_integrity'
    /usr/local/rvm/gems/ruby-1.9.3-p194/gems/activerecord-3.2.8/lib/active_record/fixtures.rb:476:in `create_fixtures'
    /usr/local/rvm/gems/ruby-1.9.3-p194/gems/activerecord-3.2.8/lib/active_record/fixtures.rb:895:in `load_fixtures'
    /usr/local/rvm/gems/ruby-1.9.3-p194/gems/activerecord-3.2.8/lib/active_record/fixtures.rb:849:in `setup_fixtures'
    /usr/local/rvm/gems/ruby-1.9.3-p194/gems/activesupport-3.2.8/lib/active_support/callbacks.rb:429:in `_run__598628317__setup__557766810__callbacks'
    /usr/local/rvm/gems/ruby-1.9.3-p194/gems/activesupport-3.2.8/lib/active_support/callbacks.rb:405:in `__run_callback'
    /usr/local/rvm/gems/ruby-1.9.3-p194/gems/activesupport-3.2.8/lib/active_support/callbacks.rb:385:in `_run_setup_callbacks'
    /usr/local/rvm/gems/ruby-1.9.3-p194/gems/activesupport-3.2.8/lib/active_support/callbacks.rb:81:in `run_callbacks'
    /usr/local/rvm/gems/ruby-1.9.3-p194/gems/activesupport-3.2.8/lib/active_support/testing/setup_and_teardown.rb:35:in `run'

  4) Error:
test_should_get_index(MicropostsControllerTest):
ActiveRecord::StatementInvalid: Could not find table 'users'
    /usr/local/rvm/gems/ruby-1.9.3-p194/gems/activerecord-3.2.8/lib/active_record/connection_adapters/sqlite_adapter.rb:472:in `table_structure'
    /usr/local/rvm/gems/ruby-1.9.3-p194/gems/activerecord-3.2.8/lib/active_record/connection_adapters/sqlite_adapter.rb:346:in `columns'
    /usr/local/rvm/gems/ruby-1.9.3-p194/gems/activerecord-3.2.8/lib/active_record/fixtures.rb:660:in `column_names'
    /usr/local/rvm/gems/ruby-1.9.3-p194/gems/activerecord-3.2.8/lib/active_record/fixtures.rb:652:in `timestamp_column_names'
    /usr/local/rvm/gems/ruby-1.9.3-p194/gems/activerecord-3.2.8/lib/active_record/fixtures.rb:585:in `block in table_rows'
    /usr/local/rvm/gems/ruby-1.9.3-p194/gems/activerecord-3.2.8/lib/active_record/fixtures.rb:579:in `each'
    /usr/local/rvm/gems/ruby-1.9.3-p194/gems/activerecord-3.2.8/lib/active_record/fixtures.rb:579:in `map'
    /usr/local/rvm/gems/ruby-1.9.3-p194/gems/activerecord-3.2.8/lib/active_record/fixtures.rb:579:in `table_rows'
    /usr/local/rvm/gems/ruby-1.9.3-p194/gems/activerecord-3.2.8/lib/active_record/fixtures.rb:494:in `block (3 levels) in create_fixtures'
    /usr/local/rvm/gems/ruby-1.9.3-p194/gems/activerecord-3.2.8/lib/active_record/fixtures.rb:492:in `each'
    /usr/local/rvm/gems/ruby-1.9.3-p194/gems/activerecord-3.2.8/lib/active_record/fixtures.rb:492:in `block (2 levels) in create_fixtures'
    /usr/local/rvm/gems/ruby-1.9.3-p194/gems/activerecord-3.2.8/lib/active_record/connection_adapters/abstract/database_statements.rb:192:in `transaction'
    /usr/local/rvm/gems/ruby-1.9.3-p194/gems/activerecord-3.2.8/lib/active_record/fixtures.rb:491:in `block in create_fixtures'
    /usr/local/rvm/gems/ruby-1.9.3-p194/gems/activerecord-3.2.8/lib/active_record/connection_adapters/abstract_adapter.rb:168:in `disable_referential_integrity'
    /usr/local/rvm/gems/ruby-1.9.3-p194/gems/activerecord-3.2.8/lib/active_record/fixtures.rb:476:in `create_fixtures'
    /usr/local/rvm/gems/ruby-1.9.3-p194/gems/activerecord-3.2.8/lib/active_record/fixtures.rb:895:in `load_fixtures'
    /usr/local/rvm/gems/ruby-1.9.3-p194/gems/activerecord-3.2.8/lib/active_record/fixtures.rb:849:in `setup_fixtures'
    /usr/local/rvm/gems/ruby-1.9.3-p194/gems/activesupport-3.2.8/lib/active_support/callbacks.rb:429:in `_run__598628317__setup__557766810__callbacks'
    /usr/local/rvm/gems/ruby-1.9.3-p194/gems/activesupport-3.2.8/lib/active_support/callbacks.rb:405:in `__run_callback'
    /usr/local/rvm/gems/ruby-1.9.3-p194/gems/activesupport-3.2.8/lib/active_support/callbacks.rb:385:in `_run_setup_callbacks'
    /usr/local/rvm/gems/ruby-1.9.3-p194/gems/activesupport-3.2.8/lib/active_support/callbacks.rb:81:in `run_callbacks'
    /usr/local/rvm/gems/ruby-1.9.3-p194/gems/activesupport-3.2.8/lib/active_support/testing/setup_and_teardown.rb:35:in `run'

  5) Error:
test_should_get_new(MicropostsControllerTest):
ActiveRecord::StatementInvalid: Could not find table 'users'
    /usr/local/rvm/gems/ruby-1.9.3-p194/gems/activerecord-3.2.8/lib/active_record/connection_adapters/sqlite_adapter.rb:472:in `table_structure'
    /usr/local/rvm/gems/ruby-1.9.3-p194/gems/activerecord-3.2.8/lib/active_record/connection_adapters/sqlite_adapter.rb:346:in `columns'
    /usr/local/rvm/gems/ruby-1.9.3-p194/gems/activerecord-3.2.8/lib/active_record/fixtures.rb:660:in `column_names'
    /usr/local/rvm/gems/ruby-1.9.3-p194/gems/activerecord-3.2.8/lib/active_record/fixtures.rb:652:in `timestamp_column_names'
    /usr/local/rvm/gems/ruby-1.9.3-p194/gems/activerecord-3.2.8/lib/active_record/fixtures.rb:585:in `block in table_rows'
    /usr/local/rvm/gems/ruby-1.9.3-p194/gems/activerecord-3.2.8/lib/active_record/fixtures.rb:579:in `each'
    /usr/local/rvm/gems/ruby-1.9.3-p194/gems/activerecord-3.2.8/lib/active_record/fixtures.rb:579:in `map'
    /usr/local/rvm/gems/ruby-1.9.3-p194/gems/activerecord-3.2.8/lib/active_record/fixtures.rb:579:in `table_rows'
    /usr/local/rvm/gems/ruby-1.9.3-p194/gems/activerecord-3.2.8/lib/active_record/fixtures.rb:494:in `block (3 levels) in create_fixtures'
    /usr/local/rvm/gems/ruby-1.9.3-p194/gems/activerecord-3.2.8/lib/active_record/fixtures.rb:492:in `each'
    /usr/local/rvm/gems/ruby-1.9.3-p194/gems/activerecord-3.2.8/lib/active_record/fixtures.rb:492:in `block (2 levels) in create_fixtures'
    /usr/local/rvm/gems/ruby-1.9.3-p194/gems/activerecord-3.2.8/lib/active_record/connection_adapters/abstract/database_statements.rb:192:in `transaction'
    /usr/local/rvm/gems/ruby-1.9.3-p194/gems/activerecord-3.2.8/lib/active_record/fixtures.rb:491:in `block in create_fixtures'
    /usr/local/rvm/gems/ruby-1.9.3-p194/gems/activerecord-3.2.8/lib/active_record/connection_adapters/abstract_adapter.rb:168:in `disable_referential_integrity'
    /usr/local/rvm/gems/ruby-1.9.3-p194/gems/activerecord-3.2.8/lib/active_record/fixtures.rb:476:in `create_fixtures'
    /usr/local/rvm/gems/ruby-1.9.3-p194/gems/activerecord-3.2.8/lib/active_record/fixtures.rb:895:in `load_fixtures'
    /usr/local/rvm/gems/ruby-1.9.3-p194/gems/activerecord-3.2.8/lib/active_record/fixtures.rb:849:in `setup_fixtures'
    /usr/local/rvm/gems/ruby-1.9.3-p194/gems/activesupport-3.2.8/lib/active_support/callbacks.rb:429:in `_run__598628317__setup__557766810__callbacks'
    /usr/local/rvm/gems/ruby-1.9.3-p194/gems/activesupport-3.2.8/lib/active_support/callbacks.rb:405:in `__run_callback'
    /usr/local/rvm/gems/ruby-1.9.3-p194/gems/activesupport-3.2.8/lib/active_support/callbacks.rb:385:in `_run_setup_callbacks'
    /usr/local/rvm/gems/ruby-1.9.3-p194/gems/activesupport-3.2.8/lib/active_support/callbacks.rb:81:in `run_callbacks'
    /usr/local/rvm/gems/ruby-1.9.3-p194/gems/activesupport-3.2.8/lib/active_support/testing/setup_and_teardown.rb:35:in `run'

  6) Error:
test_should_show_micropost(MicropostsControllerTest):
ActiveRecord::StatementInvalid: Could not find table 'users'
    /usr/local/rvm/gems/ruby-1.9.3-p194/gems/activerecord-3.2.8/lib/active_record/connection_adapters/sqlite_adapter.rb:472:in `table_structure'
    /usr/local/rvm/gems/ruby-1.9.3-p194/gems/activerecord-3.2.8/lib/active_record/connection_adapters/sqlite_adapter.rb:346:in `columns'
    /usr/local/rvm/gems/ruby-1.9.3-p194/gems/activerecord-3.2.8/lib/active_record/fixtures.rb:660:in `column_names'
    /usr/local/rvm/gems/ruby-1.9.3-p194/gems/activerecord-3.2.8/lib/active_record/fixtures.rb:652:in `timestamp_column_names'
    /usr/local/rvm/gems/ruby-1.9.3-p194/gems/activerecord-3.2.8/lib/active_record/fixtures.rb:585:in `block in table_rows'
    /usr/local/rvm/gems/ruby-1.9.3-p194/gems/activerecord-3.2.8/lib/active_record/fixtures.rb:579:in `each'
    /usr/local/rvm/gems/ruby-1.9.3-p194/gems/activerecord-3.2.8/lib/active_record/fixtures.rb:579:in `map'
    /usr/local/rvm/gems/ruby-1.9.3-p194/gems/activerecord-3.2.8/lib/active_record/fixtures.rb:579:in `table_rows'
    /usr/local/rvm/gems/ruby-1.9.3-p194/gems/activerecord-3.2.8/lib/active_record/fixtures.rb:494:in `block (3 levels) in create_fixtures'
    /usr/local/rvm/gems/ruby-1.9.3-p194/gems/activerecord-3.2.8/lib/active_record/fixtures.rb:492:in `each'
    /usr/local/rvm/gems/ruby-1.9.3-p194/gems/activerecord-3.2.8/lib/active_record/fixtures.rb:492:in `block (2 levels) in create_fixtures'
    /usr/local/rvm/gems/ruby-1.9.3-p194/gems/activerecord-3.2.8/lib/active_record/connection_adapters/abstract/database_statements.rb:192:in `transaction'
    /usr/local/rvm/gems/ruby-1.9.3-p194/gems/activerecord-3.2.8/lib/active_record/fixtures.rb:491:in `block in create_fixtures'
    /usr/local/rvm/gems/ruby-1.9.3-p194/gems/activerecord-3.2.8/lib/active_record/connection_adapters/abstract_adapter.rb:168:in `disable_referential_integrity'
    /usr/local/rvm/gems/ruby-1.9.3-p194/gems/activerecord-3.2.8/lib/active_record/fixtures.rb:476:in `create_fixtures'
    /usr/local/rvm/gems/ruby-1.9.3-p194/gems/activerecord-3.2.8/lib/active_record/fixtures.rb:895:in `load_fixtures'
    /usr/local/rvm/gems/ruby-1.9.3-p194/gems/activerecord-3.2.8/lib/active_record/fixtures.rb:849:in `setup_fixtures'
    /usr/local/rvm/gems/ruby-1.9.3-p194/gems/activesupport-3.2.8/lib/active_support/callbacks.rb:429:in `_run__598628317__setup__557766810__callbacks'
    /usr/local/rvm/gems/ruby-1.9.3-p194/gems/activesupport-3.2.8/lib/active_support/callbacks.rb:405:in `__run_callback'
    /usr/local/rvm/gems/ruby-1.9.3-p194/gems/activesupport-3.2.8/lib/active_support/callbacks.rb:385:in `_run_setup_callbacks'
    /usr/local/rvm/gems/ruby-1.9.3-p194/gems/activesupport-3.2.8/lib/active_support/callbacks.rb:81:in `run_callbacks'
    /usr/local/rvm/gems/ruby-1.9.3-p194/gems/activesupport-3.2.8/lib/active_support/testing/setup_and_teardown.rb:35:in `run'

  7) Error:
test_should_update_micropost(MicropostsControllerTest):
ActiveRecord::StatementInvalid: Could not find table 'users'
    /usr/local/rvm/gems/ruby-1.9.3-p194/gems/activerecord-3.2.8/lib/active_record/connection_adapters/sqlite_adapter.rb:472:in `table_structure'
    /usr/local/rvm/gems/ruby-1.9.3-p194/gems/activerecord-3.2.8/lib/active_record/connection_adapters/sqlite_adapter.rb:346:in `columns'
    /usr/local/rvm/gems/ruby-1.9.3-p194/gems/activerecord-3.2.8/lib/active_record/fixtures.rb:660:in `column_names'
    /usr/local/rvm/gems/ruby-1.9.3-p194/gems/activerecord-3.2.8/lib/active_record/fixtures.rb:652:in `timestamp_column_names'
    /usr/local/rvm/gems/ruby-1.9.3-p194/gems/activerecord-3.2.8/lib/active_record/fixtures.rb:585:in `block in table_rows'
    /usr/local/rvm/gems/ruby-1.9.3-p194/gems/activerecord-3.2.8/lib/active_record/fixtures.rb:579:in `each'
    /usr/local/rvm/gems/ruby-1.9.3-p194/gems/activerecord-3.2.8/lib/active_record/fixtures.rb:579:in `map'
    /usr/local/rvm/gems/ruby-1.9.3-p194/gems/activerecord-3.2.8/lib/active_record/fixtures.rb:579:in `table_rows'
    /usr/local/rvm/gems/ruby-1.9.3-p194/gems/activerecord-3.2.8/lib/active_record/fixtures.rb:494:in `block (3 levels) in create_fixtures'
    /usr/local/rvm/gems/ruby-1.9.3-p194/gems/activerecord-3.2.8/lib/active_record/fixtures.rb:492:in `each'
    /usr/local/rvm/gems/ruby-1.9.3-p194/gems/activerecord-3.2.8/lib/active_record/fixtures.rb:492:in `block (2 levels) in create_fixtures'
    /usr/local/rvm/gems/ruby-1.9.3-p194/gems/activerecord-3.2.8/lib/active_record/connection_adapters/abstract/database_statements.rb:192:in `transaction'
    /usr/local/rvm/gems/ruby-1.9.3-p194/gems/activerecord-3.2.8/lib/active_record/fixtures.rb:491:in `block in create_fixtures'
    /usr/local/rvm/gems/ruby-1.9.3-p194/gems/activerecord-3.2.8/lib/active_record/connection_adapters/abstract_adapter.rb:168:in `disable_referential_integrity'
    /usr/local/rvm/gems/ruby-1.9.3-p194/gems/activerecord-3.2.8/lib/active_record/fixtures.rb:476:in `create_fixtures'
    /usr/local/rvm/gems/ruby-1.9.3-p194/gems/activerecord-3.2.8/lib/active_record/fixtures.rb:895:in `load_fixtures'
    /usr/local/rvm/gems/ruby-1.9.3-p194/gems/activerecord-3.2.8/lib/active_record/fixtures.rb:849:in `setup_fixtures'
    /usr/local/rvm/gems/ruby-1.9.3-p194/gems/activesupport-3.2.8/lib/active_support/callbacks.rb:429:in `_run__598628317__setup__557766810__callbacks'
    /usr/local/rvm/gems/ruby-1.9.3-p194/gems/activesupport-3.2.8/lib/active_support/callbacks.rb:405:in `__run_callback'
    /usr/local/rvm/gems/ruby-1.9.3-p194/gems/activesupport-3.2.8/lib/active_support/callbacks.rb:385:in `_run_setup_callbacks'
    /usr/local/rvm/gems/ruby-1.9.3-p194/gems/activesupport-3.2.8/lib/active_support/callbacks.rb:81:in `run_callbacks'
    /usr/local/rvm/gems/ruby-1.9.3-p194/gems/activesupport-3.2.8/lib/active_support/testing/setup_and_teardown.rb:35:in `run'

7 tests, 0 assertions, 0 failures, 7 errors, 0 skips
Run options: -n "/^(test_should_create_user|test_should_destroy_user|test_should_get_edit|test_should_get_index|test_should_get_new|test_should_show_user|test_should_update_user)$/"

# Running tests:

EEEEEEE

Finished tests in 0.100053s, 69.9628 tests/s, 0.0000 assertions/s.

  1) Error:
test_should_create_user(UsersControllerTest):
ActiveRecord::StatementInvalid: Could not find table 'users'
    /usr/local/rvm/gems/ruby-1.9.3-p194/gems/activerecord-3.2.8/lib/active_record/connection_adapters/sqlite_adapter.rb:472:in `table_structure'
    /usr/local/rvm/gems/ruby-1.9.3-p194/gems/activerecord-3.2.8/lib/active_record/connection_adapters/sqlite_adapter.rb:346:in `columns'
    /usr/local/rvm/gems/ruby-1.9.3-p194/gems/activerecord-3.2.8/lib/active_record/fixtures.rb:660:in `column_names'
    /usr/local/rvm/gems/ruby-1.9.3-p194/gems/activerecord-3.2.8/lib/active_record/fixtures.rb:652:in `timestamp_column_names'
    /usr/local/rvm/gems/ruby-1.9.3-p194/gems/activerecord-3.2.8/lib/active_record/fixtures.rb:585:in `block in table_rows'
    /usr/local/rvm/gems/ruby-1.9.3-p194/gems/activerecord-3.2.8/lib/active_record/fixtures.rb:579:in `each'
    /usr/local/rvm/gems/ruby-1.9.3-p194/gems/activerecord-3.2.8/lib/active_record/fixtures.rb:579:in `map'
    /usr/local/rvm/gems/ruby-1.9.3-p194/gems/activerecord-3.2.8/lib/active_record/fixtures.rb:579:in `table_rows'
    /usr/local/rvm/gems/ruby-1.9.3-p194/gems/activerecord-3.2.8/lib/active_record/fixtures.rb:494:in `block (3 levels) in create_fixtures'
    /usr/local/rvm/gems/ruby-1.9.3-p194/gems/activerecord-3.2.8/lib/active_record/fixtures.rb:492:in `each'
    /usr/local/rvm/gems/ruby-1.9.3-p194/gems/activerecord-3.2.8/lib/active_record/fixtures.rb:492:in `block (2 levels) in create_fixtures'
    /usr/local/rvm/gems/ruby-1.9.3-p194/gems/activerecord-3.2.8/lib/active_record/connection_adapters/abstract/database_statements.rb:192:in `transaction'
    /usr/local/rvm/gems/ruby-1.9.3-p194/gems/activerecord-3.2.8/lib/active_record/fixtures.rb:491:in `block in create_fixtures'
    /usr/local/rvm/gems/ruby-1.9.3-p194/gems/activerecord-3.2.8/lib/active_record/connection_adapters/abstract_adapter.rb:168:in `disable_referential_integrity'
    /usr/local/rvm/gems/ruby-1.9.3-p194/gems/activerecord-3.2.8/lib/active_record/fixtures.rb:476:in `create_fixtures'
    /usr/local/rvm/gems/ruby-1.9.3-p194/gems/activerecord-3.2.8/lib/active_record/fixtures.rb:895:in `load_fixtures'
    /usr/local/rvm/gems/ruby-1.9.3-p194/gems/activerecord-3.2.8/lib/active_record/fixtures.rb:849:in `setup_fixtures'
    /usr/local/rvm/gems/ruby-1.9.3-p194/gems/activesupport-3.2.8/lib/active_support/callbacks.rb:429:in `_run__204948508__setup__1009490251__callbacks'
    /usr/local/rvm/gems/ruby-1.9.3-p194/gems/activesupport-3.2.8/lib/active_support/callbacks.rb:405:in `__run_callback'
    /usr/local/rvm/gems/ruby-1.9.3-p194/gems/activesupport-3.2.8/lib/active_support/callbacks.rb:385:in `_run_setup_callbacks'
    /usr/local/rvm/gems/ruby-1.9.3-p194/gems/activesupport-3.2.8/lib/active_support/callbacks.rb:81:in `run_callbacks'
    /usr/local/rvm/gems/ruby-1.9.3-p194/gems/activesupport-3.2.8/lib/active_support/testing/setup_and_teardown.rb:35:in `run'

  2) Error:
test_should_destroy_user(UsersControllerTest):
ActiveRecord::StatementInvalid: Could not find table 'users'
    /usr/local/rvm/gems/ruby-1.9.3-p194/gems/activerecord-3.2.8/lib/active_record/connection_adapters/sqlite_adapter.rb:472:in `table_structure'
    /usr/local/rvm/gems/ruby-1.9.3-p194/gems/activerecord-3.2.8/lib/active_record/connection_adapters/sqlite_adapter.rb:346:in `columns'
    /usr/local/rvm/gems/ruby-1.9.3-p194/gems/activerecord-3.2.8/lib/active_record/fixtures.rb:660:in `column_names'
    /usr/local/rvm/gems/ruby-1.9.3-p194/gems/activerecord-3.2.8/lib/active_record/fixtures.rb:652:in `timestamp_column_names'
    /usr/local/rvm/gems/ruby-1.9.3-p194/gems/activerecord-3.2.8/lib/active_record/fixtures.rb:585:in `block in table_rows'
    /usr/local/rvm/gems/ruby-1.9.3-p194/gems/activerecord-3.2.8/lib/active_record/fixtures.rb:579:in `each'
    /usr/local/rvm/gems/ruby-1.9.3-p194/gems/activerecord-3.2.8/lib/active_record/fixtures.rb:579:in `map'
    /usr/local/rvm/gems/ruby-1.9.3-p194/gems/activerecord-3.2.8/lib/active_record/fixtures.rb:579:in `table_rows'
    /usr/local/rvm/gems/ruby-1.9.3-p194/gems/activerecord-3.2.8/lib/active_record/fixtures.rb:494:in `block (3 levels) in create_fixtures'
    /usr/local/rvm/gems/ruby-1.9.3-p194/gems/activerecord-3.2.8/lib/active_record/fixtures.rb:492:in `each'
    /usr/local/rvm/gems/ruby-1.9.3-p194/gems/activerecord-3.2.8/lib/active_record/fixtures.rb:492:in `block (2 levels) in create_fixtures'
    /usr/local/rvm/gems/ruby-1.9.3-p194/gems/activerecord-3.2.8/lib/active_record/connection_adapters/abstract/database_statements.rb:192:in `transaction'
    /usr/local/rvm/gems/ruby-1.9.3-p194/gems/activerecord-3.2.8/lib/active_record/fixtures.rb:491:in `block in create_fixtures'
    /usr/local/rvm/gems/ruby-1.9.3-p194/gems/activerecord-3.2.8/lib/active_record/connection_adapters/abstract_adapter.rb:168:in `disable_referential_integrity'
    /usr/local/rvm/gems/ruby-1.9.3-p194/gems/activerecord-3.2.8/lib/active_record/fixtures.rb:476:in `create_fixtures'
    /usr/local/rvm/gems/ruby-1.9.3-p194/gems/activerecord-3.2.8/lib/active_record/fixtures.rb:895:in `load_fixtures'
    /usr/local/rvm/gems/ruby-1.9.3-p194/gems/activerecord-3.2.8/lib/active_record/fixtures.rb:849:in `setup_fixtures'
    /usr/local/rvm/gems/ruby-1.9.3-p194/gems/activesupport-3.2.8/lib/active_support/callbacks.rb:429:in `_run__204948508__setup__1009490251__callbacks'
    /usr/local/rvm/gems/ruby-1.9.3-p194/gems/activesupport-3.2.8/lib/active_support/callbacks.rb:405:in `__run_callback'
    /usr/local/rvm/gems/ruby-1.9.3-p194/gems/activesupport-3.2.8/lib/active_support/callbacks.rb:385:in `_run_setup_callbacks'
    /usr/local/rvm/gems/ruby-1.9.3-p194/gems/activesupport-3.2.8/lib/active_support/callbacks.rb:81:in `run_callbacks'
    /usr/local/rvm/gems/ruby-1.9.3-p194/gems/activesupport-3.2.8/lib/active_support/testing/setup_and_teardown.rb:35:in `run'

  3) Error:
test_should_get_edit(UsersControllerTest):
ActiveRecord::StatementInvalid: Could not find table 'users'
    /usr/local/rvm/gems/ruby-1.9.3-p194/gems/activerecord-3.2.8/lib/active_record/connection_adapters/sqlite_adapter.rb:472:in `table_structure'
    /usr/local/rvm/gems/ruby-1.9.3-p194/gems/activerecord-3.2.8/lib/active_record/connection_adapters/sqlite_adapter.rb:346:in `columns'
    /usr/local/rvm/gems/ruby-1.9.3-p194/gems/activerecord-3.2.8/lib/active_record/fixtures.rb:660:in `column_names'
    /usr/local/rvm/gems/ruby-1.9.3-p194/gems/activerecord-3.2.8/lib/active_record/fixtures.rb:652:in `timestamp_column_names'
    /usr/local/rvm/gems/ruby-1.9.3-p194/gems/activerecord-3.2.8/lib/active_record/fixtures.rb:585:in `block in table_rows'
    /usr/local/rvm/gems/ruby-1.9.3-p194/gems/activerecord-3.2.8/lib/active_record/fixtures.rb:579:in `each'
    /usr/local/rvm/gems/ruby-1.9.3-p194/gems/activerecord-3.2.8/lib/active_record/fixtures.rb:579:in `map'
    /usr/local/rvm/gems/ruby-1.9.3-p194/gems/activerecord-3.2.8/lib/active_record/fixtures.rb:579:in `table_rows'
    /usr/local/rvm/gems/ruby-1.9.3-p194/gems/activerecord-3.2.8/lib/active_record/fixtures.rb:494:in `block (3 levels) in create_fixtures'
    /usr/local/rvm/gems/ruby-1.9.3-p194/gems/activerecord-3.2.8/lib/active_record/fixtures.rb:492:in `each'
    /usr/local/rvm/gems/ruby-1.9.3-p194/gems/activerecord-3.2.8/lib/active_record/fixtures.rb:492:in `block (2 levels) in create_fixtures'
    /usr/local/rvm/gems/ruby-1.9.3-p194/gems/activerecord-3.2.8/lib/active_record/connection_adapters/abstract/database_statements.rb:192:in `transaction'
    /usr/local/rvm/gems/ruby-1.9.3-p194/gems/activerecord-3.2.8/lib/active_record/fixtures.rb:491:in `block in create_fixtures'
    /usr/local/rvm/gems/ruby-1.9.3-p194/gems/activerecord-3.2.8/lib/active_record/connection_adapters/abstract_adapter.rb:168:in `disable_referential_integrity'
    /usr/local/rvm/gems/ruby-1.9.3-p194/gems/activerecord-3.2.8/lib/active_record/fixtures.rb:476:in `create_fixtures'
    /usr/local/rvm/gems/ruby-1.9.3-p194/gems/activerecord-3.2.8/lib/active_record/fixtures.rb:895:in `load_fixtures'
    /usr/local/rvm/gems/ruby-1.9.3-p194/gems/activerecord-3.2.8/lib/active_record/fixtures.rb:849:in `setup_fixtures'
    /usr/local/rvm/gems/ruby-1.9.3-p194/gems/activesupport-3.2.8/lib/active_support/callbacks.rb:429:in `_run__204948508__setup__1009490251__callbacks'
    /usr/local/rvm/gems/ruby-1.9.3-p194/gems/activesupport-3.2.8/lib/active_support/callbacks.rb:405:in `__run_callback'
    /usr/local/rvm/gems/ruby-1.9.3-p194/gems/activesupport-3.2.8/lib/active_support/callbacks.rb:385:in `_run_setup_callbacks'
    /usr/local/rvm/gems/ruby-1.9.3-p194/gems/activesupport-3.2.8/lib/active_support/callbacks.rb:81:in `run_callbacks'
    /usr/local/rvm/gems/ruby-1.9.3-p194/gems/activesupport-3.2.8/lib/active_support/testing/setup_and_teardown.rb:35:in `run'

  4) Error:
test_should_get_index(UsersControllerTest):
ActiveRecord::StatementInvalid: Could not find table 'users'
    /usr/local/rvm/gems/ruby-1.9.3-p194/gems/activerecord-3.2.8/lib/active_record/connection_adapters/sqlite_adapter.rb:472:in `table_structure'
    /usr/local/rvm/gems/ruby-1.9.3-p194/gems/activerecord-3.2.8/lib/active_record/connection_adapters/sqlite_adapter.rb:346:in `columns'
    /usr/local/rvm/gems/ruby-1.9.3-p194/gems/activerecord-3.2.8/lib/active_record/fixtures.rb:660:in `column_names'
    /usr/local/rvm/gems/ruby-1.9.3-p194/gems/activerecord-3.2.8/lib/active_record/fixtures.rb:652:in `timestamp_column_names'
    /usr/local/rvm/gems/ruby-1.9.3-p194/gems/activerecord-3.2.8/lib/active_record/fixtures.rb:585:in `block in table_rows'
    /usr/local/rvm/gems/ruby-1.9.3-p194/gems/activerecord-3.2.8/lib/active_record/fixtures.rb:579:in `each'
    /usr/local/rvm/gems/ruby-1.9.3-p194/gems/activerecord-3.2.8/lib/active_record/fixtures.rb:579:in `map'
    /usr/local/rvm/gems/ruby-1.9.3-p194/gems/activerecord-3.2.8/lib/active_record/fixtures.rb:579:in `table_rows'
    /usr/local/rvm/gems/ruby-1.9.3-p194/gems/activerecord-3.2.8/lib/active_record/fixtures.rb:494:in `block (3 levels) in create_fixtures'
    /usr/local/rvm/gems/ruby-1.9.3-p194/gems/activerecord-3.2.8/lib/active_record/fixtures.rb:492:in `each'
    /usr/local/rvm/gems/ruby-1.9.3-p194/gems/activerecord-3.2.8/lib/active_record/fixtures.rb:492:in `block (2 levels) in create_fixtures'
    /usr/local/rvm/gems/ruby-1.9.3-p194/gems/activerecord-3.2.8/lib/active_record/connection_adapters/abstract/database_statements.rb:192:in `transaction'
    /usr/local/rvm/gems/ruby-1.9.3-p194/gems/activerecord-3.2.8/lib/active_record/fixtures.rb:491:in `block in create_fixtures'
    /usr/local/rvm/gems/ruby-1.9.3-p194/gems/activerecord-3.2.8/lib/active_record/connection_adapters/abstract_adapter.rb:168:in `disable_referential_integrity'
    /usr/local/rvm/gems/ruby-1.9.3-p194/gems/activerecord-3.2.8/lib/active_record/fixtures.rb:476:in `create_fixtures'
    /usr/local/rvm/gems/ruby-1.9.3-p194/gems/activerecord-3.2.8/lib/active_record/fixtures.rb:895:in `load_fixtures'
    /usr/local/rvm/gems/ruby-1.9.3-p194/gems/activerecord-3.2.8/lib/active_record/fixtures.rb:849:in `setup_fixtures'
    /usr/local/rvm/gems/ruby-1.9.3-p194/gems/activesupport-3.2.8/lib/active_support/callbacks.rb:429:in `_run__204948508__setup__1009490251__callbacks'
    /usr/local/rvm/gems/ruby-1.9.3-p194/gems/activesupport-3.2.8/lib/active_support/callbacks.rb:405:in `__run_callback'
    /usr/local/rvm/gems/ruby-1.9.3-p194/gems/activesupport-3.2.8/lib/active_support/callbacks.rb:385:in `_run_setup_callbacks'
    /usr/local/rvm/gems/ruby-1.9.3-p194/gems/activesupport-3.2.8/lib/active_support/callbacks.rb:81:in `run_callbacks'
    /usr/local/rvm/gems/ruby-1.9.3-p194/gems/activesupport-3.2.8/lib/active_support/testing/setup_and_teardown.rb:35:in `run'

  5) Error:
test_should_get_new(UsersControllerTest):
ActiveRecord::StatementInvalid: Could not find table 'users'
    /usr/local/rvm/gems/ruby-1.9.3-p194/gems/activerecord-3.2.8/lib/active_record/connection_adapters/sqlite_adapter.rb:472:in `table_structure'
    /usr/local/rvm/gems/ruby-1.9.3-p194/gems/activerecord-3.2.8/lib/active_record/connection_adapters/sqlite_adapter.rb:346:in `columns'
    /usr/local/rvm/gems/ruby-1.9.3-p194/gems/activerecord-3.2.8/lib/active_record/fixtures.rb:660:in `column_names'
    /usr/local/rvm/gems/ruby-1.9.3-p194/gems/activerecord-3.2.8/lib/active_record/fixtures.rb:652:in `timestamp_column_names'
    /usr/local/rvm/gems/ruby-1.9.3-p194/gems/activerecord-3.2.8/lib/active_record/fixtures.rb:585:in `block in table_rows'
    /usr/local/rvm/gems/ruby-1.9.3-p194/gems/activerecord-3.2.8/lib/active_record/fixtures.rb:579:in `each'
    /usr/local/rvm/gems/ruby-1.9.3-p194/gems/activerecord-3.2.8/lib/active_record/fixtures.rb:579:in `map'
    /usr/local/rvm/gems/ruby-1.9.3-p194/gems/activerecord-3.2.8/lib/active_record/fixtures.rb:579:in `table_rows'
    /usr/local/rvm/gems/ruby-1.9.3-p194/gems/activerecord-3.2.8/lib/active_record/fixtures.rb:494:in `block (3 levels) in create_fixtures'
    /usr/local/rvm/gems/ruby-1.9.3-p194/gems/activerecord-3.2.8/lib/active_record/fixtures.rb:492:in `each'
    /usr/local/rvm/gems/ruby-1.9.3-p194/gems/activerecord-3.2.8/lib/active_record/fixtures.rb:492:in `block (2 levels) in create_fixtures'
    /usr/local/rvm/gems/ruby-1.9.3-p194/gems/activerecord-3.2.8/lib/active_record/connection_adapters/abstract/database_statements.rb:192:in `transaction'
    /usr/local/rvm/gems/ruby-1.9.3-p194/gems/activerecord-3.2.8/lib/active_record/fixtures.rb:491:in `block in create_fixtures'
    /usr/local/rvm/gems/ruby-1.9.3-p194/gems/activerecord-3.2.8/lib/active_record/connection_adapters/abstract_adapter.rb:168:in `disable_referential_integrity'
    /usr/local/rvm/gems/ruby-1.9.3-p194/gems/activerecord-3.2.8/lib/active_record/fixtures.rb:476:in `create_fixtures'
    /usr/local/rvm/gems/ruby-1.9.3-p194/gems/activerecord-3.2.8/lib/active_record/fixtures.rb:895:in `load_fixtures'
    /usr/local/rvm/gems/ruby-1.9.3-p194/gems/activerecord-3.2.8/lib/active_record/fixtures.rb:849:in `setup_fixtures'
    /usr/local/rvm/gems/ruby-1.9.3-p194/gems/activesupport-3.2.8/lib/active_support/callbacks.rb:429:in `_run__204948508__setup__1009490251__callbacks'
    /usr/local/rvm/gems/ruby-1.9.3-p194/gems/activesupport-3.2.8/lib/active_support/callbacks.rb:405:in `__run_callback'
    /usr/local/rvm/gems/ruby-1.9.3-p194/gems/activesupport-3.2.8/lib/active_support/callbacks.rb:385:in `_run_setup_callbacks'
    /usr/local/rvm/gems/ruby-1.9.3-p194/gems/activesupport-3.2.8/lib/active_support/callbacks.rb:81:in `run_callbacks'
    /usr/local/rvm/gems/ruby-1.9.3-p194/gems/activesupport-3.2.8/lib/active_support/testing/setup_and_teardown.rb:35:in `run'

  6) Error:
test_should_show_user(UsersControllerTest):
ActiveRecord::StatementInvalid: Could not find table 'users'
    /usr/local/rvm/gems/ruby-1.9.3-p194/gems/activerecord-3.2.8/lib/active_record/connection_adapters/sqlite_adapter.rb:472:in `table_structure'
    /usr/local/rvm/gems/ruby-1.9.3-p194/gems/activerecord-3.2.8/lib/active_record/connection_adapters/sqlite_adapter.rb:346:in `columns'
    /usr/local/rvm/gems/ruby-1.9.3-p194/gems/activerecord-3.2.8/lib/active_record/fixtures.rb:660:in `column_names'
    /usr/local/rvm/gems/ruby-1.9.3-p194/gems/activerecord-3.2.8/lib/active_record/fixtures.rb:652:in `timestamp_column_names'
    /usr/local/rvm/gems/ruby-1.9.3-p194/gems/activerecord-3.2.8/lib/active_record/fixtures.rb:585:in `block in table_rows'
    /usr/local/rvm/gems/ruby-1.9.3-p194/gems/activerecord-3.2.8/lib/active_record/fixtures.rb:579:in `each'
    /usr/local/rvm/gems/ruby-1.9.3-p194/gems/activerecord-3.2.8/lib/active_record/fixtures.rb:579:in `map'
    /usr/local/rvm/gems/ruby-1.9.3-p194/gems/activerecord-3.2.8/lib/active_record/fixtures.rb:579:in `table_rows'
    /usr/local/rvm/gems/ruby-1.9.3-p194/gems/activerecord-3.2.8/lib/active_record/fixtures.rb:494:in `block (3 levels) in create_fixtures'
    /usr/local/rvm/gems/ruby-1.9.3-p194/gems/activerecord-3.2.8/lib/active_record/fixtures.rb:492:in `each'
    /usr/local/rvm/gems/ruby-1.9.3-p194/gems/activerecord-3.2.8/lib/active_record/fixtures.rb:492:in `block (2 levels) in create_fixtures'
    /usr/local/rvm/gems/ruby-1.9.3-p194/gems/activerecord-3.2.8/lib/active_record/connection_adapters/abstract/database_statements.rb:192:in `transaction'
    /usr/local/rvm/gems/ruby-1.9.3-p194/gems/activerecord-3.2.8/lib/active_record/fixtures.rb:491:in `block in create_fixtures'
    /usr/local/rvm/gems/ruby-1.9.3-p194/gems/activerecord-3.2.8/lib/active_record/connection_adapters/abstract_adapter.rb:168:in `disable_referential_integrity'
    /usr/local/rvm/gems/ruby-1.9.3-p194/gems/activerecord-3.2.8/lib/active_record/fixtures.rb:476:in `create_fixtures'
    /usr/local/rvm/gems/ruby-1.9.3-p194/gems/activerecord-3.2.8/lib/active_record/fixtures.rb:895:in `load_fixtures'
    /usr/local/rvm/gems/ruby-1.9.3-p194/gems/activerecord-3.2.8/lib/active_record/fixtures.rb:849:in `setup_fixtures'
    /usr/local/rvm/gems/ruby-1.9.3-p194/gems/activesupport-3.2.8/lib/active_support/callbacks.rb:429:in `_run__204948508__setup__1009490251__callbacks'
    /usr/local/rvm/gems/ruby-1.9.3-p194/gems/activesupport-3.2.8/lib/active_support/callbacks.rb:405:in `__run_callback'
    /usr/local/rvm/gems/ruby-1.9.3-p194/gems/activesupport-3.2.8/lib/active_support/callbacks.rb:385:in `_run_setup_callbacks'
    /usr/local/rvm/gems/ruby-1.9.3-p194/gems/activesupport-3.2.8/lib/active_support/callbacks.rb:81:in `run_callbacks'
    /usr/local/rvm/gems/ruby-1.9.3-p194/gems/activesupport-3.2.8/lib/active_support/testing/setup_and_teardown.rb:35:in `run'

  7) Error:
test_should_update_user(UsersControllerTest):
ActiveRecord::StatementInvalid: Could not find table 'users'
    /usr/local/rvm/gems/ruby-1.9.3-p194/gems/activerecord-3.2.8/lib/active_record/connection_adapters/sqlite_adapter.rb:472:in `table_structure'
    /usr/local/rvm/gems/ruby-1.9.3-p194/gems/activerecord-3.2.8/lib/active_record/connection_adapters/sqlite_adapter.rb:346:in `columns'
    /usr/local/rvm/gems/ruby-1.9.3-p194/gems/activerecord-3.2.8/lib/active_record/fixtures.rb:660:in `column_names'
    /usr/local/rvm/gems/ruby-1.9.3-p194/gems/activerecord-3.2.8/lib/active_record/fixtures.rb:652:in `timestamp_column_names'
    /usr/local/rvm/gems/ruby-1.9.3-p194/gems/activerecord-3.2.8/lib/active_record/fixtures.rb:585:in `block in table_rows'
    /usr/local/rvm/gems/ruby-1.9.3-p194/gems/activerecord-3.2.8/lib/active_record/fixtures.rb:579:in `each'
    /usr/local/rvm/gems/ruby-1.9.3-p194/gems/activerecord-3.2.8/lib/active_record/fixtures.rb:579:in `map'
    /usr/local/rvm/gems/ruby-1.9.3-p194/gems/activerecord-3.2.8/lib/active_record/fixtures.rb:579:in `table_rows'
    /usr/local/rvm/gems/ruby-1.9.3-p194/gems/activerecord-3.2.8/lib/active_record/fixtures.rb:494:in `block (3 levels) in create_fixtures'
    /usr/local/rvm/gems/ruby-1.9.3-p194/gems/activerecord-3.2.8/lib/active_record/fixtures.rb:492:in `each'
    /usr/local/rvm/gems/ruby-1.9.3-p194/gems/activerecord-3.2.8/lib/active_record/fixtures.rb:492:in `block (2 levels) in create_fixtures'
    /usr/local/rvm/gems/ruby-1.9.3-p194/gems/activerecord-3.2.8/lib/active_record/connection_adapters/abstract/database_statements.rb:192:in `transaction'
    /usr/local/rvm/gems/ruby-1.9.3-p194/gems/activerecord-3.2.8/lib/active_record/fixtures.rb:491:in `block in create_fixtures'
    /usr/local/rvm/gems/ruby-1.9.3-p194/gems/activerecord-3.2.8/lib/active_record/connection_adapters/abstract_adapter.rb:168:in `disable_referential_integrity'
    /usr/local/rvm/gems/ruby-1.9.3-p194/gems/activerecord-3.2.8/lib/active_record/fixtures.rb:476:in `create_fixtures'
    /usr/local/rvm/gems/ruby-1.9.3-p194/gems/activerecord-3.2.8/lib/active_record/fixtures.rb:895:in `load_fixtures'
    /usr/local/rvm/gems/ruby-1.9.3-p194/gems/activerecord-3.2.8/lib/active_record/fixtures.rb:849:in `setup_fixtures'
    /usr/local/rvm/gems/ruby-1.9.3-p194/gems/activesupport-3.2.8/lib/active_support/callbacks.rb:429:in `_run__204948508__setup__1009490251__callbacks'
    /usr/local/rvm/gems/ruby-1.9.3-p194/gems/activesupport-3.2.8/lib/active_support/callbacks.rb:405:in `__run_callback'
    /usr/local/rvm/gems/ruby-1.9.3-p194/gems/activesupport-3.2.8/lib/active_support/callbacks.rb:385:in `_run_setup_callbacks'
    /usr/local/rvm/gems/ruby-1.9.3-p194/gems/activesupport-3.2.8/lib/active_support/callbacks.rb:81:in `run_callbacks'
    /usr/local/rvm/gems/ruby-1.9.3-p194/gems/activesupport-3.2.8/lib/active_support/testing/setup_and_teardown.rb:35:in `run'

7 tests, 0 assertions, 0 failures, 7 errors, 0 skips
/usr/local/rvm/rubies/ruby-1.9.3-p194/bin/ruby -I.:lib:test -rubygems test/functional/pages_controller_test.rb -n "/^(test_should_get_contact|test_should_get_home)$/"; /usr/local/rvm/rubies/ruby-1.9.3-p194/bin/ruby -I.:lib:test -rubygems test/functional/users_controller_test.rb -n "/^(test_should_create_user|test_should_destroy_user|test_should_get_edit|test_should_get_index|test_should_get_new|test_should_show_user|test_should_update_user)$/"; /usr/local/rvm/rubies/ruby-1.9.3-p194/bin/ruby -I.:lib:test -rubygems test/functional/microposts_controller_test.rb -n "/^(test_should_create_micropost|test_should_destroy_micropost|test_should_get_edit|test_should_get_index|test_should_get_new|test_should_show_micropost|test_should_update_micropost)$/"
Run options: -n "/^(test_should_get_contact|test_should_get_home)$/"

# Running tests:

EE

Finished tests in 0.052358s, 38.1987 tests/s, 0.0000 assertions/s.

  1) Error:
test_should_get_contact(PagesControllerTest):
ActiveRecord::StatementInvalid: Could not find table 'users'
    /usr/local/rvm/gems/ruby-1.9.3-p194/gems/activerecord-3.2.8/lib/active_record/connection_adapters/sqlite_adapter.rb:472:in `table_structure'
    /usr/local/rvm/gems/ruby-1.9.3-p194/gems/activerecord-3.2.8/lib/active_record/connection_adapters/sqlite_adapter.rb:346:in `columns'
    /usr/local/rvm/gems/ruby-1.9.3-p194/gems/activerecord-3.2.8/lib/active_record/fixtures.rb:660:in `column_names'
    /usr/local/rvm/gems/ruby-1.9.3-p194/gems/activerecord-3.2.8/lib/active_record/fixtures.rb:652:in `timestamp_column_names'
    /usr/local/rvm/gems/ruby-1.9.3-p194/gems/activerecord-3.2.8/lib/active_record/fixtures.rb:585:in `block in table_rows'
    /usr/local/rvm/gems/ruby-1.9.3-p194/gems/activerecord-3.2.8/lib/active_record/fixtures.rb:579:in `each'
    /usr/local/rvm/gems/ruby-1.9.3-p194/gems/activerecord-3.2.8/lib/active_record/fixtures.rb:579:in `map'
    /usr/local/rvm/gems/ruby-1.9.3-p194/gems/activerecord-3.2.8/lib/active_record/fixtures.rb:579:in `table_rows'
    /usr/local/rvm/gems/ruby-1.9.3-p194/gems/activerecord-3.2.8/lib/active_record/fixtures.rb:494:in `block (3 levels) in create_fixtures'
    /usr/local/rvm/gems/ruby-1.9.3-p194/gems/activerecord-3.2.8/lib/active_record/fixtures.rb:492:in `each'
    /usr/local/rvm/gems/ruby-1.9.3-p194/gems/activerecord-3.2.8/lib/active_record/fixtures.rb:492:in `block (2 levels) in create_fixtures'
    /usr/local/rvm/gems/ruby-1.9.3-p194/gems/activerecord-3.2.8/lib/active_record/connection_adapters/abstract/database_statements.rb:192:in `transaction'
    /usr/local/rvm/gems/ruby-1.9.3-p194/gems/activerecord-3.2.8/lib/active_record/fixtures.rb:491:in `block in create_fixtures'
    /usr/local/rvm/gems/ruby-1.9.3-p194/gems/activerecord-3.2.8/lib/active_record/connection_adapters/abstract_adapter.rb:168:in `disable_referential_integrity'
    /usr/local/rvm/gems/ruby-1.9.3-p194/gems/activerecord-3.2.8/lib/active_record/fixtures.rb:476:in `create_fixtures'
    /usr/local/rvm/gems/ruby-1.9.3-p194/gems/activerecord-3.2.8/lib/active_record/fixtures.rb:895:in `load_fixtures'
    /usr/local/rvm/gems/ruby-1.9.3-p194/gems/activerecord-3.2.8/lib/active_record/fixtures.rb:849:in `setup_fixtures'
    /usr/local/rvm/gems/ruby-1.9.3-p194/gems/activesupport-3.2.8/lib/active_support/callbacks.rb:429:in `_run__531486736__setup__399788740__callbacks'
    /usr/local/rvm/gems/ruby-1.9.3-p194/gems/activesupport-3.2.8/lib/active_support/callbacks.rb:405:in `__run_callback'
    /usr/local/rvm/gems/ruby-1.9.3-p194/gems/activesupport-3.2.8/lib/active_support/callbacks.rb:385:in `_run_setup_callbacks'
    /usr/local/rvm/gems/ruby-1.9.3-p194/gems/activesupport-3.2.8/lib/active_support/callbacks.rb:81:in `run_callbacks'
    /usr/local/rvm/gems/ruby-1.9.3-p194/gems/activesupport-3.2.8/lib/active_support/testing/setup_and_teardown.rb:35:in `run'

  2) Error:
test_should_get_home(PagesControllerTest):
ActiveRecord::StatementInvalid: Could not find table 'users'
    /usr/local/rvm/gems/ruby-1.9.3-p194/gems/activerecord-3.2.8/lib/active_record/connection_adapters/sqlite_adapter.rb:472:in `table_structure'
    /usr/local/rvm/gems/ruby-1.9.3-p194/gems/activerecord-3.2.8/lib/active_record/connection_adapters/sqlite_adapter.rb:346:in `columns'
    /usr/local/rvm/gems/ruby-1.9.3-p194/gems/activerecord-3.2.8/lib/active_record/fixtures.rb:660:in `column_names'
    /usr/local/rvm/gems/ruby-1.9.3-p194/gems/activerecord-3.2.8/lib/active_record/fixtures.rb:652:in `timestamp_column_names'
    /usr/local/rvm/gems/ruby-1.9.3-p194/gems/activerecord-3.2.8/lib/active_record/fixtures.rb:585:in `block in table_rows'
    /usr/local/rvm/gems/ruby-1.9.3-p194/gems/activerecord-3.2.8/lib/active_record/fixtures.rb:579:in `each'
    /usr/local/rvm/gems/ruby-1.9.3-p194/gems/activerecord-3.2.8/lib/active_record/fixtures.rb:579:in `map'
    /usr/local/rvm/gems/ruby-1.9.3-p194/gems/activerecord-3.2.8/lib/active_record/fixtures.rb:579:in `table_rows'
    /usr/local/rvm/gems/ruby-1.9.3-p194/gems/activerecord-3.2.8/lib/active_record/fixtures.rb:494:in `block (3 levels) in create_fixtures'
    /usr/local/rvm/gems/ruby-1.9.3-p194/gems/activerecord-3.2.8/lib/active_record/fixtures.rb:492:in `each'
    /usr/local/rvm/gems/ruby-1.9.3-p194/gems/activerecord-3.2.8/lib/active_record/fixtures.rb:492:in `block (2 levels) in create_fixtures'
    /usr/local/rvm/gems/ruby-1.9.3-p194/gems/activerecord-3.2.8/lib/active_record/connection_adapters/abstract/database_statements.rb:192:in `transaction'
    /usr/local/rvm/gems/ruby-1.9.3-p194/gems/activerecord-3.2.8/lib/active_record/fixtures.rb:491:in `block in create_fixtures'
    /usr/local/rvm/gems/ruby-1.9.3-p194/gems/activerecord-3.2.8/lib/active_record/connection_adapters/abstract_adapter.rb:168:in `disable_referential_integrity'
    /usr/local/rvm/gems/ruby-1.9.3-p194/gems/activerecord-3.2.8/lib/active_record/fixtures.rb:476:in `create_fixtures'
    /usr/local/rvm/gems/ruby-1.9.3-p194/gems/activerecord-3.2.8/lib/active_record/fixtures.rb:895:in `load_fixtures'
    /usr/local/rvm/gems/ruby-1.9.3-p194/gems/activerecord-3.2.8/lib/active_record/fixtures.rb:849:in `setup_fixtures'
    /usr/local/rvm/gems/ruby-1.9.3-p194/gems/activesupport-3.2.8/lib/active_support/callbacks.rb:429:in `_run__531486736__setup__399788740__callbacks'
    /usr/local/rvm/gems/ruby-1.9.3-p194/gems/activesupport-3.2.8/lib/active_support/callbacks.rb:405:in `__run_callback'
    /usr/local/rvm/gems/ruby-1.9.3-p194/gems/activesupport-3.2.8/lib/active_support/callbacks.rb:385:in `_run_setup_callbacks'
    /usr/local/rvm/gems/ruby-1.9.3-p194/gems/activesupport-3.2.8/lib/active_support/callbacks.rb:81:in `run_callbacks'
    /usr/local/rvm/gems/ruby-1.9.3-p194/gems/activesupport-3.2.8/lib/active_support/testing/setup_and_teardown.rb:35:in `run'

2 tests, 0 assertions, 0 failures, 2 errors, 0 skips
Run options: -n "/^(test_should_create_user|test_should_destroy_user|test_should_get_edit|test_should_get_index|test_should_get_new|test_should_show_user|test_should_update_user)$/"

# Running tests:

EEEEEEE

Finished tests in 0.103332s, 67.7429 tests/s, 0.0000 assertions/s.

  1) Error:
test_should_create_user(UsersControllerTest):
ActiveRecord::StatementInvalid: Could not find table 'users'
    /usr/local/rvm/gems/ruby-1.9.3-p194/gems/activerecord-3.2.8/lib/active_record/connection_adapters/sqlite_adapter.rb:472:in `table_structure'
    /usr/local/rvm/gems/ruby-1.9.3-p194/gems/activerecord-3.2.8/lib/active_record/connection_adapters/sqlite_adapter.rb:346:in `columns'
    /usr/local/rvm/gems/ruby-1.9.3-p194/gems/activerecord-3.2.8/lib/active_record/fixtures.rb:660:in `column_names'
    /usr/local/rvm/gems/ruby-1.9.3-p194/gems/activerecord-3.2.8/lib/active_record/fixtures.rb:652:in `timestamp_column_names'
    /usr/local/rvm/gems/ruby-1.9.3-p194/gems/activerecord-3.2.8/lib/active_record/fixtures.rb:585:in `block in table_rows'
    /usr/local/rvm/gems/ruby-1.9.3-p194/gems/activerecord-3.2.8/lib/active_record/fixtures.rb:579:in `each'
    /usr/local/rvm/gems/ruby-1.9.3-p194/gems/activerecord-3.2.8/lib/active_record/fixtures.rb:579:in `map'
    /usr/local/rvm/gems/ruby-1.9.3-p194/gems/activerecord-3.2.8/lib/active_record/fixtures.rb:579:in `table_rows'
    /usr/local/rvm/gems/ruby-1.9.3-p194/gems/activerecord-3.2.8/lib/active_record/fixtures.rb:494:in `block (3 levels) in create_fixtures'
    /usr/local/rvm/gems/ruby-1.9.3-p194/gems/activerecord-3.2.8/lib/active_record/fixtures.rb:492:in `each'
    /usr/local/rvm/gems/ruby-1.9.3-p194/gems/activerecord-3.2.8/lib/active_record/fixtures.rb:492:in `block (2 levels) in create_fixtures'
    /usr/local/rvm/gems/ruby-1.9.3-p194/gems/activerecord-3.2.8/lib/active_record/connection_adapters/abstract/database_statements.rb:192:in `transaction'
    /usr/local/rvm/gems/ruby-1.9.3-p194/gems/activerecord-3.2.8/lib/active_record/fixtures.rb:491:in `block in create_fixtures'
    /usr/local/rvm/gems/ruby-1.9.3-p194/gems/activerecord-3.2.8/lib/active_record/connection_adapters/abstract_adapter.rb:168:in `disable_referential_integrity'
    /usr/local/rvm/gems/ruby-1.9.3-p194/gems/activerecord-3.2.8/lib/active_record/fixtures.rb:476:in `create_fixtures'
    /usr/local/rvm/gems/ruby-1.9.3-p194/gems/activerecord-3.2.8/lib/active_record/fixtures.rb:895:in `load_fixtures'
    /usr/local/rvm/gems/ruby-1.9.3-p194/gems/activerecord-3.2.8/lib/active_record/fixtures.rb:849:in `setup_fixtures'
    /usr/local/rvm/gems/ruby-1.9.3-p194/gems/activesupport-3.2.8/lib/active_support/callbacks.rb:429:in `_run__79115180__setup__87716103__callbacks'
    /usr/local/rvm/gems/ruby-1.9.3-p194/gems/activesupport-3.2.8/lib/active_support/callbacks.rb:405:in `__run_callback'
    /usr/local/rvm/gems/ruby-1.9.3-p194/gems/activesupport-3.2.8/lib/active_support/callbacks.rb:385:in `_run_setup_callbacks'
    /usr/local/rvm/gems/ruby-1.9.3-p194/gems/activesupport-3.2.8/lib/active_support/callbacks.rb:81:in `run_callbacks'
    /usr/local/rvm/gems/ruby-1.9.3-p194/gems/activesupport-3.2.8/lib/active_support/testing/setup_and_teardown.rb:35:in `run'

  2) Error:
test_should_destroy_user(UsersControllerTest):
ActiveRecord::StatementInvalid: Could not find table 'users'
    /usr/local/rvm/gems/ruby-1.9.3-p194/gems/activerecord-3.2.8/lib/active_record/connection_adapters/sqlite_adapter.rb:472:in `table_structure'
    /usr/local/rvm/gems/ruby-1.9.3-p194/gems/activerecord-3.2.8/lib/active_record/connection_adapters/sqlite_adapter.rb:346:in `columns'
    /usr/local/rvm/gems/ruby-1.9.3-p194/gems/activerecord-3.2.8/lib/active_record/fixtures.rb:660:in `column_names'
    /usr/local/rvm/gems/ruby-1.9.3-p194/gems/activerecord-3.2.8/lib/active_record/fixtures.rb:652:in `timestamp_column_names'
    /usr/local/rvm/gems/ruby-1.9.3-p194/gems/activerecord-3.2.8/lib/active_record/fixtures.rb:585:in `block in table_rows'
    /usr/local/rvm/gems/ruby-1.9.3-p194/gems/activerecord-3.2.8/lib/active_record/fixtures.rb:579:in `each'
    /usr/local/rvm/gems/ruby-1.9.3-p194/gems/activerecord-3.2.8/lib/active_record/fixtures.rb:579:in `map'
    /usr/local/rvm/gems/ruby-1.9.3-p194/gems/activerecord-3.2.8/lib/active_record/fixtures.rb:579:in `table_rows'
    /usr/local/rvm/gems/ruby-1.9.3-p194/gems/activerecord-3.2.8/lib/active_record/fixtures.rb:494:in `block (3 levels) in create_fixtures'
    /usr/local/rvm/gems/ruby-1.9.3-p194/gems/activerecord-3.2.8/lib/active_record/fixtures.rb:492:in `each'
    /usr/local/rvm/gems/ruby-1.9.3-p194/gems/activerecord-3.2.8/lib/active_record/fixtures.rb:492:in `block (2 levels) in create_fixtures'
    /usr/local/rvm/gems/ruby-1.9.3-p194/gems/activerecord-3.2.8/lib/active_record/connection_adapters/abstract/database_statements.rb:192:in `transaction'
    /usr/local/rvm/gems/ruby-1.9.3-p194/gems/activerecord-3.2.8/lib/active_record/fixtures.rb:491:in `block in create_fixtures'
    /usr/local/rvm/gems/ruby-1.9.3-p194/gems/activerecord-3.2.8/lib/active_record/connection_adapters/abstract_adapter.rb:168:in `disable_referential_integrity'
    /usr/local/rvm/gems/ruby-1.9.3-p194/gems/activerecord-3.2.8/lib/active_record/fixtures.rb:476:in `create_fixtures'
    /usr/local/rvm/gems/ruby-1.9.3-p194/gems/activerecord-3.2.8/lib/active_record/fixtures.rb:895:in `load_fixtures'
    /usr/local/rvm/gems/ruby-1.9.3-p194/gems/activerecord-3.2.8/lib/active_record/fixtures.rb:849:in `setup_fixtures'
    /usr/local/rvm/gems/ruby-1.9.3-p194/gems/activesupport-3.2.8/lib/active_support/callbacks.rb:429:in `_run__79115180__setup__87716103__callbacks'
    /usr/local/rvm/gems/ruby-1.9.3-p194/gems/activesupport-3.2.8/lib/active_support/callbacks.rb:405:in `__run_callback'
    /usr/local/rvm/gems/ruby-1.9.3-p194/gems/activesupport-3.2.8/lib/active_support/callbacks.rb:385:in `_run_setup_callbacks'
    /usr/local/rvm/gems/ruby-1.9.3-p194/gems/activesupport-3.2.8/lib/active_support/callbacks.rb:81:in `run_callbacks'
    /usr/local/rvm/gems/ruby-1.9.3-p194/gems/activesupport-3.2.8/lib/active_support/testing/setup_and_teardown.rb:35:in `run'

  3) Error:
test_should_get_edit(UsersControllerTest):
ActiveRecord::StatementInvalid: Could not find table 'users'
    /usr/local/rvm/gems/ruby-1.9.3-p194/gems/activerecord-3.2.8/lib/active_record/connection_adapters/sqlite_adapter.rb:472:in `table_structure'
    /usr/local/rvm/gems/ruby-1.9.3-p194/gems/activerecord-3.2.8/lib/active_record/connection_adapters/sqlite_adapter.rb:346:in `columns'
    /usr/local/rvm/gems/ruby-1.9.3-p194/gems/activerecord-3.2.8/lib/active_record/fixtures.rb:660:in `column_names'
    /usr/local/rvm/gems/ruby-1.9.3-p194/gems/activerecord-3.2.8/lib/active_record/fixtures.rb:652:in `timestamp_column_names'
    /usr/local/rvm/gems/ruby-1.9.3-p194/gems/activerecord-3.2.8/lib/active_record/fixtures.rb:585:in `block in table_rows'
    /usr/local/rvm/gems/ruby-1.9.3-p194/gems/activerecord-3.2.8/lib/active_record/fixtures.rb:579:in `each'
    /usr/local/rvm/gems/ruby-1.9.3-p194/gems/activerecord-3.2.8/lib/active_record/fixtures.rb:579:in `map'
    /usr/local/rvm/gems/ruby-1.9.3-p194/gems/activerecord-3.2.8/lib/active_record/fixtures.rb:579:in `table_rows'
    /usr/local/rvm/gems/ruby-1.9.3-p194/gems/activerecord-3.2.8/lib/active_record/fixtures.rb:494:in `block (3 levels) in create_fixtures'
    /usr/local/rvm/gems/ruby-1.9.3-p194/gems/activerecord-3.2.8/lib/active_record/fixtures.rb:492:in `each'
    /usr/local/rvm/gems/ruby-1.9.3-p194/gems/activerecord-3.2.8/lib/active_record/fixtures.rb:492:in `block (2 levels) in create_fixtures'
    /usr/local/rvm/gems/ruby-1.9.3-p194/gems/activerecord-3.2.8/lib/active_record/connection_adapters/abstract/database_statements.rb:192:in `transaction'
    /usr/local/rvm/gems/ruby-1.9.3-p194/gems/activerecord-3.2.8/lib/active_record/fixtures.rb:491:in `block in create_fixtures'
    /usr/local/rvm/gems/ruby-1.9.3-p194/gems/activerecord-3.2.8/lib/active_record/connection_adapters/abstract_adapter.rb:168:in `disable_referential_integrity'
    /usr/local/rvm/gems/ruby-1.9.3-p194/gems/activerecord-3.2.8/lib/active_record/fixtures.rb:476:in `create_fixtures'
    /usr/local/rvm/gems/ruby-1.9.3-p194/gems/activerecord-3.2.8/lib/active_record/fixtures.rb:895:in `load_fixtures'
    /usr/local/rvm/gems/ruby-1.9.3-p194/gems/activerecord-3.2.8/lib/active_record/fixtures.rb:849:in `setup_fixtures'
    /usr/local/rvm/gems/ruby-1.9.3-p194/gems/activesupport-3.2.8/lib/active_support/callbacks.rb:429:in `_run__79115180__setup__87716103__callbacks'
    /usr/local/rvm/gems/ruby-1.9.3-p194/gems/activesupport-3.2.8/lib/active_support/callbacks.rb:405:in `__run_callback'
    /usr/local/rvm/gems/ruby-1.9.3-p194/gems/activesupport-3.2.8/lib/active_support/callbacks.rb:385:in `_run_setup_callbacks'
    /usr/local/rvm/gems/ruby-1.9.3-p194/gems/activesupport-3.2.8/lib/active_support/callbacks.rb:81:in `run_callbacks'
    /usr/local/rvm/gems/ruby-1.9.3-p194/gems/activesupport-3.2.8/lib/active_support/testing/setup_and_teardown.rb:35:in `run'

  4) Error:
test_should_get_index(UsersControllerTest):
ActiveRecord::StatementInvalid: Could not find table 'users'
    /usr/local/rvm/gems/ruby-1.9.3-p194/gems/activerecord-3.2.8/lib/active_record/connection_adapters/sqlite_adapter.rb:472:in `table_structure'
    /usr/local/rvm/gems/ruby-1.9.3-p194/gems/activerecord-3.2.8/lib/active_record/connection_adapters/sqlite_adapter.rb:346:in `columns'
    /usr/local/rvm/gems/ruby-1.9.3-p194/gems/activerecord-3.2.8/lib/active_record/fixtures.rb:660:in `column_names'
    /usr/local/rvm/gems/ruby-1.9.3-p194/gems/activerecord-3.2.8/lib/active_record/fixtures.rb:652:in `timestamp_column_names'
    /usr/local/rvm/gems/ruby-1.9.3-p194/gems/activerecord-3.2.8/lib/active_record/fixtures.rb:585:in `block in table_rows'
    /usr/local/rvm/gems/ruby-1.9.3-p194/gems/activerecord-3.2.8/lib/active_record/fixtures.rb:579:in `each'
    /usr/local/rvm/gems/ruby-1.9.3-p194/gems/activerecord-3.2.8/lib/active_record/fixtures.rb:579:in `map'
    /usr/local/rvm/gems/ruby-1.9.3-p194/gems/activerecord-3.2.8/lib/active_record/fixtures.rb:579:in `table_rows'
    /usr/local/rvm/gems/ruby-1.9.3-p194/gems/activerecord-3.2.8/lib/active_record/fixtures.rb:494:in `block (3 levels) in create_fixtures'
    /usr/local/rvm/gems/ruby-1.9.3-p194/gems/activerecord-3.2.8/lib/active_record/fixtures.rb:492:in `each'
    /usr/local/rvm/gems/ruby-1.9.3-p194/gems/activerecord-3.2.8/lib/active_record/fixtures.rb:492:in `block (2 levels) in create_fixtures'
    /usr/local/rvm/gems/ruby-1.9.3-p194/gems/activerecord-3.2.8/lib/active_record/connection_adapters/abstract/database_statements.rb:192:in `transaction'
    /usr/local/rvm/gems/ruby-1.9.3-p194/gems/activerecord-3.2.8/lib/active_record/fixtures.rb:491:in `block in create_fixtures'
    /usr/local/rvm/gems/ruby-1.9.3-p194/gems/activerecord-3.2.8/lib/active_record/connection_adapters/abstract_adapter.rb:168:in `disable_referential_integrity'
    /usr/local/rvm/gems/ruby-1.9.3-p194/gems/activerecord-3.2.8/lib/active_record/fixtures.rb:476:in `create_fixtures'
    /usr/local/rvm/gems/ruby-1.9.3-p194/gems/activerecord-3.2.8/lib/active_record/fixtures.rb:895:in `load_fixtures'
    /usr/local/rvm/gems/ruby-1.9.3-p194/gems/activerecord-3.2.8/lib/active_record/fixtures.rb:849:in `setup_fixtures'
    /usr/local/rvm/gems/ruby-1.9.3-p194/gems/activesupport-3.2.8/lib/active_support/callbacks.rb:429:in `_run__79115180__setup__87716103__callbacks'
    /usr/local/rvm/gems/ruby-1.9.3-p194/gems/activesupport-3.2.8/lib/active_support/callbacks.rb:405:in `__run_callback'
    /usr/local/rvm/gems/ruby-1.9.3-p194/gems/activesupport-3.2.8/lib/active_support/callbacks.rb:385:in `_run_setup_callbacks'
    /usr/local/rvm/gems/ruby-1.9.3-p194/gems/activesupport-3.2.8/lib/active_support/callbacks.rb:81:in `run_callbacks'
    /usr/local/rvm/gems/ruby-1.9.3-p194/gems/activesupport-3.2.8/lib/active_support/testing/setup_and_teardown.rb:35:in `run'

  5) Error:
test_should_get_new(UsersControllerTest):
ActiveRecord::StatementInvalid: Could not find table 'users'
    /usr/local/rvm/gems/ruby-1.9.3-p194/gems/activerecord-3.2.8/lib/active_record/connection_adapters/sqlite_adapter.rb:472:in `table_structure'
    /usr/local/rvm/gems/ruby-1.9.3-p194/gems/activerecord-3.2.8/lib/active_record/connection_adapters/sqlite_adapter.rb:346:in `columns'
    /usr/local/rvm/gems/ruby-1.9.3-p194/gems/activerecord-3.2.8/lib/active_record/fixtures.rb:660:in `column_names'
    /usr/local/rvm/gems/ruby-1.9.3-p194/gems/activerecord-3.2.8/lib/active_record/fixtures.rb:652:in `timestamp_column_names'
    /usr/local/rvm/gems/ruby-1.9.3-p194/gems/activerecord-3.2.8/lib/active_record/fixtures.rb:585:in `block in table_rows'
    /usr/local/rvm/gems/ruby-1.9.3-p194/gems/activerecord-3.2.8/lib/active_record/fixtures.rb:579:in `each'
    /usr/local/rvm/gems/ruby-1.9.3-p194/gems/activerecord-3.2.8/lib/active_record/fixtures.rb:579:in `map'
    /usr/local/rvm/gems/ruby-1.9.3-p194/gems/activerecord-3.2.8/lib/active_record/fixtures.rb:579:in `table_rows'
    /usr/local/rvm/gems/ruby-1.9.3-p194/gems/activerecord-3.2.8/lib/active_record/fixtures.rb:494:in `block (3 levels) in create_fixtures'
    /usr/local/rvm/gems/ruby-1.9.3-p194/gems/activerecord-3.2.8/lib/active_record/fixtures.rb:492:in `each'
    /usr/local/rvm/gems/ruby-1.9.3-p194/gems/activerecord-3.2.8/lib/active_record/fixtures.rb:492:in `block (2 levels) in create_fixtures'
    /usr/local/rvm/gems/ruby-1.9.3-p194/gems/activerecord-3.2.8/lib/active_record/connection_adapters/abstract/database_statements.rb:192:in `transaction'
    /usr/local/rvm/gems/ruby-1.9.3-p194/gems/activerecord-3.2.8/lib/active_record/fixtures.rb:491:in `block in create_fixtures'
    /usr/local/rvm/gems/ruby-1.9.3-p194/gems/activerecord-3.2.8/lib/active_record/connection_adapters/abstract_adapter.rb:168:in `disable_referential_integrity'
    /usr/local/rvm/gems/ruby-1.9.3-p194/gems/activerecord-3.2.8/lib/active_record/fixtures.rb:476:in `create_fixtures'
    /usr/local/rvm/gems/ruby-1.9.3-p194/gems/activerecord-3.2.8/lib/active_record/fixtures.rb:895:in `load_fixtures'
    /usr/local/rvm/gems/ruby-1.9.3-p194/gems/activerecord-3.2.8/lib/active_record/fixtures.rb:849:in `setup_fixtures'
    /usr/local/rvm/gems/ruby-1.9.3-p194/gems/activesupport-3.2.8/lib/active_support/callbacks.rb:429:in `_run__79115180__setup__87716103__callbacks'
    /usr/local/rvm/gems/ruby-1.9.3-p194/gems/activesupport-3.2.8/lib/active_support/callbacks.rb:405:in `__run_callback'
    /usr/local/rvm/gems/ruby-1.9.3-p194/gems/activesupport-3.2.8/lib/active_support/callbacks.rb:385:in `_run_setup_callbacks'
    /usr/local/rvm/gems/ruby-1.9.3-p194/gems/activesupport-3.2.8/lib/active_support/callbacks.rb:81:in `run_callbacks'
    /usr/local/rvm/gems/ruby-1.9.3-p194/gems/activesupport-3.2.8/lib/active_support/testing/setup_and_teardown.rb:35:in `run'

  6) Error:
test_should_show_user(UsersControllerTest):
ActiveRecord::StatementInvalid: Could not find table 'users'
    /usr/local/rvm/gems/ruby-1.9.3-p194/gems/activerecord-3.2.8/lib/active_record/connection_adapters/sqlite_adapter.rb:472:in `table_structure'
    /usr/local/rvm/gems/ruby-1.9.3-p194/gems/activerecord-3.2.8/lib/active_record/connection_adapters/sqlite_adapter.rb:346:in `columns'
    /usr/local/rvm/gems/ruby-1.9.3-p194/gems/activerecord-3.2.8/lib/active_record/fixtures.rb:660:in `column_names'
    /usr/local/rvm/gems/ruby-1.9.3-p194/gems/activerecord-3.2.8/lib/active_record/fixtures.rb:652:in `timestamp_column_names'
    /usr/local/rvm/gems/ruby-1.9.3-p194/gems/activerecord-3.2.8/lib/active_record/fixtures.rb:585:in `block in table_rows'
    /usr/local/rvm/gems/ruby-1.9.3-p194/gems/activerecord-3.2.8/lib/active_record/fixtures.rb:579:in `each'
    /usr/local/rvm/gems/ruby-1.9.3-p194/gems/activerecord-3.2.8/lib/active_record/fixtures.rb:579:in `map'
    /usr/local/rvm/gems/ruby-1.9.3-p194/gems/activerecord-3.2.8/lib/active_record/fixtures.rb:579:in `table_rows'
    /usr/local/rvm/gems/ruby-1.9.3-p194/gems/activerecord-3.2.8/lib/active_record/fixtures.rb:494:in `block (3 levels) in create_fixtures'
    /usr/local/rvm/gems/ruby-1.9.3-p194/gems/activerecord-3.2.8/lib/active_record/fixtures.rb:492:in `each'
    /usr/local/rvm/gems/ruby-1.9.3-p194/gems/activerecord-3.2.8/lib/active_record/fixtures.rb:492:in `block (2 levels) in create_fixtures'
    /usr/local/rvm/gems/ruby-1.9.3-p194/gems/activerecord-3.2.8/lib/active_record/connection_adapters/abstract/database_statements.rb:192:in `transaction'
    /usr/local/rvm/gems/ruby-1.9.3-p194/gems/activerecord-3.2.8/lib/active_record/fixtures.rb:491:in `block in create_fixtures'
    /usr/local/rvm/gems/ruby-1.9.3-p194/gems/activerecord-3.2.8/lib/active_record/connection_adapters/abstract_adapter.rb:168:in `disable_referential_integrity'
    /usr/local/rvm/gems/ruby-1.9.3-p194/gems/activerecord-3.2.8/lib/active_record/fixtures.rb:476:in `create_fixtures'
    /usr/local/rvm/gems/ruby-1.9.3-p194/gems/activerecord-3.2.8/lib/active_record/fixtures.rb:895:in `load_fixtures'
    /usr/local/rvm/gems/ruby-1.9.3-p194/gems/activerecord-3.2.8/lib/active_record/fixtures.rb:849:in `setup_fixtures'
    /usr/local/rvm/gems/ruby-1.9.3-p194/gems/activesupport-3.2.8/lib/active_support/callbacks.rb:429:in `_run__79115180__setup__87716103__callbacks'
    /usr/local/rvm/gems/ruby-1.9.3-p194/gems/activesupport-3.2.8/lib/active_support/callbacks.rb:405:in `__run_callback'
    /usr/local/rvm/gems/ruby-1.9.3-p194/gems/activesupport-3.2.8/lib/active_support/callbacks.rb:385:in `_run_setup_callbacks'
    /usr/local/rvm/gems/ruby-1.9.3-p194/gems/activesupport-3.2.8/lib/active_support/callbacks.rb:81:in `run_callbacks'
    /usr/local/rvm/gems/ruby-1.9.3-p194/gems/activesupport-3.2.8/lib/active_support/testing/setup_and_teardown.rb:35:in `run'

  7) Error:
test_should_update_user(UsersControllerTest):
ActiveRecord::StatementInvalid: Could not find table 'users'
    /usr/local/rvm/gems/ruby-1.9.3-p194/gems/activerecord-3.2.8/lib/active_record/connection_adapters/sqlite_adapter.rb:472:in `table_structure'
    /usr/local/rvm/gems/ruby-1.9.3-p194/gems/activerecord-3.2.8/lib/active_record/connection_adapters/sqlite_adapter.rb:346:in `columns'
    /usr/local/rvm/gems/ruby-1.9.3-p194/gems/activerecord-3.2.8/lib/active_record/fixtures.rb:660:in `column_names'
    /usr/local/rvm/gems/ruby-1.9.3-p194/gems/activerecord-3.2.8/lib/active_record/fixtures.rb:652:in `timestamp_column_names'
    /usr/local/rvm/gems/ruby-1.9.3-p194/gems/activerecord-3.2.8/lib/active_record/fixtures.rb:585:in `block in table_rows'
    /usr/local/rvm/gems/ruby-1.9.3-p194/gems/activerecord-3.2.8/lib/active_record/fixtures.rb:579:in `each'
    /usr/local/rvm/gems/ruby-1.9.3-p194/gems/activerecord-3.2.8/lib/active_record/fixtures.rb:579:in `map'
    /usr/local/rvm/gems/ruby-1.9.3-p194/gems/activerecord-3.2.8/lib/active_record/fixtures.rb:579:in `table_rows'
    /usr/local/rvm/gems/ruby-1.9.3-p194/gems/activerecord-3.2.8/lib/active_record/fixtures.rb:494:in `block (3 levels) in create_fixtures'
    /usr/local/rvm/gems/ruby-1.9.3-p194/gems/activerecord-3.2.8/lib/active_record/fixtures.rb:492:in `each'
    /usr/local/rvm/gems/ruby-1.9.3-p194/gems/activerecord-3.2.8/lib/active_record/fixtures.rb:492:in `block (2 levels) in create_fixtures'
    /usr/local/rvm/gems/ruby-1.9.3-p194/gems/activerecord-3.2.8/lib/active_record/connection_adapters/abstract/database_statements.rb:192:in `transaction'
    /usr/local/rvm/gems/ruby-1.9.3-p194/gems/activerecord-3.2.8/lib/active_record/fixtures.rb:491:in `block in create_fixtures'
    /usr/local/rvm/gems/ruby-1.9.3-p194/gems/activerecord-3.2.8/lib/active_record/connection_adapters/abstract_adapter.rb:168:in `disable_referential_integrity'
    /usr/local/rvm/gems/ruby-1.9.3-p194/gems/activerecord-3.2.8/lib/active_record/fixtures.rb:476:in `create_fixtures'
    /usr/local/rvm/gems/ruby-1.9.3-p194/gems/activerecord-3.2.8/lib/active_record/fixtures.rb:895:in `load_fixtures'
    /usr/local/rvm/gems/ruby-1.9.3-p194/gems/activerecord-3.2.8/lib/active_record/fixtures.rb:849:in `setup_fixtures'
    /usr/local/rvm/gems/ruby-1.9.3-p194/gems/activesupport-3.2.8/lib/active_support/callbacks.rb:429:in `_run__79115180__setup__87716103__callbacks'
    /usr/local/rvm/gems/ruby-1.9.3-p194/gems/activesupport-3.2.8/lib/active_support/callbacks.rb:405:in `__run_callback'
    /usr/local/rvm/gems/ruby-1.9.3-p194/gems/activesupport-3.2.8/lib/active_support/callbacks.rb:385:in `_run_setup_callbacks'
    /usr/local/rvm/gems/ruby-1.9.3-p194/gems/activesupport-3.2.8/lib/active_support/callbacks.rb:81:in `run_callbacks'
    /usr/local/rvm/gems/ruby-1.9.3-p194/gems/activesupport-3.2.8/lib/active_support/testing/setup_and_teardown.rb:35:in `run'

7 tests, 0 assertions, 0 failures, 7 errors, 0 skips
Run options: -n "/^(test_should_create_micropost|test_should_destroy_micropost|test_should_get_edit|test_should_get_index|test_should_get_new|test_should_show_micropost|test_should_update_micropost)$/"

# Running tests:

EEEEEEE

Finished tests in 0.097494s, 71.7991 tests/s, 0.0000 assertions/s.

  1) Error:
test_should_create_micropost(MicropostsControllerTest):
ActiveRecord::StatementInvalid: Could not find table 'users'
    /usr/local/rvm/gems/ruby-1.9.3-p194/gems/activerecord-3.2.8/lib/active_record/connection_adapters/sqlite_adapter.rb:472:in `table_structure'
    /usr/local/rvm/gems/ruby-1.9.3-p194/gems/activerecord-3.2.8/lib/active_record/connection_adapters/sqlite_adapter.rb:346:in `columns'
    /usr/local/rvm/gems/ruby-1.9.3-p194/gems/activerecord-3.2.8/lib/active_record/fixtures.rb:660:in `column_names'
    /usr/local/rvm/gems/ruby-1.9.3-p194/gems/activerecord-3.2.8/lib/active_record/fixtures.rb:652:in `timestamp_column_names'
    /usr/local/rvm/gems/ruby-1.9.3-p194/gems/activerecord-3.2.8/lib/active_record/fixtures.rb:585:in `block in table_rows'
    /usr/local/rvm/gems/ruby-1.9.3-p194/gems/activerecord-3.2.8/lib/active_record/fixtures.rb:579:in `each'
    /usr/local/rvm/gems/ruby-1.9.3-p194/gems/activerecord-3.2.8/lib/active_record/fixtures.rb:579:in `map'
    /usr/local/rvm/gems/ruby-1.9.3-p194/gems/activerecord-3.2.8/lib/active_record/fixtures.rb:579:in `table_rows'
    /usr/local/rvm/gems/ruby-1.9.3-p194/gems/activerecord-3.2.8/lib/active_record/fixtures.rb:494:in `block (3 levels) in create_fixtures'
    /usr/local/rvm/gems/ruby-1.9.3-p194/gems/activerecord-3.2.8/lib/active_record/fixtures.rb:492:in `each'
    /usr/local/rvm/gems/ruby-1.9.3-p194/gems/activerecord-3.2.8/lib/active_record/fixtures.rb:492:in `block (2 levels) in create_fixtures'
    /usr/local/rvm/gems/ruby-1.9.3-p194/gems/activerecord-3.2.8/lib/active_record/connection_adapters/abstract/database_statements.rb:192:in `transaction'
    /usr/local/rvm/gems/ruby-1.9.3-p194/gems/activerecord-3.2.8/lib/active_record/fixtures.rb:491:in `block in create_fixtures'
    /usr/local/rvm/gems/ruby-1.9.3-p194/gems/activerecord-3.2.8/lib/active_record/connection_adapters/abstract_adapter.rb:168:in `disable_referential_integrity'
    /usr/local/rvm/gems/ruby-1.9.3-p194/gems/activerecord-3.2.8/lib/active_record/fixtures.rb:476:in `create_fixtures'
    /usr/local/rvm/gems/ruby-1.9.3-p194/gems/activerecord-3.2.8/lib/active_record/fixtures.rb:895:in `load_fixtures'
    /usr/local/rvm/gems/ruby-1.9.3-p194/gems/activerecord-3.2.8/lib/active_record/fixtures.rb:849:in `setup_fixtures'
    /usr/local/rvm/gems/ruby-1.9.3-p194/gems/activesupport-3.2.8/lib/active_support/callbacks.rb:429:in `_run__762991056__setup__64928377__callbacks'
    /usr/local/rvm/gems/ruby-1.9.3-p194/gems/activesupport-3.2.8/lib/active_support/callbacks.rb:405:in `__run_callback'
    /usr/local/rvm/gems/ruby-1.9.3-p194/gems/activesupport-3.2.8/lib/active_support/callbacks.rb:385:in `_run_setup_callbacks'
    /usr/local/rvm/gems/ruby-1.9.3-p194/gems/activesupport-3.2.8/lib/active_support/callbacks.rb:81:in `run_callbacks'
    /usr/local/rvm/gems/ruby-1.9.3-p194/gems/activesupport-3.2.8/lib/active_support/testing/setup_and_teardown.rb:35:in `run'

  2) Error:
test_should_destroy_micropost(MicropostsControllerTest):
ActiveRecord::StatementInvalid: Could not find table 'users'
    /usr/local/rvm/gems/ruby-1.9.3-p194/gems/activerecord-3.2.8/lib/active_record/connection_adapters/sqlite_adapter.rb:472:in `table_structure'
    /usr/local/rvm/gems/ruby-1.9.3-p194/gems/activerecord-3.2.8/lib/active_record/connection_adapters/sqlite_adapter.rb:346:in `columns'
    /usr/local/rvm/gems/ruby-1.9.3-p194/gems/activerecord-3.2.8/lib/active_record/fixtures.rb:660:in `column_names'
    /usr/local/rvm/gems/ruby-1.9.3-p194/gems/activerecord-3.2.8/lib/active_record/fixtures.rb:652:in `timestamp_column_names'
    /usr/local/rvm/gems/ruby-1.9.3-p194/gems/activerecord-3.2.8/lib/active_record/fixtures.rb:585:in `block in table_rows'
    /usr/local/rvm/gems/ruby-1.9.3-p194/gems/activerecord-3.2.8/lib/active_record/fixtures.rb:579:in `each'
    /usr/local/rvm/gems/ruby-1.9.3-p194/gems/activerecord-3.2.8/lib/active_record/fixtures.rb:579:in `map'
    /usr/local/rvm/gems/ruby-1.9.3-p194/gems/activerecord-3.2.8/lib/active_record/fixtures.rb:579:in `table_rows'
    /usr/local/rvm/gems/ruby-1.9.3-p194/gems/activerecord-3.2.8/lib/active_record/fixtures.rb:494:in `block (3 levels) in create_fixtures'
    /usr/local/rvm/gems/ruby-1.9.3-p194/gems/activerecord-3.2.8/lib/active_record/fixtures.rb:492:in `each'
    /usr/local/rvm/gems/ruby-1.9.3-p194/gems/activerecord-3.2.8/lib/active_record/fixtures.rb:492:in `block (2 levels) in create_fixtures'
    /usr/local/rvm/gems/ruby-1.9.3-p194/gems/activerecord-3.2.8/lib/active_record/connection_adapters/abstract/database_statements.rb:192:in `transaction'
    /usr/local/rvm/gems/ruby-1.9.3-p194/gems/activerecord-3.2.8/lib/active_record/fixtures.rb:491:in `block in create_fixtures'
    /usr/local/rvm/gems/ruby-1.9.3-p194/gems/activerecord-3.2.8/lib/active_record/connection_adapters/abstract_adapter.rb:168:in `disable_referential_integrity'
    /usr/local/rvm/gems/ruby-1.9.3-p194/gems/activerecord-3.2.8/lib/active_record/fixtures.rb:476:in `create_fixtures'
    /usr/local/rvm/gems/ruby-1.9.3-p194/gems/activerecord-3.2.8/lib/active_record/fixtures.rb:895:in `load_fixtures'
    /usr/local/rvm/gems/ruby-1.9.3-p194/gems/activerecord-3.2.8/lib/active_record/fixtures.rb:849:in `setup_fixtures'
    /usr/local/rvm/gems/ruby-1.9.3-p194/gems/activesupport-3.2.8/lib/active_support/callbacks.rb:429:in `_run__762991056__setup__64928377__callbacks'
    /usr/local/rvm/gems/ruby-1.9.3-p194/gems/activesupport-3.2.8/lib/active_support/callbacks.rb:405:in `__run_callback'
    /usr/local/rvm/gems/ruby-1.9.3-p194/gems/activesupport-3.2.8/lib/active_support/callbacks.rb:385:in `_run_setup_callbacks'
    /usr/local/rvm/gems/ruby-1.9.3-p194/gems/activesupport-3.2.8/lib/active_support/callbacks.rb:81:in `run_callbacks'
    /usr/local/rvm/gems/ruby-1.9.3-p194/gems/activesupport-3.2.8/lib/active_support/testing/setup_and_teardown.rb:35:in `run'

  3) Error:
test_should_get_edit(MicropostsControllerTest):
ActiveRecord::StatementInvalid: Could not find table 'users'
    /usr/local/rvm/gems/ruby-1.9.3-p194/gems/activerecord-3.2.8/lib/active_record/connection_adapters/sqlite_adapter.rb:472:in `table_structure'
    /usr/local/rvm/gems/ruby-1.9.3-p194/gems/activerecord-3.2.8/lib/active_record/connection_adapters/sqlite_adapter.rb:346:in `columns'
    /usr/local/rvm/gems/ruby-1.9.3-p194/gems/activerecord-3.2.8/lib/active_record/fixtures.rb:660:in `column_names'
    /usr/local/rvm/gems/ruby-1.9.3-p194/gems/activerecord-3.2.8/lib/active_record/fixtures.rb:652:in `timestamp_column_names'
    /usr/local/rvm/gems/ruby-1.9.3-p194/gems/activerecord-3.2.8/lib/active_record/fixtures.rb:585:in `block in table_rows'
    /usr/local/rvm/gems/ruby-1.9.3-p194/gems/activerecord-3.2.8/lib/active_record/fixtures.rb:579:in `each'
    /usr/local/rvm/gems/ruby-1.9.3-p194/gems/activerecord-3.2.8/lib/active_record/fixtures.rb:579:in `map'
    /usr/local/rvm/gems/ruby-1.9.3-p194/gems/activerecord-3.2.8/lib/active_record/fixtures.rb:579:in `table_rows'
    /usr/local/rvm/gems/ruby-1.9.3-p194/gems/activerecord-3.2.8/lib/active_record/fixtures.rb:494:in `block (3 levels) in create_fixtures'
    /usr/local/rvm/gems/ruby-1.9.3-p194/gems/activerecord-3.2.8/lib/active_record/fixtures.rb:492:in `each'
    /usr/local/rvm/gems/ruby-1.9.3-p194/gems/activerecord-3.2.8/lib/active_record/fixtures.rb:492:in `block (2 levels) in create_fixtures'
    /usr/local/rvm/gems/ruby-1.9.3-p194/gems/activerecord-3.2.8/lib/active_record/connection_adapters/abstract/database_statements.rb:192:in `transaction'
    /usr/local/rvm/gems/ruby-1.9.3-p194/gems/activerecord-3.2.8/lib/active_record/fixtures.rb:491:in `block in create_fixtures'
    /usr/local/rvm/gems/ruby-1.9.3-p194/gems/activerecord-3.2.8/lib/active_record/connection_adapters/abstract_adapter.rb:168:in `disable_referential_integrity'
    /usr/local/rvm/gems/ruby-1.9.3-p194/gems/activerecord-3.2.8/lib/active_record/fixtures.rb:476:in `create_fixtures'
    /usr/local/rvm/gems/ruby-1.9.3-p194/gems/activerecord-3.2.8/lib/active_record/fixtures.rb:895:in `load_fixtures'
    /usr/local/rvm/gems/ruby-1.9.3-p194/gems/activerecord-3.2.8/lib/active_record/fixtures.rb:849:in `setup_fixtures'
    /usr/local/rvm/gems/ruby-1.9.3-p194/gems/activesupport-3.2.8/lib/active_support/callbacks.rb:429:in `_run__762991056__setup__64928377__callbacks'
    /usr/local/rvm/gems/ruby-1.9.3-p194/gems/activesupport-3.2.8/lib/active_support/callbacks.rb:405:in `__run_callback'
    /usr/local/rvm/gems/ruby-1.9.3-p194/gems/activesupport-3.2.8/lib/active_support/callbacks.rb:385:in `_run_setup_callbacks'
    /usr/local/rvm/gems/ruby-1.9.3-p194/gems/activesupport-3.2.8/lib/active_support/callbacks.rb:81:in `run_callbacks'
    /usr/local/rvm/gems/ruby-1.9.3-p194/gems/activesupport-3.2.8/lib/active_support/testing/setup_and_teardown.rb:35:in `run'

  4) Error:
test_should_get_index(MicropostsControllerTest):
ActiveRecord::StatementInvalid: Could not find table 'users'
    /usr/local/rvm/gems/ruby-1.9.3-p194/gems/activerecord-3.2.8/lib/active_record/connection_adapters/sqlite_adapter.rb:472:in `table_structure'
    /usr/local/rvm/gems/ruby-1.9.3-p194/gems/activerecord-3.2.8/lib/active_record/connection_adapters/sqlite_adapter.rb:346:in `columns'
    /usr/local/rvm/gems/ruby-1.9.3-p194/gems/activerecord-3.2.8/lib/active_record/fixtures.rb:660:in `column_names'
    /usr/local/rvm/gems/ruby-1.9.3-p194/gems/activerecord-3.2.8/lib/active_record/fixtures.rb:652:in `timestamp_column_names'
    /usr/local/rvm/gems/ruby-1.9.3-p194/gems/activerecord-3.2.8/lib/active_record/fixtures.rb:585:in `block in table_rows'
    /usr/local/rvm/gems/ruby-1.9.3-p194/gems/activerecord-3.2.8/lib/active_record/fixtures.rb:579:in `each'
    /usr/local/rvm/gems/ruby-1.9.3-p194/gems/activerecord-3.2.8/lib/active_record/fixtures.rb:579:in `map'
    /usr/local/rvm/gems/ruby-1.9.3-p194/gems/activerecord-3.2.8/lib/active_record/fixtures.rb:579:in `table_rows'
    /usr/local/rvm/gems/ruby-1.9.3-p194/gems/activerecord-3.2.8/lib/active_record/fixtures.rb:494:in `block (3 levels) in create_fixtures'
    /usr/local/rvm/gems/ruby-1.9.3-p194/gems/activerecord-3.2.8/lib/active_record/fixtures.rb:492:in `each'
    /usr/local/rvm/gems/ruby-1.9.3-p194/gems/activerecord-3.2.8/lib/active_record/fixtures.rb:492:in `block (2 levels) in create_fixtures'
    /usr/local/rvm/gems/ruby-1.9.3-p194/gems/activerecord-3.2.8/lib/active_record/connection_adapters/abstract/database_statements.rb:192:in `transaction'
    /usr/local/rvm/gems/ruby-1.9.3-p194/gems/activerecord-3.2.8/lib/active_record/fixtures.rb:491:in `block in create_fixtures'
    /usr/local/rvm/gems/ruby-1.9.3-p194/gems/activerecord-3.2.8/lib/active_record/connection_adapters/abstract_adapter.rb:168:in `disable_referential_integrity'
    /usr/local/rvm/gems/ruby-1.9.3-p194/gems/activerecord-3.2.8/lib/active_record/fixtures.rb:476:in `create_fixtures'
    /usr/local/rvm/gems/ruby-1.9.3-p194/gems/activerecord-3.2.8/lib/active_record/fixtures.rb:895:in `load_fixtures'
    /usr/local/rvm/gems/ruby-1.9.3-p194/gems/activerecord-3.2.8/lib/active_record/fixtures.rb:849:in `setup_fixtures'
    /usr/local/rvm/gems/ruby-1.9.3-p194/gems/activesupport-3.2.8/lib/active_support/callbacks.rb:429:in `_run__762991056__setup__64928377__callbacks'
    /usr/local/rvm/gems/ruby-1.9.3-p194/gems/activesupport-3.2.8/lib/active_support/callbacks.rb:405:in `__run_callback'
    /usr/local/rvm/gems/ruby-1.9.3-p194/gems/activesupport-3.2.8/lib/active_support/callbacks.rb:385:in `_run_setup_callbacks'
    /usr/local/rvm/gems/ruby-1.9.3-p194/gems/activesupport-3.2.8/lib/active_support/callbacks.rb:81:in `run_callbacks'
    /usr/local/rvm/gems/ruby-1.9.3-p194/gems/activesupport-3.2.8/lib/active_support/testing/setup_and_teardown.rb:35:in `run'

  5) Error:
test_should_get_new(MicropostsControllerTest):
ActiveRecord::StatementInvalid: Could not find table 'users'
    /usr/local/rvm/gems/ruby-1.9.3-p194/gems/activerecord-3.2.8/lib/active_record/connection_adapters/sqlite_adapter.rb:472:in `table_structure'
    /usr/local/rvm/gems/ruby-1.9.3-p194/gems/activerecord-3.2.8/lib/active_record/connection_adapters/sqlite_adapter.rb:346:in `columns'
    /usr/local/rvm/gems/ruby-1.9.3-p194/gems/activerecord-3.2.8/lib/active_record/fixtures.rb:660:in `column_names'
    /usr/local/rvm/gems/ruby-1.9.3-p194/gems/activerecord-3.2.8/lib/active_record/fixtures.rb:652:in `timestamp_column_names'
    /usr/local/rvm/gems/ruby-1.9.3-p194/gems/activerecord-3.2.8/lib/active_record/fixtures.rb:585:in `block in table_rows'
    /usr/local/rvm/gems/ruby-1.9.3-p194/gems/activerecord-3.2.8/lib/active_record/fixtures.rb:579:in `each'
    /usr/local/rvm/gems/ruby-1.9.3-p194/gems/activerecord-3.2.8/lib/active_record/fixtures.rb:579:in `map'
    /usr/local/rvm/gems/ruby-1.9.3-p194/gems/activerecord-3.2.8/lib/active_record/fixtures.rb:579:in `table_rows'
    /usr/local/rvm/gems/ruby-1.9.3-p194/gems/activerecord-3.2.8/lib/active_record/fixtures.rb:494:in `block (3 levels) in create_fixtures'
    /usr/local/rvm/gems/ruby-1.9.3-p194/gems/activerecord-3.2.8/lib/active_record/fixtures.rb:492:in `each'
    /usr/local/rvm/gems/ruby-1.9.3-p194/gems/activerecord-3.2.8/lib/active_record/fixtures.rb:492:in `block (2 levels) in create_fixtures'
    /usr/local/rvm/gems/ruby-1.9.3-p194/gems/activerecord-3.2.8/lib/active_record/connection_adapters/abstract/database_statements.rb:192:in `transaction'
    /usr/local/rvm/gems/ruby-1.9.3-p194/gems/activerecord-3.2.8/lib/active_record/fixtures.rb:491:in `block in create_fixtures'
    /usr/local/rvm/gems/ruby-1.9.3-p194/gems/activerecord-3.2.8/lib/active_record/connection_adapters/abstract_adapter.rb:168:in `disable_referential_integrity'
    /usr/local/rvm/gems/ruby-1.9.3-p194/gems/activerecord-3.2.8/lib/active_record/fixtures.rb:476:in `create_fixtures'
    /usr/local/rvm/gems/ruby-1.9.3-p194/gems/activerecord-3.2.8/lib/active_record/fixtures.rb:895:in `load_fixtures'
    /usr/local/rvm/gems/ruby-1.9.3-p194/gems/activerecord-3.2.8/lib/active_record/fixtures.rb:849:in `setup_fixtures'
    /usr/local/rvm/gems/ruby-1.9.3-p194/gems/activesupport-3.2.8/lib/active_support/callbacks.rb:429:in `_run__762991056__setup__64928377__callbacks'
    /usr/local/rvm/gems/ruby-1.9.3-p194/gems/activesupport-3.2.8/lib/active_support/callbacks.rb:405:in `__run_callback'
    /usr/local/rvm/gems/ruby-1.9.3-p194/gems/activesupport-3.2.8/lib/active_support/callbacks.rb:385:in `_run_setup_callbacks'
    /usr/local/rvm/gems/ruby-1.9.3-p194/gems/activesupport-3.2.8/lib/active_support/callbacks.rb:81:in `run_callbacks'
    /usr/local/rvm/gems/ruby-1.9.3-p194/gems/activesupport-3.2.8/lib/active_support/testing/setup_and_teardown.rb:35:in `run'

  6) Error:
test_should_show_micropost(MicropostsControllerTest):
ActiveRecord::StatementInvalid: Could not find table 'users'
    /usr/local/rvm/gems/ruby-1.9.3-p194/gems/activerecord-3.2.8/lib/active_record/connection_adapters/sqlite_adapter.rb:472:in `table_structure'
    /usr/local/rvm/gems/ruby-1.9.3-p194/gems/activerecord-3.2.8/lib/active_record/connection_adapters/sqlite_adapter.rb:346:in `columns'
    /usr/local/rvm/gems/ruby-1.9.3-p194/gems/activerecord-3.2.8/lib/active_record/fixtures.rb:660:in `column_names'
    /usr/local/rvm/gems/ruby-1.9.3-p194/gems/activerecord-3.2.8/lib/active_record/fixtures.rb:652:in `timestamp_column_names'
    /usr/local/rvm/gems/ruby-1.9.3-p194/gems/activerecord-3.2.8/lib/active_record/fixtures.rb:585:in `block in table_rows'
    /usr/local/rvm/gems/ruby-1.9.3-p194/gems/activerecord-3.2.8/lib/active_record/fixtures.rb:579:in `each'
    /usr/local/rvm/gems/ruby-1.9.3-p194/gems/activerecord-3.2.8/lib/active_record/fixtures.rb:579:in `map'
    /usr/local/rvm/gems/ruby-1.9.3-p194/gems/activerecord-3.2.8/lib/active_record/fixtures.rb:579:in `table_rows'
    /usr/local/rvm/gems/ruby-1.9.3-p194/gems/activerecord-3.2.8/lib/active_record/fixtures.rb:494:in `block (3 levels) in create_fixtures'
    /usr/local/rvm/gems/ruby-1.9.3-p194/gems/activerecord-3.2.8/lib/active_record/fixtures.rb:492:in `each'
    /usr/local/rvm/gems/ruby-1.9.3-p194/gems/activerecord-3.2.8/lib/active_record/fixtures.rb:492:in `block (2 levels) in create_fixtures'
    /usr/local/rvm/gems/ruby-1.9.3-p194/gems/activerecord-3.2.8/lib/active_record/connection_adapters/abstract/database_statements.rb:192:in `transaction'
    /usr/local/rvm/gems/ruby-1.9.3-p194/gems/activerecord-3.2.8/lib/active_record/fixtures.rb:491:in `block in create_fixtures'
    /usr/local/rvm/gems/ruby-1.9.3-p194/gems/activerecord-3.2.8/lib/active_record/connection_adapters/abstract_adapter.rb:168:in `disable_referential_integrity'
    /usr/local/rvm/gems/ruby-1.9.3-p194/gems/activerecord-3.2.8/lib/active_record/fixtures.rb:476:in `create_fixtures'
    /usr/local/rvm/gems/ruby-1.9.3-p194/gems/activerecord-3.2.8/lib/active_record/fixtures.rb:895:in `load_fixtures'
    /usr/local/rvm/gems/ruby-1.9.3-p194/gems/activerecord-3.2.8/lib/active_record/fixtures.rb:849:in `setup_fixtures'
    /usr/local/rvm/gems/ruby-1.9.3-p194/gems/activesupport-3.2.8/lib/active_support/callbacks.rb:429:in `_run__762991056__setup__64928377__callbacks'
    /usr/local/rvm/gems/ruby-1.9.3-p194/gems/activesupport-3.2.8/lib/active_support/callbacks.rb:405:in `__run_callback'
    /usr/local/rvm/gems/ruby-1.9.3-p194/gems/activesupport-3.2.8/lib/active_support/callbacks.rb:385:in `_run_setup_callbacks'
    /usr/local/rvm/gems/ruby-1.9.3-p194/gems/activesupport-3.2.8/lib/active_support/callbacks.rb:81:in `run_callbacks'
    /usr/local/rvm/gems/ruby-1.9.3-p194/gems/activesupport-3.2.8/lib/active_support/testing/setup_and_teardown.rb:35:in `run'

  7) Error:
test_should_update_micropost(MicropostsControllerTest):
ActiveRecord::StatementInvalid: Could not find table 'users'
    /usr/local/rvm/gems/ruby-1.9.3-p194/gems/activerecord-3.2.8/lib/active_record/connection_adapters/sqlite_adapter.rb:472:in `table_structure'
    /usr/local/rvm/gems/ruby-1.9.3-p194/gems/activerecord-3.2.8/lib/active_record/connection_adapters/sqlite_adapter.rb:346:in `columns'
    /usr/local/rvm/gems/ruby-1.9.3-p194/gems/activerecord-3.2.8/lib/active_record/fixtures.rb:660:in `column_names'
    /usr/local/rvm/gems/ruby-1.9.3-p194/gems/activerecord-3.2.8/lib/active_record/fixtures.rb:652:in `timestamp_column_names'
    /usr/local/rvm/gems/ruby-1.9.3-p194/gems/activerecord-3.2.8/lib/active_record/fixtures.rb:585:in `block in table_rows'
    /usr/local/rvm/gems/ruby-1.9.3-p194/gems/activerecord-3.2.8/lib/active_record/fixtures.rb:579:in `each'
    /usr/local/rvm/gems/ruby-1.9.3-p194/gems/activerecord-3.2.8/lib/active_record/fixtures.rb:579:in `map'
    /usr/local/rvm/gems/ruby-1.9.3-p194/gems/activerecord-3.2.8/lib/active_record/fixtures.rb:579:in `table_rows'
    /usr/local/rvm/gems/ruby-1.9.3-p194/gems/activerecord-3.2.8/lib/active_record/fixtures.rb:494:in `block (3 levels) in create_fixtures'
    /usr/local/rvm/gems/ruby-1.9.3-p194/gems/activerecord-3.2.8/lib/active_record/fixtures.rb:492:in `each'
    /usr/local/rvm/gems/ruby-1.9.3-p194/gems/activerecord-3.2.8/lib/active_record/fixtures.rb:492:in `block (2 levels) in create_fixtures'
    /usr/local/rvm/gems/ruby-1.9.3-p194/gems/activerecord-3.2.8/lib/active_record/connection_adapters/abstract/database_statements.rb:192:in `transaction'
    /usr/local/rvm/gems/ruby-1.9.3-p194/gems/activerecord-3.2.8/lib/active_record/fixtures.rb:491:in `block in create_fixtures'
    /usr/local/rvm/gems/ruby-1.9.3-p194/gems/activerecord-3.2.8/lib/active_record/connection_adapters/abstract_adapter.rb:168:in `disable_referential_integrity'
    /usr/local/rvm/gems/ruby-1.9.3-p194/gems/activerecord-3.2.8/lib/active_record/fixtures.rb:476:in `create_fixtures'
    /usr/local/rvm/gems/ruby-1.9.3-p194/gems/activerecord-3.2.8/lib/active_record/fixtures.rb:895:in `load_fixtures'
    /usr/local/rvm/gems/ruby-1.9.3-p194/gems/activerecord-3.2.8/lib/active_record/fixtures.rb:849:in `setup_fixtures'
    /usr/local/rvm/gems/ruby-1.9.3-p194/gems/activesupport-3.2.8/lib/active_support/callbacks.rb:429:in `_run__762991056__setup__64928377__callbacks'
    /usr/local/rvm/gems/ruby-1.9.3-p194/gems/activesupport-3.2.8/lib/active_support/callbacks.rb:405:in `__run_callback'
    /usr/local/rvm/gems/ruby-1.9.3-p194/gems/activesupport-3.2.8/lib/active_support/callbacks.rb:385:in `_run_setup_callbacks'
    /usr/local/rvm/gems/ruby-1.9.3-p194/gems/activesupport-3.2.8/lib/active_support/callbacks.rb:81:in `run_callbacks'
    /usr/local/rvm/gems/ruby-1.9.3-p194/gems/activesupport-3.2.8/lib/active_support/testing/setup_and_teardown.rb:35:in `run'

7 tests, 0 assertions, 0 failures, 7 errors, 0 skips
/usr/local/rvm/rubies/ruby-1.9.3-p194/bin/ruby -I.:lib:test -rubygems test/functional/users_controller_test.rb -n "/^(test_should_create_user|test_should_destroy_user|test_should_get_edit|test_should_get_index|test_should_get_new|test_should_show_user|test_should_update_user)$/"; /usr/local/rvm/rubies/ruby-1.9.3-p194/bin/ruby -I.:lib:test -rubygems test/functional/pages_controller_test.rb -n "/^(test_should_get_contact|test_should_get_home)$/"; /usr/local/rvm/rubies/ruby-1.9.3-p194/bin/ruby -I.:lib:test -rubygems test/functional/microposts_controller_test.rb -n "/^(test_should_create_micropost|test_should_destroy_micropost|test_should_get_edit|test_should_get_index|test_should_get_new|test_should_show_micropost|test_should_update_micropost)$/"
Run options: -n "/^(test_should_create_user|test_should_destroy_user|test_should_get_edit|test_should_get_index|test_should_get_new|test_should_show_user|test_should_update_user)$/"

# Running tests:

EEEEEEE

Finished tests in 0.102303s, 68.4242 tests/s, 0.0000 assertions/s.

  1) Error:
test_should_create_user(UsersControllerTest):
ActiveRecord::StatementInvalid: Could not find table 'users'
    /usr/local/rvm/gems/ruby-1.9.3-p194/gems/activerecord-3.2.8/lib/active_record/connection_adapters/sqlite_adapter.rb:472:in `table_structure'
    /usr/local/rvm/gems/ruby-1.9.3-p194/gems/activerecord-3.2.8/lib/active_record/connection_adapters/sqlite_adapter.rb:346:in `columns'
    /usr/local/rvm/gems/ruby-1.9.3-p194/gems/activerecord-3.2.8/lib/active_record/fixtures.rb:660:in `column_names'
    /usr/local/rvm/gems/ruby-1.9.3-p194/gems/activerecord-3.2.8/lib/active_record/fixtures.rb:652:in `timestamp_column_names'
    /usr/local/rvm/gems/ruby-1.9.3-p194/gems/activerecord-3.2.8/lib/active_record/fixtures.rb:585:in `block in table_rows'
    /usr/local/rvm/gems/ruby-1.9.3-p194/gems/activerecord-3.2.8/lib/active_record/fixtures.rb:579:in `each'
    /usr/local/rvm/gems/ruby-1.9.3-p194/gems/activerecord-3.2.8/lib/active_record/fixtures.rb:579:in `map'
    /usr/local/rvm/gems/ruby-1.9.3-p194/gems/activerecord-3.2.8/lib/active_record/fixtures.rb:579:in `table_rows'
    /usr/local/rvm/gems/ruby-1.9.3-p194/gems/activerecord-3.2.8/lib/active_record/fixtures.rb:494:in `block (3 levels) in create_fixtures'
    /usr/local/rvm/gems/ruby-1.9.3-p194/gems/activerecord-3.2.8/lib/active_record/fixtures.rb:492:in `each'
    /usr/local/rvm/gems/ruby-1.9.3-p194/gems/activerecord-3.2.8/lib/active_record/fixtures.rb:492:in `block (2 levels) in create_fixtures'
    /usr/local/rvm/gems/ruby-1.9.3-p194/gems/activerecord-3.2.8/lib/active_record/connection_adapters/abstract/database_statements.rb:192:in `transaction'
    /usr/local/rvm/gems/ruby-1.9.3-p194/gems/activerecord-3.2.8/lib/active_record/fixtures.rb:491:in `block in create_fixtures'
    /usr/local/rvm/gems/ruby-1.9.3-p194/gems/activerecord-3.2.8/lib/active_record/connection_adapters/abstract_adapter.rb:168:in `disable_referential_integrity'
    /usr/local/rvm/gems/ruby-1.9.3-p194/gems/activerecord-3.2.8/lib/active_record/fixtures.rb:476:in `create_fixtures'
    /usr/local/rvm/gems/ruby-1.9.3-p194/gems/activerecord-3.2.8/lib/active_record/fixtures.rb:895:in `load_fixtures'
    /usr/local/rvm/gems/ruby-1.9.3-p194/gems/activerecord-3.2.8/lib/active_record/fixtures.rb:849:in `setup_fixtures'
    /usr/local/rvm/gems/ruby-1.9.3-p194/gems/activesupport-3.2.8/lib/active_support/callbacks.rb:429:in `_run__1062584255__setup__1008102521__callbacks'
    /usr/local/rvm/gems/ruby-1.9.3-p194/gems/activesupport-3.2.8/lib/active_support/callbacks.rb:405:in `__run_callback'
    /usr/local/rvm/gems/ruby-1.9.3-p194/gems/activesupport-3.2.8/lib/active_support/callbacks.rb:385:in `_run_setup_callbacks'
    /usr/local/rvm/gems/ruby-1.9.3-p194/gems/activesupport-3.2.8/lib/active_support/callbacks.rb:81:in `run_callbacks'
    /usr/local/rvm/gems/ruby-1.9.3-p194/gems/activesupport-3.2.8/lib/active_support/testing/setup_and_teardown.rb:35:in `run'

  2) Error:
test_should_destroy_user(UsersControllerTest):
ActiveRecord::StatementInvalid: Could not find table 'users'
    /usr/local/rvm/gems/ruby-1.9.3-p194/gems/activerecord-3.2.8/lib/active_record/connection_adapters/sqlite_adapter.rb:472:in `table_structure'
    /usr/local/rvm/gems/ruby-1.9.3-p194/gems/activerecord-3.2.8/lib/active_record/connection_adapters/sqlite_adapter.rb:346:in `columns'
    /usr/local/rvm/gems/ruby-1.9.3-p194/gems/activerecord-3.2.8/lib/active_record/fixtures.rb:660:in `column_names'
    /usr/local/rvm/gems/ruby-1.9.3-p194/gems/activerecord-3.2.8/lib/active_record/fixtures.rb:652:in `timestamp_column_names'
    /usr/local/rvm/gems/ruby-1.9.3-p194/gems/activerecord-3.2.8/lib/active_record/fixtures.rb:585:in `block in table_rows'
    /usr/local/rvm/gems/ruby-1.9.3-p194/gems/activerecord-3.2.8/lib/active_record/fixtures.rb:579:in `each'
    /usr/local/rvm/gems/ruby-1.9.3-p194/gems/activerecord-3.2.8/lib/active_record/fixtures.rb:579:in `map'
    /usr/local/rvm/gems/ruby-1.9.3-p194/gems/activerecord-3.2.8/lib/active_record/fixtures.rb:579:in `table_rows'
    /usr/local/rvm/gems/ruby-1.9.3-p194/gems/activerecord-3.2.8/lib/active_record/fixtures.rb:494:in `block (3 levels) in create_fixtures'
    /usr/local/rvm/gems/ruby-1.9.3-p194/gems/activerecord-3.2.8/lib/active_record/fixtures.rb:492:in `each'
    /usr/local/rvm/gems/ruby-1.9.3-p194/gems/activerecord-3.2.8/lib/active_record/fixtures.rb:492:in `block (2 levels) in create_fixtures'
    /usr/local/rvm/gems/ruby-1.9.3-p194/gems/activerecord-3.2.8/lib/active_record/connection_adapters/abstract/database_statements.rb:192:in `transaction'
    /usr/local/rvm/gems/ruby-1.9.3-p194/gems/activerecord-3.2.8/lib/active_record/fixtures.rb:491:in `block in create_fixtures'
    /usr/local/rvm/gems/ruby-1.9.3-p194/gems/activerecord-3.2.8/lib/active_record/connection_adapters/abstract_adapter.rb:168:in `disable_referential_integrity'
    /usr/local/rvm/gems/ruby-1.9.3-p194/gems/activerecord-3.2.8/lib/active_record/fixtures.rb:476:in `create_fixtures'
    /usr/local/rvm/gems/ruby-1.9.3-p194/gems/activerecord-3.2.8/lib/active_record/fixtures.rb:895:in `load_fixtures'
    /usr/local/rvm/gems/ruby-1.9.3-p194/gems/activerecord-3.2.8/lib/active_record/fixtures.rb:849:in `setup_fixtures'
    /usr/local/rvm/gems/ruby-1.9.3-p194/gems/activesupport-3.2.8/lib/active_support/callbacks.rb:429:in `_run__1062584255__setup__1008102521__callbacks'
    /usr/local/rvm/gems/ruby-1.9.3-p194/gems/activesupport-3.2.8/lib/active_support/callbacks.rb:405:in `__run_callback'
    /usr/local/rvm/gems/ruby-1.9.3-p194/gems/activesupport-3.2.8/lib/active_support/callbacks.rb:385:in `_run_setup_callbacks'
    /usr/local/rvm/gems/ruby-1.9.3-p194/gems/activesupport-3.2.8/lib/active_support/callbacks.rb:81:in `run_callbacks'
    /usr/local/rvm/gems/ruby-1.9.3-p194/gems/activesupport-3.2.8/lib/active_support/testing/setup_and_teardown.rb:35:in `run'

  3) Error:
test_should_get_edit(UsersControllerTest):
ActiveRecord::StatementInvalid: Could not find table 'users'
    /usr/local/rvm/gems/ruby-1.9.3-p194/gems/activerecord-3.2.8/lib/active_record/connection_adapters/sqlite_adapter.rb:472:in `table_structure'
    /usr/local/rvm/gems/ruby-1.9.3-p194/gems/activerecord-3.2.8/lib/active_record/connection_adapters/sqlite_adapter.rb:346:in `columns'
    /usr/local/rvm/gems/ruby-1.9.3-p194/gems/activerecord-3.2.8/lib/active_record/fixtures.rb:660:in `column_names'
    /usr/local/rvm/gems/ruby-1.9.3-p194/gems/activerecord-3.2.8/lib/active_record/fixtures.rb:652:in `timestamp_column_names'
    /usr/local/rvm/gems/ruby-1.9.3-p194/gems/activerecord-3.2.8/lib/active_record/fixtures.rb:585:in `block in table_rows'
    /usr/local/rvm/gems/ruby-1.9.3-p194/gems/activerecord-3.2.8/lib/active_record/fixtures.rb:579:in `each'
    /usr/local/rvm/gems/ruby-1.9.3-p194/gems/activerecord-3.2.8/lib/active_record/fixtures.rb:579:in `map'
    /usr/local/rvm/gems/ruby-1.9.3-p194/gems/activerecord-3.2.8/lib/active_record/fixtures.rb:579:in `table_rows'
    /usr/local/rvm/gems/ruby-1.9.3-p194/gems/activerecord-3.2.8/lib/active_record/fixtures.rb:494:in `block (3 levels) in create_fixtures'
    /usr/local/rvm/gems/ruby-1.9.3-p194/gems/activerecord-3.2.8/lib/active_record/fixtures.rb:492:in `each'
    /usr/local/rvm/gems/ruby-1.9.3-p194/gems/activerecord-3.2.8/lib/active_record/fixtures.rb:492:in `block (2 levels) in create_fixtures'
    /usr/local/rvm/gems/ruby-1.9.3-p194/gems/activerecord-3.2.8/lib/active_record/connection_adapters/abstract/database_statements.rb:192:in `transaction'
    /usr/local/rvm/gems/ruby-1.9.3-p194/gems/activerecord-3.2.8/lib/active_record/fixtures.rb:491:in `block in create_fixtures'
    /usr/local/rvm/gems/ruby-1.9.3-p194/gems/activerecord-3.2.8/lib/active_record/connection_adapters/abstract_adapter.rb:168:in `disable_referential_integrity'
    /usr/local/rvm/gems/ruby-1.9.3-p194/gems/activerecord-3.2.8/lib/active_record/fixtures.rb:476:in `create_fixtures'
    /usr/local/rvm/gems/ruby-1.9.3-p194/gems/activerecord-3.2.8/lib/active_record/fixtures.rb:895:in `load_fixtures'
    /usr/local/rvm/gems/ruby-1.9.3-p194/gems/activerecord-3.2.8/lib/active_record/fixtures.rb:849:in `setup_fixtures'
    /usr/local/rvm/gems/ruby-1.9.3-p194/gems/activesupport-3.2.8/lib/active_support/callbacks.rb:429:in `_run__1062584255__setup__1008102521__callbacks'
    /usr/local/rvm/gems/ruby-1.9.3-p194/gems/activesupport-3.2.8/lib/active_support/callbacks.rb:405:in `__run_callback'
    /usr/local/rvm/gems/ruby-1.9.3-p194/gems/activesupport-3.2.8/lib/active_support/callbacks.rb:385:in `_run_setup_callbacks'
    /usr/local/rvm/gems/ruby-1.9.3-p194/gems/activesupport-3.2.8/lib/active_support/callbacks.rb:81:in `run_callbacks'
    /usr/local/rvm/gems/ruby-1.9.3-p194/gems/activesupport-3.2.8/lib/active_support/testing/setup_and_teardown.rb:35:in `run'

  4) Error:
test_should_get_index(UsersControllerTest):
ActiveRecord::StatementInvalid: Could not find table 'users'
    /usr/local/rvm/gems/ruby-1.9.3-p194/gems/activerecord-3.2.8/lib/active_record/connection_adapters/sqlite_adapter.rb:472:in `table_structure'
    /usr/local/rvm/gems/ruby-1.9.3-p194/gems/activerecord-3.2.8/lib/active_record/connection_adapters/sqlite_adapter.rb:346:in `columns'
    /usr/local/rvm/gems/ruby-1.9.3-p194/gems/activerecord-3.2.8/lib/active_record/fixtures.rb:660:in `column_names'
    /usr/local/rvm/gems/ruby-1.9.3-p194/gems/activerecord-3.2.8/lib/active_record/fixtures.rb:652:in `timestamp_column_names'
    /usr/local/rvm/gems/ruby-1.9.3-p194/gems/activerecord-3.2.8/lib/active_record/fixtures.rb:585:in `block in table_rows'
    /usr/local/rvm/gems/ruby-1.9.3-p194/gems/activerecord-3.2.8/lib/active_record/fixtures.rb:579:in `each'
    /usr/local/rvm/gems/ruby-1.9.3-p194/gems/activerecord-3.2.8/lib/active_record/fixtures.rb:579:in `map'
    /usr/local/rvm/gems/ruby-1.9.3-p194/gems/activerecord-3.2.8/lib/active_record/fixtures.rb:579:in `table_rows'
    /usr/local/rvm/gems/ruby-1.9.3-p194/gems/activerecord-3.2.8/lib/active_record/fixtures.rb:494:in `block (3 levels) in create_fixtures'
    /usr/local/rvm/gems/ruby-1.9.3-p194/gems/activerecord-3.2.8/lib/active_record/fixtures.rb:492:in `each'
    /usr/local/rvm/gems/ruby-1.9.3-p194/gems/activerecord-3.2.8/lib/active_record/fixtures.rb:492:in `block (2 levels) in create_fixtures'
    /usr/local/rvm/gems/ruby-1.9.3-p194/gems/activerecord-3.2.8/lib/active_record/connection_adapters/abstract/database_statements.rb:192:in `transaction'
    /usr/local/rvm/gems/ruby-1.9.3-p194/gems/activerecord-3.2.8/lib/active_record/fixtures.rb:491:in `block in create_fixtures'
    /usr/local/rvm/gems/ruby-1.9.3-p194/gems/activerecord-3.2.8/lib/active_record/connection_adapters/abstract_adapter.rb:168:in `disable_referential_integrity'
    /usr/local/rvm/gems/ruby-1.9.3-p194/gems/activerecord-3.2.8/lib/active_record/fixtures.rb:476:in `create_fixtures'
    /usr/local/rvm/gems/ruby-1.9.3-p194/gems/activerecord-3.2.8/lib/active_record/fixtures.rb:895:in `load_fixtures'
    /usr/local/rvm/gems/ruby-1.9.3-p194/gems/activerecord-3.2.8/lib/active_record/fixtures.rb:849:in `setup_fixtures'
    /usr/local/rvm/gems/ruby-1.9.3-p194/gems/activesupport-3.2.8/lib/active_support/callbacks.rb:429:in `_run__1062584255__setup__1008102521__callbacks'
    /usr/local/rvm/gems/ruby-1.9.3-p194/gems/activesupport-3.2.8/lib/active_support/callbacks.rb:405:in `__run_callback'
    /usr/local/rvm/gems/ruby-1.9.3-p194/gems/activesupport-3.2.8/lib/active_support/callbacks.rb:385:in `_run_setup_callbacks'
    /usr/local/rvm/gems/ruby-1.9.3-p194/gems/activesupport-3.2.8/lib/active_support/callbacks.rb:81:in `run_callbacks'
    /usr/local/rvm/gems/ruby-1.9.3-p194/gems/activesupport-3.2.8/lib/active_support/testing/setup_and_teardown.rb:35:in `run'

  5) Error:
test_should_get_new(UsersControllerTest):
ActiveRecord::StatementInvalid: Could not find table 'users'
    /usr/local/rvm/gems/ruby-1.9.3-p194/gems/activerecord-3.2.8/lib/active_record/connection_adapters/sqlite_adapter.rb:472:in `table_structure'
    /usr/local/rvm/gems/ruby-1.9.3-p194/gems/activerecord-3.2.8/lib/active_record/connection_adapters/sqlite_adapter.rb:346:in `columns'
    /usr/local/rvm/gems/ruby-1.9.3-p194/gems/activerecord-3.2.8/lib/active_record/fixtures.rb:660:in `column_names'
    /usr/local/rvm/gems/ruby-1.9.3-p194/gems/activerecord-3.2.8/lib/active_record/fixtures.rb:652:in `timestamp_column_names'
    /usr/local/rvm/gems/ruby-1.9.3-p194/gems/activerecord-3.2.8/lib/active_record/fixtures.rb:585:in `block in table_rows'
    /usr/local/rvm/gems/ruby-1.9.3-p194/gems/activerecord-3.2.8/lib/active_record/fixtures.rb:579:in `each'
    /usr/local/rvm/gems/ruby-1.9.3-p194/gems/activerecord-3.2.8/lib/active_record/fixtures.rb:579:in `map'
    /usr/local/rvm/gems/ruby-1.9.3-p194/gems/activerecord-3.2.8/lib/active_record/fixtures.rb:579:in `table_rows'
    /usr/local/rvm/gems/ruby-1.9.3-p194/gems/activerecord-3.2.8/lib/active_record/fixtures.rb:494:in `block (3 levels) in create_fixtures'
    /usr/local/rvm/gems/ruby-1.9.3-p194/gems/activerecord-3.2.8/lib/active_record/fixtures.rb:492:in `each'
    /usr/local/rvm/gems/ruby-1.9.3-p194/gems/activerecord-3.2.8/lib/active_record/fixtures.rb:492:in `block (2 levels) in create_fixtures'
    /usr/local/rvm/gems/ruby-1.9.3-p194/gems/activerecord-3.2.8/lib/active_record/connection_adapters/abstract/database_statements.rb:192:in `transaction'
    /usr/local/rvm/gems/ruby-1.9.3-p194/gems/activerecord-3.2.8/lib/active_record/fixtures.rb:491:in `block in create_fixtures'
    /usr/local/rvm/gems/ruby-1.9.3-p194/gems/activerecord-3.2.8/lib/active_record/connection_adapters/abstract_adapter.rb:168:in `disable_referential_integrity'
    /usr/local/rvm/gems/ruby-1.9.3-p194/gems/activerecord-3.2.8/lib/active_record/fixtures.rb:476:in `create_fixtures'
    /usr/local/rvm/gems/ruby-1.9.3-p194/gems/activerecord-3.2.8/lib/active_record/fixtures.rb:895:in `load_fixtures'
    /usr/local/rvm/gems/ruby-1.9.3-p194/gems/activerecord-3.2.8/lib/active_record/fixtures.rb:849:in `setup_fixtures'
    /usr/local/rvm/gems/ruby-1.9.3-p194/gems/activesupport-3.2.8/lib/active_support/callbacks.rb:429:in `_run__1062584255__setup__1008102521__callbacks'
    /usr/local/rvm/gems/ruby-1.9.3-p194/gems/activesupport-3.2.8/lib/active_support/callbacks.rb:405:in `__run_callback'
    /usr/local/rvm/gems/ruby-1.9.3-p194/gems/activesupport-3.2.8/lib/active_support/callbacks.rb:385:in `_run_setup_callbacks'
    /usr/local/rvm/gems/ruby-1.9.3-p194/gems/activesupport-3.2.8/lib/active_support/callbacks.rb:81:in `run_callbacks'
    /usr/local/rvm/gems/ruby-1.9.3-p194/gems/activesupport-3.2.8/lib/active_support/testing/setup_and_teardown.rb:35:in `run'

  6) Error:
test_should_show_user(UsersControllerTest):
ActiveRecord::StatementInvalid: Could not find table 'users'
    /usr/local/rvm/gems/ruby-1.9.3-p194/gems/activerecord-3.2.8/lib/active_record/connection_adapters/sqlite_adapter.rb:472:in `table_structure'
    /usr/local/rvm/gems/ruby-1.9.3-p194/gems/activerecord-3.2.8/lib/active_record/connection_adapters/sqlite_adapter.rb:346:in `columns'
    /usr/local/rvm/gems/ruby-1.9.3-p194/gems/activerecord-3.2.8/lib/active_record/fixtures.rb:660:in `column_names'
    /usr/local/rvm/gems/ruby-1.9.3-p194/gems/activerecord-3.2.8/lib/active_record/fixtures.rb:652:in `timestamp_column_names'
    /usr/local/rvm/gems/ruby-1.9.3-p194/gems/activerecord-3.2.8/lib/active_record/fixtures.rb:585:in `block in table_rows'
    /usr/local/rvm/gems/ruby-1.9.3-p194/gems/activerecord-3.2.8/lib/active_record/fixtures.rb:579:in `each'
    /usr/local/rvm/gems/ruby-1.9.3-p194/gems/activerecord-3.2.8/lib/active_record/fixtures.rb:579:in `map'
    /usr/local/rvm/gems/ruby-1.9.3-p194/gems/activerecord-3.2.8/lib/active_record/fixtures.rb:579:in `table_rows'
    /usr/local/rvm/gems/ruby-1.9.3-p194/gems/activerecord-3.2.8/lib/active_record/fixtures.rb:494:in `block (3 levels) in create_fixtures'
    /usr/local/rvm/gems/ruby-1.9.3-p194/gems/activerecord-3.2.8/lib/active_record/fixtures.rb:492:in `each'
    /usr/local/rvm/gems/ruby-1.9.3-p194/gems/activerecord-3.2.8/lib/active_record/fixtures.rb:492:in `block (2 levels) in create_fixtures'
    /usr/local/rvm/gems/ruby-1.9.3-p194/gems/activerecord-3.2.8/lib/active_record/connection_adapters/abstract/database_statements.rb:192:in `transaction'
    /usr/local/rvm/gems/ruby-1.9.3-p194/gems/activerecord-3.2.8/lib/active_record/fixtures.rb:491:in `block in create_fixtures'
    /usr/local/rvm/gems/ruby-1.9.3-p194/gems/activerecord-3.2.8/lib/active_record/connection_adapters/abstract_adapter.rb:168:in `disable_referential_integrity'
    /usr/local/rvm/gems/ruby-1.9.3-p194/gems/activerecord-3.2.8/lib/active_record/fixtures.rb:476:in `create_fixtures'
    /usr/local/rvm/gems/ruby-1.9.3-p194/gems/activerecord-3.2.8/lib/active_record/fixtures.rb:895:in `load_fixtures'
    /usr/local/rvm/gems/ruby-1.9.3-p194/gems/activerecord-3.2.8/lib/active_record/fixtures.rb:849:in `setup_fixtures'
    /usr/local/rvm/gems/ruby-1.9.3-p194/gems/activesupport-3.2.8/lib/active_support/callbacks.rb:429:in `_run__1062584255__setup__1008102521__callbacks'
    /usr/local/rvm/gems/ruby-1.9.3-p194/gems/activesupport-3.2.8/lib/active_support/callbacks.rb:405:in `__run_callback'
    /usr/local/rvm/gems/ruby-1.9.3-p194/gems/activesupport-3.2.8/lib/active_support/callbacks.rb:385:in `_run_setup_callbacks'
    /usr/local/rvm/gems/ruby-1.9.3-p194/gems/activesupport-3.2.8/lib/active_support/callbacks.rb:81:in `run_callbacks'
    /usr/local/rvm/gems/ruby-1.9.3-p194/gems/activesupport-3.2.8/lib/active_support/testing/setup_and_teardown.rb:35:in `run'

  7) Error:
test_should_update_user(UsersControllerTest):
ActiveRecord::StatementInvalid: Could not find table 'users'
    /usr/local/rvm/gems/ruby-1.9.3-p194/gems/activerecord-3.2.8/lib/active_record/connection_adapters/sqlite_adapter.rb:472:in `table_structure'
    /usr/local/rvm/gems/ruby-1.9.3-p194/gems/activerecord-3.2.8/lib/active_record/connection_adapters/sqlite_adapter.rb:346:in `columns'
    /usr/local/rvm/gems/ruby-1.9.3-p194/gems/activerecord-3.2.8/lib/active_record/fixtures.rb:660:in `column_names'
    /usr/local/rvm/gems/ruby-1.9.3-p194/gems/activerecord-3.2.8/lib/active_record/fixtures.rb:652:in `timestamp_column_names'
    /usr/local/rvm/gems/ruby-1.9.3-p194/gems/activerecord-3.2.8/lib/active_record/fixtures.rb:585:in `block in table_rows'
    /usr/local/rvm/gems/ruby-1.9.3-p194/gems/activerecord-3.2.8/lib/active_record/fixtures.rb:579:in `each'
    /usr/local/rvm/gems/ruby-1.9.3-p194/gems/activerecord-3.2.8/lib/active_record/fixtures.rb:579:in `map'
    /usr/local/rvm/gems/ruby-1.9.3-p194/gems/activerecord-3.2.8/lib/active_record/fixtures.rb:579:in `table_rows'
    /usr/local/rvm/gems/ruby-1.9.3-p194/gems/activerecord-3.2.8/lib/active_record/fixtures.rb:494:in `block (3 levels) in create_fixtures'
    /usr/local/rvm/gems/ruby-1.9.3-p194/gems/activerecord-3.2.8/lib/active_record/fixtures.rb:492:in `each'
    /usr/local/rvm/gems/ruby-1.9.3-p194/gems/activerecord-3.2.8/lib/active_record/fixtures.rb:492:in `block (2 levels) in create_fixtures'
    /usr/local/rvm/gems/ruby-1.9.3-p194/gems/activerecord-3.2.8/lib/active_record/connection_adapters/abstract/database_statements.rb:192:in `transaction'
    /usr/local/rvm/gems/ruby-1.9.3-p194/gems/activerecord-3.2.8/lib/active_record/fixtures.rb:491:in `block in create_fixtures'
    /usr/local/rvm/gems/ruby-1.9.3-p194/gems/activerecord-3.2.8/lib/active_record/connection_adapters/abstract_adapter.rb:168:in `disable_referential_integrity'
    /usr/local/rvm/gems/ruby-1.9.3-p194/gems/activerecord-3.2.8/lib/active_record/fixtures.rb:476:in `create_fixtures'
    /usr/local/rvm/gems/ruby-1.9.3-p194/gems/activerecord-3.2.8/lib/active_record/fixtures.rb:895:in `load_fixtures'
    /usr/local/rvm/gems/ruby-1.9.3-p194/gems/activerecord-3.2.8/lib/active_record/fixtures.rb:849:in `setup_fixtures'
    /usr/local/rvm/gems/ruby-1.9.3-p194/gems/activesupport-3.2.8/lib/active_support/callbacks.rb:429:in `_run__1062584255__setup__1008102521__callbacks'
    /usr/local/rvm/gems/ruby-1.9.3-p194/gems/activesupport-3.2.8/lib/active_support/callbacks.rb:405:in `__run_callback'
    /usr/local/rvm/gems/ruby-1.9.3-p194/gems/activesupport-3.2.8/lib/active_support/callbacks.rb:385:in `_run_setup_callbacks'
    /usr/local/rvm/gems/ruby-1.9.3-p194/gems/activesupport-3.2.8/lib/active_support/callbacks.rb:81:in `run_callbacks'
    /usr/local/rvm/gems/ruby-1.9.3-p194/gems/activesupport-3.2.8/lib/active_support/testing/setup_and_teardown.rb:35:in `run'

7 tests, 0 assertions, 0 failures, 7 errors, 0 skips
Run options: -n "/^(test_should_get_contact|test_should_get_home)$/"

# Running tests:

EE

Finished tests in 0.045636s, 43.8253 tests/s, 0.0000 assertions/s.

  1) Error:
test_should_get_contact(PagesControllerTest):
ActiveRecord::StatementInvalid: Could not find table 'users'
    /usr/local/rvm/gems/ruby-1.9.3-p194/gems/activerecord-3.2.8/lib/active_record/connection_adapters/sqlite_adapter.rb:472:in `table_structure'
    /usr/local/rvm/gems/ruby-1.9.3-p194/gems/activerecord-3.2.8/lib/active_record/connection_adapters/sqlite_adapter.rb:346:in `columns'
    /usr/local/rvm/gems/ruby-1.9.3-p194/gems/activerecord-3.2.8/lib/active_record/fixtures.rb:660:in `column_names'
    /usr/local/rvm/gems/ruby-1.9.3-p194/gems/activerecord-3.2.8/lib/active_record/fixtures.rb:652:in `timestamp_column_names'
    /usr/local/rvm/gems/ruby-1.9.3-p194/gems/activerecord-3.2.8/lib/active_record/fixtures.rb:585:in `block in table_rows'
    /usr/local/rvm/gems/ruby-1.9.3-p194/gems/activerecord-3.2.8/lib/active_record/fixtures.rb:579:in `each'
    /usr/local/rvm/gems/ruby-1.9.3-p194/gems/activerecord-3.2.8/lib/active_record/fixtures.rb:579:in `map'
    /usr/local/rvm/gems/ruby-1.9.3-p194/gems/activerecord-3.2.8/lib/active_record/fixtures.rb:579:in `table_rows'
    /usr/local/rvm/gems/ruby-1.9.3-p194/gems/activerecord-3.2.8/lib/active_record/fixtures.rb:494:in `block (3 levels) in create_fixtures'
    /usr/local/rvm/gems/ruby-1.9.3-p194/gems/activerecord-3.2.8/lib/active_record/fixtures.rb:492:in `each'
    /usr/local/rvm/gems/ruby-1.9.3-p194/gems/activerecord-3.2.8/lib/active_record/fixtures.rb:492:in `block (2 levels) in create_fixtures'
    /usr/local/rvm/gems/ruby-1.9.3-p194/gems/activerecord-3.2.8/lib/active_record/connection_adapters/abstract/database_statements.rb:192:in `transaction'
    /usr/local/rvm/gems/ruby-1.9.3-p194/gems/activerecord-3.2.8/lib/active_record/fixtures.rb:491:in `block in create_fixtures'
    /usr/local/rvm/gems/ruby-1.9.3-p194/gems/activerecord-3.2.8/lib/active_record/connection_adapters/abstract_adapter.rb:168:in `disable_referential_integrity'
    /usr/local/rvm/gems/ruby-1.9.3-p194/gems/activerecord-3.2.8/lib/active_record/fixtures.rb:476:in `create_fixtures'
    /usr/local/rvm/gems/ruby-1.9.3-p194/gems/activerecord-3.2.8/lib/active_record/fixtures.rb:895:in `load_fixtures'
    /usr/local/rvm/gems/ruby-1.9.3-p194/gems/activerecord-3.2.8/lib/active_record/fixtures.rb:849:in `setup_fixtures'
    /usr/local/rvm/gems/ruby-1.9.3-p194/gems/activesupport-3.2.8/lib/active_support/callbacks.rb:429:in `_run__885077583__setup__732196510__callbacks'
    /usr/local/rvm/gems/ruby-1.9.3-p194/gems/activesupport-3.2.8/lib/active_support/callbacks.rb:405:in `__run_callback'
    /usr/local/rvm/gems/ruby-1.9.3-p194/gems/activesupport-3.2.8/lib/active_support/callbacks.rb:385:in `_run_setup_callbacks'
    /usr/local/rvm/gems/ruby-1.9.3-p194/gems/activesupport-3.2.8/lib/active_support/callbacks.rb:81:in `run_callbacks'
    /usr/local/rvm/gems/ruby-1.9.3-p194/gems/activesupport-3.2.8/lib/active_support/testing/setup_and_teardown.rb:35:in `run'

  2) Error:
test_should_get_home(PagesControllerTest):
ActiveRecord::StatementInvalid: Could not find table 'users'
    /usr/local/rvm/gems/ruby-1.9.3-p194/gems/activerecord-3.2.8/lib/active_record/connection_adapters/sqlite_adapter.rb:472:in `table_structure'
    /usr/local/rvm/gems/ruby-1.9.3-p194/gems/activerecord-3.2.8/lib/active_record/connection_adapters/sqlite_adapter.rb:346:in `columns'
    /usr/local/rvm/gems/ruby-1.9.3-p194/gems/activerecord-3.2.8/lib/active_record/fixtures.rb:660:in `column_names'
    /usr/local/rvm/gems/ruby-1.9.3-p194/gems/activerecord-3.2.8/lib/active_record/fixtures.rb:652:in `timestamp_column_names'
    /usr/local/rvm/gems/ruby-1.9.3-p194/gems/activerecord-3.2.8/lib/active_record/fixtures.rb:585:in `block in table_rows'
    /usr/local/rvm/gems/ruby-1.9.3-p194/gems/activerecord-3.2.8/lib/active_record/fixtures.rb:579:in `each'
    /usr/local/rvm/gems/ruby-1.9.3-p194/gems/activerecord-3.2.8/lib/active_record/fixtures.rb:579:in `map'
    /usr/local/rvm/gems/ruby-1.9.3-p194/gems/activerecord-3.2.8/lib/active_record/fixtures.rb:579:in `table_rows'
    /usr/local/rvm/gems/ruby-1.9.3-p194/gems/activerecord-3.2.8/lib/active_record/fixtures.rb:494:in `block (3 levels) in create_fixtures'
    /usr/local/rvm/gems/ruby-1.9.3-p194/gems/activerecord-3.2.8/lib/active_record/fixtures.rb:492:in `each'
    /usr/local/rvm/gems/ruby-1.9.3-p194/gems/activerecord-3.2.8/lib/active_record/fixtures.rb:492:in `block (2 levels) in create_fixtures'
    /usr/local/rvm/gems/ruby-1.9.3-p194/gems/activerecord-3.2.8/lib/active_record/connection_adapters/abstract/database_statements.rb:192:in `transaction'
    /usr/local/rvm/gems/ruby-1.9.3-p194/gems/activerecord-3.2.8/lib/active_record/fixtures.rb:491:in `block in create_fixtures'
    /usr/local/rvm/gems/ruby-1.9.3-p194/gems/activerecord-3.2.8/lib/active_record/connection_adapters/abstract_adapter.rb:168:in `disable_referential_integrity'
    /usr/local/rvm/gems/ruby-1.9.3-p194/gems/activerecord-3.2.8/lib/active_record/fixtures.rb:476:in `create_fixtures'
    /usr/local/rvm/gems/ruby-1.9.3-p194/gems/activerecord-3.2.8/lib/active_record/fixtures.rb:895:in `load_fixtures'
    /usr/local/rvm/gems/ruby-1.9.3-p194/gems/activerecord-3.2.8/lib/active_record/fixtures.rb:849:in `setup_fixtures'
    /usr/local/rvm/gems/ruby-1.9.3-p194/gems/activesupport-3.2.8/lib/active_support/callbacks.rb:429:in `_run__885077583__setup__732196510__callbacks'
    /usr/local/rvm/gems/ruby-1.9.3-p194/gems/activesupport-3.2.8/lib/active_support/callbacks.rb:405:in `__run_callback'
    /usr/local/rvm/gems/ruby-1.9.3-p194/gems/activesupport-3.2.8/lib/active_support/callbacks.rb:385:in `_run_setup_callbacks'
    /usr/local/rvm/gems/ruby-1.9.3-p194/gems/activesupport-3.2.8/lib/active_support/callbacks.rb:81:in `run_callbacks'
    /usr/local/rvm/gems/ruby-1.9.3-p194/gems/activesupport-3.2.8/lib/active_support/testing/setup_and_teardown.rb:35:in `run'

2 tests, 0 assertions, 0 failures, 2 errors, 0 skips
Run options: -n "/^(test_should_create_micropost|test_should_destroy_micropost|test_should_get_edit|test_should_get_index|test_should_get_new|test_should_show_micropost|test_should_update_micropost)$/"

# Running tests:

EEEEEEE

Finished tests in 0.111261s, 62.9151 tests/s, 0.0000 assertions/s.

  1) Error:
test_should_create_micropost(MicropostsControllerTest):
ActiveRecord::StatementInvalid: Could not find table 'users'
    /usr/local/rvm/gems/ruby-1.9.3-p194/gems/activerecord-3.2.8/lib/active_record/connection_adapters/sqlite_adapter.rb:472:in `table_structure'
    /usr/local/rvm/gems/ruby-1.9.3-p194/gems/activerecord-3.2.8/lib/active_record/connection_adapters/sqlite_adapter.rb:346:in `columns'
    /usr/local/rvm/gems/ruby-1.9.3-p194/gems/activerecord-3.2.8/lib/active_record/fixtures.rb:660:in `column_names'
    /usr/local/rvm/gems/ruby-1.9.3-p194/gems/activerecord-3.2.8/lib/active_record/fixtures.rb:652:in `timestamp_column_names'
    /usr/local/rvm/gems/ruby-1.9.3-p194/gems/activerecord-3.2.8/lib/active_record/fixtures.rb:585:in `block in table_rows'
    /usr/local/rvm/gems/ruby-1.9.3-p194/gems/activerecord-3.2.8/lib/active_record/fixtures.rb:579:in `each'
    /usr/local/rvm/gems/ruby-1.9.3-p194/gems/activerecord-3.2.8/lib/active_record/fixtures.rb:579:in `map'
    /usr/local/rvm/gems/ruby-1.9.3-p194/gems/activerecord-3.2.8/lib/active_record/fixtures.rb:579:in `table_rows'
    /usr/local/rvm/gems/ruby-1.9.3-p194/gems/activerecord-3.2.8/lib/active_record/fixtures.rb:494:in `block (3 levels) in create_fixtures'
    /usr/local/rvm/gems/ruby-1.9.3-p194/gems/activerecord-3.2.8/lib/active_record/fixtures.rb:492:in `each'
    /usr/local/rvm/gems/ruby-1.9.3-p194/gems/activerecord-3.2.8/lib/active_record/fixtures.rb:492:in `block (2 levels) in create_fixtures'
    /usr/local/rvm/gems/ruby-1.9.3-p194/gems/activerecord-3.2.8/lib/active_record/connection_adapters/abstract/database_statements.rb:192:in `transaction'
    /usr/local/rvm/gems/ruby-1.9.3-p194/gems/activerecord-3.2.8/lib/active_record/fixtures.rb:491:in `block in create_fixtures'
    /usr/local/rvm/gems/ruby-1.9.3-p194/gems/activerecord-3.2.8/lib/active_record/connection_adapters/abstract_adapter.rb:168:in `disable_referential_integrity'
    /usr/local/rvm/gems/ruby-1.9.3-p194/gems/activerecord-3.2.8/lib/active_record/fixtures.rb:476:in `create_fixtures'
    /usr/local/rvm/gems/ruby-1.9.3-p194/gems/activerecord-3.2.8/lib/active_record/fixtures.rb:895:in `load_fixtures'
    /usr/local/rvm/gems/ruby-1.9.3-p194/gems/activerecord-3.2.8/lib/active_record/fixtures.rb:849:in `setup_fixtures'
    /usr/local/rvm/gems/ruby-1.9.3-p194/gems/activesupport-3.2.8/lib/active_support/callbacks.rb:429:in `_run__114445119__setup__210762524__callbacks'
    /usr/local/rvm/gems/ruby-1.9.3-p194/gems/activesupport-3.2.8/lib/active_support/callbacks.rb:405:in `__run_callback'
    /usr/local/rvm/gems/ruby-1.9.3-p194/gems/activesupport-3.2.8/lib/active_support/callbacks.rb:385:in `_run_setup_callbacks'
    /usr/local/rvm/gems/ruby-1.9.3-p194/gems/activesupport-3.2.8/lib/active_support/callbacks.rb:81:in `run_callbacks'
    /usr/local/rvm/gems/ruby-1.9.3-p194/gems/activesupport-3.2.8/lib/active_support/testing/setup_and_teardown.rb:35:in `run'

  2) Error:
test_should_destroy_micropost(MicropostsControllerTest):
ActiveRecord::StatementInvalid: Could not find table 'users'
    /usr/local/rvm/gems/ruby-1.9.3-p194/gems/activerecord-3.2.8/lib/active_record/connection_adapters/sqlite_adapter.rb:472:in `table_structure'
    /usr/local/rvm/gems/ruby-1.9.3-p194/gems/activerecord-3.2.8/lib/active_record/connection_adapters/sqlite_adapter.rb:346:in `columns'
    /usr/local/rvm/gems/ruby-1.9.3-p194/gems/activerecord-3.2.8/lib/active_record/fixtures.rb:660:in `column_names'
    /usr/local/rvm/gems/ruby-1.9.3-p194/gems/activerecord-3.2.8/lib/active_record/fixtures.rb:652:in `timestamp_column_names'
    /usr/local/rvm/gems/ruby-1.9.3-p194/gems/activerecord-3.2.8/lib/active_record/fixtures.rb:585:in `block in table_rows'
    /usr/local/rvm/gems/ruby-1.9.3-p194/gems/activerecord-3.2.8/lib/active_record/fixtures.rb:579:in `each'
    /usr/local/rvm/gems/ruby-1.9.3-p194/gems/activerecord-3.2.8/lib/active_record/fixtures.rb:579:in `map'
    /usr/local/rvm/gems/ruby-1.9.3-p194/gems/activerecord-3.2.8/lib/active_record/fixtures.rb:579:in `table_rows'
    /usr/local/rvm/gems/ruby-1.9.3-p194/gems/activerecord-3.2.8/lib/active_record/fixtures.rb:494:in `block (3 levels) in create_fixtures'
    /usr/local/rvm/gems/ruby-1.9.3-p194/gems/activerecord-3.2.8/lib/active_record/fixtures.rb:492:in `each'
    /usr/local/rvm/gems/ruby-1.9.3-p194/gems/activerecord-3.2.8/lib/active_record/fixtures.rb:492:in `block (2 levels) in create_fixtures'
    /usr/local/rvm/gems/ruby-1.9.3-p194/gems/activerecord-3.2.8/lib/active_record/connection_adapters/abstract/database_statements.rb:192:in `transaction'
    /usr/local/rvm/gems/ruby-1.9.3-p194/gems/activerecord-3.2.8/lib/active_record/fixtures.rb:491:in `block in create_fixtures'
    /usr/local/rvm/gems/ruby-1.9.3-p194/gems/activerecord-3.2.8/lib/active_record/connection_adapters/abstract_adapter.rb:168:in `disable_referential_integrity'
    /usr/local/rvm/gems/ruby-1.9.3-p194/gems/activerecord-3.2.8/lib/active_record/fixtures.rb:476:in `create_fixtures'
    /usr/local/rvm/gems/ruby-1.9.3-p194/gems/activerecord-3.2.8/lib/active_record/fixtures.rb:895:in `load_fixtures'
    /usr/local/rvm/gems/ruby-1.9.3-p194/gems/activerecord-3.2.8/lib/active_record/fixtures.rb:849:in `setup_fixtures'
    /usr/local/rvm/gems/ruby-1.9.3-p194/gems/activesupport-3.2.8/lib/active_support/callbacks.rb:429:in `_run__114445119__setup__210762524__callbacks'
    /usr/local/rvm/gems/ruby-1.9.3-p194/gems/activesupport-3.2.8/lib/active_support/callbacks.rb:405:in `__run_callback'
    /usr/local/rvm/gems/ruby-1.9.3-p194/gems/activesupport-3.2.8/lib/active_support/callbacks.rb:385:in `_run_setup_callbacks'
    /usr/local/rvm/gems/ruby-1.9.3-p194/gems/activesupport-3.2.8/lib/active_support/callbacks.rb:81:in `run_callbacks'
    /usr/local/rvm/gems/ruby-1.9.3-p194/gems/activesupport-3.2.8/lib/active_support/testing/setup_and_teardown.rb:35:in `run'

  3) Error:
test_should_get_edit(MicropostsControllerTest):
ActiveRecord::StatementInvalid: Could not find table 'users'
    /usr/local/rvm/gems/ruby-1.9.3-p194/gems/activerecord-3.2.8/lib/active_record/connection_adapters/sqlite_adapter.rb:472:in `table_structure'
    /usr/local/rvm/gems/ruby-1.9.3-p194/gems/activerecord-3.2.8/lib/active_record/connection_adapters/sqlite_adapter.rb:346:in `columns'
    /usr/local/rvm/gems/ruby-1.9.3-p194/gems/activerecord-3.2.8/lib/active_record/fixtures.rb:660:in `column_names'
    /usr/local/rvm/gems/ruby-1.9.3-p194/gems/activerecord-3.2.8/lib/active_record/fixtures.rb:652:in `timestamp_column_names'
    /usr/local/rvm/gems/ruby-1.9.3-p194/gems/activerecord-3.2.8/lib/active_record/fixtures.rb:585:in `block in table_rows'
    /usr/local/rvm/gems/ruby-1.9.3-p194/gems/activerecord-3.2.8/lib/active_record/fixtures.rb:579:in `each'
    /usr/local/rvm/gems/ruby-1.9.3-p194/gems/activerecord-3.2.8/lib/active_record/fixtures.rb:579:in `map'
    /usr/local/rvm/gems/ruby-1.9.3-p194/gems/activerecord-3.2.8/lib/active_record/fixtures.rb:579:in `table_rows'
    /usr/local/rvm/gems/ruby-1.9.3-p194/gems/activerecord-3.2.8/lib/active_record/fixtures.rb:494:in `block (3 levels) in create_fixtures'
    /usr/local/rvm/gems/ruby-1.9.3-p194/gems/activerecord-3.2.8/lib/active_record/fixtures.rb:492:in `each'
    /usr/local/rvm/gems/ruby-1.9.3-p194/gems/activerecord-3.2.8/lib/active_record/fixtures.rb:492:in `block (2 levels) in create_fixtures'
    /usr/local/rvm/gems/ruby-1.9.3-p194/gems/activerecord-3.2.8/lib/active_record/connection_adapters/abstract/database_statements.rb:192:in `transaction'
    /usr/local/rvm/gems/ruby-1.9.3-p194/gems/activerecord-3.2.8/lib/active_record/fixtures.rb:491:in `block in create_fixtures'
    /usr/local/rvm/gems/ruby-1.9.3-p194/gems/activerecord-3.2.8/lib/active_record/connection_adapters/abstract_adapter.rb:168:in `disable_referential_integrity'
    /usr/local/rvm/gems/ruby-1.9.3-p194/gems/activerecord-3.2.8/lib/active_record/fixtures.rb:476:in `create_fixtures'
    /usr/local/rvm/gems/ruby-1.9.3-p194/gems/activerecord-3.2.8/lib/active_record/fixtures.rb:895:in `load_fixtures'
    /usr/local/rvm/gems/ruby-1.9.3-p194/gems/activerecord-3.2.8/lib/active_record/fixtures.rb:849:in `setup_fixtures'
    /usr/local/rvm/gems/ruby-1.9.3-p194/gems/activesupport-3.2.8/lib/active_support/callbacks.rb:429:in `_run__114445119__setup__210762524__callbacks'
    /usr/local/rvm/gems/ruby-1.9.3-p194/gems/activesupport-3.2.8/lib/active_support/callbacks.rb:405:in `__run_callback'
    /usr/local/rvm/gems/ruby-1.9.3-p194/gems/activesupport-3.2.8/lib/active_support/callbacks.rb:385:in `_run_setup_callbacks'
    /usr/local/rvm/gems/ruby-1.9.3-p194/gems/activesupport-3.2.8/lib/active_support/callbacks.rb:81:in `run_callbacks'
    /usr/local/rvm/gems/ruby-1.9.3-p194/gems/activesupport-3.2.8/lib/active_support/testing/setup_and_teardown.rb:35:in `run'

  4) Error:
test_should_get_index(MicropostsControllerTest):
ActiveRecord::StatementInvalid: Could not find table 'users'
    /usr/local/rvm/gems/ruby-1.9.3-p194/gems/activerecord-3.2.8/lib/active_record/connection_adapters/sqlite_adapter.rb:472:in `table_structure'
    /usr/local/rvm/gems/ruby-1.9.3-p194/gems/activerecord-3.2.8/lib/active_record/connection_adapters/sqlite_adapter.rb:346:in `columns'
    /usr/local/rvm/gems/ruby-1.9.3-p194/gems/activerecord-3.2.8/lib/active_record/fixtures.rb:660:in `column_names'
    /usr/local/rvm/gems/ruby-1.9.3-p194/gems/activerecord-3.2.8/lib/active_record/fixtures.rb:652:in `timestamp_column_names'
    /usr/local/rvm/gems/ruby-1.9.3-p194/gems/activerecord-3.2.8/lib/active_record/fixtures.rb:585:in `block in table_rows'
    /usr/local/rvm/gems/ruby-1.9.3-p194/gems/activerecord-3.2.8/lib/active_record/fixtures.rb:579:in `each'
    /usr/local/rvm/gems/ruby-1.9.3-p194/gems/activerecord-3.2.8/lib/active_record/fixtures.rb:579:in `map'
    /usr/local/rvm/gems/ruby-1.9.3-p194/gems/activerecord-3.2.8/lib/active_record/fixtures.rb:579:in `table_rows'
    /usr/local/rvm/gems/ruby-1.9.3-p194/gems/activerecord-3.2.8/lib/active_record/fixtures.rb:494:in `block (3 levels) in create_fixtures'
    /usr/local/rvm/gems/ruby-1.9.3-p194/gems/activerecord-3.2.8/lib/active_record/fixtures.rb:492:in `each'
    /usr/local/rvm/gems/ruby-1.9.3-p194/gems/activerecord-3.2.8/lib/active_record/fixtures.rb:492:in `block (2 levels) in create_fixtures'
    /usr/local/rvm/gems/ruby-1.9.3-p194/gems/activerecord-3.2.8/lib/active_record/connection_adapters/abstract/database_statements.rb:192:in `transaction'
    /usr/local/rvm/gems/ruby-1.9.3-p194/gems/activerecord-3.2.8/lib/active_record/fixtures.rb:491:in `block in create_fixtures'
    /usr/local/rvm/gems/ruby-1.9.3-p194/gems/activerecord-3.2.8/lib/active_record/connection_adapters/abstract_adapter.rb:168:in `disable_referential_integrity'
    /usr/local/rvm/gems/ruby-1.9.3-p194/gems/activerecord-3.2.8/lib/active_record/fixtures.rb:476:in `create_fixtures'
    /usr/local/rvm/gems/ruby-1.9.3-p194/gems/activerecord-3.2.8/lib/active_record/fixtures.rb:895:in `load_fixtures'
    /usr/local/rvm/gems/ruby-1.9.3-p194/gems/activerecord-3.2.8/lib/active_record/fixtures.rb:849:in `setup_fixtures'
    /usr/local/rvm/gems/ruby-1.9.3-p194/gems/activesupport-3.2.8/lib/active_support/callbacks.rb:429:in `_run__114445119__setup__210762524__callbacks'
    /usr/local/rvm/gems/ruby-1.9.3-p194/gems/activesupport-3.2.8/lib/active_support/callbacks.rb:405:in `__run_callback'
    /usr/local/rvm/gems/ruby-1.9.3-p194/gems/activesupport-3.2.8/lib/active_support/callbacks.rb:385:in `_run_setup_callbacks'
    /usr/local/rvm/gems/ruby-1.9.3-p194/gems/activesupport-3.2.8/lib/active_support/callbacks.rb:81:in `run_callbacks'
    /usr/local/rvm/gems/ruby-1.9.3-p194/gems/activesupport-3.2.8/lib/active_support/testing/setup_and_teardown.rb:35:in `run'

  5) Error:
test_should_get_new(MicropostsControllerTest):
ActiveRecord::StatementInvalid: Could not find table 'users'
    /usr/local/rvm/gems/ruby-1.9.3-p194/gems/activerecord-3.2.8/lib/active_record/connection_adapters/sqlite_adapter.rb:472:in `table_structure'
    /usr/local/rvm/gems/ruby-1.9.3-p194/gems/activerecord-3.2.8/lib/active_record/connection_adapters/sqlite_adapter.rb:346:in `columns'
    /usr/local/rvm/gems/ruby-1.9.3-p194/gems/activerecord-3.2.8/lib/active_record/fixtures.rb:660:in `column_names'
    /usr/local/rvm/gems/ruby-1.9.3-p194/gems/activerecord-3.2.8/lib/active_record/fixtures.rb:652:in `timestamp_column_names'
    /usr/local/rvm/gems/ruby-1.9.3-p194/gems/activerecord-3.2.8/lib/active_record/fixtures.rb:585:in `block in table_rows'
    /usr/local/rvm/gems/ruby-1.9.3-p194/gems/activerecord-3.2.8/lib/active_record/fixtures.rb:579:in `each'
    /usr/local/rvm/gems/ruby-1.9.3-p194/gems/activerecord-3.2.8/lib/active_record/fixtures.rb:579:in `map'
    /usr/local/rvm/gems/ruby-1.9.3-p194/gems/activerecord-3.2.8/lib/active_record/fixtures.rb:579:in `table_rows'
    /usr/local/rvm/gems/ruby-1.9.3-p194/gems/activerecord-3.2.8/lib/active_record/fixtures.rb:494:in `block (3 levels) in create_fixtures'
    /usr/local/rvm/gems/ruby-1.9.3-p194/gems/activerecord-3.2.8/lib/active_record/fixtures.rb:492:in `each'
    /usr/local/rvm/gems/ruby-1.9.3-p194/gems/activerecord-3.2.8/lib/active_record/fixtures.rb:492:in `block (2 levels) in create_fixtures'
    /usr/local/rvm/gems/ruby-1.9.3-p194/gems/activerecord-3.2.8/lib/active_record/connection_adapters/abstract/database_statements.rb:192:in `transaction'
    /usr/local/rvm/gems/ruby-1.9.3-p194/gems/activerecord-3.2.8/lib/active_record/fixtures.rb:491:in `block in create_fixtures'
    /usr/local/rvm/gems/ruby-1.9.3-p194/gems/activerecord-3.2.8/lib/active_record/connection_adapters/abstract_adapter.rb:168:in `disable_referential_integrity'
    /usr/local/rvm/gems/ruby-1.9.3-p194/gems/activerecord-3.2.8/lib/active_record/fixtures.rb:476:in `create_fixtures'
    /usr/local/rvm/gems/ruby-1.9.3-p194/gems/activerecord-3.2.8/lib/active_record/fixtures.rb:895:in `load_fixtures'
    /usr/local/rvm/gems/ruby-1.9.3-p194/gems/activerecord-3.2.8/lib/active_record/fixtures.rb:849:in `setup_fixtures'
    /usr/local/rvm/gems/ruby-1.9.3-p194/gems/activesupport-3.2.8/lib/active_support/callbacks.rb:429:in `_run__114445119__setup__210762524__callbacks'
    /usr/local/rvm/gems/ruby-1.9.3-p194/gems/activesupport-3.2.8/lib/active_support/callbacks.rb:405:in `__run_callback'
    /usr/local/rvm/gems/ruby-1.9.3-p194/gems/activesupport-3.2.8/lib/active_support/callbacks.rb:385:in `_run_setup_callbacks'
    /usr/local/rvm/gems/ruby-1.9.3-p194/gems/activesupport-3.2.8/lib/active_support/callbacks.rb:81:in `run_callbacks'
    /usr/local/rvm/gems/ruby-1.9.3-p194/gems/activesupport-3.2.8/lib/active_support/testing/setup_and_teardown.rb:35:in `run'

  6) Error:
test_should_show_micropost(MicropostsControllerTest):
ActiveRecord::StatementInvalid: Could not find table 'users'
    /usr/local/rvm/gems/ruby-1.9.3-p194/gems/activerecord-3.2.8/lib/active_record/connection_adapters/sqlite_adapter.rb:472:in `table_structure'
    /usr/local/rvm/gems/ruby-1.9.3-p194/gems/activerecord-3.2.8/lib/active_record/connection_adapters/sqlite_adapter.rb:346:in `columns'
    /usr/local/rvm/gems/ruby-1.9.3-p194/gems/activerecord-3.2.8/lib/active_record/fixtures.rb:660:in `column_names'
    /usr/local/rvm/gems/ruby-1.9.3-p194/gems/activerecord-3.2.8/lib/active_record/fixtures.rb:652:in `timestamp_column_names'
    /usr/local/rvm/gems/ruby-1.9.3-p194/gems/activerecord-3.2.8/lib/active_record/fixtures.rb:585:in `block in table_rows'
    /usr/local/rvm/gems/ruby-1.9.3-p194/gems/activerecord-3.2.8/lib/active_record/fixtures.rb:579:in `each'
    /usr/local/rvm/gems/ruby-1.9.3-p194/gems/activerecord-3.2.8/lib/active_record/fixtures.rb:579:in `map'
    /usr/local/rvm/gems/ruby-1.9.3-p194/gems/activerecord-3.2.8/lib/active_record/fixtures.rb:579:in `table_rows'
    /usr/local/rvm/gems/ruby-1.9.3-p194/gems/activerecord-3.2.8/lib/active_record/fixtures.rb:494:in `block (3 levels) in create_fixtures'
    /usr/local/rvm/gems/ruby-1.9.3-p194/gems/activerecord-3.2.8/lib/active_record/fixtures.rb:492:in `each'
    /usr/local/rvm/gems/ruby-1.9.3-p194/gems/activerecord-3.2.8/lib/active_record/fixtures.rb:492:in `block (2 levels) in create_fixtures'
    /usr/local/rvm/gems/ruby-1.9.3-p194/gems/activerecord-3.2.8/lib/active_record/connection_adapters/abstract/database_statements.rb:192:in `transaction'
    /usr/local/rvm/gems/ruby-1.9.3-p194/gems/activerecord-3.2.8/lib/active_record/fixtures.rb:491:in `block in create_fixtures'
    /usr/local/rvm/gems/ruby-1.9.3-p194/gems/activerecord-3.2.8/lib/active_record/connection_adapters/abstract_adapter.rb:168:in `disable_referential_integrity'
    /usr/local/rvm/gems/ruby-1.9.3-p194/gems/activerecord-3.2.8/lib/active_record/fixtures.rb:476:in `create_fixtures'
    /usr/local/rvm/gems/ruby-1.9.3-p194/gems/activerecord-3.2.8/lib/active_record/fixtures.rb:895:in `load_fixtures'
    /usr/local/rvm/gems/ruby-1.9.3-p194/gems/activerecord-3.2.8/lib/active_record/fixtures.rb:849:in `setup_fixtures'
    /usr/local/rvm/gems/ruby-1.9.3-p194/gems/activesupport-3.2.8/lib/active_support/callbacks.rb:429:in `_run__114445119__setup__210762524__callbacks'
    /usr/local/rvm/gems/ruby-1.9.3-p194/gems/activesupport-3.2.8/lib/active_support/callbacks.rb:405:in `__run_callback'
    /usr/local/rvm/gems/ruby-1.9.3-p194/gems/activesupport-3.2.8/lib/active_support/callbacks.rb:385:in `_run_setup_callbacks'
    /usr/local/rvm/gems/ruby-1.9.3-p194/gems/activesupport-3.2.8/lib/active_support/callbacks.rb:81:in `run_callbacks'
    /usr/local/rvm/gems/ruby-1.9.3-p194/gems/activesupport-3.2.8/lib/active_support/testing/setup_and_teardown.rb:35:in `run'

  7) Error:
test_should_update_micropost(MicropostsControllerTest):
ActiveRecord::StatementInvalid: Could not find table 'users'
    /usr/local/rvm/gems/ruby-1.9.3-p194/gems/activerecord-3.2.8/lib/active_record/connection_adapters/sqlite_adapter.rb:472:in `table_structure'
    /usr/local/rvm/gems/ruby-1.9.3-p194/gems/activerecord-3.2.8/lib/active_record/connection_adapters/sqlite_adapter.rb:346:in `columns'
    /usr/local/rvm/gems/ruby-1.9.3-p194/gems/activerecord-3.2.8/lib/active_record/fixtures.rb:660:in `column_names'
    /usr/local/rvm/gems/ruby-1.9.3-p194/gems/activerecord-3.2.8/lib/active_record/fixtures.rb:652:in `timestamp_column_names'
    /usr/local/rvm/gems/ruby-1.9.3-p194/gems/activerecord-3.2.8/lib/active_record/fixtures.rb:585:in `block in table_rows'
    /usr/local/rvm/gems/ruby-1.9.3-p194/gems/activerecord-3.2.8/lib/active_record/fixtures.rb:579:in `each'
    /usr/local/rvm/gems/ruby-1.9.3-p194/gems/activerecord-3.2.8/lib/active_record/fixtures.rb:579:in `map'
    /usr/local/rvm/gems/ruby-1.9.3-p194/gems/activerecord-3.2.8/lib/active_record/fixtures.rb:579:in `table_rows'
    /usr/local/rvm/gems/ruby-1.9.3-p194/gems/activerecord-3.2.8/lib/active_record/fixtures.rb:494:in `block (3 levels) in create_fixtures'
    /usr/local/rvm/gems/ruby-1.9.3-p194/gems/activerecord-3.2.8/lib/active_record/fixtures.rb:492:in `each'
    /usr/local/rvm/gems/ruby-1.9.3-p194/gems/activerecord-3.2.8/lib/active_record/fixtures.rb:492:in `block (2 levels) in create_fixtures'
    /usr/local/rvm/gems/ruby-1.9.3-p194/gems/activerecord-3.2.8/lib/active_record/connection_adapters/abstract/database_statements.rb:192:in `transaction'
    /usr/local/rvm/gems/ruby-1.9.3-p194/gems/activerecord-3.2.8/lib/active_record/fixtures.rb:491:in `block in create_fixtures'
    /usr/local/rvm/gems/ruby-1.9.3-p194/gems/activerecord-3.2.8/lib/active_record/connection_adapters/abstract_adapter.rb:168:in `disable_referential_integrity'
    /usr/local/rvm/gems/ruby-1.9.3-p194/gems/activerecord-3.2.8/lib/active_record/fixtures.rb:476:in `create_fixtures'
    /usr/local/rvm/gems/ruby-1.9.3-p194/gems/activerecord-3.2.8/lib/active_record/fixtures.rb:895:in `load_fixtures'
    /usr/local/rvm/gems/ruby-1.9.3-p194/gems/activerecord-3.2.8/lib/active_record/fixtures.rb:849:in `setup_fixtures'
    /usr/local/rvm/gems/ruby-1.9.3-p194/gems/activesupport-3.2.8/lib/active_support/callbacks.rb:429:in `_run__114445119__setup__210762524__callbacks'
    /usr/local/rvm/gems/ruby-1.9.3-p194/gems/activesupport-3.2.8/lib/active_support/callbacks.rb:405:in `__run_callback'
    /usr/local/rvm/gems/ruby-1.9.3-p194/gems/activesupport-3.2.8/lib/active_support/callbacks.rb:385:in `_run_setup_callbacks'
    /usr/local/rvm/gems/ruby-1.9.3-p194/gems/activesupport-3.2.8/lib/active_support/callbacks.rb:81:in `run_callbacks'
    /usr/local/rvm/gems/ruby-1.9.3-p194/gems/activesupport-3.2.8/lib/active_support/testing/setup_and_teardown.rb:35:in `run'

7 tests, 0 assertions, 0 failures, 7 errors, 0 skips
/usr/local/rvm/rubies/ruby-1.9.3-p194/bin/ruby -I.:lib:test -rubygems test/functional/users_controller_test.rb -n "/^(test_should_create_user|test_should_destroy_user|test_should_get_edit|test_should_get_index|test_should_get_new|test_should_show_user|test_should_update_user)$/"; /usr/local/rvm/rubies/ruby-1.9.3-p194/bin/ruby -I.:lib:test -rubygems test/functional/microposts_controller_test.rb -n "/^(test_should_create_micropost|test_should_destroy_micropost|test_should_get_edit|test_should_get_index|test_should_get_new|test_should_show_micropost|test_should_update_micropost)$/"; /usr/local/rvm/rubies/ruby-1.9.3-p194/bin/ruby -I.:lib:test -rubygems test/functional/pages_controller_test.rb -n "/^(test_should_get_contact|test_should_get_home)$/"
Run options: -n "/^(test_should_create_user|test_should_destroy_user|test_should_get_edit|test_should_get_index|test_should_get_new|test_should_show_user|test_should_update_user)$/"

# Running tests:

EEEEEEE

Finished tests in 0.106228s, 65.8960 tests/s, 0.0000 assertions/s.

  1) Error:
test_should_create_user(UsersControllerTest):
ActiveRecord::StatementInvalid: Could not find table 'users'
    /usr/local/rvm/gems/ruby-1.9.3-p194/gems/activerecord-3.2.8/lib/active_record/connection_adapters/sqlite_adapter.rb:472:in `table_structure'
    /usr/local/rvm/gems/ruby-1.9.3-p194/gems/activerecord-3.2.8/lib/active_record/connection_adapters/sqlite_adapter.rb:346:in `columns'
    /usr/local/rvm/gems/ruby-1.9.3-p194/gems/activerecord-3.2.8/lib/active_record/fixtures.rb:660:in `column_names'
    /usr/local/rvm/gems/ruby-1.9.3-p194/gems/activerecord-3.2.8/lib/active_record/fixtures.rb:652:in `timestamp_column_names'
    /usr/local/rvm/gems/ruby-1.9.3-p194/gems/activerecord-3.2.8/lib/active_record/fixtures.rb:585:in `block in table_rows'
    /usr/local/rvm/gems/ruby-1.9.3-p194/gems/activerecord-3.2.8/lib/active_record/fixtures.rb:579:in `each'
    /usr/local/rvm/gems/ruby-1.9.3-p194/gems/activerecord-3.2.8/lib/active_record/fixtures.rb:579:in `map'
    /usr/local/rvm/gems/ruby-1.9.3-p194/gems/activerecord-3.2.8/lib/active_record/fixtures.rb:579:in `table_rows'
    /usr/local/rvm/gems/ruby-1.9.3-p194/gems/activerecord-3.2.8/lib/active_record/fixtures.rb:494:in `block (3 levels) in create_fixtures'
    /usr/local/rvm/gems/ruby-1.9.3-p194/gems/activerecord-3.2.8/lib/active_record/fixtures.rb:492:in `each'
    /usr/local/rvm/gems/ruby-1.9.3-p194/gems/activerecord-3.2.8/lib/active_record/fixtures.rb:492:in `block (2 levels) in create_fixtures'
    /usr/local/rvm/gems/ruby-1.9.3-p194/gems/activerecord-3.2.8/lib/active_record/connection_adapters/abstract/database_statements.rb:192:in `transaction'
    /usr/local/rvm/gems/ruby-1.9.3-p194/gems/activerecord-3.2.8/lib/active_record/fixtures.rb:491:in `block in create_fixtures'
    /usr/local/rvm/gems/ruby-1.9.3-p194/gems/activerecord-3.2.8/lib/active_record/connection_adapters/abstract_adapter.rb:168:in `disable_referential_integrity'
    /usr/local/rvm/gems/ruby-1.9.3-p194/gems/activerecord-3.2.8/lib/active_record/fixtures.rb:476:in `create_fixtures'
    /usr/local/rvm/gems/ruby-1.9.3-p194/gems/activerecord-3.2.8/lib/active_record/fixtures.rb:895:in `load_fixtures'
    /usr/local/rvm/gems/ruby-1.9.3-p194/gems/activerecord-3.2.8/lib/active_record/fixtures.rb:849:in `setup_fixtures'
    /usr/local/rvm/gems/ruby-1.9.3-p194/gems/activesupport-3.2.8/lib/active_support/callbacks.rb:429:in `_run__390411195__setup__925247701__callbacks'
    /usr/local/rvm/gems/ruby-1.9.3-p194/gems/activesupport-3.2.8/lib/active_support/callbacks.rb:405:in `__run_callback'
    /usr/local/rvm/gems/ruby-1.9.3-p194/gems/activesupport-3.2.8/lib/active_support/callbacks.rb:385:in `_run_setup_callbacks'
    /usr/local/rvm/gems/ruby-1.9.3-p194/gems/activesupport-3.2.8/lib/active_support/callbacks.rb:81:in `run_callbacks'
    /usr/local/rvm/gems/ruby-1.9.3-p194/gems/activesupport-3.2.8/lib/active_support/testing/setup_and_teardown.rb:35:in `run'

  2) Error:
test_should_destroy_user(UsersControllerTest):
ActiveRecord::StatementInvalid: Could not find table 'users'
    /usr/local/rvm/gems/ruby-1.9.3-p194/gems/activerecord-3.2.8/lib/active_record/connection_adapters/sqlite_adapter.rb:472:in `table_structure'
    /usr/local/rvm/gems/ruby-1.9.3-p194/gems/activerecord-3.2.8/lib/active_record/connection_adapters/sqlite_adapter.rb:346:in `columns'
    /usr/local/rvm/gems/ruby-1.9.3-p194/gems/activerecord-3.2.8/lib/active_record/fixtures.rb:660:in `column_names'
    /usr/local/rvm/gems/ruby-1.9.3-p194/gems/activerecord-3.2.8/lib/active_record/fixtures.rb:652:in `timestamp_column_names'
    /usr/local/rvm/gems/ruby-1.9.3-p194/gems/activerecord-3.2.8/lib/active_record/fixtures.rb:585:in `block in table_rows'
    /usr/local/rvm/gems/ruby-1.9.3-p194/gems/activerecord-3.2.8/lib/active_record/fixtures.rb:579:in `each'
    /usr/local/rvm/gems/ruby-1.9.3-p194/gems/activerecord-3.2.8/lib/active_record/fixtures.rb:579:in `map'
    /usr/local/rvm/gems/ruby-1.9.3-p194/gems/activerecord-3.2.8/lib/active_record/fixtures.rb:579:in `table_rows'
    /usr/local/rvm/gems/ruby-1.9.3-p194/gems/activerecord-3.2.8/lib/active_record/fixtures.rb:494:in `block (3 levels) in create_fixtures'
    /usr/local/rvm/gems/ruby-1.9.3-p194/gems/activerecord-3.2.8/lib/active_record/fixtures.rb:492:in `each'
    /usr/local/rvm/gems/ruby-1.9.3-p194/gems/activerecord-3.2.8/lib/active_record/fixtures.rb:492:in `block (2 levels) in create_fixtures'
    /usr/local/rvm/gems/ruby-1.9.3-p194/gems/activerecord-3.2.8/lib/active_record/connection_adapters/abstract/database_statements.rb:192:in `transaction'
    /usr/local/rvm/gems/ruby-1.9.3-p194/gems/activerecord-3.2.8/lib/active_record/fixtures.rb:491:in `block in create_fixtures'
    /usr/local/rvm/gems/ruby-1.9.3-p194/gems/activerecord-3.2.8/lib/active_record/connection_adapters/abstract_adapter.rb:168:in `disable_referential_integrity'
    /usr/local/rvm/gems/ruby-1.9.3-p194/gems/activerecord-3.2.8/lib/active_record/fixtures.rb:476:in `create_fixtures'
    /usr/local/rvm/gems/ruby-1.9.3-p194/gems/activerecord-3.2.8/lib/active_record/fixtures.rb:895:in `load_fixtures'
    /usr/local/rvm/gems/ruby-1.9.3-p194/gems/activerecord-3.2.8/lib/active_record/fixtures.rb:849:in `setup_fixtures'
    /usr/local/rvm/gems/ruby-1.9.3-p194/gems/activesupport-3.2.8/lib/active_support/callbacks.rb:429:in `_run__390411195__setup__925247701__callbacks'
    /usr/local/rvm/gems/ruby-1.9.3-p194/gems/activesupport-3.2.8/lib/active_support/callbacks.rb:405:in `__run_callback'
    /usr/local/rvm/gems/ruby-1.9.3-p194/gems/activesupport-3.2.8/lib/active_support/callbacks.rb:385:in `_run_setup_callbacks'
    /usr/local/rvm/gems/ruby-1.9.3-p194/gems/activesupport-3.2.8/lib/active_support/callbacks.rb:81:in `run_callbacks'
    /usr/local/rvm/gems/ruby-1.9.3-p194/gems/activesupport-3.2.8/lib/active_support/testing/setup_and_teardown.rb:35:in `run'

  3) Error:
test_should_get_edit(UsersControllerTest):
ActiveRecord::StatementInvalid: Could not find table 'users'
    /usr/local/rvm/gems/ruby-1.9.3-p194/gems/activerecord-3.2.8/lib/active_record/connection_adapters/sqlite_adapter.rb:472:in `table_structure'
    /usr/local/rvm/gems/ruby-1.9.3-p194/gems/activerecord-3.2.8/lib/active_record/connection_adapters/sqlite_adapter.rb:346:in `columns'
    /usr/local/rvm/gems/ruby-1.9.3-p194/gems/activerecord-3.2.8/lib/active_record/fixtures.rb:660:in `column_names'
    /usr/local/rvm/gems/ruby-1.9.3-p194/gems/activerecord-3.2.8/lib/active_record/fixtures.rb:652:in `timestamp_column_names'
    /usr/local/rvm/gems/ruby-1.9.3-p194/gems/activerecord-3.2.8/lib/active_record/fixtures.rb:585:in `block in table_rows'
    /usr/local/rvm/gems/ruby-1.9.3-p194/gems/activerecord-3.2.8/lib/active_record/fixtures.rb:579:in `each'
    /usr/local/rvm/gems/ruby-1.9.3-p194/gems/activerecord-3.2.8/lib/active_record/fixtures.rb:579:in `map'
    /usr/local/rvm/gems/ruby-1.9.3-p194/gems/activerecord-3.2.8/lib/active_record/fixtures.rb:579:in `table_rows'
    /usr/local/rvm/gems/ruby-1.9.3-p194/gems/activerecord-3.2.8/lib/active_record/fixtures.rb:494:in `block (3 levels) in create_fixtures'
    /usr/local/rvm/gems/ruby-1.9.3-p194/gems/activerecord-3.2.8/lib/active_record/fixtures.rb:492:in `each'
    /usr/local/rvm/gems/ruby-1.9.3-p194/gems/activerecord-3.2.8/lib/active_record/fixtures.rb:492:in `block (2 levels) in create_fixtures'
    /usr/local/rvm/gems/ruby-1.9.3-p194/gems/activerecord-3.2.8/lib/active_record/connection_adapters/abstract/database_statements.rb:192:in `transaction'
    /usr/local/rvm/gems/ruby-1.9.3-p194/gems/activerecord-3.2.8/lib/active_record/fixtures.rb:491:in `block in create_fixtures'
    /usr/local/rvm/gems/ruby-1.9.3-p194/gems/activerecord-3.2.8/lib/active_record/connection_adapters/abstract_adapter.rb:168:in `disable_referential_integrity'
    /usr/local/rvm/gems/ruby-1.9.3-p194/gems/activerecord-3.2.8/lib/active_record/fixtures.rb:476:in `create_fixtures'
    /usr/local/rvm/gems/ruby-1.9.3-p194/gems/activerecord-3.2.8/lib/active_record/fixtures.rb:895:in `load_fixtures'
    /usr/local/rvm/gems/ruby-1.9.3-p194/gems/activerecord-3.2.8/lib/active_record/fixtures.rb:849:in `setup_fixtures'
    /usr/local/rvm/gems/ruby-1.9.3-p194/gems/activesupport-3.2.8/lib/active_support/callbacks.rb:429:in `_run__390411195__setup__925247701__callbacks'
    /usr/local/rvm/gems/ruby-1.9.3-p194/gems/activesupport-3.2.8/lib/active_support/callbacks.rb:405:in `__run_callback'
    /usr/local/rvm/gems/ruby-1.9.3-p194/gems/activesupport-3.2.8/lib/active_support/callbacks.rb:385:in `_run_setup_callbacks'
    /usr/local/rvm/gems/ruby-1.9.3-p194/gems/activesupport-3.2.8/lib/active_support/callbacks.rb:81:in `run_callbacks'
    /usr/local/rvm/gems/ruby-1.9.3-p194/gems/activesupport-3.2.8/lib/active_support/testing/setup_and_teardown.rb:35:in `run'

  4) Error:
test_should_get_index(UsersControllerTest):
ActiveRecord::StatementInvalid: Could not find table 'users'
    /usr/local/rvm/gems/ruby-1.9.3-p194/gems/activerecord-3.2.8/lib/active_record/connection_adapters/sqlite_adapter.rb:472:in `table_structure'
    /usr/local/rvm/gems/ruby-1.9.3-p194/gems/activerecord-3.2.8/lib/active_record/connection_adapters/sqlite_adapter.rb:346:in `columns'
    /usr/local/rvm/gems/ruby-1.9.3-p194/gems/activerecord-3.2.8/lib/active_record/fixtures.rb:660:in `column_names'
    /usr/local/rvm/gems/ruby-1.9.3-p194/gems/activerecord-3.2.8/lib/active_record/fixtures.rb:652:in `timestamp_column_names'
    /usr/local/rvm/gems/ruby-1.9.3-p194/gems/activerecord-3.2.8/lib/active_record/fixtures.rb:585:in `block in table_rows'
    /usr/local/rvm/gems/ruby-1.9.3-p194/gems/activerecord-3.2.8/lib/active_record/fixtures.rb:579:in `each'
    /usr/local/rvm/gems/ruby-1.9.3-p194/gems/activerecord-3.2.8/lib/active_record/fixtures.rb:579:in `map'
    /usr/local/rvm/gems/ruby-1.9.3-p194/gems/activerecord-3.2.8/lib/active_record/fixtures.rb:579:in `table_rows'
    /usr/local/rvm/gems/ruby-1.9.3-p194/gems/activerecord-3.2.8/lib/active_record/fixtures.rb:494:in `block (3 levels) in create_fixtures'
    /usr/local/rvm/gems/ruby-1.9.3-p194/gems/activerecord-3.2.8/lib/active_record/fixtures.rb:492:in `each'
    /usr/local/rvm/gems/ruby-1.9.3-p194/gems/activerecord-3.2.8/lib/active_record/fixtures.rb:492:in `block (2 levels) in create_fixtures'
    /usr/local/rvm/gems/ruby-1.9.3-p194/gems/activerecord-3.2.8/lib/active_record/connection_adapters/abstract/database_statements.rb:192:in `transaction'
    /usr/local/rvm/gems/ruby-1.9.3-p194/gems/activerecord-3.2.8/lib/active_record/fixtures.rb:491:in `block in create_fixtures'
    /usr/local/rvm/gems/ruby-1.9.3-p194/gems/activerecord-3.2.8/lib/active_record/connection_adapters/abstract_adapter.rb:168:in `disable_referential_integrity'
    /usr/local/rvm/gems/ruby-1.9.3-p194/gems/activerecord-3.2.8/lib/active_record/fixtures.rb:476:in `create_fixtures'
    /usr/local/rvm/gems/ruby-1.9.3-p194/gems/activerecord-3.2.8/lib/active_record/fixtures.rb:895:in `load_fixtures'
    /usr/local/rvm/gems/ruby-1.9.3-p194/gems/activerecord-3.2.8/lib/active_record/fixtures.rb:849:in `setup_fixtures'
    /usr/local/rvm/gems/ruby-1.9.3-p194/gems/activesupport-3.2.8/lib/active_support/callbacks.rb:429:in `_run__390411195__setup__925247701__callbacks'
    /usr/local/rvm/gems/ruby-1.9.3-p194/gems/activesupport-3.2.8/lib/active_support/callbacks.rb:405:in `__run_callback'
    /usr/local/rvm/gems/ruby-1.9.3-p194/gems/activesupport-3.2.8/lib/active_support/callbacks.rb:385:in `_run_setup_callbacks'
    /usr/local/rvm/gems/ruby-1.9.3-p194/gems/activesupport-3.2.8/lib/active_support/callbacks.rb:81:in `run_callbacks'
    /usr/local/rvm/gems/ruby-1.9.3-p194/gems/activesupport-3.2.8/lib/active_support/testing/setup_and_teardown.rb:35:in `run'

  5) Error:
test_should_get_new(UsersControllerTest):
ActiveRecord::StatementInvalid: Could not find table 'users'
    /usr/local/rvm/gems/ruby-1.9.3-p194/gems/activerecord-3.2.8/lib/active_record/connection_adapters/sqlite_adapter.rb:472:in `table_structure'
    /usr/local/rvm/gems/ruby-1.9.3-p194/gems/activerecord-3.2.8/lib/active_record/connection_adapters/sqlite_adapter.rb:346:in `columns'
    /usr/local/rvm/gems/ruby-1.9.3-p194/gems/activerecord-3.2.8/lib/active_record/fixtures.rb:660:in `column_names'
    /usr/local/rvm/gems/ruby-1.9.3-p194/gems/activerecord-3.2.8/lib/active_record/fixtures.rb:652:in `timestamp_column_names'
    /usr/local/rvm/gems/ruby-1.9.3-p194/gems/activerecord-3.2.8/lib/active_record/fixtures.rb:585:in `block in table_rows'
    /usr/local/rvm/gems/ruby-1.9.3-p194/gems/activerecord-3.2.8/lib/active_record/fixtures.rb:579:in `each'
    /usr/local/rvm/gems/ruby-1.9.3-p194/gems/activerecord-3.2.8/lib/active_record/fixtures.rb:579:in `map'
    /usr/local/rvm/gems/ruby-1.9.3-p194/gems/activerecord-3.2.8/lib/active_record/fixtures.rb:579:in `table_rows'
    /usr/local/rvm/gems/ruby-1.9.3-p194/gems/activerecord-3.2.8/lib/active_record/fixtures.rb:494:in `block (3 levels) in create_fixtures'
    /usr/local/rvm/gems/ruby-1.9.3-p194/gems/activerecord-3.2.8/lib/active_record/fixtures.rb:492:in `each'
    /usr/local/rvm/gems/ruby-1.9.3-p194/gems/activerecord-3.2.8/lib/active_record/fixtures.rb:492:in `block (2 levels) in create_fixtures'
    /usr/local/rvm/gems/ruby-1.9.3-p194/gems/activerecord-3.2.8/lib/active_record/connection_adapters/abstract/database_statements.rb:192:in `transaction'
    /usr/local/rvm/gems/ruby-1.9.3-p194/gems/activerecord-3.2.8/lib/active_record/fixtures.rb:491:in `block in create_fixtures'
    /usr/local/rvm/gems/ruby-1.9.3-p194/gems/activerecord-3.2.8/lib/active_record/connection_adapters/abstract_adapter.rb:168:in `disable_referential_integrity'
    /usr/local/rvm/gems/ruby-1.9.3-p194/gems/activerecord-3.2.8/lib/active_record/fixtures.rb:476:in `create_fixtures'
    /usr/local/rvm/gems/ruby-1.9.3-p194/gems/activerecord-3.2.8/lib/active_record/fixtures.rb:895:in `load_fixtures'
    /usr/local/rvm/gems/ruby-1.9.3-p194/gems/activerecord-3.2.8/lib/active_record/fixtures.rb:849:in `setup_fixtures'
    /usr/local/rvm/gems/ruby-1.9.3-p194/gems/activesupport-3.2.8/lib/active_support/callbacks.rb:429:in `_run__390411195__setup__925247701__callbacks'
    /usr/local/rvm/gems/ruby-1.9.3-p194/gems/activesupport-3.2.8/lib/active_support/callbacks.rb:405:in `__run_callback'
    /usr/local/rvm/gems/ruby-1.9.3-p194/gems/activesupport-3.2.8/lib/active_support/callbacks.rb:385:in `_run_setup_callbacks'
    /usr/local/rvm/gems/ruby-1.9.3-p194/gems/activesupport-3.2.8/lib/active_support/callbacks.rb:81:in `run_callbacks'
    /usr/local/rvm/gems/ruby-1.9.3-p194/gems/activesupport-3.2.8/lib/active_support/testing/setup_and_teardown.rb:35:in `run'

  6) Error:
test_should_show_user(UsersControllerTest):
ActiveRecord::StatementInvalid: Could not find table 'users'
    /usr/local/rvm/gems/ruby-1.9.3-p194/gems/activerecord-3.2.8/lib/active_record/connection_adapters/sqlite_adapter.rb:472:in `table_structure'
    /usr/local/rvm/gems/ruby-1.9.3-p194/gems/activerecord-3.2.8/lib/active_record/connection_adapters/sqlite_adapter.rb:346:in `columns'
    /usr/local/rvm/gems/ruby-1.9.3-p194/gems/activerecord-3.2.8/lib/active_record/fixtures.rb:660:in `column_names'
    /usr/local/rvm/gems/ruby-1.9.3-p194/gems/activerecord-3.2.8/lib/active_record/fixtures.rb:652:in `timestamp_column_names'
    /usr/local/rvm/gems/ruby-1.9.3-p194/gems/activerecord-3.2.8/lib/active_record/fixtures.rb:585:in `block in table_rows'
    /usr/local/rvm/gems/ruby-1.9.3-p194/gems/activerecord-3.2.8/lib/active_record/fixtures.rb:579:in `each'
    /usr/local/rvm/gems/ruby-1.9.3-p194/gems/activerecord-3.2.8/lib/active_record/fixtures.rb:579:in `map'
    /usr/local/rvm/gems/ruby-1.9.3-p194/gems/activerecord-3.2.8/lib/active_record/fixtures.rb:579:in `table_rows'
    /usr/local/rvm/gems/ruby-1.9.3-p194/gems/activerecord-3.2.8/lib/active_record/fixtures.rb:494:in `block (3 levels) in create_fixtures'
    /usr/local/rvm/gems/ruby-1.9.3-p194/gems/activerecord-3.2.8/lib/active_record/fixtures.rb:492:in `each'
    /usr/local/rvm/gems/ruby-1.9.3-p194/gems/activerecord-3.2.8/lib/active_record/fixtures.rb:492:in `block (2 levels) in create_fixtures'
    /usr/local/rvm/gems/ruby-1.9.3-p194/gems/activerecord-3.2.8/lib/active_record/connection_adapters/abstract/database_statements.rb:192:in `transaction'
    /usr/local/rvm/gems/ruby-1.9.3-p194/gems/activerecord-3.2.8/lib/active_record/fixtures.rb:491:in `block in create_fixtures'
    /usr/local/rvm/gems/ruby-1.9.3-p194/gems/activerecord-3.2.8/lib/active_record/connection_adapters/abstract_adapter.rb:168:in `disable_referential_integrity'
    /usr/local/rvm/gems/ruby-1.9.3-p194/gems/activerecord-3.2.8/lib/active_record/fixtures.rb:476:in `create_fixtures'
    /usr/local/rvm/gems/ruby-1.9.3-p194/gems/activerecord-3.2.8/lib/active_record/fixtures.rb:895:in `load_fixtures'
    /usr/local/rvm/gems/ruby-1.9.3-p194/gems/activerecord-3.2.8/lib/active_record/fixtures.rb:849:in `setup_fixtures'
    /usr/local/rvm/gems/ruby-1.9.3-p194/gems/activesupport-3.2.8/lib/active_support/callbacks.rb:429:in `_run__390411195__setup__925247701__callbacks'
    /usr/local/rvm/gems/ruby-1.9.3-p194/gems/activesupport-3.2.8/lib/active_support/callbacks.rb:405:in `__run_callback'
    /usr/local/rvm/gems/ruby-1.9.3-p194/gems/activesupport-3.2.8/lib/active_support/callbacks.rb:385:in `_run_setup_callbacks'
    /usr/local/rvm/gems/ruby-1.9.3-p194/gems/activesupport-3.2.8/lib/active_support/callbacks.rb:81:in `run_callbacks'
    /usr/local/rvm/gems/ruby-1.9.3-p194/gems/activesupport-3.2.8/lib/active_support/testing/setup_and_teardown.rb:35:in `run'

  7) Error:
test_should_update_user(UsersControllerTest):
ActiveRecord::StatementInvalid: Could not find table 'users'
    /usr/local/rvm/gems/ruby-1.9.3-p194/gems/activerecord-3.2.8/lib/active_record/connection_adapters/sqlite_adapter.rb:472:in `table_structure'
    /usr/local/rvm/gems/ruby-1.9.3-p194/gems/activerecord-3.2.8/lib/active_record/connection_adapters/sqlite_adapter.rb:346:in `columns'
    /usr/local/rvm/gems/ruby-1.9.3-p194/gems/activerecord-3.2.8/lib/active_record/fixtures.rb:660:in `column_names'
    /usr/local/rvm/gems/ruby-1.9.3-p194/gems/activerecord-3.2.8/lib/active_record/fixtures.rb:652:in `timestamp_column_names'
    /usr/local/rvm/gems/ruby-1.9.3-p194/gems/activerecord-3.2.8/lib/active_record/fixtures.rb:585:in `block in table_rows'
    /usr/local/rvm/gems/ruby-1.9.3-p194/gems/activerecord-3.2.8/lib/active_record/fixtures.rb:579:in `each'
    /usr/local/rvm/gems/ruby-1.9.3-p194/gems/activerecord-3.2.8/lib/active_record/fixtures.rb:579:in `map'
    /usr/local/rvm/gems/ruby-1.9.3-p194/gems/activerecord-3.2.8/lib/active_record/fixtures.rb:579:in `table_rows'
    /usr/local/rvm/gems/ruby-1.9.3-p194/gems/activerecord-3.2.8/lib/active_record/fixtures.rb:494:in `block (3 levels) in create_fixtures'
    /usr/local/rvm/gems/ruby-1.9.3-p194/gems/activerecord-3.2.8/lib/active_record/fixtures.rb:492:in `each'
    /usr/local/rvm/gems/ruby-1.9.3-p194/gems/activerecord-3.2.8/lib/active_record/fixtures.rb:492:in `block (2 levels) in create_fixtures'
    /usr/local/rvm/gems/ruby-1.9.3-p194/gems/activerecord-3.2.8/lib/active_record/connection_adapters/abstract/database_statements.rb:192:in `transaction'
    /usr/local/rvm/gems/ruby-1.9.3-p194/gems/activerecord-3.2.8/lib/active_record/fixtures.rb:491:in `block in create_fixtures'
    /usr/local/rvm/gems/ruby-1.9.3-p194/gems/activerecord-3.2.8/lib/active_record/connection_adapters/abstract_adapter.rb:168:in `disable_referential_integrity'
    /usr/local/rvm/gems/ruby-1.9.3-p194/gems/activerecord-3.2.8/lib/active_record/fixtures.rb:476:in `create_fixtures'
    /usr/local/rvm/gems/ruby-1.9.3-p194/gems/activerecord-3.2.8/lib/active_record/fixtures.rb:895:in `load_fixtures'
    /usr/local/rvm/gems/ruby-1.9.3-p194/gems/activerecord-3.2.8/lib/active_record/fixtures.rb:849:in `setup_fixtures'
    /usr/local/rvm/gems/ruby-1.9.3-p194/gems/activesupport-3.2.8/lib/active_support/callbacks.rb:429:in `_run__390411195__setup__925247701__callbacks'
    /usr/local/rvm/gems/ruby-1.9.3-p194/gems/activesupport-3.2.8/lib/active_support/callbacks.rb:405:in `__run_callback'
    /usr/local/rvm/gems/ruby-1.9.3-p194/gems/activesupport-3.2.8/lib/active_support/callbacks.rb:385:in `_run_setup_callbacks'
    /usr/local/rvm/gems/ruby-1.9.3-p194/gems/activesupport-3.2.8/lib/active_support/callbacks.rb:81:in `run_callbacks'
    /usr/local/rvm/gems/ruby-1.9.3-p194/gems/activesupport-3.2.8/lib/active_support/testing/setup_and_teardown.rb:35:in `run'

7 tests, 0 assertions, 0 failures, 7 errors, 0 skips
Run options: -n "/^(test_should_create_micropost|test_should_destroy_micropost|test_should_get_edit|test_should_get_index|test_should_get_new|test_should_show_micropost|test_should_update_micropost)$/"

# Running tests:

EEEEEEE

Finished tests in 0.126020s, 55.5465 tests/s, 0.0000 assertions/s.

  1) Error:
test_should_create_micropost(MicropostsControllerTest):
ActiveRecord::StatementInvalid: Could not find table 'users'
    /usr/local/rvm/gems/ruby-1.9.3-p194/gems/activerecord-3.2.8/lib/active_record/connection_adapters/sqlite_adapter.rb:472:in `table_structure'
    /usr/local/rvm/gems/ruby-1.9.3-p194/gems/activerecord-3.2.8/lib/active_record/connection_adapters/sqlite_adapter.rb:346:in `columns'
    /usr/local/rvm/gems/ruby-1.9.3-p194/gems/activerecord-3.2.8/lib/active_record/fixtures.rb:660:in `column_names'
    /usr/local/rvm/gems/ruby-1.9.3-p194/gems/activerecord-3.2.8/lib/active_record/fixtures.rb:652:in `timestamp_column_names'
    /usr/local/rvm/gems/ruby-1.9.3-p194/gems/activerecord-3.2.8/lib/active_record/fixtures.rb:585:in `block in table_rows'
    /usr/local/rvm/gems/ruby-1.9.3-p194/gems/activerecord-3.2.8/lib/active_record/fixtures.rb:579:in `each'
    /usr/local/rvm/gems/ruby-1.9.3-p194/gems/activerecord-3.2.8/lib/active_record/fixtures.rb:579:in `map'
    /usr/local/rvm/gems/ruby-1.9.3-p194/gems/activerecord-3.2.8/lib/active_record/fixtures.rb:579:in `table_rows'
    /usr/local/rvm/gems/ruby-1.9.3-p194/gems/activerecord-3.2.8/lib/active_record/fixtures.rb:494:in `block (3 levels) in create_fixtures'
    /usr/local/rvm/gems/ruby-1.9.3-p194/gems/activerecord-3.2.8/lib/active_record/fixtures.rb:492:in `each'
    /usr/local/rvm/gems/ruby-1.9.3-p194/gems/activerecord-3.2.8/lib/active_record/fixtures.rb:492:in `block (2 levels) in create_fixtures'
    /usr/local/rvm/gems/ruby-1.9.3-p194/gems/activerecord-3.2.8/lib/active_record/connection_adapters/abstract/database_statements.rb:192:in `transaction'
    /usr/local/rvm/gems/ruby-1.9.3-p194/gems/activerecord-3.2.8/lib/active_record/fixtures.rb:491:in `block in create_fixtures'
    /usr/local/rvm/gems/ruby-1.9.3-p194/gems/activerecord-3.2.8/lib/active_record/connection_adapters/abstract_adapter.rb:168:in `disable_referential_integrity'
    /usr/local/rvm/gems/ruby-1.9.3-p194/gems/activerecord-3.2.8/lib/active_record/fixtures.rb:476:in `create_fixtures'
    /usr/local/rvm/gems/ruby-1.9.3-p194/gems/activerecord-3.2.8/lib/active_record/fixtures.rb:895:in `load_fixtures'
    /usr/local/rvm/gems/ruby-1.9.3-p194/gems/activerecord-3.2.8/lib/active_record/fixtures.rb:849:in `setup_fixtures'
    /usr/local/rvm/gems/ruby-1.9.3-p194/gems/activesupport-3.2.8/lib/active_support/callbacks.rb:429:in `_run__585762802__setup__803429781__callbacks'
    /usr/local/rvm/gems/ruby-1.9.3-p194/gems/activesupport-3.2.8/lib/active_support/callbacks.rb:405:in `__run_callback'
    /usr/local/rvm/gems/ruby-1.9.3-p194/gems/activesupport-3.2.8/lib/active_support/callbacks.rb:385:in `_run_setup_callbacks'
    /usr/local/rvm/gems/ruby-1.9.3-p194/gems/activesupport-3.2.8/lib/active_support/callbacks.rb:81:in `run_callbacks'
    /usr/local/rvm/gems/ruby-1.9.3-p194/gems/activesupport-3.2.8/lib/active_support/testing/setup_and_teardown.rb:35:in `run'

  2) Error:
test_should_destroy_micropost(MicropostsControllerTest):
ActiveRecord::StatementInvalid: Could not find table 'users'
    /usr/local/rvm/gems/ruby-1.9.3-p194/gems/activerecord-3.2.8/lib/active_record/connection_adapters/sqlite_adapter.rb:472:in `table_structure'
    /usr/local/rvm/gems/ruby-1.9.3-p194/gems/activerecord-3.2.8/lib/active_record/connection_adapters/sqlite_adapter.rb:346:in `columns'
    /usr/local/rvm/gems/ruby-1.9.3-p194/gems/activerecord-3.2.8/lib/active_record/fixtures.rb:660:in `column_names'
    /usr/local/rvm/gems/ruby-1.9.3-p194/gems/activerecord-3.2.8/lib/active_record/fixtures.rb:652:in `timestamp_column_names'
    /usr/local/rvm/gems/ruby-1.9.3-p194/gems/activerecord-3.2.8/lib/active_record/fixtures.rb:585:in `block in table_rows'
    /usr/local/rvm/gems/ruby-1.9.3-p194/gems/activerecord-3.2.8/lib/active_record/fixtures.rb:579:in `each'
    /usr/local/rvm/gems/ruby-1.9.3-p194/gems/activerecord-3.2.8/lib/active_record/fixtures.rb:579:in `map'
    /usr/local/rvm/gems/ruby-1.9.3-p194/gems/activerecord-3.2.8/lib/active_record/fixtures.rb:579:in `table_rows'
    /usr/local/rvm/gems/ruby-1.9.3-p194/gems/activerecord-3.2.8/lib/active_record/fixtures.rb:494:in `block (3 levels) in create_fixtures'
    /usr/local/rvm/gems/ruby-1.9.3-p194/gems/activerecord-3.2.8/lib/active_record/fixtures.rb:492:in `each'
    /usr/local/rvm/gems/ruby-1.9.3-p194/gems/activerecord-3.2.8/lib/active_record/fixtures.rb:492:in `block (2 levels) in create_fixtures'
    /usr/local/rvm/gems/ruby-1.9.3-p194/gems/activerecord-3.2.8/lib/active_record/connection_adapters/abstract/database_statements.rb:192:in `transaction'
    /usr/local/rvm/gems/ruby-1.9.3-p194/gems/activerecord-3.2.8/lib/active_record/fixtures.rb:491:in `block in create_fixtures'
    /usr/local/rvm/gems/ruby-1.9.3-p194/gems/activerecord-3.2.8/lib/active_record/connection_adapters/abstract_adapter.rb:168:in `disable_referential_integrity'
    /usr/local/rvm/gems/ruby-1.9.3-p194/gems/activerecord-3.2.8/lib/active_record/fixtures.rb:476:in `create_fixtures'
    /usr/local/rvm/gems/ruby-1.9.3-p194/gems/activerecord-3.2.8/lib/active_record/fixtures.rb:895:in `load_fixtures'
    /usr/local/rvm/gems/ruby-1.9.3-p194/gems/activerecord-3.2.8/lib/active_record/fixtures.rb:849:in `setup_fixtures'
    /usr/local/rvm/gems/ruby-1.9.3-p194/gems/activesupport-3.2.8/lib/active_support/callbacks.rb:429:in `_run__585762802__setup__803429781__callbacks'
    /usr/local/rvm/gems/ruby-1.9.3-p194/gems/activesupport-3.2.8/lib/active_support/callbacks.rb:405:in `__run_callback'
    /usr/local/rvm/gems/ruby-1.9.3-p194/gems/activesupport-3.2.8/lib/active_support/callbacks.rb:385:in `_run_setup_callbacks'
    /usr/local/rvm/gems/ruby-1.9.3-p194/gems/activesupport-3.2.8/lib/active_support/callbacks.rb:81:in `run_callbacks'
    /usr/local/rvm/gems/ruby-1.9.3-p194/gems/activesupport-3.2.8/lib/active_support/testing/setup_and_teardown.rb:35:in `run'

  3) Error:
test_should_get_edit(MicropostsControllerTest):
ActiveRecord::StatementInvalid: Could not find table 'users'
    /usr/local/rvm/gems/ruby-1.9.3-p194/gems/activerecord-3.2.8/lib/active_record/connection_adapters/sqlite_adapter.rb:472:in `table_structure'
    /usr/local/rvm/gems/ruby-1.9.3-p194/gems/activerecord-3.2.8/lib/active_record/connection_adapters/sqlite_adapter.rb:346:in `columns'
    /usr/local/rvm/gems/ruby-1.9.3-p194/gems/activerecord-3.2.8/lib/active_record/fixtures.rb:660:in `column_names'
    /usr/local/rvm/gems/ruby-1.9.3-p194/gems/activerecord-3.2.8/lib/active_record/fixtures.rb:652:in `timestamp_column_names'
    /usr/local/rvm/gems/ruby-1.9.3-p194/gems/activerecord-3.2.8/lib/active_record/fixtures.rb:585:in `block in table_rows'
    /usr/local/rvm/gems/ruby-1.9.3-p194/gems/activerecord-3.2.8/lib/active_record/fixtures.rb:579:in `each'
    /usr/local/rvm/gems/ruby-1.9.3-p194/gems/activerecord-3.2.8/lib/active_record/fixtures.rb:579:in `map'
    /usr/local/rvm/gems/ruby-1.9.3-p194/gems/activerecord-3.2.8/lib/active_record/fixtures.rb:579:in `table_rows'
    /usr/local/rvm/gems/ruby-1.9.3-p194/gems/activerecord-3.2.8/lib/active_record/fixtures.rb:494:in `block (3 levels) in create_fixtures'
    /usr/local/rvm/gems/ruby-1.9.3-p194/gems/activerecord-3.2.8/lib/active_record/fixtures.rb:492:in `each'
    /usr/local/rvm/gems/ruby-1.9.3-p194/gems/activerecord-3.2.8/lib/active_record/fixtures.rb:492:in `block (2 levels) in create_fixtures'
    /usr/local/rvm/gems/ruby-1.9.3-p194/gems/activerecord-3.2.8/lib/active_record/connection_adapters/abstract/database_statements.rb:192:in `transaction'
    /usr/local/rvm/gems/ruby-1.9.3-p194/gems/activerecord-3.2.8/lib/active_record/fixtures.rb:491:in `block in create_fixtures'
    /usr/local/rvm/gems/ruby-1.9.3-p194/gems/activerecord-3.2.8/lib/active_record/connection_adapters/abstract_adapter.rb:168:in `disable_referential_integrity'
    /usr/local/rvm/gems/ruby-1.9.3-p194/gems/activerecord-3.2.8/lib/active_record/fixtures.rb:476:in `create_fixtures'
    /usr/local/rvm/gems/ruby-1.9.3-p194/gems/activerecord-3.2.8/lib/active_record/fixtures.rb:895:in `load_fixtures'
    /usr/local/rvm/gems/ruby-1.9.3-p194/gems/activerecord-3.2.8/lib/active_record/fixtures.rb:849:in `setup_fixtures'
    /usr/local/rvm/gems/ruby-1.9.3-p194/gems/activesupport-3.2.8/lib/active_support/callbacks.rb:429:in `_run__585762802__setup__803429781__callbacks'
    /usr/local/rvm/gems/ruby-1.9.3-p194/gems/activesupport-3.2.8/lib/active_support/callbacks.rb:405:in `__run_callback'
    /usr/local/rvm/gems/ruby-1.9.3-p194/gems/activesupport-3.2.8/lib/active_support/callbacks.rb:385:in `_run_setup_callbacks'
    /usr/local/rvm/gems/ruby-1.9.3-p194/gems/activesupport-3.2.8/lib/active_support/callbacks.rb:81:in `run_callbacks'
    /usr/local/rvm/gems/ruby-1.9.3-p194/gems/activesupport-3.2.8/lib/active_support/testing/setup_and_teardown.rb:35:in `run'

  4) Error:
test_should_get_index(MicropostsControllerTest):
ActiveRecord::StatementInvalid: Could not find table 'users'
    /usr/local/rvm/gems/ruby-1.9.3-p194/gems/activerecord-3.2.8/lib/active_record/connection_adapters/sqlite_adapter.rb:472:in `table_structure'
    /usr/local/rvm/gems/ruby-1.9.3-p194/gems/activerecord-3.2.8/lib/active_record/connection_adapters/sqlite_adapter.rb:346:in `columns'
    /usr/local/rvm/gems/ruby-1.9.3-p194/gems/activerecord-3.2.8/lib/active_record/fixtures.rb:660:in `column_names'
    /usr/local/rvm/gems/ruby-1.9.3-p194/gems/activerecord-3.2.8/lib/active_record/fixtures.rb:652:in `timestamp_column_names'
    /usr/local/rvm/gems/ruby-1.9.3-p194/gems/activerecord-3.2.8/lib/active_record/fixtures.rb:585:in `block in table_rows'
    /usr/local/rvm/gems/ruby-1.9.3-p194/gems/activerecord-3.2.8/lib/active_record/fixtures.rb:579:in `each'
    /usr/local/rvm/gems/ruby-1.9.3-p194/gems/activerecord-3.2.8/lib/active_record/fixtures.rb:579:in `map'
    /usr/local/rvm/gems/ruby-1.9.3-p194/gems/activerecord-3.2.8/lib/active_record/fixtures.rb:579:in `table_rows'
    /usr/local/rvm/gems/ruby-1.9.3-p194/gems/activerecord-3.2.8/lib/active_record/fixtures.rb:494:in `block (3 levels) in create_fixtures'
    /usr/local/rvm/gems/ruby-1.9.3-p194/gems/activerecord-3.2.8/lib/active_record/fixtures.rb:492:in `each'
    /usr/local/rvm/gems/ruby-1.9.3-p194/gems/activerecord-3.2.8/lib/active_record/fixtures.rb:492:in `block (2 levels) in create_fixtures'
    /usr/local/rvm/gems/ruby-1.9.3-p194/gems/activerecord-3.2.8/lib/active_record/connection_adapters/abstract/database_statements.rb:192:in `transaction'
    /usr/local/rvm/gems/ruby-1.9.3-p194/gems/activerecord-3.2.8/lib/active_record/fixtures.rb:491:in `block in create_fixtures'
    /usr/local/rvm/gems/ruby-1.9.3-p194/gems/activerecord-3.2.8/lib/active_record/connection_adapters/abstract_adapter.rb:168:in `disable_referential_integrity'
    /usr/local/rvm/gems/ruby-1.9.3-p194/gems/activerecord-3.2.8/lib/active_record/fixtures.rb:476:in `create_fixtures'
    /usr/local/rvm/gems/ruby-1.9.3-p194/gems/activerecord-3.2.8/lib/active_record/fixtures.rb:895:in `load_fixtures'
    /usr/local/rvm/gems/ruby-1.9.3-p194/gems/activerecord-3.2.8/lib/active_record/fixtures.rb:849:in `setup_fixtures'
    /usr/local/rvm/gems/ruby-1.9.3-p194/gems/activesupport-3.2.8/lib/active_support/callbacks.rb:429:in `_run__585762802__setup__803429781__callbacks'
    /usr/local/rvm/gems/ruby-1.9.3-p194/gems/activesupport-3.2.8/lib/active_support/callbacks.rb:405:in `__run_callback'
    /usr/local/rvm/gems/ruby-1.9.3-p194/gems/activesupport-3.2.8/lib/active_support/callbacks.rb:385:in `_run_setup_callbacks'
    /usr/local/rvm/gems/ruby-1.9.3-p194/gems/activesupport-3.2.8/lib/active_support/callbacks.rb:81:in `run_callbacks'
    /usr/local/rvm/gems/ruby-1.9.3-p194/gems/activesupport-3.2.8/lib/active_support/testing/setup_and_teardown.rb:35:in `run'

  5) Error:
test_should_get_new(MicropostsControllerTest):
ActiveRecord::StatementInvalid: Could not find table 'users'
    /usr/local/rvm/gems/ruby-1.9.3-p194/gems/activerecord-3.2.8/lib/active_record/connection_adapters/sqlite_adapter.rb:472:in `table_structure'
    /usr/local/rvm/gems/ruby-1.9.3-p194/gems/activerecord-3.2.8/lib/active_record/connection_adapters/sqlite_adapter.rb:346:in `columns'
    /usr/local/rvm/gems/ruby-1.9.3-p194/gems/activerecord-3.2.8/lib/active_record/fixtures.rb:660:in `column_names'
    /usr/local/rvm/gems/ruby-1.9.3-p194/gems/activerecord-3.2.8/lib/active_record/fixtures.rb:652:in `timestamp_column_names'
    /usr/local/rvm/gems/ruby-1.9.3-p194/gems/activerecord-3.2.8/lib/active_record/fixtures.rb:585:in `block in table_rows'
    /usr/local/rvm/gems/ruby-1.9.3-p194/gems/activerecord-3.2.8/lib/active_record/fixtures.rb:579:in `each'
    /usr/local/rvm/gems/ruby-1.9.3-p194/gems/activerecord-3.2.8/lib/active_record/fixtures.rb:579:in `map'
    /usr/local/rvm/gems/ruby-1.9.3-p194/gems/activerecord-3.2.8/lib/active_record/fixtures.rb:579:in `table_rows'
    /usr/local/rvm/gems/ruby-1.9.3-p194/gems/activerecord-3.2.8/lib/active_record/fixtures.rb:494:in `block (3 levels) in create_fixtures'
    /usr/local/rvm/gems/ruby-1.9.3-p194/gems/activerecord-3.2.8/lib/active_record/fixtures.rb:492:in `each'
    /usr/local/rvm/gems/ruby-1.9.3-p194/gems/activerecord-3.2.8/lib/active_record/fixtures.rb:492:in `block (2 levels) in create_fixtures'
    /usr/local/rvm/gems/ruby-1.9.3-p194/gems/activerecord-3.2.8/lib/active_record/connection_adapters/abstract/database_statements.rb:192:in `transaction'
    /usr/local/rvm/gems/ruby-1.9.3-p194/gems/activerecord-3.2.8/lib/active_record/fixtures.rb:491:in `block in create_fixtures'
    /usr/local/rvm/gems/ruby-1.9.3-p194/gems/activerecord-3.2.8/lib/active_record/connection_adapters/abstract_adapter.rb:168:in `disable_referential_integrity'
    /usr/local/rvm/gems/ruby-1.9.3-p194/gems/activerecord-3.2.8/lib/active_record/fixtures.rb:476:in `create_fixtures'
    /usr/local/rvm/gems/ruby-1.9.3-p194/gems/activerecord-3.2.8/lib/active_record/fixtures.rb:895:in `load_fixtures'
    /usr/local/rvm/gems/ruby-1.9.3-p194/gems/activerecord-3.2.8/lib/active_record/fixtures.rb:849:in `setup_fixtures'
    /usr/local/rvm/gems/ruby-1.9.3-p194/gems/activesupport-3.2.8/lib/active_support/callbacks.rb:429:in `_run__585762802__setup__803429781__callbacks'
    /usr/local/rvm/gems/ruby-1.9.3-p194/gems/activesupport-3.2.8/lib/active_support/callbacks.rb:405:in `__run_callback'
    /usr/local/rvm/gems/ruby-1.9.3-p194/gems/activesupport-3.2.8/lib/active_support/callbacks.rb:385:in `_run_setup_callbacks'
    /usr/local/rvm/gems/ruby-1.9.3-p194/gems/activesupport-3.2.8/lib/active_support/callbacks.rb:81:in `run_callbacks'
    /usr/local/rvm/gems/ruby-1.9.3-p194/gems/activesupport-3.2.8/lib/active_support/testing/setup_and_teardown.rb:35:in `run'

  6) Error:
test_should_show_micropost(MicropostsControllerTest):
ActiveRecord::StatementInvalid: Could not find table 'users'
    /usr/local/rvm/gems/ruby-1.9.3-p194/gems/activerecord-3.2.8/lib/active_record/connection_adapters/sqlite_adapter.rb:472:in `table_structure'
    /usr/local/rvm/gems/ruby-1.9.3-p194/gems/activerecord-3.2.8/lib/active_record/connection_adapters/sqlite_adapter.rb:346:in `columns'
    /usr/local/rvm/gems/ruby-1.9.3-p194/gems/activerecord-3.2.8/lib/active_record/fixtures.rb:660:in `column_names'
    /usr/local/rvm/gems/ruby-1.9.3-p194/gems/activerecord-3.2.8/lib/active_record/fixtures.rb:652:in `timestamp_column_names'
    /usr/local/rvm/gems/ruby-1.9.3-p194/gems/activerecord-3.2.8/lib/active_record/fixtures.rb:585:in `block in table_rows'
    /usr/local/rvm/gems/ruby-1.9.3-p194/gems/activerecord-3.2.8/lib/active_record/fixtures.rb:579:in `each'
    /usr/local/rvm/gems/ruby-1.9.3-p194/gems/activerecord-3.2.8/lib/active_record/fixtures.rb:579:in `map'
    /usr/local/rvm/gems/ruby-1.9.3-p194/gems/activerecord-3.2.8/lib/active_record/fixtures.rb:579:in `table_rows'
    /usr/local/rvm/gems/ruby-1.9.3-p194/gems/activerecord-3.2.8/lib/active_record/fixtures.rb:494:in `block (3 levels) in create_fixtures'
    /usr/local/rvm/gems/ruby-1.9.3-p194/gems/activerecord-3.2.8/lib/active_record/fixtures.rb:492:in `each'
    /usr/local/rvm/gems/ruby-1.9.3-p194/gems/activerecord-3.2.8/lib/active_record/fixtures.rb:492:in `block (2 levels) in create_fixtures'
    /usr/local/rvm/gems/ruby-1.9.3-p194/gems/activerecord-3.2.8/lib/active_record/connection_adapters/abstract/database_statements.rb:192:in `transaction'
    /usr/local/rvm/gems/ruby-1.9.3-p194/gems/activerecord-3.2.8/lib/active_record/fixtures.rb:491:in `block in create_fixtures'
    /usr/local/rvm/gems/ruby-1.9.3-p194/gems/activerecord-3.2.8/lib/active_record/connection_adapters/abstract_adapter.rb:168:in `disable_referential_integrity'
    /usr/local/rvm/gems/ruby-1.9.3-p194/gems/activerecord-3.2.8/lib/active_record/fixtures.rb:476:in `create_fixtures'
    /usr/local/rvm/gems/ruby-1.9.3-p194/gems/activerecord-3.2.8/lib/active_record/fixtures.rb:895:in `load_fixtures'
    /usr/local/rvm/gems/ruby-1.9.3-p194/gems/activerecord-3.2.8/lib/active_record/fixtures.rb:849:in `setup_fixtures'
    /usr/local/rvm/gems/ruby-1.9.3-p194/gems/activesupport-3.2.8/lib/active_support/callbacks.rb:429:in `_run__585762802__setup__803429781__callbacks'
    /usr/local/rvm/gems/ruby-1.9.3-p194/gems/activesupport-3.2.8/lib/active_support/callbacks.rb:405:in `__run_callback'
    /usr/local/rvm/gems/ruby-1.9.3-p194/gems/activesupport-3.2.8/lib/active_support/callbacks.rb:385:in `_run_setup_callbacks'
    /usr/local/rvm/gems/ruby-1.9.3-p194/gems/activesupport-3.2.8/lib/active_support/callbacks.rb:81:in `run_callbacks'
    /usr/local/rvm/gems/ruby-1.9.3-p194/gems/activesupport-3.2.8/lib/active_support/testing/setup_and_teardown.rb:35:in `run'

  7) Error:
test_should_update_micropost(MicropostsControllerTest):
ActiveRecord::StatementInvalid: Could not find table 'users'
    /usr/local/rvm/gems/ruby-1.9.3-p194/gems/activerecord-3.2.8/lib/active_record/connection_adapters/sqlite_adapter.rb:472:in `table_structure'
    /usr/local/rvm/gems/ruby-1.9.3-p194/gems/activerecord-3.2.8/lib/active_record/connection_adapters/sqlite_adapter.rb:346:in `columns'
    /usr/local/rvm/gems/ruby-1.9.3-p194/gems/activerecord-3.2.8/lib/active_record/fixtures.rb:660:in `column_names'
    /usr/local/rvm/gems/ruby-1.9.3-p194/gems/activerecord-3.2.8/lib/active_record/fixtures.rb:652:in `timestamp_column_names'
    /usr/local/rvm/gems/ruby-1.9.3-p194/gems/activerecord-3.2.8/lib/active_record/fixtures.rb:585:in `block in table_rows'
    /usr/local/rvm/gems/ruby-1.9.3-p194/gems/activerecord-3.2.8/lib/active_record/fixtures.rb:579:in `each'
    /usr/local/rvm/gems/ruby-1.9.3-p194/gems/activerecord-3.2.8/lib/active_record/fixtures.rb:579:in `map'
    /usr/local/rvm/gems/ruby-1.9.3-p194/gems/activerecord-3.2.8/lib/active_record/fixtures.rb:579:in `table_rows'
    /usr/local/rvm/gems/ruby-1.9.3-p194/gems/activerecord-3.2.8/lib/active_record/fixtures.rb:494:in `block (3 levels) in create_fixtures'
    /usr/local/rvm/gems/ruby-1.9.3-p194/gems/activerecord-3.2.8/lib/active_record/fixtures.rb:492:in `each'
    /usr/local/rvm/gems/ruby-1.9.3-p194/gems/activerecord-3.2.8/lib/active_record/fixtures.rb:492:in `block (2 levels) in create_fixtures'
    /usr/local/rvm/gems/ruby-1.9.3-p194/gems/activerecord-3.2.8/lib/active_record/connection_adapters/abstract/database_statements.rb:192:in `transaction'
    /usr/local/rvm/gems/ruby-1.9.3-p194/gems/activerecord-3.2.8/lib/active_record/fixtures.rb:491:in `block in create_fixtures'
    /usr/local/rvm/gems/ruby-1.9.3-p194/gems/activerecord-3.2.8/lib/active_record/connection_adapters/abstract_adapter.rb:168:in `disable_referential_integrity'
    /usr/local/rvm/gems/ruby-1.9.3-p194/gems/activerecord-3.2.8/lib/active_record/fixtures.rb:476:in `create_fixtures'
    /usr/local/rvm/gems/ruby-1.9.3-p194/gems/activerecord-3.2.8/lib/active_record/fixtures.rb:895:in `load_fixtures'
    /usr/local/rvm/gems/ruby-1.9.3-p194/gems/activerecord-3.2.8/lib/active_record/fixtures.rb:849:in `setup_fixtures'
    /usr/local/rvm/gems/ruby-1.9.3-p194/gems/activesupport-3.2.8/lib/active_support/callbacks.rb:429:in `_run__585762802__setup__803429781__callbacks'
    /usr/local/rvm/gems/ruby-1.9.3-p194/gems/activesupport-3.2.8/lib/active_support/callbacks.rb:405:in `__run_callback'
    /usr/local/rvm/gems/ruby-1.9.3-p194/gems/activesupport-3.2.8/lib/active_support/callbacks.rb:385:in `_run_setup_callbacks'
    /usr/local/rvm/gems/ruby-1.9.3-p194/gems/activesupport-3.2.8/lib/active_support/callbacks.rb:81:in `run_callbacks'
    /usr/local/rvm/gems/ruby-1.9.3-p194/gems/activesupport-3.2.8/lib/active_support/testing/setup_and_teardown.rb:35:in `run'

7 tests, 0 assertions, 0 failures, 7 errors, 0 skips
Run options: -n "/^(test_should_get_contact|test_should_get_home)$/"

# Running tests:

EE

Finished tests in 0.049561s, 40.3543 tests/s, 0.0000 assertions/s.

  1) Error:
test_should_get_contact(PagesControllerTest):
ActiveRecord::StatementInvalid: Could not find table 'users'
    /usr/local/rvm/gems/ruby-1.9.3-p194/gems/activerecord-3.2.8/lib/active_record/connection_adapters/sqlite_adapter.rb:472:in `table_structure'
    /usr/local/rvm/gems/ruby-1.9.3-p194/gems/activerecord-3.2.8/lib/active_record/connection_adapters/sqlite_adapter.rb:346:in `columns'
    /usr/local/rvm/gems/ruby-1.9.3-p194/gems/activerecord-3.2.8/lib/active_record/fixtures.rb:660:in `column_names'
    /usr/local/rvm/gems/ruby-1.9.3-p194/gems/activerecord-3.2.8/lib/active_record/fixtures.rb:652:in `timestamp_column_names'
    /usr/local/rvm/gems/ruby-1.9.3-p194/gems/activerecord-3.2.8/lib/active_record/fixtures.rb:585:in `block in table_rows'
    /usr/local/rvm/gems/ruby-1.9.3-p194/gems/activerecord-3.2.8/lib/active_record/fixtures.rb:579:in `each'
    /usr/local/rvm/gems/ruby-1.9.3-p194/gems/activerecord-3.2.8/lib/active_record/fixtures.rb:579:in `map'
    /usr/local/rvm/gems/ruby-1.9.3-p194/gems/activerecord-3.2.8/lib/active_record/fixtures.rb:579:in `table_rows'
    /usr/local/rvm/gems/ruby-1.9.3-p194/gems/activerecord-3.2.8/lib/active_record/fixtures.rb:494:in `block (3 levels) in create_fixtures'
    /usr/local/rvm/gems/ruby-1.9.3-p194/gems/activerecord-3.2.8/lib/active_record/fixtures.rb:492:in `each'
    /usr/local/rvm/gems/ruby-1.9.3-p194/gems/activerecord-3.2.8/lib/active_record/fixtures.rb:492:in `block (2 levels) in create_fixtures'
    /usr/local/rvm/gems/ruby-1.9.3-p194/gems/activerecord-3.2.8/lib/active_record/connection_adapters/abstract/database_statements.rb:192:in `transaction'
    /usr/local/rvm/gems/ruby-1.9.3-p194/gems/activerecord-3.2.8/lib/active_record/fixtures.rb:491:in `block in create_fixtures'
    /usr/local/rvm/gems/ruby-1.9.3-p194/gems/activerecord-3.2.8/lib/active_record/connection_adapters/abstract_adapter.rb:168:in `disable_referential_integrity'
    /usr/local/rvm/gems/ruby-1.9.3-p194/gems/activerecord-3.2.8/lib/active_record/fixtures.rb:476:in `create_fixtures'
    /usr/local/rvm/gems/ruby-1.9.3-p194/gems/activerecord-3.2.8/lib/active_record/fixtures.rb:895:in `load_fixtures'
    /usr/local/rvm/gems/ruby-1.9.3-p194/gems/activerecord-3.2.8/lib/active_record/fixtures.rb:849:in `setup_fixtures'
    /usr/local/rvm/gems/ruby-1.9.3-p194/gems/activesupport-3.2.8/lib/active_support/callbacks.rb:429:in `_run__473025490__setup__716148271__callbacks'
    /usr/local/rvm/gems/ruby-1.9.3-p194/gems/activesupport-3.2.8/lib/active_support/callbacks.rb:405:in `__run_callback'
    /usr/local/rvm/gems/ruby-1.9.3-p194/gems/activesupport-3.2.8/lib/active_support/callbacks.rb:385:in `_run_setup_callbacks'
    /usr/local/rvm/gems/ruby-1.9.3-p194/gems/activesupport-3.2.8/lib/active_support/callbacks.rb:81:in `run_callbacks'
    /usr/local/rvm/gems/ruby-1.9.3-p194/gems/activesupport-3.2.8/lib/active_support/testing/setup_and_teardown.rb:35:in `run'

  2) Error:
test_should_get_home(PagesControllerTest):
ActiveRecord::StatementInvalid: Could not find table 'users'
    /usr/local/rvm/gems/ruby-1.9.3-p194/gems/activerecord-3.2.8/lib/active_record/connection_adapters/sqlite_adapter.rb:472:in `table_structure'
    /usr/local/rvm/gems/ruby-1.9.3-p194/gems/activerecord-3.2.8/lib/active_record/connection_adapters/sqlite_adapter.rb:346:in `columns'
    /usr/local/rvm/gems/ruby-1.9.3-p194/gems/activerecord-3.2.8/lib/active_record/fixtures.rb:660:in `column_names'
    /usr/local/rvm/gems/ruby-1.9.3-p194/gems/activerecord-3.2.8/lib/active_record/fixtures.rb:652:in `timestamp_column_names'
    /usr/local/rvm/gems/ruby-1.9.3-p194/gems/activerecord-3.2.8/lib/active_record/fixtures.rb:585:in `block in table_rows'
    /usr/local/rvm/gems/ruby-1.9.3-p194/gems/activerecord-3.2.8/lib/active_record/fixtures.rb:579:in `each'
    /usr/local/rvm/gems/ruby-1.9.3-p194/gems/activerecord-3.2.8/lib/active_record/fixtures.rb:579:in `map'
    /usr/local/rvm/gems/ruby-1.9.3-p194/gems/activerecord-3.2.8/lib/active_record/fixtures.rb:579:in `table_rows'
    /usr/local/rvm/gems/ruby-1.9.3-p194/gems/activerecord-3.2.8/lib/active_record/fixtures.rb:494:in `block (3 levels) in create_fixtures'
    /usr/local/rvm/gems/ruby-1.9.3-p194/gems/activerecord-3.2.8/lib/active_record/fixtures.rb:492:in `each'
    /usr/local/rvm/gems/ruby-1.9.3-p194/gems/activerecord-3.2.8/lib/active_record/fixtures.rb:492:in `block (2 levels) in create_fixtures'
    /usr/local/rvm/gems/ruby-1.9.3-p194/gems/activerecord-3.2.8/lib/active_record/connection_adapters/abstract/database_statements.rb:192:in `transaction'
    /usr/local/rvm/gems/ruby-1.9.3-p194/gems/activerecord-3.2.8/lib/active_record/fixtures.rb:491:in `block in create_fixtures'
    /usr/local/rvm/gems/ruby-1.9.3-p194/gems/activerecord-3.2.8/lib/active_record/connection_adapters/abstract_adapter.rb:168:in `disable_referential_integrity'
    /usr/local/rvm/gems/ruby-1.9.3-p194/gems/activerecord-3.2.8/lib/active_record/fixtures.rb:476:in `create_fixtures'
    /usr/local/rvm/gems/ruby-1.9.3-p194/gems/activerecord-3.2.8/lib/active_record/fixtures.rb:895:in `load_fixtures'
    /usr/local/rvm/gems/ruby-1.9.3-p194/gems/activerecord-3.2.8/lib/active_record/fixtures.rb:849:in `setup_fixtures'
    /usr/local/rvm/gems/ruby-1.9.3-p194/gems/activesupport-3.2.8/lib/active_support/callbacks.rb:429:in `_run__473025490__setup__716148271__callbacks'
    /usr/local/rvm/gems/ruby-1.9.3-p194/gems/activesupport-3.2.8/lib/active_support/callbacks.rb:405:in `__run_callback'
    /usr/local/rvm/gems/ruby-1.9.3-p194/gems/activesupport-3.2.8/lib/active_support/callbacks.rb:385:in `_run_setup_callbacks'
    /usr/local/rvm/gems/ruby-1.9.3-p194/gems/activesupport-3.2.8/lib/active_support/callbacks.rb:81:in `run_callbacks'
    /usr/local/rvm/gems/ruby-1.9.3-p194/gems/activesupport-3.2.8/lib/active_support/testing/setup_and_teardown.rb:35:in `run'

2 tests, 0 assertions, 0 failures, 2 errors, 0 skips
/usr/local/rvm/rubies/ruby-1.9.3-p194/bin/ruby -I.:lib:test -rubygems test/functional/users_controller_test.rb -n "/^(test_should_create_user|test_should_destroy_user|test_should_get_edit|test_should_get_index|test_should_get_new|test_should_show_user|test_should_update_user)$/"; /usr/local/rvm/rubies/ruby-1.9.3-p194/bin/ruby -I.:lib:test -rubygems test/functional/pages_controller_test.rb -n "/^(test_should_get_contact|test_should_get_home)$/"; /usr/local/rvm/rubies/ruby-1.9.3-p194/bin/ruby -I.:lib:test -rubygems test/functional/microposts_controller_test.rb -n "/^(test_should_create_micropost|test_should_destroy_micropost|test_should_get_edit|test_should_get_index|test_should_get_new|test_should_show_micropost|test_should_update_micropost)$/"
Run options: -n "/^(test_should_create_user|test_should_destroy_user|test_should_get_edit|test_should_get_index|test_should_get_new|test_should_show_user|test_should_update_user)$/"

# Running tests:

EEEEEEE

Finished tests in 0.103006s, 67.9569 tests/s, 0.0000 assertions/s.

  1) Error:
test_should_create_user(UsersControllerTest):
ActiveRecord::StatementInvalid: Could not find table 'users'
    /usr/local/rvm/gems/ruby-1.9.3-p194/gems/activerecord-3.2.8/lib/active_record/connection_adapters/sqlite_adapter.rb:472:in `table_structure'
    /usr/local/rvm/gems/ruby-1.9.3-p194/gems/activerecord-3.2.8/lib/active_record/connection_adapters/sqlite_adapter.rb:346:in `columns'
    /usr/local/rvm/gems/ruby-1.9.3-p194/gems/activerecord-3.2.8/lib/active_record/fixtures.rb:660:in `column_names'
    /usr/local/rvm/gems/ruby-1.9.3-p194/gems/activerecord-3.2.8/lib/active_record/fixtures.rb:652:in `timestamp_column_names'
    /usr/local/rvm/gems/ruby-1.9.3-p194/gems/activerecord-3.2.8/lib/active_record/fixtures.rb:585:in `block in table_rows'
    /usr/local/rvm/gems/ruby-1.9.3-p194/gems/activerecord-3.2.8/lib/active_record/fixtures.rb:579:in `each'
    /usr/local/rvm/gems/ruby-1.9.3-p194/gems/activerecord-3.2.8/lib/active_record/fixtures.rb:579:in `map'
    /usr/local/rvm/gems/ruby-1.9.3-p194/gems/activerecord-3.2.8/lib/active_record/fixtures.rb:579:in `table_rows'
    /usr/local/rvm/gems/ruby-1.9.3-p194/gems/activerecord-3.2.8/lib/active_record/fixtures.rb:494:in `block (3 levels) in create_fixtures'
    /usr/local/rvm/gems/ruby-1.9.3-p194/gems/activerecord-3.2.8/lib/active_record/fixtures.rb:492:in `each'
    /usr/local/rvm/gems/ruby-1.9.3-p194/gems/activerecord-3.2.8/lib/active_record/fixtures.rb:492:in `block (2 levels) in create_fixtures'
    /usr/local/rvm/gems/ruby-1.9.3-p194/gems/activerecord-3.2.8/lib/active_record/connection_adapters/abstract/database_statements.rb:192:in `transaction'
    /usr/local/rvm/gems/ruby-1.9.3-p194/gems/activerecord-3.2.8/lib/active_record/fixtures.rb:491:in `block in create_fixtures'
    /usr/local/rvm/gems/ruby-1.9.3-p194/gems/activerecord-3.2.8/lib/active_record/connection_adapters/abstract_adapter.rb:168:in `disable_referential_integrity'
    /usr/local/rvm/gems/ruby-1.9.3-p194/gems/activerecord-3.2.8/lib/active_record/fixtures.rb:476:in `create_fixtures'
    /usr/local/rvm/gems/ruby-1.9.3-p194/gems/activerecord-3.2.8/lib/active_record/fixtures.rb:895:in `load_fixtures'
    /usr/local/rvm/gems/ruby-1.9.3-p194/gems/activerecord-3.2.8/lib/active_record/fixtures.rb:849:in `setup_fixtures'
    /usr/local/rvm/gems/ruby-1.9.3-p194/gems/activesupport-3.2.8/lib/active_support/callbacks.rb:429:in `_run__375399130__setup__884706692__callbacks'
    /usr/local/rvm/gems/ruby-1.9.3-p194/gems/activesupport-3.2.8/lib/active_support/callbacks.rb:405:in `__run_callback'
    /usr/local/rvm/gems/ruby-1.9.3-p194/gems/activesupport-3.2.8/lib/active_support/callbacks.rb:385:in `_run_setup_callbacks'
    /usr/local/rvm/gems/ruby-1.9.3-p194/gems/activesupport-3.2.8/lib/active_support/callbacks.rb:81:in `run_callbacks'
    /usr/local/rvm/gems/ruby-1.9.3-p194/gems/activesupport-3.2.8/lib/active_support/testing/setup_and_teardown.rb:35:in `run'

  2) Error:
test_should_destroy_user(UsersControllerTest):
ActiveRecord::StatementInvalid: Could not find table 'users'
    /usr/local/rvm/gems/ruby-1.9.3-p194/gems/activerecord-3.2.8/lib/active_record/connection_adapters/sqlite_adapter.rb:472:in `table_structure'
    /usr/local/rvm/gems/ruby-1.9.3-p194/gems/activerecord-3.2.8/lib/active_record/connection_adapters/sqlite_adapter.rb:346:in `columns'
    /usr/local/rvm/gems/ruby-1.9.3-p194/gems/activerecord-3.2.8/lib/active_record/fixtures.rb:660:in `column_names'
    /usr/local/rvm/gems/ruby-1.9.3-p194/gems/activerecord-3.2.8/lib/active_record/fixtures.rb:652:in `timestamp_column_names'
    /usr/local/rvm/gems/ruby-1.9.3-p194/gems/activerecord-3.2.8/lib/active_record/fixtures.rb:585:in `block in table_rows'
    /usr/local/rvm/gems/ruby-1.9.3-p194/gems/activerecord-3.2.8/lib/active_record/fixtures.rb:579:in `each'
    /usr/local/rvm/gems/ruby-1.9.3-p194/gems/activerecord-3.2.8/lib/active_record/fixtures.rb:579:in `map'
    /usr/local/rvm/gems/ruby-1.9.3-p194/gems/activerecord-3.2.8/lib/active_record/fixtures.rb:579:in `table_rows'
    /usr/local/rvm/gems/ruby-1.9.3-p194/gems/activerecord-3.2.8/lib/active_record/fixtures.rb:494:in `block (3 levels) in create_fixtures'
    /usr/local/rvm/gems/ruby-1.9.3-p194/gems/activerecord-3.2.8/lib/active_record/fixtures.rb:492:in `each'
    /usr/local/rvm/gems/ruby-1.9.3-p194/gems/activerecord-3.2.8/lib/active_record/fixtures.rb:492:in `block (2 levels) in create_fixtures'
    /usr/local/rvm/gems/ruby-1.9.3-p194/gems/activerecord-3.2.8/lib/active_record/connection_adapters/abstract/database_statements.rb:192:in `transaction'
    /usr/local/rvm/gems/ruby-1.9.3-p194/gems/activerecord-3.2.8/lib/active_record/fixtures.rb:491:in `block in create_fixtures'
    /usr/local/rvm/gems/ruby-1.9.3-p194/gems/activerecord-3.2.8/lib/active_record/connection_adapters/abstract_adapter.rb:168:in `disable_referential_integrity'
    /usr/local/rvm/gems/ruby-1.9.3-p194/gems/activerecord-3.2.8/lib/active_record/fixtures.rb:476:in `create_fixtures'
    /usr/local/rvm/gems/ruby-1.9.3-p194/gems/activerecord-3.2.8/lib/active_record/fixtures.rb:895:in `load_fixtures'
    /usr/local/rvm/gems/ruby-1.9.3-p194/gems/activerecord-3.2.8/lib/active_record/fixtures.rb:849:in `setup_fixtures'
    /usr/local/rvm/gems/ruby-1.9.3-p194/gems/activesupport-3.2.8/lib/active_support/callbacks.rb:429:in `_run__375399130__setup__884706692__callbacks'
    /usr/local/rvm/gems/ruby-1.9.3-p194/gems/activesupport-3.2.8/lib/active_support/callbacks.rb:405:in `__run_callback'
    /usr/local/rvm/gems/ruby-1.9.3-p194/gems/activesupport-3.2.8/lib/active_support/callbacks.rb:385:in `_run_setup_callbacks'
    /usr/local/rvm/gems/ruby-1.9.3-p194/gems/activesupport-3.2.8/lib/active_support/callbacks.rb:81:in `run_callbacks'
    /usr/local/rvm/gems/ruby-1.9.3-p194/gems/activesupport-3.2.8/lib/active_support/testing/setup_and_teardown.rb:35:in `run'

  3) Error:
test_should_get_edit(UsersControllerTest):
ActiveRecord::StatementInvalid: Could not find table 'users'
    /usr/local/rvm/gems/ruby-1.9.3-p194/gems/activerecord-3.2.8/lib/active_record/connection_adapters/sqlite_adapter.rb:472:in `table_structure'
    /usr/local/rvm/gems/ruby-1.9.3-p194/gems/activerecord-3.2.8/lib/active_record/connection_adapters/sqlite_adapter.rb:346:in `columns'
    /usr/local/rvm/gems/ruby-1.9.3-p194/gems/activerecord-3.2.8/lib/active_record/fixtures.rb:660:in `column_names'
    /usr/local/rvm/gems/ruby-1.9.3-p194/gems/activerecord-3.2.8/lib/active_record/fixtures.rb:652:in `timestamp_column_names'
    /usr/local/rvm/gems/ruby-1.9.3-p194/gems/activerecord-3.2.8/lib/active_record/fixtures.rb:585:in `block in table_rows'
    /usr/local/rvm/gems/ruby-1.9.3-p194/gems/activerecord-3.2.8/lib/active_record/fixtures.rb:579:in `each'
    /usr/local/rvm/gems/ruby-1.9.3-p194/gems/activerecord-3.2.8/lib/active_record/fixtures.rb:579:in `map'
    /usr/local/rvm/gems/ruby-1.9.3-p194/gems/activerecord-3.2.8/lib/active_record/fixtures.rb:579:in `table_rows'
    /usr/local/rvm/gems/ruby-1.9.3-p194/gems/activerecord-3.2.8/lib/active_record/fixtures.rb:494:in `block (3 levels) in create_fixtures'
    /usr/local/rvm/gems/ruby-1.9.3-p194/gems/activerecord-3.2.8/lib/active_record/fixtures.rb:492:in `each'
    /usr/local/rvm/gems/ruby-1.9.3-p194/gems/activerecord-3.2.8/lib/active_record/fixtures.rb:492:in `block (2 levels) in create_fixtures'
    /usr/local/rvm/gems/ruby-1.9.3-p194/gems/activerecord-3.2.8/lib/active_record/connection_adapters/abstract/database_statements.rb:192:in `transaction'
    /usr/local/rvm/gems/ruby-1.9.3-p194/gems/activerecord-3.2.8/lib/active_record/fixtures.rb:491:in `block in create_fixtures'
    /usr/local/rvm/gems/ruby-1.9.3-p194/gems/activerecord-3.2.8/lib/active_record/connection_adapters/abstract_adapter.rb:168:in `disable_referential_integrity'
    /usr/local/rvm/gems/ruby-1.9.3-p194/gems/activerecord-3.2.8/lib/active_record/fixtures.rb:476:in `create_fixtures'
    /usr/local/rvm/gems/ruby-1.9.3-p194/gems/activerecord-3.2.8/lib/active_record/fixtures.rb:895:in `load_fixtures'
    /usr/local/rvm/gems/ruby-1.9.3-p194/gems/activerecord-3.2.8/lib/active_record/fixtures.rb:849:in `setup_fixtures'
    /usr/local/rvm/gems/ruby-1.9.3-p194/gems/activesupport-3.2.8/lib/active_support/callbacks.rb:429:in `_run__375399130__setup__884706692__callbacks'
    /usr/local/rvm/gems/ruby-1.9.3-p194/gems/activesupport-3.2.8/lib/active_support/callbacks.rb:405:in `__run_callback'
    /usr/local/rvm/gems/ruby-1.9.3-p194/gems/activesupport-3.2.8/lib/active_support/callbacks.rb:385:in `_run_setup_callbacks'
    /usr/local/rvm/gems/ruby-1.9.3-p194/gems/activesupport-3.2.8/lib/active_support/callbacks.rb:81:in `run_callbacks'
    /usr/local/rvm/gems/ruby-1.9.3-p194/gems/activesupport-3.2.8/lib/active_support/testing/setup_and_teardown.rb:35:in `run'

  4) Error:
test_should_get_index(UsersControllerTest):
ActiveRecord::StatementInvalid: Could not find table 'users'
    /usr/local/rvm/gems/ruby-1.9.3-p194/gems/activerecord-3.2.8/lib/active_record/connection_adapters/sqlite_adapter.rb:472:in `table_structure'
    /usr/local/rvm/gems/ruby-1.9.3-p194/gems/activerecord-3.2.8/lib/active_record/connection_adapters/sqlite_adapter.rb:346:in `columns'
    /usr/local/rvm/gems/ruby-1.9.3-p194/gems/activerecord-3.2.8/lib/active_record/fixtures.rb:660:in `column_names'
    /usr/local/rvm/gems/ruby-1.9.3-p194/gems/activerecord-3.2.8/lib/active_record/fixtures.rb:652:in `timestamp_column_names'
    /usr/local/rvm/gems/ruby-1.9.3-p194/gems/activerecord-3.2.8/lib/active_record/fixtures.rb:585:in `block in table_rows'
    /usr/local/rvm/gems/ruby-1.9.3-p194/gems/activerecord-3.2.8/lib/active_record/fixtures.rb:579:in `each'
    /usr/local/rvm/gems/ruby-1.9.3-p194/gems/activerecord-3.2.8/lib/active_record/fixtures.rb:579:in `map'
    /usr/local/rvm/gems/ruby-1.9.3-p194/gems/activerecord-3.2.8/lib/active_record/fixtures.rb:579:in `table_rows'
    /usr/local/rvm/gems/ruby-1.9.3-p194/gems/activerecord-3.2.8/lib/active_record/fixtures.rb:494:in `block (3 levels) in create_fixtures'
    /usr/local/rvm/gems/ruby-1.9.3-p194/gems/activerecord-3.2.8/lib/active_record/fixtures.rb:492:in `each'
    /usr/local/rvm/gems/ruby-1.9.3-p194/gems/activerecord-3.2.8/lib/active_record/fixtures.rb:492:in `block (2 levels) in create_fixtures'
    /usr/local/rvm/gems/ruby-1.9.3-p194/gems/activerecord-3.2.8/lib/active_record/connection_adapters/abstract/database_statements.rb:192:in `transaction'
    /usr/local/rvm/gems/ruby-1.9.3-p194/gems/activerecord-3.2.8/lib/active_record/fixtures.rb:491:in `block in create_fixtures'
    /usr/local/rvm/gems/ruby-1.9.3-p194/gems/activerecord-3.2.8/lib/active_record/connection_adapters/abstract_adapter.rb:168:in `disable_referential_integrity'
    /usr/local/rvm/gems/ruby-1.9.3-p194/gems/activerecord-3.2.8/lib/active_record/fixtures.rb:476:in `create_fixtures'
    /usr/local/rvm/gems/ruby-1.9.3-p194/gems/activerecord-3.2.8/lib/active_record/fixtures.rb:895:in `load_fixtures'
    /usr/local/rvm/gems/ruby-1.9.3-p194/gems/activerecord-3.2.8/lib/active_record/fixtures.rb:849:in `setup_fixtures'
    /usr/local/rvm/gems/ruby-1.9.3-p194/gems/activesupport-3.2.8/lib/active_support/callbacks.rb:429:in `_run__375399130__setup__884706692__callbacks'
    /usr/local/rvm/gems/ruby-1.9.3-p194/gems/activesupport-3.2.8/lib/active_support/callbacks.rb:405:in `__run_callback'
    /usr/local/rvm/gems/ruby-1.9.3-p194/gems/activesupport-3.2.8/lib/active_support/callbacks.rb:385:in `_run_setup_callbacks'
    /usr/local/rvm/gems/ruby-1.9.3-p194/gems/activesupport-3.2.8/lib/active_support/callbacks.rb:81:in `run_callbacks'
    /usr/local/rvm/gems/ruby-1.9.3-p194/gems/activesupport-3.2.8/lib/active_support/testing/setup_and_teardown.rb:35:in `run'

  5) Error:
test_should_get_new(UsersControllerTest):
ActiveRecord::StatementInvalid: Could not find table 'users'
    /usr/local/rvm/gems/ruby-1.9.3-p194/gems/activerecord-3.2.8/lib/active_record/connection_adapters/sqlite_adapter.rb:472:in `table_structure'
    /usr/local/rvm/gems/ruby-1.9.3-p194/gems/activerecord-3.2.8/lib/active_record/connection_adapters/sqlite_adapter.rb:346:in `columns'
    /usr/local/rvm/gems/ruby-1.9.3-p194/gems/activerecord-3.2.8/lib/active_record/fixtures.rb:660:in `column_names'
    /usr/local/rvm/gems/ruby-1.9.3-p194/gems/activerecord-3.2.8/lib/active_record/fixtures.rb:652:in `timestamp_column_names'
    /usr/local/rvm/gems/ruby-1.9.3-p194/gems/activerecord-3.2.8/lib/active_record/fixtures.rb:585:in `block in table_rows'
    /usr/local/rvm/gems/ruby-1.9.3-p194/gems/activerecord-3.2.8/lib/active_record/fixtures.rb:579:in `each'
    /usr/local/rvm/gems/ruby-1.9.3-p194/gems/activerecord-3.2.8/lib/active_record/fixtures.rb:579:in `map'
    /usr/local/rvm/gems/ruby-1.9.3-p194/gems/activerecord-3.2.8/lib/active_record/fixtures.rb:579:in `table_rows'
    /usr/local/rvm/gems/ruby-1.9.3-p194/gems/activerecord-3.2.8/lib/active_record/fixtures.rb:494:in `block (3 levels) in create_fixtures'
    /usr/local/rvm/gems/ruby-1.9.3-p194/gems/activerecord-3.2.8/lib/active_record/fixtures.rb:492:in `each'
    /usr/local/rvm/gems/ruby-1.9.3-p194/gems/activerecord-3.2.8/lib/active_record/fixtures.rb:492:in `block (2 levels) in create_fixtures'
    /usr/local/rvm/gems/ruby-1.9.3-p194/gems/activerecord-3.2.8/lib/active_record/connection_adapters/abstract/database_statements.rb:192:in `transaction'
    /usr/local/rvm/gems/ruby-1.9.3-p194/gems/activerecord-3.2.8/lib/active_record/fixtures.rb:491:in `block in create_fixtures'
    /usr/local/rvm/gems/ruby-1.9.3-p194/gems/activerecord-3.2.8/lib/active_record/connection_adapters/abstract_adapter.rb:168:in `disable_referential_integrity'
    /usr/local/rvm/gems/ruby-1.9.3-p194/gems/activerecord-3.2.8/lib/active_record/fixtures.rb:476:in `create_fixtures'
    /usr/local/rvm/gems/ruby-1.9.3-p194/gems/activerecord-3.2.8/lib/active_record/fixtures.rb:895:in `load_fixtures'
    /usr/local/rvm/gems/ruby-1.9.3-p194/gems/activerecord-3.2.8/lib/active_record/fixtures.rb:849:in `setup_fixtures'
    /usr/local/rvm/gems/ruby-1.9.3-p194/gems/activesupport-3.2.8/lib/active_support/callbacks.rb:429:in `_run__375399130__setup__884706692__callbacks'
    /usr/local/rvm/gems/ruby-1.9.3-p194/gems/activesupport-3.2.8/lib/active_support/callbacks.rb:405:in `__run_callback'
    /usr/local/rvm/gems/ruby-1.9.3-p194/gems/activesupport-3.2.8/lib/active_support/callbacks.rb:385:in `_run_setup_callbacks'
    /usr/local/rvm/gems/ruby-1.9.3-p194/gems/activesupport-3.2.8/lib/active_support/callbacks.rb:81:in `run_callbacks'
    /usr/local/rvm/gems/ruby-1.9.3-p194/gems/activesupport-3.2.8/lib/active_support/testing/setup_and_teardown.rb:35:in `run'

  6) Error:
test_should_show_user(UsersControllerTest):
ActiveRecord::StatementInvalid: Could not find table 'users'
    /usr/local/rvm/gems/ruby-1.9.3-p194/gems/activerecord-3.2.8/lib/active_record/connection_adapters/sqlite_adapter.rb:472:in `table_structure'
    /usr/local/rvm/gems/ruby-1.9.3-p194/gems/activerecord-3.2.8/lib/active_record/connection_adapters/sqlite_adapter.rb:346:in `columns'
    /usr/local/rvm/gems/ruby-1.9.3-p194/gems/activerecord-3.2.8/lib/active_record/fixtures.rb:660:in `column_names'
    /usr/local/rvm/gems/ruby-1.9.3-p194/gems/activerecord-3.2.8/lib/active_record/fixtures.rb:652:in `timestamp_column_names'
    /usr/local/rvm/gems/ruby-1.9.3-p194/gems/activerecord-3.2.8/lib/active_record/fixtures.rb:585:in `block in table_rows'
    /usr/local/rvm/gems/ruby-1.9.3-p194/gems/activerecord-3.2.8/lib/active_record/fixtures.rb:579:in `each'
    /usr/local/rvm/gems/ruby-1.9.3-p194/gems/activerecord-3.2.8/lib/active_record/fixtures.rb:579:in `map'
    /usr/local/rvm/gems/ruby-1.9.3-p194/gems/activerecord-3.2.8/lib/active_record/fixtures.rb:579:in `table_rows'
    /usr/local/rvm/gems/ruby-1.9.3-p194/gems/activerecord-3.2.8/lib/active_record/fixtures.rb:494:in `block (3 levels) in create_fixtures'
    /usr/local/rvm/gems/ruby-1.9.3-p194/gems/activerecord-3.2.8/lib/active_record/fixtures.rb:492:in `each'
    /usr/local/rvm/gems/ruby-1.9.3-p194/gems/activerecord-3.2.8/lib/active_record/fixtures.rb:492:in `block (2 levels) in create_fixtures'
    /usr/local/rvm/gems/ruby-1.9.3-p194/gems/activerecord-3.2.8/lib/active_record/connection_adapters/abstract/database_statements.rb:192:in `transaction'
    /usr/local/rvm/gems/ruby-1.9.3-p194/gems/activerecord-3.2.8/lib/active_record/fixtures.rb:491:in `block in create_fixtures'
    /usr/local/rvm/gems/ruby-1.9.3-p194/gems/activerecord-3.2.8/lib/active_record/connection_adapters/abstract_adapter.rb:168:in `disable_referential_integrity'
    /usr/local/rvm/gems/ruby-1.9.3-p194/gems/activerecord-3.2.8/lib/active_record/fixtures.rb:476:in `create_fixtures'
    /usr/local/rvm/gems/ruby-1.9.3-p194/gems/activerecord-3.2.8/lib/active_record/fixtures.rb:895:in `load_fixtures'
    /usr/local/rvm/gems/ruby-1.9.3-p194/gems/activerecord-3.2.8/lib/active_record/fixtures.rb:849:in `setup_fixtures'
    /usr/local/rvm/gems/ruby-1.9.3-p194/gems/activesupport-3.2.8/lib/active_support/callbacks.rb:429:in `_run__375399130__setup__884706692__callbacks'
    /usr/local/rvm/gems/ruby-1.9.3-p194/gems/activesupport-3.2.8/lib/active_support/callbacks.rb:405:in `__run_callback'
    /usr/local/rvm/gems/ruby-1.9.3-p194/gems/activesupport-3.2.8/lib/active_support/callbacks.rb:385:in `_run_setup_callbacks'
    /usr/local/rvm/gems/ruby-1.9.3-p194/gems/activesupport-3.2.8/lib/active_support/callbacks.rb:81:in `run_callbacks'
    /usr/local/rvm/gems/ruby-1.9.3-p194/gems/activesupport-3.2.8/lib/active_support/testing/setup_and_teardown.rb:35:in `run'

  7) Error:
test_should_update_user(UsersControllerTest):
ActiveRecord::StatementInvalid: Could not find table 'users'
    /usr/local/rvm/gems/ruby-1.9.3-p194/gems/activerecord-3.2.8/lib/active_record/connection_adapters/sqlite_adapter.rb:472:in `table_structure'
    /usr/local/rvm/gems/ruby-1.9.3-p194/gems/activerecord-3.2.8/lib/active_record/connection_adapters/sqlite_adapter.rb:346:in `columns'
    /usr/local/rvm/gems/ruby-1.9.3-p194/gems/activerecord-3.2.8/lib/active_record/fixtures.rb:660:in `column_names'
    /usr/local/rvm/gems/ruby-1.9.3-p194/gems/activerecord-3.2.8/lib/active_record/fixtures.rb:652:in `timestamp_column_names'
    /usr/local/rvm/gems/ruby-1.9.3-p194/gems/activerecord-3.2.8/lib/active_record/fixtures.rb:585:in `block in table_rows'
    /usr/local/rvm/gems/ruby-1.9.3-p194/gems/activerecord-3.2.8/lib/active_record/fixtures.rb:579:in `each'
    /usr/local/rvm/gems/ruby-1.9.3-p194/gems/activerecord-3.2.8/lib/active_record/fixtures.rb:579:in `map'
    /usr/local/rvm/gems/ruby-1.9.3-p194/gems/activerecord-3.2.8/lib/active_record/fixtures.rb:579:in `table_rows'
    /usr/local/rvm/gems/ruby-1.9.3-p194/gems/activerecord-3.2.8/lib/active_record/fixtures.rb:494:in `block (3 levels) in create_fixtures'
    /usr/local/rvm/gems/ruby-1.9.3-p194/gems/activerecord-3.2.8/lib/active_record/fixtures.rb:492:in `each'
    /usr/local/rvm/gems/ruby-1.9.3-p194/gems/activerecord-3.2.8/lib/active_record/fixtures.rb:492:in `block (2 levels) in create_fixtures'
    /usr/local/rvm/gems/ruby-1.9.3-p194/gems/activerecord-3.2.8/lib/active_record/connection_adapters/abstract/database_statements.rb:192:in `transaction'
    /usr/local/rvm/gems/ruby-1.9.3-p194/gems/activerecord-3.2.8/lib/active_record/fixtures.rb:491:in `block in create_fixtures'
    /usr/local/rvm/gems/ruby-1.9.3-p194/gems/activerecord-3.2.8/lib/active_record/connection_adapters/abstract_adapter.rb:168:in `disable_referential_integrity'
    /usr/local/rvm/gems/ruby-1.9.3-p194/gems/activerecord-3.2.8/lib/active_record/fixtures.rb:476:in `create_fixtures'
    /usr/local/rvm/gems/ruby-1.9.3-p194/gems/activerecord-3.2.8/lib/active_record/fixtures.rb:895:in `load_fixtures'
    /usr/local/rvm/gems/ruby-1.9.3-p194/gems/activerecord-3.2.8/lib/active_record/fixtures.rb:849:in `setup_fixtures'
    /usr/local/rvm/gems/ruby-1.9.3-p194/gems/activesupport-3.2.8/lib/active_support/callbacks.rb:429:in `_run__375399130__setup__884706692__callbacks'
    /usr/local/rvm/gems/ruby-1.9.3-p194/gems/activesupport-3.2.8/lib/active_support/callbacks.rb:405:in `__run_callback'
    /usr/local/rvm/gems/ruby-1.9.3-p194/gems/activesupport-3.2.8/lib/active_support/callbacks.rb:385:in `_run_setup_callbacks'
    /usr/local/rvm/gems/ruby-1.9.3-p194/gems/activesupport-3.2.8/lib/active_support/callbacks.rb:81:in `run_callbacks'
    /usr/local/rvm/gems/ruby-1.9.3-p194/gems/activesupport-3.2.8/lib/active_support/testing/setup_and_teardown.rb:35:in `run'

7 tests, 0 assertions, 0 failures, 7 errors, 0 skips
Run options: -n "/^(test_should_get_contact|test_should_get_home)$/"

# Running tests:

EE

Finished tests in 0.050375s, 39.7026 tests/s, 0.0000 assertions/s.

  1) Error:
test_should_get_contact(PagesControllerTest):
ActiveRecord::StatementInvalid: Could not find table 'users'
    /usr/local/rvm/gems/ruby-1.9.3-p194/gems/activerecord-3.2.8/lib/active_record/connection_adapters/sqlite_adapter.rb:472:in `table_structure'
    /usr/local/rvm/gems/ruby-1.9.3-p194/gems/activerecord-3.2.8/lib/active_record/connection_adapters/sqlite_adapter.rb:346:in `columns'
    /usr/local/rvm/gems/ruby-1.9.3-p194/gems/activerecord-3.2.8/lib/active_record/fixtures.rb:660:in `column_names'
    /usr/local/rvm/gems/ruby-1.9.3-p194/gems/activerecord-3.2.8/lib/active_record/fixtures.rb:652:in `timestamp_column_names'
    /usr/local/rvm/gems/ruby-1.9.3-p194/gems/activerecord-3.2.8/lib/active_record/fixtures.rb:585:in `block in table_rows'
    /usr/local/rvm/gems/ruby-1.9.3-p194/gems/activerecord-3.2.8/lib/active_record/fixtures.rb:579:in `each'
    /usr/local/rvm/gems/ruby-1.9.3-p194/gems/activerecord-3.2.8/lib/active_record/fixtures.rb:579:in `map'
    /usr/local/rvm/gems/ruby-1.9.3-p194/gems/activerecord-3.2.8/lib/active_record/fixtures.rb:579:in `table_rows'
    /usr/local/rvm/gems/ruby-1.9.3-p194/gems/activerecord-3.2.8/lib/active_record/fixtures.rb:494:in `block (3 levels) in create_fixtures'
    /usr/local/rvm/gems/ruby-1.9.3-p194/gems/activerecord-3.2.8/lib/active_record/fixtures.rb:492:in `each'
    /usr/local/rvm/gems/ruby-1.9.3-p194/gems/activerecord-3.2.8/lib/active_record/fixtures.rb:492:in `block (2 levels) in create_fixtures'
    /usr/local/rvm/gems/ruby-1.9.3-p194/gems/activerecord-3.2.8/lib/active_record/connection_adapters/abstract/database_statements.rb:192:in `transaction'
    /usr/local/rvm/gems/ruby-1.9.3-p194/gems/activerecord-3.2.8/lib/active_record/fixtures.rb:491:in `block in create_fixtures'
    /usr/local/rvm/gems/ruby-1.9.3-p194/gems/activerecord-3.2.8/lib/active_record/connection_adapters/abstract_adapter.rb:168:in `disable_referential_integrity'
    /usr/local/rvm/gems/ruby-1.9.3-p194/gems/activerecord-3.2.8/lib/active_record/fixtures.rb:476:in `create_fixtures'
    /usr/local/rvm/gems/ruby-1.9.3-p194/gems/activerecord-3.2.8/lib/active_record/fixtures.rb:895:in `load_fixtures'
    /usr/local/rvm/gems/ruby-1.9.3-p194/gems/activerecord-3.2.8/lib/active_record/fixtures.rb:849:in `setup_fixtures'
    /usr/local/rvm/gems/ruby-1.9.3-p194/gems/activesupport-3.2.8/lib/active_support/callbacks.rb:429:in `_run__649619998__setup__901497776__callbacks'
    /usr/local/rvm/gems/ruby-1.9.3-p194/gems/activesupport-3.2.8/lib/active_support/callbacks.rb:405:in `__run_callback'
    /usr/local/rvm/gems/ruby-1.9.3-p194/gems/activesupport-3.2.8/lib/active_support/callbacks.rb:385:in `_run_setup_callbacks'
    /usr/local/rvm/gems/ruby-1.9.3-p194/gems/activesupport-3.2.8/lib/active_support/callbacks.rb:81:in `run_callbacks'
    /usr/local/rvm/gems/ruby-1.9.3-p194/gems/activesupport-3.2.8/lib/active_support/testing/setup_and_teardown.rb:35:in `run'

  2) Error:
test_should_get_home(PagesControllerTest):
ActiveRecord::StatementInvalid: Could not find table 'users'
    /usr/local/rvm/gems/ruby-1.9.3-p194/gems/activerecord-3.2.8/lib/active_record/connection_adapters/sqlite_adapter.rb:472:in `table_structure'
    /usr/local/rvm/gems/ruby-1.9.3-p194/gems/activerecord-3.2.8/lib/active_record/connection_adapters/sqlite_adapter.rb:346:in `columns'
    /usr/local/rvm/gems/ruby-1.9.3-p194/gems/activerecord-3.2.8/lib/active_record/fixtures.rb:660:in `column_names'
    /usr/local/rvm/gems/ruby-1.9.3-p194/gems/activerecord-3.2.8/lib/active_record/fixtures.rb:652:in `timestamp_column_names'
    /usr/local/rvm/gems/ruby-1.9.3-p194/gems/activerecord-3.2.8/lib/active_record/fixtures.rb:585:in `block in table_rows'
    /usr/local/rvm/gems/ruby-1.9.3-p194/gems/activerecord-3.2.8/lib/active_record/fixtures.rb:579:in `each'
    /usr/local/rvm/gems/ruby-1.9.3-p194/gems/activerecord-3.2.8/lib/active_record/fixtures.rb:579:in `map'
    /usr/local/rvm/gems/ruby-1.9.3-p194/gems/activerecord-3.2.8/lib/active_record/fixtures.rb:579:in `table_rows'
    /usr/local/rvm/gems/ruby-1.9.3-p194/gems/activerecord-3.2.8/lib/active_record/fixtures.rb:494:in `block (3 levels) in create_fixtures'
    /usr/local/rvm/gems/ruby-1.9.3-p194/gems/activerecord-3.2.8/lib/active_record/fixtures.rb:492:in `each'
    /usr/local/rvm/gems/ruby-1.9.3-p194/gems/activerecord-3.2.8/lib/active_record/fixtures.rb:492:in `block (2 levels) in create_fixtures'
    /usr/local/rvm/gems/ruby-1.9.3-p194/gems/activerecord-3.2.8/lib/active_record/connection_adapters/abstract/database_statements.rb:192:in `transaction'
    /usr/local/rvm/gems/ruby-1.9.3-p194/gems/activerecord-3.2.8/lib/active_record/fixtures.rb:491:in `block in create_fixtures'
    /usr/local/rvm/gems/ruby-1.9.3-p194/gems/activerecord-3.2.8/lib/active_record/connection_adapters/abstract_adapter.rb:168:in `disable_referential_integrity'
    /usr/local/rvm/gems/ruby-1.9.3-p194/gems/activerecord-3.2.8/lib/active_record/fixtures.rb:476:in `create_fixtures'
    /usr/local/rvm/gems/ruby-1.9.3-p194/gems/activerecord-3.2.8/lib/active_record/fixtures.rb:895:in `load_fixtures'
    /usr/local/rvm/gems/ruby-1.9.3-p194/gems/activerecord-3.2.8/lib/active_record/fixtures.rb:849:in `setup_fixtures'
    /usr/local/rvm/gems/ruby-1.9.3-p194/gems/activesupport-3.2.8/lib/active_support/callbacks.rb:429:in `_run__649619998__setup__901497776__callbacks'
    /usr/local/rvm/gems/ruby-1.9.3-p194/gems/activesupport-3.2.8/lib/active_support/callbacks.rb:405:in `__run_callback'
    /usr/local/rvm/gems/ruby-1.9.3-p194/gems/activesupport-3.2.8/lib/active_support/callbacks.rb:385:in `_run_setup_callbacks'
    /usr/local/rvm/gems/ruby-1.9.3-p194/gems/activesupport-3.2.8/lib/active_support/callbacks.rb:81:in `run_callbacks'
    /usr/local/rvm/gems/ruby-1.9.3-p194/gems/activesupport-3.2.8/lib/active_support/testing/setup_and_teardown.rb:35:in `run'

2 tests, 0 assertions, 0 failures, 2 errors, 0 skips
Run options: -n "/^(test_should_create_micropost|test_should_destroy_micropost|test_should_get_edit|test_should_get_index|test_should_get_new|test_should_show_micropost|test_should_update_micropost)$/"

# Running tests:

EEEEEEE

Finished tests in 0.102048s, 68.5952 tests/s, 0.0000 assertions/s.

  1) Error:
test_should_create_micropost(MicropostsControllerTest):
ActiveRecord::StatementInvalid: Could not find table 'users'
    /usr/local/rvm/gems/ruby-1.9.3-p194/gems/activerecord-3.2.8/lib/active_record/connection_adapters/sqlite_adapter.rb:472:in `table_structure'
    /usr/local/rvm/gems/ruby-1.9.3-p194/gems/activerecord-3.2.8/lib/active_record/connection_adapters/sqlite_adapter.rb:346:in `columns'
    /usr/local/rvm/gems/ruby-1.9.3-p194/gems/activerecord-3.2.8/lib/active_record/fixtures.rb:660:in `column_names'
    /usr/local/rvm/gems/ruby-1.9.3-p194/gems/activerecord-3.2.8/lib/active_record/fixtures.rb:652:in `timestamp_column_names'
    /usr/local/rvm/gems/ruby-1.9.3-p194/gems/activerecord-3.2.8/lib/active_record/fixtures.rb:585:in `block in table_rows'
    /usr/local/rvm/gems/ruby-1.9.3-p194/gems/activerecord-3.2.8/lib/active_record/fixtures.rb:579:in `each'
    /usr/local/rvm/gems/ruby-1.9.3-p194/gems/activerecord-3.2.8/lib/active_record/fixtures.rb:579:in `map'
    /usr/local/rvm/gems/ruby-1.9.3-p194/gems/activerecord-3.2.8/lib/active_record/fixtures.rb:579:in `table_rows'
    /usr/local/rvm/gems/ruby-1.9.3-p194/gems/activerecord-3.2.8/lib/active_record/fixtures.rb:494:in `block (3 levels) in create_fixtures'
    /usr/local/rvm/gems/ruby-1.9.3-p194/gems/activerecord-3.2.8/lib/active_record/fixtures.rb:492:in `each'
    /usr/local/rvm/gems/ruby-1.9.3-p194/gems/activerecord-3.2.8/lib/active_record/fixtures.rb:492:in `block (2 levels) in create_fixtures'
    /usr/local/rvm/gems/ruby-1.9.3-p194/gems/activerecord-3.2.8/lib/active_record/connection_adapters/abstract/database_statements.rb:192:in `transaction'
    /usr/local/rvm/gems/ruby-1.9.3-p194/gems/activerecord-3.2.8/lib/active_record/fixtures.rb:491:in `block in create_fixtures'
    /usr/local/rvm/gems/ruby-1.9.3-p194/gems/activerecord-3.2.8/lib/active_record/connection_adapters/abstract_adapter.rb:168:in `disable_referential_integrity'
    /usr/local/rvm/gems/ruby-1.9.3-p194/gems/activerecord-3.2.8/lib/active_record/fixtures.rb:476:in `create_fixtures'
    /usr/local/rvm/gems/ruby-1.9.3-p194/gems/activerecord-3.2.8/lib/active_record/fixtures.rb:895:in `load_fixtures'
    /usr/local/rvm/gems/ruby-1.9.3-p194/gems/activerecord-3.2.8/lib/active_record/fixtures.rb:849:in `setup_fixtures'
    /usr/local/rvm/gems/ruby-1.9.3-p194/gems/activesupport-3.2.8/lib/active_support/callbacks.rb:429:in `_run__596703116__setup__444383599__callbacks'
    /usr/local/rvm/gems/ruby-1.9.3-p194/gems/activesupport-3.2.8/lib/active_support/callbacks.rb:405:in `__run_callback'
    /usr/local/rvm/gems/ruby-1.9.3-p194/gems/activesupport-3.2.8/lib/active_support/callbacks.rb:385:in `_run_setup_callbacks'
    /usr/local/rvm/gems/ruby-1.9.3-p194/gems/activesupport-3.2.8/lib/active_support/callbacks.rb:81:in `run_callbacks'
    /usr/local/rvm/gems/ruby-1.9.3-p194/gems/activesupport-3.2.8/lib/active_support/testing/setup_and_teardown.rb:35:in `run'

  2) Error:
test_should_destroy_micropost(MicropostsControllerTest):
ActiveRecord::StatementInvalid: Could not find table 'users'
    /usr/local/rvm/gems/ruby-1.9.3-p194/gems/activerecord-3.2.8/lib/active_record/connection_adapters/sqlite_adapter.rb:472:in `table_structure'
    /usr/local/rvm/gems/ruby-1.9.3-p194/gems/activerecord-3.2.8/lib/active_record/connection_adapters/sqlite_adapter.rb:346:in `columns'
    /usr/local/rvm/gems/ruby-1.9.3-p194/gems/activerecord-3.2.8/lib/active_record/fixtures.rb:660:in `column_names'
    /usr/local/rvm/gems/ruby-1.9.3-p194/gems/activerecord-3.2.8/lib/active_record/fixtures.rb:652:in `timestamp_column_names'
    /usr/local/rvm/gems/ruby-1.9.3-p194/gems/activerecord-3.2.8/lib/active_record/fixtures.rb:585:in `block in table_rows'
    /usr/local/rvm/gems/ruby-1.9.3-p194/gems/activerecord-3.2.8/lib/active_record/fixtures.rb:579:in `each'
    /usr/local/rvm/gems/ruby-1.9.3-p194/gems/activerecord-3.2.8/lib/active_record/fixtures.rb:579:in `map'
    /usr/local/rvm/gems/ruby-1.9.3-p194/gems/activerecord-3.2.8/lib/active_record/fixtures.rb:579:in `table_rows'
    /usr/local/rvm/gems/ruby-1.9.3-p194/gems/activerecord-3.2.8/lib/active_record/fixtures.rb:494:in `block (3 levels) in create_fixtures'
    /usr/local/rvm/gems/ruby-1.9.3-p194/gems/activerecord-3.2.8/lib/active_record/fixtures.rb:492:in `each'
    /usr/local/rvm/gems/ruby-1.9.3-p194/gems/activerecord-3.2.8/lib/active_record/fixtures.rb:492:in `block (2 levels) in create_fixtures'
    /usr/local/rvm/gems/ruby-1.9.3-p194/gems/activerecord-3.2.8/lib/active_record/connection_adapters/abstract/database_statements.rb:192:in `transaction'
    /usr/local/rvm/gems/ruby-1.9.3-p194/gems/activerecord-3.2.8/lib/active_record/fixtures.rb:491:in `block in create_fixtures'
    /usr/local/rvm/gems/ruby-1.9.3-p194/gems/activerecord-3.2.8/lib/active_record/connection_adapters/abstract_adapter.rb:168:in `disable_referential_integrity'
    /usr/local/rvm/gems/ruby-1.9.3-p194/gems/activerecord-3.2.8/lib/active_record/fixtures.rb:476:in `create_fixtures'
    /usr/local/rvm/gems/ruby-1.9.3-p194/gems/activerecord-3.2.8/lib/active_record/fixtures.rb:895:in `load_fixtures'
    /usr/local/rvm/gems/ruby-1.9.3-p194/gems/activerecord-3.2.8/lib/active_record/fixtures.rb:849:in `setup_fixtures'
    /usr/local/rvm/gems/ruby-1.9.3-p194/gems/activesupport-3.2.8/lib/active_support/callbacks.rb:429:in `_run__596703116__setup__444383599__callbacks'
    /usr/local/rvm/gems/ruby-1.9.3-p194/gems/activesupport-3.2.8/lib/active_support/callbacks.rb:405:in `__run_callback'
    /usr/local/rvm/gems/ruby-1.9.3-p194/gems/activesupport-3.2.8/lib/active_support/callbacks.rb:385:in `_run_setup_callbacks'
    /usr/local/rvm/gems/ruby-1.9.3-p194/gems/activesupport-3.2.8/lib/active_support/callbacks.rb:81:in `run_callbacks'
    /usr/local/rvm/gems/ruby-1.9.3-p194/gems/activesupport-3.2.8/lib/active_support/testing/setup_and_teardown.rb:35:in `run'

  3) Error:
test_should_get_edit(MicropostsControllerTest):
ActiveRecord::StatementInvalid: Could not find table 'users'
    /usr/local/rvm/gems/ruby-1.9.3-p194/gems/activerecord-3.2.8/lib/active_record/connection_adapters/sqlite_adapter.rb:472:in `table_structure'
    /usr/local/rvm/gems/ruby-1.9.3-p194/gems/activerecord-3.2.8/lib/active_record/connection_adapters/sqlite_adapter.rb:346:in `columns'
    /usr/local/rvm/gems/ruby-1.9.3-p194/gems/activerecord-3.2.8/lib/active_record/fixtures.rb:660:in `column_names'
    /usr/local/rvm/gems/ruby-1.9.3-p194/gems/activerecord-3.2.8/lib/active_record/fixtures.rb:652:in `timestamp_column_names'
    /usr/local/rvm/gems/ruby-1.9.3-p194/gems/activerecord-3.2.8/lib/active_record/fixtures.rb:585:in `block in table_rows'
    /usr/local/rvm/gems/ruby-1.9.3-p194/gems/activerecord-3.2.8/lib/active_record/fixtures.rb:579:in `each'
    /usr/local/rvm/gems/ruby-1.9.3-p194/gems/activerecord-3.2.8/lib/active_record/fixtures.rb:579:in `map'
    /usr/local/rvm/gems/ruby-1.9.3-p194/gems/activerecord-3.2.8/lib/active_record/fixtures.rb:579:in `table_rows'
    /usr/local/rvm/gems/ruby-1.9.3-p194/gems/activerecord-3.2.8/lib/active_record/fixtures.rb:494:in `block (3 levels) in create_fixtures'
    /usr/local/rvm/gems/ruby-1.9.3-p194/gems/activerecord-3.2.8/lib/active_record/fixtures.rb:492:in `each'
    /usr/local/rvm/gems/ruby-1.9.3-p194/gems/activerecord-3.2.8/lib/active_record/fixtures.rb:492:in `block (2 levels) in create_fixtures'
    /usr/local/rvm/gems/ruby-1.9.3-p194/gems/activerecord-3.2.8/lib/active_record/connection_adapters/abstract/database_statements.rb:192:in `transaction'
    /usr/local/rvm/gems/ruby-1.9.3-p194/gems/activerecord-3.2.8/lib/active_record/fixtures.rb:491:in `block in create_fixtures'
    /usr/local/rvm/gems/ruby-1.9.3-p194/gems/activerecord-3.2.8/lib/active_record/connection_adapters/abstract_adapter.rb:168:in `disable_referential_integrity'
    /usr/local/rvm/gems/ruby-1.9.3-p194/gems/activerecord-3.2.8/lib/active_record/fixtures.rb:476:in `create_fixtures'
    /usr/local/rvm/gems/ruby-1.9.3-p194/gems/activerecord-3.2.8/lib/active_record/fixtures.rb:895:in `load_fixtures'
    /usr/local/rvm/gems/ruby-1.9.3-p194/gems/activerecord-3.2.8/lib/active_record/fixtures.rb:849:in `setup_fixtures'
    /usr/local/rvm/gems/ruby-1.9.3-p194/gems/activesupport-3.2.8/lib/active_support/callbacks.rb:429:in `_run__596703116__setup__444383599__callbacks'
    /usr/local/rvm/gems/ruby-1.9.3-p194/gems/activesupport-3.2.8/lib/active_support/callbacks.rb:405:in `__run_callback'
    /usr/local/rvm/gems/ruby-1.9.3-p194/gems/activesupport-3.2.8/lib/active_support/callbacks.rb:385:in `_run_setup_callbacks'
    /usr/local/rvm/gems/ruby-1.9.3-p194/gems/activesupport-3.2.8/lib/active_support/callbacks.rb:81:in `run_callbacks'
    /usr/local/rvm/gems/ruby-1.9.3-p194/gems/activesupport-3.2.8/lib/active_support/testing/setup_and_teardown.rb:35:in `run'

  4) Error:
test_should_get_index(MicropostsControllerTest):
ActiveRecord::StatementInvalid: Could not find table 'users'
    /usr/local/rvm/gems/ruby-1.9.3-p194/gems/activerecord-3.2.8/lib/active_record/connection_adapters/sqlite_adapter.rb:472:in `table_structure'
    /usr/local/rvm/gems/ruby-1.9.3-p194/gems/activerecord-3.2.8/lib/active_record/connection_adapters/sqlite_adapter.rb:346:in `columns'
    /usr/local/rvm/gems/ruby-1.9.3-p194/gems/activerecord-3.2.8/lib/active_record/fixtures.rb:660:in `column_names'
    /usr/local/rvm/gems/ruby-1.9.3-p194/gems/activerecord-3.2.8/lib/active_record/fixtures.rb:652:in `timestamp_column_names'
    /usr/local/rvm/gems/ruby-1.9.3-p194/gems/activerecord-3.2.8/lib/active_record/fixtures.rb:585:in `block in table_rows'
    /usr/local/rvm/gems/ruby-1.9.3-p194/gems/activerecord-3.2.8/lib/active_record/fixtures.rb:579:in `each'
    /usr/local/rvm/gems/ruby-1.9.3-p194/gems/activerecord-3.2.8/lib/active_record/fixtures.rb:579:in `map'
    /usr/local/rvm/gems/ruby-1.9.3-p194/gems/activerecord-3.2.8/lib/active_record/fixtures.rb:579:in `table_rows'
    /usr/local/rvm/gems/ruby-1.9.3-p194/gems/activerecord-3.2.8/lib/active_record/fixtures.rb:494:in `block (3 levels) in create_fixtures'
    /usr/local/rvm/gems/ruby-1.9.3-p194/gems/activerecord-3.2.8/lib/active_record/fixtures.rb:492:in `each'
    /usr/local/rvm/gems/ruby-1.9.3-p194/gems/activerecord-3.2.8/lib/active_record/fixtures.rb:492:in `block (2 levels) in create_fixtures'
    /usr/local/rvm/gems/ruby-1.9.3-p194/gems/activerecord-3.2.8/lib/active_record/connection_adapters/abstract/database_statements.rb:192:in `transaction'
    /usr/local/rvm/gems/ruby-1.9.3-p194/gems/activerecord-3.2.8/lib/active_record/fixtures.rb:491:in `block in create_fixtures'
    /usr/local/rvm/gems/ruby-1.9.3-p194/gems/activerecord-3.2.8/lib/active_record/connection_adapters/abstract_adapter.rb:168:in `disable_referential_integrity'
    /usr/local/rvm/gems/ruby-1.9.3-p194/gems/activerecord-3.2.8/lib/active_record/fixtures.rb:476:in `create_fixtures'
    /usr/local/rvm/gems/ruby-1.9.3-p194/gems/activerecord-3.2.8/lib/active_record/fixtures.rb:895:in `load_fixtures'
    /usr/local/rvm/gems/ruby-1.9.3-p194/gems/activerecord-3.2.8/lib/active_record/fixtures.rb:849:in `setup_fixtures'
    /usr/local/rvm/gems/ruby-1.9.3-p194/gems/activesupport-3.2.8/lib/active_support/callbacks.rb:429:in `_run__596703116__setup__444383599__callbacks'
    /usr/local/rvm/gems/ruby-1.9.3-p194/gems/activesupport-3.2.8/lib/active_support/callbacks.rb:405:in `__run_callback'
    /usr/local/rvm/gems/ruby-1.9.3-p194/gems/activesupport-3.2.8/lib/active_support/callbacks.rb:385:in `_run_setup_callbacks'
    /usr/local/rvm/gems/ruby-1.9.3-p194/gems/activesupport-3.2.8/lib/active_support/callbacks.rb:81:in `run_callbacks'
    /usr/local/rvm/gems/ruby-1.9.3-p194/gems/activesupport-3.2.8/lib/active_support/testing/setup_and_teardown.rb:35:in `run'

  5) Error:
test_should_get_new(MicropostsControllerTest):
ActiveRecord::StatementInvalid: Could not find table 'users'
    /usr/local/rvm/gems/ruby-1.9.3-p194/gems/activerecord-3.2.8/lib/active_record/connection_adapters/sqlite_adapter.rb:472:in `table_structure'
    /usr/local/rvm/gems/ruby-1.9.3-p194/gems/activerecord-3.2.8/lib/active_record/connection_adapters/sqlite_adapter.rb:346:in `columns'
    /usr/local/rvm/gems/ruby-1.9.3-p194/gems/activerecord-3.2.8/lib/active_record/fixtures.rb:660:in `column_names'
    /usr/local/rvm/gems/ruby-1.9.3-p194/gems/activerecord-3.2.8/lib/active_record/fixtures.rb:652:in `timestamp_column_names'
    /usr/local/rvm/gems/ruby-1.9.3-p194/gems/activerecord-3.2.8/lib/active_record/fixtures.rb:585:in `block in table_rows'
    /usr/local/rvm/gems/ruby-1.9.3-p194/gems/activerecord-3.2.8/lib/active_record/fixtures.rb:579:in `each'
    /usr/local/rvm/gems/ruby-1.9.3-p194/gems/activerecord-3.2.8/lib/active_record/fixtures.rb:579:in `map'
    /usr/local/rvm/gems/ruby-1.9.3-p194/gems/activerecord-3.2.8/lib/active_record/fixtures.rb:579:in `table_rows'
    /usr/local/rvm/gems/ruby-1.9.3-p194/gems/activerecord-3.2.8/lib/active_record/fixtures.rb:494:in `block (3 levels) in create_fixtures'
    /usr/local/rvm/gems/ruby-1.9.3-p194/gems/activerecord-3.2.8/lib/active_record/fixtures.rb:492:in `each'
    /usr/local/rvm/gems/ruby-1.9.3-p194/gems/activerecord-3.2.8/lib/active_record/fixtures.rb:492:in `block (2 levels) in create_fixtures'
    /usr/local/rvm/gems/ruby-1.9.3-p194/gems/activerecord-3.2.8/lib/active_record/connection_adapters/abstract/database_statements.rb:192:in `transaction'
    /usr/local/rvm/gems/ruby-1.9.3-p194/gems/activerecord-3.2.8/lib/active_record/fixtures.rb:491:in `block in create_fixtures'
    /usr/local/rvm/gems/ruby-1.9.3-p194/gems/activerecord-3.2.8/lib/active_record/connection_adapters/abstract_adapter.rb:168:in `disable_referential_integrity'
    /usr/local/rvm/gems/ruby-1.9.3-p194/gems/activerecord-3.2.8/lib/active_record/fixtures.rb:476:in `create_fixtures'
    /usr/local/rvm/gems/ruby-1.9.3-p194/gems/activerecord-3.2.8/lib/active_record/fixtures.rb:895:in `load_fixtures'
    /usr/local/rvm/gems/ruby-1.9.3-p194/gems/activerecord-3.2.8/lib/active_record/fixtures.rb:849:in `setup_fixtures'
    /usr/local/rvm/gems/ruby-1.9.3-p194/gems/activesupport-3.2.8/lib/active_support/callbacks.rb:429:in `_run__596703116__setup__444383599__callbacks'
    /usr/local/rvm/gems/ruby-1.9.3-p194/gems/activesupport-3.2.8/lib/active_support/callbacks.rb:405:in `__run_callback'
    /usr/local/rvm/gems/ruby-1.9.3-p194/gems/activesupport-3.2.8/lib/active_support/callbacks.rb:385:in `_run_setup_callbacks'
    /usr/local/rvm/gems/ruby-1.9.3-p194/gems/activesupport-3.2.8/lib/active_support/callbacks.rb:81:in `run_callbacks'
    /usr/local/rvm/gems/ruby-1.9.3-p194/gems/activesupport-3.2.8/lib/active_support/testing/setup_and_teardown.rb:35:in `run'

  6) Error:
test_should_show_micropost(MicropostsControllerTest):
ActiveRecord::StatementInvalid: Could not find table 'users'
    /usr/local/rvm/gems/ruby-1.9.3-p194/gems/activerecord-3.2.8/lib/active_record/connection_adapters/sqlite_adapter.rb:472:in `table_structure'
    /usr/local/rvm/gems/ruby-1.9.3-p194/gems/activerecord-3.2.8/lib/active_record/connection_adapters/sqlite_adapter.rb:346:in `columns'
    /usr/local/rvm/gems/ruby-1.9.3-p194/gems/activerecord-3.2.8/lib/active_record/fixtures.rb:660:in `column_names'
    /usr/local/rvm/gems/ruby-1.9.3-p194/gems/activerecord-3.2.8/lib/active_record/fixtures.rb:652:in `timestamp_column_names'
    /usr/local/rvm/gems/ruby-1.9.3-p194/gems/activerecord-3.2.8/lib/active_record/fixtures.rb:585:in `block in table_rows'
    /usr/local/rvm/gems/ruby-1.9.3-p194/gems/activerecord-3.2.8/lib/active_record/fixtures.rb:579:in `each'
    /usr/local/rvm/gems/ruby-1.9.3-p194/gems/activerecord-3.2.8/lib/active_record/fixtures.rb:579:in `map'
    /usr/local/rvm/gems/ruby-1.9.3-p194/gems/activerecord-3.2.8/lib/active_record/fixtures.rb:579:in `table_rows'
    /usr/local/rvm/gems/ruby-1.9.3-p194/gems/activerecord-3.2.8/lib/active_record/fixtures.rb:494:in `block (3 levels) in create_fixtures'
    /usr/local/rvm/gems/ruby-1.9.3-p194/gems/activerecord-3.2.8/lib/active_record/fixtures.rb:492:in `each'
    /usr/local/rvm/gems/ruby-1.9.3-p194/gems/activerecord-3.2.8/lib/active_record/fixtures.rb:492:in `block (2 levels) in create_fixtures'
    /usr/local/rvm/gems/ruby-1.9.3-p194/gems/activerecord-3.2.8/lib/active_record/connection_adapters/abstract/database_statements.rb:192:in `transaction'
    /usr/local/rvm/gems/ruby-1.9.3-p194/gems/activerecord-3.2.8/lib/active_record/fixtures.rb:491:in `block in create_fixtures'
    /usr/local/rvm/gems/ruby-1.9.3-p194/gems/activerecord-3.2.8/lib/active_record/connection_adapters/abstract_adapter.rb:168:in `disable_referential_integrity'
    /usr/local/rvm/gems/ruby-1.9.3-p194/gems/activerecord-3.2.8/lib/active_record/fixtures.rb:476:in `create_fixtures'
    /usr/local/rvm/gems/ruby-1.9.3-p194/gems/activerecord-3.2.8/lib/active_record/fixtures.rb:895:in `load_fixtures'
    /usr/local/rvm/gems/ruby-1.9.3-p194/gems/activerecord-3.2.8/lib/active_record/fixtures.rb:849:in `setup_fixtures'
    /usr/local/rvm/gems/ruby-1.9.3-p194/gems/activesupport-3.2.8/lib/active_support/callbacks.rb:429:in `_run__596703116__setup__444383599__callbacks'
    /usr/local/rvm/gems/ruby-1.9.3-p194/gems/activesupport-3.2.8/lib/active_support/callbacks.rb:405:in `__run_callback'
    /usr/local/rvm/gems/ruby-1.9.3-p194/gems/activesupport-3.2.8/lib/active_support/callbacks.rb:385:in `_run_setup_callbacks'
    /usr/local/rvm/gems/ruby-1.9.3-p194/gems/activesupport-3.2.8/lib/active_support/callbacks.rb:81:in `run_callbacks'
    /usr/local/rvm/gems/ruby-1.9.3-p194/gems/activesupport-3.2.8/lib/active_support/testing/setup_and_teardown.rb:35:in `run'

  7) Error:
test_should_update_micropost(MicropostsControllerTest):
ActiveRecord::StatementInvalid: Could not find table 'users'
    /usr/local/rvm/gems/ruby-1.9.3-p194/gems/activerecord-3.2.8/lib/active_record/connection_adapters/sqlite_adapter.rb:472:in `table_structure'
    /usr/local/rvm/gems/ruby-1.9.3-p194/gems/activerecord-3.2.8/lib/active_record/connection_adapters/sqlite_adapter.rb:346:in `columns'
    /usr/local/rvm/gems/ruby-1.9.3-p194/gems/activerecord-3.2.8/lib/active_record/fixtures.rb:660:in `column_names'
    /usr/local/rvm/gems/ruby-1.9.3-p194/gems/activerecord-3.2.8/lib/active_record/fixtures.rb:652:in `timestamp_column_names'
    /usr/local/rvm/gems/ruby-1.9.3-p194/gems/activerecord-3.2.8/lib/active_record/fixtures.rb:585:in `block in table_rows'
    /usr/local/rvm/gems/ruby-1.9.3-p194/gems/activerecord-3.2.8/lib/active_record/fixtures.rb:579:in `each'
    /usr/local/rvm/gems/ruby-1.9.3-p194/gems/activerecord-3.2.8/lib/active_record/fixtures.rb:579:in `map'
    /usr/local/rvm/gems/ruby-1.9.3-p194/gems/activerecord-3.2.8/lib/active_record/fixtures.rb:579:in `table_rows'
    /usr/local/rvm/gems/ruby-1.9.3-p194/gems/activerecord-3.2.8/lib/active_record/fixtures.rb:494:in `block (3 levels) in create_fixtures'
    /usr/local/rvm/gems/ruby-1.9.3-p194/gems/activerecord-3.2.8/lib/active_record/fixtures.rb:492:in `each'
    /usr/local/rvm/gems/ruby-1.9.3-p194/gems/activerecord-3.2.8/lib/active_record/fixtures.rb:492:in `block (2 levels) in create_fixtures'
    /usr/local/rvm/gems/ruby-1.9.3-p194/gems/activerecord-3.2.8/lib/active_record/connection_adapters/abstract/database_statements.rb:192:in `transaction'
    /usr/local/rvm/gems/ruby-1.9.3-p194/gems/activerecord-3.2.8/lib/active_record/fixtures.rb:491:in `block in create_fixtures'
    /usr/local/rvm/gems/ruby-1.9.3-p194/gems/activerecord-3.2.8/lib/active_record/connection_adapters/abstract_adapter.rb:168:in `disable_referential_integrity'
    /usr/local/rvm/gems/ruby-1.9.3-p194/gems/activerecord-3.2.8/lib/active_record/fixtures.rb:476:in `create_fixtures'
    /usr/local/rvm/gems/ruby-1.9.3-p194/gems/activerecord-3.2.8/lib/active_record/fixtures.rb:895:in `load_fixtures'
    /usr/local/rvm/gems/ruby-1.9.3-p194/gems/activerecord-3.2.8/lib/active_record/fixtures.rb:849:in `setup_fixtures'
    /usr/local/rvm/gems/ruby-1.9.3-p194/gems/activesupport-3.2.8/lib/active_support/callbacks.rb:429:in `_run__596703116__setup__444383599__callbacks'
    /usr/local/rvm/gems/ruby-1.9.3-p194/gems/activesupport-3.2.8/lib/active_support/callbacks.rb:405:in `__run_callback'
    /usr/local/rvm/gems/ruby-1.9.3-p194/gems/activesupport-3.2.8/lib/active_support/callbacks.rb:385:in `_run_setup_callbacks'
    /usr/local/rvm/gems/ruby-1.9.3-p194/gems/activesupport-3.2.8/lib/active_support/callbacks.rb:81:in `run_callbacks'
    /usr/local/rvm/gems/ruby-1.9.3-p194/gems/activesupport-3.2.8/lib/active_support/testing/setup_and_teardown.rb:35:in `run'

7 tests, 0 assertions, 0 failures, 7 errors, 0 skips
/usr/local/rvm/rubies/ruby-1.9.3-p194/bin/ruby -I.:lib:test -rubygems test/functional/users_controller_test.rb -n "/^(test_should_create_user|test_should_destroy_user|test_should_get_edit|test_should_get_index|test_should_get_new|test_should_show_user|test_should_update_user)$/"; /usr/local/rvm/rubies/ruby-1.9.3-p194/bin/ruby -I.:lib:test -rubygems test/functional/pages_controller_test.rb -n "/^(test_should_get_contact|test_should_get_home)$/"; /usr/local/rvm/rubies/ruby-1.9.3-p194/bin/ruby -I.:lib:test -rubygems test/functional/microposts_controller_test.rb -n "/^(test_should_create_micropost|test_should_destroy_micropost|test_should_get_edit|test_should_get_index|test_should_get_new|test_should_show_micropost|test_should_update_micropost)$/"
Run options: -n "/^(test_should_create_user|test_should_destroy_user|test_should_get_edit|test_should_get_index|test_should_get_new|test_should_show_user|test_should_update_user)$/"

# Running tests:

EEEEEEE

Finished tests in 0.102100s, 68.5602 tests/s, 0.0000 assertions/s.

  1) Error:
test_should_create_user(UsersControllerTest):
ActiveRecord::StatementInvalid: Could not find table 'users'
    /usr/local/rvm/gems/ruby-1.9.3-p194/gems/activerecord-3.2.8/lib/active_record/connection_adapters/sqlite_adapter.rb:472:in `table_structure'
    /usr/local/rvm/gems/ruby-1.9.3-p194/gems/activerecord-3.2.8/lib/active_record/connection_adapters/sqlite_adapter.rb:346:in `columns'
    /usr/local/rvm/gems/ruby-1.9.3-p194/gems/activerecord-3.2.8/lib/active_record/fixtures.rb:660:in `column_names'
    /usr/local/rvm/gems/ruby-1.9.3-p194/gems/activerecord-3.2.8/lib/active_record/fixtures.rb:652:in `timestamp_column_names'
    /usr/local/rvm/gems/ruby-1.9.3-p194/gems/activerecord-3.2.8/lib/active_record/fixtures.rb:585:in `block in table_rows'
    /usr/local/rvm/gems/ruby-1.9.3-p194/gems/activerecord-3.2.8/lib/active_record/fixtures.rb:579:in `each'
    /usr/local/rvm/gems/ruby-1.9.3-p194/gems/activerecord-3.2.8/lib/active_record/fixtures.rb:579:in `map'
    /usr/local/rvm/gems/ruby-1.9.3-p194/gems/activerecord-3.2.8/lib/active_record/fixtures.rb:579:in `table_rows'
    /usr/local/rvm/gems/ruby-1.9.3-p194/gems/activerecord-3.2.8/lib/active_record/fixtures.rb:494:in `block (3 levels) in create_fixtures'
    /usr/local/rvm/gems/ruby-1.9.3-p194/gems/activerecord-3.2.8/lib/active_record/fixtures.rb:492:in `each'
    /usr/local/rvm/gems/ruby-1.9.3-p194/gems/activerecord-3.2.8/lib/active_record/fixtures.rb:492:in `block (2 levels) in create_fixtures'
    /usr/local/rvm/gems/ruby-1.9.3-p194/gems/activerecord-3.2.8/lib/active_record/connection_adapters/abstract/database_statements.rb:192:in `transaction'
    /usr/local/rvm/gems/ruby-1.9.3-p194/gems/activerecord-3.2.8/lib/active_record/fixtures.rb:491:in `block in create_fixtures'
    /usr/local/rvm/gems/ruby-1.9.3-p194/gems/activerecord-3.2.8/lib/active_record/connection_adapters/abstract_adapter.rb:168:in `disable_referential_integrity'
    /usr/local/rvm/gems/ruby-1.9.3-p194/gems/activerecord-3.2.8/lib/active_record/fixtures.rb:476:in `create_fixtures'
    /usr/local/rvm/gems/ruby-1.9.3-p194/gems/activerecord-3.2.8/lib/active_record/fixtures.rb:895:in `load_fixtures'
    /usr/local/rvm/gems/ruby-1.9.3-p194/gems/activerecord-3.2.8/lib/active_record/fixtures.rb:849:in `setup_fixtures'
    /usr/local/rvm/gems/ruby-1.9.3-p194/gems/activesupport-3.2.8/lib/active_support/callbacks.rb:429:in `_run__160223715__setup__852368898__callbacks'
    /usr/local/rvm/gems/ruby-1.9.3-p194/gems/activesupport-3.2.8/lib/active_support/callbacks.rb:405:in `__run_callback'
    /usr/local/rvm/gems/ruby-1.9.3-p194/gems/activesupport-3.2.8/lib/active_support/callbacks.rb:385:in `_run_setup_callbacks'
    /usr/local/rvm/gems/ruby-1.9.3-p194/gems/activesupport-3.2.8/lib/active_support/callbacks.rb:81:in `run_callbacks'
    /usr/local/rvm/gems/ruby-1.9.3-p194/gems/activesupport-3.2.8/lib/active_support/testing/setup_and_teardown.rb:35:in `run'

  2) Error:
test_should_destroy_user(UsersControllerTest):
ActiveRecord::StatementInvalid: Could not find table 'users'
    /usr/local/rvm/gems/ruby-1.9.3-p194/gems/activerecord-3.2.8/lib/active_record/connection_adapters/sqlite_adapter.rb:472:in `table_structure'
    /usr/local/rvm/gems/ruby-1.9.3-p194/gems/activerecord-3.2.8/lib/active_record/connection_adapters/sqlite_adapter.rb:346:in `columns'
    /usr/local/rvm/gems/ruby-1.9.3-p194/gems/activerecord-3.2.8/lib/active_record/fixtures.rb:660:in `column_names'
    /usr/local/rvm/gems/ruby-1.9.3-p194/gems/activerecord-3.2.8/lib/active_record/fixtures.rb:652:in `timestamp_column_names'
    /usr/local/rvm/gems/ruby-1.9.3-p194/gems/activerecord-3.2.8/lib/active_record/fixtures.rb:585:in `block in table_rows'
    /usr/local/rvm/gems/ruby-1.9.3-p194/gems/activerecord-3.2.8/lib/active_record/fixtures.rb:579:in `each'
    /usr/local/rvm/gems/ruby-1.9.3-p194/gems/activerecord-3.2.8/lib/active_record/fixtures.rb:579:in `map'
    /usr/local/rvm/gems/ruby-1.9.3-p194/gems/activerecord-3.2.8/lib/active_record/fixtures.rb:579:in `table_rows'
    /usr/local/rvm/gems/ruby-1.9.3-p194/gems/activerecord-3.2.8/lib/active_record/fixtures.rb:494:in `block (3 levels) in create_fixtures'
    /usr/local/rvm/gems/ruby-1.9.3-p194/gems/activerecord-3.2.8/lib/active_record/fixtures.rb:492:in `each'
    /usr/local/rvm/gems/ruby-1.9.3-p194/gems/activerecord-3.2.8/lib/active_record/fixtures.rb:492:in `block (2 levels) in create_fixtures'
    /usr/local/rvm/gems/ruby-1.9.3-p194/gems/activerecord-3.2.8/lib/active_record/connection_adapters/abstract/database_statements.rb:192:in `transaction'
    /usr/local/rvm/gems/ruby-1.9.3-p194/gems/activerecord-3.2.8/lib/active_record/fixtures.rb:491:in `block in create_fixtures'
    /usr/local/rvm/gems/ruby-1.9.3-p194/gems/activerecord-3.2.8/lib/active_record/connection_adapters/abstract_adapter.rb:168:in `disable_referential_integrity'
    /usr/local/rvm/gems/ruby-1.9.3-p194/gems/activerecord-3.2.8/lib/active_record/fixtures.rb:476:in `create_fixtures'
    /usr/local/rvm/gems/ruby-1.9.3-p194/gems/activerecord-3.2.8/lib/active_record/fixtures.rb:895:in `load_fixtures'
    /usr/local/rvm/gems/ruby-1.9.3-p194/gems/activerecord-3.2.8/lib/active_record/fixtures.rb:849:in `setup_fixtures'
    /usr/local/rvm/gems/ruby-1.9.3-p194/gems/activesupport-3.2.8/lib/active_support/callbacks.rb:429:in `_run__160223715__setup__852368898__callbacks'
    /usr/local/rvm/gems/ruby-1.9.3-p194/gems/activesupport-3.2.8/lib/active_support/callbacks.rb:405:in `__run_callback'
    /usr/local/rvm/gems/ruby-1.9.3-p194/gems/activesupport-3.2.8/lib/active_support/callbacks.rb:385:in `_run_setup_callbacks'
    /usr/local/rvm/gems/ruby-1.9.3-p194/gems/activesupport-3.2.8/lib/active_support/callbacks.rb:81:in `run_callbacks'
    /usr/local/rvm/gems/ruby-1.9.3-p194/gems/activesupport-3.2.8/lib/active_support/testing/setup_and_teardown.rb:35:in `run'

  3) Error:
test_should_get_edit(UsersControllerTest):
ActiveRecord::StatementInvalid: Could not find table 'users'
    /usr/local/rvm/gems/ruby-1.9.3-p194/gems/activerecord-3.2.8/lib/active_record/connection_adapters/sqlite_adapter.rb:472:in `table_structure'
    /usr/local/rvm/gems/ruby-1.9.3-p194/gems/activerecord-3.2.8/lib/active_record/connection_adapters/sqlite_adapter.rb:346:in `columns'
    /usr/local/rvm/gems/ruby-1.9.3-p194/gems/activerecord-3.2.8/lib/active_record/fixtures.rb:660:in `column_names'
    /usr/local/rvm/gems/ruby-1.9.3-p194/gems/activerecord-3.2.8/lib/active_record/fixtures.rb:652:in `timestamp_column_names'
    /usr/local/rvm/gems/ruby-1.9.3-p194/gems/activerecord-3.2.8/lib/active_record/fixtures.rb:585:in `block in table_rows'
    /usr/local/rvm/gems/ruby-1.9.3-p194/gems/activerecord-3.2.8/lib/active_record/fixtures.rb:579:in `each'
    /usr/local/rvm/gems/ruby-1.9.3-p194/gems/activerecord-3.2.8/lib/active_record/fixtures.rb:579:in `map'
    /usr/local/rvm/gems/ruby-1.9.3-p194/gems/activerecord-3.2.8/lib/active_record/fixtures.rb:579:in `table_rows'
    /usr/local/rvm/gems/ruby-1.9.3-p194/gems/activerecord-3.2.8/lib/active_record/fixtures.rb:494:in `block (3 levels) in create_fixtures'
    /usr/local/rvm/gems/ruby-1.9.3-p194/gems/activerecord-3.2.8/lib/active_record/fixtures.rb:492:in `each'
    /usr/local/rvm/gems/ruby-1.9.3-p194/gems/activerecord-3.2.8/lib/active_record/fixtures.rb:492:in `block (2 levels) in create_fixtures'
    /usr/local/rvm/gems/ruby-1.9.3-p194/gems/activerecord-3.2.8/lib/active_record/connection_adapters/abstract/database_statements.rb:192:in `transaction'
    /usr/local/rvm/gems/ruby-1.9.3-p194/gems/activerecord-3.2.8/lib/active_record/fixtures.rb:491:in `block in create_fixtures'
    /usr/local/rvm/gems/ruby-1.9.3-p194/gems/activerecord-3.2.8/lib/active_record/connection_adapters/abstract_adapter.rb:168:in `disable_referential_integrity'
    /usr/local/rvm/gems/ruby-1.9.3-p194/gems/activerecord-3.2.8/lib/active_record/fixtures.rb:476:in `create_fixtures'
    /usr/local/rvm/gems/ruby-1.9.3-p194/gems/activerecord-3.2.8/lib/active_record/fixtures.rb:895:in `load_fixtures'
    /usr/local/rvm/gems/ruby-1.9.3-p194/gems/activerecord-3.2.8/lib/active_record/fixtures.rb:849:in `setup_fixtures'
    /usr/local/rvm/gems/ruby-1.9.3-p194/gems/activesupport-3.2.8/lib/active_support/callbacks.rb:429:in `_run__160223715__setup__852368898__callbacks'
    /usr/local/rvm/gems/ruby-1.9.3-p194/gems/activesupport-3.2.8/lib/active_support/callbacks.rb:405:in `__run_callback'
    /usr/local/rvm/gems/ruby-1.9.3-p194/gems/activesupport-3.2.8/lib/active_support/callbacks.rb:385:in `_run_setup_callbacks'
    /usr/local/rvm/gems/ruby-1.9.3-p194/gems/activesupport-3.2.8/lib/active_support/callbacks.rb:81:in `run_callbacks'
    /usr/local/rvm/gems/ruby-1.9.3-p194/gems/activesupport-3.2.8/lib/active_support/testing/setup_and_teardown.rb:35:in `run'

  4) Error:
test_should_get_index(UsersControllerTest):
ActiveRecord::StatementInvalid: Could not find table 'users'
    /usr/local/rvm/gems/ruby-1.9.3-p194/gems/activerecord-3.2.8/lib/active_record/connection_adapters/sqlite_adapter.rb:472:in `table_structure'
    /usr/local/rvm/gems/ruby-1.9.3-p194/gems/activerecord-3.2.8/lib/active_record/connection_adapters/sqlite_adapter.rb:346:in `columns'
    /usr/local/rvm/gems/ruby-1.9.3-p194/gems/activerecord-3.2.8/lib/active_record/fixtures.rb:660:in `column_names'
    /usr/local/rvm/gems/ruby-1.9.3-p194/gems/activerecord-3.2.8/lib/active_record/fixtures.rb:652:in `timestamp_column_names'
    /usr/local/rvm/gems/ruby-1.9.3-p194/gems/activerecord-3.2.8/lib/active_record/fixtures.rb:585:in `block in table_rows'
    /usr/local/rvm/gems/ruby-1.9.3-p194/gems/activerecord-3.2.8/lib/active_record/fixtures.rb:579:in `each'
    /usr/local/rvm/gems/ruby-1.9.3-p194/gems/activerecord-3.2.8/lib/active_record/fixtures.rb:579:in `map'
    /usr/local/rvm/gems/ruby-1.9.3-p194/gems/activerecord-3.2.8/lib/active_record/fixtures.rb:579:in `table_rows'
    /usr/local/rvm/gems/ruby-1.9.3-p194/gems/activerecord-3.2.8/lib/active_record/fixtures.rb:494:in `block (3 levels) in create_fixtures'
    /usr/local/rvm/gems/ruby-1.9.3-p194/gems/activerecord-3.2.8/lib/active_record/fixtures.rb:492:in `each'
    /usr/local/rvm/gems/ruby-1.9.3-p194/gems/activerecord-3.2.8/lib/active_record/fixtures.rb:492:in `block (2 levels) in create_fixtures'
    /usr/local/rvm/gems/ruby-1.9.3-p194/gems/activerecord-3.2.8/lib/active_record/connection_adapters/abstract/database_statements.rb:192:in `transaction'
    /usr/local/rvm/gems/ruby-1.9.3-p194/gems/activerecord-3.2.8/lib/active_record/fixtures.rb:491:in `block in create_fixtures'
    /usr/local/rvm/gems/ruby-1.9.3-p194/gems/activerecord-3.2.8/lib/active_record/connection_adapters/abstract_adapter.rb:168:in `disable_referential_integrity'
    /usr/local/rvm/gems/ruby-1.9.3-p194/gems/activerecord-3.2.8/lib/active_record/fixtures.rb:476:in `create_fixtures'
    /usr/local/rvm/gems/ruby-1.9.3-p194/gems/activerecord-3.2.8/lib/active_record/fixtures.rb:895:in `load_fixtures'
    /usr/local/rvm/gems/ruby-1.9.3-p194/gems/activerecord-3.2.8/lib/active_record/fixtures.rb:849:in `setup_fixtures'
    /usr/local/rvm/gems/ruby-1.9.3-p194/gems/activesupport-3.2.8/lib/active_support/callbacks.rb:429:in `_run__160223715__setup__852368898__callbacks'
    /usr/local/rvm/gems/ruby-1.9.3-p194/gems/activesupport-3.2.8/lib/active_support/callbacks.rb:405:in `__run_callback'
    /usr/local/rvm/gems/ruby-1.9.3-p194/gems/activesupport-3.2.8/lib/active_support/callbacks.rb:385:in `_run_setup_callbacks'
    /usr/local/rvm/gems/ruby-1.9.3-p194/gems/activesupport-3.2.8/lib/active_support/callbacks.rb:81:in `run_callbacks'
    /usr/local/rvm/gems/ruby-1.9.3-p194/gems/activesupport-3.2.8/lib/active_support/testing/setup_and_teardown.rb:35:in `run'

  5) Error:
test_should_get_new(UsersControllerTest):
ActiveRecord::StatementInvalid: Could not find table 'users'
    /usr/local/rvm/gems/ruby-1.9.3-p194/gems/activerecord-3.2.8/lib/active_record/connection_adapters/sqlite_adapter.rb:472:in `table_structure'
    /usr/local/rvm/gems/ruby-1.9.3-p194/gems/activerecord-3.2.8/lib/active_record/connection_adapters/sqlite_adapter.rb:346:in `columns'
    /usr/local/rvm/gems/ruby-1.9.3-p194/gems/activerecord-3.2.8/lib/active_record/fixtures.rb:660:in `column_names'
    /usr/local/rvm/gems/ruby-1.9.3-p194/gems/activerecord-3.2.8/lib/active_record/fixtures.rb:652:in `timestamp_column_names'
    /usr/local/rvm/gems/ruby-1.9.3-p194/gems/activerecord-3.2.8/lib/active_record/fixtures.rb:585:in `block in table_rows'
    /usr/local/rvm/gems/ruby-1.9.3-p194/gems/activerecord-3.2.8/lib/active_record/fixtures.rb:579:in `each'
    /usr/local/rvm/gems/ruby-1.9.3-p194/gems/activerecord-3.2.8/lib/active_record/fixtures.rb:579:in `map'
    /usr/local/rvm/gems/ruby-1.9.3-p194/gems/activerecord-3.2.8/lib/active_record/fixtures.rb:579:in `table_rows'
    /usr/local/rvm/gems/ruby-1.9.3-p194/gems/activerecord-3.2.8/lib/active_record/fixtures.rb:494:in `block (3 levels) in create_fixtures'
    /usr/local/rvm/gems/ruby-1.9.3-p194/gems/activerecord-3.2.8/lib/active_record/fixtures.rb:492:in `each'
    /usr/local/rvm/gems/ruby-1.9.3-p194/gems/activerecord-3.2.8/lib/active_record/fixtures.rb:492:in `block (2 levels) in create_fixtures'
    /usr/local/rvm/gems/ruby-1.9.3-p194/gems/activerecord-3.2.8/lib/active_record/connection_adapters/abstract/database_statements.rb:192:in `transaction'
    /usr/local/rvm/gems/ruby-1.9.3-p194/gems/activerecord-3.2.8/lib/active_record/fixtures.rb:491:in `block in create_fixtures'
    /usr/local/rvm/gems/ruby-1.9.3-p194/gems/activerecord-3.2.8/lib/active_record/connection_adapters/abstract_adapter.rb:168:in `disable_referential_integrity'
    /usr/local/rvm/gems/ruby-1.9.3-p194/gems/activerecord-3.2.8/lib/active_record/fixtures.rb:476:in `create_fixtures'
    /usr/local/rvm/gems/ruby-1.9.3-p194/gems/activerecord-3.2.8/lib/active_record/fixtures.rb:895:in `load_fixtures'
    /usr/local/rvm/gems/ruby-1.9.3-p194/gems/activerecord-3.2.8/lib/active_record/fixtures.rb:849:in `setup_fixtures'
    /usr/local/rvm/gems/ruby-1.9.3-p194/gems/activesupport-3.2.8/lib/active_support/callbacks.rb:429:in `_run__160223715__setup__852368898__callbacks'
    /usr/local/rvm/gems/ruby-1.9.3-p194/gems/activesupport-3.2.8/lib/active_support/callbacks.rb:405:in `__run_callback'
    /usr/local/rvm/gems/ruby-1.9.3-p194/gems/activesupport-3.2.8/lib/active_support/callbacks.rb:385:in `_run_setup_callbacks'
    /usr/local/rvm/gems/ruby-1.9.3-p194/gems/activesupport-3.2.8/lib/active_support/callbacks.rb:81:in `run_callbacks'
    /usr/local/rvm/gems/ruby-1.9.3-p194/gems/activesupport-3.2.8/lib/active_support/testing/setup_and_teardown.rb:35:in `run'

  6) Error:
test_should_show_user(UsersControllerTest):
ActiveRecord::StatementInvalid: Could not find table 'users'
    /usr/local/rvm/gems/ruby-1.9.3-p194/gems/activerecord-3.2.8/lib/active_record/connection_adapters/sqlite_adapter.rb:472:in `table_structure'
    /usr/local/rvm/gems/ruby-1.9.3-p194/gems/activerecord-3.2.8/lib/active_record/connection_adapters/sqlite_adapter.rb:346:in `columns'
    /usr/local/rvm/gems/ruby-1.9.3-p194/gems/activerecord-3.2.8/lib/active_record/fixtures.rb:660:in `column_names'
    /usr/local/rvm/gems/ruby-1.9.3-p194/gems/activerecord-3.2.8/lib/active_record/fixtures.rb:652:in `timestamp_column_names'
    /usr/local/rvm/gems/ruby-1.9.3-p194/gems/activerecord-3.2.8/lib/active_record/fixtures.rb:585:in `block in table_rows'
    /usr/local/rvm/gems/ruby-1.9.3-p194/gems/activerecord-3.2.8/lib/active_record/fixtures.rb:579:in `each'
    /usr/local/rvm/gems/ruby-1.9.3-p194/gems/activerecord-3.2.8/lib/active_record/fixtures.rb:579:in `map'
    /usr/local/rvm/gems/ruby-1.9.3-p194/gems/activerecord-3.2.8/lib/active_record/fixtures.rb:579:in `table_rows'
    /usr/local/rvm/gems/ruby-1.9.3-p194/gems/activerecord-3.2.8/lib/active_record/fixtures.rb:494:in `block (3 levels) in create_fixtures'
    /usr/local/rvm/gems/ruby-1.9.3-p194/gems/activerecord-3.2.8/lib/active_record/fixtures.rb:492:in `each'
    /usr/local/rvm/gems/ruby-1.9.3-p194/gems/activerecord-3.2.8/lib/active_record/fixtures.rb:492:in `block (2 levels) in create_fixtures'
    /usr/local/rvm/gems/ruby-1.9.3-p194/gems/activerecord-3.2.8/lib/active_record/connection_adapters/abstract/database_statements.rb:192:in `transaction'
    /usr/local/rvm/gems/ruby-1.9.3-p194/gems/activerecord-3.2.8/lib/active_record/fixtures.rb:491:in `block in create_fixtures'
    /usr/local/rvm/gems/ruby-1.9.3-p194/gems/activerecord-3.2.8/lib/active_record/connection_adapters/abstract_adapter.rb:168:in `disable_referential_integrity'
    /usr/local/rvm/gems/ruby-1.9.3-p194/gems/activerecord-3.2.8/lib/active_record/fixtures.rb:476:in `create_fixtures'
    /usr/local/rvm/gems/ruby-1.9.3-p194/gems/activerecord-3.2.8/lib/active_record/fixtures.rb:895:in `load_fixtures'
    /usr/local/rvm/gems/ruby-1.9.3-p194/gems/activerecord-3.2.8/lib/active_record/fixtures.rb:849:in `setup_fixtures'
    /usr/local/rvm/gems/ruby-1.9.3-p194/gems/activesupport-3.2.8/lib/active_support/callbacks.rb:429:in `_run__160223715__setup__852368898__callbacks'
    /usr/local/rvm/gems/ruby-1.9.3-p194/gems/activesupport-3.2.8/lib/active_support/callbacks.rb:405:in `__run_callback'
    /usr/local/rvm/gems/ruby-1.9.3-p194/gems/activesupport-3.2.8/lib/active_support/callbacks.rb:385:in `_run_setup_callbacks'
    /usr/local/rvm/gems/ruby-1.9.3-p194/gems/activesupport-3.2.8/lib/active_support/callbacks.rb:81:in `run_callbacks'
    /usr/local/rvm/gems/ruby-1.9.3-p194/gems/activesupport-3.2.8/lib/active_support/testing/setup_and_teardown.rb:35:in `run'

  7) Error:
test_should_update_user(UsersControllerTest):
ActiveRecord::StatementInvalid: Could not find table 'users'
    /usr/local/rvm/gems/ruby-1.9.3-p194/gems/activerecord-3.2.8/lib/active_record/connection_adapters/sqlite_adapter.rb:472:in `table_structure'
    /usr/local/rvm/gems/ruby-1.9.3-p194/gems/activerecord-3.2.8/lib/active_record/connection_adapters/sqlite_adapter.rb:346:in `columns'
    /usr/local/rvm/gems/ruby-1.9.3-p194/gems/activerecord-3.2.8/lib/active_record/fixtures.rb:660:in `column_names'
    /usr/local/rvm/gems/ruby-1.9.3-p194/gems/activerecord-3.2.8/lib/active_record/fixtures.rb:652:in `timestamp_column_names'
    /usr/local/rvm/gems/ruby-1.9.3-p194/gems/activerecord-3.2.8/lib/active_record/fixtures.rb:585:in `block in table_rows'
    /usr/local/rvm/gems/ruby-1.9.3-p194/gems/activerecord-3.2.8/lib/active_record/fixtures.rb:579:in `each'
    /usr/local/rvm/gems/ruby-1.9.3-p194/gems/activerecord-3.2.8/lib/active_record/fixtures.rb:579:in `map'
    /usr/local/rvm/gems/ruby-1.9.3-p194/gems/activerecord-3.2.8/lib/active_record/fixtures.rb:579:in `table_rows'
    /usr/local/rvm/gems/ruby-1.9.3-p194/gems/activerecord-3.2.8/lib/active_record/fixtures.rb:494:in `block (3 levels) in create_fixtures'
    /usr/local/rvm/gems/ruby-1.9.3-p194/gems/activerecord-3.2.8/lib/active_record/fixtures.rb:492:in `each'
    /usr/local/rvm/gems/ruby-1.9.3-p194/gems/activerecord-3.2.8/lib/active_record/fixtures.rb:492:in `block (2 levels) in create_fixtures'
    /usr/local/rvm/gems/ruby-1.9.3-p194/gems/activerecord-3.2.8/lib/active_record/connection_adapters/abstract/database_statements.rb:192:in `transaction'
    /usr/local/rvm/gems/ruby-1.9.3-p194/gems/activerecord-3.2.8/lib/active_record/fixtures.rb:491:in `block in create_fixtures'
    /usr/local/rvm/gems/ruby-1.9.3-p194/gems/activerecord-3.2.8/lib/active_record/connection_adapters/abstract_adapter.rb:168:in `disable_referential_integrity'
    /usr/local/rvm/gems/ruby-1.9.3-p194/gems/activerecord-3.2.8/lib/active_record/fixtures.rb:476:in `create_fixtures'
    /usr/local/rvm/gems/ruby-1.9.3-p194/gems/activerecord-3.2.8/lib/active_record/fixtures.rb:895:in `load_fixtures'
    /usr/local/rvm/gems/ruby-1.9.3-p194/gems/activerecord-3.2.8/lib/active_record/fixtures.rb:849:in `setup_fixtures'
    /usr/local/rvm/gems/ruby-1.9.3-p194/gems/activesupport-3.2.8/lib/active_support/callbacks.rb:429:in `_run__160223715__setup__852368898__callbacks'
    /usr/local/rvm/gems/ruby-1.9.3-p194/gems/activesupport-3.2.8/lib/active_support/callbacks.rb:405:in `__run_callback'
    /usr/local/rvm/gems/ruby-1.9.3-p194/gems/activesupport-3.2.8/lib/active_support/callbacks.rb:385:in `_run_setup_callbacks'
    /usr/local/rvm/gems/ruby-1.9.3-p194/gems/activesupport-3.2.8/lib/active_support/callbacks.rb:81:in `run_callbacks'
    /usr/local/rvm/gems/ruby-1.9.3-p194/gems/activesupport-3.2.8/lib/active_support/testing/setup_and_teardown.rb:35:in `run'

7 tests, 0 assertions, 0 failures, 7 errors, 0 skips
Run options: -n "/^(test_should_get_contact|test_should_get_home)$/"

# Running tests:

EE

Finished tests in 0.046139s, 43.3472 tests/s, 0.0000 assertions/s.

  1) Error:
test_should_get_contact(PagesControllerTest):
ActiveRecord::StatementInvalid: Could not find table 'users'
    /usr/local/rvm/gems/ruby-1.9.3-p194/gems/activerecord-3.2.8/lib/active_record/connection_adapters/sqlite_adapter.rb:472:in `table_structure'
    /usr/local/rvm/gems/ruby-1.9.3-p194/gems/activerecord-3.2.8/lib/active_record/connection_adapters/sqlite_adapter.rb:346:in `columns'
    /usr/local/rvm/gems/ruby-1.9.3-p194/gems/activerecord-3.2.8/lib/active_record/fixtures.rb:660:in `column_names'
    /usr/local/rvm/gems/ruby-1.9.3-p194/gems/activerecord-3.2.8/lib/active_record/fixtures.rb:652:in `timestamp_column_names'
    /usr/local/rvm/gems/ruby-1.9.3-p194/gems/activerecord-3.2.8/lib/active_record/fixtures.rb:585:in `block in table_rows'
    /usr/local/rvm/gems/ruby-1.9.3-p194/gems/activerecord-3.2.8/lib/active_record/fixtures.rb:579:in `each'
    /usr/local/rvm/gems/ruby-1.9.3-p194/gems/activerecord-3.2.8/lib/active_record/fixtures.rb:579:in `map'
    /usr/local/rvm/gems/ruby-1.9.3-p194/gems/activerecord-3.2.8/lib/active_record/fixtures.rb:579:in `table_rows'
    /usr/local/rvm/gems/ruby-1.9.3-p194/gems/activerecord-3.2.8/lib/active_record/fixtures.rb:494:in `block (3 levels) in create_fixtures'
    /usr/local/rvm/gems/ruby-1.9.3-p194/gems/activerecord-3.2.8/lib/active_record/fixtures.rb:492:in `each'
    /usr/local/rvm/gems/ruby-1.9.3-p194/gems/activerecord-3.2.8/lib/active_record/fixtures.rb:492:in `block (2 levels) in create_fixtures'
    /usr/local/rvm/gems/ruby-1.9.3-p194/gems/activerecord-3.2.8/lib/active_record/connection_adapters/abstract/database_statements.rb:192:in `transaction'
    /usr/local/rvm/gems/ruby-1.9.3-p194/gems/activerecord-3.2.8/lib/active_record/fixtures.rb:491:in `block in create_fixtures'
    /usr/local/rvm/gems/ruby-1.9.3-p194/gems/activerecord-3.2.8/lib/active_record/connection_adapters/abstract_adapter.rb:168:in `disable_referential_integrity'
    /usr/local/rvm/gems/ruby-1.9.3-p194/gems/activerecord-3.2.8/lib/active_record/fixtures.rb:476:in `create_fixtures'
    /usr/local/rvm/gems/ruby-1.9.3-p194/gems/activerecord-3.2.8/lib/active_record/fixtures.rb:895:in `load_fixtures'
    /usr/local/rvm/gems/ruby-1.9.3-p194/gems/activerecord-3.2.8/lib/active_record/fixtures.rb:849:in `setup_fixtures'
    /usr/local/rvm/gems/ruby-1.9.3-p194/gems/activesupport-3.2.8/lib/active_support/callbacks.rb:429:in `_run__759367658__setup__715291324__callbacks'
    /usr/local/rvm/gems/ruby-1.9.3-p194/gems/activesupport-3.2.8/lib/active_support/callbacks.rb:405:in `__run_callback'
    /usr/local/rvm/gems/ruby-1.9.3-p194/gems/activesupport-3.2.8/lib/active_support/callbacks.rb:385:in `_run_setup_callbacks'
    /usr/local/rvm/gems/ruby-1.9.3-p194/gems/activesupport-3.2.8/lib/active_support/callbacks.rb:81:in `run_callbacks'
    /usr/local/rvm/gems/ruby-1.9.3-p194/gems/activesupport-3.2.8/lib/active_support/testing/setup_and_teardown.rb:35:in `run'

  2) Error:
test_should_get_home(PagesControllerTest):
ActiveRecord::StatementInvalid: Could not find table 'users'
    /usr/local/rvm/gems/ruby-1.9.3-p194/gems/activerecord-3.2.8/lib/active_record/connection_adapters/sqlite_adapter.rb:472:in `table_structure'
    /usr/local/rvm/gems/ruby-1.9.3-p194/gems/activerecord-3.2.8/lib/active_record/connection_adapters/sqlite_adapter.rb:346:in `columns'
    /usr/local/rvm/gems/ruby-1.9.3-p194/gems/activerecord-3.2.8/lib/active_record/fixtures.rb:660:in `column_names'
    /usr/local/rvm/gems/ruby-1.9.3-p194/gems/activerecord-3.2.8/lib/active_record/fixtures.rb:652:in `timestamp_column_names'
    /usr/local/rvm/gems/ruby-1.9.3-p194/gems/activerecord-3.2.8/lib/active_record/fixtures.rb:585:in `block in table_rows'
    /usr/local/rvm/gems/ruby-1.9.3-p194/gems/activerecord-3.2.8/lib/active_record/fixtures.rb:579:in `each'
    /usr/local/rvm/gems/ruby-1.9.3-p194/gems/activerecord-3.2.8/lib/active_record/fixtures.rb:579:in `map'
    /usr/local/rvm/gems/ruby-1.9.3-p194/gems/activerecord-3.2.8/lib/active_record/fixtures.rb:579:in `table_rows'
    /usr/local/rvm/gems/ruby-1.9.3-p194/gems/activerecord-3.2.8/lib/active_record/fixtures.rb:494:in `block (3 levels) in create_fixtures'
    /usr/local/rvm/gems/ruby-1.9.3-p194/gems/activerecord-3.2.8/lib/active_record/fixtures.rb:492:in `each'
    /usr/local/rvm/gems/ruby-1.9.3-p194/gems/activerecord-3.2.8/lib/active_record/fixtures.rb:492:in `block (2 levels) in create_fixtures'
    /usr/local/rvm/gems/ruby-1.9.3-p194/gems/activerecord-3.2.8/lib/active_record/connection_adapters/abstract/database_statements.rb:192:in `transaction'
    /usr/local/rvm/gems/ruby-1.9.3-p194/gems/activerecord-3.2.8/lib/active_record/fixtures.rb:491:in `block in create_fixtures'
    /usr/local/rvm/gems/ruby-1.9.3-p194/gems/activerecord-3.2.8/lib/active_record/connection_adapters/abstract_adapter.rb:168:in `disable_referential_integrity'
    /usr/local/rvm/gems/ruby-1.9.3-p194/gems/activerecord-3.2.8/lib/active_record/fixtures.rb:476:in `create_fixtures'
    /usr/local/rvm/gems/ruby-1.9.3-p194/gems/activerecord-3.2.8/lib/active_record/fixtures.rb:895:in `load_fixtures'
    /usr/local/rvm/gems/ruby-1.9.3-p194/gems/activerecord-3.2.8/lib/active_record/fixtures.rb:849:in `setup_fixtures'
    /usr/local/rvm/gems/ruby-1.9.3-p194/gems/activesupport-3.2.8/lib/active_support/callbacks.rb:429:in `_run__759367658__setup__715291324__callbacks'
    /usr/local/rvm/gems/ruby-1.9.3-p194/gems/activesupport-3.2.8/lib/active_support/callbacks.rb:405:in `__run_callback'
    /usr/local/rvm/gems/ruby-1.9.3-p194/gems/activesupport-3.2.8/lib/active_support/callbacks.rb:385:in `_run_setup_callbacks'
    /usr/local/rvm/gems/ruby-1.9.3-p194/gems/activesupport-3.2.8/lib/active_support/callbacks.rb:81:in `run_callbacks'
    /usr/local/rvm/gems/ruby-1.9.3-p194/gems/activesupport-3.2.8/lib/active_support/testing/setup_and_teardown.rb:35:in `run'

2 tests, 0 assertions, 0 failures, 2 errors, 0 skips
Run options: -n "/^(test_should_create_micropost|test_should_destroy_micropost|test_should_get_edit|test_should_get_index|test_should_get_new|test_should_show_micropost|test_should_update_micropost)$/"

# Running tests:

EEEEEEE

Finished tests in 0.098347s, 71.1765 tests/s, 0.0000 assertions/s.

  1) Error:
test_should_create_micropost(MicropostsControllerTest):
ActiveRecord::StatementInvalid: Could not find table 'users'
    /usr/local/rvm/gems/ruby-1.9.3-p194/gems/activerecord-3.2.8/lib/active_record/connection_adapters/sqlite_adapter.rb:472:in `table_structure'
    /usr/local/rvm/gems/ruby-1.9.3-p194/gems/activerecord-3.2.8/lib/active_record/connection_adapters/sqlite_adapter.rb:346:in `columns'
    /usr/local/rvm/gems/ruby-1.9.3-p194/gems/activerecord-3.2.8/lib/active_record/fixtures.rb:660:in `column_names'
    /usr/local/rvm/gems/ruby-1.9.3-p194/gems/activerecord-3.2.8/lib/active_record/fixtures.rb:652:in `timestamp_column_names'
    /usr/local/rvm/gems/ruby-1.9.3-p194/gems/activerecord-3.2.8/lib/active_record/fixtures.rb:585:in `block in table_rows'
    /usr/local/rvm/gems/ruby-1.9.3-p194/gems/activerecord-3.2.8/lib/active_record/fixtures.rb:579:in `each'
    /usr/local/rvm/gems/ruby-1.9.3-p194/gems/activerecord-3.2.8/lib/active_record/fixtures.rb:579:in `map'
    /usr/local/rvm/gems/ruby-1.9.3-p194/gems/activerecord-3.2.8/lib/active_record/fixtures.rb:579:in `table_rows'
    /usr/local/rvm/gems/ruby-1.9.3-p194/gems/activerecord-3.2.8/lib/active_record/fixtures.rb:494:in `block (3 levels) in create_fixtures'
    /usr/local/rvm/gems/ruby-1.9.3-p194/gems/activerecord-3.2.8/lib/active_record/fixtures.rb:492:in `each'
    /usr/local/rvm/gems/ruby-1.9.3-p194/gems/activerecord-3.2.8/lib/active_record/fixtures.rb:492:in `block (2 levels) in create_fixtures'
    /usr/local/rvm/gems/ruby-1.9.3-p194/gems/activerecord-3.2.8/lib/active_record/connection_adapters/abstract/database_statements.rb:192:in `transaction'
    /usr/local/rvm/gems/ruby-1.9.3-p194/gems/activerecord-3.2.8/lib/active_record/fixtures.rb:491:in `block in create_fixtures'
    /usr/local/rvm/gems/ruby-1.9.3-p194/gems/activerecord-3.2.8/lib/active_record/connection_adapters/abstract_adapter.rb:168:in `disable_referential_integrity'
    /usr/local/rvm/gems/ruby-1.9.3-p194/gems/activerecord-3.2.8/lib/active_record/fixtures.rb:476:in `create_fixtures'
    /usr/local/rvm/gems/ruby-1.9.3-p194/gems/activerecord-3.2.8/lib/active_record/fixtures.rb:895:in `load_fixtures'
    /usr/local/rvm/gems/ruby-1.9.3-p194/gems/activerecord-3.2.8/lib/active_record/fixtures.rb:849:in `setup_fixtures'
    /usr/local/rvm/gems/ruby-1.9.3-p194/gems/activesupport-3.2.8/lib/active_support/callbacks.rb:429:in `_run__129454736__setup__877008889__callbacks'
    /usr/local/rvm/gems/ruby-1.9.3-p194/gems/activesupport-3.2.8/lib/active_support/callbacks.rb:405:in `__run_callback'
    /usr/local/rvm/gems/ruby-1.9.3-p194/gems/activesupport-3.2.8/lib/active_support/callbacks.rb:385:in `_run_setup_callbacks'
    /usr/local/rvm/gems/ruby-1.9.3-p194/gems/activesupport-3.2.8/lib/active_support/callbacks.rb:81:in `run_callbacks'
    /usr/local/rvm/gems/ruby-1.9.3-p194/gems/activesupport-3.2.8/lib/active_support/testing/setup_and_teardown.rb:35:in `run'

  2) Error:
test_should_destroy_micropost(MicropostsControllerTest):
ActiveRecord::StatementInvalid: Could not find table 'users'
    /usr/local/rvm/gems/ruby-1.9.3-p194/gems/activerecord-3.2.8/lib/active_record/connection_adapters/sqlite_adapter.rb:472:in `table_structure'
    /usr/local/rvm/gems/ruby-1.9.3-p194/gems/activerecord-3.2.8/lib/active_record/connection_adapters/sqlite_adapter.rb:346:in `columns'
    /usr/local/rvm/gems/ruby-1.9.3-p194/gems/activerecord-3.2.8/lib/active_record/fixtures.rb:660:in `column_names'
    /usr/local/rvm/gems/ruby-1.9.3-p194/gems/activerecord-3.2.8/lib/active_record/fixtures.rb:652:in `timestamp_column_names'
    /usr/local/rvm/gems/ruby-1.9.3-p194/gems/activerecord-3.2.8/lib/active_record/fixtures.rb:585:in `block in table_rows'
    /usr/local/rvm/gems/ruby-1.9.3-p194/gems/activerecord-3.2.8/lib/active_record/fixtures.rb:579:in `each'
    /usr/local/rvm/gems/ruby-1.9.3-p194/gems/activerecord-3.2.8/lib/active_record/fixtures.rb:579:in `map'
    /usr/local/rvm/gems/ruby-1.9.3-p194/gems/activerecord-3.2.8/lib/active_record/fixtures.rb:579:in `table_rows'
    /usr/local/rvm/gems/ruby-1.9.3-p194/gems/activerecord-3.2.8/lib/active_record/fixtures.rb:494:in `block (3 levels) in create_fixtures'
    /usr/local/rvm/gems/ruby-1.9.3-p194/gems/activerecord-3.2.8/lib/active_record/fixtures.rb:492:in `each'
    /usr/local/rvm/gems/ruby-1.9.3-p194/gems/activerecord-3.2.8/lib/active_record/fixtures.rb:492:in `block (2 levels) in create_fixtures'
    /usr/local/rvm/gems/ruby-1.9.3-p194/gems/activerecord-3.2.8/lib/active_record/connection_adapters/abstract/database_statements.rb:192:in `transaction'
    /usr/local/rvm/gems/ruby-1.9.3-p194/gems/activerecord-3.2.8/lib/active_record/fixtures.rb:491:in `block in create_fixtures'
    /usr/local/rvm/gems/ruby-1.9.3-p194/gems/activerecord-3.2.8/lib/active_record/connection_adapters/abstract_adapter.rb:168:in `disable_referential_integrity'
    /usr/local/rvm/gems/ruby-1.9.3-p194/gems/activerecord-3.2.8/lib/active_record/fixtures.rb:476:in `create_fixtures'
    /usr/local/rvm/gems/ruby-1.9.3-p194/gems/activerecord-3.2.8/lib/active_record/fixtures.rb:895:in `load_fixtures'
    /usr/local/rvm/gems/ruby-1.9.3-p194/gems/activerecord-3.2.8/lib/active_record/fixtures.rb:849:in `setup_fixtures'
    /usr/local/rvm/gems/ruby-1.9.3-p194/gems/activesupport-3.2.8/lib/active_support/callbacks.rb:429:in `_run__129454736__setup__877008889__callbacks'
    /usr/local/rvm/gems/ruby-1.9.3-p194/gems/activesupport-3.2.8/lib/active_support/callbacks.rb:405:in `__run_callback'
    /usr/local/rvm/gems/ruby-1.9.3-p194/gems/activesupport-3.2.8/lib/active_support/callbacks.rb:385:in `_run_setup_callbacks'
    /usr/local/rvm/gems/ruby-1.9.3-p194/gems/activesupport-3.2.8/lib/active_support/callbacks.rb:81:in `run_callbacks'
    /usr/local/rvm/gems/ruby-1.9.3-p194/gems/activesupport-3.2.8/lib/active_support/testing/setup_and_teardown.rb:35:in `run'

  3) Error:
test_should_get_edit(MicropostsControllerTest):
ActiveRecord::StatementInvalid: Could not find table 'users'
    /usr/local/rvm/gems/ruby-1.9.3-p194/gems/activerecord-3.2.8/lib/active_record/connection_adapters/sqlite_adapter.rb:472:in `table_structure'
    /usr/local/rvm/gems/ruby-1.9.3-p194/gems/activerecord-3.2.8/lib/active_record/connection_adapters/sqlite_adapter.rb:346:in `columns'
    /usr/local/rvm/gems/ruby-1.9.3-p194/gems/activerecord-3.2.8/lib/active_record/fixtures.rb:660:in `column_names'
    /usr/local/rvm/gems/ruby-1.9.3-p194/gems/activerecord-3.2.8/lib/active_record/fixtures.rb:652:in `timestamp_column_names'
    /usr/local/rvm/gems/ruby-1.9.3-p194/gems/activerecord-3.2.8/lib/active_record/fixtures.rb:585:in `block in table_rows'
    /usr/local/rvm/gems/ruby-1.9.3-p194/gems/activerecord-3.2.8/lib/active_record/fixtures.rb:579:in `each'
    /usr/local/rvm/gems/ruby-1.9.3-p194/gems/activerecord-3.2.8/lib/active_record/fixtures.rb:579:in `map'
    /usr/local/rvm/gems/ruby-1.9.3-p194/gems/activerecord-3.2.8/lib/active_record/fixtures.rb:579:in `table_rows'
    /usr/local/rvm/gems/ruby-1.9.3-p194/gems/activerecord-3.2.8/lib/active_record/fixtures.rb:494:in `block (3 levels) in create_fixtures'
    /usr/local/rvm/gems/ruby-1.9.3-p194/gems/activerecord-3.2.8/lib/active_record/fixtures.rb:492:in `each'
    /usr/local/rvm/gems/ruby-1.9.3-p194/gems/activerecord-3.2.8/lib/active_record/fixtures.rb:492:in `block (2 levels) in create_fixtures'
    /usr/local/rvm/gems/ruby-1.9.3-p194/gems/activerecord-3.2.8/lib/active_record/connection_adapters/abstract/database_statements.rb:192:in `transaction'
    /usr/local/rvm/gems/ruby-1.9.3-p194/gems/activerecord-3.2.8/lib/active_record/fixtures.rb:491:in `block in create_fixtures'
    /usr/local/rvm/gems/ruby-1.9.3-p194/gems/activerecord-3.2.8/lib/active_record/connection_adapters/abstract_adapter.rb:168:in `disable_referential_integrity'
    /usr/local/rvm/gems/ruby-1.9.3-p194/gems/activerecord-3.2.8/lib/active_record/fixtures.rb:476:in `create_fixtures'
    /usr/local/rvm/gems/ruby-1.9.3-p194/gems/activerecord-3.2.8/lib/active_record/fixtures.rb:895:in `load_fixtures'
    /usr/local/rvm/gems/ruby-1.9.3-p194/gems/activerecord-3.2.8/lib/active_record/fixtures.rb:849:in `setup_fixtures'
    /usr/local/rvm/gems/ruby-1.9.3-p194/gems/activesupport-3.2.8/lib/active_support/callbacks.rb:429:in `_run__129454736__setup__877008889__callbacks'
    /usr/local/rvm/gems/ruby-1.9.3-p194/gems/activesupport-3.2.8/lib/active_support/callbacks.rb:405:in `__run_callback'
    /usr/local/rvm/gems/ruby-1.9.3-p194/gems/activesupport-3.2.8/lib/active_support/callbacks.rb:385:in `_run_setup_callbacks'
    /usr/local/rvm/gems/ruby-1.9.3-p194/gems/activesupport-3.2.8/lib/active_support/callbacks.rb:81:in `run_callbacks'
    /usr/local/rvm/gems/ruby-1.9.3-p194/gems/activesupport-3.2.8/lib/active_support/testing/setup_and_teardown.rb:35:in `run'

  4) Error:
test_should_get_index(MicropostsControllerTest):
ActiveRecord::StatementInvalid: Could not find table 'users'
    /usr/local/rvm/gems/ruby-1.9.3-p194/gems/activerecord-3.2.8/lib/active_record/connection_adapters/sqlite_adapter.rb:472:in `table_structure'
    /usr/local/rvm/gems/ruby-1.9.3-p194/gems/activerecord-3.2.8/lib/active_record/connection_adapters/sqlite_adapter.rb:346:in `columns'
    /usr/local/rvm/gems/ruby-1.9.3-p194/gems/activerecord-3.2.8/lib/active_record/fixtures.rb:660:in `column_names'
    /usr/local/rvm/gems/ruby-1.9.3-p194/gems/activerecord-3.2.8/lib/active_record/fixtures.rb:652:in `timestamp_column_names'
    /usr/local/rvm/gems/ruby-1.9.3-p194/gems/activerecord-3.2.8/lib/active_record/fixtures.rb:585:in `block in table_rows'
    /usr/local/rvm/gems/ruby-1.9.3-p194/gems/activerecord-3.2.8/lib/active_record/fixtures.rb:579:in `each'
    /usr/local/rvm/gems/ruby-1.9.3-p194/gems/activerecord-3.2.8/lib/active_record/fixtures.rb:579:in `map'
    /usr/local/rvm/gems/ruby-1.9.3-p194/gems/activerecord-3.2.8/lib/active_record/fixtures.rb:579:in `table_rows'
    /usr/local/rvm/gems/ruby-1.9.3-p194/gems/activerecord-3.2.8/lib/active_record/fixtures.rb:494:in `block (3 levels) in create_fixtures'
    /usr/local/rvm/gems/ruby-1.9.3-p194/gems/activerecord-3.2.8/lib/active_record/fixtures.rb:492:in `each'
    /usr/local/rvm/gems/ruby-1.9.3-p194/gems/activerecord-3.2.8/lib/active_record/fixtures.rb:492:in `block (2 levels) in create_fixtures'
    /usr/local/rvm/gems/ruby-1.9.3-p194/gems/activerecord-3.2.8/lib/active_record/connection_adapters/abstract/database_statements.rb:192:in `transaction'
    /usr/local/rvm/gems/ruby-1.9.3-p194/gems/activerecord-3.2.8/lib/active_record/fixtures.rb:491:in `block in create_fixtures'
    /usr/local/rvm/gems/ruby-1.9.3-p194/gems/activerecord-3.2.8/lib/active_record/connection_adapters/abstract_adapter.rb:168:in `disable_referential_integrity'
    /usr/local/rvm/gems/ruby-1.9.3-p194/gems/activerecord-3.2.8/lib/active_record/fixtures.rb:476:in `create_fixtures'
    /usr/local/rvm/gems/ruby-1.9.3-p194/gems/activerecord-3.2.8/lib/active_record/fixtures.rb:895:in `load_fixtures'
    /usr/local/rvm/gems/ruby-1.9.3-p194/gems/activerecord-3.2.8/lib/active_record/fixtures.rb:849:in `setup_fixtures'
    /usr/local/rvm/gems/ruby-1.9.3-p194/gems/activesupport-3.2.8/lib/active_support/callbacks.rb:429:in `_run__129454736__setup__877008889__callbacks'
    /usr/local/rvm/gems/ruby-1.9.3-p194/gems/activesupport-3.2.8/lib/active_support/callbacks.rb:405:in `__run_callback'
    /usr/local/rvm/gems/ruby-1.9.3-p194/gems/activesupport-3.2.8/lib/active_support/callbacks.rb:385:in `_run_setup_callbacks'
    /usr/local/rvm/gems/ruby-1.9.3-p194/gems/activesupport-3.2.8/lib/active_support/callbacks.rb:81:in `run_callbacks'
    /usr/local/rvm/gems/ruby-1.9.3-p194/gems/activesupport-3.2.8/lib/active_support/testing/setup_and_teardown.rb:35:in `run'

  5) Error:
test_should_get_new(MicropostsControllerTest):
ActiveRecord::StatementInvalid: Could not find table 'users'
    /usr/local/rvm/gems/ruby-1.9.3-p194/gems/activerecord-3.2.8/lib/active_record/connection_adapters/sqlite_adapter.rb:472:in `table_structure'
    /usr/local/rvm/gems/ruby-1.9.3-p194/gems/activerecord-3.2.8/lib/active_record/connection_adapters/sqlite_adapter.rb:346:in `columns'
    /usr/local/rvm/gems/ruby-1.9.3-p194/gems/activerecord-3.2.8/lib/active_record/fixtures.rb:660:in `column_names'
    /usr/local/rvm/gems/ruby-1.9.3-p194/gems/activerecord-3.2.8/lib/active_record/fixtures.rb:652:in `timestamp_column_names'
    /usr/local/rvm/gems/ruby-1.9.3-p194/gems/activerecord-3.2.8/lib/active_record/fixtures.rb:585:in `block in table_rows'
    /usr/local/rvm/gems/ruby-1.9.3-p194/gems/activerecord-3.2.8/lib/active_record/fixtures.rb:579:in `each'
    /usr/local/rvm/gems/ruby-1.9.3-p194/gems/activerecord-3.2.8/lib/active_record/fixtures.rb:579:in `map'
    /usr/local/rvm/gems/ruby-1.9.3-p194/gems/activerecord-3.2.8/lib/active_record/fixtures.rb:579:in `table_rows'
    /usr/local/rvm/gems/ruby-1.9.3-p194/gems/activerecord-3.2.8/lib/active_record/fixtures.rb:494:in `block (3 levels) in create_fixtures'
    /usr/local/rvm/gems/ruby-1.9.3-p194/gems/activerecord-3.2.8/lib/active_record/fixtures.rb:492:in `each'
    /usr/local/rvm/gems/ruby-1.9.3-p194/gems/activerecord-3.2.8/lib/active_record/fixtures.rb:492:in `block (2 levels) in create_fixtures'
    /usr/local/rvm/gems/ruby-1.9.3-p194/gems/activerecord-3.2.8/lib/active_record/connection_adapters/abstract/database_statements.rb:192:in `transaction'
    /usr/local/rvm/gems/ruby-1.9.3-p194/gems/activerecord-3.2.8/lib/active_record/fixtures.rb:491:in `block in create_fixtures'
    /usr/local/rvm/gems/ruby-1.9.3-p194/gems/activerecord-3.2.8/lib/active_record/connection_adapters/abstract_adapter.rb:168:in `disable_referential_integrity'
    /usr/local/rvm/gems/ruby-1.9.3-p194/gems/activerecord-3.2.8/lib/active_record/fixtures.rb:476:in `create_fixtures'
    /usr/local/rvm/gems/ruby-1.9.3-p194/gems/activerecord-3.2.8/lib/active_record/fixtures.rb:895:in `load_fixtures'
    /usr/local/rvm/gems/ruby-1.9.3-p194/gems/activerecord-3.2.8/lib/active_record/fixtures.rb:849:in `setup_fixtures'
    /usr/local/rvm/gems/ruby-1.9.3-p194/gems/activesupport-3.2.8/lib/active_support/callbacks.rb:429:in `_run__129454736__setup__877008889__callbacks'
    /usr/local/rvm/gems/ruby-1.9.3-p194/gems/activesupport-3.2.8/lib/active_support/callbacks.rb:405:in `__run_callback'
    /usr/local/rvm/gems/ruby-1.9.3-p194/gems/activesupport-3.2.8/lib/active_support/callbacks.rb:385:in `_run_setup_callbacks'
    /usr/local/rvm/gems/ruby-1.9.3-p194/gems/activesupport-3.2.8/lib/active_support/callbacks.rb:81:in `run_callbacks'
    /usr/local/rvm/gems/ruby-1.9.3-p194/gems/activesupport-3.2.8/lib/active_support/testing/setup_and_teardown.rb:35:in `run'

  6) Error:
test_should_show_micropost(MicropostsControllerTest):
ActiveRecord::StatementInvalid: Could not find table 'users'
    /usr/local/rvm/gems/ruby-1.9.3-p194/gems/activerecord-3.2.8/lib/active_record/connection_adapters/sqlite_adapter.rb:472:in `table_structure'
    /usr/local/rvm/gems/ruby-1.9.3-p194/gems/activerecord-3.2.8/lib/active_record/connection_adapters/sqlite_adapter.rb:346:in `columns'
    /usr/local/rvm/gems/ruby-1.9.3-p194/gems/activerecord-3.2.8/lib/active_record/fixtures.rb:660:in `column_names'
    /usr/local/rvm/gems/ruby-1.9.3-p194/gems/activerecord-3.2.8/lib/active_record/fixtures.rb:652:in `timestamp_column_names'
    /usr/local/rvm/gems/ruby-1.9.3-p194/gems/activerecord-3.2.8/lib/active_record/fixtures.rb:585:in `block in table_rows'
    /usr/local/rvm/gems/ruby-1.9.3-p194/gems/activerecord-3.2.8/lib/active_record/fixtures.rb:579:in `each'
    /usr/local/rvm/gems/ruby-1.9.3-p194/gems/activerecord-3.2.8/lib/active_record/fixtures.rb:579:in `map'
    /usr/local/rvm/gems/ruby-1.9.3-p194/gems/activerecord-3.2.8/lib/active_record/fixtures.rb:579:in `table_rows'
    /usr/local/rvm/gems/ruby-1.9.3-p194/gems/activerecord-3.2.8/lib/active_record/fixtures.rb:494:in `block (3 levels) in create_fixtures'
    /usr/local/rvm/gems/ruby-1.9.3-p194/gems/activerecord-3.2.8/lib/active_record/fixtures.rb:492:in `each'
    /usr/local/rvm/gems/ruby-1.9.3-p194/gems/activerecord-3.2.8/lib/active_record/fixtures.rb:492:in `block (2 levels) in create_fixtures'
    /usr/local/rvm/gems/ruby-1.9.3-p194/gems/activerecord-3.2.8/lib/active_record/connection_adapters/abstract/database_statements.rb:192:in `transaction'
    /usr/local/rvm/gems/ruby-1.9.3-p194/gems/activerecord-3.2.8/lib/active_record/fixtures.rb:491:in `block in create_fixtures'
    /usr/local/rvm/gems/ruby-1.9.3-p194/gems/activerecord-3.2.8/lib/active_record/connection_adapters/abstract_adapter.rb:168:in `disable_referential_integrity'
    /usr/local/rvm/gems/ruby-1.9.3-p194/gems/activerecord-3.2.8/lib/active_record/fixtures.rb:476:in `create_fixtures'
    /usr/local/rvm/gems/ruby-1.9.3-p194/gems/activerecord-3.2.8/lib/active_record/fixtures.rb:895:in `load_fixtures'
    /usr/local/rvm/gems/ruby-1.9.3-p194/gems/activerecord-3.2.8/lib/active_record/fixtures.rb:849:in `setup_fixtures'
    /usr/local/rvm/gems/ruby-1.9.3-p194/gems/activesupport-3.2.8/lib/active_support/callbacks.rb:429:in `_run__129454736__setup__877008889__callbacks'
    /usr/local/rvm/gems/ruby-1.9.3-p194/gems/activesupport-3.2.8/lib/active_support/callbacks.rb:405:in `__run_callback'
    /usr/local/rvm/gems/ruby-1.9.3-p194/gems/activesupport-3.2.8/lib/active_support/callbacks.rb:385:in `_run_setup_callbacks'
    /usr/local/rvm/gems/ruby-1.9.3-p194/gems/activesupport-3.2.8/lib/active_support/callbacks.rb:81:in `run_callbacks'
    /usr/local/rvm/gems/ruby-1.9.3-p194/gems/activesupport-3.2.8/lib/active_support/testing/setup_and_teardown.rb:35:in `run'

  7) Error:
test_should_update_micropost(MicropostsControllerTest):
ActiveRecord::StatementInvalid: Could not find table 'users'
    /usr/local/rvm/gems/ruby-1.9.3-p194/gems/activerecord-3.2.8/lib/active_record/connection_adapters/sqlite_adapter.rb:472:in `table_structure'
    /usr/local/rvm/gems/ruby-1.9.3-p194/gems/activerecord-3.2.8/lib/active_record/connection_adapters/sqlite_adapter.rb:346:in `columns'
    /usr/local/rvm/gems/ruby-1.9.3-p194/gems/activerecord-3.2.8/lib/active_record/fixtures.rb:660:in `column_names'
    /usr/local/rvm/gems/ruby-1.9.3-p194/gems/activerecord-3.2.8/lib/active_record/fixtures.rb:652:in `timestamp_column_names'
    /usr/local/rvm/gems/ruby-1.9.3-p194/gems/activerecord-3.2.8/lib/active_record/fixtures.rb:585:in `block in table_rows'
    /usr/local/rvm/gems/ruby-1.9.3-p194/gems/activerecord-3.2.8/lib/active_record/fixtures.rb:579:in `each'
    /usr/local/rvm/gems/ruby-1.9.3-p194/gems/activerecord-3.2.8/lib/active_record/fixtures.rb:579:in `map'
    /usr/local/rvm/gems/ruby-1.9.3-p194/gems/activerecord-3.2.8/lib/active_record/fixtures.rb:579:in `table_rows'
    /usr/local/rvm/gems/ruby-1.9.3-p194/gems/activerecord-3.2.8/lib/active_record/fixtures.rb:494:in `block (3 levels) in create_fixtures'
    /usr/local/rvm/gems/ruby-1.9.3-p194/gems/activerecord-3.2.8/lib/active_record/fixtures.rb:492:in `each'
    /usr/local/rvm/gems/ruby-1.9.3-p194/gems/activerecord-3.2.8/lib/active_record/fixtures.rb:492:in `block (2 levels) in create_fixtures'
    /usr/local/rvm/gems/ruby-1.9.3-p194/gems/activerecord-3.2.8/lib/active_record/connection_adapters/abstract/database_statements.rb:192:in `transaction'
    /usr/local/rvm/gems/ruby-1.9.3-p194/gems/activerecord-3.2.8/lib/active_record/fixtures.rb:491:in `block in create_fixtures'
    /usr/local/rvm/gems/ruby-1.9.3-p194/gems/activerecord-3.2.8/lib/active_record/connection_adapters/abstract_adapter.rb:168:in `disable_referential_integrity'
    /usr/local/rvm/gems/ruby-1.9.3-p194/gems/activerecord-3.2.8/lib/active_record/fixtures.rb:476:in `create_fixtures'
    /usr/local/rvm/gems/ruby-1.9.3-p194/gems/activerecord-3.2.8/lib/active_record/fixtures.rb:895:in `load_fixtures'
    /usr/local/rvm/gems/ruby-1.9.3-p194/gems/activerecord-3.2.8/lib/active_record/fixtures.rb:849:in `setup_fixtures'
    /usr/local/rvm/gems/ruby-1.9.3-p194/gems/activesupport-3.2.8/lib/active_support/callbacks.rb:429:in `_run__129454736__setup__877008889__callbacks'
    /usr/local/rvm/gems/ruby-1.9.3-p194/gems/activesupport-3.2.8/lib/active_support/callbacks.rb:405:in `__run_callback'
    /usr/local/rvm/gems/ruby-1.9.3-p194/gems/activesupport-3.2.8/lib/active_support/callbacks.rb:385:in `_run_setup_callbacks'
    /usr/local/rvm/gems/ruby-1.9.3-p194/gems/activesupport-3.2.8/lib/active_support/callbacks.rb:81:in `run_callbacks'
    /usr/local/rvm/gems/ruby-1.9.3-p194/gems/activesupport-3.2.8/lib/active_support/testing/setup_and_teardown.rb:35:in `run'

7 tests, 0 assertions, 0 failures, 7 errors, 0 skips
/usr/local/rvm/rubies/ruby-1.9.3-p194/bin/ruby -I.:lib:test -rubygems test/functional/microposts_controller_test.rb -n "/^(test_should_create_micropost|test_should_destroy_micropost|test_should_get_edit|test_should_get_index|test_should_get_new|test_should_show_micropost|test_should_update_micropost)$/"; /usr/local/rvm/rubies/ruby-1.9.3-p194/bin/ruby -I.:lib:test -rubygems test/functional/users_controller_test.rb -n "/^(test_should_create_user|test_should_destroy_user|test_should_get_edit|test_should_get_index|test_should_get_new|test_should_show_user|test_should_update_user)$/"; /usr/local/rvm/rubies/ruby-1.9.3-p194/bin/ruby -I.:lib:test -rubygems test/functional/pages_controller_test.rb -n "/^(test_should_get_contact|test_should_get_home)$/"
Run options: -n "/^(test_should_create_micropost|test_should_destroy_micropost|test_should_get_edit|test_should_get_index|test_should_get_new|test_should_show_micropost|test_should_update_micropost)$/"

# Running tests:

EEEEEEE

Finished tests in 0.100082s, 69.9427 tests/s, 0.0000 assertions/s.

  1) Error:
test_should_create_micropost(MicropostsControllerTest):
ActiveRecord::StatementInvalid: Could not find table 'users'
    /usr/local/rvm/gems/ruby-1.9.3-p194/gems/activerecord-3.2.8/lib/active_record/connection_adapters/sqlite_adapter.rb:472:in `table_structure'
    /usr/local/rvm/gems/ruby-1.9.3-p194/gems/activerecord-3.2.8/lib/active_record/connection_adapters/sqlite_adapter.rb:346:in `columns'
    /usr/local/rvm/gems/ruby-1.9.3-p194/gems/activerecord-3.2.8/lib/active_record/fixtures.rb:660:in `column_names'
    /usr/local/rvm/gems/ruby-1.9.3-p194/gems/activerecord-3.2.8/lib/active_record/fixtures.rb:652:in `timestamp_column_names'
    /usr/local/rvm/gems/ruby-1.9.3-p194/gems/activerecord-3.2.8/lib/active_record/fixtures.rb:585:in `block in table_rows'
    /usr/local/rvm/gems/ruby-1.9.3-p194/gems/activerecord-3.2.8/lib/active_record/fixtures.rb:579:in `each'
    /usr/local/rvm/gems/ruby-1.9.3-p194/gems/activerecord-3.2.8/lib/active_record/fixtures.rb:579:in `map'
    /usr/local/rvm/gems/ruby-1.9.3-p194/gems/activerecord-3.2.8/lib/active_record/fixtures.rb:579:in `table_rows'
    /usr/local/rvm/gems/ruby-1.9.3-p194/gems/activerecord-3.2.8/lib/active_record/fixtures.rb:494:in `block (3 levels) in create_fixtures'
    /usr/local/rvm/gems/ruby-1.9.3-p194/gems/activerecord-3.2.8/lib/active_record/fixtures.rb:492:in `each'
    /usr/local/rvm/gems/ruby-1.9.3-p194/gems/activerecord-3.2.8/lib/active_record/fixtures.rb:492:in `block (2 levels) in create_fixtures'
    /usr/local/rvm/gems/ruby-1.9.3-p194/gems/activerecord-3.2.8/lib/active_record/connection_adapters/abstract/database_statements.rb:192:in `transaction'
    /usr/local/rvm/gems/ruby-1.9.3-p194/gems/activerecord-3.2.8/lib/active_record/fixtures.rb:491:in `block in create_fixtures'
    /usr/local/rvm/gems/ruby-1.9.3-p194/gems/activerecord-3.2.8/lib/active_record/connection_adapters/abstract_adapter.rb:168:in `disable_referential_integrity'
    /usr/local/rvm/gems/ruby-1.9.3-p194/gems/activerecord-3.2.8/lib/active_record/fixtures.rb:476:in `create_fixtures'
    /usr/local/rvm/gems/ruby-1.9.3-p194/gems/activerecord-3.2.8/lib/active_record/fixtures.rb:895:in `load_fixtures'
    /usr/local/rvm/gems/ruby-1.9.3-p194/gems/activerecord-3.2.8/lib/active_record/fixtures.rb:849:in `setup_fixtures'
    /usr/local/rvm/gems/ruby-1.9.3-p194/gems/activesupport-3.2.8/lib/active_support/callbacks.rb:429:in `_run__363341668__setup__125381537__callbacks'
    /usr/local/rvm/gems/ruby-1.9.3-p194/gems/activesupport-3.2.8/lib/active_support/callbacks.rb:405:in `__run_callback'
    /usr/local/rvm/gems/ruby-1.9.3-p194/gems/activesupport-3.2.8/lib/active_support/callbacks.rb:385:in `_run_setup_callbacks'
    /usr/local/rvm/gems/ruby-1.9.3-p194/gems/activesupport-3.2.8/lib/active_support/callbacks.rb:81:in `run_callbacks'
    /usr/local/rvm/gems/ruby-1.9.3-p194/gems/activesupport-3.2.8/lib/active_support/testing/setup_and_teardown.rb:35:in `run'

  2) Error:
test_should_destroy_micropost(MicropostsControllerTest):
ActiveRecord::StatementInvalid: Could not find table 'users'
    /usr/local/rvm/gems/ruby-1.9.3-p194/gems/activerecord-3.2.8/lib/active_record/connection_adapters/sqlite_adapter.rb:472:in `table_structure'
    /usr/local/rvm/gems/ruby-1.9.3-p194/gems/activerecord-3.2.8/lib/active_record/connection_adapters/sqlite_adapter.rb:346:in `columns'
    /usr/local/rvm/gems/ruby-1.9.3-p194/gems/activerecord-3.2.8/lib/active_record/fixtures.rb:660:in `column_names'
    /usr/local/rvm/gems/ruby-1.9.3-p194/gems/activerecord-3.2.8/lib/active_record/fixtures.rb:652:in `timestamp_column_names'
    /usr/local/rvm/gems/ruby-1.9.3-p194/gems/activerecord-3.2.8/lib/active_record/fixtures.rb:585:in `block in table_rows'
    /usr/local/rvm/gems/ruby-1.9.3-p194/gems/activerecord-3.2.8/lib/active_record/fixtures.rb:579:in `each'
    /usr/local/rvm/gems/ruby-1.9.3-p194/gems/activerecord-3.2.8/lib/active_record/fixtures.rb:579:in `map'
    /usr/local/rvm/gems/ruby-1.9.3-p194/gems/activerecord-3.2.8/lib/active_record/fixtures.rb:579:in `table_rows'
    /usr/local/rvm/gems/ruby-1.9.3-p194/gems/activerecord-3.2.8/lib/active_record/fixtures.rb:494:in `block (3 levels) in create_fixtures'
    /usr/local/rvm/gems/ruby-1.9.3-p194/gems/activerecord-3.2.8/lib/active_record/fixtures.rb:492:in `each'
    /usr/local/rvm/gems/ruby-1.9.3-p194/gems/activerecord-3.2.8/lib/active_record/fixtures.rb:492:in `block (2 levels) in create_fixtures'
    /usr/local/rvm/gems/ruby-1.9.3-p194/gems/activerecord-3.2.8/lib/active_record/connection_adapters/abstract/database_statements.rb:192:in `transaction'
    /usr/local/rvm/gems/ruby-1.9.3-p194/gems/activerecord-3.2.8/lib/active_record/fixtures.rb:491:in `block in create_fixtures'
    /usr/local/rvm/gems/ruby-1.9.3-p194/gems/activerecord-3.2.8/lib/active_record/connection_adapters/abstract_adapter.rb:168:in `disable_referential_integrity'
    /usr/local/rvm/gems/ruby-1.9.3-p194/gems/activerecord-3.2.8/lib/active_record/fixtures.rb:476:in `create_fixtures'
    /usr/local/rvm/gems/ruby-1.9.3-p194/gems/activerecord-3.2.8/lib/active_record/fixtures.rb:895:in `load_fixtures'
    /usr/local/rvm/gems/ruby-1.9.3-p194/gems/activerecord-3.2.8/lib/active_record/fixtures.rb:849:in `setup_fixtures'
    /usr/local/rvm/gems/ruby-1.9.3-p194/gems/activesupport-3.2.8/lib/active_support/callbacks.rb:429:in `_run__363341668__setup__125381537__callbacks'
    /usr/local/rvm/gems/ruby-1.9.3-p194/gems/activesupport-3.2.8/lib/active_support/callbacks.rb:405:in `__run_callback'
    /usr/local/rvm/gems/ruby-1.9.3-p194/gems/activesupport-3.2.8/lib/active_support/callbacks.rb:385:in `_run_setup_callbacks'
    /usr/local/rvm/gems/ruby-1.9.3-p194/gems/activesupport-3.2.8/lib/active_support/callbacks.rb:81:in `run_callbacks'
    /usr/local/rvm/gems/ruby-1.9.3-p194/gems/activesupport-3.2.8/lib/active_support/testing/setup_and_teardown.rb:35:in `run'

  3) Error:
test_should_get_edit(MicropostsControllerTest):
ActiveRecord::StatementInvalid: Could not find table 'users'
    /usr/local/rvm/gems/ruby-1.9.3-p194/gems/activerecord-3.2.8/lib/active_record/connection_adapters/sqlite_adapter.rb:472:in `table_structure'
    /usr/local/rvm/gems/ruby-1.9.3-p194/gems/activerecord-3.2.8/lib/active_record/connection_adapters/sqlite_adapter.rb:346:in `columns'
    /usr/local/rvm/gems/ruby-1.9.3-p194/gems/activerecord-3.2.8/lib/active_record/fixtures.rb:660:in `column_names'
    /usr/local/rvm/gems/ruby-1.9.3-p194/gems/activerecord-3.2.8/lib/active_record/fixtures.rb:652:in `timestamp_column_names'
    /usr/local/rvm/gems/ruby-1.9.3-p194/gems/activerecord-3.2.8/lib/active_record/fixtures.rb:585:in `block in table_rows'
    /usr/local/rvm/gems/ruby-1.9.3-p194/gems/activerecord-3.2.8/lib/active_record/fixtures.rb:579:in `each'
    /usr/local/rvm/gems/ruby-1.9.3-p194/gems/activerecord-3.2.8/lib/active_record/fixtures.rb:579:in `map'
    /usr/local/rvm/gems/ruby-1.9.3-p194/gems/activerecord-3.2.8/lib/active_record/fixtures.rb:579:in `table_rows'
    /usr/local/rvm/gems/ruby-1.9.3-p194/gems/activerecord-3.2.8/lib/active_record/fixtures.rb:494:in `block (3 levels) in create_fixtures'
    /usr/local/rvm/gems/ruby-1.9.3-p194/gems/activerecord-3.2.8/lib/active_record/fixtures.rb:492:in `each'
    /usr/local/rvm/gems/ruby-1.9.3-p194/gems/activerecord-3.2.8/lib/active_record/fixtures.rb:492:in `block (2 levels) in create_fixtures'
    /usr/local/rvm/gems/ruby-1.9.3-p194/gems/activerecord-3.2.8/lib/active_record/connection_adapters/abstract/database_statements.rb:192:in `transaction'
    /usr/local/rvm/gems/ruby-1.9.3-p194/gems/activerecord-3.2.8/lib/active_record/fixtures.rb:491:in `block in create_fixtures'
    /usr/local/rvm/gems/ruby-1.9.3-p194/gems/activerecord-3.2.8/lib/active_record/connection_adapters/abstract_adapter.rb:168:in `disable_referential_integrity'
    /usr/local/rvm/gems/ruby-1.9.3-p194/gems/activerecord-3.2.8/lib/active_record/fixtures.rb:476:in `create_fixtures'
    /usr/local/rvm/gems/ruby-1.9.3-p194/gems/activerecord-3.2.8/lib/active_record/fixtures.rb:895:in `load_fixtures'
    /usr/local/rvm/gems/ruby-1.9.3-p194/gems/activerecord-3.2.8/lib/active_record/fixtures.rb:849:in `setup_fixtures'
    /usr/local/rvm/gems/ruby-1.9.3-p194/gems/activesupport-3.2.8/lib/active_support/callbacks.rb:429:in `_run__363341668__setup__125381537__callbacks'
    /usr/local/rvm/gems/ruby-1.9.3-p194/gems/activesupport-3.2.8/lib/active_support/callbacks.rb:405:in `__run_callback'
    /usr/local/rvm/gems/ruby-1.9.3-p194/gems/activesupport-3.2.8/lib/active_support/callbacks.rb:385:in `_run_setup_callbacks'
    /usr/local/rvm/gems/ruby-1.9.3-p194/gems/activesupport-3.2.8/lib/active_support/callbacks.rb:81:in `run_callbacks'
    /usr/local/rvm/gems/ruby-1.9.3-p194/gems/activesupport-3.2.8/lib/active_support/testing/setup_and_teardown.rb:35:in `run'

  4) Error:
test_should_get_index(MicropostsControllerTest):
ActiveRecord::StatementInvalid: Could not find table 'users'
    /usr/local/rvm/gems/ruby-1.9.3-p194/gems/activerecord-3.2.8/lib/active_record/connection_adapters/sqlite_adapter.rb:472:in `table_structure'
    /usr/local/rvm/gems/ruby-1.9.3-p194/gems/activerecord-3.2.8/lib/active_record/connection_adapters/sqlite_adapter.rb:346:in `columns'
    /usr/local/rvm/gems/ruby-1.9.3-p194/gems/activerecord-3.2.8/lib/active_record/fixtures.rb:660:in `column_names'
    /usr/local/rvm/gems/ruby-1.9.3-p194/gems/activerecord-3.2.8/lib/active_record/fixtures.rb:652:in `timestamp_column_names'
    /usr/local/rvm/gems/ruby-1.9.3-p194/gems/activerecord-3.2.8/lib/active_record/fixtures.rb:585:in `block in table_rows'
    /usr/local/rvm/gems/ruby-1.9.3-p194/gems/activerecord-3.2.8/lib/active_record/fixtures.rb:579:in `each'
    /usr/local/rvm/gems/ruby-1.9.3-p194/gems/activerecord-3.2.8/lib/active_record/fixtures.rb:579:in `map'
    /usr/local/rvm/gems/ruby-1.9.3-p194/gems/activerecord-3.2.8/lib/active_record/fixtures.rb:579:in `table_rows'
    /usr/local/rvm/gems/ruby-1.9.3-p194/gems/activerecord-3.2.8/lib/active_record/fixtures.rb:494:in `block (3 levels) in create_fixtures'
    /usr/local/rvm/gems/ruby-1.9.3-p194/gems/activerecord-3.2.8/lib/active_record/fixtures.rb:492:in `each'
    /usr/local/rvm/gems/ruby-1.9.3-p194/gems/activerecord-3.2.8/lib/active_record/fixtures.rb:492:in `block (2 levels) in create_fixtures'
    /usr/local/rvm/gems/ruby-1.9.3-p194/gems/activerecord-3.2.8/lib/active_record/connection_adapters/abstract/database_statements.rb:192:in `transaction'
    /usr/local/rvm/gems/ruby-1.9.3-p194/gems/activerecord-3.2.8/lib/active_record/fixtures.rb:491:in `block in create_fixtures'
    /usr/local/rvm/gems/ruby-1.9.3-p194/gems/activerecord-3.2.8/lib/active_record/connection_adapters/abstract_adapter.rb:168:in `disable_referential_integrity'
    /usr/local/rvm/gems/ruby-1.9.3-p194/gems/activerecord-3.2.8/lib/active_record/fixtures.rb:476:in `create_fixtures'
    /usr/local/rvm/gems/ruby-1.9.3-p194/gems/activerecord-3.2.8/lib/active_record/fixtures.rb:895:in `load_fixtures'
    /usr/local/rvm/gems/ruby-1.9.3-p194/gems/activerecord-3.2.8/lib/active_record/fixtures.rb:849:in `setup_fixtures'
    /usr/local/rvm/gems/ruby-1.9.3-p194/gems/activesupport-3.2.8/lib/active_support/callbacks.rb:429:in `_run__363341668__setup__125381537__callbacks'
    /usr/local/rvm/gems/ruby-1.9.3-p194/gems/activesupport-3.2.8/lib/active_support/callbacks.rb:405:in `__run_callback'
    /usr/local/rvm/gems/ruby-1.9.3-p194/gems/activesupport-3.2.8/lib/active_support/callbacks.rb:385:in `_run_setup_callbacks'
    /usr/local/rvm/gems/ruby-1.9.3-p194/gems/activesupport-3.2.8/lib/active_support/callbacks.rb:81:in `run_callbacks'
    /usr/local/rvm/gems/ruby-1.9.3-p194/gems/activesupport-3.2.8/lib/active_support/testing/setup_and_teardown.rb:35:in `run'

  5) Error:
test_should_get_new(MicropostsControllerTest):
ActiveRecord::StatementInvalid: Could not find table 'users'
    /usr/local/rvm/gems/ruby-1.9.3-p194/gems/activerecord-3.2.8/lib/active_record/connection_adapters/sqlite_adapter.rb:472:in `table_structure'
    /usr/local/rvm/gems/ruby-1.9.3-p194/gems/activerecord-3.2.8/lib/active_record/connection_adapters/sqlite_adapter.rb:346:in `columns'
    /usr/local/rvm/gems/ruby-1.9.3-p194/gems/activerecord-3.2.8/lib/active_record/fixtures.rb:660:in `column_names'
    /usr/local/rvm/gems/ruby-1.9.3-p194/gems/activerecord-3.2.8/lib/active_record/fixtures.rb:652:in `timestamp_column_names'
    /usr/local/rvm/gems/ruby-1.9.3-p194/gems/activerecord-3.2.8/lib/active_record/fixtures.rb:585:in `block in table_rows'
    /usr/local/rvm/gems/ruby-1.9.3-p194/gems/activerecord-3.2.8/lib/active_record/fixtures.rb:579:in `each'
    /usr/local/rvm/gems/ruby-1.9.3-p194/gems/activerecord-3.2.8/lib/active_record/fixtures.rb:579:in `map'
    /usr/local/rvm/gems/ruby-1.9.3-p194/gems/activerecord-3.2.8/lib/active_record/fixtures.rb:579:in `table_rows'
    /usr/local/rvm/gems/ruby-1.9.3-p194/gems/activerecord-3.2.8/lib/active_record/fixtures.rb:494:in `block (3 levels) in create_fixtures'
    /usr/local/rvm/gems/ruby-1.9.3-p194/gems/activerecord-3.2.8/lib/active_record/fixtures.rb:492:in `each'
    /usr/local/rvm/gems/ruby-1.9.3-p194/gems/activerecord-3.2.8/lib/active_record/fixtures.rb:492:in `block (2 levels) in create_fixtures'
    /usr/local/rvm/gems/ruby-1.9.3-p194/gems/activerecord-3.2.8/lib/active_record/connection_adapters/abstract/database_statements.rb:192:in `transaction'
    /usr/local/rvm/gems/ruby-1.9.3-p194/gems/activerecord-3.2.8/lib/active_record/fixtures.rb:491:in `block in create_fixtures'
    /usr/local/rvm/gems/ruby-1.9.3-p194/gems/activerecord-3.2.8/lib/active_record/connection_adapters/abstract_adapter.rb:168:in `disable_referential_integrity'
    /usr/local/rvm/gems/ruby-1.9.3-p194/gems/activerecord-3.2.8/lib/active_record/fixtures.rb:476:in `create_fixtures'
    /usr/local/rvm/gems/ruby-1.9.3-p194/gems/activerecord-3.2.8/lib/active_record/fixtures.rb:895:in `load_fixtures'
    /usr/local/rvm/gems/ruby-1.9.3-p194/gems/activerecord-3.2.8/lib/active_record/fixtures.rb:849:in `setup_fixtures'
    /usr/local/rvm/gems/ruby-1.9.3-p194/gems/activesupport-3.2.8/lib/active_support/callbacks.rb:429:in `_run__363341668__setup__125381537__callbacks'
    /usr/local/rvm/gems/ruby-1.9.3-p194/gems/activesupport-3.2.8/lib/active_support/callbacks.rb:405:in `__run_callback'
    /usr/local/rvm/gems/ruby-1.9.3-p194/gems/activesupport-3.2.8/lib/active_support/callbacks.rb:385:in `_run_setup_callbacks'
    /usr/local/rvm/gems/ruby-1.9.3-p194/gems/activesupport-3.2.8/lib/active_support/callbacks.rb:81:in `run_callbacks'
    /usr/local/rvm/gems/ruby-1.9.3-p194/gems/activesupport-3.2.8/lib/active_support/testing/setup_and_teardown.rb:35:in `run'

  6) Error:
test_should_show_micropost(MicropostsControllerTest):
ActiveRecord::StatementInvalid: Could not find table 'users'
    /usr/local/rvm/gems/ruby-1.9.3-p194/gems/activerecord-3.2.8/lib/active_record/connection_adapters/sqlite_adapter.rb:472:in `table_structure'
    /usr/local/rvm/gems/ruby-1.9.3-p194/gems/activerecord-3.2.8/lib/active_record/connection_adapters/sqlite_adapter.rb:346:in `columns'
    /usr/local/rvm/gems/ruby-1.9.3-p194/gems/activerecord-3.2.8/lib/active_record/fixtures.rb:660:in `column_names'
    /usr/local/rvm/gems/ruby-1.9.3-p194/gems/activerecord-3.2.8/lib/active_record/fixtures.rb:652:in `timestamp_column_names'
    /usr/local/rvm/gems/ruby-1.9.3-p194/gems/activerecord-3.2.8/lib/active_record/fixtures.rb:585:in `block in table_rows'
    /usr/local/rvm/gems/ruby-1.9.3-p194/gems/activerecord-3.2.8/lib/active_record/fixtures.rb:579:in `each'
    /usr/local/rvm/gems/ruby-1.9.3-p194/gems/activerecord-3.2.8/lib/active_record/fixtures.rb:579:in `map'
    /usr/local/rvm/gems/ruby-1.9.3-p194/gems/activerecord-3.2.8/lib/active_record/fixtures.rb:579:in `table_rows'
    /usr/local/rvm/gems/ruby-1.9.3-p194/gems/activerecord-3.2.8/lib/active_record/fixtures.rb:494:in `block (3 levels) in create_fixtures'
    /usr/local/rvm/gems/ruby-1.9.3-p194/gems/activerecord-3.2.8/lib/active_record/fixtures.rb:492:in `each'
    /usr/local/rvm/gems/ruby-1.9.3-p194/gems/activerecord-3.2.8/lib/active_record/fixtures.rb:492:in `block (2 levels) in create_fixtures'
    /usr/local/rvm/gems/ruby-1.9.3-p194/gems/activerecord-3.2.8/lib/active_record/connection_adapters/abstract/database_statements.rb:192:in `transaction'
    /usr/local/rvm/gems/ruby-1.9.3-p194/gems/activerecord-3.2.8/lib/active_record/fixtures.rb:491:in `block in create_fixtures'
    /usr/local/rvm/gems/ruby-1.9.3-p194/gems/activerecord-3.2.8/lib/active_record/connection_adapters/abstract_adapter.rb:168:in `disable_referential_integrity'
    /usr/local/rvm/gems/ruby-1.9.3-p194/gems/activerecord-3.2.8/lib/active_record/fixtures.rb:476:in `create_fixtures'
    /usr/local/rvm/gems/ruby-1.9.3-p194/gems/activerecord-3.2.8/lib/active_record/fixtures.rb:895:in `load_fixtures'
    /usr/local/rvm/gems/ruby-1.9.3-p194/gems/activerecord-3.2.8/lib/active_record/fixtures.rb:849:in `setup_fixtures'
    /usr/local/rvm/gems/ruby-1.9.3-p194/gems/activesupport-3.2.8/lib/active_support/callbacks.rb:429:in `_run__363341668__setup__125381537__callbacks'
    /usr/local/rvm/gems/ruby-1.9.3-p194/gems/activesupport-3.2.8/lib/active_support/callbacks.rb:405:in `__run_callback'
    /usr/local/rvm/gems/ruby-1.9.3-p194/gems/activesupport-3.2.8/lib/active_support/callbacks.rb:385:in `_run_setup_callbacks'
    /usr/local/rvm/gems/ruby-1.9.3-p194/gems/activesupport-3.2.8/lib/active_support/callbacks.rb:81:in `run_callbacks'
    /usr/local/rvm/gems/ruby-1.9.3-p194/gems/activesupport-3.2.8/lib/active_support/testing/setup_and_teardown.rb:35:in `run'

  7) Error:
test_should_update_micropost(MicropostsControllerTest):
ActiveRecord::StatementInvalid: Could not find table 'users'
    /usr/local/rvm/gems/ruby-1.9.3-p194/gems/activerecord-3.2.8/lib/active_record/connection_adapters/sqlite_adapter.rb:472:in `table_structure'
    /usr/local/rvm/gems/ruby-1.9.3-p194/gems/activerecord-3.2.8/lib/active_record/connection_adapters/sqlite_adapter.rb:346:in `columns'
    /usr/local/rvm/gems/ruby-1.9.3-p194/gems/activerecord-3.2.8/lib/active_record/fixtures.rb:660:in `column_names'
    /usr/local/rvm/gems/ruby-1.9.3-p194/gems/activerecord-3.2.8/lib/active_record/fixtures.rb:652:in `timestamp_column_names'
    /usr/local/rvm/gems/ruby-1.9.3-p194/gems/activerecord-3.2.8/lib/active_record/fixtures.rb:585:in `block in table_rows'
    /usr/local/rvm/gems/ruby-1.9.3-p194/gems/activerecord-3.2.8/lib/active_record/fixtures.rb:579:in `each'
    /usr/local/rvm/gems/ruby-1.9.3-p194/gems/activerecord-3.2.8/lib/active_record/fixtures.rb:579:in `map'
    /usr/local/rvm/gems/ruby-1.9.3-p194/gems/activerecord-3.2.8/lib/active_record/fixtures.rb:579:in `table_rows'
    /usr/local/rvm/gems/ruby-1.9.3-p194/gems/activerecord-3.2.8/lib/active_record/fixtures.rb:494:in `block (3 levels) in create_fixtures'
    /usr/local/rvm/gems/ruby-1.9.3-p194/gems/activerecord-3.2.8/lib/active_record/fixtures.rb:492:in `each'
    /usr/local/rvm/gems/ruby-1.9.3-p194/gems/activerecord-3.2.8/lib/active_record/fixtures.rb:492:in `block (2 levels) in create_fixtures'
    /usr/local/rvm/gems/ruby-1.9.3-p194/gems/activerecord-3.2.8/lib/active_record/connection_adapters/abstract/database_statements.rb:192:in `transaction'
    /usr/local/rvm/gems/ruby-1.9.3-p194/gems/activerecord-3.2.8/lib/active_record/fixtures.rb:491:in `block in create_fixtures'
    /usr/local/rvm/gems/ruby-1.9.3-p194/gems/activerecord-3.2.8/lib/active_record/connection_adapters/abstract_adapter.rb:168:in `disable_referential_integrity'
    /usr/local/rvm/gems/ruby-1.9.3-p194/gems/activerecord-3.2.8/lib/active_record/fixtures.rb:476:in `create_fixtures'
    /usr/local/rvm/gems/ruby-1.9.3-p194/gems/activerecord-3.2.8/lib/active_record/fixtures.rb:895:in `load_fixtures'
    /usr/local/rvm/gems/ruby-1.9.3-p194/gems/activerecord-3.2.8/lib/active_record/fixtures.rb:849:in `setup_fixtures'
    /usr/local/rvm/gems/ruby-1.9.3-p194/gems/activesupport-3.2.8/lib/active_support/callbacks.rb:429:in `_run__363341668__setup__125381537__callbacks'
    /usr/local/rvm/gems/ruby-1.9.3-p194/gems/activesupport-3.2.8/lib/active_support/callbacks.rb:405:in `__run_callback'
    /usr/local/rvm/gems/ruby-1.9.3-p194/gems/activesupport-3.2.8/lib/active_support/callbacks.rb:385:in `_run_setup_callbacks'
    /usr/local/rvm/gems/ruby-1.9.3-p194/gems/activesupport-3.2.8/lib/active_support/callbacks.rb:81:in `run_callbacks'
    /usr/local/rvm/gems/ruby-1.9.3-p194/gems/activesupport-3.2.8/lib/active_support/testing/setup_and_teardown.rb:35:in `run'

7 tests, 0 assertions, 0 failures, 7 errors, 0 skips
Run options: -n "/^(test_should_create_user|test_should_destroy_user|test_should_get_edit|test_should_get_index|test_should_get_new|test_should_show_user|test_should_update_user)$/"

# Running tests:

EEEEEEE

Finished tests in 0.102669s, 68.1805 tests/s, 0.0000 assertions/s.

  1) Error:
test_should_create_user(UsersControllerTest):
ActiveRecord::StatementInvalid: Could not find table 'users'
    /usr/local/rvm/gems/ruby-1.9.3-p194/gems/activerecord-3.2.8/lib/active_record/connection_adapters/sqlite_adapter.rb:472:in `table_structure'
    /usr/local/rvm/gems/ruby-1.9.3-p194/gems/activerecord-3.2.8/lib/active_record/connection_adapters/sqlite_adapter.rb:346:in `columns'
    /usr/local/rvm/gems/ruby-1.9.3-p194/gems/activerecord-3.2.8/lib/active_record/fixtures.rb:660:in `column_names'
    /usr/local/rvm/gems/ruby-1.9.3-p194/gems/activerecord-3.2.8/lib/active_record/fixtures.rb:652:in `timestamp_column_names'
    /usr/local/rvm/gems/ruby-1.9.3-p194/gems/activerecord-3.2.8/lib/active_record/fixtures.rb:585:in `block in table_rows'
    /usr/local/rvm/gems/ruby-1.9.3-p194/gems/activerecord-3.2.8/lib/active_record/fixtures.rb:579:in `each'
    /usr/local/rvm/gems/ruby-1.9.3-p194/gems/activerecord-3.2.8/lib/active_record/fixtures.rb:579:in `map'
    /usr/local/rvm/gems/ruby-1.9.3-p194/gems/activerecord-3.2.8/lib/active_record/fixtures.rb:579:in `table_rows'
    /usr/local/rvm/gems/ruby-1.9.3-p194/gems/activerecord-3.2.8/lib/active_record/fixtures.rb:494:in `block (3 levels) in create_fixtures'
    /usr/local/rvm/gems/ruby-1.9.3-p194/gems/activerecord-3.2.8/lib/active_record/fixtures.rb:492:in `each'
    /usr/local/rvm/gems/ruby-1.9.3-p194/gems/activerecord-3.2.8/lib/active_record/fixtures.rb:492:in `block (2 levels) in create_fixtures'
    /usr/local/rvm/gems/ruby-1.9.3-p194/gems/activerecord-3.2.8/lib/active_record/connection_adapters/abstract/database_statements.rb:192:in `transaction'
    /usr/local/rvm/gems/ruby-1.9.3-p194/gems/activerecord-3.2.8/lib/active_record/fixtures.rb:491:in `block in create_fixtures'
    /usr/local/rvm/gems/ruby-1.9.3-p194/gems/activerecord-3.2.8/lib/active_record/connection_adapters/abstract_adapter.rb:168:in `disable_referential_integrity'
    /usr/local/rvm/gems/ruby-1.9.3-p194/gems/activerecord-3.2.8/lib/active_record/fixtures.rb:476:in `create_fixtures'
    /usr/local/rvm/gems/ruby-1.9.3-p194/gems/activerecord-3.2.8/lib/active_record/fixtures.rb:895:in `load_fixtures'
    /usr/local/rvm/gems/ruby-1.9.3-p194/gems/activerecord-3.2.8/lib/active_record/fixtures.rb:849:in `setup_fixtures'
    /usr/local/rvm/gems/ruby-1.9.3-p194/gems/activesupport-3.2.8/lib/active_support/callbacks.rb:429:in `_run__751789162__setup__238923227__callbacks'
    /usr/local/rvm/gems/ruby-1.9.3-p194/gems/activesupport-3.2.8/lib/active_support/callbacks.rb:405:in `__run_callback'
    /usr/local/rvm/gems/ruby-1.9.3-p194/gems/activesupport-3.2.8/lib/active_support/callbacks.rb:385:in `_run_setup_callbacks'
    /usr/local/rvm/gems/ruby-1.9.3-p194/gems/activesupport-3.2.8/lib/active_support/callbacks.rb:81:in `run_callbacks'
    /usr/local/rvm/gems/ruby-1.9.3-p194/gems/activesupport-3.2.8/lib/active_support/testing/setup_and_teardown.rb:35:in `run'

  2) Error:
test_should_destroy_user(UsersControllerTest):
ActiveRecord::StatementInvalid: Could not find table 'users'
    /usr/local/rvm/gems/ruby-1.9.3-p194/gems/activerecord-3.2.8/lib/active_record/connection_adapters/sqlite_adapter.rb:472:in `table_structure'
    /usr/local/rvm/gems/ruby-1.9.3-p194/gems/activerecord-3.2.8/lib/active_record/connection_adapters/sqlite_adapter.rb:346:in `columns'
    /usr/local/rvm/gems/ruby-1.9.3-p194/gems/activerecord-3.2.8/lib/active_record/fixtures.rb:660:in `column_names'
    /usr/local/rvm/gems/ruby-1.9.3-p194/gems/activerecord-3.2.8/lib/active_record/fixtures.rb:652:in `timestamp_column_names'
    /usr/local/rvm/gems/ruby-1.9.3-p194/gems/activerecord-3.2.8/lib/active_record/fixtures.rb:585:in `block in table_rows'
    /usr/local/rvm/gems/ruby-1.9.3-p194/gems/activerecord-3.2.8/lib/active_record/fixtures.rb:579:in `each'
    /usr/local/rvm/gems/ruby-1.9.3-p194/gems/activerecord-3.2.8/lib/active_record/fixtures.rb:579:in `map'
    /usr/local/rvm/gems/ruby-1.9.3-p194/gems/activerecord-3.2.8/lib/active_record/fixtures.rb:579:in `table_rows'
    /usr/local/rvm/gems/ruby-1.9.3-p194/gems/activerecord-3.2.8/lib/active_record/fixtures.rb:494:in `block (3 levels) in create_fixtures'
    /usr/local/rvm/gems/ruby-1.9.3-p194/gems/activerecord-3.2.8/lib/active_record/fixtures.rb:492:in `each'
    /usr/local/rvm/gems/ruby-1.9.3-p194/gems/activerecord-3.2.8/lib/active_record/fixtures.rb:492:in `block (2 levels) in create_fixtures'
    /usr/local/rvm/gems/ruby-1.9.3-p194/gems/activerecord-3.2.8/lib/active_record/connection_adapters/abstract/database_statements.rb:192:in `transaction'
    /usr/local/rvm/gems/ruby-1.9.3-p194/gems/activerecord-3.2.8/lib/active_record/fixtures.rb:491:in `block in create_fixtures'
    /usr/local/rvm/gems/ruby-1.9.3-p194/gems/activerecord-3.2.8/lib/active_record/connection_adapters/abstract_adapter.rb:168:in `disable_referential_integrity'
    /usr/local/rvm/gems/ruby-1.9.3-p194/gems/activerecord-3.2.8/lib/active_record/fixtures.rb:476:in `create_fixtures'
    /usr/local/rvm/gems/ruby-1.9.3-p194/gems/activerecord-3.2.8/lib/active_record/fixtures.rb:895:in `load_fixtures'
    /usr/local/rvm/gems/ruby-1.9.3-p194/gems/activerecord-3.2.8/lib/active_record/fixtures.rb:849:in `setup_fixtures'
    /usr/local/rvm/gems/ruby-1.9.3-p194/gems/activesupport-3.2.8/lib/active_support/callbacks.rb:429:in `_run__751789162__setup__238923227__callbacks'
    /usr/local/rvm/gems/ruby-1.9.3-p194/gems/activesupport-3.2.8/lib/active_support/callbacks.rb:405:in `__run_callback'
    /usr/local/rvm/gems/ruby-1.9.3-p194/gems/activesupport-3.2.8/lib/active_support/callbacks.rb:385:in `_run_setup_callbacks'
    /usr/local/rvm/gems/ruby-1.9.3-p194/gems/activesupport-3.2.8/lib/active_support/callbacks.rb:81:in `run_callbacks'
    /usr/local/rvm/gems/ruby-1.9.3-p194/gems/activesupport-3.2.8/lib/active_support/testing/setup_and_teardown.rb:35:in `run'

  3) Error:
test_should_get_edit(UsersControllerTest):
ActiveRecord::StatementInvalid: Could not find table 'users'
    /usr/local/rvm/gems/ruby-1.9.3-p194/gems/activerecord-3.2.8/lib/active_record/connection_adapters/sqlite_adapter.rb:472:in `table_structure'
    /usr/local/rvm/gems/ruby-1.9.3-p194/gems/activerecord-3.2.8/lib/active_record/connection_adapters/sqlite_adapter.rb:346:in `columns'
    /usr/local/rvm/gems/ruby-1.9.3-p194/gems/activerecord-3.2.8/lib/active_record/fixtures.rb:660:in `column_names'
    /usr/local/rvm/gems/ruby-1.9.3-p194/gems/activerecord-3.2.8/lib/active_record/fixtures.rb:652:in `timestamp_column_names'
    /usr/local/rvm/gems/ruby-1.9.3-p194/gems/activerecord-3.2.8/lib/active_record/fixtures.rb:585:in `block in table_rows'
    /usr/local/rvm/gems/ruby-1.9.3-p194/gems/activerecord-3.2.8/lib/active_record/fixtures.rb:579:in `each'
    /usr/local/rvm/gems/ruby-1.9.3-p194/gems/activerecord-3.2.8/lib/active_record/fixtures.rb:579:in `map'
    /usr/local/rvm/gems/ruby-1.9.3-p194/gems/activerecord-3.2.8/lib/active_record/fixtures.rb:579:in `table_rows'
    /usr/local/rvm/gems/ruby-1.9.3-p194/gems/activerecord-3.2.8/lib/active_record/fixtures.rb:494:in `block (3 levels) in create_fixtures'
    /usr/local/rvm/gems/ruby-1.9.3-p194/gems/activerecord-3.2.8/lib/active_record/fixtures.rb:492:in `each'
    /usr/local/rvm/gems/ruby-1.9.3-p194/gems/activerecord-3.2.8/lib/active_record/fixtures.rb:492:in `block (2 levels) in create_fixtures'
    /usr/local/rvm/gems/ruby-1.9.3-p194/gems/activerecord-3.2.8/lib/active_record/connection_adapters/abstract/database_statements.rb:192:in `transaction'
    /usr/local/rvm/gems/ruby-1.9.3-p194/gems/activerecord-3.2.8/lib/active_record/fixtures.rb:491:in `block in create_fixtures'
    /usr/local/rvm/gems/ruby-1.9.3-p194/gems/activerecord-3.2.8/lib/active_record/connection_adapters/abstract_adapter.rb:168:in `disable_referential_integrity'
    /usr/local/rvm/gems/ruby-1.9.3-p194/gems/activerecord-3.2.8/lib/active_record/fixtures.rb:476:in `create_fixtures'
    /usr/local/rvm/gems/ruby-1.9.3-p194/gems/activerecord-3.2.8/lib/active_record/fixtures.rb:895:in `load_fixtures'
    /usr/local/rvm/gems/ruby-1.9.3-p194/gems/activerecord-3.2.8/lib/active_record/fixtures.rb:849:in `setup_fixtures'
    /usr/local/rvm/gems/ruby-1.9.3-p194/gems/activesupport-3.2.8/lib/active_support/callbacks.rb:429:in `_run__751789162__setup__238923227__callbacks'
    /usr/local/rvm/gems/ruby-1.9.3-p194/gems/activesupport-3.2.8/lib/active_support/callbacks.rb:405:in `__run_callback'
    /usr/local/rvm/gems/ruby-1.9.3-p194/gems/activesupport-3.2.8/lib/active_support/callbacks.rb:385:in `_run_setup_callbacks'
    /usr/local/rvm/gems/ruby-1.9.3-p194/gems/activesupport-3.2.8/lib/active_support/callbacks.rb:81:in `run_callbacks'
    /usr/local/rvm/gems/ruby-1.9.3-p194/gems/activesupport-3.2.8/lib/active_support/testing/setup_and_teardown.rb:35:in `run'

  4) Error:
test_should_get_index(UsersControllerTest):
ActiveRecord::StatementInvalid: Could not find table 'users'
    /usr/local/rvm/gems/ruby-1.9.3-p194/gems/activerecord-3.2.8/lib/active_record/connection_adapters/sqlite_adapter.rb:472:in `table_structure'
    /usr/local/rvm/gems/ruby-1.9.3-p194/gems/activerecord-3.2.8/lib/active_record/connection_adapters/sqlite_adapter.rb:346:in `columns'
    /usr/local/rvm/gems/ruby-1.9.3-p194/gems/activerecord-3.2.8/lib/active_record/fixtures.rb:660:in `column_names'
    /usr/local/rvm/gems/ruby-1.9.3-p194/gems/activerecord-3.2.8/lib/active_record/fixtures.rb:652:in `timestamp_column_names'
    /usr/local/rvm/gems/ruby-1.9.3-p194/gems/activerecord-3.2.8/lib/active_record/fixtures.rb:585:in `block in table_rows'
    /usr/local/rvm/gems/ruby-1.9.3-p194/gems/activerecord-3.2.8/lib/active_record/fixtures.rb:579:in `each'
    /usr/local/rvm/gems/ruby-1.9.3-p194/gems/activerecord-3.2.8/lib/active_record/fixtures.rb:579:in `map'
    /usr/local/rvm/gems/ruby-1.9.3-p194/gems/activerecord-3.2.8/lib/active_record/fixtures.rb:579:in `table_rows'
    /usr/local/rvm/gems/ruby-1.9.3-p194/gems/activerecord-3.2.8/lib/active_record/fixtures.rb:494:in `block (3 levels) in create_fixtures'
    /usr/local/rvm/gems/ruby-1.9.3-p194/gems/activerecord-3.2.8/lib/active_record/fixtures.rb:492:in `each'
    /usr/local/rvm/gems/ruby-1.9.3-p194/gems/activerecord-3.2.8/lib/active_record/fixtures.rb:492:in `block (2 levels) in create_fixtures'
    /usr/local/rvm/gems/ruby-1.9.3-p194/gems/activerecord-3.2.8/lib/active_record/connection_adapters/abstract/database_statements.rb:192:in `transaction'
    /usr/local/rvm/gems/ruby-1.9.3-p194/gems/activerecord-3.2.8/lib/active_record/fixtures.rb:491:in `block in create_fixtures'
    /usr/local/rvm/gems/ruby-1.9.3-p194/gems/activerecord-3.2.8/lib/active_record/connection_adapters/abstract_adapter.rb:168:in `disable_referential_integrity'
    /usr/local/rvm/gems/ruby-1.9.3-p194/gems/activerecord-3.2.8/lib/active_record/fixtures.rb:476:in `create_fixtures'
    /usr/local/rvm/gems/ruby-1.9.3-p194/gems/activerecord-3.2.8/lib/active_record/fixtures.rb:895:in `load_fixtures'
    /usr/local/rvm/gems/ruby-1.9.3-p194/gems/activerecord-3.2.8/lib/active_record/fixtures.rb:849:in `setup_fixtures'
    /usr/local/rvm/gems/ruby-1.9.3-p194/gems/activesupport-3.2.8/lib/active_support/callbacks.rb:429:in `_run__751789162__setup__238923227__callbacks'
    /usr/local/rvm/gems/ruby-1.9.3-p194/gems/activesupport-3.2.8/lib/active_support/callbacks.rb:405:in `__run_callback'
    /usr/local/rvm/gems/ruby-1.9.3-p194/gems/activesupport-3.2.8/lib/active_support/callbacks.rb:385:in `_run_setup_callbacks'
    /usr/local/rvm/gems/ruby-1.9.3-p194/gems/activesupport-3.2.8/lib/active_support/callbacks.rb:81:in `run_callbacks'
    /usr/local/rvm/gems/ruby-1.9.3-p194/gems/activesupport-3.2.8/lib/active_support/testing/setup_and_teardown.rb:35:in `run'

  5) Error:
test_should_get_new(UsersControllerTest):
ActiveRecord::StatementInvalid: Could not find table 'users'
    /usr/local/rvm/gems/ruby-1.9.3-p194/gems/activerecord-3.2.8/lib/active_record/connection_adapters/sqlite_adapter.rb:472:in `table_structure'
    /usr/local/rvm/gems/ruby-1.9.3-p194/gems/activerecord-3.2.8/lib/active_record/connection_adapters/sqlite_adapter.rb:346:in `columns'
    /usr/local/rvm/gems/ruby-1.9.3-p194/gems/activerecord-3.2.8/lib/active_record/fixtures.rb:660:in `column_names'
    /usr/local/rvm/gems/ruby-1.9.3-p194/gems/activerecord-3.2.8/lib/active_record/fixtures.rb:652:in `timestamp_column_names'
    /usr/local/rvm/gems/ruby-1.9.3-p194/gems/activerecord-3.2.8/lib/active_record/fixtures.rb:585:in `block in table_rows'
    /usr/local/rvm/gems/ruby-1.9.3-p194/gems/activerecord-3.2.8/lib/active_record/fixtures.rb:579:in `each'
    /usr/local/rvm/gems/ruby-1.9.3-p194/gems/activerecord-3.2.8/lib/active_record/fixtures.rb:579:in `map'
    /usr/local/rvm/gems/ruby-1.9.3-p194/gems/activerecord-3.2.8/lib/active_record/fixtures.rb:579:in `table_rows'
    /usr/local/rvm/gems/ruby-1.9.3-p194/gems/activerecord-3.2.8/lib/active_record/fixtures.rb:494:in `block (3 levels) in create_fixtures'
    /usr/local/rvm/gems/ruby-1.9.3-p194/gems/activerecord-3.2.8/lib/active_record/fixtures.rb:492:in `each'
    /usr/local/rvm/gems/ruby-1.9.3-p194/gems/activerecord-3.2.8/lib/active_record/fixtures.rb:492:in `block (2 levels) in create_fixtures'
    /usr/local/rvm/gems/ruby-1.9.3-p194/gems/activerecord-3.2.8/lib/active_record/connection_adapters/abstract/database_statements.rb:192:in `transaction'
    /usr/local/rvm/gems/ruby-1.9.3-p194/gems/activerecord-3.2.8/lib/active_record/fixtures.rb:491:in `block in create_fixtures'
    /usr/local/rvm/gems/ruby-1.9.3-p194/gems/activerecord-3.2.8/lib/active_record/connection_adapters/abstract_adapter.rb:168:in `disable_referential_integrity'
    /usr/local/rvm/gems/ruby-1.9.3-p194/gems/activerecord-3.2.8/lib/active_record/fixtures.rb:476:in `create_fixtures'
    /usr/local/rvm/gems/ruby-1.9.3-p194/gems/activerecord-3.2.8/lib/active_record/fixtures.rb:895:in `load_fixtures'
    /usr/local/rvm/gems/ruby-1.9.3-p194/gems/activerecord-3.2.8/lib/active_record/fixtures.rb:849:in `setup_fixtures'
    /usr/local/rvm/gems/ruby-1.9.3-p194/gems/activesupport-3.2.8/lib/active_support/callbacks.rb:429:in `_run__751789162__setup__238923227__callbacks'
    /usr/local/rvm/gems/ruby-1.9.3-p194/gems/activesupport-3.2.8/lib/active_support/callbacks.rb:405:in `__run_callback'
    /usr/local/rvm/gems/ruby-1.9.3-p194/gems/activesupport-3.2.8/lib/active_support/callbacks.rb:385:in `_run_setup_callbacks'
    /usr/local/rvm/gems/ruby-1.9.3-p194/gems/activesupport-3.2.8/lib/active_support/callbacks.rb:81:in `run_callbacks'
    /usr/local/rvm/gems/ruby-1.9.3-p194/gems/activesupport-3.2.8/lib/active_support/testing/setup_and_teardown.rb:35:in `run'

  6) Error:
test_should_show_user(UsersControllerTest):
ActiveRecord::StatementInvalid: Could not find table 'users'
    /usr/local/rvm/gems/ruby-1.9.3-p194/gems/activerecord-3.2.8/lib/active_record/connection_adapters/sqlite_adapter.rb:472:in `table_structure'
    /usr/local/rvm/gems/ruby-1.9.3-p194/gems/activerecord-3.2.8/lib/active_record/connection_adapters/sqlite_adapter.rb:346:in `columns'
    /usr/local/rvm/gems/ruby-1.9.3-p194/gems/activerecord-3.2.8/lib/active_record/fixtures.rb:660:in `column_names'
    /usr/local/rvm/gems/ruby-1.9.3-p194/gems/activerecord-3.2.8/lib/active_record/fixtures.rb:652:in `timestamp_column_names'
    /usr/local/rvm/gems/ruby-1.9.3-p194/gems/activerecord-3.2.8/lib/active_record/fixtures.rb:585:in `block in table_rows'
    /usr/local/rvm/gems/ruby-1.9.3-p194/gems/activerecord-3.2.8/lib/active_record/fixtures.rb:579:in `each'
    /usr/local/rvm/gems/ruby-1.9.3-p194/gems/activerecord-3.2.8/lib/active_record/fixtures.rb:579:in `map'
    /usr/local/rvm/gems/ruby-1.9.3-p194/gems/activerecord-3.2.8/lib/active_record/fixtures.rb:579:in `table_rows'
    /usr/local/rvm/gems/ruby-1.9.3-p194/gems/activerecord-3.2.8/lib/active_record/fixtures.rb:494:in `block (3 levels) in create_fixtures'
    /usr/local/rvm/gems/ruby-1.9.3-p194/gems/activerecord-3.2.8/lib/active_record/fixtures.rb:492:in `each'
    /usr/local/rvm/gems/ruby-1.9.3-p194/gems/activerecord-3.2.8/lib/active_record/fixtures.rb:492:in `block (2 levels) in create_fixtures'
    /usr/local/rvm/gems/ruby-1.9.3-p194/gems/activerecord-3.2.8/lib/active_record/connection_adapters/abstract/database_statements.rb:192:in `transaction'
    /usr/local/rvm/gems/ruby-1.9.3-p194/gems/activerecord-3.2.8/lib/active_record/fixtures.rb:491:in `block in create_fixtures'
    /usr/local/rvm/gems/ruby-1.9.3-p194/gems/activerecord-3.2.8/lib/active_record/connection_adapters/abstract_adapter.rb:168:in `disable_referential_integrity'
    /usr/local/rvm/gems/ruby-1.9.3-p194/gems/activerecord-3.2.8/lib/active_record/fixtures.rb:476:in `create_fixtures'
    /usr/local/rvm/gems/ruby-1.9.3-p194/gems/activerecord-3.2.8/lib/active_record/fixtures.rb:895:in `load_fixtures'
    /usr/local/rvm/gems/ruby-1.9.3-p194/gems/activerecord-3.2.8/lib/active_record/fixtures.rb:849:in `setup_fixtures'
    /usr/local/rvm/gems/ruby-1.9.3-p194/gems/activesupport-3.2.8/lib/active_support/callbacks.rb:429:in `_run__751789162__setup__238923227__callbacks'
    /usr/local/rvm/gems/ruby-1.9.3-p194/gems/activesupport-3.2.8/lib/active_support/callbacks.rb:405:in `__run_callback'
    /usr/local/rvm/gems/ruby-1.9.3-p194/gems/activesupport-3.2.8/lib/active_support/callbacks.rb:385:in `_run_setup_callbacks'
    /usr/local/rvm/gems/ruby-1.9.3-p194/gems/activesupport-3.2.8/lib/active_support/callbacks.rb:81:in `run_callbacks'
    /usr/local/rvm/gems/ruby-1.9.3-p194/gems/activesupport-3.2.8/lib/active_support/testing/setup_and_teardown.rb:35:in `run'

  7) Error:
test_should_update_user(UsersControllerTest):
ActiveRecord::StatementInvalid: Could not find table 'users'
    /usr/local/rvm/gems/ruby-1.9.3-p194/gems/activerecord-3.2.8/lib/active_record/connection_adapters/sqlite_adapter.rb:472:in `table_structure'
    /usr/local/rvm/gems/ruby-1.9.3-p194/gems/activerecord-3.2.8/lib/active_record/connection_adapters/sqlite_adapter.rb:346:in `columns'
    /usr/local/rvm/gems/ruby-1.9.3-p194/gems/activerecord-3.2.8/lib/active_record/fixtures.rb:660:in `column_names'
    /usr/local/rvm/gems/ruby-1.9.3-p194/gems/activerecord-3.2.8/lib/active_record/fixtures.rb:652:in `timestamp_column_names'
    /usr/local/rvm/gems/ruby-1.9.3-p194/gems/activerecord-3.2.8/lib/active_record/fixtures.rb:585:in `block in table_rows'
    /usr/local/rvm/gems/ruby-1.9.3-p194/gems/activerecord-3.2.8/lib/active_record/fixtures.rb:579:in `each'
    /usr/local/rvm/gems/ruby-1.9.3-p194/gems/activerecord-3.2.8/lib/active_record/fixtures.rb:579:in `map'
    /usr/local/rvm/gems/ruby-1.9.3-p194/gems/activerecord-3.2.8/lib/active_record/fixtures.rb:579:in `table_rows'
    /usr/local/rvm/gems/ruby-1.9.3-p194/gems/activerecord-3.2.8/lib/active_record/fixtures.rb:494:in `block (3 levels) in create_fixtures'
    /usr/local/rvm/gems/ruby-1.9.3-p194/gems/activerecord-3.2.8/lib/active_record/fixtures.rb:492:in `each'
    /usr/local/rvm/gems/ruby-1.9.3-p194/gems/activerecord-3.2.8/lib/active_record/fixtures.rb:492:in `block (2 levels) in create_fixtures'
    /usr/local/rvm/gems/ruby-1.9.3-p194/gems/activerecord-3.2.8/lib/active_record/connection_adapters/abstract/database_statements.rb:192:in `transaction'
    /usr/local/rvm/gems/ruby-1.9.3-p194/gems/activerecord-3.2.8/lib/active_record/fixtures.rb:491:in `block in create_fixtures'
    /usr/local/rvm/gems/ruby-1.9.3-p194/gems/activerecord-3.2.8/lib/active_record/connection_adapters/abstract_adapter.rb:168:in `disable_referential_integrity'
    /usr/local/rvm/gems/ruby-1.9.3-p194/gems/activerecord-3.2.8/lib/active_record/fixtures.rb:476:in `create_fixtures'
    /usr/local/rvm/gems/ruby-1.9.3-p194/gems/activerecord-3.2.8/lib/active_record/fixtures.rb:895:in `load_fixtures'
    /usr/local/rvm/gems/ruby-1.9.3-p194/gems/activerecord-3.2.8/lib/active_record/fixtures.rb:849:in `setup_fixtures'
    /usr/local/rvm/gems/ruby-1.9.3-p194/gems/activesupport-3.2.8/lib/active_support/callbacks.rb:429:in `_run__751789162__setup__238923227__callbacks'
    /usr/local/rvm/gems/ruby-1.9.3-p194/gems/activesupport-3.2.8/lib/active_support/callbacks.rb:405:in `__run_callback'
    /usr/local/rvm/gems/ruby-1.9.3-p194/gems/activesupport-3.2.8/lib/active_support/callbacks.rb:385:in `_run_setup_callbacks'
    /usr/local/rvm/gems/ruby-1.9.3-p194/gems/activesupport-3.2.8/lib/active_support/callbacks.rb:81:in `run_callbacks'
    /usr/local/rvm/gems/ruby-1.9.3-p194/gems/activesupport-3.2.8/lib/active_support/testing/setup_and_teardown.rb:35:in `run'

7 tests, 0 assertions, 0 failures, 7 errors, 0 skips
Run options: -n "/^(test_should_get_contact|test_should_get_home)$/"

# Running tests:

EE

Finished tests in 0.057429s, 34.8254 tests/s, 0.0000 assertions/s.

  1) Error:
test_should_get_contact(PagesControllerTest):
ActiveRecord::StatementInvalid: Could not find table 'users'
    /usr/local/rvm/gems/ruby-1.9.3-p194/gems/activerecord-3.2.8/lib/active_record/connection_adapters/sqlite_adapter.rb:472:in `table_structure'
    /usr/local/rvm/gems/ruby-1.9.3-p194/gems/activerecord-3.2.8/lib/active_record/connection_adapters/sqlite_adapter.rb:346:in `columns'
    /usr/local/rvm/gems/ruby-1.9.3-p194/gems/activerecord-3.2.8/lib/active_record/fixtures.rb:660:in `column_names'
    /usr/local/rvm/gems/ruby-1.9.3-p194/gems/activerecord-3.2.8/lib/active_record/fixtures.rb:652:in `timestamp_column_names'
    /usr/local/rvm/gems/ruby-1.9.3-p194/gems/activerecord-3.2.8/lib/active_record/fixtures.rb:585:in `block in table_rows'
    /usr/local/rvm/gems/ruby-1.9.3-p194/gems/activerecord-3.2.8/lib/active_record/fixtures.rb:579:in `each'
    /usr/local/rvm/gems/ruby-1.9.3-p194/gems/activerecord-3.2.8/lib/active_record/fixtures.rb:579:in `map'
    /usr/local/rvm/gems/ruby-1.9.3-p194/gems/activerecord-3.2.8/lib/active_record/fixtures.rb:579:in `table_rows'
    /usr/local/rvm/gems/ruby-1.9.3-p194/gems/activerecord-3.2.8/lib/active_record/fixtures.rb:494:in `block (3 levels) in create_fixtures'
    /usr/local/rvm/gems/ruby-1.9.3-p194/gems/activerecord-3.2.8/lib/active_record/fixtures.rb:492:in `each'
    /usr/local/rvm/gems/ruby-1.9.3-p194/gems/activerecord-3.2.8/lib/active_record/fixtures.rb:492:in `block (2 levels) in create_fixtures'
    /usr/local/rvm/gems/ruby-1.9.3-p194/gems/activerecord-3.2.8/lib/active_record/connection_adapters/abstract/database_statements.rb:192:in `transaction'
    /usr/local/rvm/gems/ruby-1.9.3-p194/gems/activerecord-3.2.8/lib/active_record/fixtures.rb:491:in `block in create_fixtures'
    /usr/local/rvm/gems/ruby-1.9.3-p194/gems/activerecord-3.2.8/lib/active_record/connection_adapters/abstract_adapter.rb:168:in `disable_referential_integrity'
    /usr/local/rvm/gems/ruby-1.9.3-p194/gems/activerecord-3.2.8/lib/active_record/fixtures.rb:476:in `create_fixtures'
    /usr/local/rvm/gems/ruby-1.9.3-p194/gems/activerecord-3.2.8/lib/active_record/fixtures.rb:895:in `load_fixtures'
    /usr/local/rvm/gems/ruby-1.9.3-p194/gems/activerecord-3.2.8/lib/active_record/fixtures.rb:849:in `setup_fixtures'
    /usr/local/rvm/gems/ruby-1.9.3-p194/gems/activesupport-3.2.8/lib/active_support/callbacks.rb:429:in `_run__995000595__setup__781595032__callbacks'
    /usr/local/rvm/gems/ruby-1.9.3-p194/gems/activesupport-3.2.8/lib/active_support/callbacks.rb:405:in `__run_callback'
    /usr/local/rvm/gems/ruby-1.9.3-p194/gems/activesupport-3.2.8/lib/active_support/callbacks.rb:385:in `_run_setup_callbacks'
    /usr/local/rvm/gems/ruby-1.9.3-p194/gems/activesupport-3.2.8/lib/active_support/callbacks.rb:81:in `run_callbacks'
    /usr/local/rvm/gems/ruby-1.9.3-p194/gems/activesupport-3.2.8/lib/active_support/testing/setup_and_teardown.rb:35:in `run'

  2) Error:
test_should_get_home(PagesControllerTest):
ActiveRecord::StatementInvalid: Could not find table 'users'
    /usr/local/rvm/gems/ruby-1.9.3-p194/gems/activerecord-3.2.8/lib/active_record/connection_adapters/sqlite_adapter.rb:472:in `table_structure'
    /usr/local/rvm/gems/ruby-1.9.3-p194/gems/activerecord-3.2.8/lib/active_record/connection_adapters/sqlite_adapter.rb:346:in `columns'
    /usr/local/rvm/gems/ruby-1.9.3-p194/gems/activerecord-3.2.8/lib/active_record/fixtures.rb:660:in `column_names'
    /usr/local/rvm/gems/ruby-1.9.3-p194/gems/activerecord-3.2.8/lib/active_record/fixtures.rb:652:in `timestamp_column_names'
    /usr/local/rvm/gems/ruby-1.9.3-p194/gems/activerecord-3.2.8/lib/active_record/fixtures.rb:585:in `block in table_rows'
    /usr/local/rvm/gems/ruby-1.9.3-p194/gems/activerecord-3.2.8/lib/active_record/fixtures.rb:579:in `each'
    /usr/local/rvm/gems/ruby-1.9.3-p194/gems/activerecord-3.2.8/lib/active_record/fixtures.rb:579:in `map'
    /usr/local/rvm/gems/ruby-1.9.3-p194/gems/activerecord-3.2.8/lib/active_record/fixtures.rb:579:in `table_rows'
    /usr/local/rvm/gems/ruby-1.9.3-p194/gems/activerecord-3.2.8/lib/active_record/fixtures.rb:494:in `block (3 levels) in create_fixtures'
    /usr/local/rvm/gems/ruby-1.9.3-p194/gems/activerecord-3.2.8/lib/active_record/fixtures.rb:492:in `each'
    /usr/local/rvm/gems/ruby-1.9.3-p194/gems/activerecord-3.2.8/lib/active_record/fixtures.rb:492:in `block (2 levels) in create_fixtures'
    /usr/local/rvm/gems/ruby-1.9.3-p194/gems/activerecord-3.2.8/lib/active_record/connection_adapters/abstract/database_statements.rb:192:in `transaction'
    /usr/local/rvm/gems/ruby-1.9.3-p194/gems/activerecord-3.2.8/lib/active_record/fixtures.rb:491:in `block in create_fixtures'
    /usr/local/rvm/gems/ruby-1.9.3-p194/gems/activerecord-3.2.8/lib/active_record/connection_adapters/abstract_adapter.rb:168:in `disable_referential_integrity'
    /usr/local/rvm/gems/ruby-1.9.3-p194/gems/activerecord-3.2.8/lib/active_record/fixtures.rb:476:in `create_fixtures'
    /usr/local/rvm/gems/ruby-1.9.3-p194/gems/activerecord-3.2.8/lib/active_record/fixtures.rb:895:in `load_fixtures'
    /usr/local/rvm/gems/ruby-1.9.3-p194/gems/activerecord-3.2.8/lib/active_record/fixtures.rb:849:in `setup_fixtures'
    /usr/local/rvm/gems/ruby-1.9.3-p194/gems/activesupport-3.2.8/lib/active_support/callbacks.rb:429:in `_run__995000595__setup__781595032__callbacks'
    /usr/local/rvm/gems/ruby-1.9.3-p194/gems/activesupport-3.2.8/lib/active_support/callbacks.rb:405:in `__run_callback'
    /usr/local/rvm/gems/ruby-1.9.3-p194/gems/activesupport-3.2.8/lib/active_support/callbacks.rb:385:in `_run_setup_callbacks'
    /usr/local/rvm/gems/ruby-1.9.3-p194/gems/activesupport-3.2.8/lib/active_support/callbacks.rb:81:in `run_callbacks'
    /usr/local/rvm/gems/ruby-1.9.3-p194/gems/activesupport-3.2.8/lib/active_support/testing/setup_and_teardown.rb:35:in `run'

2 tests, 0 assertions, 0 failures, 2 errors, 0 skips
/usr/local/rvm/rubies/ruby-1.9.3-p194/bin/ruby -I.:lib:test -rubygems test/functional/microposts_controller_test.rb -n "/^(test_should_create_micropost|test_should_destroy_micropost|test_should_get_edit|test_should_get_index|test_should_get_new|test_should_show_micropost|test_should_update_micropost)$/"; /usr/local/rvm/rubies/ruby-1.9.3-p194/bin/ruby -I.:lib:test -rubygems test/functional/users_controller_test.rb -n "/^(test_should_create_user|test_should_destroy_user|test_should_get_edit|test_should_get_index|test_should_get_new|test_should_show_user|test_should_update_user)$/"; /usr/local/rvm/rubies/ruby-1.9.3-p194/bin/ruby -I.:lib:test -rubygems test/functional/pages_controller_test.rb -n "/^(test_should_get_contact|test_should_get_home)$/"
Run options: -n "/^(test_should_create_micropost|test_should_destroy_micropost|test_should_get_edit|test_should_get_index|test_should_get_new|test_should_show_micropost|test_should_update_micropost)$/"

# Running tests:

EEEEEEE

Finished tests in 0.107485s, 65.1254 tests/s, 0.0000 assertions/s.

  1) Error:
test_should_create_micropost(MicropostsControllerTest):
ActiveRecord::StatementInvalid: Could not find table 'users'
    /usr/local/rvm/gems/ruby-1.9.3-p194/gems/activerecord-3.2.8/lib/active_record/connection_adapters/sqlite_adapter.rb:472:in `table_structure'
    /usr/local/rvm/gems/ruby-1.9.3-p194/gems/activerecord-3.2.8/lib/active_record/connection_adapters/sqlite_adapter.rb:346:in `columns'
    /usr/local/rvm/gems/ruby-1.9.3-p194/gems/activerecord-3.2.8/lib/active_record/fixtures.rb:660:in `column_names'
    /usr/local/rvm/gems/ruby-1.9.3-p194/gems/activerecord-3.2.8/lib/active_record/fixtures.rb:652:in `timestamp_column_names'
    /usr/local/rvm/gems/ruby-1.9.3-p194/gems/activerecord-3.2.8/lib/active_record/fixtures.rb:585:in `block in table_rows'
    /usr/local/rvm/gems/ruby-1.9.3-p194/gems/activerecord-3.2.8/lib/active_record/fixtures.rb:579:in `each'
    /usr/local/rvm/gems/ruby-1.9.3-p194/gems/activerecord-3.2.8/lib/active_record/fixtures.rb:579:in `map'
    /usr/local/rvm/gems/ruby-1.9.3-p194/gems/activerecord-3.2.8/lib/active_record/fixtures.rb:579:in `table_rows'
    /usr/local/rvm/gems/ruby-1.9.3-p194/gems/activerecord-3.2.8/lib/active_record/fixtures.rb:494:in `block (3 levels) in create_fixtures'
    /usr/local/rvm/gems/ruby-1.9.3-p194/gems/activerecord-3.2.8/lib/active_record/fixtures.rb:492:in `each'
    /usr/local/rvm/gems/ruby-1.9.3-p194/gems/activerecord-3.2.8/lib/active_record/fixtures.rb:492:in `block (2 levels) in create_fixtures'
    /usr/local/rvm/gems/ruby-1.9.3-p194/gems/activerecord-3.2.8/lib/active_record/connection_adapters/abstract/database_statements.rb:192:in `transaction'
    /usr/local/rvm/gems/ruby-1.9.3-p194/gems/activerecord-3.2.8/lib/active_record/fixtures.rb:491:in `block in create_fixtures'
    /usr/local/rvm/gems/ruby-1.9.3-p194/gems/activerecord-3.2.8/lib/active_record/connection_adapters/abstract_adapter.rb:168:in `disable_referential_integrity'
    /usr/local/rvm/gems/ruby-1.9.3-p194/gems/activerecord-3.2.8/lib/active_record/fixtures.rb:476:in `create_fixtures'
    /usr/local/rvm/gems/ruby-1.9.3-p194/gems/activerecord-3.2.8/lib/active_record/fixtures.rb:895:in `load_fixtures'
    /usr/local/rvm/gems/ruby-1.9.3-p194/gems/activerecord-3.2.8/lib/active_record/fixtures.rb:849:in `setup_fixtures'
    /usr/local/rvm/gems/ruby-1.9.3-p194/gems/activesupport-3.2.8/lib/active_support/callbacks.rb:429:in `_run__497292687__setup__908050799__callbacks'
    /usr/local/rvm/gems/ruby-1.9.3-p194/gems/activesupport-3.2.8/lib/active_support/callbacks.rb:405:in `__run_callback'
    /usr/local/rvm/gems/ruby-1.9.3-p194/gems/activesupport-3.2.8/lib/active_support/callbacks.rb:385:in `_run_setup_callbacks'
    /usr/local/rvm/gems/ruby-1.9.3-p194/gems/activesupport-3.2.8/lib/active_support/callbacks.rb:81:in `run_callbacks'
    /usr/local/rvm/gems/ruby-1.9.3-p194/gems/activesupport-3.2.8/lib/active_support/testing/setup_and_teardown.rb:35:in `run'

  2) Error:
test_should_destroy_micropost(MicropostsControllerTest):
ActiveRecord::StatementInvalid: Could not find table 'users'
    /usr/local/rvm/gems/ruby-1.9.3-p194/gems/activerecord-3.2.8/lib/active_record/connection_adapters/sqlite_adapter.rb:472:in `table_structure'
    /usr/local/rvm/gems/ruby-1.9.3-p194/gems/activerecord-3.2.8/lib/active_record/connection_adapters/sqlite_adapter.rb:346:in `columns'
    /usr/local/rvm/gems/ruby-1.9.3-p194/gems/activerecord-3.2.8/lib/active_record/fixtures.rb:660:in `column_names'
    /usr/local/rvm/gems/ruby-1.9.3-p194/gems/activerecord-3.2.8/lib/active_record/fixtures.rb:652:in `timestamp_column_names'
    /usr/local/rvm/gems/ruby-1.9.3-p194/gems/activerecord-3.2.8/lib/active_record/fixtures.rb:585:in `block in table_rows'
    /usr/local/rvm/gems/ruby-1.9.3-p194/gems/activerecord-3.2.8/lib/active_record/fixtures.rb:579:in `each'
    /usr/local/rvm/gems/ruby-1.9.3-p194/gems/activerecord-3.2.8/lib/active_record/fixtures.rb:579:in `map'
    /usr/local/rvm/gems/ruby-1.9.3-p194/gems/activerecord-3.2.8/lib/active_record/fixtures.rb:579:in `table_rows'
    /usr/local/rvm/gems/ruby-1.9.3-p194/gems/activerecord-3.2.8/lib/active_record/fixtures.rb:494:in `block (3 levels) in create_fixtures'
    /usr/local/rvm/gems/ruby-1.9.3-p194/gems/activerecord-3.2.8/lib/active_record/fixtures.rb:492:in `each'
    /usr/local/rvm/gems/ruby-1.9.3-p194/gems/activerecord-3.2.8/lib/active_record/fixtures.rb:492:in `block (2 levels) in create_fixtures'
    /usr/local/rvm/gems/ruby-1.9.3-p194/gems/activerecord-3.2.8/lib/active_record/connection_adapters/abstract/database_statements.rb:192:in `transaction'
    /usr/local/rvm/gems/ruby-1.9.3-p194/gems/activerecord-3.2.8/lib/active_record/fixtures.rb:491:in `block in create_fixtures'
    /usr/local/rvm/gems/ruby-1.9.3-p194/gems/activerecord-3.2.8/lib/active_record/connection_adapters/abstract_adapter.rb:168:in `disable_referential_integrity'
    /usr/local/rvm/gems/ruby-1.9.3-p194/gems/activerecord-3.2.8/lib/active_record/fixtures.rb:476:in `create_fixtures'
    /usr/local/rvm/gems/ruby-1.9.3-p194/gems/activerecord-3.2.8/lib/active_record/fixtures.rb:895:in `load_fixtures'
    /usr/local/rvm/gems/ruby-1.9.3-p194/gems/activerecord-3.2.8/lib/active_record/fixtures.rb:849:in `setup_fixtures'
    /usr/local/rvm/gems/ruby-1.9.3-p194/gems/activesupport-3.2.8/lib/active_support/callbacks.rb:429:in `_run__497292687__setup__908050799__callbacks'
    /usr/local/rvm/gems/ruby-1.9.3-p194/gems/activesupport-3.2.8/lib/active_support/callbacks.rb:405:in `__run_callback'
    /usr/local/rvm/gems/ruby-1.9.3-p194/gems/activesupport-3.2.8/lib/active_support/callbacks.rb:385:in `_run_setup_callbacks'
    /usr/local/rvm/gems/ruby-1.9.3-p194/gems/activesupport-3.2.8/lib/active_support/callbacks.rb:81:in `run_callbacks'
    /usr/local/rvm/gems/ruby-1.9.3-p194/gems/activesupport-3.2.8/lib/active_support/testing/setup_and_teardown.rb:35:in `run'

  3) Error:
test_should_get_edit(MicropostsControllerTest):
ActiveRecord::StatementInvalid: Could not find table 'users'
    /usr/local/rvm/gems/ruby-1.9.3-p194/gems/activerecord-3.2.8/lib/active_record/connection_adapters/sqlite_adapter.rb:472:in `table_structure'
    /usr/local/rvm/gems/ruby-1.9.3-p194/gems/activerecord-3.2.8/lib/active_record/connection_adapters/sqlite_adapter.rb:346:in `columns'
    /usr/local/rvm/gems/ruby-1.9.3-p194/gems/activerecord-3.2.8/lib/active_record/fixtures.rb:660:in `column_names'
    /usr/local/rvm/gems/ruby-1.9.3-p194/gems/activerecord-3.2.8/lib/active_record/fixtures.rb:652:in `timestamp_column_names'
    /usr/local/rvm/gems/ruby-1.9.3-p194/gems/activerecord-3.2.8/lib/active_record/fixtures.rb:585:in `block in table_rows'
    /usr/local/rvm/gems/ruby-1.9.3-p194/gems/activerecord-3.2.8/lib/active_record/fixtures.rb:579:in `each'
    /usr/local/rvm/gems/ruby-1.9.3-p194/gems/activerecord-3.2.8/lib/active_record/fixtures.rb:579:in `map'
    /usr/local/rvm/gems/ruby-1.9.3-p194/gems/activerecord-3.2.8/lib/active_record/fixtures.rb:579:in `table_rows'
    /usr/local/rvm/gems/ruby-1.9.3-p194/gems/activerecord-3.2.8/lib/active_record/fixtures.rb:494:in `block (3 levels) in create_fixtures'
    /usr/local/rvm/gems/ruby-1.9.3-p194/gems/activerecord-3.2.8/lib/active_record/fixtures.rb:492:in `each'
    /usr/local/rvm/gems/ruby-1.9.3-p194/gems/activerecord-3.2.8/lib/active_record/fixtures.rb:492:in `block (2 levels) in create_fixtures'
    /usr/local/rvm/gems/ruby-1.9.3-p194/gems/activerecord-3.2.8/lib/active_record/connection_adapters/abstract/database_statements.rb:192:in `transaction'
    /usr/local/rvm/gems/ruby-1.9.3-p194/gems/activerecord-3.2.8/lib/active_record/fixtures.rb:491:in `block in create_fixtures'
    /usr/local/rvm/gems/ruby-1.9.3-p194/gems/activerecord-3.2.8/lib/active_record/connection_adapters/abstract_adapter.rb:168:in `disable_referential_integrity'
    /usr/local/rvm/gems/ruby-1.9.3-p194/gems/activerecord-3.2.8/lib/active_record/fixtures.rb:476:in `create_fixtures'
    /usr/local/rvm/gems/ruby-1.9.3-p194/gems/activerecord-3.2.8/lib/active_record/fixtures.rb:895:in `load_fixtures'
    /usr/local/rvm/gems/ruby-1.9.3-p194/gems/activerecord-3.2.8/lib/active_record/fixtures.rb:849:in `setup_fixtures'
    /usr/local/rvm/gems/ruby-1.9.3-p194/gems/activesupport-3.2.8/lib/active_support/callbacks.rb:429:in `_run__497292687__setup__908050799__callbacks'
    /usr/local/rvm/gems/ruby-1.9.3-p194/gems/activesupport-3.2.8/lib/active_support/callbacks.rb:405:in `__run_callback'
    /usr/local/rvm/gems/ruby-1.9.3-p194/gems/activesupport-3.2.8/lib/active_support/callbacks.rb:385:in `_run_setup_callbacks'
    /usr/local/rvm/gems/ruby-1.9.3-p194/gems/activesupport-3.2.8/lib/active_support/callbacks.rb:81:in `run_callbacks'
    /usr/local/rvm/gems/ruby-1.9.3-p194/gems/activesupport-3.2.8/lib/active_support/testing/setup_and_teardown.rb:35:in `run'

  4) Error:
test_should_get_index(MicropostsControllerTest):
ActiveRecord::StatementInvalid: Could not find table 'users'
    /usr/local/rvm/gems/ruby-1.9.3-p194/gems/activerecord-3.2.8/lib/active_record/connection_adapters/sqlite_adapter.rb:472:in `table_structure'
    /usr/local/rvm/gems/ruby-1.9.3-p194/gems/activerecord-3.2.8/lib/active_record/connection_adapters/sqlite_adapter.rb:346:in `columns'
    /usr/local/rvm/gems/ruby-1.9.3-p194/gems/activerecord-3.2.8/lib/active_record/fixtures.rb:660:in `column_names'
    /usr/local/rvm/gems/ruby-1.9.3-p194/gems/activerecord-3.2.8/lib/active_record/fixtures.rb:652:in `timestamp_column_names'
    /usr/local/rvm/gems/ruby-1.9.3-p194/gems/activerecord-3.2.8/lib/active_record/fixtures.rb:585:in `block in table_rows'
    /usr/local/rvm/gems/ruby-1.9.3-p194/gems/activerecord-3.2.8/lib/active_record/fixtures.rb:579:in `each'
    /usr/local/rvm/gems/ruby-1.9.3-p194/gems/activerecord-3.2.8/lib/active_record/fixtures.rb:579:in `map'
    /usr/local/rvm/gems/ruby-1.9.3-p194/gems/activerecord-3.2.8/lib/active_record/fixtures.rb:579:in `table_rows'
    /usr/local/rvm/gems/ruby-1.9.3-p194/gems/activerecord-3.2.8/lib/active_record/fixtures.rb:494:in `block (3 levels) in create_fixtures'
    /usr/local/rvm/gems/ruby-1.9.3-p194/gems/activerecord-3.2.8/lib/active_record/fixtures.rb:492:in `each'
    /usr/local/rvm/gems/ruby-1.9.3-p194/gems/activerecord-3.2.8/lib/active_record/fixtures.rb:492:in `block (2 levels) in create_fixtures'
    /usr/local/rvm/gems/ruby-1.9.3-p194/gems/activerecord-3.2.8/lib/active_record/connection_adapters/abstract/database_statements.rb:192:in `transaction'
    /usr/local/rvm/gems/ruby-1.9.3-p194/gems/activerecord-3.2.8/lib/active_record/fixtures.rb:491:in `block in create_fixtures'
    /usr/local/rvm/gems/ruby-1.9.3-p194/gems/activerecord-3.2.8/lib/active_record/connection_adapters/abstract_adapter.rb:168:in `disable_referential_integrity'
    /usr/local/rvm/gems/ruby-1.9.3-p194/gems/activerecord-3.2.8/lib/active_record/fixtures.rb:476:in `create_fixtures'
    /usr/local/rvm/gems/ruby-1.9.3-p194/gems/activerecord-3.2.8/lib/active_record/fixtures.rb:895:in `load_fixtures'
    /usr/local/rvm/gems/ruby-1.9.3-p194/gems/activerecord-3.2.8/lib/active_record/fixtures.rb:849:in `setup_fixtures'
    /usr/local/rvm/gems/ruby-1.9.3-p194/gems/activesupport-3.2.8/lib/active_support/callbacks.rb:429:in `_run__497292687__setup__908050799__callbacks'
    /usr/local/rvm/gems/ruby-1.9.3-p194/gems/activesupport-3.2.8/lib/active_support/callbacks.rb:405:in `__run_callback'
    /usr/local/rvm/gems/ruby-1.9.3-p194/gems/activesupport-3.2.8/lib/active_support/callbacks.rb:385:in `_run_setup_callbacks'
    /usr/local/rvm/gems/ruby-1.9.3-p194/gems/activesupport-3.2.8/lib/active_support/callbacks.rb:81:in `run_callbacks'
    /usr/local/rvm/gems/ruby-1.9.3-p194/gems/activesupport-3.2.8/lib/active_support/testing/setup_and_teardown.rb:35:in `run'

  5) Error:
test_should_get_new(MicropostsControllerTest):
ActiveRecord::StatementInvalid: Could not find table 'users'
    /usr/local/rvm/gems/ruby-1.9.3-p194/gems/activerecord-3.2.8/lib/active_record/connection_adapters/sqlite_adapter.rb:472:in `table_structure'
    /usr/local/rvm/gems/ruby-1.9.3-p194/gems/activerecord-3.2.8/lib/active_record/connection_adapters/sqlite_adapter.rb:346:in `columns'
    /usr/local/rvm/gems/ruby-1.9.3-p194/gems/activerecord-3.2.8/lib/active_record/fixtures.rb:660:in `column_names'
    /usr/local/rvm/gems/ruby-1.9.3-p194/gems/activerecord-3.2.8/lib/active_record/fixtures.rb:652:in `timestamp_column_names'
    /usr/local/rvm/gems/ruby-1.9.3-p194/gems/activerecord-3.2.8/lib/active_record/fixtures.rb:585:in `block in table_rows'
    /usr/local/rvm/gems/ruby-1.9.3-p194/gems/activerecord-3.2.8/lib/active_record/fixtures.rb:579:in `each'
    /usr/local/rvm/gems/ruby-1.9.3-p194/gems/activerecord-3.2.8/lib/active_record/fixtures.rb:579:in `map'
    /usr/local/rvm/gems/ruby-1.9.3-p194/gems/activerecord-3.2.8/lib/active_record/fixtures.rb:579:in `table_rows'
    /usr/local/rvm/gems/ruby-1.9.3-p194/gems/activerecord-3.2.8/lib/active_record/fixtures.rb:494:in `block (3 levels) in create_fixtures'
    /usr/local/rvm/gems/ruby-1.9.3-p194/gems/activerecord-3.2.8/lib/active_record/fixtures.rb:492:in `each'
    /usr/local/rvm/gems/ruby-1.9.3-p194/gems/activerecord-3.2.8/lib/active_record/fixtures.rb:492:in `block (2 levels) in create_fixtures'
    /usr/local/rvm/gems/ruby-1.9.3-p194/gems/activerecord-3.2.8/lib/active_record/connection_adapters/abstract/database_statements.rb:192:in `transaction'
    /usr/local/rvm/gems/ruby-1.9.3-p194/gems/activerecord-3.2.8/lib/active_record/fixtures.rb:491:in `block in create_fixtures'
    /usr/local/rvm/gems/ruby-1.9.3-p194/gems/activerecord-3.2.8/lib/active_record/connection_adapters/abstract_adapter.rb:168:in `disable_referential_integrity'
    /usr/local/rvm/gems/ruby-1.9.3-p194/gems/activerecord-3.2.8/lib/active_record/fixtures.rb:476:in `create_fixtures'
    /usr/local/rvm/gems/ruby-1.9.3-p194/gems/activerecord-3.2.8/lib/active_record/fixtures.rb:895:in `load_fixtures'
    /usr/local/rvm/gems/ruby-1.9.3-p194/gems/activerecord-3.2.8/lib/active_record/fixtures.rb:849:in `setup_fixtures'
    /usr/local/rvm/gems/ruby-1.9.3-p194/gems/activesupport-3.2.8/lib/active_support/callbacks.rb:429:in `_run__497292687__setup__908050799__callbacks'
    /usr/local/rvm/gems/ruby-1.9.3-p194/gems/activesupport-3.2.8/lib/active_support/callbacks.rb:405:in `__run_callback'
    /usr/local/rvm/gems/ruby-1.9.3-p194/gems/activesupport-3.2.8/lib/active_support/callbacks.rb:385:in `_run_setup_callbacks'
    /usr/local/rvm/gems/ruby-1.9.3-p194/gems/activesupport-3.2.8/lib/active_support/callbacks.rb:81:in `run_callbacks'
    /usr/local/rvm/gems/ruby-1.9.3-p194/gems/activesupport-3.2.8/lib/active_support/testing/setup_and_teardown.rb:35:in `run'

  6) Error:
test_should_show_micropost(MicropostsControllerTest):
ActiveRecord::StatementInvalid: Could not find table 'users'
    /usr/local/rvm/gems/ruby-1.9.3-p194/gems/activerecord-3.2.8/lib/active_record/connection_adapters/sqlite_adapter.rb:472:in `table_structure'
    /usr/local/rvm/gems/ruby-1.9.3-p194/gems/activerecord-3.2.8/lib/active_record/connection_adapters/sqlite_adapter.rb:346:in `columns'
    /usr/local/rvm/gems/ruby-1.9.3-p194/gems/activerecord-3.2.8/lib/active_record/fixtures.rb:660:in `column_names'
    /usr/local/rvm/gems/ruby-1.9.3-p194/gems/activerecord-3.2.8/lib/active_record/fixtures.rb:652:in `timestamp_column_names'
    /usr/local/rvm/gems/ruby-1.9.3-p194/gems/activerecord-3.2.8/lib/active_record/fixtures.rb:585:in `block in table_rows'
    /usr/local/rvm/gems/ruby-1.9.3-p194/gems/activerecord-3.2.8/lib/active_record/fixtures.rb:579:in `each'
    /usr/local/rvm/gems/ruby-1.9.3-p194/gems/activerecord-3.2.8/lib/active_record/fixtures.rb:579:in `map'
    /usr/local/rvm/gems/ruby-1.9.3-p194/gems/activerecord-3.2.8/lib/active_record/fixtures.rb:579:in `table_rows'
    /usr/local/rvm/gems/ruby-1.9.3-p194/gems/activerecord-3.2.8/lib/active_record/fixtures.rb:494:in `block (3 levels) in create_fixtures'
    /usr/local/rvm/gems/ruby-1.9.3-p194/gems/activerecord-3.2.8/lib/active_record/fixtures.rb:492:in `each'
    /usr/local/rvm/gems/ruby-1.9.3-p194/gems/activerecord-3.2.8/lib/active_record/fixtures.rb:492:in `block (2 levels) in create_fixtures'
    /usr/local/rvm/gems/ruby-1.9.3-p194/gems/activerecord-3.2.8/lib/active_record/connection_adapters/abstract/database_statements.rb:192:in `transaction'
    /usr/local/rvm/gems/ruby-1.9.3-p194/gems/activerecord-3.2.8/lib/active_record/fixtures.rb:491:in `block in create_fixtures'
    /usr/local/rvm/gems/ruby-1.9.3-p194/gems/activerecord-3.2.8/lib/active_record/connection_adapters/abstract_adapter.rb:168:in `disable_referential_integrity'
    /usr/local/rvm/gems/ruby-1.9.3-p194/gems/activerecord-3.2.8/lib/active_record/fixtures.rb:476:in `create_fixtures'
    /usr/local/rvm/gems/ruby-1.9.3-p194/gems/activerecord-3.2.8/lib/active_record/fixtures.rb:895:in `load_fixtures'
    /usr/local/rvm/gems/ruby-1.9.3-p194/gems/activerecord-3.2.8/lib/active_record/fixtures.rb:849:in `setup_fixtures'
    /usr/local/rvm/gems/ruby-1.9.3-p194/gems/activesupport-3.2.8/lib/active_support/callbacks.rb:429:in `_run__497292687__setup__908050799__callbacks'
    /usr/local/rvm/gems/ruby-1.9.3-p194/gems/activesupport-3.2.8/lib/active_support/callbacks.rb:405:in `__run_callback'
    /usr/local/rvm/gems/ruby-1.9.3-p194/gems/activesupport-3.2.8/lib/active_support/callbacks.rb:385:in `_run_setup_callbacks'
    /usr/local/rvm/gems/ruby-1.9.3-p194/gems/activesupport-3.2.8/lib/active_support/callbacks.rb:81:in `run_callbacks'
    /usr/local/rvm/gems/ruby-1.9.3-p194/gems/activesupport-3.2.8/lib/active_support/testing/setup_and_teardown.rb:35:in `run'

  7) Error:
test_should_update_micropost(MicropostsControllerTest):
ActiveRecord::StatementInvalid: Could not find table 'users'
    /usr/local/rvm/gems/ruby-1.9.3-p194/gems/activerecord-3.2.8/lib/active_record/connection_adapters/sqlite_adapter.rb:472:in `table_structure'
    /usr/local/rvm/gems/ruby-1.9.3-p194/gems/activerecord-3.2.8/lib/active_record/connection_adapters/sqlite_adapter.rb:346:in `columns'
    /usr/local/rvm/gems/ruby-1.9.3-p194/gems/activerecord-3.2.8/lib/active_record/fixtures.rb:660:in `column_names'
    /usr/local/rvm/gems/ruby-1.9.3-p194/gems/activerecord-3.2.8/lib/active_record/fixtures.rb:652:in `timestamp_column_names'
    /usr/local/rvm/gems/ruby-1.9.3-p194/gems/activerecord-3.2.8/lib/active_record/fixtures.rb:585:in `block in table_rows'
    /usr/local/rvm/gems/ruby-1.9.3-p194/gems/activerecord-3.2.8/lib/active_record/fixtures.rb:579:in `each'
    /usr/local/rvm/gems/ruby-1.9.3-p194/gems/activerecord-3.2.8/lib/active_record/fixtures.rb:579:in `map'
    /usr/local/rvm/gems/ruby-1.9.3-p194/gems/activerecord-3.2.8/lib/active_record/fixtures.rb:579:in `table_rows'
    /usr/local/rvm/gems/ruby-1.9.3-p194/gems/activerecord-3.2.8/lib/active_record/fixtures.rb:494:in `block (3 levels) in create_fixtures'
    /usr/local/rvm/gems/ruby-1.9.3-p194/gems/activerecord-3.2.8/lib/active_record/fixtures.rb:492:in `each'
    /usr/local/rvm/gems/ruby-1.9.3-p194/gems/activerecord-3.2.8/lib/active_record/fixtures.rb:492:in `block (2 levels) in create_fixtures'
    /usr/local/rvm/gems/ruby-1.9.3-p194/gems/activerecord-3.2.8/lib/active_record/connection_adapters/abstract/database_statements.rb:192:in `transaction'
    /usr/local/rvm/gems/ruby-1.9.3-p194/gems/activerecord-3.2.8/lib/active_record/fixtures.rb:491:in `block in create_fixtures'
    /usr/local/rvm/gems/ruby-1.9.3-p194/gems/activerecord-3.2.8/lib/active_record/connection_adapters/abstract_adapter.rb:168:in `disable_referential_integrity'
    /usr/local/rvm/gems/ruby-1.9.3-p194/gems/activerecord-3.2.8/lib/active_record/fixtures.rb:476:in `create_fixtures'
    /usr/local/rvm/gems/ruby-1.9.3-p194/gems/activerecord-3.2.8/lib/active_record/fixtures.rb:895:in `load_fixtures'
    /usr/local/rvm/gems/ruby-1.9.3-p194/gems/activerecord-3.2.8/lib/active_record/fixtures.rb:849:in `setup_fixtures'
    /usr/local/rvm/gems/ruby-1.9.3-p194/gems/activesupport-3.2.8/lib/active_support/callbacks.rb:429:in `_run__497292687__setup__908050799__callbacks'
    /usr/local/rvm/gems/ruby-1.9.3-p194/gems/activesupport-3.2.8/lib/active_support/callbacks.rb:405:in `__run_callback'
    /usr/local/rvm/gems/ruby-1.9.3-p194/gems/activesupport-3.2.8/lib/active_support/callbacks.rb:385:in `_run_setup_callbacks'
    /usr/local/rvm/gems/ruby-1.9.3-p194/gems/activesupport-3.2.8/lib/active_support/callbacks.rb:81:in `run_callbacks'
    /usr/local/rvm/gems/ruby-1.9.3-p194/gems/activesupport-3.2.8/lib/active_support/testing/setup_and_teardown.rb:35:in `run'

7 tests, 0 assertions, 0 failures, 7 errors, 0 skips
Run options: -n "/^(test_should_create_user|test_should_destroy_user|test_should_get_edit|test_should_get_index|test_should_get_new|test_should_show_user|test_should_update_user)$/"

# Running tests:

EEEEEEE

Finished tests in 0.097212s, 72.0079 tests/s, 0.0000 assertions/s.

  1) Error:
test_should_create_user(UsersControllerTest):
ActiveRecord::StatementInvalid: Could not find table 'users'
    /usr/local/rvm/gems/ruby-1.9.3-p194/gems/activerecord-3.2.8/lib/active_record/connection_adapters/sqlite_adapter.rb:472:in `table_structure'
    /usr/local/rvm/gems/ruby-1.9.3-p194/gems/activerecord-3.2.8/lib/active_record/connection_adapters/sqlite_adapter.rb:346:in `columns'
    /usr/local/rvm/gems/ruby-1.9.3-p194/gems/activerecord-3.2.8/lib/active_record/fixtures.rb:660:in `column_names'
    /usr/local/rvm/gems/ruby-1.9.3-p194/gems/activerecord-3.2.8/lib/active_record/fixtures.rb:652:in `timestamp_column_names'
    /usr/local/rvm/gems/ruby-1.9.3-p194/gems/activerecord-3.2.8/lib/active_record/fixtures.rb:585:in `block in table_rows'
    /usr/local/rvm/gems/ruby-1.9.3-p194/gems/activerecord-3.2.8/lib/active_record/fixtures.rb:579:in `each'
    /usr/local/rvm/gems/ruby-1.9.3-p194/gems/activerecord-3.2.8/lib/active_record/fixtures.rb:579:in `map'
    /usr/local/rvm/gems/ruby-1.9.3-p194/gems/activerecord-3.2.8/lib/active_record/fixtures.rb:579:in `table_rows'
    /usr/local/rvm/gems/ruby-1.9.3-p194/gems/activerecord-3.2.8/lib/active_record/fixtures.rb:494:in `block (3 levels) in create_fixtures'
    /usr/local/rvm/gems/ruby-1.9.3-p194/gems/activerecord-3.2.8/lib/active_record/fixtures.rb:492:in `each'
    /usr/local/rvm/gems/ruby-1.9.3-p194/gems/activerecord-3.2.8/lib/active_record/fixtures.rb:492:in `block (2 levels) in create_fixtures'
    /usr/local/rvm/gems/ruby-1.9.3-p194/gems/activerecord-3.2.8/lib/active_record/connection_adapters/abstract/database_statements.rb:192:in `transaction'
    /usr/local/rvm/gems/ruby-1.9.3-p194/gems/activerecord-3.2.8/lib/active_record/fixtures.rb:491:in `block in create_fixtures'
    /usr/local/rvm/gems/ruby-1.9.3-p194/gems/activerecord-3.2.8/lib/active_record/connection_adapters/abstract_adapter.rb:168:in `disable_referential_integrity'
    /usr/local/rvm/gems/ruby-1.9.3-p194/gems/activerecord-3.2.8/lib/active_record/fixtures.rb:476:in `create_fixtures'
    /usr/local/rvm/gems/ruby-1.9.3-p194/gems/activerecord-3.2.8/lib/active_record/fixtures.rb:895:in `load_fixtures'
    /usr/local/rvm/gems/ruby-1.9.3-p194/gems/activerecord-3.2.8/lib/active_record/fixtures.rb:849:in `setup_fixtures'
    /usr/local/rvm/gems/ruby-1.9.3-p194/gems/activesupport-3.2.8/lib/active_support/callbacks.rb:429:in `_run__810183118__setup__650458812__callbacks'
    /usr/local/rvm/gems/ruby-1.9.3-p194/gems/activesupport-3.2.8/lib/active_support/callbacks.rb:405:in `__run_callback'
    /usr/local/rvm/gems/ruby-1.9.3-p194/gems/activesupport-3.2.8/lib/active_support/callbacks.rb:385:in `_run_setup_callbacks'
    /usr/local/rvm/gems/ruby-1.9.3-p194/gems/activesupport-3.2.8/lib/active_support/callbacks.rb:81:in `run_callbacks'
    /usr/local/rvm/gems/ruby-1.9.3-p194/gems/activesupport-3.2.8/lib/active_support/testing/setup_and_teardown.rb:35:in `run'

  2) Error:
test_should_destroy_user(UsersControllerTest):
ActiveRecord::StatementInvalid: Could not find table 'users'
    /usr/local/rvm/gems/ruby-1.9.3-p194/gems/activerecord-3.2.8/lib/active_record/connection_adapters/sqlite_adapter.rb:472:in `table_structure'
    /usr/local/rvm/gems/ruby-1.9.3-p194/gems/activerecord-3.2.8/lib/active_record/connection_adapters/sqlite_adapter.rb:346:in `columns'
    /usr/local/rvm/gems/ruby-1.9.3-p194/gems/activerecord-3.2.8/lib/active_record/fixtures.rb:660:in `column_names'
    /usr/local/rvm/gems/ruby-1.9.3-p194/gems/activerecord-3.2.8/lib/active_record/fixtures.rb:652:in `timestamp_column_names'
    /usr/local/rvm/gems/ruby-1.9.3-p194/gems/activerecord-3.2.8/lib/active_record/fixtures.rb:585:in `block in table_rows'
    /usr/local/rvm/gems/ruby-1.9.3-p194/gems/activerecord-3.2.8/lib/active_record/fixtures.rb:579:in `each'
    /usr/local/rvm/gems/ruby-1.9.3-p194/gems/activerecord-3.2.8/lib/active_record/fixtures.rb:579:in `map'
    /usr/local/rvm/gems/ruby-1.9.3-p194/gems/activerecord-3.2.8/lib/active_record/fixtures.rb:579:in `table_rows'
    /usr/local/rvm/gems/ruby-1.9.3-p194/gems/activerecord-3.2.8/lib/active_record/fixtures.rb:494:in `block (3 levels) in create_fixtures'
    /usr/local/rvm/gems/ruby-1.9.3-p194/gems/activerecord-3.2.8/lib/active_record/fixtures.rb:492:in `each'
    /usr/local/rvm/gems/ruby-1.9.3-p194/gems/activerecord-3.2.8/lib/active_record/fixtures.rb:492:in `block (2 levels) in create_fixtures'
    /usr/local/rvm/gems/ruby-1.9.3-p194/gems/activerecord-3.2.8/lib/active_record/connection_adapters/abstract/database_statements.rb:192:in `transaction'
    /usr/local/rvm/gems/ruby-1.9.3-p194/gems/activerecord-3.2.8/lib/active_record/fixtures.rb:491:in `block in create_fixtures'
    /usr/local/rvm/gems/ruby-1.9.3-p194/gems/activerecord-3.2.8/lib/active_record/connection_adapters/abstract_adapter.rb:168:in `disable_referential_integrity'
    /usr/local/rvm/gems/ruby-1.9.3-p194/gems/activerecord-3.2.8/lib/active_record/fixtures.rb:476:in `create_fixtures'
    /usr/local/rvm/gems/ruby-1.9.3-p194/gems/activerecord-3.2.8/lib/active_record/fixtures.rb:895:in `load_fixtures'
    /usr/local/rvm/gems/ruby-1.9.3-p194/gems/activerecord-3.2.8/lib/active_record/fixtures.rb:849:in `setup_fixtures'
    /usr/local/rvm/gems/ruby-1.9.3-p194/gems/activesupport-3.2.8/lib/active_support/callbacks.rb:429:in `_run__810183118__setup__650458812__callbacks'
    /usr/local/rvm/gems/ruby-1.9.3-p194/gems/activesupport-3.2.8/lib/active_support/callbacks.rb:405:in `__run_callback'
    /usr/local/rvm/gems/ruby-1.9.3-p194/gems/activesupport-3.2.8/lib/active_support/callbacks.rb:385:in `_run_setup_callbacks'
    /usr/local/rvm/gems/ruby-1.9.3-p194/gems/activesupport-3.2.8/lib/active_support/callbacks.rb:81:in `run_callbacks'
    /usr/local/rvm/gems/ruby-1.9.3-p194/gems/activesupport-3.2.8/lib/active_support/testing/setup_and_teardown.rb:35:in `run'

  3) Error:
test_should_get_edit(UsersControllerTest):
ActiveRecord::StatementInvalid: Could not find table 'users'
    /usr/local/rvm/gems/ruby-1.9.3-p194/gems/activerecord-3.2.8/lib/active_record/connection_adapters/sqlite_adapter.rb:472:in `table_structure'
    /usr/local/rvm/gems/ruby-1.9.3-p194/gems/activerecord-3.2.8/lib/active_record/connection_adapters/sqlite_adapter.rb:346:in `columns'
    /usr/local/rvm/gems/ruby-1.9.3-p194/gems/activerecord-3.2.8/lib/active_record/fixtures.rb:660:in `column_names'
    /usr/local/rvm/gems/ruby-1.9.3-p194/gems/activerecord-3.2.8/lib/active_record/fixtures.rb:652:in `timestamp_column_names'
    /usr/local/rvm/gems/ruby-1.9.3-p194/gems/activerecord-3.2.8/lib/active_record/fixtures.rb:585:in `block in table_rows'
    /usr/local/rvm/gems/ruby-1.9.3-p194/gems/activerecord-3.2.8/lib/active_record/fixtures.rb:579:in `each'
    /usr/local/rvm/gems/ruby-1.9.3-p194/gems/activerecord-3.2.8/lib/active_record/fixtures.rb:579:in `map'
    /usr/local/rvm/gems/ruby-1.9.3-p194/gems/activerecord-3.2.8/lib/active_record/fixtures.rb:579:in `table_rows'
    /usr/local/rvm/gems/ruby-1.9.3-p194/gems/activerecord-3.2.8/lib/active_record/fixtures.rb:494:in `block (3 levels) in create_fixtures'
    /usr/local/rvm/gems/ruby-1.9.3-p194/gems/activerecord-3.2.8/lib/active_record/fixtures.rb:492:in `each'
    /usr/local/rvm/gems/ruby-1.9.3-p194/gems/activerecord-3.2.8/lib/active_record/fixtures.rb:492:in `block (2 levels) in create_fixtures'
    /usr/local/rvm/gems/ruby-1.9.3-p194/gems/activerecord-3.2.8/lib/active_record/connection_adapters/abstract/database_statements.rb:192:in `transaction'
    /usr/local/rvm/gems/ruby-1.9.3-p194/gems/activerecord-3.2.8/lib/active_record/fixtures.rb:491:in `block in create_fixtures'
    /usr/local/rvm/gems/ruby-1.9.3-p194/gems/activerecord-3.2.8/lib/active_record/connection_adapters/abstract_adapter.rb:168:in `disable_referential_integrity'
    /usr/local/rvm/gems/ruby-1.9.3-p194/gems/activerecord-3.2.8/lib/active_record/fixtures.rb:476:in `create_fixtures'
    /usr/local/rvm/gems/ruby-1.9.3-p194/gems/activerecord-3.2.8/lib/active_record/fixtures.rb:895:in `load_fixtures'
    /usr/local/rvm/gems/ruby-1.9.3-p194/gems/activerecord-3.2.8/lib/active_record/fixtures.rb:849:in `setup_fixtures'
    /usr/local/rvm/gems/ruby-1.9.3-p194/gems/activesupport-3.2.8/lib/active_support/callbacks.rb:429:in `_run__810183118__setup__650458812__callbacks'
    /usr/local/rvm/gems/ruby-1.9.3-p194/gems/activesupport-3.2.8/lib/active_support/callbacks.rb:405:in `__run_callback'
    /usr/local/rvm/gems/ruby-1.9.3-p194/gems/activesupport-3.2.8/lib/active_support/callbacks.rb:385:in `_run_setup_callbacks'
    /usr/local/rvm/gems/ruby-1.9.3-p194/gems/activesupport-3.2.8/lib/active_support/callbacks.rb:81:in `run_callbacks'
    /usr/local/rvm/gems/ruby-1.9.3-p194/gems/activesupport-3.2.8/lib/active_support/testing/setup_and_teardown.rb:35:in `run'

  4) Error:
test_should_get_index(UsersControllerTest):
ActiveRecord::StatementInvalid: Could not find table 'users'
    /usr/local/rvm/gems/ruby-1.9.3-p194/gems/activerecord-3.2.8/lib/active_record/connection_adapters/sqlite_adapter.rb:472:in `table_structure'
    /usr/local/rvm/gems/ruby-1.9.3-p194/gems/activerecord-3.2.8/lib/active_record/connection_adapters/sqlite_adapter.rb:346:in `columns'
    /usr/local/rvm/gems/ruby-1.9.3-p194/gems/activerecord-3.2.8/lib/active_record/fixtures.rb:660:in `column_names'
    /usr/local/rvm/gems/ruby-1.9.3-p194/gems/activerecord-3.2.8/lib/active_record/fixtures.rb:652:in `timestamp_column_names'
    /usr/local/rvm/gems/ruby-1.9.3-p194/gems/activerecord-3.2.8/lib/active_record/fixtures.rb:585:in `block in table_rows'
    /usr/local/rvm/gems/ruby-1.9.3-p194/gems/activerecord-3.2.8/lib/active_record/fixtures.rb:579:in `each'
    /usr/local/rvm/gems/ruby-1.9.3-p194/gems/activerecord-3.2.8/lib/active_record/fixtures.rb:579:in `map'
    /usr/local/rvm/gems/ruby-1.9.3-p194/gems/activerecord-3.2.8/lib/active_record/fixtures.rb:579:in `table_rows'
    /usr/local/rvm/gems/ruby-1.9.3-p194/gems/activerecord-3.2.8/lib/active_record/fixtures.rb:494:in `block (3 levels) in create_fixtures'
    /usr/local/rvm/gems/ruby-1.9.3-p194/gems/activerecord-3.2.8/lib/active_record/fixtures.rb:492:in `each'
    /usr/local/rvm/gems/ruby-1.9.3-p194/gems/activerecord-3.2.8/lib/active_record/fixtures.rb:492:in `block (2 levels) in create_fixtures'
    /usr/local/rvm/gems/ruby-1.9.3-p194/gems/activerecord-3.2.8/lib/active_record/connection_adapters/abstract/database_statements.rb:192:in `transaction'
    /usr/local/rvm/gems/ruby-1.9.3-p194/gems/activerecord-3.2.8/lib/active_record/fixtures.rb:491:in `block in create_fixtures'
    /usr/local/rvm/gems/ruby-1.9.3-p194/gems/activerecord-3.2.8/lib/active_record/connection_adapters/abstract_adapter.rb:168:in `disable_referential_integrity'
    /usr/local/rvm/gems/ruby-1.9.3-p194/gems/activerecord-3.2.8/lib/active_record/fixtures.rb:476:in `create_fixtures'
    /usr/local/rvm/gems/ruby-1.9.3-p194/gems/activerecord-3.2.8/lib/active_record/fixtures.rb:895:in `load_fixtures'
    /usr/local/rvm/gems/ruby-1.9.3-p194/gems/activerecord-3.2.8/lib/active_record/fixtures.rb:849:in `setup_fixtures'
    /usr/local/rvm/gems/ruby-1.9.3-p194/gems/activesupport-3.2.8/lib/active_support/callbacks.rb:429:in `_run__810183118__setup__650458812__callbacks'
    /usr/local/rvm/gems/ruby-1.9.3-p194/gems/activesupport-3.2.8/lib/active_support/callbacks.rb:405:in `__run_callback'
    /usr/local/rvm/gems/ruby-1.9.3-p194/gems/activesupport-3.2.8/lib/active_support/callbacks.rb:385:in `_run_setup_callbacks'
    /usr/local/rvm/gems/ruby-1.9.3-p194/gems/activesupport-3.2.8/lib/active_support/callbacks.rb:81:in `run_callbacks'
    /usr/local/rvm/gems/ruby-1.9.3-p194/gems/activesupport-3.2.8/lib/active_support/testing/setup_and_teardown.rb:35:in `run'

  5) Error:
test_should_get_new(UsersControllerTest):
ActiveRecord::StatementInvalid: Could not find table 'users'
    /usr/local/rvm/gems/ruby-1.9.3-p194/gems/activerecord-3.2.8/lib/active_record/connection_adapters/sqlite_adapter.rb:472:in `table_structure'
    /usr/local/rvm/gems/ruby-1.9.3-p194/gems/activerecord-3.2.8/lib/active_record/connection_adapters/sqlite_adapter.rb:346:in `columns'
    /usr/local/rvm/gems/ruby-1.9.3-p194/gems/activerecord-3.2.8/lib/active_record/fixtures.rb:660:in `column_names'
    /usr/local/rvm/gems/ruby-1.9.3-p194/gems/activerecord-3.2.8/lib/active_record/fixtures.rb:652:in `timestamp_column_names'
    /usr/local/rvm/gems/ruby-1.9.3-p194/gems/activerecord-3.2.8/lib/active_record/fixtures.rb:585:in `block in table_rows'
    /usr/local/rvm/gems/ruby-1.9.3-p194/gems/activerecord-3.2.8/lib/active_record/fixtures.rb:579:in `each'
    /usr/local/rvm/gems/ruby-1.9.3-p194/gems/activerecord-3.2.8/lib/active_record/fixtures.rb:579:in `map'
    /usr/local/rvm/gems/ruby-1.9.3-p194/gems/activerecord-3.2.8/lib/active_record/fixtures.rb:579:in `table_rows'
    /usr/local/rvm/gems/ruby-1.9.3-p194/gems/activerecord-3.2.8/lib/active_record/fixtures.rb:494:in `block (3 levels) in create_fixtures'
    /usr/local/rvm/gems/ruby-1.9.3-p194/gems/activerecord-3.2.8/lib/active_record/fixtures.rb:492:in `each'
    /usr/local/rvm/gems/ruby-1.9.3-p194/gems/activerecord-3.2.8/lib/active_record/fixtures.rb:492:in `block (2 levels) in create_fixtures'
    /usr/local/rvm/gems/ruby-1.9.3-p194/gems/activerecord-3.2.8/lib/active_record/connection_adapters/abstract/database_statements.rb:192:in `transaction'
    /usr/local/rvm/gems/ruby-1.9.3-p194/gems/activerecord-3.2.8/lib/active_record/fixtures.rb:491:in `block in create_fixtures'
    /usr/local/rvm/gems/ruby-1.9.3-p194/gems/activerecord-3.2.8/lib/active_record/connection_adapters/abstract_adapter.rb:168:in `disable_referential_integrity'
    /usr/local/rvm/gems/ruby-1.9.3-p194/gems/activerecord-3.2.8/lib/active_record/fixtures.rb:476:in `create_fixtures'
    /usr/local/rvm/gems/ruby-1.9.3-p194/gems/activerecord-3.2.8/lib/active_record/fixtures.rb:895:in `load_fixtures'
    /usr/local/rvm/gems/ruby-1.9.3-p194/gems/activerecord-3.2.8/lib/active_record/fixtures.rb:849:in `setup_fixtures'
    /usr/local/rvm/gems/ruby-1.9.3-p194/gems/activesupport-3.2.8/lib/active_support/callbacks.rb:429:in `_run__810183118__setup__650458812__callbacks'
    /usr/local/rvm/gems/ruby-1.9.3-p194/gems/activesupport-3.2.8/lib/active_support/callbacks.rb:405:in `__run_callback'
    /usr/local/rvm/gems/ruby-1.9.3-p194/gems/activesupport-3.2.8/lib/active_support/callbacks.rb:385:in `_run_setup_callbacks'
    /usr/local/rvm/gems/ruby-1.9.3-p194/gems/activesupport-3.2.8/lib/active_support/callbacks.rb:81:in `run_callbacks'
    /usr/local/rvm/gems/ruby-1.9.3-p194/gems/activesupport-3.2.8/lib/active_support/testing/setup_and_teardown.rb:35:in `run'

  6) Error:
test_should_show_user(UsersControllerTest):
ActiveRecord::StatementInvalid: Could not find table 'users'
    /usr/local/rvm/gems/ruby-1.9.3-p194/gems/activerecord-3.2.8/lib/active_record/connection_adapters/sqlite_adapter.rb:472:in `table_structure'
    /usr/local/rvm/gems/ruby-1.9.3-p194/gems/activerecord-3.2.8/lib/active_record/connection_adapters/sqlite_adapter.rb:346:in `columns'
    /usr/local/rvm/gems/ruby-1.9.3-p194/gems/activerecord-3.2.8/lib/active_record/fixtures.rb:660:in `column_names'
    /usr/local/rvm/gems/ruby-1.9.3-p194/gems/activerecord-3.2.8/lib/active_record/fixtures.rb:652:in `timestamp_column_names'
    /usr/local/rvm/gems/ruby-1.9.3-p194/gems/activerecord-3.2.8/lib/active_record/fixtures.rb:585:in `block in table_rows'
    /usr/local/rvm/gems/ruby-1.9.3-p194/gems/activerecord-3.2.8/lib/active_record/fixtures.rb:579:in `each'
    /usr/local/rvm/gems/ruby-1.9.3-p194/gems/activerecord-3.2.8/lib/active_record/fixtures.rb:579:in `map'
    /usr/local/rvm/gems/ruby-1.9.3-p194/gems/activerecord-3.2.8/lib/active_record/fixtures.rb:579:in `table_rows'
    /usr/local/rvm/gems/ruby-1.9.3-p194/gems/activerecord-3.2.8/lib/active_record/fixtures.rb:494:in `block (3 levels) in create_fixtures'
    /usr/local/rvm/gems/ruby-1.9.3-p194/gems/activerecord-3.2.8/lib/active_record/fixtures.rb:492:in `each'
    /usr/local/rvm/gems/ruby-1.9.3-p194/gems/activerecord-3.2.8/lib/active_record/fixtures.rb:492:in `block (2 levels) in create_fixtures'
    /usr/local/rvm/gems/ruby-1.9.3-p194/gems/activerecord-3.2.8/lib/active_record/connection_adapters/abstract/database_statements.rb:192:in `transaction'
    /usr/local/rvm/gems/ruby-1.9.3-p194/gems/activerecord-3.2.8/lib/active_record/fixtures.rb:491:in `block in create_fixtures'
    /usr/local/rvm/gems/ruby-1.9.3-p194/gems/activerecord-3.2.8/lib/active_record/connection_adapters/abstract_adapter.rb:168:in `disable_referential_integrity'
    /usr/local/rvm/gems/ruby-1.9.3-p194/gems/activerecord-3.2.8/lib/active_record/fixtures.rb:476:in `create_fixtures'
    /usr/local/rvm/gems/ruby-1.9.3-p194/gems/activerecord-3.2.8/lib/active_record/fixtures.rb:895:in `load_fixtures'
    /usr/local/rvm/gems/ruby-1.9.3-p194/gems/activerecord-3.2.8/lib/active_record/fixtures.rb:849:in `setup_fixtures'
    /usr/local/rvm/gems/ruby-1.9.3-p194/gems/activesupport-3.2.8/lib/active_support/callbacks.rb:429:in `_run__810183118__setup__650458812__callbacks'
    /usr/local/rvm/gems/ruby-1.9.3-p194/gems/activesupport-3.2.8/lib/active_support/callbacks.rb:405:in `__run_callback'
    /usr/local/rvm/gems/ruby-1.9.3-p194/gems/activesupport-3.2.8/lib/active_support/callbacks.rb:385:in `_run_setup_callbacks'
    /usr/local/rvm/gems/ruby-1.9.3-p194/gems/activesupport-3.2.8/lib/active_support/callbacks.rb:81:in `run_callbacks'
    /usr/local/rvm/gems/ruby-1.9.3-p194/gems/activesupport-3.2.8/lib/active_support/testing/setup_and_teardown.rb:35:in `run'

  7) Error:
test_should_update_user(UsersControllerTest):
ActiveRecord::StatementInvalid: Could not find table 'users'
    /usr/local/rvm/gems/ruby-1.9.3-p194/gems/activerecord-3.2.8/lib/active_record/connection_adapters/sqlite_adapter.rb:472:in `table_structure'
    /usr/local/rvm/gems/ruby-1.9.3-p194/gems/activerecord-3.2.8/lib/active_record/connection_adapters/sqlite_adapter.rb:346:in `columns'
    /usr/local/rvm/gems/ruby-1.9.3-p194/gems/activerecord-3.2.8/lib/active_record/fixtures.rb:660:in `column_names'
    /usr/local/rvm/gems/ruby-1.9.3-p194/gems/activerecord-3.2.8/lib/active_record/fixtures.rb:652:in `timestamp_column_names'
    /usr/local/rvm/gems/ruby-1.9.3-p194/gems/activerecord-3.2.8/lib/active_record/fixtures.rb:585:in `block in table_rows'
    /usr/local/rvm/gems/ruby-1.9.3-p194/gems/activerecord-3.2.8/lib/active_record/fixtures.rb:579:in `each'
    /usr/local/rvm/gems/ruby-1.9.3-p194/gems/activerecord-3.2.8/lib/active_record/fixtures.rb:579:in `map'
    /usr/local/rvm/gems/ruby-1.9.3-p194/gems/activerecord-3.2.8/lib/active_record/fixtures.rb:579:in `table_rows'
    /usr/local/rvm/gems/ruby-1.9.3-p194/gems/activerecord-3.2.8/lib/active_record/fixtures.rb:494:in `block (3 levels) in create_fixtures'
    /usr/local/rvm/gems/ruby-1.9.3-p194/gems/activerecord-3.2.8/lib/active_record/fixtures.rb:492:in `each'
    /usr/local/rvm/gems/ruby-1.9.3-p194/gems/activerecord-3.2.8/lib/active_record/fixtures.rb:492:in `block (2 levels) in create_fixtures'
    /usr/local/rvm/gems/ruby-1.9.3-p194/gems/activerecord-3.2.8/lib/active_record/connection_adapters/abstract/database_statements.rb:192:in `transaction'
    /usr/local/rvm/gems/ruby-1.9.3-p194/gems/activerecord-3.2.8/lib/active_record/fixtures.rb:491:in `block in create_fixtures'
    /usr/local/rvm/gems/ruby-1.9.3-p194/gems/activerecord-3.2.8/lib/active_record/connection_adapters/abstract_adapter.rb:168:in `disable_referential_integrity'
    /usr/local/rvm/gems/ruby-1.9.3-p194/gems/activerecord-3.2.8/lib/active_record/fixtures.rb:476:in `create_fixtures'
    /usr/local/rvm/gems/ruby-1.9.3-p194/gems/activerecord-3.2.8/lib/active_record/fixtures.rb:895:in `load_fixtures'
    /usr/local/rvm/gems/ruby-1.9.3-p194/gems/activerecord-3.2.8/lib/active_record/fixtures.rb:849:in `setup_fixtures'
    /usr/local/rvm/gems/ruby-1.9.3-p194/gems/activesupport-3.2.8/lib/active_support/callbacks.rb:429:in `_run__810183118__setup__650458812__callbacks'
    /usr/local/rvm/gems/ruby-1.9.3-p194/gems/activesupport-3.2.8/lib/active_support/callbacks.rb:405:in `__run_callback'
    /usr/local/rvm/gems/ruby-1.9.3-p194/gems/activesupport-3.2.8/lib/active_support/callbacks.rb:385:in `_run_setup_callbacks'
    /usr/local/rvm/gems/ruby-1.9.3-p194/gems/activesupport-3.2.8/lib/active_support/callbacks.rb:81:in `run_callbacks'
    /usr/local/rvm/gems/ruby-1.9.3-p194/gems/activesupport-3.2.8/lib/active_support/testing/setup_and_teardown.rb:35:in `run'

7 tests, 0 assertions, 0 failures, 7 errors, 0 skips
Run options: -n "/^(test_should_get_contact|test_should_get_home)$/"

# Running tests:

EE

Finished tests in 0.047434s, 42.1639 tests/s, 0.0000 assertions/s.

  1) Error:
test_should_get_contact(PagesControllerTest):
ActiveRecord::StatementInvalid: Could not find table 'users'
    /usr/local/rvm/gems/ruby-1.9.3-p194/gems/activerecord-3.2.8/lib/active_record/connection_adapters/sqlite_adapter.rb:472:in `table_structure'
    /usr/local/rvm/gems/ruby-1.9.3-p194/gems/activerecord-3.2.8/lib/active_record/connection_adapters/sqlite_adapter.rb:346:in `columns'
    /usr/local/rvm/gems/ruby-1.9.3-p194/gems/activerecord-3.2.8/lib/active_record/fixtures.rb:660:in `column_names'
    /usr/local/rvm/gems/ruby-1.9.3-p194/gems/activerecord-3.2.8/lib/active_record/fixtures.rb:652:in `timestamp_column_names'
    /usr/local/rvm/gems/ruby-1.9.3-p194/gems/activerecord-3.2.8/lib/active_record/fixtures.rb:585:in `block in table_rows'
    /usr/local/rvm/gems/ruby-1.9.3-p194/gems/activerecord-3.2.8/lib/active_record/fixtures.rb:579:in `each'
    /usr/local/rvm/gems/ruby-1.9.3-p194/gems/activerecord-3.2.8/lib/active_record/fixtures.rb:579:in `map'
    /usr/local/rvm/gems/ruby-1.9.3-p194/gems/activerecord-3.2.8/lib/active_record/fixtures.rb:579:in `table_rows'
    /usr/local/rvm/gems/ruby-1.9.3-p194/gems/activerecord-3.2.8/lib/active_record/fixtures.rb:494:in `block (3 levels) in create_fixtures'
    /usr/local/rvm/gems/ruby-1.9.3-p194/gems/activerecord-3.2.8/lib/active_record/fixtures.rb:492:in `each'
    /usr/local/rvm/gems/ruby-1.9.3-p194/gems/activerecord-3.2.8/lib/active_record/fixtures.rb:492:in `block (2 levels) in create_fixtures'
    /usr/local/rvm/gems/ruby-1.9.3-p194/gems/activerecord-3.2.8/lib/active_record/connection_adapters/abstract/database_statements.rb:192:in `transaction'
    /usr/local/rvm/gems/ruby-1.9.3-p194/gems/activerecord-3.2.8/lib/active_record/fixtures.rb:491:in `block in create_fixtures'
    /usr/local/rvm/gems/ruby-1.9.3-p194/gems/activerecord-3.2.8/lib/active_record/connection_adapters/abstract_adapter.rb:168:in `disable_referential_integrity'
    /usr/local/rvm/gems/ruby-1.9.3-p194/gems/activerecord-3.2.8/lib/active_record/fixtures.rb:476:in `create_fixtures'
    /usr/local/rvm/gems/ruby-1.9.3-p194/gems/activerecord-3.2.8/lib/active_record/fixtures.rb:895:in `load_fixtures'
    /usr/local/rvm/gems/ruby-1.9.3-p194/gems/activerecord-3.2.8/lib/active_record/fixtures.rb:849:in `setup_fixtures'
    /usr/local/rvm/gems/ruby-1.9.3-p194/gems/activesupport-3.2.8/lib/active_support/callbacks.rb:429:in `_run__1029187758__setup__85859761__callbacks'
    /usr/local/rvm/gems/ruby-1.9.3-p194/gems/activesupport-3.2.8/lib/active_support/callbacks.rb:405:in `__run_callback'
    /usr/local/rvm/gems/ruby-1.9.3-p194/gems/activesupport-3.2.8/lib/active_support/callbacks.rb:385:in `_run_setup_callbacks'
    /usr/local/rvm/gems/ruby-1.9.3-p194/gems/activesupport-3.2.8/lib/active_support/callbacks.rb:81:in `run_callbacks'
    /usr/local/rvm/gems/ruby-1.9.3-p194/gems/activesupport-3.2.8/lib/active_support/testing/setup_and_teardown.rb:35:in `run'

  2) Error:
test_should_get_home(PagesControllerTest):
ActiveRecord::StatementInvalid: Could not find table 'users'
    /usr/local/rvm/gems/ruby-1.9.3-p194/gems/activerecord-3.2.8/lib/active_record/connection_adapters/sqlite_adapter.rb:472:in `table_structure'
    /usr/local/rvm/gems/ruby-1.9.3-p194/gems/activerecord-3.2.8/lib/active_record/connection_adapters/sqlite_adapter.rb:346:in `columns'
    /usr/local/rvm/gems/ruby-1.9.3-p194/gems/activerecord-3.2.8/lib/active_record/fixtures.rb:660:in `column_names'
    /usr/local/rvm/gems/ruby-1.9.3-p194/gems/activerecord-3.2.8/lib/active_record/fixtures.rb:652:in `timestamp_column_names'
    /usr/local/rvm/gems/ruby-1.9.3-p194/gems/activerecord-3.2.8/lib/active_record/fixtures.rb:585:in `block in table_rows'
    /usr/local/rvm/gems/ruby-1.9.3-p194/gems/activerecord-3.2.8/lib/active_record/fixtures.rb:579:in `each'
    /usr/local/rvm/gems/ruby-1.9.3-p194/gems/activerecord-3.2.8/lib/active_record/fixtures.rb:579:in `map'
    /usr/local/rvm/gems/ruby-1.9.3-p194/gems/activerecord-3.2.8/lib/active_record/fixtures.rb:579:in `table_rows'
    /usr/local/rvm/gems/ruby-1.9.3-p194/gems/activerecord-3.2.8/lib/active_record/fixtures.rb:494:in `block (3 levels) in create_fixtures'
    /usr/local/rvm/gems/ruby-1.9.3-p194/gems/activerecord-3.2.8/lib/active_record/fixtures.rb:492:in `each'
    /usr/local/rvm/gems/ruby-1.9.3-p194/gems/activerecord-3.2.8/lib/active_record/fixtures.rb:492:in `block (2 levels) in create_fixtures'
    /usr/local/rvm/gems/ruby-1.9.3-p194/gems/activerecord-3.2.8/lib/active_record/connection_adapters/abstract/database_statements.rb:192:in `transaction'
    /usr/local/rvm/gems/ruby-1.9.3-p194/gems/activerecord-3.2.8/lib/active_record/fixtures.rb:491:in `block in create_fixtures'
    /usr/local/rvm/gems/ruby-1.9.3-p194/gems/activerecord-3.2.8/lib/active_record/connection_adapters/abstract_adapter.rb:168:in `disable_referential_integrity'
    /usr/local/rvm/gems/ruby-1.9.3-p194/gems/activerecord-3.2.8/lib/active_record/fixtures.rb:476:in `create_fixtures'
    /usr/local/rvm/gems/ruby-1.9.3-p194/gems/activerecord-3.2.8/lib/active_record/fixtures.rb:895:in `load_fixtures'
    /usr/local/rvm/gems/ruby-1.9.3-p194/gems/activerecord-3.2.8/lib/active_record/fixtures.rb:849:in `setup_fixtures'
    /usr/local/rvm/gems/ruby-1.9.3-p194/gems/activesupport-3.2.8/lib/active_support/callbacks.rb:429:in `_run__1029187758__setup__85859761__callbacks'
    /usr/local/rvm/gems/ruby-1.9.3-p194/gems/activesupport-3.2.8/lib/active_support/callbacks.rb:405:in `__run_callback'
    /usr/local/rvm/gems/ruby-1.9.3-p194/gems/activesupport-3.2.8/lib/active_support/callbacks.rb:385:in `_run_setup_callbacks'
    /usr/local/rvm/gems/ruby-1.9.3-p194/gems/activesupport-3.2.8/lib/active_support/callbacks.rb:81:in `run_callbacks'
    /usr/local/rvm/gems/ruby-1.9.3-p194/gems/activesupport-3.2.8/lib/active_support/testing/setup_and_teardown.rb:35:in `run'

2 tests, 0 assertions, 0 failures, 2 errors, 0 skips
/usr/local/rvm/rubies/ruby-1.9.3-p194/bin/ruby -I.:lib:test -rubygems test/functional/microposts_controller_test.rb -n "/^(test_should_create_micropost|test_should_destroy_micropost|test_should_get_edit|test_should_get_index|test_should_get_new|test_should_show_micropost|test_should_update_micropost)$/"; /usr/local/rvm/rubies/ruby-1.9.3-p194/bin/ruby -I.:lib:test -rubygems test/functional/users_controller_test.rb -n "/^(test_should_create_user|test_should_destroy_user|test_should_get_edit|test_should_get_index|test_should_get_new|test_should_show_user|test_should_update_user)$/"; /usr/local/rvm/rubies/ruby-1.9.3-p194/bin/ruby -I.:lib:test -rubygems test/functional/pages_controller_test.rb -n "/^(test_should_get_contact|test_should_get_home)$/"
Run options: -n "/^(test_should_create_micropost|test_should_destroy_micropost|test_should_get_edit|test_should_get_index|test_should_get_new|test_should_show_micropost|test_should_update_micropost)$/"

# Running tests:

EEEEEEE

Finished tests in 0.113027s, 61.9320 tests/s, 0.0000 assertions/s.

  1) Error:
test_should_create_micropost(MicropostsControllerTest):
ActiveRecord::StatementInvalid: Could not find table 'users'
    /usr/local/rvm/gems/ruby-1.9.3-p194/gems/activerecord-3.2.8/lib/active_record/connection_adapters/sqlite_adapter.rb:472:in `table_structure'
    /usr/local/rvm/gems/ruby-1.9.3-p194/gems/activerecord-3.2.8/lib/active_record/connection_adapters/sqlite_adapter.rb:346:in `columns'
    /usr/local/rvm/gems/ruby-1.9.3-p194/gems/activerecord-3.2.8/lib/active_record/fixtures.rb:660:in `column_names'
    /usr/local/rvm/gems/ruby-1.9.3-p194/gems/activerecord-3.2.8/lib/active_record/fixtures.rb:652:in `timestamp_column_names'
    /usr/local/rvm/gems/ruby-1.9.3-p194/gems/activerecord-3.2.8/lib/active_record/fixtures.rb:585:in `block in table_rows'
    /usr/local/rvm/gems/ruby-1.9.3-p194/gems/activerecord-3.2.8/lib/active_record/fixtures.rb:579:in `each'
    /usr/local/rvm/gems/ruby-1.9.3-p194/gems/activerecord-3.2.8/lib/active_record/fixtures.rb:579:in `map'
    /usr/local/rvm/gems/ruby-1.9.3-p194/gems/activerecord-3.2.8/lib/active_record/fixtures.rb:579:in `table_rows'
    /usr/local/rvm/gems/ruby-1.9.3-p194/gems/activerecord-3.2.8/lib/active_record/fixtures.rb:494:in `block (3 levels) in create_fixtures'
    /usr/local/rvm/gems/ruby-1.9.3-p194/gems/activerecord-3.2.8/lib/active_record/fixtures.rb:492:in `each'
    /usr/local/rvm/gems/ruby-1.9.3-p194/gems/activerecord-3.2.8/lib/active_record/fixtures.rb:492:in `block (2 levels) in create_fixtures'
    /usr/local/rvm/gems/ruby-1.9.3-p194/gems/activerecord-3.2.8/lib/active_record/connection_adapters/abstract/database_statements.rb:192:in `transaction'
    /usr/local/rvm/gems/ruby-1.9.3-p194/gems/activerecord-3.2.8/lib/active_record/fixtures.rb:491:in `block in create_fixtures'
    /usr/local/rvm/gems/ruby-1.9.3-p194/gems/activerecord-3.2.8/lib/active_record/connection_adapters/abstract_adapter.rb:168:in `disable_referential_integrity'
    /usr/local/rvm/gems/ruby-1.9.3-p194/gems/activerecord-3.2.8/lib/active_record/fixtures.rb:476:in `create_fixtures'
    /usr/local/rvm/gems/ruby-1.9.3-p194/gems/activerecord-3.2.8/lib/active_record/fixtures.rb:895:in `load_fixtures'
    /usr/local/rvm/gems/ruby-1.9.3-p194/gems/activerecord-3.2.8/lib/active_record/fixtures.rb:849:in `setup_fixtures'
    /usr/local/rvm/gems/ruby-1.9.3-p194/gems/activesupport-3.2.8/lib/active_support/callbacks.rb:429:in `_run__429592810__setup__677662887__callbacks'
    /usr/local/rvm/gems/ruby-1.9.3-p194/gems/activesupport-3.2.8/lib/active_support/callbacks.rb:405:in `__run_callback'
    /usr/local/rvm/gems/ruby-1.9.3-p194/gems/activesupport-3.2.8/lib/active_support/callbacks.rb:385:in `_run_setup_callbacks'
    /usr/local/rvm/gems/ruby-1.9.3-p194/gems/activesupport-3.2.8/lib/active_support/callbacks.rb:81:in `run_callbacks'
    /usr/local/rvm/gems/ruby-1.9.3-p194/gems/activesupport-3.2.8/lib/active_support/testing/setup_and_teardown.rb:35:in `run'

  2) Error:
test_should_destroy_micropost(MicropostsControllerTest):
ActiveRecord::StatementInvalid: Could not find table 'users'
    /usr/local/rvm/gems/ruby-1.9.3-p194/gems/activerecord-3.2.8/lib/active_record/connection_adapters/sqlite_adapter.rb:472:in `table_structure'
    /usr/local/rvm/gems/ruby-1.9.3-p194/gems/activerecord-3.2.8/lib/active_record/connection_adapters/sqlite_adapter.rb:346:in `columns'
    /usr/local/rvm/gems/ruby-1.9.3-p194/gems/activerecord-3.2.8/lib/active_record/fixtures.rb:660:in `column_names'
    /usr/local/rvm/gems/ruby-1.9.3-p194/gems/activerecord-3.2.8/lib/active_record/fixtures.rb:652:in `timestamp_column_names'
    /usr/local/rvm/gems/ruby-1.9.3-p194/gems/activerecord-3.2.8/lib/active_record/fixtures.rb:585:in `block in table_rows'
    /usr/local/rvm/gems/ruby-1.9.3-p194/gems/activerecord-3.2.8/lib/active_record/fixtures.rb:579:in `each'
    /usr/local/rvm/gems/ruby-1.9.3-p194/gems/activerecord-3.2.8/lib/active_record/fixtures.rb:579:in `map'
    /usr/local/rvm/gems/ruby-1.9.3-p194/gems/activerecord-3.2.8/lib/active_record/fixtures.rb:579:in `table_rows'
    /usr/local/rvm/gems/ruby-1.9.3-p194/gems/activerecord-3.2.8/lib/active_record/fixtures.rb:494:in `block (3 levels) in create_fixtures'
    /usr/local/rvm/gems/ruby-1.9.3-p194/gems/activerecord-3.2.8/lib/active_record/fixtures.rb:492:in `each'
    /usr/local/rvm/gems/ruby-1.9.3-p194/gems/activerecord-3.2.8/lib/active_record/fixtures.rb:492:in `block (2 levels) in create_fixtures'
    /usr/local/rvm/gems/ruby-1.9.3-p194/gems/activerecord-3.2.8/lib/active_record/connection_adapters/abstract/database_statements.rb:192:in `transaction'
    /usr/local/rvm/gems/ruby-1.9.3-p194/gems/activerecord-3.2.8/lib/active_record/fixtures.rb:491:in `block in create_fixtures'
    /usr/local/rvm/gems/ruby-1.9.3-p194/gems/activerecord-3.2.8/lib/active_record/connection_adapters/abstract_adapter.rb:168:in `disable_referential_integrity'
    /usr/local/rvm/gems/ruby-1.9.3-p194/gems/activerecord-3.2.8/lib/active_record/fixtures.rb:476:in `create_fixtures'
    /usr/local/rvm/gems/ruby-1.9.3-p194/gems/activerecord-3.2.8/lib/active_record/fixtures.rb:895:in `load_fixtures'
    /usr/local/rvm/gems/ruby-1.9.3-p194/gems/activerecord-3.2.8/lib/active_record/fixtures.rb:849:in `setup_fixtures'
    /usr/local/rvm/gems/ruby-1.9.3-p194/gems/activesupport-3.2.8/lib/active_support/callbacks.rb:429:in `_run__429592810__setup__677662887__callbacks'
    /usr/local/rvm/gems/ruby-1.9.3-p194/gems/activesupport-3.2.8/lib/active_support/callbacks.rb:405:in `__run_callback'
    /usr/local/rvm/gems/ruby-1.9.3-p194/gems/activesupport-3.2.8/lib/active_support/callbacks.rb:385:in `_run_setup_callbacks'
    /usr/local/rvm/gems/ruby-1.9.3-p194/gems/activesupport-3.2.8/lib/active_support/callbacks.rb:81:in `run_callbacks'
    /usr/local/rvm/gems/ruby-1.9.3-p194/gems/activesupport-3.2.8/lib/active_support/testing/setup_and_teardown.rb:35:in `run'

  3) Error:
test_should_get_edit(MicropostsControllerTest):
ActiveRecord::StatementInvalid: Could not find table 'users'
    /usr/local/rvm/gems/ruby-1.9.3-p194/gems/activerecord-3.2.8/lib/active_record/connection_adapters/sqlite_adapter.rb:472:in `table_structure'
    /usr/local/rvm/gems/ruby-1.9.3-p194/gems/activerecord-3.2.8/lib/active_record/connection_adapters/sqlite_adapter.rb:346:in `columns'
    /usr/local/rvm/gems/ruby-1.9.3-p194/gems/activerecord-3.2.8/lib/active_record/fixtures.rb:660:in `column_names'
    /usr/local/rvm/gems/ruby-1.9.3-p194/gems/activerecord-3.2.8/lib/active_record/fixtures.rb:652:in `timestamp_column_names'
    /usr/local/rvm/gems/ruby-1.9.3-p194/gems/activerecord-3.2.8/lib/active_record/fixtures.rb:585:in `block in table_rows'
    /usr/local/rvm/gems/ruby-1.9.3-p194/gems/activerecord-3.2.8/lib/active_record/fixtures.rb:579:in `each'
    /usr/local/rvm/gems/ruby-1.9.3-p194/gems/activerecord-3.2.8/lib/active_record/fixtures.rb:579:in `map'
    /usr/local/rvm/gems/ruby-1.9.3-p194/gems/activerecord-3.2.8/lib/active_record/fixtures.rb:579:in `table_rows'
    /usr/local/rvm/gems/ruby-1.9.3-p194/gems/activerecord-3.2.8/lib/active_record/fixtures.rb:494:in `block (3 levels) in create_fixtures'
    /usr/local/rvm/gems/ruby-1.9.3-p194/gems/activerecord-3.2.8/lib/active_record/fixtures.rb:492:in `each'
    /usr/local/rvm/gems/ruby-1.9.3-p194/gems/activerecord-3.2.8/lib/active_record/fixtures.rb:492:in `block (2 levels) in create_fixtures'
    /usr/local/rvm/gems/ruby-1.9.3-p194/gems/activerecord-3.2.8/lib/active_record/connection_adapters/abstract/database_statements.rb:192:in `transaction'
    /usr/local/rvm/gems/ruby-1.9.3-p194/gems/activerecord-3.2.8/lib/active_record/fixtures.rb:491:in `block in create_fixtures'
    /usr/local/rvm/gems/ruby-1.9.3-p194/gems/activerecord-3.2.8/lib/active_record/connection_adapters/abstract_adapter.rb:168:in `disable_referential_integrity'
    /usr/local/rvm/gems/ruby-1.9.3-p194/gems/activerecord-3.2.8/lib/active_record/fixtures.rb:476:in `create_fixtures'
    /usr/local/rvm/gems/ruby-1.9.3-p194/gems/activerecord-3.2.8/lib/active_record/fixtures.rb:895:in `load_fixtures'
    /usr/local/rvm/gems/ruby-1.9.3-p194/gems/activerecord-3.2.8/lib/active_record/fixtures.rb:849:in `setup_fixtures'
    /usr/local/rvm/gems/ruby-1.9.3-p194/gems/activesupport-3.2.8/lib/active_support/callbacks.rb:429:in `_run__429592810__setup__677662887__callbacks'
    /usr/local/rvm/gems/ruby-1.9.3-p194/gems/activesupport-3.2.8/lib/active_support/callbacks.rb:405:in `__run_callback'
    /usr/local/rvm/gems/ruby-1.9.3-p194/gems/activesupport-3.2.8/lib/active_support/callbacks.rb:385:in `_run_setup_callbacks'
    /usr/local/rvm/gems/ruby-1.9.3-p194/gems/activesupport-3.2.8/lib/active_support/callbacks.rb:81:in `run_callbacks'
    /usr/local/rvm/gems/ruby-1.9.3-p194/gems/activesupport-3.2.8/lib/active_support/testing/setup_and_teardown.rb:35:in `run'

  4) Error:
test_should_get_index(MicropostsControllerTest):
ActiveRecord::StatementInvalid: Could not find table 'users'
    /usr/local/rvm/gems/ruby-1.9.3-p194/gems/activerecord-3.2.8/lib/active_record/connection_adapters/sqlite_adapter.rb:472:in `table_structure'
    /usr/local/rvm/gems/ruby-1.9.3-p194/gems/activerecord-3.2.8/lib/active_record/connection_adapters/sqlite_adapter.rb:346:in `columns'
    /usr/local/rvm/gems/ruby-1.9.3-p194/gems/activerecord-3.2.8/lib/active_record/fixtures.rb:660:in `column_names'
    /usr/local/rvm/gems/ruby-1.9.3-p194/gems/activerecord-3.2.8/lib/active_record/fixtures.rb:652:in `timestamp_column_names'
    /usr/local/rvm/gems/ruby-1.9.3-p194/gems/activerecord-3.2.8/lib/active_record/fixtures.rb:585:in `block in table_rows'
    /usr/local/rvm/gems/ruby-1.9.3-p194/gems/activerecord-3.2.8/lib/active_record/fixtures.rb:579:in `each'
    /usr/local/rvm/gems/ruby-1.9.3-p194/gems/activerecord-3.2.8/lib/active_record/fixtures.rb:579:in `map'
    /usr/local/rvm/gems/ruby-1.9.3-p194/gems/activerecord-3.2.8/lib/active_record/fixtures.rb:579:in `table_rows'
    /usr/local/rvm/gems/ruby-1.9.3-p194/gems/activerecord-3.2.8/lib/active_record/fixtures.rb:494:in `block (3 levels) in create_fixtures'
    /usr/local/rvm/gems/ruby-1.9.3-p194/gems/activerecord-3.2.8/lib/active_record/fixtures.rb:492:in `each'
    /usr/local/rvm/gems/ruby-1.9.3-p194/gems/activerecord-3.2.8/lib/active_record/fixtures.rb:492:in `block (2 levels) in create_fixtures'
    /usr/local/rvm/gems/ruby-1.9.3-p194/gems/activerecord-3.2.8/lib/active_record/connection_adapters/abstract/database_statements.rb:192:in `transaction'
    /usr/local/rvm/gems/ruby-1.9.3-p194/gems/activerecord-3.2.8/lib/active_record/fixtures.rb:491:in `block in create_fixtures'
    /usr/local/rvm/gems/ruby-1.9.3-p194/gems/activerecord-3.2.8/lib/active_record/connection_adapters/abstract_adapter.rb:168:in `disable_referential_integrity'
    /usr/local/rvm/gems/ruby-1.9.3-p194/gems/activerecord-3.2.8/lib/active_record/fixtures.rb:476:in `create_fixtures'
    /usr/local/rvm/gems/ruby-1.9.3-p194/gems/activerecord-3.2.8/lib/active_record/fixtures.rb:895:in `load_fixtures'
    /usr/local/rvm/gems/ruby-1.9.3-p194/gems/activerecord-3.2.8/lib/active_record/fixtures.rb:849:in `setup_fixtures'
    /usr/local/rvm/gems/ruby-1.9.3-p194/gems/activesupport-3.2.8/lib/active_support/callbacks.rb:429:in `_run__429592810__setup__677662887__callbacks'
    /usr/local/rvm/gems/ruby-1.9.3-p194/gems/activesupport-3.2.8/lib/active_support/callbacks.rb:405:in `__run_callback'
    /usr/local/rvm/gems/ruby-1.9.3-p194/gems/activesupport-3.2.8/lib/active_support/callbacks.rb:385:in `_run_setup_callbacks'
    /usr/local/rvm/gems/ruby-1.9.3-p194/gems/activesupport-3.2.8/lib/active_support/callbacks.rb:81:in `run_callbacks'
    /usr/local/rvm/gems/ruby-1.9.3-p194/gems/activesupport-3.2.8/lib/active_support/testing/setup_and_teardown.rb:35:in `run'

  5) Error:
test_should_get_new(MicropostsControllerTest):
ActiveRecord::StatementInvalid: Could not find table 'users'
    /usr/local/rvm/gems/ruby-1.9.3-p194/gems/activerecord-3.2.8/lib/active_record/connection_adapters/sqlite_adapter.rb:472:in `table_structure'
    /usr/local/rvm/gems/ruby-1.9.3-p194/gems/activerecord-3.2.8/lib/active_record/connection_adapters/sqlite_adapter.rb:346:in `columns'
    /usr/local/rvm/gems/ruby-1.9.3-p194/gems/activerecord-3.2.8/lib/active_record/fixtures.rb:660:in `column_names'
    /usr/local/rvm/gems/ruby-1.9.3-p194/gems/activerecord-3.2.8/lib/active_record/fixtures.rb:652:in `timestamp_column_names'
    /usr/local/rvm/gems/ruby-1.9.3-p194/gems/activerecord-3.2.8/lib/active_record/fixtures.rb:585:in `block in table_rows'
    /usr/local/rvm/gems/ruby-1.9.3-p194/gems/activerecord-3.2.8/lib/active_record/fixtures.rb:579:in `each'
    /usr/local/rvm/gems/ruby-1.9.3-p194/gems/activerecord-3.2.8/lib/active_record/fixtures.rb:579:in `map'
    /usr/local/rvm/gems/ruby-1.9.3-p194/gems/activerecord-3.2.8/lib/active_record/fixtures.rb:579:in `table_rows'
    /usr/local/rvm/gems/ruby-1.9.3-p194/gems/activerecord-3.2.8/lib/active_record/fixtures.rb:494:in `block (3 levels) in create_fixtures'
    /usr/local/rvm/gems/ruby-1.9.3-p194/gems/activerecord-3.2.8/lib/active_record/fixtures.rb:492:in `each'
    /usr/local/rvm/gems/ruby-1.9.3-p194/gems/activerecord-3.2.8/lib/active_record/fixtures.rb:492:in `block (2 levels) in create_fixtures'
    /usr/local/rvm/gems/ruby-1.9.3-p194/gems/activerecord-3.2.8/lib/active_record/connection_adapters/abstract/database_statements.rb:192:in `transaction'
    /usr/local/rvm/gems/ruby-1.9.3-p194/gems/activerecord-3.2.8/lib/active_record/fixtures.rb:491:in `block in create_fixtures'
    /usr/local/rvm/gems/ruby-1.9.3-p194/gems/activerecord-3.2.8/lib/active_record/connection_adapters/abstract_adapter.rb:168:in `disable_referential_integrity'
    /usr/local/rvm/gems/ruby-1.9.3-p194/gems/activerecord-3.2.8/lib/active_record/fixtures.rb:476:in `create_fixtures'
    /usr/local/rvm/gems/ruby-1.9.3-p194/gems/activerecord-3.2.8/lib/active_record/fixtures.rb:895:in `load_fixtures'
    /usr/local/rvm/gems/ruby-1.9.3-p194/gems/activerecord-3.2.8/lib/active_record/fixtures.rb:849:in `setup_fixtures'
    /usr/local/rvm/gems/ruby-1.9.3-p194/gems/activesupport-3.2.8/lib/active_support/callbacks.rb:429:in `_run__429592810__setup__677662887__callbacks'
    /usr/local/rvm/gems/ruby-1.9.3-p194/gems/activesupport-3.2.8/lib/active_support/callbacks.rb:405:in `__run_callback'
    /usr/local/rvm/gems/ruby-1.9.3-p194/gems/activesupport-3.2.8/lib/active_support/callbacks.rb:385:in `_run_setup_callbacks'
    /usr/local/rvm/gems/ruby-1.9.3-p194/gems/activesupport-3.2.8/lib/active_support/callbacks.rb:81:in `run_callbacks'
    /usr/local/rvm/gems/ruby-1.9.3-p194/gems/activesupport-3.2.8/lib/active_support/testing/setup_and_teardown.rb:35:in `run'

  6) Error:
test_should_show_micropost(MicropostsControllerTest):
ActiveRecord::StatementInvalid: Could not find table 'users'
    /usr/local/rvm/gems/ruby-1.9.3-p194/gems/activerecord-3.2.8/lib/active_record/connection_adapters/sqlite_adapter.rb:472:in `table_structure'
    /usr/local/rvm/gems/ruby-1.9.3-p194/gems/activerecord-3.2.8/lib/active_record/connection_adapters/sqlite_adapter.rb:346:in `columns'
    /usr/local/rvm/gems/ruby-1.9.3-p194/gems/activerecord-3.2.8/lib/active_record/fixtures.rb:660:in `column_names'
    /usr/local/rvm/gems/ruby-1.9.3-p194/gems/activerecord-3.2.8/lib/active_record/fixtures.rb:652:in `timestamp_column_names'
    /usr/local/rvm/gems/ruby-1.9.3-p194/gems/activerecord-3.2.8/lib/active_record/fixtures.rb:585:in `block in table_rows'
    /usr/local/rvm/gems/ruby-1.9.3-p194/gems/activerecord-3.2.8/lib/active_record/fixtures.rb:579:in `each'
    /usr/local/rvm/gems/ruby-1.9.3-p194/gems/activerecord-3.2.8/lib/active_record/fixtures.rb:579:in `map'
    /usr/local/rvm/gems/ruby-1.9.3-p194/gems/activerecord-3.2.8/lib/active_record/fixtures.rb:579:in `table_rows'
    /usr/local/rvm/gems/ruby-1.9.3-p194/gems/activerecord-3.2.8/lib/active_record/fixtures.rb:494:in `block (3 levels) in create_fixtures'
    /usr/local/rvm/gems/ruby-1.9.3-p194/gems/activerecord-3.2.8/lib/active_record/fixtures.rb:492:in `each'
    /usr/local/rvm/gems/ruby-1.9.3-p194/gems/activerecord-3.2.8/lib/active_record/fixtures.rb:492:in `block (2 levels) in create_fixtures'
    /usr/local/rvm/gems/ruby-1.9.3-p194/gems/activerecord-3.2.8/lib/active_record/connection_adapters/abstract/database_statements.rb:192:in `transaction'
    /usr/local/rvm/gems/ruby-1.9.3-p194/gems/activerecord-3.2.8/lib/active_record/fixtures.rb:491:in `block in create_fixtures'
    /usr/local/rvm/gems/ruby-1.9.3-p194/gems/activerecord-3.2.8/lib/active_record/connection_adapters/abstract_adapter.rb:168:in `disable_referential_integrity'
    /usr/local/rvm/gems/ruby-1.9.3-p194/gems/activerecord-3.2.8/lib/active_record/fixtures.rb:476:in `create_fixtures'
    /usr/local/rvm/gems/ruby-1.9.3-p194/gems/activerecord-3.2.8/lib/active_record/fixtures.rb:895:in `load_fixtures'
    /usr/local/rvm/gems/ruby-1.9.3-p194/gems/activerecord-3.2.8/lib/active_record/fixtures.rb:849:in `setup_fixtures'
    /usr/local/rvm/gems/ruby-1.9.3-p194/gems/activesupport-3.2.8/lib/active_support/callbacks.rb:429:in `_run__429592810__setup__677662887__callbacks'
    /usr/local/rvm/gems/ruby-1.9.3-p194/gems/activesupport-3.2.8/lib/active_support/callbacks.rb:405:in `__run_callback'
    /usr/local/rvm/gems/ruby-1.9.3-p194/gems/activesupport-3.2.8/lib/active_support/callbacks.rb:385:in `_run_setup_callbacks'
    /usr/local/rvm/gems/ruby-1.9.3-p194/gems/activesupport-3.2.8/lib/active_support/callbacks.rb:81:in `run_callbacks'
    /usr/local/rvm/gems/ruby-1.9.3-p194/gems/activesupport-3.2.8/lib/active_support/testing/setup_and_teardown.rb:35:in `run'

  7) Error:
test_should_update_micropost(MicropostsControllerTest):
ActiveRecord::StatementInvalid: Could not find table 'users'
    /usr/local/rvm/gems/ruby-1.9.3-p194/gems/activerecord-3.2.8/lib/active_record/connection_adapters/sqlite_adapter.rb:472:in `table_structure'
    /usr/local/rvm/gems/ruby-1.9.3-p194/gems/activerecord-3.2.8/lib/active_record/connection_adapters/sqlite_adapter.rb:346:in `columns'
    /usr/local/rvm/gems/ruby-1.9.3-p194/gems/activerecord-3.2.8/lib/active_record/fixtures.rb:660:in `column_names'
    /usr/local/rvm/gems/ruby-1.9.3-p194/gems/activerecord-3.2.8/lib/active_record/fixtures.rb:652:in `timestamp_column_names'
    /usr/local/rvm/gems/ruby-1.9.3-p194/gems/activerecord-3.2.8/lib/active_record/fixtures.rb:585:in `block in table_rows'
    /usr/local/rvm/gems/ruby-1.9.3-p194/gems/activerecord-3.2.8/lib/active_record/fixtures.rb:579:in `each'
    /usr/local/rvm/gems/ruby-1.9.3-p194/gems/activerecord-3.2.8/lib/active_record/fixtures.rb:579:in `map'
    /usr/local/rvm/gems/ruby-1.9.3-p194/gems/activerecord-3.2.8/lib/active_record/fixtures.rb:579:in `table_rows'
    /usr/local/rvm/gems/ruby-1.9.3-p194/gems/activerecord-3.2.8/lib/active_record/fixtures.rb:494:in `block (3 levels) in create_fixtures'
    /usr/local/rvm/gems/ruby-1.9.3-p194/gems/activerecord-3.2.8/lib/active_record/fixtures.rb:492:in `each'
    /usr/local/rvm/gems/ruby-1.9.3-p194/gems/activerecord-3.2.8/lib/active_record/fixtures.rb:492:in `block (2 levels) in create_fixtures'
    /usr/local/rvm/gems/ruby-1.9.3-p194/gems/activerecord-3.2.8/lib/active_record/connection_adapters/abstract/database_statements.rb:192:in `transaction'
    /usr/local/rvm/gems/ruby-1.9.3-p194/gems/activerecord-3.2.8/lib/active_record/fixtures.rb:491:in `block in create_fixtures'
    /usr/local/rvm/gems/ruby-1.9.3-p194/gems/activerecord-3.2.8/lib/active_record/connection_adapters/abstract_adapter.rb:168:in `disable_referential_integrity'
    /usr/local/rvm/gems/ruby-1.9.3-p194/gems/activerecord-3.2.8/lib/active_record/fixtures.rb:476:in `create_fixtures'
    /usr/local/rvm/gems/ruby-1.9.3-p194/gems/activerecord-3.2.8/lib/active_record/fixtures.rb:895:in `load_fixtures'
    /usr/local/rvm/gems/ruby-1.9.3-p194/gems/activerecord-3.2.8/lib/active_record/fixtures.rb:849:in `setup_fixtures'
    /usr/local/rvm/gems/ruby-1.9.3-p194/gems/activesupport-3.2.8/lib/active_support/callbacks.rb:429:in `_run__429592810__setup__677662887__callbacks'
    /usr/local/rvm/gems/ruby-1.9.3-p194/gems/activesupport-3.2.8/lib/active_support/callbacks.rb:405:in `__run_callback'
    /usr/local/rvm/gems/ruby-1.9.3-p194/gems/activesupport-3.2.8/lib/active_support/callbacks.rb:385:in `_run_setup_callbacks'
    /usr/local/rvm/gems/ruby-1.9.3-p194/gems/activesupport-3.2.8/lib/active_support/callbacks.rb:81:in `run_callbacks'
    /usr/local/rvm/gems/ruby-1.9.3-p194/gems/activesupport-3.2.8/lib/active_support/testing/setup_and_teardown.rb:35:in `run'

7 tests, 0 assertions, 0 failures, 7 errors, 0 skips
Run options: -n "/^(test_should_create_user|test_should_destroy_user|test_should_get_edit|test_should_get_index|test_should_get_new|test_should_show_user|test_should_update_user)$/"

# Running tests:

EEEEEEE

Finished tests in 0.104674s, 66.8745 tests/s, 0.0000 assertions/s.

  1) Error:
test_should_create_user(UsersControllerTest):
ActiveRecord::StatementInvalid: Could not find table 'users'
    /usr/local/rvm/gems/ruby-1.9.3-p194/gems/activerecord-3.2.8/lib/active_record/connection_adapters/sqlite_adapter.rb:472:in `table_structure'
    /usr/local/rvm/gems/ruby-1.9.3-p194/gems/activerecord-3.2.8/lib/active_record/connection_adapters/sqlite_adapter.rb:346:in `columns'
    /usr/local/rvm/gems/ruby-1.9.3-p194/gems/activerecord-3.2.8/lib/active_record/fixtures.rb:660:in `column_names'
    /usr/local/rvm/gems/ruby-1.9.3-p194/gems/activerecord-3.2.8/lib/active_record/fixtures.rb:652:in `timestamp_column_names'
    /usr/local/rvm/gems/ruby-1.9.3-p194/gems/activerecord-3.2.8/lib/active_record/fixtures.rb:585:in `block in table_rows'
    /usr/local/rvm/gems/ruby-1.9.3-p194/gems/activerecord-3.2.8/lib/active_record/fixtures.rb:579:in `each'
    /usr/local/rvm/gems/ruby-1.9.3-p194/gems/activerecord-3.2.8/lib/active_record/fixtures.rb:579:in `map'
    /usr/local/rvm/gems/ruby-1.9.3-p194/gems/activerecord-3.2.8/lib/active_record/fixtures.rb:579:in `table_rows'
    /usr/local/rvm/gems/ruby-1.9.3-p194/gems/activerecord-3.2.8/lib/active_record/fixtures.rb:494:in `block (3 levels) in create_fixtures'
    /usr/local/rvm/gems/ruby-1.9.3-p194/gems/activerecord-3.2.8/lib/active_record/fixtures.rb:492:in `each'
    /usr/local/rvm/gems/ruby-1.9.3-p194/gems/activerecord-3.2.8/lib/active_record/fixtures.rb:492:in `block (2 levels) in create_fixtures'
    /usr/local/rvm/gems/ruby-1.9.3-p194/gems/activerecord-3.2.8/lib/active_record/connection_adapters/abstract/database_statements.rb:192:in `transaction'
    /usr/local/rvm/gems/ruby-1.9.3-p194/gems/activerecord-3.2.8/lib/active_record/fixtures.rb:491:in `block in create_fixtures'
    /usr/local/rvm/gems/ruby-1.9.3-p194/gems/activerecord-3.2.8/lib/active_record/connection_adapters/abstract_adapter.rb:168:in `disable_referential_integrity'
    /usr/local/rvm/gems/ruby-1.9.3-p194/gems/activerecord-3.2.8/lib/active_record/fixtures.rb:476:in `create_fixtures'
    /usr/local/rvm/gems/ruby-1.9.3-p194/gems/activerecord-3.2.8/lib/active_record/fixtures.rb:895:in `load_fixtures'
    /usr/local/rvm/gems/ruby-1.9.3-p194/gems/activerecord-3.2.8/lib/active_record/fixtures.rb:849:in `setup_fixtures'
    /usr/local/rvm/gems/ruby-1.9.3-p194/gems/activesupport-3.2.8/lib/active_support/callbacks.rb:429:in `_run__936330245__setup__354682202__callbacks'
    /usr/local/rvm/gems/ruby-1.9.3-p194/gems/activesupport-3.2.8/lib/active_support/callbacks.rb:405:in `__run_callback'
    /usr/local/rvm/gems/ruby-1.9.3-p194/gems/activesupport-3.2.8/lib/active_support/callbacks.rb:385:in `_run_setup_callbacks'
    /usr/local/rvm/gems/ruby-1.9.3-p194/gems/activesupport-3.2.8/lib/active_support/callbacks.rb:81:in `run_callbacks'
    /usr/local/rvm/gems/ruby-1.9.3-p194/gems/activesupport-3.2.8/lib/active_support/testing/setup_and_teardown.rb:35:in `run'

  2) Error:
test_should_destroy_user(UsersControllerTest):
ActiveRecord::StatementInvalid: Could not find table 'users'
    /usr/local/rvm/gems/ruby-1.9.3-p194/gems/activerecord-3.2.8/lib/active_record/connection_adapters/sqlite_adapter.rb:472:in `table_structure'
    /usr/local/rvm/gems/ruby-1.9.3-p194/gems/activerecord-3.2.8/lib/active_record/connection_adapters/sqlite_adapter.rb:346:in `columns'
    /usr/local/rvm/gems/ruby-1.9.3-p194/gems/activerecord-3.2.8/lib/active_record/fixtures.rb:660:in `column_names'
    /usr/local/rvm/gems/ruby-1.9.3-p194/gems/activerecord-3.2.8/lib/active_record/fixtures.rb:652:in `timestamp_column_names'
    /usr/local/rvm/gems/ruby-1.9.3-p194/gems/activerecord-3.2.8/lib/active_record/fixtures.rb:585:in `block in table_rows'
    /usr/local/rvm/gems/ruby-1.9.3-p194/gems/activerecord-3.2.8/lib/active_record/fixtures.rb:579:in `each'
    /usr/local/rvm/gems/ruby-1.9.3-p194/gems/activerecord-3.2.8/lib/active_record/fixtures.rb:579:in `map'
    /usr/local/rvm/gems/ruby-1.9.3-p194/gems/activerecord-3.2.8/lib/active_record/fixtures.rb:579:in `table_rows'
    /usr/local/rvm/gems/ruby-1.9.3-p194/gems/activerecord-3.2.8/lib/active_record/fixtures.rb:494:in `block (3 levels) in create_fixtures'
    /usr/local/rvm/gems/ruby-1.9.3-p194/gems/activerecord-3.2.8/lib/active_record/fixtures.rb:492:in `each'
    /usr/local/rvm/gems/ruby-1.9.3-p194/gems/activerecord-3.2.8/lib/active_record/fixtures.rb:492:in `block (2 levels) in create_fixtures'
    /usr/local/rvm/gems/ruby-1.9.3-p194/gems/activerecord-3.2.8/lib/active_record/connection_adapters/abstract/database_statements.rb:192:in `transaction'
    /usr/local/rvm/gems/ruby-1.9.3-p194/gems/activerecord-3.2.8/lib/active_record/fixtures.rb:491:in `block in create_fixtures'
    /usr/local/rvm/gems/ruby-1.9.3-p194/gems/activerecord-3.2.8/lib/active_record/connection_adapters/abstract_adapter.rb:168:in `disable_referential_integrity'
    /usr/local/rvm/gems/ruby-1.9.3-p194/gems/activerecord-3.2.8/lib/active_record/fixtures.rb:476:in `create_fixtures'
    /usr/local/rvm/gems/ruby-1.9.3-p194/gems/activerecord-3.2.8/lib/active_record/fixtures.rb:895:in `load_fixtures'
    /usr/local/rvm/gems/ruby-1.9.3-p194/gems/activerecord-3.2.8/lib/active_record/fixtures.rb:849:in `setup_fixtures'
    /usr/local/rvm/gems/ruby-1.9.3-p194/gems/activesupport-3.2.8/lib/active_support/callbacks.rb:429:in `_run__936330245__setup__354682202__callbacks'
    /usr/local/rvm/gems/ruby-1.9.3-p194/gems/activesupport-3.2.8/lib/active_support/callbacks.rb:405:in `__run_callback'
    /usr/local/rvm/gems/ruby-1.9.3-p194/gems/activesupport-3.2.8/lib/active_support/callbacks.rb:385:in `_run_setup_callbacks'
    /usr/local/rvm/gems/ruby-1.9.3-p194/gems/activesupport-3.2.8/lib/active_support/callbacks.rb:81:in `run_callbacks'
    /usr/local/rvm/gems/ruby-1.9.3-p194/gems/activesupport-3.2.8/lib/active_support/testing/setup_and_teardown.rb:35:in `run'

  3) Error:
test_should_get_edit(UsersControllerTest):
ActiveRecord::StatementInvalid: Could not find table 'users'
    /usr/local/rvm/gems/ruby-1.9.3-p194/gems/activerecord-3.2.8/lib/active_record/connection_adapters/sqlite_adapter.rb:472:in `table_structure'
    /usr/local/rvm/gems/ruby-1.9.3-p194/gems/activerecord-3.2.8/lib/active_record/connection_adapters/sqlite_adapter.rb:346:in `columns'
    /usr/local/rvm/gems/ruby-1.9.3-p194/gems/activerecord-3.2.8/lib/active_record/fixtures.rb:660:in `column_names'
    /usr/local/rvm/gems/ruby-1.9.3-p194/gems/activerecord-3.2.8/lib/active_record/fixtures.rb:652:in `timestamp_column_names'
    /usr/local/rvm/gems/ruby-1.9.3-p194/gems/activerecord-3.2.8/lib/active_record/fixtures.rb:585:in `block in table_rows'
    /usr/local/rvm/gems/ruby-1.9.3-p194/gems/activerecord-3.2.8/lib/active_record/fixtures.rb:579:in `each'
    /usr/local/rvm/gems/ruby-1.9.3-p194/gems/activerecord-3.2.8/lib/active_record/fixtures.rb:579:in `map'
    /usr/local/rvm/gems/ruby-1.9.3-p194/gems/activerecord-3.2.8/lib/active_record/fixtures.rb:579:in `table_rows'
    /usr/local/rvm/gems/ruby-1.9.3-p194/gems/activerecord-3.2.8/lib/active_record/fixtures.rb:494:in `block (3 levels) in create_fixtures'
    /usr/local/rvm/gems/ruby-1.9.3-p194/gems/activerecord-3.2.8/lib/active_record/fixtures.rb:492:in `each'
    /usr/local/rvm/gems/ruby-1.9.3-p194/gems/activerecord-3.2.8/lib/active_record/fixtures.rb:492:in `block (2 levels) in create_fixtures'
    /usr/local/rvm/gems/ruby-1.9.3-p194/gems/activerecord-3.2.8/lib/active_record/connection_adapters/abstract/database_statements.rb:192:in `transaction'
    /usr/local/rvm/gems/ruby-1.9.3-p194/gems/activerecord-3.2.8/lib/active_record/fixtures.rb:491:in `block in create_fixtures'
    /usr/local/rvm/gems/ruby-1.9.3-p194/gems/activerecord-3.2.8/lib/active_record/connection_adapters/abstract_adapter.rb:168:in `disable_referential_integrity'
    /usr/local/rvm/gems/ruby-1.9.3-p194/gems/activerecord-3.2.8/lib/active_record/fixtures.rb:476:in `create_fixtures'
    /usr/local/rvm/gems/ruby-1.9.3-p194/gems/activerecord-3.2.8/lib/active_record/fixtures.rb:895:in `load_fixtures'
    /usr/local/rvm/gems/ruby-1.9.3-p194/gems/activerecord-3.2.8/lib/active_record/fixtures.rb:849:in `setup_fixtures'
    /usr/local/rvm/gems/ruby-1.9.3-p194/gems/activesupport-3.2.8/lib/active_support/callbacks.rb:429:in `_run__936330245__setup__354682202__callbacks'
    /usr/local/rvm/gems/ruby-1.9.3-p194/gems/activesupport-3.2.8/lib/active_support/callbacks.rb:405:in `__run_callback'
    /usr/local/rvm/gems/ruby-1.9.3-p194/gems/activesupport-3.2.8/lib/active_support/callbacks.rb:385:in `_run_setup_callbacks'
    /usr/local/rvm/gems/ruby-1.9.3-p194/gems/activesupport-3.2.8/lib/active_support/callbacks.rb:81:in `run_callbacks'
    /usr/local/rvm/gems/ruby-1.9.3-p194/gems/activesupport-3.2.8/lib/active_support/testing/setup_and_teardown.rb:35:in `run'

  4) Error:
test_should_get_index(UsersControllerTest):
ActiveRecord::StatementInvalid: Could not find table 'users'
    /usr/local/rvm/gems/ruby-1.9.3-p194/gems/activerecord-3.2.8/lib/active_record/connection_adapters/sqlite_adapter.rb:472:in `table_structure'
    /usr/local/rvm/gems/ruby-1.9.3-p194/gems/activerecord-3.2.8/lib/active_record/connection_adapters/sqlite_adapter.rb:346:in `columns'
    /usr/local/rvm/gems/ruby-1.9.3-p194/gems/activerecord-3.2.8/lib/active_record/fixtures.rb:660:in `column_names'
    /usr/local/rvm/gems/ruby-1.9.3-p194/gems/activerecord-3.2.8/lib/active_record/fixtures.rb:652:in `timestamp_column_names'
    /usr/local/rvm/gems/ruby-1.9.3-p194/gems/activerecord-3.2.8/lib/active_record/fixtures.rb:585:in `block in table_rows'
    /usr/local/rvm/gems/ruby-1.9.3-p194/gems/activerecord-3.2.8/lib/active_record/fixtures.rb:579:in `each'
    /usr/local/rvm/gems/ruby-1.9.3-p194/gems/activerecord-3.2.8/lib/active_record/fixtures.rb:579:in `map'
    /usr/local/rvm/gems/ruby-1.9.3-p194/gems/activerecord-3.2.8/lib/active_record/fixtures.rb:579:in `table_rows'
    /usr/local/rvm/gems/ruby-1.9.3-p194/gems/activerecord-3.2.8/lib/active_record/fixtures.rb:494:in `block (3 levels) in create_fixtures'
    /usr/local/rvm/gems/ruby-1.9.3-p194/gems/activerecord-3.2.8/lib/active_record/fixtures.rb:492:in `each'
    /usr/local/rvm/gems/ruby-1.9.3-p194/gems/activerecord-3.2.8/lib/active_record/fixtures.rb:492:in `block (2 levels) in create_fixtures'
    /usr/local/rvm/gems/ruby-1.9.3-p194/gems/activerecord-3.2.8/lib/active_record/connection_adapters/abstract/database_statements.rb:192:in `transaction'
    /usr/local/rvm/gems/ruby-1.9.3-p194/gems/activerecord-3.2.8/lib/active_record/fixtures.rb:491:in `block in create_fixtures'
    /usr/local/rvm/gems/ruby-1.9.3-p194/gems/activerecord-3.2.8/lib/active_record/connection_adapters/abstract_adapter.rb:168:in `disable_referential_integrity'
    /usr/local/rvm/gems/ruby-1.9.3-p194/gems/activerecord-3.2.8/lib/active_record/fixtures.rb:476:in `create_fixtures'
    /usr/local/rvm/gems/ruby-1.9.3-p194/gems/activerecord-3.2.8/lib/active_record/fixtures.rb:895:in `load_fixtures'
    /usr/local/rvm/gems/ruby-1.9.3-p194/gems/activerecord-3.2.8/lib/active_record/fixtures.rb:849:in `setup_fixtures'
    /usr/local/rvm/gems/ruby-1.9.3-p194/gems/activesupport-3.2.8/lib/active_support/callbacks.rb:429:in `_run__936330245__setup__354682202__callbacks'
    /usr/local/rvm/gems/ruby-1.9.3-p194/gems/activesupport-3.2.8/lib/active_support/callbacks.rb:405:in `__run_callback'
    /usr/local/rvm/gems/ruby-1.9.3-p194/gems/activesupport-3.2.8/lib/active_support/callbacks.rb:385:in `_run_setup_callbacks'
    /usr/local/rvm/gems/ruby-1.9.3-p194/gems/activesupport-3.2.8/lib/active_support/callbacks.rb:81:in `run_callbacks'
    /usr/local/rvm/gems/ruby-1.9.3-p194/gems/activesupport-3.2.8/lib/active_support/testing/setup_and_teardown.rb:35:in `run'

  5) Error:
test_should_get_new(UsersControllerTest):
ActiveRecord::StatementInvalid: Could not find table 'users'
    /usr/local/rvm/gems/ruby-1.9.3-p194/gems/activerecord-3.2.8/lib/active_record/connection_adapters/sqlite_adapter.rb:472:in `table_structure'
    /usr/local/rvm/gems/ruby-1.9.3-p194/gems/activerecord-3.2.8/lib/active_record/connection_adapters/sqlite_adapter.rb:346:in `columns'
    /usr/local/rvm/gems/ruby-1.9.3-p194/gems/activerecord-3.2.8/lib/active_record/fixtures.rb:660:in `column_names'
    /usr/local/rvm/gems/ruby-1.9.3-p194/gems/activerecord-3.2.8/lib/active_record/fixtures.rb:652:in `timestamp_column_names'
    /usr/local/rvm/gems/ruby-1.9.3-p194/gems/activerecord-3.2.8/lib/active_record/fixtures.rb:585:in `block in table_rows'
    /usr/local/rvm/gems/ruby-1.9.3-p194/gems/activerecord-3.2.8/lib/active_record/fixtures.rb:579:in `each'
    /usr/local/rvm/gems/ruby-1.9.3-p194/gems/activerecord-3.2.8/lib/active_record/fixtures.rb:579:in `map'
    /usr/local/rvm/gems/ruby-1.9.3-p194/gems/activerecord-3.2.8/lib/active_record/fixtures.rb:579:in `table_rows'
    /usr/local/rvm/gems/ruby-1.9.3-p194/gems/activerecord-3.2.8/lib/active_record/fixtures.rb:494:in `block (3 levels) in create_fixtures'
    /usr/local/rvm/gems/ruby-1.9.3-p194/gems/activerecord-3.2.8/lib/active_record/fixtures.rb:492:in `each'
    /usr/local/rvm/gems/ruby-1.9.3-p194/gems/activerecord-3.2.8/lib/active_record/fixtures.rb:492:in `block (2 levels) in create_fixtures'
    /usr/local/rvm/gems/ruby-1.9.3-p194/gems/activerecord-3.2.8/lib/active_record/connection_adapters/abstract/database_statements.rb:192:in `transaction'
    /usr/local/rvm/gems/ruby-1.9.3-p194/gems/activerecord-3.2.8/lib/active_record/fixtures.rb:491:in `block in create_fixtures'
    /usr/local/rvm/gems/ruby-1.9.3-p194/gems/activerecord-3.2.8/lib/active_record/connection_adapters/abstract_adapter.rb:168:in `disable_referential_integrity'
    /usr/local/rvm/gems/ruby-1.9.3-p194/gems/activerecord-3.2.8/lib/active_record/fixtures.rb:476:in `create_fixtures'
    /usr/local/rvm/gems/ruby-1.9.3-p194/gems/activerecord-3.2.8/lib/active_record/fixtures.rb:895:in `load_fixtures'
    /usr/local/rvm/gems/ruby-1.9.3-p194/gems/activerecord-3.2.8/lib/active_record/fixtures.rb:849:in `setup_fixtures'
    /usr/local/rvm/gems/ruby-1.9.3-p194/gems/activesupport-3.2.8/lib/active_support/callbacks.rb:429:in `_run__936330245__setup__354682202__callbacks'
    /usr/local/rvm/gems/ruby-1.9.3-p194/gems/activesupport-3.2.8/lib/active_support/callbacks.rb:405:in `__run_callback'
    /usr/local/rvm/gems/ruby-1.9.3-p194/gems/activesupport-3.2.8/lib/active_support/callbacks.rb:385:in `_run_setup_callbacks'
    /usr/local/rvm/gems/ruby-1.9.3-p194/gems/activesupport-3.2.8/lib/active_support/callbacks.rb:81:in `run_callbacks'
    /usr/local/rvm/gems/ruby-1.9.3-p194/gems/activesupport-3.2.8/lib/active_support/testing/setup_and_teardown.rb:35:in `run'

  6) Error:
test_should_show_user(UsersControllerTest):
ActiveRecord::StatementInvalid: Could not find table 'users'
    /usr/local/rvm/gems/ruby-1.9.3-p194/gems/activerecord-3.2.8/lib/active_record/connection_adapters/sqlite_adapter.rb:472:in `table_structure'
    /usr/local/rvm/gems/ruby-1.9.3-p194/gems/activerecord-3.2.8/lib/active_record/connection_adapters/sqlite_adapter.rb:346:in `columns'
    /usr/local/rvm/gems/ruby-1.9.3-p194/gems/activerecord-3.2.8/lib/active_record/fixtures.rb:660:in `column_names'
    /usr/local/rvm/gems/ruby-1.9.3-p194/gems/activerecord-3.2.8/lib/active_record/fixtures.rb:652:in `timestamp_column_names'
    /usr/local/rvm/gems/ruby-1.9.3-p194/gems/activerecord-3.2.8/lib/active_record/fixtures.rb:585:in `block in table_rows'
    /usr/local/rvm/gems/ruby-1.9.3-p194/gems/activerecord-3.2.8/lib/active_record/fixtures.rb:579:in `each'
    /usr/local/rvm/gems/ruby-1.9.3-p194/gems/activerecord-3.2.8/lib/active_record/fixtures.rb:579:in `map'
    /usr/local/rvm/gems/ruby-1.9.3-p194/gems/activerecord-3.2.8/lib/active_record/fixtures.rb:579:in `table_rows'
    /usr/local/rvm/gems/ruby-1.9.3-p194/gems/activerecord-3.2.8/lib/active_record/fixtures.rb:494:in `block (3 levels) in create_fixtures'
    /usr/local/rvm/gems/ruby-1.9.3-p194/gems/activerecord-3.2.8/lib/active_record/fixtures.rb:492:in `each'
    /usr/local/rvm/gems/ruby-1.9.3-p194/gems/activerecord-3.2.8/lib/active_record/fixtures.rb:492:in `block (2 levels) in create_fixtures'
    /usr/local/rvm/gems/ruby-1.9.3-p194/gems/activerecord-3.2.8/lib/active_record/connection_adapters/abstract/database_statements.rb:192:in `transaction'
    /usr/local/rvm/gems/ruby-1.9.3-p194/gems/activerecord-3.2.8/lib/active_record/fixtures.rb:491:in `block in create_fixtures'
    /usr/local/rvm/gems/ruby-1.9.3-p194/gems/activerecord-3.2.8/lib/active_record/connection_adapters/abstract_adapter.rb:168:in `disable_referential_integrity'
    /usr/local/rvm/gems/ruby-1.9.3-p194/gems/activerecord-3.2.8/lib/active_record/fixtures.rb:476:in `create_fixtures'
    /usr/local/rvm/gems/ruby-1.9.3-p194/gems/activerecord-3.2.8/lib/active_record/fixtures.rb:895:in `load_fixtures'
    /usr/local/rvm/gems/ruby-1.9.3-p194/gems/activerecord-3.2.8/lib/active_record/fixtures.rb:849:in `setup_fixtures'
    /usr/local/rvm/gems/ruby-1.9.3-p194/gems/activesupport-3.2.8/lib/active_support/callbacks.rb:429:in `_run__936330245__setup__354682202__callbacks'
    /usr/local/rvm/gems/ruby-1.9.3-p194/gems/activesupport-3.2.8/lib/active_support/callbacks.rb:405:in `__run_callback'
    /usr/local/rvm/gems/ruby-1.9.3-p194/gems/activesupport-3.2.8/lib/active_support/callbacks.rb:385:in `_run_setup_callbacks'
    /usr/local/rvm/gems/ruby-1.9.3-p194/gems/activesupport-3.2.8/lib/active_support/callbacks.rb:81:in `run_callbacks'
    /usr/local/rvm/gems/ruby-1.9.3-p194/gems/activesupport-3.2.8/lib/active_support/testing/setup_and_teardown.rb:35:in `run'

  7) Error:
test_should_update_user(UsersControllerTest):
ActiveRecord::StatementInvalid: Could not find table 'users'
    /usr/local/rvm/gems/ruby-1.9.3-p194/gems/activerecord-3.2.8/lib/active_record/connection_adapters/sqlite_adapter.rb:472:in `table_structure'
    /usr/local/rvm/gems/ruby-1.9.3-p194/gems/activerecord-3.2.8/lib/active_record/connection_adapters/sqlite_adapter.rb:346:in `columns'
    /usr/local/rvm/gems/ruby-1.9.3-p194/gems/activerecord-3.2.8/lib/active_record/fixtures.rb:660:in `column_names'
    /usr/local/rvm/gems/ruby-1.9.3-p194/gems/activerecord-3.2.8/lib/active_record/fixtures.rb:652:in `timestamp_column_names'
    /usr/local/rvm/gems/ruby-1.9.3-p194/gems/activerecord-3.2.8/lib/active_record/fixtures.rb:585:in `block in table_rows'
    /usr/local/rvm/gems/ruby-1.9.3-p194/gems/activerecord-3.2.8/lib/active_record/fixtures.rb:579:in `each'
    /usr/local/rvm/gems/ruby-1.9.3-p194/gems/activerecord-3.2.8/lib/active_record/fixtures.rb:579:in `map'
    /usr/local/rvm/gems/ruby-1.9.3-p194/gems/activerecord-3.2.8/lib/active_record/fixtures.rb:579:in `table_rows'
    /usr/local/rvm/gems/ruby-1.9.3-p194/gems/activerecord-3.2.8/lib/active_record/fixtures.rb:494:in `block (3 levels) in create_fixtures'
    /usr/local/rvm/gems/ruby-1.9.3-p194/gems/activerecord-3.2.8/lib/active_record/fixtures.rb:492:in `each'
    /usr/local/rvm/gems/ruby-1.9.3-p194/gems/activerecord-3.2.8/lib/active_record/fixtures.rb:492:in `block (2 levels) in create_fixtures'
    /usr/local/rvm/gems/ruby-1.9.3-p194/gems/activerecord-3.2.8/lib/active_record/connection_adapters/abstract/database_statements.rb:192:in `transaction'
    /usr/local/rvm/gems/ruby-1.9.3-p194/gems/activerecord-3.2.8/lib/active_record/fixtures.rb:491:in `block in create_fixtures'
    /usr/local/rvm/gems/ruby-1.9.3-p194/gems/activerecord-3.2.8/lib/active_record/connection_adapters/abstract_adapter.rb:168:in `disable_referential_integrity'
    /usr/local/rvm/gems/ruby-1.9.3-p194/gems/activerecord-3.2.8/lib/active_record/fixtures.rb:476:in `create_fixtures'
    /usr/local/rvm/gems/ruby-1.9.3-p194/gems/activerecord-3.2.8/lib/active_record/fixtures.rb:895:in `load_fixtures'
    /usr/local/rvm/gems/ruby-1.9.3-p194/gems/activerecord-3.2.8/lib/active_record/fixtures.rb:849:in `setup_fixtures'
    /usr/local/rvm/gems/ruby-1.9.3-p194/gems/activesupport-3.2.8/lib/active_support/callbacks.rb:429:in `_run__936330245__setup__354682202__callbacks'
    /usr/local/rvm/gems/ruby-1.9.3-p194/gems/activesupport-3.2.8/lib/active_support/callbacks.rb:405:in `__run_callback'
    /usr/local/rvm/gems/ruby-1.9.3-p194/gems/activesupport-3.2.8/lib/active_support/callbacks.rb:385:in `_run_setup_callbacks'
    /usr/local/rvm/gems/ruby-1.9.3-p194/gems/activesupport-3.2.8/lib/active_support/callbacks.rb:81:in `run_callbacks'
    /usr/local/rvm/gems/ruby-1.9.3-p194/gems/activesupport-3.2.8/lib/active_support/testing/setup_and_teardown.rb:35:in `run'

7 tests, 0 assertions, 0 failures, 7 errors, 0 skips
Run options: -n "/^(test_should_get_contact|test_should_get_home)$/"

# Running tests:

EE

Finished tests in 0.049946s, 40.0432 tests/s, 0.0000 assertions/s.

  1) Error:
test_should_get_contact(PagesControllerTest):
ActiveRecord::StatementInvalid: Could not find table 'users'
    /usr/local/rvm/gems/ruby-1.9.3-p194/gems/activerecord-3.2.8/lib/active_record/connection_adapters/sqlite_adapter.rb:472:in `table_structure'
    /usr/local/rvm/gems/ruby-1.9.3-p194/gems/activerecord-3.2.8/lib/active_record/connection_adapters/sqlite_adapter.rb:346:in `columns'
    /usr/local/rvm/gems/ruby-1.9.3-p194/gems/activerecord-3.2.8/lib/active_record/fixtures.rb:660:in `column_names'
    /usr/local/rvm/gems/ruby-1.9.3-p194/gems/activerecord-3.2.8/lib/active_record/fixtures.rb:652:in `timestamp_column_names'
    /usr/local/rvm/gems/ruby-1.9.3-p194/gems/activerecord-3.2.8/lib/active_record/fixtures.rb:585:in `block in table_rows'
    /usr/local/rvm/gems/ruby-1.9.3-p194/gems/activerecord-3.2.8/lib/active_record/fixtures.rb:579:in `each'
    /usr/local/rvm/gems/ruby-1.9.3-p194/gems/activerecord-3.2.8/lib/active_record/fixtures.rb:579:in `map'
    /usr/local/rvm/gems/ruby-1.9.3-p194/gems/activerecord-3.2.8/lib/active_record/fixtures.rb:579:in `table_rows'
    /usr/local/rvm/gems/ruby-1.9.3-p194/gems/activerecord-3.2.8/lib/active_record/fixtures.rb:494:in `block (3 levels) in create_fixtures'
    /usr/local/rvm/gems/ruby-1.9.3-p194/gems/activerecord-3.2.8/lib/active_record/fixtures.rb:492:in `each'
    /usr/local/rvm/gems/ruby-1.9.3-p194/gems/activerecord-3.2.8/lib/active_record/fixtures.rb:492:in `block (2 levels) in create_fixtures'
    /usr/local/rvm/gems/ruby-1.9.3-p194/gems/activerecord-3.2.8/lib/active_record/connection_adapters/abstract/database_statements.rb:192:in `transaction'
    /usr/local/rvm/gems/ruby-1.9.3-p194/gems/activerecord-3.2.8/lib/active_record/fixtures.rb:491:in `block in create_fixtures'
    /usr/local/rvm/gems/ruby-1.9.3-p194/gems/activerecord-3.2.8/lib/active_record/connection_adapters/abstract_adapter.rb:168:in `disable_referential_integrity'
    /usr/local/rvm/gems/ruby-1.9.3-p194/gems/activerecord-3.2.8/lib/active_record/fixtures.rb:476:in `create_fixtures'
    /usr/local/rvm/gems/ruby-1.9.3-p194/gems/activerecord-3.2.8/lib/active_record/fixtures.rb:895:in `load_fixtures'
    /usr/local/rvm/gems/ruby-1.9.3-p194/gems/activerecord-3.2.8/lib/active_record/fixtures.rb:849:in `setup_fixtures'
    /usr/local/rvm/gems/ruby-1.9.3-p194/gems/activesupport-3.2.8/lib/active_support/callbacks.rb:429:in `_run__257428134__setup__362504434__callbacks'
    /usr/local/rvm/gems/ruby-1.9.3-p194/gems/activesupport-3.2.8/lib/active_support/callbacks.rb:405:in `__run_callback'
    /usr/local/rvm/gems/ruby-1.9.3-p194/gems/activesupport-3.2.8/lib/active_support/callbacks.rb:385:in `_run_setup_callbacks'
    /usr/local/rvm/gems/ruby-1.9.3-p194/gems/activesupport-3.2.8/lib/active_support/callbacks.rb:81:in `run_callbacks'
    /usr/local/rvm/gems/ruby-1.9.3-p194/gems/activesupport-3.2.8/lib/active_support/testing/setup_and_teardown.rb:35:in `run'

  2) Error:
test_should_get_home(PagesControllerTest):
ActiveRecord::StatementInvalid: Could not find table 'users'
    /usr/local/rvm/gems/ruby-1.9.3-p194/gems/activerecord-3.2.8/lib/active_record/connection_adapters/sqlite_adapter.rb:472:in `table_structure'
    /usr/local/rvm/gems/ruby-1.9.3-p194/gems/activerecord-3.2.8/lib/active_record/connection_adapters/sqlite_adapter.rb:346:in `columns'
    /usr/local/rvm/gems/ruby-1.9.3-p194/gems/activerecord-3.2.8/lib/active_record/fixtures.rb:660:in `column_names'
    /usr/local/rvm/gems/ruby-1.9.3-p194/gems/activerecord-3.2.8/lib/active_record/fixtures.rb:652:in `timestamp_column_names'
    /usr/local/rvm/gems/ruby-1.9.3-p194/gems/activerecord-3.2.8/lib/active_record/fixtures.rb:585:in `block in table_rows'
    /usr/local/rvm/gems/ruby-1.9.3-p194/gems/activerecord-3.2.8/lib/active_record/fixtures.rb:579:in `each'
    /usr/local/rvm/gems/ruby-1.9.3-p194/gems/activerecord-3.2.8/lib/active_record/fixtures.rb:579:in `map'
    /usr/local/rvm/gems/ruby-1.9.3-p194/gems/activerecord-3.2.8/lib/active_record/fixtures.rb:579:in `table_rows'
    /usr/local/rvm/gems/ruby-1.9.3-p194/gems/activerecord-3.2.8/lib/active_record/fixtures.rb:494:in `block (3 levels) in create_fixtures'
    /usr/local/rvm/gems/ruby-1.9.3-p194/gems/activerecord-3.2.8/lib/active_record/fixtures.rb:492:in `each'
    /usr/local/rvm/gems/ruby-1.9.3-p194/gems/activerecord-3.2.8/lib/active_record/fixtures.rb:492:in `block (2 levels) in create_fixtures'
    /usr/local/rvm/gems/ruby-1.9.3-p194/gems/activerecord-3.2.8/lib/active_record/connection_adapters/abstract/database_statements.rb:192:in `transaction'
    /usr/local/rvm/gems/ruby-1.9.3-p194/gems/activerecord-3.2.8/lib/active_record/fixtures.rb:491:in `block in create_fixtures'
    /usr/local/rvm/gems/ruby-1.9.3-p194/gems/activerecord-3.2.8/lib/active_record/connection_adapters/abstract_adapter.rb:168:in `disable_referential_integrity'
    /usr/local/rvm/gems/ruby-1.9.3-p194/gems/activerecord-3.2.8/lib/active_record/fixtures.rb:476:in `create_fixtures'
    /usr/local/rvm/gems/ruby-1.9.3-p194/gems/activerecord-3.2.8/lib/active_record/fixtures.rb:895:in `load_fixtures'
    /usr/local/rvm/gems/ruby-1.9.3-p194/gems/activerecord-3.2.8/lib/active_record/fixtures.rb:849:in `setup_fixtures'
    /usr/local/rvm/gems/ruby-1.9.3-p194/gems/activesupport-3.2.8/lib/active_support/callbacks.rb:429:in `_run__257428134__setup__362504434__callbacks'
    /usr/local/rvm/gems/ruby-1.9.3-p194/gems/activesupport-3.2.8/lib/active_support/callbacks.rb:405:in `__run_callback'
    /usr/local/rvm/gems/ruby-1.9.3-p194/gems/activesupport-3.2.8/lib/active_support/callbacks.rb:385:in `_run_setup_callbacks'
    /usr/local/rvm/gems/ruby-1.9.3-p194/gems/activesupport-3.2.8/lib/active_support/callbacks.rb:81:in `run_callbacks'
    /usr/local/rvm/gems/ruby-1.9.3-p194/gems/activesupport-3.2.8/lib/active_support/testing/setup_and_teardown.rb:35:in `run'

2 tests, 0 assertions, 0 failures, 2 errors, 0 skips
/usr/local/rvm/rubies/ruby-1.9.3-p194/bin/ruby -I.:lib:test -rubygems test/functional/pages_controller_test.rb -n "/^(test_should_get_contact|test_should_get_home)$/"; /usr/local/rvm/rubies/ruby-1.9.3-p194/bin/ruby -I.:lib:test -rubygems test/functional/users_controller_test.rb -n "/^(test_should_create_user|test_should_destroy_user|test_should_get_edit|test_should_get_index|test_should_get_new|test_should_show_user|test_should_update_user)$/"; /usr/local/rvm/rubies/ruby-1.9.3-p194/bin/ruby -I.:lib:test -rubygems test/functional/microposts_controller_test.rb -n "/^(test_should_create_micropost|test_should_destroy_micropost|test_should_get_edit|test_should_get_index|test_should_get_new|test_should_show_micropost|test_should_update_micropost)$/"
Run options: -n "/^(test_should_get_contact|test_should_get_home)$/"

# Running tests:

EE

Finished tests in 0.049177s, 40.6690 tests/s, 0.0000 assertions/s.

  1) Error:
test_should_get_contact(PagesControllerTest):
ActiveRecord::StatementInvalid: Could not find table 'users'
    /usr/local/rvm/gems/ruby-1.9.3-p194/gems/activerecord-3.2.8/lib/active_record/connection_adapters/sqlite_adapter.rb:472:in `table_structure'
    /usr/local/rvm/gems/ruby-1.9.3-p194/gems/activerecord-3.2.8/lib/active_record/connection_adapters/sqlite_adapter.rb:346:in `columns'
    /usr/local/rvm/gems/ruby-1.9.3-p194/gems/activerecord-3.2.8/lib/active_record/fixtures.rb:660:in `column_names'
    /usr/local/rvm/gems/ruby-1.9.3-p194/gems/activerecord-3.2.8/lib/active_record/fixtures.rb:652:in `timestamp_column_names'
    /usr/local/rvm/gems/ruby-1.9.3-p194/gems/activerecord-3.2.8/lib/active_record/fixtures.rb:585:in `block in table_rows'
    /usr/local/rvm/gems/ruby-1.9.3-p194/gems/activerecord-3.2.8/lib/active_record/fixtures.rb:579:in `each'
    /usr/local/rvm/gems/ruby-1.9.3-p194/gems/activerecord-3.2.8/lib/active_record/fixtures.rb:579:in `map'
    /usr/local/rvm/gems/ruby-1.9.3-p194/gems/activerecord-3.2.8/lib/active_record/fixtures.rb:579:in `table_rows'
    /usr/local/rvm/gems/ruby-1.9.3-p194/gems/activerecord-3.2.8/lib/active_record/fixtures.rb:494:in `block (3 levels) in create_fixtures'
    /usr/local/rvm/gems/ruby-1.9.3-p194/gems/activerecord-3.2.8/lib/active_record/fixtures.rb:492:in `each'
    /usr/local/rvm/gems/ruby-1.9.3-p194/gems/activerecord-3.2.8/lib/active_record/fixtures.rb:492:in `block (2 levels) in create_fixtures'
    /usr/local/rvm/gems/ruby-1.9.3-p194/gems/activerecord-3.2.8/lib/active_record/connection_adapters/abstract/database_statements.rb:192:in `transaction'
    /usr/local/rvm/gems/ruby-1.9.3-p194/gems/activerecord-3.2.8/lib/active_record/fixtures.rb:491:in `block in create_fixtures'
    /usr/local/rvm/gems/ruby-1.9.3-p194/gems/activerecord-3.2.8/lib/active_record/connection_adapters/abstract_adapter.rb:168:in `disable_referential_integrity'
    /usr/local/rvm/gems/ruby-1.9.3-p194/gems/activerecord-3.2.8/lib/active_record/fixtures.rb:476:in `create_fixtures'
    /usr/local/rvm/gems/ruby-1.9.3-p194/gems/activerecord-3.2.8/lib/active_record/fixtures.rb:895:in `load_fixtures'
    /usr/local/rvm/gems/ruby-1.9.3-p194/gems/activerecord-3.2.8/lib/active_record/fixtures.rb:849:in `setup_fixtures'
    /usr/local/rvm/gems/ruby-1.9.3-p194/gems/activesupport-3.2.8/lib/active_support/callbacks.rb:429:in `_run__542855164__setup__42949064__callbacks'
    /usr/local/rvm/gems/ruby-1.9.3-p194/gems/activesupport-3.2.8/lib/active_support/callbacks.rb:405:in `__run_callback'
    /usr/local/rvm/gems/ruby-1.9.3-p194/gems/activesupport-3.2.8/lib/active_support/callbacks.rb:385:in `_run_setup_callbacks'
    /usr/local/rvm/gems/ruby-1.9.3-p194/gems/activesupport-3.2.8/lib/active_support/callbacks.rb:81:in `run_callbacks'
    /usr/local/rvm/gems/ruby-1.9.3-p194/gems/activesupport-3.2.8/lib/active_support/testing/setup_and_teardown.rb:35:in `run'

  2) Error:
test_should_get_home(PagesControllerTest):
ActiveRecord::StatementInvalid: Could not find table 'users'
    /usr/local/rvm/gems/ruby-1.9.3-p194/gems/activerecord-3.2.8/lib/active_record/connection_adapters/sqlite_adapter.rb:472:in `table_structure'
    /usr/local/rvm/gems/ruby-1.9.3-p194/gems/activerecord-3.2.8/lib/active_record/connection_adapters/sqlite_adapter.rb:346:in `columns'
    /usr/local/rvm/gems/ruby-1.9.3-p194/gems/activerecord-3.2.8/lib/active_record/fixtures.rb:660:in `column_names'
    /usr/local/rvm/gems/ruby-1.9.3-p194/gems/activerecord-3.2.8/lib/active_record/fixtures.rb:652:in `timestamp_column_names'
    /usr/local/rvm/gems/ruby-1.9.3-p194/gems/activerecord-3.2.8/lib/active_record/fixtures.rb:585:in `block in table_rows'
    /usr/local/rvm/gems/ruby-1.9.3-p194/gems/activerecord-3.2.8/lib/active_record/fixtures.rb:579:in `each'
    /usr/local/rvm/gems/ruby-1.9.3-p194/gems/activerecord-3.2.8/lib/active_record/fixtures.rb:579:in `map'
    /usr/local/rvm/gems/ruby-1.9.3-p194/gems/activerecord-3.2.8/lib/active_record/fixtures.rb:579:in `table_rows'
    /usr/local/rvm/gems/ruby-1.9.3-p194/gems/activerecord-3.2.8/lib/active_record/fixtures.rb:494:in `block (3 levels) in create_fixtures'
    /usr/local/rvm/gems/ruby-1.9.3-p194/gems/activerecord-3.2.8/lib/active_record/fixtures.rb:492:in `each'
    /usr/local/rvm/gems/ruby-1.9.3-p194/gems/activerecord-3.2.8/lib/active_record/fixtures.rb:492:in `block (2 levels) in create_fixtures'
    /usr/local/rvm/gems/ruby-1.9.3-p194/gems/activerecord-3.2.8/lib/active_record/connection_adapters/abstract/database_statements.rb:192:in `transaction'
    /usr/local/rvm/gems/ruby-1.9.3-p194/gems/activerecord-3.2.8/lib/active_record/fixtures.rb:491:in `block in create_fixtures'
    /usr/local/rvm/gems/ruby-1.9.3-p194/gems/activerecord-3.2.8/lib/active_record/connection_adapters/abstract_adapter.rb:168:in `disable_referential_integrity'
    /usr/local/rvm/gems/ruby-1.9.3-p194/gems/activerecord-3.2.8/lib/active_record/fixtures.rb:476:in `create_fixtures'
    /usr/local/rvm/gems/ruby-1.9.3-p194/gems/activerecord-3.2.8/lib/active_record/fixtures.rb:895:in `load_fixtures'
    /usr/local/rvm/gems/ruby-1.9.3-p194/gems/activerecord-3.2.8/lib/active_record/fixtures.rb:849:in `setup_fixtures'
    /usr/local/rvm/gems/ruby-1.9.3-p194/gems/activesupport-3.2.8/lib/active_support/callbacks.rb:429:in `_run__542855164__setup__42949064__callbacks'
    /usr/local/rvm/gems/ruby-1.9.3-p194/gems/activesupport-3.2.8/lib/active_support/callbacks.rb:405:in `__run_callback'
    /usr/local/rvm/gems/ruby-1.9.3-p194/gems/activesupport-3.2.8/lib/active_support/callbacks.rb:385:in `_run_setup_callbacks'
    /usr/local/rvm/gems/ruby-1.9.3-p194/gems/activesupport-3.2.8/lib/active_support/callbacks.rb:81:in `run_callbacks'
    /usr/local/rvm/gems/ruby-1.9.3-p194/gems/activesupport-3.2.8/lib/active_support/testing/setup_and_teardown.rb:35:in `run'

2 tests, 0 assertions, 0 failures, 2 errors, 0 skips
Run options: -n "/^(test_should_create_user|test_should_destroy_user|test_should_get_edit|test_should_get_index|test_should_get_new|test_should_show_user|test_should_update_user)$/"

# Running tests:

EEEEEEE

Finished tests in 0.107592s, 65.0607 tests/s, 0.0000 assertions/s.

  1) Error:
test_should_create_user(UsersControllerTest):
ActiveRecord::StatementInvalid: Could not find table 'users'
    /usr/local/rvm/gems/ruby-1.9.3-p194/gems/activerecord-3.2.8/lib/active_record/connection_adapters/sqlite_adapter.rb:472:in `table_structure'
    /usr/local/rvm/gems/ruby-1.9.3-p194/gems/activerecord-3.2.8/lib/active_record/connection_adapters/sqlite_adapter.rb:346:in `columns'
    /usr/local/rvm/gems/ruby-1.9.3-p194/gems/activerecord-3.2.8/lib/active_record/fixtures.rb:660:in `column_names'
    /usr/local/rvm/gems/ruby-1.9.3-p194/gems/activerecord-3.2.8/lib/active_record/fixtures.rb:652:in `timestamp_column_names'
    /usr/local/rvm/gems/ruby-1.9.3-p194/gems/activerecord-3.2.8/lib/active_record/fixtures.rb:585:in `block in table_rows'
    /usr/local/rvm/gems/ruby-1.9.3-p194/gems/activerecord-3.2.8/lib/active_record/fixtures.rb:579:in `each'
    /usr/local/rvm/gems/ruby-1.9.3-p194/gems/activerecord-3.2.8/lib/active_record/fixtures.rb:579:in `map'
    /usr/local/rvm/gems/ruby-1.9.3-p194/gems/activerecord-3.2.8/lib/active_record/fixtures.rb:579:in `table_rows'
    /usr/local/rvm/gems/ruby-1.9.3-p194/gems/activerecord-3.2.8/lib/active_record/fixtures.rb:494:in `block (3 levels) in create_fixtures'
    /usr/local/rvm/gems/ruby-1.9.3-p194/gems/activerecord-3.2.8/lib/active_record/fixtures.rb:492:in `each'
    /usr/local/rvm/gems/ruby-1.9.3-p194/gems/activerecord-3.2.8/lib/active_record/fixtures.rb:492:in `block (2 levels) in create_fixtures'
    /usr/local/rvm/gems/ruby-1.9.3-p194/gems/activerecord-3.2.8/lib/active_record/connection_adapters/abstract/database_statements.rb:192:in `transaction'
    /usr/local/rvm/gems/ruby-1.9.3-p194/gems/activerecord-3.2.8/lib/active_record/fixtures.rb:491:in `block in create_fixtures'
    /usr/local/rvm/gems/ruby-1.9.3-p194/gems/activerecord-3.2.8/lib/active_record/connection_adapters/abstract_adapter.rb:168:in `disable_referential_integrity'
    /usr/local/rvm/gems/ruby-1.9.3-p194/gems/activerecord-3.2.8/lib/active_record/fixtures.rb:476:in `create_fixtures'
    /usr/local/rvm/gems/ruby-1.9.3-p194/gems/activerecord-3.2.8/lib/active_record/fixtures.rb:895:in `load_fixtures'
    /usr/local/rvm/gems/ruby-1.9.3-p194/gems/activerecord-3.2.8/lib/active_record/fixtures.rb:849:in `setup_fixtures'
    /usr/local/rvm/gems/ruby-1.9.3-p194/gems/activesupport-3.2.8/lib/active_support/callbacks.rb:429:in `_run__700260674__setup__967886884__callbacks'
    /usr/local/rvm/gems/ruby-1.9.3-p194/gems/activesupport-3.2.8/lib/active_support/callbacks.rb:405:in `__run_callback'
    /usr/local/rvm/gems/ruby-1.9.3-p194/gems/activesupport-3.2.8/lib/active_support/callbacks.rb:385:in `_run_setup_callbacks'
    /usr/local/rvm/gems/ruby-1.9.3-p194/gems/activesupport-3.2.8/lib/active_support/callbacks.rb:81:in `run_callbacks'
    /usr/local/rvm/gems/ruby-1.9.3-p194/gems/activesupport-3.2.8/lib/active_support/testing/setup_and_teardown.rb:35:in `run'

  2) Error:
test_should_destroy_user(UsersControllerTest):
ActiveRecord::StatementInvalid: Could not find table 'users'
    /usr/local/rvm/gems/ruby-1.9.3-p194/gems/activerecord-3.2.8/lib/active_record/connection_adapters/sqlite_adapter.rb:472:in `table_structure'
    /usr/local/rvm/gems/ruby-1.9.3-p194/gems/activerecord-3.2.8/lib/active_record/connection_adapters/sqlite_adapter.rb:346:in `columns'
    /usr/local/rvm/gems/ruby-1.9.3-p194/gems/activerecord-3.2.8/lib/active_record/fixtures.rb:660:in `column_names'
    /usr/local/rvm/gems/ruby-1.9.3-p194/gems/activerecord-3.2.8/lib/active_record/fixtures.rb:652:in `timestamp_column_names'
    /usr/local/rvm/gems/ruby-1.9.3-p194/gems/activerecord-3.2.8/lib/active_record/fixtures.rb:585:in `block in table_rows'
    /usr/local/rvm/gems/ruby-1.9.3-p194/gems/activerecord-3.2.8/lib/active_record/fixtures.rb:579:in `each'
    /usr/local/rvm/gems/ruby-1.9.3-p194/gems/activerecord-3.2.8/lib/active_record/fixtures.rb:579:in `map'
    /usr/local/rvm/gems/ruby-1.9.3-p194/gems/activerecord-3.2.8/lib/active_record/fixtures.rb:579:in `table_rows'
    /usr/local/rvm/gems/ruby-1.9.3-p194/gems/activerecord-3.2.8/lib/active_record/fixtures.rb:494:in `block (3 levels) in create_fixtures'
    /usr/local/rvm/gems/ruby-1.9.3-p194/gems/activerecord-3.2.8/lib/active_record/fixtures.rb:492:in `each'
    /usr/local/rvm/gems/ruby-1.9.3-p194/gems/activerecord-3.2.8/lib/active_record/fixtures.rb:492:in `block (2 levels) in create_fixtures'
    /usr/local/rvm/gems/ruby-1.9.3-p194/gems/activerecord-3.2.8/lib/active_record/connection_adapters/abstract/database_statements.rb:192:in `transaction'
    /usr/local/rvm/gems/ruby-1.9.3-p194/gems/activerecord-3.2.8/lib/active_record/fixtures.rb:491:in `block in create_fixtures'
    /usr/local/rvm/gems/ruby-1.9.3-p194/gems/activerecord-3.2.8/lib/active_record/connection_adapters/abstract_adapter.rb:168:in `disable_referential_integrity'
    /usr/local/rvm/gems/ruby-1.9.3-p194/gems/activerecord-3.2.8/lib/active_record/fixtures.rb:476:in `create_fixtures'
    /usr/local/rvm/gems/ruby-1.9.3-p194/gems/activerecord-3.2.8/lib/active_record/fixtures.rb:895:in `load_fixtures'
    /usr/local/rvm/gems/ruby-1.9.3-p194/gems/activerecord-3.2.8/lib/active_record/fixtures.rb:849:in `setup_fixtures'
    /usr/local/rvm/gems/ruby-1.9.3-p194/gems/activesupport-3.2.8/lib/active_support/callbacks.rb:429:in `_run__700260674__setup__967886884__callbacks'
    /usr/local/rvm/gems/ruby-1.9.3-p194/gems/activesupport-3.2.8/lib/active_support/callbacks.rb:405:in `__run_callback'
    /usr/local/rvm/gems/ruby-1.9.3-p194/gems/activesupport-3.2.8/lib/active_support/callbacks.rb:385:in `_run_setup_callbacks'
    /usr/local/rvm/gems/ruby-1.9.3-p194/gems/activesupport-3.2.8/lib/active_support/callbacks.rb:81:in `run_callbacks'
    /usr/local/rvm/gems/ruby-1.9.3-p194/gems/activesupport-3.2.8/lib/active_support/testing/setup_and_teardown.rb:35:in `run'

  3) Error:
test_should_get_edit(UsersControllerTest):
ActiveRecord::StatementInvalid: Could not find table 'users'
    /usr/local/rvm/gems/ruby-1.9.3-p194/gems/activerecord-3.2.8/lib/active_record/connection_adapters/sqlite_adapter.rb:472:in `table_structure'
    /usr/local/rvm/gems/ruby-1.9.3-p194/gems/activerecord-3.2.8/lib/active_record/connection_adapters/sqlite_adapter.rb:346:in `columns'
    /usr/local/rvm/gems/ruby-1.9.3-p194/gems/activerecord-3.2.8/lib/active_record/fixtures.rb:660:in `column_names'
    /usr/local/rvm/gems/ruby-1.9.3-p194/gems/activerecord-3.2.8/lib/active_record/fixtures.rb:652:in `timestamp_column_names'
    /usr/local/rvm/gems/ruby-1.9.3-p194/gems/activerecord-3.2.8/lib/active_record/fixtures.rb:585:in `block in table_rows'
    /usr/local/rvm/gems/ruby-1.9.3-p194/gems/activerecord-3.2.8/lib/active_record/fixtures.rb:579:in `each'
    /usr/local/rvm/gems/ruby-1.9.3-p194/gems/activerecord-3.2.8/lib/active_record/fixtures.rb:579:in `map'
    /usr/local/rvm/gems/ruby-1.9.3-p194/gems/activerecord-3.2.8/lib/active_record/fixtures.rb:579:in `table_rows'
    /usr/local/rvm/gems/ruby-1.9.3-p194/gems/activerecord-3.2.8/lib/active_record/fixtures.rb:494:in `block (3 levels) in create_fixtures'
    /usr/local/rvm/gems/ruby-1.9.3-p194/gems/activerecord-3.2.8/lib/active_record/fixtures.rb:492:in `each'
    /usr/local/rvm/gems/ruby-1.9.3-p194/gems/activerecord-3.2.8/lib/active_record/fixtures.rb:492:in `block (2 levels) in create_fixtures'
    /usr/local/rvm/gems/ruby-1.9.3-p194/gems/activerecord-3.2.8/lib/active_record/connection_adapters/abstract/database_statements.rb:192:in `transaction'
    /usr/local/rvm/gems/ruby-1.9.3-p194/gems/activerecord-3.2.8/lib/active_record/fixtures.rb:491:in `block in create_fixtures'
    /usr/local/rvm/gems/ruby-1.9.3-p194/gems/activerecord-3.2.8/lib/active_record/connection_adapters/abstract_adapter.rb:168:in `disable_referential_integrity'
    /usr/local/rvm/gems/ruby-1.9.3-p194/gems/activerecord-3.2.8/lib/active_record/fixtures.rb:476:in `create_fixtures'
    /usr/local/rvm/gems/ruby-1.9.3-p194/gems/activerecord-3.2.8/lib/active_record/fixtures.rb:895:in `load_fixtures'
    /usr/local/rvm/gems/ruby-1.9.3-p194/gems/activerecord-3.2.8/lib/active_record/fixtures.rb:849:in `setup_fixtures'
    /usr/local/rvm/gems/ruby-1.9.3-p194/gems/activesupport-3.2.8/lib/active_support/callbacks.rb:429:in `_run__700260674__setup__967886884__callbacks'
    /usr/local/rvm/gems/ruby-1.9.3-p194/gems/activesupport-3.2.8/lib/active_support/callbacks.rb:405:in `__run_callback'
    /usr/local/rvm/gems/ruby-1.9.3-p194/gems/activesupport-3.2.8/lib/active_support/callbacks.rb:385:in `_run_setup_callbacks'
    /usr/local/rvm/gems/ruby-1.9.3-p194/gems/activesupport-3.2.8/lib/active_support/callbacks.rb:81:in `run_callbacks'
    /usr/local/rvm/gems/ruby-1.9.3-p194/gems/activesupport-3.2.8/lib/active_support/testing/setup_and_teardown.rb:35:in `run'

  4) Error:
test_should_get_index(UsersControllerTest):
ActiveRecord::StatementInvalid: Could not find table 'users'
    /usr/local/rvm/gems/ruby-1.9.3-p194/gems/activerecord-3.2.8/lib/active_record/connection_adapters/sqlite_adapter.rb:472:in `table_structure'
    /usr/local/rvm/gems/ruby-1.9.3-p194/gems/activerecord-3.2.8/lib/active_record/connection_adapters/sqlite_adapter.rb:346:in `columns'
    /usr/local/rvm/gems/ruby-1.9.3-p194/gems/activerecord-3.2.8/lib/active_record/fixtures.rb:660:in `column_names'
    /usr/local/rvm/gems/ruby-1.9.3-p194/gems/activerecord-3.2.8/lib/active_record/fixtures.rb:652:in `timestamp_column_names'
    /usr/local/rvm/gems/ruby-1.9.3-p194/gems/activerecord-3.2.8/lib/active_record/fixtures.rb:585:in `block in table_rows'
    /usr/local/rvm/gems/ruby-1.9.3-p194/gems/activerecord-3.2.8/lib/active_record/fixtures.rb:579:in `each'
    /usr/local/rvm/gems/ruby-1.9.3-p194/gems/activerecord-3.2.8/lib/active_record/fixtures.rb:579:in `map'
    /usr/local/rvm/gems/ruby-1.9.3-p194/gems/activerecord-3.2.8/lib/active_record/fixtures.rb:579:in `table_rows'
    /usr/local/rvm/gems/ruby-1.9.3-p194/gems/activerecord-3.2.8/lib/active_record/fixtures.rb:494:in `block (3 levels) in create_fixtures'
    /usr/local/rvm/gems/ruby-1.9.3-p194/gems/activerecord-3.2.8/lib/active_record/fixtures.rb:492:in `each'
    /usr/local/rvm/gems/ruby-1.9.3-p194/gems/activerecord-3.2.8/lib/active_record/fixtures.rb:492:in `block (2 levels) in create_fixtures'
    /usr/local/rvm/gems/ruby-1.9.3-p194/gems/activerecord-3.2.8/lib/active_record/connection_adapters/abstract/database_statements.rb:192:in `transaction'
    /usr/local/rvm/gems/ruby-1.9.3-p194/gems/activerecord-3.2.8/lib/active_record/fixtures.rb:491:in `block in create_fixtures'
    /usr/local/rvm/gems/ruby-1.9.3-p194/gems/activerecord-3.2.8/lib/active_record/connection_adapters/abstract_adapter.rb:168:in `disable_referential_integrity'
    /usr/local/rvm/gems/ruby-1.9.3-p194/gems/activerecord-3.2.8/lib/active_record/fixtures.rb:476:in `create_fixtures'
    /usr/local/rvm/gems/ruby-1.9.3-p194/gems/activerecord-3.2.8/lib/active_record/fixtures.rb:895:in `load_fixtures'
    /usr/local/rvm/gems/ruby-1.9.3-p194/gems/activerecord-3.2.8/lib/active_record/fixtures.rb:849:in `setup_fixtures'
    /usr/local/rvm/gems/ruby-1.9.3-p194/gems/activesupport-3.2.8/lib/active_support/callbacks.rb:429:in `_run__700260674__setup__967886884__callbacks'
    /usr/local/rvm/gems/ruby-1.9.3-p194/gems/activesupport-3.2.8/lib/active_support/callbacks.rb:405:in `__run_callback'
    /usr/local/rvm/gems/ruby-1.9.3-p194/gems/activesupport-3.2.8/lib/active_support/callbacks.rb:385:in `_run_setup_callbacks'
    /usr/local/rvm/gems/ruby-1.9.3-p194/gems/activesupport-3.2.8/lib/active_support/callbacks.rb:81:in `run_callbacks'
    /usr/local/rvm/gems/ruby-1.9.3-p194/gems/activesupport-3.2.8/lib/active_support/testing/setup_and_teardown.rb:35:in `run'

  5) Error:
test_should_get_new(UsersControllerTest):
ActiveRecord::StatementInvalid: Could not find table 'users'
    /usr/local/rvm/gems/ruby-1.9.3-p194/gems/activerecord-3.2.8/lib/active_record/connection_adapters/sqlite_adapter.rb:472:in `table_structure'
    /usr/local/rvm/gems/ruby-1.9.3-p194/gems/activerecord-3.2.8/lib/active_record/connection_adapters/sqlite_adapter.rb:346:in `columns'
    /usr/local/rvm/gems/ruby-1.9.3-p194/gems/activerecord-3.2.8/lib/active_record/fixtures.rb:660:in `column_names'
    /usr/local/rvm/gems/ruby-1.9.3-p194/gems/activerecord-3.2.8/lib/active_record/fixtures.rb:652:in `timestamp_column_names'
    /usr/local/rvm/gems/ruby-1.9.3-p194/gems/activerecord-3.2.8/lib/active_record/fixtures.rb:585:in `block in table_rows'
    /usr/local/rvm/gems/ruby-1.9.3-p194/gems/activerecord-3.2.8/lib/active_record/fixtures.rb:579:in `each'
    /usr/local/rvm/gems/ruby-1.9.3-p194/gems/activerecord-3.2.8/lib/active_record/fixtures.rb:579:in `map'
    /usr/local/rvm/gems/ruby-1.9.3-p194/gems/activerecord-3.2.8/lib/active_record/fixtures.rb:579:in `table_rows'
    /usr/local/rvm/gems/ruby-1.9.3-p194/gems/activerecord-3.2.8/lib/active_record/fixtures.rb:494:in `block (3 levels) in create_fixtures'
    /usr/local/rvm/gems/ruby-1.9.3-p194/gems/activerecord-3.2.8/lib/active_record/fixtures.rb:492:in `each'
    /usr/local/rvm/gems/ruby-1.9.3-p194/gems/activerecord-3.2.8/lib/active_record/fixtures.rb:492:in `block (2 levels) in create_fixtures'
    /usr/local/rvm/gems/ruby-1.9.3-p194/gems/activerecord-3.2.8/lib/active_record/connection_adapters/abstract/database_statements.rb:192:in `transaction'
    /usr/local/rvm/gems/ruby-1.9.3-p194/gems/activerecord-3.2.8/lib/active_record/fixtures.rb:491:in `block in create_fixtures'
    /usr/local/rvm/gems/ruby-1.9.3-p194/gems/activerecord-3.2.8/lib/active_record/connection_adapters/abstract_adapter.rb:168:in `disable_referential_integrity'
    /usr/local/rvm/gems/ruby-1.9.3-p194/gems/activerecord-3.2.8/lib/active_record/fixtures.rb:476:in `create_fixtures'
    /usr/local/rvm/gems/ruby-1.9.3-p194/gems/activerecord-3.2.8/lib/active_record/fixtures.rb:895:in `load_fixtures'
    /usr/local/rvm/gems/ruby-1.9.3-p194/gems/activerecord-3.2.8/lib/active_record/fixtures.rb:849:in `setup_fixtures'
    /usr/local/rvm/gems/ruby-1.9.3-p194/gems/activesupport-3.2.8/lib/active_support/callbacks.rb:429:in `_run__700260674__setup__967886884__callbacks'
    /usr/local/rvm/gems/ruby-1.9.3-p194/gems/activesupport-3.2.8/lib/active_support/callbacks.rb:405:in `__run_callback'
    /usr/local/rvm/gems/ruby-1.9.3-p194/gems/activesupport-3.2.8/lib/active_support/callbacks.rb:385:in `_run_setup_callbacks'
    /usr/local/rvm/gems/ruby-1.9.3-p194/gems/activesupport-3.2.8/lib/active_support/callbacks.rb:81:in `run_callbacks'
    /usr/local/rvm/gems/ruby-1.9.3-p194/gems/activesupport-3.2.8/lib/active_support/testing/setup_and_teardown.rb:35:in `run'

  6) Error:
test_should_show_user(UsersControllerTest):
ActiveRecord::StatementInvalid: Could not find table 'users'
    /usr/local/rvm/gems/ruby-1.9.3-p194/gems/activerecord-3.2.8/lib/active_record/connection_adapters/sqlite_adapter.rb:472:in `table_structure'
    /usr/local/rvm/gems/ruby-1.9.3-p194/gems/activerecord-3.2.8/lib/active_record/connection_adapters/sqlite_adapter.rb:346:in `columns'
    /usr/local/rvm/gems/ruby-1.9.3-p194/gems/activerecord-3.2.8/lib/active_record/fixtures.rb:660:in `column_names'
    /usr/local/rvm/gems/ruby-1.9.3-p194/gems/activerecord-3.2.8/lib/active_record/fixtures.rb:652:in `timestamp_column_names'
    /usr/local/rvm/gems/ruby-1.9.3-p194/gems/activerecord-3.2.8/lib/active_record/fixtures.rb:585:in `block in table_rows'
    /usr/local/rvm/gems/ruby-1.9.3-p194/gems/activerecord-3.2.8/lib/active_record/fixtures.rb:579:in `each'
    /usr/local/rvm/gems/ruby-1.9.3-p194/gems/activerecord-3.2.8/lib/active_record/fixtures.rb:579:in `map'
    /usr/local/rvm/gems/ruby-1.9.3-p194/gems/activerecord-3.2.8/lib/active_record/fixtures.rb:579:in `table_rows'
    /usr/local/rvm/gems/ruby-1.9.3-p194/gems/activerecord-3.2.8/lib/active_record/fixtures.rb:494:in `block (3 levels) in create_fixtures'
    /usr/local/rvm/gems/ruby-1.9.3-p194/gems/activerecord-3.2.8/lib/active_record/fixtures.rb:492:in `each'
    /usr/local/rvm/gems/ruby-1.9.3-p194/gems/activerecord-3.2.8/lib/active_record/fixtures.rb:492:in `block (2 levels) in create_fixtures'
    /usr/local/rvm/gems/ruby-1.9.3-p194/gems/activerecord-3.2.8/lib/active_record/connection_adapters/abstract/database_statements.rb:192:in `transaction'
    /usr/local/rvm/gems/ruby-1.9.3-p194/gems/activerecord-3.2.8/lib/active_record/fixtures.rb:491:in `block in create_fixtures'
    /usr/local/rvm/gems/ruby-1.9.3-p194/gems/activerecord-3.2.8/lib/active_record/connection_adapters/abstract_adapter.rb:168:in `disable_referential_integrity'
    /usr/local/rvm/gems/ruby-1.9.3-p194/gems/activerecord-3.2.8/lib/active_record/fixtures.rb:476:in `create_fixtures'
    /usr/local/rvm/gems/ruby-1.9.3-p194/gems/activerecord-3.2.8/lib/active_record/fixtures.rb:895:in `load_fixtures'
    /usr/local/rvm/gems/ruby-1.9.3-p194/gems/activerecord-3.2.8/lib/active_record/fixtures.rb:849:in `setup_fixtures'
    /usr/local/rvm/gems/ruby-1.9.3-p194/gems/activesupport-3.2.8/lib/active_support/callbacks.rb:429:in `_run__700260674__setup__967886884__callbacks'
    /usr/local/rvm/gems/ruby-1.9.3-p194/gems/activesupport-3.2.8/lib/active_support/callbacks.rb:405:in `__run_callback'
    /usr/local/rvm/gems/ruby-1.9.3-p194/gems/activesupport-3.2.8/lib/active_support/callbacks.rb:385:in `_run_setup_callbacks'
    /usr/local/rvm/gems/ruby-1.9.3-p194/gems/activesupport-3.2.8/lib/active_support/callbacks.rb:81:in `run_callbacks'
    /usr/local/rvm/gems/ruby-1.9.3-p194/gems/activesupport-3.2.8/lib/active_support/testing/setup_and_teardown.rb:35:in `run'

  7) Error:
test_should_update_user(UsersControllerTest):
ActiveRecord::StatementInvalid: Could not find table 'users'
    /usr/local/rvm/gems/ruby-1.9.3-p194/gems/activerecord-3.2.8/lib/active_record/connection_adapters/sqlite_adapter.rb:472:in `table_structure'
    /usr/local/rvm/gems/ruby-1.9.3-p194/gems/activerecord-3.2.8/lib/active_record/connection_adapters/sqlite_adapter.rb:346:in `columns'
    /usr/local/rvm/gems/ruby-1.9.3-p194/gems/activerecord-3.2.8/lib/active_record/fixtures.rb:660:in `column_names'
    /usr/local/rvm/gems/ruby-1.9.3-p194/gems/activerecord-3.2.8/lib/active_record/fixtures.rb:652:in `timestamp_column_names'
    /usr/local/rvm/gems/ruby-1.9.3-p194/gems/activerecord-3.2.8/lib/active_record/fixtures.rb:585:in `block in table_rows'
    /usr/local/rvm/gems/ruby-1.9.3-p194/gems/activerecord-3.2.8/lib/active_record/fixtures.rb:579:in `each'
    /usr/local/rvm/gems/ruby-1.9.3-p194/gems/activerecord-3.2.8/lib/active_record/fixtures.rb:579:in `map'
    /usr/local/rvm/gems/ruby-1.9.3-p194/gems/activerecord-3.2.8/lib/active_record/fixtures.rb:579:in `table_rows'
    /usr/local/rvm/gems/ruby-1.9.3-p194/gems/activerecord-3.2.8/lib/active_record/fixtures.rb:494:in `block (3 levels) in create_fixtures'
    /usr/local/rvm/gems/ruby-1.9.3-p194/gems/activerecord-3.2.8/lib/active_record/fixtures.rb:492:in `each'
    /usr/local/rvm/gems/ruby-1.9.3-p194/gems/activerecord-3.2.8/lib/active_record/fixtures.rb:492:in `block (2 levels) in create_fixtures'
    /usr/local/rvm/gems/ruby-1.9.3-p194/gems/activerecord-3.2.8/lib/active_record/connection_adapters/abstract/database_statements.rb:192:in `transaction'
    /usr/local/rvm/gems/ruby-1.9.3-p194/gems/activerecord-3.2.8/lib/active_record/fixtures.rb:491:in `block in create_fixtures'
    /usr/local/rvm/gems/ruby-1.9.3-p194/gems/activerecord-3.2.8/lib/active_record/connection_adapters/abstract_adapter.rb:168:in `disable_referential_integrity'
    /usr/local/rvm/gems/ruby-1.9.3-p194/gems/activerecord-3.2.8/lib/active_record/fixtures.rb:476:in `create_fixtures'
    /usr/local/rvm/gems/ruby-1.9.3-p194/gems/activerecord-3.2.8/lib/active_record/fixtures.rb:895:in `load_fixtures'
    /usr/local/rvm/gems/ruby-1.9.3-p194/gems/activerecord-3.2.8/lib/active_record/fixtures.rb:849:in `setup_fixtures'
    /usr/local/rvm/gems/ruby-1.9.3-p194/gems/activesupport-3.2.8/lib/active_support/callbacks.rb:429:in `_run__700260674__setup__967886884__callbacks'
    /usr/local/rvm/gems/ruby-1.9.3-p194/gems/activesupport-3.2.8/lib/active_support/callbacks.rb:405:in `__run_callback'
    /usr/local/rvm/gems/ruby-1.9.3-p194/gems/activesupport-3.2.8/lib/active_support/callbacks.rb:385:in `_run_setup_callbacks'
    /usr/local/rvm/gems/ruby-1.9.3-p194/gems/activesupport-3.2.8/lib/active_support/callbacks.rb:81:in `run_callbacks'
    /usr/local/rvm/gems/ruby-1.9.3-p194/gems/activesupport-3.2.8/lib/active_support/testing/setup_and_teardown.rb:35:in `run'

7 tests, 0 assertions, 0 failures, 7 errors, 0 skips
Run options: -n "/^(test_should_create_micropost|test_should_destroy_micropost|test_should_get_edit|test_should_get_index|test_should_get_new|test_should_show_micropost|test_should_update_micropost)$/"

# Running tests:

EEEEEEE

Finished tests in 0.101690s, 68.8368 tests/s, 0.0000 assertions/s.

  1) Error:
test_should_create_micropost(MicropostsControllerTest):
ActiveRecord::StatementInvalid: Could not find table 'users'
    /usr/local/rvm/gems/ruby-1.9.3-p194/gems/activerecord-3.2.8/lib/active_record/connection_adapters/sqlite_adapter.rb:472:in `table_structure'
    /usr/local/rvm/gems/ruby-1.9.3-p194/gems/activerecord-3.2.8/lib/active_record/connection_adapters/sqlite_adapter.rb:346:in `columns'
    /usr/local/rvm/gems/ruby-1.9.3-p194/gems/activerecord-3.2.8/lib/active_record/fixtures.rb:660:in `column_names'
    /usr/local/rvm/gems/ruby-1.9.3-p194/gems/activerecord-3.2.8/lib/active_record/fixtures.rb:652:in `timestamp_column_names'
    /usr/local/rvm/gems/ruby-1.9.3-p194/gems/activerecord-3.2.8/lib/active_record/fixtures.rb:585:in `block in table_rows'
    /usr/local/rvm/gems/ruby-1.9.3-p194/gems/activerecord-3.2.8/lib/active_record/fixtures.rb:579:in `each'
    /usr/local/rvm/gems/ruby-1.9.3-p194/gems/activerecord-3.2.8/lib/active_record/fixtures.rb:579:in `map'
    /usr/local/rvm/gems/ruby-1.9.3-p194/gems/activerecord-3.2.8/lib/active_record/fixtures.rb:579:in `table_rows'
    /usr/local/rvm/gems/ruby-1.9.3-p194/gems/activerecord-3.2.8/lib/active_record/fixtures.rb:494:in `block (3 levels) in create_fixtures'
    /usr/local/rvm/gems/ruby-1.9.3-p194/gems/activerecord-3.2.8/lib/active_record/fixtures.rb:492:in `each'
    /usr/local/rvm/gems/ruby-1.9.3-p194/gems/activerecord-3.2.8/lib/active_record/fixtures.rb:492:in `block (2 levels) in create_fixtures'
    /usr/local/rvm/gems/ruby-1.9.3-p194/gems/activerecord-3.2.8/lib/active_record/connection_adapters/abstract/database_statements.rb:192:in `transaction'
    /usr/local/rvm/gems/ruby-1.9.3-p194/gems/activerecord-3.2.8/lib/active_record/fixtures.rb:491:in `block in create_fixtures'
    /usr/local/rvm/gems/ruby-1.9.3-p194/gems/activerecord-3.2.8/lib/active_record/connection_adapters/abstract_adapter.rb:168:in `disable_referential_integrity'
    /usr/local/rvm/gems/ruby-1.9.3-p194/gems/activerecord-3.2.8/lib/active_record/fixtures.rb:476:in `create_fixtures'
    /usr/local/rvm/gems/ruby-1.9.3-p194/gems/activerecord-3.2.8/lib/active_record/fixtures.rb:895:in `load_fixtures'
    /usr/local/rvm/gems/ruby-1.9.3-p194/gems/activerecord-3.2.8/lib/active_record/fixtures.rb:849:in `setup_fixtures'
    /usr/local/rvm/gems/ruby-1.9.3-p194/gems/activesupport-3.2.8/lib/active_support/callbacks.rb:429:in `_run__974516612__setup__703996418__callbacks'
    /usr/local/rvm/gems/ruby-1.9.3-p194/gems/activesupport-3.2.8/lib/active_support/callbacks.rb:405:in `__run_callback'
    /usr/local/rvm/gems/ruby-1.9.3-p194/gems/activesupport-3.2.8/lib/active_support/callbacks.rb:385:in `_run_setup_callbacks'
    /usr/local/rvm/gems/ruby-1.9.3-p194/gems/activesupport-3.2.8/lib/active_support/callbacks.rb:81:in `run_callbacks'
    /usr/local/rvm/gems/ruby-1.9.3-p194/gems/activesupport-3.2.8/lib/active_support/testing/setup_and_teardown.rb:35:in `run'

  2) Error:
test_should_destroy_micropost(MicropostsControllerTest):
ActiveRecord::StatementInvalid: Could not find table 'users'
    /usr/local/rvm/gems/ruby-1.9.3-p194/gems/activerecord-3.2.8/lib/active_record/connection_adapters/sqlite_adapter.rb:472:in `table_structure'
    /usr/local/rvm/gems/ruby-1.9.3-p194/gems/activerecord-3.2.8/lib/active_record/connection_adapters/sqlite_adapter.rb:346:in `columns'
    /usr/local/rvm/gems/ruby-1.9.3-p194/gems/activerecord-3.2.8/lib/active_record/fixtures.rb:660:in `column_names'
    /usr/local/rvm/gems/ruby-1.9.3-p194/gems/activerecord-3.2.8/lib/active_record/fixtures.rb:652:in `timestamp_column_names'
    /usr/local/rvm/gems/ruby-1.9.3-p194/gems/activerecord-3.2.8/lib/active_record/fixtures.rb:585:in `block in table_rows'
    /usr/local/rvm/gems/ruby-1.9.3-p194/gems/activerecord-3.2.8/lib/active_record/fixtures.rb:579:in `each'
    /usr/local/rvm/gems/ruby-1.9.3-p194/gems/activerecord-3.2.8/lib/active_record/fixtures.rb:579:in `map'
    /usr/local/rvm/gems/ruby-1.9.3-p194/gems/activerecord-3.2.8/lib/active_record/fixtures.rb:579:in `table_rows'
    /usr/local/rvm/gems/ruby-1.9.3-p194/gems/activerecord-3.2.8/lib/active_record/fixtures.rb:494:in `block (3 levels) in create_fixtures'
    /usr/local/rvm/gems/ruby-1.9.3-p194/gems/activerecord-3.2.8/lib/active_record/fixtures.rb:492:in `each'
    /usr/local/rvm/gems/ruby-1.9.3-p194/gems/activerecord-3.2.8/lib/active_record/fixtures.rb:492:in `block (2 levels) in create_fixtures'
    /usr/local/rvm/gems/ruby-1.9.3-p194/gems/activerecord-3.2.8/lib/active_record/connection_adapters/abstract/database_statements.rb:192:in `transaction'
    /usr/local/rvm/gems/ruby-1.9.3-p194/gems/activerecord-3.2.8/lib/active_record/fixtures.rb:491:in `block in create_fixtures'
    /usr/local/rvm/gems/ruby-1.9.3-p194/gems/activerecord-3.2.8/lib/active_record/connection_adapters/abstract_adapter.rb:168:in `disable_referential_integrity'
    /usr/local/rvm/gems/ruby-1.9.3-p194/gems/activerecord-3.2.8/lib/active_record/fixtures.rb:476:in `create_fixtures'
    /usr/local/rvm/gems/ruby-1.9.3-p194/gems/activerecord-3.2.8/lib/active_record/fixtures.rb:895:in `load_fixtures'
    /usr/local/rvm/gems/ruby-1.9.3-p194/gems/activerecord-3.2.8/lib/active_record/fixtures.rb:849:in `setup_fixtures'
    /usr/local/rvm/gems/ruby-1.9.3-p194/gems/activesupport-3.2.8/lib/active_support/callbacks.rb:429:in `_run__974516612__setup__703996418__callbacks'
    /usr/local/rvm/gems/ruby-1.9.3-p194/gems/activesupport-3.2.8/lib/active_support/callbacks.rb:405:in `__run_callback'
    /usr/local/rvm/gems/ruby-1.9.3-p194/gems/activesupport-3.2.8/lib/active_support/callbacks.rb:385:in `_run_setup_callbacks'
    /usr/local/rvm/gems/ruby-1.9.3-p194/gems/activesupport-3.2.8/lib/active_support/callbacks.rb:81:in `run_callbacks'
    /usr/local/rvm/gems/ruby-1.9.3-p194/gems/activesupport-3.2.8/lib/active_support/testing/setup_and_teardown.rb:35:in `run'

  3) Error:
test_should_get_edit(MicropostsControllerTest):
ActiveRecord::StatementInvalid: Could not find table 'users'
    /usr/local/rvm/gems/ruby-1.9.3-p194/gems/activerecord-3.2.8/lib/active_record/connection_adapters/sqlite_adapter.rb:472:in `table_structure'
    /usr/local/rvm/gems/ruby-1.9.3-p194/gems/activerecord-3.2.8/lib/active_record/connection_adapters/sqlite_adapter.rb:346:in `columns'
    /usr/local/rvm/gems/ruby-1.9.3-p194/gems/activerecord-3.2.8/lib/active_record/fixtures.rb:660:in `column_names'
    /usr/local/rvm/gems/ruby-1.9.3-p194/gems/activerecord-3.2.8/lib/active_record/fixtures.rb:652:in `timestamp_column_names'
    /usr/local/rvm/gems/ruby-1.9.3-p194/gems/activerecord-3.2.8/lib/active_record/fixtures.rb:585:in `block in table_rows'
    /usr/local/rvm/gems/ruby-1.9.3-p194/gems/activerecord-3.2.8/lib/active_record/fixtures.rb:579:in `each'
    /usr/local/rvm/gems/ruby-1.9.3-p194/gems/activerecord-3.2.8/lib/active_record/fixtures.rb:579:in `map'
    /usr/local/rvm/gems/ruby-1.9.3-p194/gems/activerecord-3.2.8/lib/active_record/fixtures.rb:579:in `table_rows'
    /usr/local/rvm/gems/ruby-1.9.3-p194/gems/activerecord-3.2.8/lib/active_record/fixtures.rb:494:in `block (3 levels) in create_fixtures'
    /usr/local/rvm/gems/ruby-1.9.3-p194/gems/activerecord-3.2.8/lib/active_record/fixtures.rb:492:in `each'
    /usr/local/rvm/gems/ruby-1.9.3-p194/gems/activerecord-3.2.8/lib/active_record/fixtures.rb:492:in `block (2 levels) in create_fixtures'
    /usr/local/rvm/gems/ruby-1.9.3-p194/gems/activerecord-3.2.8/lib/active_record/connection_adapters/abstract/database_statements.rb:192:in `transaction'
    /usr/local/rvm/gems/ruby-1.9.3-p194/gems/activerecord-3.2.8/lib/active_record/fixtures.rb:491:in `block in create_fixtures'
    /usr/local/rvm/gems/ruby-1.9.3-p194/gems/activerecord-3.2.8/lib/active_record/connection_adapters/abstract_adapter.rb:168:in `disable_referential_integrity'
    /usr/local/rvm/gems/ruby-1.9.3-p194/gems/activerecord-3.2.8/lib/active_record/fixtures.rb:476:in `create_fixtures'
    /usr/local/rvm/gems/ruby-1.9.3-p194/gems/activerecord-3.2.8/lib/active_record/fixtures.rb:895:in `load_fixtures'
    /usr/local/rvm/gems/ruby-1.9.3-p194/gems/activerecord-3.2.8/lib/active_record/fixtures.rb:849:in `setup_fixtures'
    /usr/local/rvm/gems/ruby-1.9.3-p194/gems/activesupport-3.2.8/lib/active_support/callbacks.rb:429:in `_run__974516612__setup__703996418__callbacks'
    /usr/local/rvm/gems/ruby-1.9.3-p194/gems/activesupport-3.2.8/lib/active_support/callbacks.rb:405:in `__run_callback'
    /usr/local/rvm/gems/ruby-1.9.3-p194/gems/activesupport-3.2.8/lib/active_support/callbacks.rb:385:in `_run_setup_callbacks'
    /usr/local/rvm/gems/ruby-1.9.3-p194/gems/activesupport-3.2.8/lib/active_support/callbacks.rb:81:in `run_callbacks'
    /usr/local/rvm/gems/ruby-1.9.3-p194/gems/activesupport-3.2.8/lib/active_support/testing/setup_and_teardown.rb:35:in `run'

  4) Error:
test_should_get_index(MicropostsControllerTest):
ActiveRecord::StatementInvalid: Could not find table 'users'
    /usr/local/rvm/gems/ruby-1.9.3-p194/gems/activerecord-3.2.8/lib/active_record/connection_adapters/sqlite_adapter.rb:472:in `table_structure'
    /usr/local/rvm/gems/ruby-1.9.3-p194/gems/activerecord-3.2.8/lib/active_record/connection_adapters/sqlite_adapter.rb:346:in `columns'
    /usr/local/rvm/gems/ruby-1.9.3-p194/gems/activerecord-3.2.8/lib/active_record/fixtures.rb:660:in `column_names'
    /usr/local/rvm/gems/ruby-1.9.3-p194/gems/activerecord-3.2.8/lib/active_record/fixtures.rb:652:in `timestamp_column_names'
    /usr/local/rvm/gems/ruby-1.9.3-p194/gems/activerecord-3.2.8/lib/active_record/fixtures.rb:585:in `block in table_rows'
    /usr/local/rvm/gems/ruby-1.9.3-p194/gems/activerecord-3.2.8/lib/active_record/fixtures.rb:579:in `each'
    /usr/local/rvm/gems/ruby-1.9.3-p194/gems/activerecord-3.2.8/lib/active_record/fixtures.rb:579:in `map'
    /usr/local/rvm/gems/ruby-1.9.3-p194/gems/activerecord-3.2.8/lib/active_record/fixtures.rb:579:in `table_rows'
    /usr/local/rvm/gems/ruby-1.9.3-p194/gems/activerecord-3.2.8/lib/active_record/fixtures.rb:494:in `block (3 levels) in create_fixtures'
    /usr/local/rvm/gems/ruby-1.9.3-p194/gems/activerecord-3.2.8/lib/active_record/fixtures.rb:492:in `each'
    /usr/local/rvm/gems/ruby-1.9.3-p194/gems/activerecord-3.2.8/lib/active_record/fixtures.rb:492:in `block (2 levels) in create_fixtures'
    /usr/local/rvm/gems/ruby-1.9.3-p194/gems/activerecord-3.2.8/lib/active_record/connection_adapters/abstract/database_statements.rb:192:in `transaction'
    /usr/local/rvm/gems/ruby-1.9.3-p194/gems/activerecord-3.2.8/lib/active_record/fixtures.rb:491:in `block in create_fixtures'
    /usr/local/rvm/gems/ruby-1.9.3-p194/gems/activerecord-3.2.8/lib/active_record/connection_adapters/abstract_adapter.rb:168:in `disable_referential_integrity'
    /usr/local/rvm/gems/ruby-1.9.3-p194/gems/activerecord-3.2.8/lib/active_record/fixtures.rb:476:in `create_fixtures'
    /usr/local/rvm/gems/ruby-1.9.3-p194/gems/activerecord-3.2.8/lib/active_record/fixtures.rb:895:in `load_fixtures'
    /usr/local/rvm/gems/ruby-1.9.3-p194/gems/activerecord-3.2.8/lib/active_record/fixtures.rb:849:in `setup_fixtures'
    /usr/local/rvm/gems/ruby-1.9.3-p194/gems/activesupport-3.2.8/lib/active_support/callbacks.rb:429:in `_run__974516612__setup__703996418__callbacks'
    /usr/local/rvm/gems/ruby-1.9.3-p194/gems/activesupport-3.2.8/lib/active_support/callbacks.rb:405:in `__run_callback'
    /usr/local/rvm/gems/ruby-1.9.3-p194/gems/activesupport-3.2.8/lib/active_support/callbacks.rb:385:in `_run_setup_callbacks'
    /usr/local/rvm/gems/ruby-1.9.3-p194/gems/activesupport-3.2.8/lib/active_support/callbacks.rb:81:in `run_callbacks'
    /usr/local/rvm/gems/ruby-1.9.3-p194/gems/activesupport-3.2.8/lib/active_support/testing/setup_and_teardown.rb:35:in `run'

  5) Error:
test_should_get_new(MicropostsControllerTest):
ActiveRecord::StatementInvalid: Could not find table 'users'
    /usr/local/rvm/gems/ruby-1.9.3-p194/gems/activerecord-3.2.8/lib/active_record/connection_adapters/sqlite_adapter.rb:472:in `table_structure'
    /usr/local/rvm/gems/ruby-1.9.3-p194/gems/activerecord-3.2.8/lib/active_record/connection_adapters/sqlite_adapter.rb:346:in `columns'
    /usr/local/rvm/gems/ruby-1.9.3-p194/gems/activerecord-3.2.8/lib/active_record/fixtures.rb:660:in `column_names'
    /usr/local/rvm/gems/ruby-1.9.3-p194/gems/activerecord-3.2.8/lib/active_record/fixtures.rb:652:in `timestamp_column_names'
    /usr/local/rvm/gems/ruby-1.9.3-p194/gems/activerecord-3.2.8/lib/active_record/fixtures.rb:585:in `block in table_rows'
    /usr/local/rvm/gems/ruby-1.9.3-p194/gems/activerecord-3.2.8/lib/active_record/fixtures.rb:579:in `each'
    /usr/local/rvm/gems/ruby-1.9.3-p194/gems/activerecord-3.2.8/lib/active_record/fixtures.rb:579:in `map'
    /usr/local/rvm/gems/ruby-1.9.3-p194/gems/activerecord-3.2.8/lib/active_record/fixtures.rb:579:in `table_rows'
    /usr/local/rvm/gems/ruby-1.9.3-p194/gems/activerecord-3.2.8/lib/active_record/fixtures.rb:494:in `block (3 levels) in create_fixtures'
    /usr/local/rvm/gems/ruby-1.9.3-p194/gems/activerecord-3.2.8/lib/active_record/fixtures.rb:492:in `each'
    /usr/local/rvm/gems/ruby-1.9.3-p194/gems/activerecord-3.2.8/lib/active_record/fixtures.rb:492:in `block (2 levels) in create_fixtures'
    /usr/local/rvm/gems/ruby-1.9.3-p194/gems/activerecord-3.2.8/lib/active_record/connection_adapters/abstract/database_statements.rb:192:in `transaction'
    /usr/local/rvm/gems/ruby-1.9.3-p194/gems/activerecord-3.2.8/lib/active_record/fixtures.rb:491:in `block in create_fixtures'
    /usr/local/rvm/gems/ruby-1.9.3-p194/gems/activerecord-3.2.8/lib/active_record/connection_adapters/abstract_adapter.rb:168:in `disable_referential_integrity'
    /usr/local/rvm/gems/ruby-1.9.3-p194/gems/activerecord-3.2.8/lib/active_record/fixtures.rb:476:in `create_fixtures'
    /usr/local/rvm/gems/ruby-1.9.3-p194/gems/activerecord-3.2.8/lib/active_record/fixtures.rb:895:in `load_fixtures'
    /usr/local/rvm/gems/ruby-1.9.3-p194/gems/activerecord-3.2.8/lib/active_record/fixtures.rb:849:in `setup_fixtures'
    /usr/local/rvm/gems/ruby-1.9.3-p194/gems/activesupport-3.2.8/lib/active_support/callbacks.rb:429:in `_run__974516612__setup__703996418__callbacks'
    /usr/local/rvm/gems/ruby-1.9.3-p194/gems/activesupport-3.2.8/lib/active_support/callbacks.rb:405:in `__run_callback'
    /usr/local/rvm/gems/ruby-1.9.3-p194/gems/activesupport-3.2.8/lib/active_support/callbacks.rb:385:in `_run_setup_callbacks'
    /usr/local/rvm/gems/ruby-1.9.3-p194/gems/activesupport-3.2.8/lib/active_support/callbacks.rb:81:in `run_callbacks'
    /usr/local/rvm/gems/ruby-1.9.3-p194/gems/activesupport-3.2.8/lib/active_support/testing/setup_and_teardown.rb:35:in `run'

  6) Error:
test_should_show_micropost(MicropostsControllerTest):
ActiveRecord::StatementInvalid: Could not find table 'users'
    /usr/local/rvm/gems/ruby-1.9.3-p194/gems/activerecord-3.2.8/lib/active_record/connection_adapters/sqlite_adapter.rb:472:in `table_structure'
    /usr/local/rvm/gems/ruby-1.9.3-p194/gems/activerecord-3.2.8/lib/active_record/connection_adapters/sqlite_adapter.rb:346:in `columns'
    /usr/local/rvm/gems/ruby-1.9.3-p194/gems/activerecord-3.2.8/lib/active_record/fixtures.rb:660:in `column_names'
    /usr/local/rvm/gems/ruby-1.9.3-p194/gems/activerecord-3.2.8/lib/active_record/fixtures.rb:652:in `timestamp_column_names'
    /usr/local/rvm/gems/ruby-1.9.3-p194/gems/activerecord-3.2.8/lib/active_record/fixtures.rb:585:in `block in table_rows'
    /usr/local/rvm/gems/ruby-1.9.3-p194/gems/activerecord-3.2.8/lib/active_record/fixtures.rb:579:in `each'
    /usr/local/rvm/gems/ruby-1.9.3-p194/gems/activerecord-3.2.8/lib/active_record/fixtures.rb:579:in `map'
    /usr/local/rvm/gems/ruby-1.9.3-p194/gems/activerecord-3.2.8/lib/active_record/fixtures.rb:579:in `table_rows'
    /usr/local/rvm/gems/ruby-1.9.3-p194/gems/activerecord-3.2.8/lib/active_record/fixtures.rb:494:in `block (3 levels) in create_fixtures'
    /usr/local/rvm/gems/ruby-1.9.3-p194/gems/activerecord-3.2.8/lib/active_record/fixtures.rb:492:in `each'
    /usr/local/rvm/gems/ruby-1.9.3-p194/gems/activerecord-3.2.8/lib/active_record/fixtures.rb:492:in `block (2 levels) in create_fixtures'
    /usr/local/rvm/gems/ruby-1.9.3-p194/gems/activerecord-3.2.8/lib/active_record/connection_adapters/abstract/database_statements.rb:192:in `transaction'
    /usr/local/rvm/gems/ruby-1.9.3-p194/gems/activerecord-3.2.8/lib/active_record/fixtures.rb:491:in `block in create_fixtures'
    /usr/local/rvm/gems/ruby-1.9.3-p194/gems/activerecord-3.2.8/lib/active_record/connection_adapters/abstract_adapter.rb:168:in `disable_referential_integrity'
    /usr/local/rvm/gems/ruby-1.9.3-p194/gems/activerecord-3.2.8/lib/active_record/fixtures.rb:476:in `create_fixtures'
    /usr/local/rvm/gems/ruby-1.9.3-p194/gems/activerecord-3.2.8/lib/active_record/fixtures.rb:895:in `load_fixtures'
    /usr/local/rvm/gems/ruby-1.9.3-p194/gems/activerecord-3.2.8/lib/active_record/fixtures.rb:849:in `setup_fixtures'
    /usr/local/rvm/gems/ruby-1.9.3-p194/gems/activesupport-3.2.8/lib/active_support/callbacks.rb:429:in `_run__974516612__setup__703996418__callbacks'
    /usr/local/rvm/gems/ruby-1.9.3-p194/gems/activesupport-3.2.8/lib/active_support/callbacks.rb:405:in `__run_callback'
    /usr/local/rvm/gems/ruby-1.9.3-p194/gems/activesupport-3.2.8/lib/active_support/callbacks.rb:385:in `_run_setup_callbacks'
    /usr/local/rvm/gems/ruby-1.9.3-p194/gems/activesupport-3.2.8/lib/active_support/callbacks.rb:81:in `run_callbacks'
    /usr/local/rvm/gems/ruby-1.9.3-p194/gems/activesupport-3.2.8/lib/active_support/testing/setup_and_teardown.rb:35:in `run'

  7) Error:
test_should_update_micropost(MicropostsControllerTest):
ActiveRecord::StatementInvalid: Could not find table 'users'
    /usr/local/rvm/gems/ruby-1.9.3-p194/gems/activerecord-3.2.8/lib/active_record/connection_adapters/sqlite_adapter.rb:472:in `table_structure'
    /usr/local/rvm/gems/ruby-1.9.3-p194/gems/activerecord-3.2.8/lib/active_record/connection_adapters/sqlite_adapter.rb:346:in `columns'
    /usr/local/rvm/gems/ruby-1.9.3-p194/gems/activerecord-3.2.8/lib/active_record/fixtures.rb:660:in `column_names'
    /usr/local/rvm/gems/ruby-1.9.3-p194/gems/activerecord-3.2.8/lib/active_record/fixtures.rb:652:in `timestamp_column_names'
    /usr/local/rvm/gems/ruby-1.9.3-p194/gems/activerecord-3.2.8/lib/active_record/fixtures.rb:585:in `block in table_rows'
    /usr/local/rvm/gems/ruby-1.9.3-p194/gems/activerecord-3.2.8/lib/active_record/fixtures.rb:579:in `each'
    /usr/local/rvm/gems/ruby-1.9.3-p194/gems/activerecord-3.2.8/lib/active_record/fixtures.rb:579:in `map'
    /usr/local/rvm/gems/ruby-1.9.3-p194/gems/activerecord-3.2.8/lib/active_record/fixtures.rb:579:in `table_rows'
    /usr/local/rvm/gems/ruby-1.9.3-p194/gems/activerecord-3.2.8/lib/active_record/fixtures.rb:494:in `block (3 levels) in create_fixtures'
    /usr/local/rvm/gems/ruby-1.9.3-p194/gems/activerecord-3.2.8/lib/active_record/fixtures.rb:492:in `each'
    /usr/local/rvm/gems/ruby-1.9.3-p194/gems/activerecord-3.2.8/lib/active_record/fixtures.rb:492:in `block (2 levels) in create_fixtures'
    /usr/local/rvm/gems/ruby-1.9.3-p194/gems/activerecord-3.2.8/lib/active_record/connection_adapters/abstract/database_statements.rb:192:in `transaction'
    /usr/local/rvm/gems/ruby-1.9.3-p194/gems/activerecord-3.2.8/lib/active_record/fixtures.rb:491:in `block in create_fixtures'
    /usr/local/rvm/gems/ruby-1.9.3-p194/gems/activerecord-3.2.8/lib/active_record/connection_adapters/abstract_adapter.rb:168:in `disable_referential_integrity'
    /usr/local/rvm/gems/ruby-1.9.3-p194/gems/activerecord-3.2.8/lib/active_record/fixtures.rb:476:in `create_fixtures'
    /usr/local/rvm/gems/ruby-1.9.3-p194/gems/activerecord-3.2.8/lib/active_record/fixtures.rb:895:in `load_fixtures'
    /usr/local/rvm/gems/ruby-1.9.3-p194/gems/activerecord-3.2.8/lib/active_record/fixtures.rb:849:in `setup_fixtures'
    /usr/local/rvm/gems/ruby-1.9.3-p194/gems/activesupport-3.2.8/lib/active_support/callbacks.rb:429:in `_run__974516612__setup__703996418__callbacks'
    /usr/local/rvm/gems/ruby-1.9.3-p194/gems/activesupport-3.2.8/lib/active_support/callbacks.rb:405:in `__run_callback'
    /usr/local/rvm/gems/ruby-1.9.3-p194/gems/activesupport-3.2.8/lib/active_support/callbacks.rb:385:in `_run_setup_callbacks'
    /usr/local/rvm/gems/ruby-1.9.3-p194/gems/activesupport-3.2.8/lib/active_support/callbacks.rb:81:in `run_callbacks'
    /usr/local/rvm/gems/ruby-1.9.3-p194/gems/activesupport-3.2.8/lib/active_support/testing/setup_and_teardown.rb:35:in `run'

7 tests, 0 assertions, 0 failures, 7 errors, 0 skips
/usr/local/rvm/rubies/ruby-1.9.3-p194/bin/ruby -I.:lib:test -rubygems test/functional/pages_controller_test.rb -n "/^(test_should_get_contact|test_should_get_home)$/"; /usr/local/rvm/rubies/ruby-1.9.3-p194/bin/ruby -I.:lib:test -rubygems test/functional/users_controller_test.rb -n "/^(test_should_create_user|test_should_destroy_user|test_should_get_edit|test_should_get_index|test_should_get_new|test_should_show_user|test_should_update_user)$/"; /usr/local/rvm/rubies/ruby-1.9.3-p194/bin/ruby -I.:lib:test -rubygems test/functional/microposts_controller_test.rb -n "/^(test_should_create_micropost|test_should_destroy_micropost|test_should_get_edit|test_should_get_index|test_should_get_new|test_should_show_micropost|test_should_update_micropost)$/"
Run options: -n "/^(test_should_get_contact|test_should_get_home)$/"

# Running tests:

EE

Finished tests in 0.049326s, 40.5465 tests/s, 0.0000 assertions/s.

  1) Error:
test_should_get_contact(PagesControllerTest):
ActiveRecord::StatementInvalid: Could not find table 'users'
    /usr/local/rvm/gems/ruby-1.9.3-p194/gems/activerecord-3.2.8/lib/active_record/connection_adapters/sqlite_adapter.rb:472:in `table_structure'
    /usr/local/rvm/gems/ruby-1.9.3-p194/gems/activerecord-3.2.8/lib/active_record/connection_adapters/sqlite_adapter.rb:346:in `columns'
    /usr/local/rvm/gems/ruby-1.9.3-p194/gems/activerecord-3.2.8/lib/active_record/fixtures.rb:660:in `column_names'
    /usr/local/rvm/gems/ruby-1.9.3-p194/gems/activerecord-3.2.8/lib/active_record/fixtures.rb:652:in `timestamp_column_names'
    /usr/local/rvm/gems/ruby-1.9.3-p194/gems/activerecord-3.2.8/lib/active_record/fixtures.rb:585:in `block in table_rows'
    /usr/local/rvm/gems/ruby-1.9.3-p194/gems/activerecord-3.2.8/lib/active_record/fixtures.rb:579:in `each'
    /usr/local/rvm/gems/ruby-1.9.3-p194/gems/activerecord-3.2.8/lib/active_record/fixtures.rb:579:in `map'
    /usr/local/rvm/gems/ruby-1.9.3-p194/gems/activerecord-3.2.8/lib/active_record/fixtures.rb:579:in `table_rows'
    /usr/local/rvm/gems/ruby-1.9.3-p194/gems/activerecord-3.2.8/lib/active_record/fixtures.rb:494:in `block (3 levels) in create_fixtures'
    /usr/local/rvm/gems/ruby-1.9.3-p194/gems/activerecord-3.2.8/lib/active_record/fixtures.rb:492:in `each'
    /usr/local/rvm/gems/ruby-1.9.3-p194/gems/activerecord-3.2.8/lib/active_record/fixtures.rb:492:in `block (2 levels) in create_fixtures'
    /usr/local/rvm/gems/ruby-1.9.3-p194/gems/activerecord-3.2.8/lib/active_record/connection_adapters/abstract/database_statements.rb:192:in `transaction'
    /usr/local/rvm/gems/ruby-1.9.3-p194/gems/activerecord-3.2.8/lib/active_record/fixtures.rb:491:in `block in create_fixtures'
    /usr/local/rvm/gems/ruby-1.9.3-p194/gems/activerecord-3.2.8/lib/active_record/connection_adapters/abstract_adapter.rb:168:in `disable_referential_integrity'
    /usr/local/rvm/gems/ruby-1.9.3-p194/gems/activerecord-3.2.8/lib/active_record/fixtures.rb:476:in `create_fixtures'
    /usr/local/rvm/gems/ruby-1.9.3-p194/gems/activerecord-3.2.8/lib/active_record/fixtures.rb:895:in `load_fixtures'
    /usr/local/rvm/gems/ruby-1.9.3-p194/gems/activerecord-3.2.8/lib/active_record/fixtures.rb:849:in `setup_fixtures'
    /usr/local/rvm/gems/ruby-1.9.3-p194/gems/activesupport-3.2.8/lib/active_support/callbacks.rb:429:in `_run__39164721__setup__332282217__callbacks'
    /usr/local/rvm/gems/ruby-1.9.3-p194/gems/activesupport-3.2.8/lib/active_support/callbacks.rb:405:in `__run_callback'
    /usr/local/rvm/gems/ruby-1.9.3-p194/gems/activesupport-3.2.8/lib/active_support/callbacks.rb:385:in `_run_setup_callbacks'
    /usr/local/rvm/gems/ruby-1.9.3-p194/gems/activesupport-3.2.8/lib/active_support/callbacks.rb:81:in `run_callbacks'
    /usr/local/rvm/gems/ruby-1.9.3-p194/gems/activesupport-3.2.8/lib/active_support/testing/setup_and_teardown.rb:35:in `run'

  2) Error:
test_should_get_home(PagesControllerTest):
ActiveRecord::StatementInvalid: Could not find table 'users'
    /usr/local/rvm/gems/ruby-1.9.3-p194/gems/activerecord-3.2.8/lib/active_record/connection_adapters/sqlite_adapter.rb:472:in `table_structure'
    /usr/local/rvm/gems/ruby-1.9.3-p194/gems/activerecord-3.2.8/lib/active_record/connection_adapters/sqlite_adapter.rb:346:in `columns'
    /usr/local/rvm/gems/ruby-1.9.3-p194/gems/activerecord-3.2.8/lib/active_record/fixtures.rb:660:in `column_names'
    /usr/local/rvm/gems/ruby-1.9.3-p194/gems/activerecord-3.2.8/lib/active_record/fixtures.rb:652:in `timestamp_column_names'
    /usr/local/rvm/gems/ruby-1.9.3-p194/gems/activerecord-3.2.8/lib/active_record/fixtures.rb:585:in `block in table_rows'
    /usr/local/rvm/gems/ruby-1.9.3-p194/gems/activerecord-3.2.8/lib/active_record/fixtures.rb:579:in `each'
    /usr/local/rvm/gems/ruby-1.9.3-p194/gems/activerecord-3.2.8/lib/active_record/fixtures.rb:579:in `map'
    /usr/local/rvm/gems/ruby-1.9.3-p194/gems/activerecord-3.2.8/lib/active_record/fixtures.rb:579:in `table_rows'
    /usr/local/rvm/gems/ruby-1.9.3-p194/gems/activerecord-3.2.8/lib/active_record/fixtures.rb:494:in `block (3 levels) in create_fixtures'
    /usr/local/rvm/gems/ruby-1.9.3-p194/gems/activerecord-3.2.8/lib/active_record/fixtures.rb:492:in `each'
    /usr/local/rvm/gems/ruby-1.9.3-p194/gems/activerecord-3.2.8/lib/active_record/fixtures.rb:492:in `block (2 levels) in create_fixtures'
    /usr/local/rvm/gems/ruby-1.9.3-p194/gems/activerecord-3.2.8/lib/active_record/connection_adapters/abstract/database_statements.rb:192:in `transaction'
    /usr/local/rvm/gems/ruby-1.9.3-p194/gems/activerecord-3.2.8/lib/active_record/fixtures.rb:491:in `block in create_fixtures'
    /usr/local/rvm/gems/ruby-1.9.3-p194/gems/activerecord-3.2.8/lib/active_record/connection_adapters/abstract_adapter.rb:168:in `disable_referential_integrity'
    /usr/local/rvm/gems/ruby-1.9.3-p194/gems/activerecord-3.2.8/lib/active_record/fixtures.rb:476:in `create_fixtures'
    /usr/local/rvm/gems/ruby-1.9.3-p194/gems/activerecord-3.2.8/lib/active_record/fixtures.rb:895:in `load_fixtures'
    /usr/local/rvm/gems/ruby-1.9.3-p194/gems/activerecord-3.2.8/lib/active_record/fixtures.rb:849:in `setup_fixtures'
    /usr/local/rvm/gems/ruby-1.9.3-p194/gems/activesupport-3.2.8/lib/active_support/callbacks.rb:429:in `_run__39164721__setup__332282217__callbacks'
    /usr/local/rvm/gems/ruby-1.9.3-p194/gems/activesupport-3.2.8/lib/active_support/callbacks.rb:405:in `__run_callback'
    /usr/local/rvm/gems/ruby-1.9.3-p194/gems/activesupport-3.2.8/lib/active_support/callbacks.rb:385:in `_run_setup_callbacks'
    /usr/local/rvm/gems/ruby-1.9.3-p194/gems/activesupport-3.2.8/lib/active_support/callbacks.rb:81:in `run_callbacks'
    /usr/local/rvm/gems/ruby-1.9.3-p194/gems/activesupport-3.2.8/lib/active_support/testing/setup_and_teardown.rb:35:in `run'

2 tests, 0 assertions, 0 failures, 2 errors, 0 skips
Run options: -n "/^(test_should_create_user|test_should_destroy_user|test_should_get_edit|test_should_get_index|test_should_get_new|test_should_show_user|test_should_update_user)$/"

# Running tests:

EEEEEEE

Finished tests in 0.108681s, 64.4084 tests/s, 0.0000 assertions/s.

  1) Error:
test_should_create_user(UsersControllerTest):
ActiveRecord::StatementInvalid: Could not find table 'users'
    /usr/local/rvm/gems/ruby-1.9.3-p194/gems/activerecord-3.2.8/lib/active_record/connection_adapters/sqlite_adapter.rb:472:in `table_structure'
    /usr/local/rvm/gems/ruby-1.9.3-p194/gems/activerecord-3.2.8/lib/active_record/connection_adapters/sqlite_adapter.rb:346:in `columns'
    /usr/local/rvm/gems/ruby-1.9.3-p194/gems/activerecord-3.2.8/lib/active_record/fixtures.rb:660:in `column_names'
    /usr/local/rvm/gems/ruby-1.9.3-p194/gems/activerecord-3.2.8/lib/active_record/fixtures.rb:652:in `timestamp_column_names'
    /usr/local/rvm/gems/ruby-1.9.3-p194/gems/activerecord-3.2.8/lib/active_record/fixtures.rb:585:in `block in table_rows'
    /usr/local/rvm/gems/ruby-1.9.3-p194/gems/activerecord-3.2.8/lib/active_record/fixtures.rb:579:in `each'
    /usr/local/rvm/gems/ruby-1.9.3-p194/gems/activerecord-3.2.8/lib/active_record/fixtures.rb:579:in `map'
    /usr/local/rvm/gems/ruby-1.9.3-p194/gems/activerecord-3.2.8/lib/active_record/fixtures.rb:579:in `table_rows'
    /usr/local/rvm/gems/ruby-1.9.3-p194/gems/activerecord-3.2.8/lib/active_record/fixtures.rb:494:in `block (3 levels) in create_fixtures'
    /usr/local/rvm/gems/ruby-1.9.3-p194/gems/activerecord-3.2.8/lib/active_record/fixtures.rb:492:in `each'
    /usr/local/rvm/gems/ruby-1.9.3-p194/gems/activerecord-3.2.8/lib/active_record/fixtures.rb:492:in `block (2 levels) in create_fixtures'
    /usr/local/rvm/gems/ruby-1.9.3-p194/gems/activerecord-3.2.8/lib/active_record/connection_adapters/abstract/database_statements.rb:192:in `transaction'
    /usr/local/rvm/gems/ruby-1.9.3-p194/gems/activerecord-3.2.8/lib/active_record/fixtures.rb:491:in `block in create_fixtures'
    /usr/local/rvm/gems/ruby-1.9.3-p194/gems/activerecord-3.2.8/lib/active_record/connection_adapters/abstract_adapter.rb:168:in `disable_referential_integrity'
    /usr/local/rvm/gems/ruby-1.9.3-p194/gems/activerecord-3.2.8/lib/active_record/fixtures.rb:476:in `create_fixtures'
    /usr/local/rvm/gems/ruby-1.9.3-p194/gems/activerecord-3.2.8/lib/active_record/fixtures.rb:895:in `load_fixtures'
    /usr/local/rvm/gems/ruby-1.9.3-p194/gems/activerecord-3.2.8/lib/active_record/fixtures.rb:849:in `setup_fixtures'
    /usr/local/rvm/gems/ruby-1.9.3-p194/gems/activesupport-3.2.8/lib/active_support/callbacks.rb:429:in `_run__367723503__setup__941046132__callbacks'
    /usr/local/rvm/gems/ruby-1.9.3-p194/gems/activesupport-3.2.8/lib/active_support/callbacks.rb:405:in `__run_callback'
    /usr/local/rvm/gems/ruby-1.9.3-p194/gems/activesupport-3.2.8/lib/active_support/callbacks.rb:385:in `_run_setup_callbacks'
    /usr/local/rvm/gems/ruby-1.9.3-p194/gems/activesupport-3.2.8/lib/active_support/callbacks.rb:81:in `run_callbacks'
    /usr/local/rvm/gems/ruby-1.9.3-p194/gems/activesupport-3.2.8/lib/active_support/testing/setup_and_teardown.rb:35:in `run'

  2) Error:
test_should_destroy_user(UsersControllerTest):
ActiveRecord::StatementInvalid: Could not find table 'users'
    /usr/local/rvm/gems/ruby-1.9.3-p194/gems/activerecord-3.2.8/lib/active_record/connection_adapters/sqlite_adapter.rb:472:in `table_structure'
    /usr/local/rvm/gems/ruby-1.9.3-p194/gems/activerecord-3.2.8/lib/active_record/connection_adapters/sqlite_adapter.rb:346:in `columns'
    /usr/local/rvm/gems/ruby-1.9.3-p194/gems/activerecord-3.2.8/lib/active_record/fixtures.rb:660:in `column_names'
    /usr/local/rvm/gems/ruby-1.9.3-p194/gems/activerecord-3.2.8/lib/active_record/fixtures.rb:652:in `timestamp_column_names'
    /usr/local/rvm/gems/ruby-1.9.3-p194/gems/activerecord-3.2.8/lib/active_record/fixtures.rb:585:in `block in table_rows'
    /usr/local/rvm/gems/ruby-1.9.3-p194/gems/activerecord-3.2.8/lib/active_record/fixtures.rb:579:in `each'
    /usr/local/rvm/gems/ruby-1.9.3-p194/gems/activerecord-3.2.8/lib/active_record/fixtures.rb:579:in `map'
    /usr/local/rvm/gems/ruby-1.9.3-p194/gems/activerecord-3.2.8/lib/active_record/fixtures.rb:579:in `table_rows'
    /usr/local/rvm/gems/ruby-1.9.3-p194/gems/activerecord-3.2.8/lib/active_record/fixtures.rb:494:in `block (3 levels) in create_fixtures'
    /usr/local/rvm/gems/ruby-1.9.3-p194/gems/activerecord-3.2.8/lib/active_record/fixtures.rb:492:in `each'
    /usr/local/rvm/gems/ruby-1.9.3-p194/gems/activerecord-3.2.8/lib/active_record/fixtures.rb:492:in `block (2 levels) in create_fixtures'
    /usr/local/rvm/gems/ruby-1.9.3-p194/gems/activerecord-3.2.8/lib/active_record/connection_adapters/abstract/database_statements.rb:192:in `transaction'
    /usr/local/rvm/gems/ruby-1.9.3-p194/gems/activerecord-3.2.8/lib/active_record/fixtures.rb:491:in `block in create_fixtures'
    /usr/local/rvm/gems/ruby-1.9.3-p194/gems/activerecord-3.2.8/lib/active_record/connection_adapters/abstract_adapter.rb:168:in `disable_referential_integrity'
    /usr/local/rvm/gems/ruby-1.9.3-p194/gems/activerecord-3.2.8/lib/active_record/fixtures.rb:476:in `create_fixtures'
    /usr/local/rvm/gems/ruby-1.9.3-p194/gems/activerecord-3.2.8/lib/active_record/fixtures.rb:895:in `load_fixtures'
    /usr/local/rvm/gems/ruby-1.9.3-p194/gems/activerecord-3.2.8/lib/active_record/fixtures.rb:849:in `setup_fixtures'
    /usr/local/rvm/gems/ruby-1.9.3-p194/gems/activesupport-3.2.8/lib/active_support/callbacks.rb:429:in `_run__367723503__setup__941046132__callbacks'
    /usr/local/rvm/gems/ruby-1.9.3-p194/gems/activesupport-3.2.8/lib/active_support/callbacks.rb:405:in `__run_callback'
    /usr/local/rvm/gems/ruby-1.9.3-p194/gems/activesupport-3.2.8/lib/active_support/callbacks.rb:385:in `_run_setup_callbacks'
    /usr/local/rvm/gems/ruby-1.9.3-p194/gems/activesupport-3.2.8/lib/active_support/callbacks.rb:81:in `run_callbacks'
    /usr/local/rvm/gems/ruby-1.9.3-p194/gems/activesupport-3.2.8/lib/active_support/testing/setup_and_teardown.rb:35:in `run'

  3) Error:
test_should_get_edit(UsersControllerTest):
ActiveRecord::StatementInvalid: Could not find table 'users'
    /usr/local/rvm/gems/ruby-1.9.3-p194/gems/activerecord-3.2.8/lib/active_record/connection_adapters/sqlite_adapter.rb:472:in `table_structure'
    /usr/local/rvm/gems/ruby-1.9.3-p194/gems/activerecord-3.2.8/lib/active_record/connection_adapters/sqlite_adapter.rb:346:in `columns'
    /usr/local/rvm/gems/ruby-1.9.3-p194/gems/activerecord-3.2.8/lib/active_record/fixtures.rb:660:in `column_names'
    /usr/local/rvm/gems/ruby-1.9.3-p194/gems/activerecord-3.2.8/lib/active_record/fixtures.rb:652:in `timestamp_column_names'
    /usr/local/rvm/gems/ruby-1.9.3-p194/gems/activerecord-3.2.8/lib/active_record/fixtures.rb:585:in `block in table_rows'
    /usr/local/rvm/gems/ruby-1.9.3-p194/gems/activerecord-3.2.8/lib/active_record/fixtures.rb:579:in `each'
    /usr/local/rvm/gems/ruby-1.9.3-p194/gems/activerecord-3.2.8/lib/active_record/fixtures.rb:579:in `map'
    /usr/local/rvm/gems/ruby-1.9.3-p194/gems/activerecord-3.2.8/lib/active_record/fixtures.rb:579:in `table_rows'
    /usr/local/rvm/gems/ruby-1.9.3-p194/gems/activerecord-3.2.8/lib/active_record/fixtures.rb:494:in `block (3 levels) in create_fixtures'
    /usr/local/rvm/gems/ruby-1.9.3-p194/gems/activerecord-3.2.8/lib/active_record/fixtures.rb:492:in `each'
    /usr/local/rvm/gems/ruby-1.9.3-p194/gems/activerecord-3.2.8/lib/active_record/fixtures.rb:492:in `block (2 levels) in create_fixtures'
    /usr/local/rvm/gems/ruby-1.9.3-p194/gems/activerecord-3.2.8/lib/active_record/connection_adapters/abstract/database_statements.rb:192:in `transaction'
    /usr/local/rvm/gems/ruby-1.9.3-p194/gems/activerecord-3.2.8/lib/active_record/fixtures.rb:491:in `block in create_fixtures'
    /usr/local/rvm/gems/ruby-1.9.3-p194/gems/activerecord-3.2.8/lib/active_record/connection_adapters/abstract_adapter.rb:168:in `disable_referential_integrity'
    /usr/local/rvm/gems/ruby-1.9.3-p194/gems/activerecord-3.2.8/lib/active_record/fixtures.rb:476:in `create_fixtures'
    /usr/local/rvm/gems/ruby-1.9.3-p194/gems/activerecord-3.2.8/lib/active_record/fixtures.rb:895:in `load_fixtures'
    /usr/local/rvm/gems/ruby-1.9.3-p194/gems/activerecord-3.2.8/lib/active_record/fixtures.rb:849:in `setup_fixtures'
    /usr/local/rvm/gems/ruby-1.9.3-p194/gems/activesupport-3.2.8/lib/active_support/callbacks.rb:429:in `_run__367723503__setup__941046132__callbacks'
    /usr/local/rvm/gems/ruby-1.9.3-p194/gems/activesupport-3.2.8/lib/active_support/callbacks.rb:405:in `__run_callback'
    /usr/local/rvm/gems/ruby-1.9.3-p194/gems/activesupport-3.2.8/lib/active_support/callbacks.rb:385:in `_run_setup_callbacks'
    /usr/local/rvm/gems/ruby-1.9.3-p194/gems/activesupport-3.2.8/lib/active_support/callbacks.rb:81:in `run_callbacks'
    /usr/local/rvm/gems/ruby-1.9.3-p194/gems/activesupport-3.2.8/lib/active_support/testing/setup_and_teardown.rb:35:in `run'

  4) Error:
test_should_get_index(UsersControllerTest):
ActiveRecord::StatementInvalid: Could not find table 'users'
    /usr/local/rvm/gems/ruby-1.9.3-p194/gems/activerecord-3.2.8/lib/active_record/connection_adapters/sqlite_adapter.rb:472:in `table_structure'
    /usr/local/rvm/gems/ruby-1.9.3-p194/gems/activerecord-3.2.8/lib/active_record/connection_adapters/sqlite_adapter.rb:346:in `columns'
    /usr/local/rvm/gems/ruby-1.9.3-p194/gems/activerecord-3.2.8/lib/active_record/fixtures.rb:660:in `column_names'
    /usr/local/rvm/gems/ruby-1.9.3-p194/gems/activerecord-3.2.8/lib/active_record/fixtures.rb:652:in `timestamp_column_names'
    /usr/local/rvm/gems/ruby-1.9.3-p194/gems/activerecord-3.2.8/lib/active_record/fixtures.rb:585:in `block in table_rows'
    /usr/local/rvm/gems/ruby-1.9.3-p194/gems/activerecord-3.2.8/lib/active_record/fixtures.rb:579:in `each'
    /usr/local/rvm/gems/ruby-1.9.3-p194/gems/activerecord-3.2.8/lib/active_record/fixtures.rb:579:in `map'
    /usr/local/rvm/gems/ruby-1.9.3-p194/gems/activerecord-3.2.8/lib/active_record/fixtures.rb:579:in `table_rows'
    /usr/local/rvm/gems/ruby-1.9.3-p194/gems/activerecord-3.2.8/lib/active_record/fixtures.rb:494:in `block (3 levels) in create_fixtures'
    /usr/local/rvm/gems/ruby-1.9.3-p194/gems/activerecord-3.2.8/lib/active_record/fixtures.rb:492:in `each'
    /usr/local/rvm/gems/ruby-1.9.3-p194/gems/activerecord-3.2.8/lib/active_record/fixtures.rb:492:in `block (2 levels) in create_fixtures'
    /usr/local/rvm/gems/ruby-1.9.3-p194/gems/activerecord-3.2.8/lib/active_record/connection_adapters/abstract/database_statements.rb:192:in `transaction'
    /usr/local/rvm/gems/ruby-1.9.3-p194/gems/activerecord-3.2.8/lib/active_record/fixtures.rb:491:in `block in create_fixtures'
    /usr/local/rvm/gems/ruby-1.9.3-p194/gems/activerecord-3.2.8/lib/active_record/connection_adapters/abstract_adapter.rb:168:in `disable_referential_integrity'
    /usr/local/rvm/gems/ruby-1.9.3-p194/gems/activerecord-3.2.8/lib/active_record/fixtures.rb:476:in `create_fixtures'
    /usr/local/rvm/gems/ruby-1.9.3-p194/gems/activerecord-3.2.8/lib/active_record/fixtures.rb:895:in `load_fixtures'
    /usr/local/rvm/gems/ruby-1.9.3-p194/gems/activerecord-3.2.8/lib/active_record/fixtures.rb:849:in `setup_fixtures'
    /usr/local/rvm/gems/ruby-1.9.3-p194/gems/activesupport-3.2.8/lib/active_support/callbacks.rb:429:in `_run__367723503__setup__941046132__callbacks'
    /usr/local/rvm/gems/ruby-1.9.3-p194/gems/activesupport-3.2.8/lib/active_support/callbacks.rb:405:in `__run_callback'
    /usr/local/rvm/gems/ruby-1.9.3-p194/gems/activesupport-3.2.8/lib/active_support/callbacks.rb:385:in `_run_setup_callbacks'
    /usr/local/rvm/gems/ruby-1.9.3-p194/gems/activesupport-3.2.8/lib/active_support/callbacks.rb:81:in `run_callbacks'
    /usr/local/rvm/gems/ruby-1.9.3-p194/gems/activesupport-3.2.8/lib/active_support/testing/setup_and_teardown.rb:35:in `run'

  5) Error:
test_should_get_new(UsersControllerTest):
ActiveRecord::StatementInvalid: Could not find table 'users'
    /usr/local/rvm/gems/ruby-1.9.3-p194/gems/activerecord-3.2.8/lib/active_record/connection_adapters/sqlite_adapter.rb:472:in `table_structure'
    /usr/local/rvm/gems/ruby-1.9.3-p194/gems/activerecord-3.2.8/lib/active_record/connection_adapters/sqlite_adapter.rb:346:in `columns'
    /usr/local/rvm/gems/ruby-1.9.3-p194/gems/activerecord-3.2.8/lib/active_record/fixtures.rb:660:in `column_names'
    /usr/local/rvm/gems/ruby-1.9.3-p194/gems/activerecord-3.2.8/lib/active_record/fixtures.rb:652:in `timestamp_column_names'
    /usr/local/rvm/gems/ruby-1.9.3-p194/gems/activerecord-3.2.8/lib/active_record/fixtures.rb:585:in `block in table_rows'
    /usr/local/rvm/gems/ruby-1.9.3-p194/gems/activerecord-3.2.8/lib/active_record/fixtures.rb:579:in `each'
    /usr/local/rvm/gems/ruby-1.9.3-p194/gems/activerecord-3.2.8/lib/active_record/fixtures.rb:579:in `map'
    /usr/local/rvm/gems/ruby-1.9.3-p194/gems/activerecord-3.2.8/lib/active_record/fixtures.rb:579:in `table_rows'
    /usr/local/rvm/gems/ruby-1.9.3-p194/gems/activerecord-3.2.8/lib/active_record/fixtures.rb:494:in `block (3 levels) in create_fixtures'
    /usr/local/rvm/gems/ruby-1.9.3-p194/gems/activerecord-3.2.8/lib/active_record/fixtures.rb:492:in `each'
    /usr/local/rvm/gems/ruby-1.9.3-p194/gems/activerecord-3.2.8/lib/active_record/fixtures.rb:492:in `block (2 levels) in create_fixtures'
    /usr/local/rvm/gems/ruby-1.9.3-p194/gems/activerecord-3.2.8/lib/active_record/connection_adapters/abstract/database_statements.rb:192:in `transaction'
    /usr/local/rvm/gems/ruby-1.9.3-p194/gems/activerecord-3.2.8/lib/active_record/fixtures.rb:491:in `block in create_fixtures'
    /usr/local/rvm/gems/ruby-1.9.3-p194/gems/activerecord-3.2.8/lib/active_record/connection_adapters/abstract_adapter.rb:168:in `disable_referential_integrity'
    /usr/local/rvm/gems/ruby-1.9.3-p194/gems/activerecord-3.2.8/lib/active_record/fixtures.rb:476:in `create_fixtures'
    /usr/local/rvm/gems/ruby-1.9.3-p194/gems/activerecord-3.2.8/lib/active_record/fixtures.rb:895:in `load_fixtures'
    /usr/local/rvm/gems/ruby-1.9.3-p194/gems/activerecord-3.2.8/lib/active_record/fixtures.rb:849:in `setup_fixtures'
    /usr/local/rvm/gems/ruby-1.9.3-p194/gems/activesupport-3.2.8/lib/active_support/callbacks.rb:429:in `_run__367723503__setup__941046132__callbacks'
    /usr/local/rvm/gems/ruby-1.9.3-p194/gems/activesupport-3.2.8/lib/active_support/callbacks.rb:405:in `__run_callback'
    /usr/local/rvm/gems/ruby-1.9.3-p194/gems/activesupport-3.2.8/lib/active_support/callbacks.rb:385:in `_run_setup_callbacks'
    /usr/local/rvm/gems/ruby-1.9.3-p194/gems/activesupport-3.2.8/lib/active_support/callbacks.rb:81:in `run_callbacks'
    /usr/local/rvm/gems/ruby-1.9.3-p194/gems/activesupport-3.2.8/lib/active_support/testing/setup_and_teardown.rb:35:in `run'

  6) Error:
test_should_show_user(UsersControllerTest):
ActiveRecord::StatementInvalid: Could not find table 'users'
    /usr/local/rvm/gems/ruby-1.9.3-p194/gems/activerecord-3.2.8/lib/active_record/connection_adapters/sqlite_adapter.rb:472:in `table_structure'
    /usr/local/rvm/gems/ruby-1.9.3-p194/gems/activerecord-3.2.8/lib/active_record/connection_adapters/sqlite_adapter.rb:346:in `columns'
    /usr/local/rvm/gems/ruby-1.9.3-p194/gems/activerecord-3.2.8/lib/active_record/fixtures.rb:660:in `column_names'
    /usr/local/rvm/gems/ruby-1.9.3-p194/gems/activerecord-3.2.8/lib/active_record/fixtures.rb:652:in `timestamp_column_names'
    /usr/local/rvm/gems/ruby-1.9.3-p194/gems/activerecord-3.2.8/lib/active_record/fixtures.rb:585:in `block in table_rows'
    /usr/local/rvm/gems/ruby-1.9.3-p194/gems/activerecord-3.2.8/lib/active_record/fixtures.rb:579:in `each'
    /usr/local/rvm/gems/ruby-1.9.3-p194/gems/activerecord-3.2.8/lib/active_record/fixtures.rb:579:in `map'
    /usr/local/rvm/gems/ruby-1.9.3-p194/gems/activerecord-3.2.8/lib/active_record/fixtures.rb:579:in `table_rows'
    /usr/local/rvm/gems/ruby-1.9.3-p194/gems/activerecord-3.2.8/lib/active_record/fixtures.rb:494:in `block (3 levels) in create_fixtures'
    /usr/local/rvm/gems/ruby-1.9.3-p194/gems/activerecord-3.2.8/lib/active_record/fixtures.rb:492:in `each'
    /usr/local/rvm/gems/ruby-1.9.3-p194/gems/activerecord-3.2.8/lib/active_record/fixtures.rb:492:in `block (2 levels) in create_fixtures'
    /usr/local/rvm/gems/ruby-1.9.3-p194/gems/activerecord-3.2.8/lib/active_record/connection_adapters/abstract/database_statements.rb:192:in `transaction'
    /usr/local/rvm/gems/ruby-1.9.3-p194/gems/activerecord-3.2.8/lib/active_record/fixtures.rb:491:in `block in create_fixtures'
    /usr/local/rvm/gems/ruby-1.9.3-p194/gems/activerecord-3.2.8/lib/active_record/connection_adapters/abstract_adapter.rb:168:in `disable_referential_integrity'
    /usr/local/rvm/gems/ruby-1.9.3-p194/gems/activerecord-3.2.8/lib/active_record/fixtures.rb:476:in `create_fixtures'
    /usr/local/rvm/gems/ruby-1.9.3-p194/gems/activerecord-3.2.8/lib/active_record/fixtures.rb:895:in `load_fixtures'
    /usr/local/rvm/gems/ruby-1.9.3-p194/gems/activerecord-3.2.8/lib/active_record/fixtures.rb:849:in `setup_fixtures'
    /usr/local/rvm/gems/ruby-1.9.3-p194/gems/activesupport-3.2.8/lib/active_support/callbacks.rb:429:in `_run__367723503__setup__941046132__callbacks'
    /usr/local/rvm/gems/ruby-1.9.3-p194/gems/activesupport-3.2.8/lib/active_support/callbacks.rb:405:in `__run_callback'
    /usr/local/rvm/gems/ruby-1.9.3-p194/gems/activesupport-3.2.8/lib/active_support/callbacks.rb:385:in `_run_setup_callbacks'
    /usr/local/rvm/gems/ruby-1.9.3-p194/gems/activesupport-3.2.8/lib/active_support/callbacks.rb:81:in `run_callbacks'
    /usr/local/rvm/gems/ruby-1.9.3-p194/gems/activesupport-3.2.8/lib/active_support/testing/setup_and_teardown.rb:35:in `run'

  7) Error:
test_should_update_user(UsersControllerTest):
ActiveRecord::StatementInvalid: Could not find table 'users'
    /usr/local/rvm/gems/ruby-1.9.3-p194/gems/activerecord-3.2.8/lib/active_record/connection_adapters/sqlite_adapter.rb:472:in `table_structure'
    /usr/local/rvm/gems/ruby-1.9.3-p194/gems/activerecord-3.2.8/lib/active_record/connection_adapters/sqlite_adapter.rb:346:in `columns'
    /usr/local/rvm/gems/ruby-1.9.3-p194/gems/activerecord-3.2.8/lib/active_record/fixtures.rb:660:in `column_names'
    /usr/local/rvm/gems/ruby-1.9.3-p194/gems/activerecord-3.2.8/lib/active_record/fixtures.rb:652:in `timestamp_column_names'
    /usr/local/rvm/gems/ruby-1.9.3-p194/gems/activerecord-3.2.8/lib/active_record/fixtures.rb:585:in `block in table_rows'
    /usr/local/rvm/gems/ruby-1.9.3-p194/gems/activerecord-3.2.8/lib/active_record/fixtures.rb:579:in `each'
    /usr/local/rvm/gems/ruby-1.9.3-p194/gems/activerecord-3.2.8/lib/active_record/fixtures.rb:579:in `map'
    /usr/local/rvm/gems/ruby-1.9.3-p194/gems/activerecord-3.2.8/lib/active_record/fixtures.rb:579:in `table_rows'
    /usr/local/rvm/gems/ruby-1.9.3-p194/gems/activerecord-3.2.8/lib/active_record/fixtures.rb:494:in `block (3 levels) in create_fixtures'
    /usr/local/rvm/gems/ruby-1.9.3-p194/gems/activerecord-3.2.8/lib/active_record/fixtures.rb:492:in `each'
    /usr/local/rvm/gems/ruby-1.9.3-p194/gems/activerecord-3.2.8/lib/active_record/fixtures.rb:492:in `block (2 levels) in create_fixtures'
    /usr/local/rvm/gems/ruby-1.9.3-p194/gems/activerecord-3.2.8/lib/active_record/connection_adapters/abstract/database_statements.rb:192:in `transaction'
    /usr/local/rvm/gems/ruby-1.9.3-p194/gems/activerecord-3.2.8/lib/active_record/fixtures.rb:491:in `block in create_fixtures'
    /usr/local/rvm/gems/ruby-1.9.3-p194/gems/activerecord-3.2.8/lib/active_record/connection_adapters/abstract_adapter.rb:168:in `disable_referential_integrity'
    /usr/local/rvm/gems/ruby-1.9.3-p194/gems/activerecord-3.2.8/lib/active_record/fixtures.rb:476:in `create_fixtures'
    /usr/local/rvm/gems/ruby-1.9.3-p194/gems/activerecord-3.2.8/lib/active_record/fixtures.rb:895:in `load_fixtures'
    /usr/local/rvm/gems/ruby-1.9.3-p194/gems/activerecord-3.2.8/lib/active_record/fixtures.rb:849:in `setup_fixtures'
    /usr/local/rvm/gems/ruby-1.9.3-p194/gems/activesupport-3.2.8/lib/active_support/callbacks.rb:429:in `_run__367723503__setup__941046132__callbacks'
    /usr/local/rvm/gems/ruby-1.9.3-p194/gems/activesupport-3.2.8/lib/active_support/callbacks.rb:405:in `__run_callback'
    /usr/local/rvm/gems/ruby-1.9.3-p194/gems/activesupport-3.2.8/lib/active_support/callbacks.rb:385:in `_run_setup_callbacks'
    /usr/local/rvm/gems/ruby-1.9.3-p194/gems/activesupport-3.2.8/lib/active_support/callbacks.rb:81:in `run_callbacks'
    /usr/local/rvm/gems/ruby-1.9.3-p194/gems/activesupport-3.2.8/lib/active_support/testing/setup_and_teardown.rb:35:in `run'

7 tests, 0 assertions, 0 failures, 7 errors, 0 skips
Run options: -n "/^(test_should_create_micropost|test_should_destroy_micropost|test_should_get_edit|test_should_get_index|test_should_get_new|test_should_show_micropost|test_should_update_micropost)$/"

# Running tests:

EEEEEEE

Finished tests in 0.103634s, 67.5455 tests/s, 0.0000 assertions/s.

  1) Error:
test_should_create_micropost(MicropostsControllerTest):
ActiveRecord::StatementInvalid: Could not find table 'users'
    /usr/local/rvm/gems/ruby-1.9.3-p194/gems/activerecord-3.2.8/lib/active_record/connection_adapters/sqlite_adapter.rb:472:in `table_structure'
    /usr/local/rvm/gems/ruby-1.9.3-p194/gems/activerecord-3.2.8/lib/active_record/connection_adapters/sqlite_adapter.rb:346:in `columns'
    /usr/local/rvm/gems/ruby-1.9.3-p194/gems/activerecord-3.2.8/lib/active_record/fixtures.rb:660:in `column_names'
    /usr/local/rvm/gems/ruby-1.9.3-p194/gems/activerecord-3.2.8/lib/active_record/fixtures.rb:652:in `timestamp_column_names'
    /usr/local/rvm/gems/ruby-1.9.3-p194/gems/activerecord-3.2.8/lib/active_record/fixtures.rb:585:in `block in table_rows'
    /usr/local/rvm/gems/ruby-1.9.3-p194/gems/activerecord-3.2.8/lib/active_record/fixtures.rb:579:in `each'
    /usr/local/rvm/gems/ruby-1.9.3-p194/gems/activerecord-3.2.8/lib/active_record/fixtures.rb:579:in `map'
    /usr/local/rvm/gems/ruby-1.9.3-p194/gems/activerecord-3.2.8/lib/active_record/fixtures.rb:579:in `table_rows'
    /usr/local/rvm/gems/ruby-1.9.3-p194/gems/activerecord-3.2.8/lib/active_record/fixtures.rb:494:in `block (3 levels) in create_fixtures'
    /usr/local/rvm/gems/ruby-1.9.3-p194/gems/activerecord-3.2.8/lib/active_record/fixtures.rb:492:in `each'
    /usr/local/rvm/gems/ruby-1.9.3-p194/gems/activerecord-3.2.8/lib/active_record/fixtures.rb:492:in `block (2 levels) in create_fixtures'
    /usr/local/rvm/gems/ruby-1.9.3-p194/gems/activerecord-3.2.8/lib/active_record/connection_adapters/abstract/database_statements.rb:192:in `transaction'
    /usr/local/rvm/gems/ruby-1.9.3-p194/gems/activerecord-3.2.8/lib/active_record/fixtures.rb:491:in `block in create_fixtures'
    /usr/local/rvm/gems/ruby-1.9.3-p194/gems/activerecord-3.2.8/lib/active_record/connection_adapters/abstract_adapter.rb:168:in `disable_referential_integrity'
    /usr/local/rvm/gems/ruby-1.9.3-p194/gems/activerecord-3.2.8/lib/active_record/fixtures.rb:476:in `create_fixtures'
    /usr/local/rvm/gems/ruby-1.9.3-p194/gems/activerecord-3.2.8/lib/active_record/fixtures.rb:895:in `load_fixtures'
    /usr/local/rvm/gems/ruby-1.9.3-p194/gems/activerecord-3.2.8/lib/active_record/fixtures.rb:849:in `setup_fixtures'
    /usr/local/rvm/gems/ruby-1.9.3-p194/gems/activesupport-3.2.8/lib/active_support/callbacks.rb:429:in `_run__798481013__setup__837048609__callbacks'
    /usr/local/rvm/gems/ruby-1.9.3-p194/gems/activesupport-3.2.8/lib/active_support/callbacks.rb:405:in `__run_callback'
    /usr/local/rvm/gems/ruby-1.9.3-p194/gems/activesupport-3.2.8/lib/active_support/callbacks.rb:385:in `_run_setup_callbacks'
    /usr/local/rvm/gems/ruby-1.9.3-p194/gems/activesupport-3.2.8/lib/active_support/callbacks.rb:81:in `run_callbacks'
    /usr/local/rvm/gems/ruby-1.9.3-p194/gems/activesupport-3.2.8/lib/active_support/testing/setup_and_teardown.rb:35:in `run'

  2) Error:
test_should_destroy_micropost(MicropostsControllerTest):
ActiveRecord::StatementInvalid: Could not find table 'users'
    /usr/local/rvm/gems/ruby-1.9.3-p194/gems/activerecord-3.2.8/lib/active_record/connection_adapters/sqlite_adapter.rb:472:in `table_structure'
    /usr/local/rvm/gems/ruby-1.9.3-p194/gems/activerecord-3.2.8/lib/active_record/connection_adapters/sqlite_adapter.rb:346:in `columns'
    /usr/local/rvm/gems/ruby-1.9.3-p194/gems/activerecord-3.2.8/lib/active_record/fixtures.rb:660:in `column_names'
    /usr/local/rvm/gems/ruby-1.9.3-p194/gems/activerecord-3.2.8/lib/active_record/fixtures.rb:652:in `timestamp_column_names'
    /usr/local/rvm/gems/ruby-1.9.3-p194/gems/activerecord-3.2.8/lib/active_record/fixtures.rb:585:in `block in table_rows'
    /usr/local/rvm/gems/ruby-1.9.3-p194/gems/activerecord-3.2.8/lib/active_record/fixtures.rb:579:in `each'
    /usr/local/rvm/gems/ruby-1.9.3-p194/gems/activerecord-3.2.8/lib/active_record/fixtures.rb:579:in `map'
    /usr/local/rvm/gems/ruby-1.9.3-p194/gems/activerecord-3.2.8/lib/active_record/fixtures.rb:579:in `table_rows'
    /usr/local/rvm/gems/ruby-1.9.3-p194/gems/activerecord-3.2.8/lib/active_record/fixtures.rb:494:in `block (3 levels) in create_fixtures'
    /usr/local/rvm/gems/ruby-1.9.3-p194/gems/activerecord-3.2.8/lib/active_record/fixtures.rb:492:in `each'
    /usr/local/rvm/gems/ruby-1.9.3-p194/gems/activerecord-3.2.8/lib/active_record/fixtures.rb:492:in `block (2 levels) in create_fixtures'
    /usr/local/rvm/gems/ruby-1.9.3-p194/gems/activerecord-3.2.8/lib/active_record/connection_adapters/abstract/database_statements.rb:192:in `transaction'
    /usr/local/rvm/gems/ruby-1.9.3-p194/gems/activerecord-3.2.8/lib/active_record/fixtures.rb:491:in `block in create_fixtures'
    /usr/local/rvm/gems/ruby-1.9.3-p194/gems/activerecord-3.2.8/lib/active_record/connection_adapters/abstract_adapter.rb:168:in `disable_referential_integrity'
    /usr/local/rvm/gems/ruby-1.9.3-p194/gems/activerecord-3.2.8/lib/active_record/fixtures.rb:476:in `create_fixtures'
    /usr/local/rvm/gems/ruby-1.9.3-p194/gems/activerecord-3.2.8/lib/active_record/fixtures.rb:895:in `load_fixtures'
    /usr/local/rvm/gems/ruby-1.9.3-p194/gems/activerecord-3.2.8/lib/active_record/fixtures.rb:849:in `setup_fixtures'
    /usr/local/rvm/gems/ruby-1.9.3-p194/gems/activesupport-3.2.8/lib/active_support/callbacks.rb:429:in `_run__798481013__setup__837048609__callbacks'
    /usr/local/rvm/gems/ruby-1.9.3-p194/gems/activesupport-3.2.8/lib/active_support/callbacks.rb:405:in `__run_callback'
    /usr/local/rvm/gems/ruby-1.9.3-p194/gems/activesupport-3.2.8/lib/active_support/callbacks.rb:385:in `_run_setup_callbacks'
    /usr/local/rvm/gems/ruby-1.9.3-p194/gems/activesupport-3.2.8/lib/active_support/callbacks.rb:81:in `run_callbacks'
    /usr/local/rvm/gems/ruby-1.9.3-p194/gems/activesupport-3.2.8/lib/active_support/testing/setup_and_teardown.rb:35:in `run'

  3) Error:
test_should_get_edit(MicropostsControllerTest):
ActiveRecord::StatementInvalid: Could not find table 'users'
    /usr/local/rvm/gems/ruby-1.9.3-p194/gems/activerecord-3.2.8/lib/active_record/connection_adapters/sqlite_adapter.rb:472:in `table_structure'
    /usr/local/rvm/gems/ruby-1.9.3-p194/gems/activerecord-3.2.8/lib/active_record/connection_adapters/sqlite_adapter.rb:346:in `columns'
    /usr/local/rvm/gems/ruby-1.9.3-p194/gems/activerecord-3.2.8/lib/active_record/fixtures.rb:660:in `column_names'
    /usr/local/rvm/gems/ruby-1.9.3-p194/gems/activerecord-3.2.8/lib/active_record/fixtures.rb:652:in `timestamp_column_names'
    /usr/local/rvm/gems/ruby-1.9.3-p194/gems/activerecord-3.2.8/lib/active_record/fixtures.rb:585:in `block in table_rows'
    /usr/local/rvm/gems/ruby-1.9.3-p194/gems/activerecord-3.2.8/lib/active_record/fixtures.rb:579:in `each'
    /usr/local/rvm/gems/ruby-1.9.3-p194/gems/activerecord-3.2.8/lib/active_record/fixtures.rb:579:in `map'
    /usr/local/rvm/gems/ruby-1.9.3-p194/gems/activerecord-3.2.8/lib/active_record/fixtures.rb:579:in `table_rows'
    /usr/local/rvm/gems/ruby-1.9.3-p194/gems/activerecord-3.2.8/lib/active_record/fixtures.rb:494:in `block (3 levels) in create_fixtures'
    /usr/local/rvm/gems/ruby-1.9.3-p194/gems/activerecord-3.2.8/lib/active_record/fixtures.rb:492:in `each'
    /usr/local/rvm/gems/ruby-1.9.3-p194/gems/activerecord-3.2.8/lib/active_record/fixtures.rb:492:in `block (2 levels) in create_fixtures'
    /usr/local/rvm/gems/ruby-1.9.3-p194/gems/activerecord-3.2.8/lib/active_record/connection_adapters/abstract/database_statements.rb:192:in `transaction'
    /usr/local/rvm/gems/ruby-1.9.3-p194/gems/activerecord-3.2.8/lib/active_record/fixtures.rb:491:in `block in create_fixtures'
    /usr/local/rvm/gems/ruby-1.9.3-p194/gems/activerecord-3.2.8/lib/active_record/connection_adapters/abstract_adapter.rb:168:in `disable_referential_integrity'
    /usr/local/rvm/gems/ruby-1.9.3-p194/gems/activerecord-3.2.8/lib/active_record/fixtures.rb:476:in `create_fixtures'
    /usr/local/rvm/gems/ruby-1.9.3-p194/gems/activerecord-3.2.8/lib/active_record/fixtures.rb:895:in `load_fixtures'
    /usr/local/rvm/gems/ruby-1.9.3-p194/gems/activerecord-3.2.8/lib/active_record/fixtures.rb:849:in `setup_fixtures'
    /usr/local/rvm/gems/ruby-1.9.3-p194/gems/activesupport-3.2.8/lib/active_support/callbacks.rb:429:in `_run__798481013__setup__837048609__callbacks'
    /usr/local/rvm/gems/ruby-1.9.3-p194/gems/activesupport-3.2.8/lib/active_support/callbacks.rb:405:in `__run_callback'
    /usr/local/rvm/gems/ruby-1.9.3-p194/gems/activesupport-3.2.8/lib/active_support/callbacks.rb:385:in `_run_setup_callbacks'
    /usr/local/rvm/gems/ruby-1.9.3-p194/gems/activesupport-3.2.8/lib/active_support/callbacks.rb:81:in `run_callbacks'
    /usr/local/rvm/gems/ruby-1.9.3-p194/gems/activesupport-3.2.8/lib/active_support/testing/setup_and_teardown.rb:35:in `run'

  4) Error:
test_should_get_index(MicropostsControllerTest):
ActiveRecord::StatementInvalid: Could not find table 'users'
    /usr/local/rvm/gems/ruby-1.9.3-p194/gems/activerecord-3.2.8/lib/active_record/connection_adapters/sqlite_adapter.rb:472:in `table_structure'
    /usr/local/rvm/gems/ruby-1.9.3-p194/gems/activerecord-3.2.8/lib/active_record/connection_adapters/sqlite_adapter.rb:346:in `columns'
    /usr/local/rvm/gems/ruby-1.9.3-p194/gems/activerecord-3.2.8/lib/active_record/fixtures.rb:660:in `column_names'
    /usr/local/rvm/gems/ruby-1.9.3-p194/gems/activerecord-3.2.8/lib/active_record/fixtures.rb:652:in `timestamp_column_names'
    /usr/local/rvm/gems/ruby-1.9.3-p194/gems/activerecord-3.2.8/lib/active_record/fixtures.rb:585:in `block in table_rows'
    /usr/local/rvm/gems/ruby-1.9.3-p194/gems/activerecord-3.2.8/lib/active_record/fixtures.rb:579:in `each'
    /usr/local/rvm/gems/ruby-1.9.3-p194/gems/activerecord-3.2.8/lib/active_record/fixtures.rb:579:in `map'
    /usr/local/rvm/gems/ruby-1.9.3-p194/gems/activerecord-3.2.8/lib/active_record/fixtures.rb:579:in `table_rows'
    /usr/local/rvm/gems/ruby-1.9.3-p194/gems/activerecord-3.2.8/lib/active_record/fixtures.rb:494:in `block (3 levels) in create_fixtures'
    /usr/local/rvm/gems/ruby-1.9.3-p194/gems/activerecord-3.2.8/lib/active_record/fixtures.rb:492:in `each'
    /usr/local/rvm/gems/ruby-1.9.3-p194/gems/activerecord-3.2.8/lib/active_record/fixtures.rb:492:in `block (2 levels) in create_fixtures'
    /usr/local/rvm/gems/ruby-1.9.3-p194/gems/activerecord-3.2.8/lib/active_record/connection_adapters/abstract/database_statements.rb:192:in `transaction'
    /usr/local/rvm/gems/ruby-1.9.3-p194/gems/activerecord-3.2.8/lib/active_record/fixtures.rb:491:in `block in create_fixtures'
    /usr/local/rvm/gems/ruby-1.9.3-p194/gems/activerecord-3.2.8/lib/active_record/connection_adapters/abstract_adapter.rb:168:in `disable_referential_integrity'
    /usr/local/rvm/gems/ruby-1.9.3-p194/gems/activerecord-3.2.8/lib/active_record/fixtures.rb:476:in `create_fixtures'
    /usr/local/rvm/gems/ruby-1.9.3-p194/gems/activerecord-3.2.8/lib/active_record/fixtures.rb:895:in `load_fixtures'
    /usr/local/rvm/gems/ruby-1.9.3-p194/gems/activerecord-3.2.8/lib/active_record/fixtures.rb:849:in `setup_fixtures'
    /usr/local/rvm/gems/ruby-1.9.3-p194/gems/activesupport-3.2.8/lib/active_support/callbacks.rb:429:in `_run__798481013__setup__837048609__callbacks'
    /usr/local/rvm/gems/ruby-1.9.3-p194/gems/activesupport-3.2.8/lib/active_support/callbacks.rb:405:in `__run_callback'
    /usr/local/rvm/gems/ruby-1.9.3-p194/gems/activesupport-3.2.8/lib/active_support/callbacks.rb:385:in `_run_setup_callbacks'
    /usr/local/rvm/gems/ruby-1.9.3-p194/gems/activesupport-3.2.8/lib/active_support/callbacks.rb:81:in `run_callbacks'
    /usr/local/rvm/gems/ruby-1.9.3-p194/gems/activesupport-3.2.8/lib/active_support/testing/setup_and_teardown.rb:35:in `run'

  5) Error:
test_should_get_new(MicropostsControllerTest):
ActiveRecord::StatementInvalid: Could not find table 'users'
    /usr/local/rvm/gems/ruby-1.9.3-p194/gems/activerecord-3.2.8/lib/active_record/connection_adapters/sqlite_adapter.rb:472:in `table_structure'
    /usr/local/rvm/gems/ruby-1.9.3-p194/gems/activerecord-3.2.8/lib/active_record/connection_adapters/sqlite_adapter.rb:346:in `columns'
    /usr/local/rvm/gems/ruby-1.9.3-p194/gems/activerecord-3.2.8/lib/active_record/fixtures.rb:660:in `column_names'
    /usr/local/rvm/gems/ruby-1.9.3-p194/gems/activerecord-3.2.8/lib/active_record/fixtures.rb:652:in `timestamp_column_names'
    /usr/local/rvm/gems/ruby-1.9.3-p194/gems/activerecord-3.2.8/lib/active_record/fixtures.rb:585:in `block in table_rows'
    /usr/local/rvm/gems/ruby-1.9.3-p194/gems/activerecord-3.2.8/lib/active_record/fixtures.rb:579:in `each'
    /usr/local/rvm/gems/ruby-1.9.3-p194/gems/activerecord-3.2.8/lib/active_record/fixtures.rb:579:in `map'
    /usr/local/rvm/gems/ruby-1.9.3-p194/gems/activerecord-3.2.8/lib/active_record/fixtures.rb:579:in `table_rows'
    /usr/local/rvm/gems/ruby-1.9.3-p194/gems/activerecord-3.2.8/lib/active_record/fixtures.rb:494:in `block (3 levels) in create_fixtures'
    /usr/local/rvm/gems/ruby-1.9.3-p194/gems/activerecord-3.2.8/lib/active_record/fixtures.rb:492:in `each'
    /usr/local/rvm/gems/ruby-1.9.3-p194/gems/activerecord-3.2.8/lib/active_record/fixtures.rb:492:in `block (2 levels) in create_fixtures'
    /usr/local/rvm/gems/ruby-1.9.3-p194/gems/activerecord-3.2.8/lib/active_record/connection_adapters/abstract/database_statements.rb:192:in `transaction'
    /usr/local/rvm/gems/ruby-1.9.3-p194/gems/activerecord-3.2.8/lib/active_record/fixtures.rb:491:in `block in create_fixtures'
    /usr/local/rvm/gems/ruby-1.9.3-p194/gems/activerecord-3.2.8/lib/active_record/connection_adapters/abstract_adapter.rb:168:in `disable_referential_integrity'
    /usr/local/rvm/gems/ruby-1.9.3-p194/gems/activerecord-3.2.8/lib/active_record/fixtures.rb:476:in `create_fixtures'
    /usr/local/rvm/gems/ruby-1.9.3-p194/gems/activerecord-3.2.8/lib/active_record/fixtures.rb:895:in `load_fixtures'
    /usr/local/rvm/gems/ruby-1.9.3-p194/gems/activerecord-3.2.8/lib/active_record/fixtures.rb:849:in `setup_fixtures'
    /usr/local/rvm/gems/ruby-1.9.3-p194/gems/activesupport-3.2.8/lib/active_support/callbacks.rb:429:in `_run__798481013__setup__837048609__callbacks'
    /usr/local/rvm/gems/ruby-1.9.3-p194/gems/activesupport-3.2.8/lib/active_support/callbacks.rb:405:in `__run_callback'
    /usr/local/rvm/gems/ruby-1.9.3-p194/gems/activesupport-3.2.8/lib/active_support/callbacks.rb:385:in `_run_setup_callbacks'
    /usr/local/rvm/gems/ruby-1.9.3-p194/gems/activesupport-3.2.8/lib/active_support/callbacks.rb:81:in `run_callbacks'
    /usr/local/rvm/gems/ruby-1.9.3-p194/gems/activesupport-3.2.8/lib/active_support/testing/setup_and_teardown.rb:35:in `run'

  6) Error:
test_should_show_micropost(MicropostsControllerTest):
ActiveRecord::StatementInvalid: Could not find table 'users'
    /usr/local/rvm/gems/ruby-1.9.3-p194/gems/activerecord-3.2.8/lib/active_record/connection_adapters/sqlite_adapter.rb:472:in `table_structure'
    /usr/local/rvm/gems/ruby-1.9.3-p194/gems/activerecord-3.2.8/lib/active_record/connection_adapters/sqlite_adapter.rb:346:in `columns'
    /usr/local/rvm/gems/ruby-1.9.3-p194/gems/activerecord-3.2.8/lib/active_record/fixtures.rb:660:in `column_names'
    /usr/local/rvm/gems/ruby-1.9.3-p194/gems/activerecord-3.2.8/lib/active_record/fixtures.rb:652:in `timestamp_column_names'
    /usr/local/rvm/gems/ruby-1.9.3-p194/gems/activerecord-3.2.8/lib/active_record/fixtures.rb:585:in `block in table_rows'
    /usr/local/rvm/gems/ruby-1.9.3-p194/gems/activerecord-3.2.8/lib/active_record/fixtures.rb:579:in `each'
    /usr/local/rvm/gems/ruby-1.9.3-p194/gems/activerecord-3.2.8/lib/active_record/fixtures.rb:579:in `map'
    /usr/local/rvm/gems/ruby-1.9.3-p194/gems/activerecord-3.2.8/lib/active_record/fixtures.rb:579:in `table_rows'
    /usr/local/rvm/gems/ruby-1.9.3-p194/gems/activerecord-3.2.8/lib/active_record/fixtures.rb:494:in `block (3 levels) in create_fixtures'
    /usr/local/rvm/gems/ruby-1.9.3-p194/gems/activerecord-3.2.8/lib/active_record/fixtures.rb:492:in `each'
    /usr/local/rvm/gems/ruby-1.9.3-p194/gems/activerecord-3.2.8/lib/active_record/fixtures.rb:492:in `block (2 levels) in create_fixtures'
    /usr/local/rvm/gems/ruby-1.9.3-p194/gems/activerecord-3.2.8/lib/active_record/connection_adapters/abstract/database_statements.rb:192:in `transaction'
    /usr/local/rvm/gems/ruby-1.9.3-p194/gems/activerecord-3.2.8/lib/active_record/fixtures.rb:491:in `block in create_fixtures'
    /usr/local/rvm/gems/ruby-1.9.3-p194/gems/activerecord-3.2.8/lib/active_record/connection_adapters/abstract_adapter.rb:168:in `disable_referential_integrity'
    /usr/local/rvm/gems/ruby-1.9.3-p194/gems/activerecord-3.2.8/lib/active_record/fixtures.rb:476:in `create_fixtures'
    /usr/local/rvm/gems/ruby-1.9.3-p194/gems/activerecord-3.2.8/lib/active_record/fixtures.rb:895:in `load_fixtures'
    /usr/local/rvm/gems/ruby-1.9.3-p194/gems/activerecord-3.2.8/lib/active_record/fixtures.rb:849:in `setup_fixtures'
    /usr/local/rvm/gems/ruby-1.9.3-p194/gems/activesupport-3.2.8/lib/active_support/callbacks.rb:429:in `_run__798481013__setup__837048609__callbacks'
    /usr/local/rvm/gems/ruby-1.9.3-p194/gems/activesupport-3.2.8/lib/active_support/callbacks.rb:405:in `__run_callback'
    /usr/local/rvm/gems/ruby-1.9.3-p194/gems/activesupport-3.2.8/lib/active_support/callbacks.rb:385:in `_run_setup_callbacks'
    /usr/local/rvm/gems/ruby-1.9.3-p194/gems/activesupport-3.2.8/lib/active_support/callbacks.rb:81:in `run_callbacks'
    /usr/local/rvm/gems/ruby-1.9.3-p194/gems/activesupport-3.2.8/lib/active_support/testing/setup_and_teardown.rb:35:in `run'

  7) Error:
test_should_update_micropost(MicropostsControllerTest):
ActiveRecord::StatementInvalid: Could not find table 'users'
    /usr/local/rvm/gems/ruby-1.9.3-p194/gems/activerecord-3.2.8/lib/active_record/connection_adapters/sqlite_adapter.rb:472:in `table_structure'
    /usr/local/rvm/gems/ruby-1.9.3-p194/gems/activerecord-3.2.8/lib/active_record/connection_adapters/sqlite_adapter.rb:346:in `columns'
    /usr/local/rvm/gems/ruby-1.9.3-p194/gems/activerecord-3.2.8/lib/active_record/fixtures.rb:660:in `column_names'
    /usr/local/rvm/gems/ruby-1.9.3-p194/gems/activerecord-3.2.8/lib/active_record/fixtures.rb:652:in `timestamp_column_names'
    /usr/local/rvm/gems/ruby-1.9.3-p194/gems/activerecord-3.2.8/lib/active_record/fixtures.rb:585:in `block in table_rows'
    /usr/local/rvm/gems/ruby-1.9.3-p194/gems/activerecord-3.2.8/lib/active_record/fixtures.rb:579:in `each'
    /usr/local/rvm/gems/ruby-1.9.3-p194/gems/activerecord-3.2.8/lib/active_record/fixtures.rb:579:in `map'
    /usr/local/rvm/gems/ruby-1.9.3-p194/gems/activerecord-3.2.8/lib/active_record/fixtures.rb:579:in `table_rows'
    /usr/local/rvm/gems/ruby-1.9.3-p194/gems/activerecord-3.2.8/lib/active_record/fixtures.rb:494:in `block (3 levels) in create_fixtures'
    /usr/local/rvm/gems/ruby-1.9.3-p194/gems/activerecord-3.2.8/lib/active_record/fixtures.rb:492:in `each'
    /usr/local/rvm/gems/ruby-1.9.3-p194/gems/activerecord-3.2.8/lib/active_record/fixtures.rb:492:in `block (2 levels) in create_fixtures'
    /usr/local/rvm/gems/ruby-1.9.3-p194/gems/activerecord-3.2.8/lib/active_record/connection_adapters/abstract/database_statements.rb:192:in `transaction'
    /usr/local/rvm/gems/ruby-1.9.3-p194/gems/activerecord-3.2.8/lib/active_record/fixtures.rb:491:in `block in create_fixtures'
    /usr/local/rvm/gems/ruby-1.9.3-p194/gems/activerecord-3.2.8/lib/active_record/connection_adapters/abstract_adapter.rb:168:in `disable_referential_integrity'
    /usr/local/rvm/gems/ruby-1.9.3-p194/gems/activerecord-3.2.8/lib/active_record/fixtures.rb:476:in `create_fixtures'
    /usr/local/rvm/gems/ruby-1.9.3-p194/gems/activerecord-3.2.8/lib/active_record/fixtures.rb:895:in `load_fixtures'
    /usr/local/rvm/gems/ruby-1.9.3-p194/gems/activerecord-3.2.8/lib/active_record/fixtures.rb:849:in `setup_fixtures'
    /usr/local/rvm/gems/ruby-1.9.3-p194/gems/activesupport-3.2.8/lib/active_support/callbacks.rb:429:in `_run__798481013__setup__837048609__callbacks'
    /usr/local/rvm/gems/ruby-1.9.3-p194/gems/activesupport-3.2.8/lib/active_support/callbacks.rb:405:in `__run_callback'
    /usr/local/rvm/gems/ruby-1.9.3-p194/gems/activesupport-3.2.8/lib/active_support/callbacks.rb:385:in `_run_setup_callbacks'
    /usr/local/rvm/gems/ruby-1.9.3-p194/gems/activesupport-3.2.8/lib/active_support/callbacks.rb:81:in `run_callbacks'
    /usr/local/rvm/gems/ruby-1.9.3-p194/gems/activesupport-3.2.8/lib/active_support/testing/setup_and_teardown.rb:35:in `run'

7 tests, 0 assertions, 0 failures, 7 errors, 0 skips
/usr/local/rvm/rubies/ruby-1.9.3-p194/bin/ruby -I.:lib:test -rubygems test/functional/users_controller_test.rb -n "/^(test_should_create_user|test_should_destroy_user|test_should_get_edit|test_should_get_index|test_should_get_new|test_should_show_user|test_should_update_user)$/"; /usr/local/rvm/rubies/ruby-1.9.3-p194/bin/ruby -I.:lib:test -rubygems test/functional/pages_controller_test.rb -n "/^(test_should_get_contact|test_should_get_home)$/"; /usr/local/rvm/rubies/ruby-1.9.3-p194/bin/ruby -I.:lib:test -rubygems test/functional/microposts_controller_test.rb -n "/^(test_should_create_micropost|test_should_destroy_micropost|test_should_get_edit|test_should_get_index|test_should_get_new|test_should_show_micropost|test_should_update_micropost)$/"
Run options: -n "/^(test_should_create_user|test_should_destroy_user|test_should_get_edit|test_should_get_index|test_should_get_new|test_should_show_user|test_should_update_user)$/"

# Running tests:

EEEEEEE

Finished tests in 0.104584s, 66.9320 tests/s, 0.0000 assertions/s.

  1) Error:
test_should_create_user(UsersControllerTest):
ActiveRecord::StatementInvalid: Could not find table 'users'
    /usr/local/rvm/gems/ruby-1.9.3-p194/gems/activerecord-3.2.8/lib/active_record/connection_adapters/sqlite_adapter.rb:472:in `table_structure'
    /usr/local/rvm/gems/ruby-1.9.3-p194/gems/activerecord-3.2.8/lib/active_record/connection_adapters/sqlite_adapter.rb:346:in `columns'
    /usr/local/rvm/gems/ruby-1.9.3-p194/gems/activerecord-3.2.8/lib/active_record/fixtures.rb:660:in `column_names'
    /usr/local/rvm/gems/ruby-1.9.3-p194/gems/activerecord-3.2.8/lib/active_record/fixtures.rb:652:in `timestamp_column_names'
    /usr/local/rvm/gems/ruby-1.9.3-p194/gems/activerecord-3.2.8/lib/active_record/fixtures.rb:585:in `block in table_rows'
    /usr/local/rvm/gems/ruby-1.9.3-p194/gems/activerecord-3.2.8/lib/active_record/fixtures.rb:579:in `each'
    /usr/local/rvm/gems/ruby-1.9.3-p194/gems/activerecord-3.2.8/lib/active_record/fixtures.rb:579:in `map'
    /usr/local/rvm/gems/ruby-1.9.3-p194/gems/activerecord-3.2.8/lib/active_record/fixtures.rb:579:in `table_rows'
    /usr/local/rvm/gems/ruby-1.9.3-p194/gems/activerecord-3.2.8/lib/active_record/fixtures.rb:494:in `block (3 levels) in create_fixtures'
    /usr/local/rvm/gems/ruby-1.9.3-p194/gems/activerecord-3.2.8/lib/active_record/fixtures.rb:492:in `each'
    /usr/local/rvm/gems/ruby-1.9.3-p194/gems/activerecord-3.2.8/lib/active_record/fixtures.rb:492:in `block (2 levels) in create_fixtures'
    /usr/local/rvm/gems/ruby-1.9.3-p194/gems/activerecord-3.2.8/lib/active_record/connection_adapters/abstract/database_statements.rb:192:in `transaction'
    /usr/local/rvm/gems/ruby-1.9.3-p194/gems/activerecord-3.2.8/lib/active_record/fixtures.rb:491:in `block in create_fixtures'
    /usr/local/rvm/gems/ruby-1.9.3-p194/gems/activerecord-3.2.8/lib/active_record/connection_adapters/abstract_adapter.rb:168:in `disable_referential_integrity'
    /usr/local/rvm/gems/ruby-1.9.3-p194/gems/activerecord-3.2.8/lib/active_record/fixtures.rb:476:in `create_fixtures'
    /usr/local/rvm/gems/ruby-1.9.3-p194/gems/activerecord-3.2.8/lib/active_record/fixtures.rb:895:in `load_fixtures'
    /usr/local/rvm/gems/ruby-1.9.3-p194/gems/activerecord-3.2.8/lib/active_record/fixtures.rb:849:in `setup_fixtures'
    /usr/local/rvm/gems/ruby-1.9.3-p194/gems/activesupport-3.2.8/lib/active_support/callbacks.rb:429:in `_run__38097359__setup__998251758__callbacks'
    /usr/local/rvm/gems/ruby-1.9.3-p194/gems/activesupport-3.2.8/lib/active_support/callbacks.rb:405:in `__run_callback'
    /usr/local/rvm/gems/ruby-1.9.3-p194/gems/activesupport-3.2.8/lib/active_support/callbacks.rb:385:in `_run_setup_callbacks'
    /usr/local/rvm/gems/ruby-1.9.3-p194/gems/activesupport-3.2.8/lib/active_support/callbacks.rb:81:in `run_callbacks'
    /usr/local/rvm/gems/ruby-1.9.3-p194/gems/activesupport-3.2.8/lib/active_support/testing/setup_and_teardown.rb:35:in `run'

  2) Error:
test_should_destroy_user(UsersControllerTest):
ActiveRecord::StatementInvalid: Could not find table 'users'
    /usr/local/rvm/gems/ruby-1.9.3-p194/gems/activerecord-3.2.8/lib/active_record/connection_adapters/sqlite_adapter.rb:472:in `table_structure'
    /usr/local/rvm/gems/ruby-1.9.3-p194/gems/activerecord-3.2.8/lib/active_record/connection_adapters/sqlite_adapter.rb:346:in `columns'
    /usr/local/rvm/gems/ruby-1.9.3-p194/gems/activerecord-3.2.8/lib/active_record/fixtures.rb:660:in `column_names'
    /usr/local/rvm/gems/ruby-1.9.3-p194/gems/activerecord-3.2.8/lib/active_record/fixtures.rb:652:in `timestamp_column_names'
    /usr/local/rvm/gems/ruby-1.9.3-p194/gems/activerecord-3.2.8/lib/active_record/fixtures.rb:585:in `block in table_rows'
    /usr/local/rvm/gems/ruby-1.9.3-p194/gems/activerecord-3.2.8/lib/active_record/fixtures.rb:579:in `each'
    /usr/local/rvm/gems/ruby-1.9.3-p194/gems/activerecord-3.2.8/lib/active_record/fixtures.rb:579:in `map'
    /usr/local/rvm/gems/ruby-1.9.3-p194/gems/activerecord-3.2.8/lib/active_record/fixtures.rb:579:in `table_rows'
    /usr/local/rvm/gems/ruby-1.9.3-p194/gems/activerecord-3.2.8/lib/active_record/fixtures.rb:494:in `block (3 levels) in create_fixtures'
    /usr/local/rvm/gems/ruby-1.9.3-p194/gems/activerecord-3.2.8/lib/active_record/fixtures.rb:492:in `each'
    /usr/local/rvm/gems/ruby-1.9.3-p194/gems/activerecord-3.2.8/lib/active_record/fixtures.rb:492:in `block (2 levels) in create_fixtures'
    /usr/local/rvm/gems/ruby-1.9.3-p194/gems/activerecord-3.2.8/lib/active_record/connection_adapters/abstract/database_statements.rb:192:in `transaction'
    /usr/local/rvm/gems/ruby-1.9.3-p194/gems/activerecord-3.2.8/lib/active_record/fixtures.rb:491:in `block in create_fixtures'
    /usr/local/rvm/gems/ruby-1.9.3-p194/gems/activerecord-3.2.8/lib/active_record/connection_adapters/abstract_adapter.rb:168:in `disable_referential_integrity'
    /usr/local/rvm/gems/ruby-1.9.3-p194/gems/activerecord-3.2.8/lib/active_record/fixtures.rb:476:in `create_fixtures'
    /usr/local/rvm/gems/ruby-1.9.3-p194/gems/activerecord-3.2.8/lib/active_record/fixtures.rb:895:in `load_fixtures'
    /usr/local/rvm/gems/ruby-1.9.3-p194/gems/activerecord-3.2.8/lib/active_record/fixtures.rb:849:in `setup_fixtures'
    /usr/local/rvm/gems/ruby-1.9.3-p194/gems/activesupport-3.2.8/lib/active_support/callbacks.rb:429:in `_run__38097359__setup__998251758__callbacks'
    /usr/local/rvm/gems/ruby-1.9.3-p194/gems/activesupport-3.2.8/lib/active_support/callbacks.rb:405:in `__run_callback'
    /usr/local/rvm/gems/ruby-1.9.3-p194/gems/activesupport-3.2.8/lib/active_support/callbacks.rb:385:in `_run_setup_callbacks'
    /usr/local/rvm/gems/ruby-1.9.3-p194/gems/activesupport-3.2.8/lib/active_support/callbacks.rb:81:in `run_callbacks'
    /usr/local/rvm/gems/ruby-1.9.3-p194/gems/activesupport-3.2.8/lib/active_support/testing/setup_and_teardown.rb:35:in `run'

  3) Error:
test_should_get_edit(UsersControllerTest):
ActiveRecord::StatementInvalid: Could not find table 'users'
    /usr/local/rvm/gems/ruby-1.9.3-p194/gems/activerecord-3.2.8/lib/active_record/connection_adapters/sqlite_adapter.rb:472:in `table_structure'
    /usr/local/rvm/gems/ruby-1.9.3-p194/gems/activerecord-3.2.8/lib/active_record/connection_adapters/sqlite_adapter.rb:346:in `columns'
    /usr/local/rvm/gems/ruby-1.9.3-p194/gems/activerecord-3.2.8/lib/active_record/fixtures.rb:660:in `column_names'
    /usr/local/rvm/gems/ruby-1.9.3-p194/gems/activerecord-3.2.8/lib/active_record/fixtures.rb:652:in `timestamp_column_names'
    /usr/local/rvm/gems/ruby-1.9.3-p194/gems/activerecord-3.2.8/lib/active_record/fixtures.rb:585:in `block in table_rows'
    /usr/local/rvm/gems/ruby-1.9.3-p194/gems/activerecord-3.2.8/lib/active_record/fixtures.rb:579:in `each'
    /usr/local/rvm/gems/ruby-1.9.3-p194/gems/activerecord-3.2.8/lib/active_record/fixtures.rb:579:in `map'
    /usr/local/rvm/gems/ruby-1.9.3-p194/gems/activerecord-3.2.8/lib/active_record/fixtures.rb:579:in `table_rows'
    /usr/local/rvm/gems/ruby-1.9.3-p194/gems/activerecord-3.2.8/lib/active_record/fixtures.rb:494:in `block (3 levels) in create_fixtures'
    /usr/local/rvm/gems/ruby-1.9.3-p194/gems/activerecord-3.2.8/lib/active_record/fixtures.rb:492:in `each'
    /usr/local/rvm/gems/ruby-1.9.3-p194/gems/activerecord-3.2.8/lib/active_record/fixtures.rb:492:in `block (2 levels) in create_fixtures'
    /usr/local/rvm/gems/ruby-1.9.3-p194/gems/activerecord-3.2.8/lib/active_record/connection_adapters/abstract/database_statements.rb:192:in `transaction'
    /usr/local/rvm/gems/ruby-1.9.3-p194/gems/activerecord-3.2.8/lib/active_record/fixtures.rb:491:in `block in create_fixtures'
    /usr/local/rvm/gems/ruby-1.9.3-p194/gems/activerecord-3.2.8/lib/active_record/connection_adapters/abstract_adapter.rb:168:in `disable_referential_integrity'
    /usr/local/rvm/gems/ruby-1.9.3-p194/gems/activerecord-3.2.8/lib/active_record/fixtures.rb:476:in `create_fixtures'
    /usr/local/rvm/gems/ruby-1.9.3-p194/gems/activerecord-3.2.8/lib/active_record/fixtures.rb:895:in `load_fixtures'
    /usr/local/rvm/gems/ruby-1.9.3-p194/gems/activerecord-3.2.8/lib/active_record/fixtures.rb:849:in `setup_fixtures'
    /usr/local/rvm/gems/ruby-1.9.3-p194/gems/activesupport-3.2.8/lib/active_support/callbacks.rb:429:in `_run__38097359__setup__998251758__callbacks'
    /usr/local/rvm/gems/ruby-1.9.3-p194/gems/activesupport-3.2.8/lib/active_support/callbacks.rb:405:in `__run_callback'
    /usr/local/rvm/gems/ruby-1.9.3-p194/gems/activesupport-3.2.8/lib/active_support/callbacks.rb:385:in `_run_setup_callbacks'
    /usr/local/rvm/gems/ruby-1.9.3-p194/gems/activesupport-3.2.8/lib/active_support/callbacks.rb:81:in `run_callbacks'
    /usr/local/rvm/gems/ruby-1.9.3-p194/gems/activesupport-3.2.8/lib/active_support/testing/setup_and_teardown.rb:35:in `run'

  4) Error:
test_should_get_index(UsersControllerTest):
ActiveRecord::StatementInvalid: Could not find table 'users'
    /usr/local/rvm/gems/ruby-1.9.3-p194/gems/activerecord-3.2.8/lib/active_record/connection_adapters/sqlite_adapter.rb:472:in `table_structure'
    /usr/local/rvm/gems/ruby-1.9.3-p194/gems/activerecord-3.2.8/lib/active_record/connection_adapters/sqlite_adapter.rb:346:in `columns'
    /usr/local/rvm/gems/ruby-1.9.3-p194/gems/activerecord-3.2.8/lib/active_record/fixtures.rb:660:in `column_names'
    /usr/local/rvm/gems/ruby-1.9.3-p194/gems/activerecord-3.2.8/lib/active_record/fixtures.rb:652:in `timestamp_column_names'
    /usr/local/rvm/gems/ruby-1.9.3-p194/gems/activerecord-3.2.8/lib/active_record/fixtures.rb:585:in `block in table_rows'
    /usr/local/rvm/gems/ruby-1.9.3-p194/gems/activerecord-3.2.8/lib/active_record/fixtures.rb:579:in `each'
    /usr/local/rvm/gems/ruby-1.9.3-p194/gems/activerecord-3.2.8/lib/active_record/fixtures.rb:579:in `map'
    /usr/local/rvm/gems/ruby-1.9.3-p194/gems/activerecord-3.2.8/lib/active_record/fixtures.rb:579:in `table_rows'
    /usr/local/rvm/gems/ruby-1.9.3-p194/gems/activerecord-3.2.8/lib/active_record/fixtures.rb:494:in `block (3 levels) in create_fixtures'
    /usr/local/rvm/gems/ruby-1.9.3-p194/gems/activerecord-3.2.8/lib/active_record/fixtures.rb:492:in `each'
    /usr/local/rvm/gems/ruby-1.9.3-p194/gems/activerecord-3.2.8/lib/active_record/fixtures.rb:492:in `block (2 levels) in create_fixtures'
    /usr/local/rvm/gems/ruby-1.9.3-p194/gems/activerecord-3.2.8/lib/active_record/connection_adapters/abstract/database_statements.rb:192:in `transaction'
    /usr/local/rvm/gems/ruby-1.9.3-p194/gems/activerecord-3.2.8/lib/active_record/fixtures.rb:491:in `block in create_fixtures'
    /usr/local/rvm/gems/ruby-1.9.3-p194/gems/activerecord-3.2.8/lib/active_record/connection_adapters/abstract_adapter.rb:168:in `disable_referential_integrity'
    /usr/local/rvm/gems/ruby-1.9.3-p194/gems/activerecord-3.2.8/lib/active_record/fixtures.rb:476:in `create_fixtures'
    /usr/local/rvm/gems/ruby-1.9.3-p194/gems/activerecord-3.2.8/lib/active_record/fixtures.rb:895:in `load_fixtures'
    /usr/local/rvm/gems/ruby-1.9.3-p194/gems/activerecord-3.2.8/lib/active_record/fixtures.rb:849:in `setup_fixtures'
    /usr/local/rvm/gems/ruby-1.9.3-p194/gems/activesupport-3.2.8/lib/active_support/callbacks.rb:429:in `_run__38097359__setup__998251758__callbacks'
    /usr/local/rvm/gems/ruby-1.9.3-p194/gems/activesupport-3.2.8/lib/active_support/callbacks.rb:405:in `__run_callback'
    /usr/local/rvm/gems/ruby-1.9.3-p194/gems/activesupport-3.2.8/lib/active_support/callbacks.rb:385:in `_run_setup_callbacks'
    /usr/local/rvm/gems/ruby-1.9.3-p194/gems/activesupport-3.2.8/lib/active_support/callbacks.rb:81:in `run_callbacks'
    /usr/local/rvm/gems/ruby-1.9.3-p194/gems/activesupport-3.2.8/lib/active_support/testing/setup_and_teardown.rb:35:in `run'

  5) Error:
test_should_get_new(UsersControllerTest):
ActiveRecord::StatementInvalid: Could not find table 'users'
    /usr/local/rvm/gems/ruby-1.9.3-p194/gems/activerecord-3.2.8/lib/active_record/connection_adapters/sqlite_adapter.rb:472:in `table_structure'
    /usr/local/rvm/gems/ruby-1.9.3-p194/gems/activerecord-3.2.8/lib/active_record/connection_adapters/sqlite_adapter.rb:346:in `columns'
    /usr/local/rvm/gems/ruby-1.9.3-p194/gems/activerecord-3.2.8/lib/active_record/fixtures.rb:660:in `column_names'
    /usr/local/rvm/gems/ruby-1.9.3-p194/gems/activerecord-3.2.8/lib/active_record/fixtures.rb:652:in `timestamp_column_names'
    /usr/local/rvm/gems/ruby-1.9.3-p194/gems/activerecord-3.2.8/lib/active_record/fixtures.rb:585:in `block in table_rows'
    /usr/local/rvm/gems/ruby-1.9.3-p194/gems/activerecord-3.2.8/lib/active_record/fixtures.rb:579:in `each'
    /usr/local/rvm/gems/ruby-1.9.3-p194/gems/activerecord-3.2.8/lib/active_record/fixtures.rb:579:in `map'
    /usr/local/rvm/gems/ruby-1.9.3-p194/gems/activerecord-3.2.8/lib/active_record/fixtures.rb:579:in `table_rows'
    /usr/local/rvm/gems/ruby-1.9.3-p194/gems/activerecord-3.2.8/lib/active_record/fixtures.rb:494:in `block (3 levels) in create_fixtures'
    /usr/local/rvm/gems/ruby-1.9.3-p194/gems/activerecord-3.2.8/lib/active_record/fixtures.rb:492:in `each'
    /usr/local/rvm/gems/ruby-1.9.3-p194/gems/activerecord-3.2.8/lib/active_record/fixtures.rb:492:in `block (2 levels) in create_fixtures'
    /usr/local/rvm/gems/ruby-1.9.3-p194/gems/activerecord-3.2.8/lib/active_record/connection_adapters/abstract/database_statements.rb:192:in `transaction'
    /usr/local/rvm/gems/ruby-1.9.3-p194/gems/activerecord-3.2.8/lib/active_record/fixtures.rb:491:in `block in create_fixtures'
    /usr/local/rvm/gems/ruby-1.9.3-p194/gems/activerecord-3.2.8/lib/active_record/connection_adapters/abstract_adapter.rb:168:in `disable_referential_integrity'
    /usr/local/rvm/gems/ruby-1.9.3-p194/gems/activerecord-3.2.8/lib/active_record/fixtures.rb:476:in `create_fixtures'
    /usr/local/rvm/gems/ruby-1.9.3-p194/gems/activerecord-3.2.8/lib/active_record/fixtures.rb:895:in `load_fixtures'
    /usr/local/rvm/gems/ruby-1.9.3-p194/gems/activerecord-3.2.8/lib/active_record/fixtures.rb:849:in `setup_fixtures'
    /usr/local/rvm/gems/ruby-1.9.3-p194/gems/activesupport-3.2.8/lib/active_support/callbacks.rb:429:in `_run__38097359__setup__998251758__callbacks'
    /usr/local/rvm/gems/ruby-1.9.3-p194/gems/activesupport-3.2.8/lib/active_support/callbacks.rb:405:in `__run_callback'
    /usr/local/rvm/gems/ruby-1.9.3-p194/gems/activesupport-3.2.8/lib/active_support/callbacks.rb:385:in `_run_setup_callbacks'
    /usr/local/rvm/gems/ruby-1.9.3-p194/gems/activesupport-3.2.8/lib/active_support/callbacks.rb:81:in `run_callbacks'
    /usr/local/rvm/gems/ruby-1.9.3-p194/gems/activesupport-3.2.8/lib/active_support/testing/setup_and_teardown.rb:35:in `run'

  6) Error:
test_should_show_user(UsersControllerTest):
ActiveRecord::StatementInvalid: Could not find table 'users'
    /usr/local/rvm/gems/ruby-1.9.3-p194/gems/activerecord-3.2.8/lib/active_record/connection_adapters/sqlite_adapter.rb:472:in `table_structure'
    /usr/local/rvm/gems/ruby-1.9.3-p194/gems/activerecord-3.2.8/lib/active_record/connection_adapters/sqlite_adapter.rb:346:in `columns'
    /usr/local/rvm/gems/ruby-1.9.3-p194/gems/activerecord-3.2.8/lib/active_record/fixtures.rb:660:in `column_names'
    /usr/local/rvm/gems/ruby-1.9.3-p194/gems/activerecord-3.2.8/lib/active_record/fixtures.rb:652:in `timestamp_column_names'
    /usr/local/rvm/gems/ruby-1.9.3-p194/gems/activerecord-3.2.8/lib/active_record/fixtures.rb:585:in `block in table_rows'
    /usr/local/rvm/gems/ruby-1.9.3-p194/gems/activerecord-3.2.8/lib/active_record/fixtures.rb:579:in `each'
    /usr/local/rvm/gems/ruby-1.9.3-p194/gems/activerecord-3.2.8/lib/active_record/fixtures.rb:579:in `map'
    /usr/local/rvm/gems/ruby-1.9.3-p194/gems/activerecord-3.2.8/lib/active_record/fixtures.rb:579:in `table_rows'
    /usr/local/rvm/gems/ruby-1.9.3-p194/gems/activerecord-3.2.8/lib/active_record/fixtures.rb:494:in `block (3 levels) in create_fixtures'
    /usr/local/rvm/gems/ruby-1.9.3-p194/gems/activerecord-3.2.8/lib/active_record/fixtures.rb:492:in `each'
    /usr/local/rvm/gems/ruby-1.9.3-p194/gems/activerecord-3.2.8/lib/active_record/fixtures.rb:492:in `block (2 levels) in create_fixtures'
    /usr/local/rvm/gems/ruby-1.9.3-p194/gems/activerecord-3.2.8/lib/active_record/connection_adapters/abstract/database_statements.rb:192:in `transaction'
    /usr/local/rvm/gems/ruby-1.9.3-p194/gems/activerecord-3.2.8/lib/active_record/fixtures.rb:491:in `block in create_fixtures'
    /usr/local/rvm/gems/ruby-1.9.3-p194/gems/activerecord-3.2.8/lib/active_record/connection_adapters/abstract_adapter.rb:168:in `disable_referential_integrity'
    /usr/local/rvm/gems/ruby-1.9.3-p194/gems/activerecord-3.2.8/lib/active_record/fixtures.rb:476:in `create_fixtures'
    /usr/local/rvm/gems/ruby-1.9.3-p194/gems/activerecord-3.2.8/lib/active_record/fixtures.rb:895:in `load_fixtures'
    /usr/local/rvm/gems/ruby-1.9.3-p194/gems/activerecord-3.2.8/lib/active_record/fixtures.rb:849:in `setup_fixtures'
    /usr/local/rvm/gems/ruby-1.9.3-p194/gems/activesupport-3.2.8/lib/active_support/callbacks.rb:429:in `_run__38097359__setup__998251758__callbacks'
    /usr/local/rvm/gems/ruby-1.9.3-p194/gems/activesupport-3.2.8/lib/active_support/callbacks.rb:405:in `__run_callback'
    /usr/local/rvm/gems/ruby-1.9.3-p194/gems/activesupport-3.2.8/lib/active_support/callbacks.rb:385:in `_run_setup_callbacks'
    /usr/local/rvm/gems/ruby-1.9.3-p194/gems/activesupport-3.2.8/lib/active_support/callbacks.rb:81:in `run_callbacks'
    /usr/local/rvm/gems/ruby-1.9.3-p194/gems/activesupport-3.2.8/lib/active_support/testing/setup_and_teardown.rb:35:in `run'

  7) Error:
test_should_update_user(UsersControllerTest):
ActiveRecord::StatementInvalid: Could not find table 'users'
    /usr/local/rvm/gems/ruby-1.9.3-p194/gems/activerecord-3.2.8/lib/active_record/connection_adapters/sqlite_adapter.rb:472:in `table_structure'
    /usr/local/rvm/gems/ruby-1.9.3-p194/gems/activerecord-3.2.8/lib/active_record/connection_adapters/sqlite_adapter.rb:346:in `columns'
    /usr/local/rvm/gems/ruby-1.9.3-p194/gems/activerecord-3.2.8/lib/active_record/fixtures.rb:660:in `column_names'
    /usr/local/rvm/gems/ruby-1.9.3-p194/gems/activerecord-3.2.8/lib/active_record/fixtures.rb:652:in `timestamp_column_names'
    /usr/local/rvm/gems/ruby-1.9.3-p194/gems/activerecord-3.2.8/lib/active_record/fixtures.rb:585:in `block in table_rows'
    /usr/local/rvm/gems/ruby-1.9.3-p194/gems/activerecord-3.2.8/lib/active_record/fixtures.rb:579:in `each'
    /usr/local/rvm/gems/ruby-1.9.3-p194/gems/activerecord-3.2.8/lib/active_record/fixtures.rb:579:in `map'
    /usr/local/rvm/gems/ruby-1.9.3-p194/gems/activerecord-3.2.8/lib/active_record/fixtures.rb:579:in `table_rows'
    /usr/local/rvm/gems/ruby-1.9.3-p194/gems/activerecord-3.2.8/lib/active_record/fixtures.rb:494:in `block (3 levels) in create_fixtures'
    /usr/local/rvm/gems/ruby-1.9.3-p194/gems/activerecord-3.2.8/lib/active_record/fixtures.rb:492:in `each'
    /usr/local/rvm/gems/ruby-1.9.3-p194/gems/activerecord-3.2.8/lib/active_record/fixtures.rb:492:in `block (2 levels) in create_fixtures'
    /usr/local/rvm/gems/ruby-1.9.3-p194/gems/activerecord-3.2.8/lib/active_record/connection_adapters/abstract/database_statements.rb:192:in `transaction'
    /usr/local/rvm/gems/ruby-1.9.3-p194/gems/activerecord-3.2.8/lib/active_record/fixtures.rb:491:in `block in create_fixtures'
    /usr/local/rvm/gems/ruby-1.9.3-p194/gems/activerecord-3.2.8/lib/active_record/connection_adapters/abstract_adapter.rb:168:in `disable_referential_integrity'
    /usr/local/rvm/gems/ruby-1.9.3-p194/gems/activerecord-3.2.8/lib/active_record/fixtures.rb:476:in `create_fixtures'
    /usr/local/rvm/gems/ruby-1.9.3-p194/gems/activerecord-3.2.8/lib/active_record/fixtures.rb:895:in `load_fixtures'
    /usr/local/rvm/gems/ruby-1.9.3-p194/gems/activerecord-3.2.8/lib/active_record/fixtures.rb:849:in `setup_fixtures'
    /usr/local/rvm/gems/ruby-1.9.3-p194/gems/activesupport-3.2.8/lib/active_support/callbacks.rb:429:in `_run__38097359__setup__998251758__callbacks'
    /usr/local/rvm/gems/ruby-1.9.3-p194/gems/activesupport-3.2.8/lib/active_support/callbacks.rb:405:in `__run_callback'
    /usr/local/rvm/gems/ruby-1.9.3-p194/gems/activesupport-3.2.8/lib/active_support/callbacks.rb:385:in `_run_setup_callbacks'
    /usr/local/rvm/gems/ruby-1.9.3-p194/gems/activesupport-3.2.8/lib/active_support/callbacks.rb:81:in `run_callbacks'
    /usr/local/rvm/gems/ruby-1.9.3-p194/gems/activesupport-3.2.8/lib/active_support/testing/setup_and_teardown.rb:35:in `run'

7 tests, 0 assertions, 0 failures, 7 errors, 0 skips
Run options: -n "/^(test_should_get_contact|test_should_get_home)$/"

# Running tests:

EE

Finished tests in 0.044740s, 44.7024 tests/s, 0.0000 assertions/s.

  1) Error:
test_should_get_contact(PagesControllerTest):
ActiveRecord::StatementInvalid: Could not find table 'users'
    /usr/local/rvm/gems/ruby-1.9.3-p194/gems/activerecord-3.2.8/lib/active_record/connection_adapters/sqlite_adapter.rb:472:in `table_structure'
    /usr/local/rvm/gems/ruby-1.9.3-p194/gems/activerecord-3.2.8/lib/active_record/connection_adapters/sqlite_adapter.rb:346:in `columns'
    /usr/local/rvm/gems/ruby-1.9.3-p194/gems/activerecord-3.2.8/lib/active_record/fixtures.rb:660:in `column_names'
    /usr/local/rvm/gems/ruby-1.9.3-p194/gems/activerecord-3.2.8/lib/active_record/fixtures.rb:652:in `timestamp_column_names'
    /usr/local/rvm/gems/ruby-1.9.3-p194/gems/activerecord-3.2.8/lib/active_record/fixtures.rb:585:in `block in table_rows'
    /usr/local/rvm/gems/ruby-1.9.3-p194/gems/activerecord-3.2.8/lib/active_record/fixtures.rb:579:in `each'
    /usr/local/rvm/gems/ruby-1.9.3-p194/gems/activerecord-3.2.8/lib/active_record/fixtures.rb:579:in `map'
    /usr/local/rvm/gems/ruby-1.9.3-p194/gems/activerecord-3.2.8/lib/active_record/fixtures.rb:579:in `table_rows'
    /usr/local/rvm/gems/ruby-1.9.3-p194/gems/activerecord-3.2.8/lib/active_record/fixtures.rb:494:in `block (3 levels) in create_fixtures'
    /usr/local/rvm/gems/ruby-1.9.3-p194/gems/activerecord-3.2.8/lib/active_record/fixtures.rb:492:in `each'
    /usr/local/rvm/gems/ruby-1.9.3-p194/gems/activerecord-3.2.8/lib/active_record/fixtures.rb:492:in `block (2 levels) in create_fixtures'
    /usr/local/rvm/gems/ruby-1.9.3-p194/gems/activerecord-3.2.8/lib/active_record/connection_adapters/abstract/database_statements.rb:192:in `transaction'
    /usr/local/rvm/gems/ruby-1.9.3-p194/gems/activerecord-3.2.8/lib/active_record/fixtures.rb:491:in `block in create_fixtures'
    /usr/local/rvm/gems/ruby-1.9.3-p194/gems/activerecord-3.2.8/lib/active_record/connection_adapters/abstract_adapter.rb:168:in `disable_referential_integrity'
    /usr/local/rvm/gems/ruby-1.9.3-p194/gems/activerecord-3.2.8/lib/active_record/fixtures.rb:476:in `create_fixtures'
    /usr/local/rvm/gems/ruby-1.9.3-p194/gems/activerecord-3.2.8/lib/active_record/fixtures.rb:895:in `load_fixtures'
    /usr/local/rvm/gems/ruby-1.9.3-p194/gems/activerecord-3.2.8/lib/active_record/fixtures.rb:849:in `setup_fixtures'
    /usr/local/rvm/gems/ruby-1.9.3-p194/gems/activesupport-3.2.8/lib/active_support/callbacks.rb:429:in `_run__23934979__setup__741057819__callbacks'
    /usr/local/rvm/gems/ruby-1.9.3-p194/gems/activesupport-3.2.8/lib/active_support/callbacks.rb:405:in `__run_callback'
    /usr/local/rvm/gems/ruby-1.9.3-p194/gems/activesupport-3.2.8/lib/active_support/callbacks.rb:385:in `_run_setup_callbacks'
    /usr/local/rvm/gems/ruby-1.9.3-p194/gems/activesupport-3.2.8/lib/active_support/callbacks.rb:81:in `run_callbacks'
    /usr/local/rvm/gems/ruby-1.9.3-p194/gems/activesupport-3.2.8/lib/active_support/testing/setup_and_teardown.rb:35:in `run'

  2) Error:
test_should_get_home(PagesControllerTest):
ActiveRecord::StatementInvalid: Could not find table 'users'
    /usr/local/rvm/gems/ruby-1.9.3-p194/gems/activerecord-3.2.8/lib/active_record/connection_adapters/sqlite_adapter.rb:472:in `table_structure'
    /usr/local/rvm/gems/ruby-1.9.3-p194/gems/activerecord-3.2.8/lib/active_record/connection_adapters/sqlite_adapter.rb:346:in `columns'
    /usr/local/rvm/gems/ruby-1.9.3-p194/gems/activerecord-3.2.8/lib/active_record/fixtures.rb:660:in `column_names'
    /usr/local/rvm/gems/ruby-1.9.3-p194/gems/activerecord-3.2.8/lib/active_record/fixtures.rb:652:in `timestamp_column_names'
    /usr/local/rvm/gems/ruby-1.9.3-p194/gems/activerecord-3.2.8/lib/active_record/fixtures.rb:585:in `block in table_rows'
    /usr/local/rvm/gems/ruby-1.9.3-p194/gems/activerecord-3.2.8/lib/active_record/fixtures.rb:579:in `each'
    /usr/local/rvm/gems/ruby-1.9.3-p194/gems/activerecord-3.2.8/lib/active_record/fixtures.rb:579:in `map'
    /usr/local/rvm/gems/ruby-1.9.3-p194/gems/activerecord-3.2.8/lib/active_record/fixtures.rb:579:in `table_rows'
    /usr/local/rvm/gems/ruby-1.9.3-p194/gems/activerecord-3.2.8/lib/active_record/fixtures.rb:494:in `block (3 levels) in create_fixtures'
    /usr/local/rvm/gems/ruby-1.9.3-p194/gems/activerecord-3.2.8/lib/active_record/fixtures.rb:492:in `each'
    /usr/local/rvm/gems/ruby-1.9.3-p194/gems/activerecord-3.2.8/lib/active_record/fixtures.rb:492:in `block (2 levels) in create_fixtures'
    /usr/local/rvm/gems/ruby-1.9.3-p194/gems/activerecord-3.2.8/lib/active_record/connection_adapters/abstract/database_statements.rb:192:in `transaction'
    /usr/local/rvm/gems/ruby-1.9.3-p194/gems/activerecord-3.2.8/lib/active_record/fixtures.rb:491:in `block in create_fixtures'
    /usr/local/rvm/gems/ruby-1.9.3-p194/gems/activerecord-3.2.8/lib/active_record/connection_adapters/abstract_adapter.rb:168:in `disable_referential_integrity'
    /usr/local/rvm/gems/ruby-1.9.3-p194/gems/activerecord-3.2.8/lib/active_record/fixtures.rb:476:in `create_fixtures'
    /usr/local/rvm/gems/ruby-1.9.3-p194/gems/activerecord-3.2.8/lib/active_record/fixtures.rb:895:in `load_fixtures'
    /usr/local/rvm/gems/ruby-1.9.3-p194/gems/activerecord-3.2.8/lib/active_record/fixtures.rb:849:in `setup_fixtures'
    /usr/local/rvm/gems/ruby-1.9.3-p194/gems/activesupport-3.2.8/lib/active_support/callbacks.rb:429:in `_run__23934979__setup__741057819__callbacks'
    /usr/local/rvm/gems/ruby-1.9.3-p194/gems/activesupport-3.2.8/lib/active_support/callbacks.rb:405:in `__run_callback'
    /usr/local/rvm/gems/ruby-1.9.3-p194/gems/activesupport-3.2.8/lib/active_support/callbacks.rb:385:in `_run_setup_callbacks'
    /usr/local/rvm/gems/ruby-1.9.3-p194/gems/activesupport-3.2.8/lib/active_support/callbacks.rb:81:in `run_callbacks'
    /usr/local/rvm/gems/ruby-1.9.3-p194/gems/activesupport-3.2.8/lib/active_support/testing/setup_and_teardown.rb:35:in `run'

2 tests, 0 assertions, 0 failures, 2 errors, 0 skips
Run options: -n "/^(test_should_create_micropost|test_should_destroy_micropost|test_should_get_edit|test_should_get_index|test_should_get_new|test_should_show_micropost|test_should_update_micropost)$/"

# Running tests:

EEEEEEE

Finished tests in 0.097435s, 71.8430 tests/s, 0.0000 assertions/s.

  1) Error:
test_should_create_micropost(MicropostsControllerTest):
ActiveRecord::StatementInvalid: Could not find table 'users'
    /usr/local/rvm/gems/ruby-1.9.3-p194/gems/activerecord-3.2.8/lib/active_record/connection_adapters/sqlite_adapter.rb:472:in `table_structure'
    /usr/local/rvm/gems/ruby-1.9.3-p194/gems/activerecord-3.2.8/lib/active_record/connection_adapters/sqlite_adapter.rb:346:in `columns'
    /usr/local/rvm/gems/ruby-1.9.3-p194/gems/activerecord-3.2.8/lib/active_record/fixtures.rb:660:in `column_names'
    /usr/local/rvm/gems/ruby-1.9.3-p194/gems/activerecord-3.2.8/lib/active_record/fixtures.rb:652:in `timestamp_column_names'
    /usr/local/rvm/gems/ruby-1.9.3-p194/gems/activerecord-3.2.8/lib/active_record/fixtures.rb:585:in `block in table_rows'
    /usr/local/rvm/gems/ruby-1.9.3-p194/gems/activerecord-3.2.8/lib/active_record/fixtures.rb:579:in `each'
    /usr/local/rvm/gems/ruby-1.9.3-p194/gems/activerecord-3.2.8/lib/active_record/fixtures.rb:579:in `map'
    /usr/local/rvm/gems/ruby-1.9.3-p194/gems/activerecord-3.2.8/lib/active_record/fixtures.rb:579:in `table_rows'
    /usr/local/rvm/gems/ruby-1.9.3-p194/gems/activerecord-3.2.8/lib/active_record/fixtures.rb:494:in `block (3 levels) in create_fixtures'
    /usr/local/rvm/gems/ruby-1.9.3-p194/gems/activerecord-3.2.8/lib/active_record/fixtures.rb:492:in `each'
    /usr/local/rvm/gems/ruby-1.9.3-p194/gems/activerecord-3.2.8/lib/active_record/fixtures.rb:492:in `block (2 levels) in create_fixtures'
    /usr/local/rvm/gems/ruby-1.9.3-p194/gems/activerecord-3.2.8/lib/active_record/connection_adapters/abstract/database_statements.rb:192:in `transaction'
    /usr/local/rvm/gems/ruby-1.9.3-p194/gems/activerecord-3.2.8/lib/active_record/fixtures.rb:491:in `block in create_fixtures'
    /usr/local/rvm/gems/ruby-1.9.3-p194/gems/activerecord-3.2.8/lib/active_record/connection_adapters/abstract_adapter.rb:168:in `disable_referential_integrity'
    /usr/local/rvm/gems/ruby-1.9.3-p194/gems/activerecord-3.2.8/lib/active_record/fixtures.rb:476:in `create_fixtures'
    /usr/local/rvm/gems/ruby-1.9.3-p194/gems/activerecord-3.2.8/lib/active_record/fixtures.rb:895:in `load_fixtures'
    /usr/local/rvm/gems/ruby-1.9.3-p194/gems/activerecord-3.2.8/lib/active_record/fixtures.rb:849:in `setup_fixtures'
    /usr/local/rvm/gems/ruby-1.9.3-p194/gems/activesupport-3.2.8/lib/active_support/callbacks.rb:429:in `_run__5707870__setup__775174010__callbacks'
    /usr/local/rvm/gems/ruby-1.9.3-p194/gems/activesupport-3.2.8/lib/active_support/callbacks.rb:405:in `__run_callback'
    /usr/local/rvm/gems/ruby-1.9.3-p194/gems/activesupport-3.2.8/lib/active_support/callbacks.rb:385:in `_run_setup_callbacks'
    /usr/local/rvm/gems/ruby-1.9.3-p194/gems/activesupport-3.2.8/lib/active_support/callbacks.rb:81:in `run_callbacks'
    /usr/local/rvm/gems/ruby-1.9.3-p194/gems/activesupport-3.2.8/lib/active_support/testing/setup_and_teardown.rb:35:in `run'

  2) Error:
test_should_destroy_micropost(MicropostsControllerTest):
ActiveRecord::StatementInvalid: Could not find table 'users'
    /usr/local/rvm/gems/ruby-1.9.3-p194/gems/activerecord-3.2.8/lib/active_record/connection_adapters/sqlite_adapter.rb:472:in `table_structure'
    /usr/local/rvm/gems/ruby-1.9.3-p194/gems/activerecord-3.2.8/lib/active_record/connection_adapters/sqlite_adapter.rb:346:in `columns'
    /usr/local/rvm/gems/ruby-1.9.3-p194/gems/activerecord-3.2.8/lib/active_record/fixtures.rb:660:in `column_names'
    /usr/local/rvm/gems/ruby-1.9.3-p194/gems/activerecord-3.2.8/lib/active_record/fixtures.rb:652:in `timestamp_column_names'
    /usr/local/rvm/gems/ruby-1.9.3-p194/gems/activerecord-3.2.8/lib/active_record/fixtures.rb:585:in `block in table_rows'
    /usr/local/rvm/gems/ruby-1.9.3-p194/gems/activerecord-3.2.8/lib/active_record/fixtures.rb:579:in `each'
    /usr/local/rvm/gems/ruby-1.9.3-p194/gems/activerecord-3.2.8/lib/active_record/fixtures.rb:579:in `map'
    /usr/local/rvm/gems/ruby-1.9.3-p194/gems/activerecord-3.2.8/lib/active_record/fixtures.rb:579:in `table_rows'
    /usr/local/rvm/gems/ruby-1.9.3-p194/gems/activerecord-3.2.8/lib/active_record/fixtures.rb:494:in `block (3 levels) in create_fixtures'
    /usr/local/rvm/gems/ruby-1.9.3-p194/gems/activerecord-3.2.8/lib/active_record/fixtures.rb:492:in `each'
    /usr/local/rvm/gems/ruby-1.9.3-p194/gems/activerecord-3.2.8/lib/active_record/fixtures.rb:492:in `block (2 levels) in create_fixtures'
    /usr/local/rvm/gems/ruby-1.9.3-p194/gems/activerecord-3.2.8/lib/active_record/connection_adapters/abstract/database_statements.rb:192:in `transaction'
    /usr/local/rvm/gems/ruby-1.9.3-p194/gems/activerecord-3.2.8/lib/active_record/fixtures.rb:491:in `block in create_fixtures'
    /usr/local/rvm/gems/ruby-1.9.3-p194/gems/activerecord-3.2.8/lib/active_record/connection_adapters/abstract_adapter.rb:168:in `disable_referential_integrity'
    /usr/local/rvm/gems/ruby-1.9.3-p194/gems/activerecord-3.2.8/lib/active_record/fixtures.rb:476:in `create_fixtures'
    /usr/local/rvm/gems/ruby-1.9.3-p194/gems/activerecord-3.2.8/lib/active_record/fixtures.rb:895:in `load_fixtures'
    /usr/local/rvm/gems/ruby-1.9.3-p194/gems/activerecord-3.2.8/lib/active_record/fixtures.rb:849:in `setup_fixtures'
    /usr/local/rvm/gems/ruby-1.9.3-p194/gems/activesupport-3.2.8/lib/active_support/callbacks.rb:429:in `_run__5707870__setup__775174010__callbacks'
    /usr/local/rvm/gems/ruby-1.9.3-p194/gems/activesupport-3.2.8/lib/active_support/callbacks.rb:405:in `__run_callback'
    /usr/local/rvm/gems/ruby-1.9.3-p194/gems/activesupport-3.2.8/lib/active_support/callbacks.rb:385:in `_run_setup_callbacks'
    /usr/local/rvm/gems/ruby-1.9.3-p194/gems/activesupport-3.2.8/lib/active_support/callbacks.rb:81:in `run_callbacks'
    /usr/local/rvm/gems/ruby-1.9.3-p194/gems/activesupport-3.2.8/lib/active_support/testing/setup_and_teardown.rb:35:in `run'

  3) Error:
test_should_get_edit(MicropostsControllerTest):
ActiveRecord::StatementInvalid: Could not find table 'users'
    /usr/local/rvm/gems/ruby-1.9.3-p194/gems/activerecord-3.2.8/lib/active_record/connection_adapters/sqlite_adapter.rb:472:in `table_structure'
    /usr/local/rvm/gems/ruby-1.9.3-p194/gems/activerecord-3.2.8/lib/active_record/connection_adapters/sqlite_adapter.rb:346:in `columns'
    /usr/local/rvm/gems/ruby-1.9.3-p194/gems/activerecord-3.2.8/lib/active_record/fixtures.rb:660:in `column_names'
    /usr/local/rvm/gems/ruby-1.9.3-p194/gems/activerecord-3.2.8/lib/active_record/fixtures.rb:652:in `timestamp_column_names'
    /usr/local/rvm/gems/ruby-1.9.3-p194/gems/activerecord-3.2.8/lib/active_record/fixtures.rb:585:in `block in table_rows'
    /usr/local/rvm/gems/ruby-1.9.3-p194/gems/activerecord-3.2.8/lib/active_record/fixtures.rb:579:in `each'
    /usr/local/rvm/gems/ruby-1.9.3-p194/gems/activerecord-3.2.8/lib/active_record/fixtures.rb:579:in `map'
    /usr/local/rvm/gems/ruby-1.9.3-p194/gems/activerecord-3.2.8/lib/active_record/fixtures.rb:579:in `table_rows'
    /usr/local/rvm/gems/ruby-1.9.3-p194/gems/activerecord-3.2.8/lib/active_record/fixtures.rb:494:in `block (3 levels) in create_fixtures'
    /usr/local/rvm/gems/ruby-1.9.3-p194/gems/activerecord-3.2.8/lib/active_record/fixtures.rb:492:in `each'
    /usr/local/rvm/gems/ruby-1.9.3-p194/gems/activerecord-3.2.8/lib/active_record/fixtures.rb:492:in `block (2 levels) in create_fixtures'
    /usr/local/rvm/gems/ruby-1.9.3-p194/gems/activerecord-3.2.8/lib/active_record/connection_adapters/abstract/database_statements.rb:192:in `transaction'
    /usr/local/rvm/gems/ruby-1.9.3-p194/gems/activerecord-3.2.8/lib/active_record/fixtures.rb:491:in `block in create_fixtures'
    /usr/local/rvm/gems/ruby-1.9.3-p194/gems/activerecord-3.2.8/lib/active_record/connection_adapters/abstract_adapter.rb:168:in `disable_referential_integrity'
    /usr/local/rvm/gems/ruby-1.9.3-p194/gems/activerecord-3.2.8/lib/active_record/fixtures.rb:476:in `create_fixtures'
    /usr/local/rvm/gems/ruby-1.9.3-p194/gems/activerecord-3.2.8/lib/active_record/fixtures.rb:895:in `load_fixtures'
    /usr/local/rvm/gems/ruby-1.9.3-p194/gems/activerecord-3.2.8/lib/active_record/fixtures.rb:849:in `setup_fixtures'
    /usr/local/rvm/gems/ruby-1.9.3-p194/gems/activesupport-3.2.8/lib/active_support/callbacks.rb:429:in `_run__5707870__setup__775174010__callbacks'
    /usr/local/rvm/gems/ruby-1.9.3-p194/gems/activesupport-3.2.8/lib/active_support/callbacks.rb:405:in `__run_callback'
    /usr/local/rvm/gems/ruby-1.9.3-p194/gems/activesupport-3.2.8/lib/active_support/callbacks.rb:385:in `_run_setup_callbacks'
    /usr/local/rvm/gems/ruby-1.9.3-p194/gems/activesupport-3.2.8/lib/active_support/callbacks.rb:81:in `run_callbacks'
    /usr/local/rvm/gems/ruby-1.9.3-p194/gems/activesupport-3.2.8/lib/active_support/testing/setup_and_teardown.rb:35:in `run'

  4) Error:
test_should_get_index(MicropostsControllerTest):
ActiveRecord::StatementInvalid: Could not find table 'users'
    /usr/local/rvm/gems/ruby-1.9.3-p194/gems/activerecord-3.2.8/lib/active_record/connection_adapters/sqlite_adapter.rb:472:in `table_structure'
    /usr/local/rvm/gems/ruby-1.9.3-p194/gems/activerecord-3.2.8/lib/active_record/connection_adapters/sqlite_adapter.rb:346:in `columns'
    /usr/local/rvm/gems/ruby-1.9.3-p194/gems/activerecord-3.2.8/lib/active_record/fixtures.rb:660:in `column_names'
    /usr/local/rvm/gems/ruby-1.9.3-p194/gems/activerecord-3.2.8/lib/active_record/fixtures.rb:652:in `timestamp_column_names'
    /usr/local/rvm/gems/ruby-1.9.3-p194/gems/activerecord-3.2.8/lib/active_record/fixtures.rb:585:in `block in table_rows'
    /usr/local/rvm/gems/ruby-1.9.3-p194/gems/activerecord-3.2.8/lib/active_record/fixtures.rb:579:in `each'
    /usr/local/rvm/gems/ruby-1.9.3-p194/gems/activerecord-3.2.8/lib/active_record/fixtures.rb:579:in `map'
    /usr/local/rvm/gems/ruby-1.9.3-p194/gems/activerecord-3.2.8/lib/active_record/fixtures.rb:579:in `table_rows'
    /usr/local/rvm/gems/ruby-1.9.3-p194/gems/activerecord-3.2.8/lib/active_record/fixtures.rb:494:in `block (3 levels) in create_fixtures'
    /usr/local/rvm/gems/ruby-1.9.3-p194/gems/activerecord-3.2.8/lib/active_record/fixtures.rb:492:in `each'
    /usr/local/rvm/gems/ruby-1.9.3-p194/gems/activerecord-3.2.8/lib/active_record/fixtures.rb:492:in `block (2 levels) in create_fixtures'
    /usr/local/rvm/gems/ruby-1.9.3-p194/gems/activerecord-3.2.8/lib/active_record/connection_adapters/abstract/database_statements.rb:192:in `transaction'
    /usr/local/rvm/gems/ruby-1.9.3-p194/gems/activerecord-3.2.8/lib/active_record/fixtures.rb:491:in `block in create_fixtures'
    /usr/local/rvm/gems/ruby-1.9.3-p194/gems/activerecord-3.2.8/lib/active_record/connection_adapters/abstract_adapter.rb:168:in `disable_referential_integrity'
    /usr/local/rvm/gems/ruby-1.9.3-p194/gems/activerecord-3.2.8/lib/active_record/fixtures.rb:476:in `create_fixtures'
    /usr/local/rvm/gems/ruby-1.9.3-p194/gems/activerecord-3.2.8/lib/active_record/fixtures.rb:895:in `load_fixtures'
    /usr/local/rvm/gems/ruby-1.9.3-p194/gems/activerecord-3.2.8/lib/active_record/fixtures.rb:849:in `setup_fixtures'
    /usr/local/rvm/gems/ruby-1.9.3-p194/gems/activesupport-3.2.8/lib/active_support/callbacks.rb:429:in `_run__5707870__setup__775174010__callbacks'
    /usr/local/rvm/gems/ruby-1.9.3-p194/gems/activesupport-3.2.8/lib/active_support/callbacks.rb:405:in `__run_callback'
    /usr/local/rvm/gems/ruby-1.9.3-p194/gems/activesupport-3.2.8/lib/active_support/callbacks.rb:385:in `_run_setup_callbacks'
    /usr/local/rvm/gems/ruby-1.9.3-p194/gems/activesupport-3.2.8/lib/active_support/callbacks.rb:81:in `run_callbacks'
    /usr/local/rvm/gems/ruby-1.9.3-p194/gems/activesupport-3.2.8/lib/active_support/testing/setup_and_teardown.rb:35:in `run'

  5) Error:
test_should_get_new(MicropostsControllerTest):
ActiveRecord::StatementInvalid: Could not find table 'users'
    /usr/local/rvm/gems/ruby-1.9.3-p194/gems/activerecord-3.2.8/lib/active_record/connection_adapters/sqlite_adapter.rb:472:in `table_structure'
    /usr/local/rvm/gems/ruby-1.9.3-p194/gems/activerecord-3.2.8/lib/active_record/connection_adapters/sqlite_adapter.rb:346:in `columns'
    /usr/local/rvm/gems/ruby-1.9.3-p194/gems/activerecord-3.2.8/lib/active_record/fixtures.rb:660:in `column_names'
    /usr/local/rvm/gems/ruby-1.9.3-p194/gems/activerecord-3.2.8/lib/active_record/fixtures.rb:652:in `timestamp_column_names'
    /usr/local/rvm/gems/ruby-1.9.3-p194/gems/activerecord-3.2.8/lib/active_record/fixtures.rb:585:in `block in table_rows'
    /usr/local/rvm/gems/ruby-1.9.3-p194/gems/activerecord-3.2.8/lib/active_record/fixtures.rb:579:in `each'
    /usr/local/rvm/gems/ruby-1.9.3-p194/gems/activerecord-3.2.8/lib/active_record/fixtures.rb:579:in `map'
    /usr/local/rvm/gems/ruby-1.9.3-p194/gems/activerecord-3.2.8/lib/active_record/fixtures.rb:579:in `table_rows'
    /usr/local/rvm/gems/ruby-1.9.3-p194/gems/activerecord-3.2.8/lib/active_record/fixtures.rb:494:in `block (3 levels) in create_fixtures'
    /usr/local/rvm/gems/ruby-1.9.3-p194/gems/activerecord-3.2.8/lib/active_record/fixtures.rb:492:in `each'
    /usr/local/rvm/gems/ruby-1.9.3-p194/gems/activerecord-3.2.8/lib/active_record/fixtures.rb:492:in `block (2 levels) in create_fixtures'
    /usr/local/rvm/gems/ruby-1.9.3-p194/gems/activerecord-3.2.8/lib/active_record/connection_adapters/abstract/database_statements.rb:192:in `transaction'
    /usr/local/rvm/gems/ruby-1.9.3-p194/gems/activerecord-3.2.8/lib/active_record/fixtures.rb:491:in `block in create_fixtures'
    /usr/local/rvm/gems/ruby-1.9.3-p194/gems/activerecord-3.2.8/lib/active_record/connection_adapters/abstract_adapter.rb:168:in `disable_referential_integrity'
    /usr/local/rvm/gems/ruby-1.9.3-p194/gems/activerecord-3.2.8/lib/active_record/fixtures.rb:476:in `create_fixtures'
    /usr/local/rvm/gems/ruby-1.9.3-p194/gems/activerecord-3.2.8/lib/active_record/fixtures.rb:895:in `load_fixtures'
    /usr/local/rvm/gems/ruby-1.9.3-p194/gems/activerecord-3.2.8/lib/active_record/fixtures.rb:849:in `setup_fixtures'
    /usr/local/rvm/gems/ruby-1.9.3-p194/gems/activesupport-3.2.8/lib/active_support/callbacks.rb:429:in `_run__5707870__setup__775174010__callbacks'
    /usr/local/rvm/gems/ruby-1.9.3-p194/gems/activesupport-3.2.8/lib/active_support/callbacks.rb:405:in `__run_callback'
    /usr/local/rvm/gems/ruby-1.9.3-p194/gems/activesupport-3.2.8/lib/active_support/callbacks.rb:385:in `_run_setup_callbacks'
    /usr/local/rvm/gems/ruby-1.9.3-p194/gems/activesupport-3.2.8/lib/active_support/callbacks.rb:81:in `run_callbacks'
    /usr/local/rvm/gems/ruby-1.9.3-p194/gems/activesupport-3.2.8/lib/active_support/testing/setup_and_teardown.rb:35:in `run'

  6) Error:
test_should_show_micropost(MicropostsControllerTest):
ActiveRecord::StatementInvalid: Could not find table 'users'
    /usr/local/rvm/gems/ruby-1.9.3-p194/gems/activerecord-3.2.8/lib/active_record/connection_adapters/sqlite_adapter.rb:472:in `table_structure'
    /usr/local/rvm/gems/ruby-1.9.3-p194/gems/activerecord-3.2.8/lib/active_record/connection_adapters/sqlite_adapter.rb:346:in `columns'
    /usr/local/rvm/gems/ruby-1.9.3-p194/gems/activerecord-3.2.8/lib/active_record/fixtures.rb:660:in `column_names'
    /usr/local/rvm/gems/ruby-1.9.3-p194/gems/activerecord-3.2.8/lib/active_record/fixtures.rb:652:in `timestamp_column_names'
    /usr/local/rvm/gems/ruby-1.9.3-p194/gems/activerecord-3.2.8/lib/active_record/fixtures.rb:585:in `block in table_rows'
    /usr/local/rvm/gems/ruby-1.9.3-p194/gems/activerecord-3.2.8/lib/active_record/fixtures.rb:579:in `each'
    /usr/local/rvm/gems/ruby-1.9.3-p194/gems/activerecord-3.2.8/lib/active_record/fixtures.rb:579:in `map'
    /usr/local/rvm/gems/ruby-1.9.3-p194/gems/activerecord-3.2.8/lib/active_record/fixtures.rb:579:in `table_rows'
    /usr/local/rvm/gems/ruby-1.9.3-p194/gems/activerecord-3.2.8/lib/active_record/fixtures.rb:494:in `block (3 levels) in create_fixtures'
    /usr/local/rvm/gems/ruby-1.9.3-p194/gems/activerecord-3.2.8/lib/active_record/fixtures.rb:492:in `each'
    /usr/local/rvm/gems/ruby-1.9.3-p194/gems/activerecord-3.2.8/lib/active_record/fixtures.rb:492:in `block (2 levels) in create_fixtures'
    /usr/local/rvm/gems/ruby-1.9.3-p194/gems/activerecord-3.2.8/lib/active_record/connection_adapters/abstract/database_statements.rb:192:in `transaction'
    /usr/local/rvm/gems/ruby-1.9.3-p194/gems/activerecord-3.2.8/lib/active_record/fixtures.rb:491:in `block in create_fixtures'
    /usr/local/rvm/gems/ruby-1.9.3-p194/gems/activerecord-3.2.8/lib/active_record/connection_adapters/abstract_adapter.rb:168:in `disable_referential_integrity'
    /usr/local/rvm/gems/ruby-1.9.3-p194/gems/activerecord-3.2.8/lib/active_record/fixtures.rb:476:in `create_fixtures'
    /usr/local/rvm/gems/ruby-1.9.3-p194/gems/activerecord-3.2.8/lib/active_record/fixtures.rb:895:in `load_fixtures'
    /usr/local/rvm/gems/ruby-1.9.3-p194/gems/activerecord-3.2.8/lib/active_record/fixtures.rb:849:in `setup_fixtures'
    /usr/local/rvm/gems/ruby-1.9.3-p194/gems/activesupport-3.2.8/lib/active_support/callbacks.rb:429:in `_run__5707870__setup__775174010__callbacks'
    /usr/local/rvm/gems/ruby-1.9.3-p194/gems/activesupport-3.2.8/lib/active_support/callbacks.rb:405:in `__run_callback'
    /usr/local/rvm/gems/ruby-1.9.3-p194/gems/activesupport-3.2.8/lib/active_support/callbacks.rb:385:in `_run_setup_callbacks'
    /usr/local/rvm/gems/ruby-1.9.3-p194/gems/activesupport-3.2.8/lib/active_support/callbacks.rb:81:in `run_callbacks'
    /usr/local/rvm/gems/ruby-1.9.3-p194/gems/activesupport-3.2.8/lib/active_support/testing/setup_and_teardown.rb:35:in `run'

  7) Error:
test_should_update_micropost(MicropostsControllerTest):
ActiveRecord::StatementInvalid: Could not find table 'users'
    /usr/local/rvm/gems/ruby-1.9.3-p194/gems/activerecord-3.2.8/lib/active_record/connection_adapters/sqlite_adapter.rb:472:in `table_structure'
    /usr/local/rvm/gems/ruby-1.9.3-p194/gems/activerecord-3.2.8/lib/active_record/connection_adapters/sqlite_adapter.rb:346:in `columns'
    /usr/local/rvm/gems/ruby-1.9.3-p194/gems/activerecord-3.2.8/lib/active_record/fixtures.rb:660:in `column_names'
    /usr/local/rvm/gems/ruby-1.9.3-p194/gems/activerecord-3.2.8/lib/active_record/fixtures.rb:652:in `timestamp_column_names'
    /usr/local/rvm/gems/ruby-1.9.3-p194/gems/activerecord-3.2.8/lib/active_record/fixtures.rb:585:in `block in table_rows'
    /usr/local/rvm/gems/ruby-1.9.3-p194/gems/activerecord-3.2.8/lib/active_record/fixtures.rb:579:in `each'
    /usr/local/rvm/gems/ruby-1.9.3-p194/gems/activerecord-3.2.8/lib/active_record/fixtures.rb:579:in `map'
    /usr/local/rvm/gems/ruby-1.9.3-p194/gems/activerecord-3.2.8/lib/active_record/fixtures.rb:579:in `table_rows'
    /usr/local/rvm/gems/ruby-1.9.3-p194/gems/activerecord-3.2.8/lib/active_record/fixtures.rb:494:in `block (3 levels) in create_fixtures'
    /usr/local/rvm/gems/ruby-1.9.3-p194/gems/activerecord-3.2.8/lib/active_record/fixtures.rb:492:in `each'
    /usr/local/rvm/gems/ruby-1.9.3-p194/gems/activerecord-3.2.8/lib/active_record/fixtures.rb:492:in `block (2 levels) in create_fixtures'
    /usr/local/rvm/gems/ruby-1.9.3-p194/gems/activerecord-3.2.8/lib/active_record/connection_adapters/abstract/database_statements.rb:192:in `transaction'
    /usr/local/rvm/gems/ruby-1.9.3-p194/gems/activerecord-3.2.8/lib/active_record/fixtures.rb:491:in `block in create_fixtures'
    /usr/local/rvm/gems/ruby-1.9.3-p194/gems/activerecord-3.2.8/lib/active_record/connection_adapters/abstract_adapter.rb:168:in `disable_referential_integrity'
    /usr/local/rvm/gems/ruby-1.9.3-p194/gems/activerecord-3.2.8/lib/active_record/fixtures.rb:476:in `create_fixtures'
    /usr/local/rvm/gems/ruby-1.9.3-p194/gems/activerecord-3.2.8/lib/active_record/fixtures.rb:895:in `load_fixtures'
    /usr/local/rvm/gems/ruby-1.9.3-p194/gems/activerecord-3.2.8/lib/active_record/fixtures.rb:849:in `setup_fixtures'
    /usr/local/rvm/gems/ruby-1.9.3-p194/gems/activesupport-3.2.8/lib/active_support/callbacks.rb:429:in `_run__5707870__setup__775174010__callbacks'
    /usr/local/rvm/gems/ruby-1.9.3-p194/gems/activesupport-3.2.8/lib/active_support/callbacks.rb:405:in `__run_callback'
    /usr/local/rvm/gems/ruby-1.9.3-p194/gems/activesupport-3.2.8/lib/active_support/callbacks.rb:385:in `_run_setup_callbacks'
    /usr/local/rvm/gems/ruby-1.9.3-p194/gems/activesupport-3.2.8/lib/active_support/callbacks.rb:81:in `run_callbacks'
    /usr/local/rvm/gems/ruby-1.9.3-p194/gems/activesupport-3.2.8/lib/active_support/testing/setup_and_teardown.rb:35:in `run'

7 tests, 0 assertions, 0 failures, 7 errors, 0 skips
/usr/local/rvm/rubies/ruby-1.9.3-p194/bin/ruby -I.:lib:test -rubygems test/functional/users_controller_test.rb -n "/^(test_should_create_user|test_should_destroy_user|test_should_get_edit|test_should_get_index|test_should_get_new|test_should_show_user|test_should_update_user)$/"; /usr/local/rvm/rubies/ruby-1.9.3-p194/bin/ruby -I.:lib:test -rubygems test/functional/pages_controller_test.rb -n "/^(test_should_get_contact|test_should_get_home)$/"; /usr/local/rvm/rubies/ruby-1.9.3-p194/bin/ruby -I.:lib:test -rubygems test/functional/microposts_controller_test.rb -n "/^(test_should_create_micropost|test_should_destroy_micropost|test_should_get_edit|test_should_get_index|test_should_get_new|test_should_show_micropost|test_should_update_micropost)$/"
Run options: -n "/^(test_should_create_user|test_should_destroy_user|test_should_get_edit|test_should_get_index|test_should_get_new|test_should_show_user|test_should_update_user)$/"

# Running tests:

EEEEEEE

Finished tests in 0.118067s, 59.2884 tests/s, 0.0000 assertions/s.

  1) Error:
test_should_create_user(UsersControllerTest):
ActiveRecord::StatementInvalid: Could not find table 'users'
    /usr/local/rvm/gems/ruby-1.9.3-p194/gems/activerecord-3.2.8/lib/active_record/connection_adapters/sqlite_adapter.rb:472:in `table_structure'
    /usr/local/rvm/gems/ruby-1.9.3-p194/gems/activerecord-3.2.8/lib/active_record/connection_adapters/sqlite_adapter.rb:346:in `columns'
    /usr/local/rvm/gems/ruby-1.9.3-p194/gems/activerecord-3.2.8/lib/active_record/fixtures.rb:660:in `column_names'
    /usr/local/rvm/gems/ruby-1.9.3-p194/gems/activerecord-3.2.8/lib/active_record/fixtures.rb:652:in `timestamp_column_names'
    /usr/local/rvm/gems/ruby-1.9.3-p194/gems/activerecord-3.2.8/lib/active_record/fixtures.rb:585:in `block in table_rows'
    /usr/local/rvm/gems/ruby-1.9.3-p194/gems/activerecord-3.2.8/lib/active_record/fixtures.rb:579:in `each'
    /usr/local/rvm/gems/ruby-1.9.3-p194/gems/activerecord-3.2.8/lib/active_record/fixtures.rb:579:in `map'
    /usr/local/rvm/gems/ruby-1.9.3-p194/gems/activerecord-3.2.8/lib/active_record/fixtures.rb:579:in `table_rows'
    /usr/local/rvm/gems/ruby-1.9.3-p194/gems/activerecord-3.2.8/lib/active_record/fixtures.rb:494:in `block (3 levels) in create_fixtures'
    /usr/local/rvm/gems/ruby-1.9.3-p194/gems/activerecord-3.2.8/lib/active_record/fixtures.rb:492:in `each'
    /usr/local/rvm/gems/ruby-1.9.3-p194/gems/activerecord-3.2.8/lib/active_record/fixtures.rb:492:in `block (2 levels) in create_fixtures'
    /usr/local/rvm/gems/ruby-1.9.3-p194/gems/activerecord-3.2.8/lib/active_record/connection_adapters/abstract/database_statements.rb:192:in `transaction'
    /usr/local/rvm/gems/ruby-1.9.3-p194/gems/activerecord-3.2.8/lib/active_record/fixtures.rb:491:in `block in create_fixtures'
    /usr/local/rvm/gems/ruby-1.9.3-p194/gems/activerecord-3.2.8/lib/active_record/connection_adapters/abstract_adapter.rb:168:in `disable_referential_integrity'
    /usr/local/rvm/gems/ruby-1.9.3-p194/gems/activerecord-3.2.8/lib/active_record/fixtures.rb:476:in `create_fixtures'
    /usr/local/rvm/gems/ruby-1.9.3-p194/gems/activerecord-3.2.8/lib/active_record/fixtures.rb:895:in `load_fixtures'
    /usr/local/rvm/gems/ruby-1.9.3-p194/gems/activerecord-3.2.8/lib/active_record/fixtures.rb:849:in `setup_fixtures'
    /usr/local/rvm/gems/ruby-1.9.3-p194/gems/activesupport-3.2.8/lib/active_support/callbacks.rb:429:in `_run__691219226__setup__755573979__callbacks'
    /usr/local/rvm/gems/ruby-1.9.3-p194/gems/activesupport-3.2.8/lib/active_support/callbacks.rb:405:in `__run_callback'
    /usr/local/rvm/gems/ruby-1.9.3-p194/gems/activesupport-3.2.8/lib/active_support/callbacks.rb:385:in `_run_setup_callbacks'
    /usr/local/rvm/gems/ruby-1.9.3-p194/gems/activesupport-3.2.8/lib/active_support/callbacks.rb:81:in `run_callbacks'
    /usr/local/rvm/gems/ruby-1.9.3-p194/gems/activesupport-3.2.8/lib/active_support/testing/setup_and_teardown.rb:35:in `run'

  2) Error:
test_should_destroy_user(UsersControllerTest):
ActiveRecord::StatementInvalid: Could not find table 'users'
    /usr/local/rvm/gems/ruby-1.9.3-p194/gems/activerecord-3.2.8/lib/active_record/connection_adapters/sqlite_adapter.rb:472:in `table_structure'
    /usr/local/rvm/gems/ruby-1.9.3-p194/gems/activerecord-3.2.8/lib/active_record/connection_adapters/sqlite_adapter.rb:346:in `columns'
    /usr/local/rvm/gems/ruby-1.9.3-p194/gems/activerecord-3.2.8/lib/active_record/fixtures.rb:660:in `column_names'
    /usr/local/rvm/gems/ruby-1.9.3-p194/gems/activerecord-3.2.8/lib/active_record/fixtures.rb:652:in `timestamp_column_names'
    /usr/local/rvm/gems/ruby-1.9.3-p194/gems/activerecord-3.2.8/lib/active_record/fixtures.rb:585:in `block in table_rows'
    /usr/local/rvm/gems/ruby-1.9.3-p194/gems/activerecord-3.2.8/lib/active_record/fixtures.rb:579:in `each'
    /usr/local/rvm/gems/ruby-1.9.3-p194/gems/activerecord-3.2.8/lib/active_record/fixtures.rb:579:in `map'
    /usr/local/rvm/gems/ruby-1.9.3-p194/gems/activerecord-3.2.8/lib/active_record/fixtures.rb:579:in `table_rows'
    /usr/local/rvm/gems/ruby-1.9.3-p194/gems/activerecord-3.2.8/lib/active_record/fixtures.rb:494:in `block (3 levels) in create_fixtures'
    /usr/local/rvm/gems/ruby-1.9.3-p194/gems/activerecord-3.2.8/lib/active_record/fixtures.rb:492:in `each'
    /usr/local/rvm/gems/ruby-1.9.3-p194/gems/activerecord-3.2.8/lib/active_record/fixtures.rb:492:in `block (2 levels) in create_fixtures'
    /usr/local/rvm/gems/ruby-1.9.3-p194/gems/activerecord-3.2.8/lib/active_record/connection_adapters/abstract/database_statements.rb:192:in `transaction'
    /usr/local/rvm/gems/ruby-1.9.3-p194/gems/activerecord-3.2.8/lib/active_record/fixtures.rb:491:in `block in create_fixtures'
    /usr/local/rvm/gems/ruby-1.9.3-p194/gems/activerecord-3.2.8/lib/active_record/connection_adapters/abstract_adapter.rb:168:in `disable_referential_integrity'
    /usr/local/rvm/gems/ruby-1.9.3-p194/gems/activerecord-3.2.8/lib/active_record/fixtures.rb:476:in `create_fixtures'
    /usr/local/rvm/gems/ruby-1.9.3-p194/gems/activerecord-3.2.8/lib/active_record/fixtures.rb:895:in `load_fixtures'
    /usr/local/rvm/gems/ruby-1.9.3-p194/gems/activerecord-3.2.8/lib/active_record/fixtures.rb:849:in `setup_fixtures'
    /usr/local/rvm/gems/ruby-1.9.3-p194/gems/activesupport-3.2.8/lib/active_support/callbacks.rb:429:in `_run__691219226__setup__755573979__callbacks'
    /usr/local/rvm/gems/ruby-1.9.3-p194/gems/activesupport-3.2.8/lib/active_support/callbacks.rb:405:in `__run_callback'
    /usr/local/rvm/gems/ruby-1.9.3-p194/gems/activesupport-3.2.8/lib/active_support/callbacks.rb:385:in `_run_setup_callbacks'
    /usr/local/rvm/gems/ruby-1.9.3-p194/gems/activesupport-3.2.8/lib/active_support/callbacks.rb:81:in `run_callbacks'
    /usr/local/rvm/gems/ruby-1.9.3-p194/gems/activesupport-3.2.8/lib/active_support/testing/setup_and_teardown.rb:35:in `run'

  3) Error:
test_should_get_edit(UsersControllerTest):
ActiveRecord::StatementInvalid: Could not find table 'users'
    /usr/local/rvm/gems/ruby-1.9.3-p194/gems/activerecord-3.2.8/lib/active_record/connection_adapters/sqlite_adapter.rb:472:in `table_structure'
    /usr/local/rvm/gems/ruby-1.9.3-p194/gems/activerecord-3.2.8/lib/active_record/connection_adapters/sqlite_adapter.rb:346:in `columns'
    /usr/local/rvm/gems/ruby-1.9.3-p194/gems/activerecord-3.2.8/lib/active_record/fixtures.rb:660:in `column_names'
    /usr/local/rvm/gems/ruby-1.9.3-p194/gems/activerecord-3.2.8/lib/active_record/fixtures.rb:652:in `timestamp_column_names'
    /usr/local/rvm/gems/ruby-1.9.3-p194/gems/activerecord-3.2.8/lib/active_record/fixtures.rb:585:in `block in table_rows'
    /usr/local/rvm/gems/ruby-1.9.3-p194/gems/activerecord-3.2.8/lib/active_record/fixtures.rb:579:in `each'
    /usr/local/rvm/gems/ruby-1.9.3-p194/gems/activerecord-3.2.8/lib/active_record/fixtures.rb:579:in `map'
    /usr/local/rvm/gems/ruby-1.9.3-p194/gems/activerecord-3.2.8/lib/active_record/fixtures.rb:579:in `table_rows'
    /usr/local/rvm/gems/ruby-1.9.3-p194/gems/activerecord-3.2.8/lib/active_record/fixtures.rb:494:in `block (3 levels) in create_fixtures'
    /usr/local/rvm/gems/ruby-1.9.3-p194/gems/activerecord-3.2.8/lib/active_record/fixtures.rb:492:in `each'
    /usr/local/rvm/gems/ruby-1.9.3-p194/gems/activerecord-3.2.8/lib/active_record/fixtures.rb:492:in `block (2 levels) in create_fixtures'
    /usr/local/rvm/gems/ruby-1.9.3-p194/gems/activerecord-3.2.8/lib/active_record/connection_adapters/abstract/database_statements.rb:192:in `transaction'
    /usr/local/rvm/gems/ruby-1.9.3-p194/gems/activerecord-3.2.8/lib/active_record/fixtures.rb:491:in `block in create_fixtures'
    /usr/local/rvm/gems/ruby-1.9.3-p194/gems/activerecord-3.2.8/lib/active_record/connection_adapters/abstract_adapter.rb:168:in `disable_referential_integrity'
    /usr/local/rvm/gems/ruby-1.9.3-p194/gems/activerecord-3.2.8/lib/active_record/fixtures.rb:476:in `create_fixtures'
    /usr/local/rvm/gems/ruby-1.9.3-p194/gems/activerecord-3.2.8/lib/active_record/fixtures.rb:895:in `load_fixtures'
    /usr/local/rvm/gems/ruby-1.9.3-p194/gems/activerecord-3.2.8/lib/active_record/fixtures.rb:849:in `setup_fixtures'
    /usr/local/rvm/gems/ruby-1.9.3-p194/gems/activesupport-3.2.8/lib/active_support/callbacks.rb:429:in `_run__691219226__setup__755573979__callbacks'
    /usr/local/rvm/gems/ruby-1.9.3-p194/gems/activesupport-3.2.8/lib/active_support/callbacks.rb:405:in `__run_callback'
    /usr/local/rvm/gems/ruby-1.9.3-p194/gems/activesupport-3.2.8/lib/active_support/callbacks.rb:385:in `_run_setup_callbacks'
    /usr/local/rvm/gems/ruby-1.9.3-p194/gems/activesupport-3.2.8/lib/active_support/callbacks.rb:81:in `run_callbacks'
    /usr/local/rvm/gems/ruby-1.9.3-p194/gems/activesupport-3.2.8/lib/active_support/testing/setup_and_teardown.rb:35:in `run'

  4) Error:
test_should_get_index(UsersControllerTest):
ActiveRecord::StatementInvalid: Could not find table 'users'
    /usr/local/rvm/gems/ruby-1.9.3-p194/gems/activerecord-3.2.8/lib/active_record/connection_adapters/sqlite_adapter.rb:472:in `table_structure'
    /usr/local/rvm/gems/ruby-1.9.3-p194/gems/activerecord-3.2.8/lib/active_record/connection_adapters/sqlite_adapter.rb:346:in `columns'
    /usr/local/rvm/gems/ruby-1.9.3-p194/gems/activerecord-3.2.8/lib/active_record/fixtures.rb:660:in `column_names'
    /usr/local/rvm/gems/ruby-1.9.3-p194/gems/activerecord-3.2.8/lib/active_record/fixtures.rb:652:in `timestamp_column_names'
    /usr/local/rvm/gems/ruby-1.9.3-p194/gems/activerecord-3.2.8/lib/active_record/fixtures.rb:585:in `block in table_rows'
    /usr/local/rvm/gems/ruby-1.9.3-p194/gems/activerecord-3.2.8/lib/active_record/fixtures.rb:579:in `each'
    /usr/local/rvm/gems/ruby-1.9.3-p194/gems/activerecord-3.2.8/lib/active_record/fixtures.rb:579:in `map'
    /usr/local/rvm/gems/ruby-1.9.3-p194/gems/activerecord-3.2.8/lib/active_record/fixtures.rb:579:in `table_rows'
    /usr/local/rvm/gems/ruby-1.9.3-p194/gems/activerecord-3.2.8/lib/active_record/fixtures.rb:494:in `block (3 levels) in create_fixtures'
    /usr/local/rvm/gems/ruby-1.9.3-p194/gems/activerecord-3.2.8/lib/active_record/fixtures.rb:492:in `each'
    /usr/local/rvm/gems/ruby-1.9.3-p194/gems/activerecord-3.2.8/lib/active_record/fixtures.rb:492:in `block (2 levels) in create_fixtures'
    /usr/local/rvm/gems/ruby-1.9.3-p194/gems/activerecord-3.2.8/lib/active_record/connection_adapters/abstract/database_statements.rb:192:in `transaction'
    /usr/local/rvm/gems/ruby-1.9.3-p194/gems/activerecord-3.2.8/lib/active_record/fixtures.rb:491:in `block in create_fixtures'
    /usr/local/rvm/gems/ruby-1.9.3-p194/gems/activerecord-3.2.8/lib/active_record/connection_adapters/abstract_adapter.rb:168:in `disable_referential_integrity'
    /usr/local/rvm/gems/ruby-1.9.3-p194/gems/activerecord-3.2.8/lib/active_record/fixtures.rb:476:in `create_fixtures'
    /usr/local/rvm/gems/ruby-1.9.3-p194/gems/activerecord-3.2.8/lib/active_record/fixtures.rb:895:in `load_fixtures'
    /usr/local/rvm/gems/ruby-1.9.3-p194/gems/activerecord-3.2.8/lib/active_record/fixtures.rb:849:in `setup_fixtures'
    /usr/local/rvm/gems/ruby-1.9.3-p194/gems/activesupport-3.2.8/lib/active_support/callbacks.rb:429:in `_run__691219226__setup__755573979__callbacks'
    /usr/local/rvm/gems/ruby-1.9.3-p194/gems/activesupport-3.2.8/lib/active_support/callbacks.rb:405:in `__run_callback'
    /usr/local/rvm/gems/ruby-1.9.3-p194/gems/activesupport-3.2.8/lib/active_support/callbacks.rb:385:in `_run_setup_callbacks'
    /usr/local/rvm/gems/ruby-1.9.3-p194/gems/activesupport-3.2.8/lib/active_support/callbacks.rb:81:in `run_callbacks'
    /usr/local/rvm/gems/ruby-1.9.3-p194/gems/activesupport-3.2.8/lib/active_support/testing/setup_and_teardown.rb:35:in `run'

  5) Error:
test_should_get_new(UsersControllerTest):
ActiveRecord::StatementInvalid: Could not find table 'users'
    /usr/local/rvm/gems/ruby-1.9.3-p194/gems/activerecord-3.2.8/lib/active_record/connection_adapters/sqlite_adapter.rb:472:in `table_structure'
    /usr/local/rvm/gems/ruby-1.9.3-p194/gems/activerecord-3.2.8/lib/active_record/connection_adapters/sqlite_adapter.rb:346:in `columns'
    /usr/local/rvm/gems/ruby-1.9.3-p194/gems/activerecord-3.2.8/lib/active_record/fixtures.rb:660:in `column_names'
    /usr/local/rvm/gems/ruby-1.9.3-p194/gems/activerecord-3.2.8/lib/active_record/fixtures.rb:652:in `timestamp_column_names'
    /usr/local/rvm/gems/ruby-1.9.3-p194/gems/activerecord-3.2.8/lib/active_record/fixtures.rb:585:in `block in table_rows'
    /usr/local/rvm/gems/ruby-1.9.3-p194/gems/activerecord-3.2.8/lib/active_record/fixtures.rb:579:in `each'
    /usr/local/rvm/gems/ruby-1.9.3-p194/gems/activerecord-3.2.8/lib/active_record/fixtures.rb:579:in `map'
    /usr/local/rvm/gems/ruby-1.9.3-p194/gems/activerecord-3.2.8/lib/active_record/fixtures.rb:579:in `table_rows'
    /usr/local/rvm/gems/ruby-1.9.3-p194/gems/activerecord-3.2.8/lib/active_record/fixtures.rb:494:in `block (3 levels) in create_fixtures'
    /usr/local/rvm/gems/ruby-1.9.3-p194/gems/activerecord-3.2.8/lib/active_record/fixtures.rb:492:in `each'
    /usr/local/rvm/gems/ruby-1.9.3-p194/gems/activerecord-3.2.8/lib/active_record/fixtures.rb:492:in `block (2 levels) in create_fixtures'
    /usr/local/rvm/gems/ruby-1.9.3-p194/gems/activerecord-3.2.8/lib/active_record/connection_adapters/abstract/database_statements.rb:192:in `transaction'
    /usr/local/rvm/gems/ruby-1.9.3-p194/gems/activerecord-3.2.8/lib/active_record/fixtures.rb:491:in `block in create_fixtures'
    /usr/local/rvm/gems/ruby-1.9.3-p194/gems/activerecord-3.2.8/lib/active_record/connection_adapters/abstract_adapter.rb:168:in `disable_referential_integrity'
    /usr/local/rvm/gems/ruby-1.9.3-p194/gems/activerecord-3.2.8/lib/active_record/fixtures.rb:476:in `create_fixtures'
    /usr/local/rvm/gems/ruby-1.9.3-p194/gems/activerecord-3.2.8/lib/active_record/fixtures.rb:895:in `load_fixtures'
    /usr/local/rvm/gems/ruby-1.9.3-p194/gems/activerecord-3.2.8/lib/active_record/fixtures.rb:849:in `setup_fixtures'
    /usr/local/rvm/gems/ruby-1.9.3-p194/gems/activesupport-3.2.8/lib/active_support/callbacks.rb:429:in `_run__691219226__setup__755573979__callbacks'
    /usr/local/rvm/gems/ruby-1.9.3-p194/gems/activesupport-3.2.8/lib/active_support/callbacks.rb:405:in `__run_callback'
    /usr/local/rvm/gems/ruby-1.9.3-p194/gems/activesupport-3.2.8/lib/active_support/callbacks.rb:385:in `_run_setup_callbacks'
    /usr/local/rvm/gems/ruby-1.9.3-p194/gems/activesupport-3.2.8/lib/active_support/callbacks.rb:81:in `run_callbacks'
    /usr/local/rvm/gems/ruby-1.9.3-p194/gems/activesupport-3.2.8/lib/active_support/testing/setup_and_teardown.rb:35:in `run'

  6) Error:
test_should_show_user(UsersControllerTest):
ActiveRecord::StatementInvalid: Could not find table 'users'
    /usr/local/rvm/gems/ruby-1.9.3-p194/gems/activerecord-3.2.8/lib/active_record/connection_adapters/sqlite_adapter.rb:472:in `table_structure'
    /usr/local/rvm/gems/ruby-1.9.3-p194/gems/activerecord-3.2.8/lib/active_record/connection_adapters/sqlite_adapter.rb:346:in `columns'
    /usr/local/rvm/gems/ruby-1.9.3-p194/gems/activerecord-3.2.8/lib/active_record/fixtures.rb:660:in `column_names'
    /usr/local/rvm/gems/ruby-1.9.3-p194/gems/activerecord-3.2.8/lib/active_record/fixtures.rb:652:in `timestamp_column_names'
    /usr/local/rvm/gems/ruby-1.9.3-p194/gems/activerecord-3.2.8/lib/active_record/fixtures.rb:585:in `block in table_rows'
    /usr/local/rvm/gems/ruby-1.9.3-p194/gems/activerecord-3.2.8/lib/active_record/fixtures.rb:579:in `each'
    /usr/local/rvm/gems/ruby-1.9.3-p194/gems/activerecord-3.2.8/lib/active_record/fixtures.rb:579:in `map'
    /usr/local/rvm/gems/ruby-1.9.3-p194/gems/activerecord-3.2.8/lib/active_record/fixtures.rb:579:in `table_rows'
    /usr/local/rvm/gems/ruby-1.9.3-p194/gems/activerecord-3.2.8/lib/active_record/fixtures.rb:494:in `block (3 levels) in create_fixtures'
    /usr/local/rvm/gems/ruby-1.9.3-p194/gems/activerecord-3.2.8/lib/active_record/fixtures.rb:492:in `each'
    /usr/local/rvm/gems/ruby-1.9.3-p194/gems/activerecord-3.2.8/lib/active_record/fixtures.rb:492:in `block (2 levels) in create_fixtures'
    /usr/local/rvm/gems/ruby-1.9.3-p194/gems/activerecord-3.2.8/lib/active_record/connection_adapters/abstract/database_statements.rb:192:in `transaction'
    /usr/local/rvm/gems/ruby-1.9.3-p194/gems/activerecord-3.2.8/lib/active_record/fixtures.rb:491:in `block in create_fixtures'
    /usr/local/rvm/gems/ruby-1.9.3-p194/gems/activerecord-3.2.8/lib/active_record/connection_adapters/abstract_adapter.rb:168:in `disable_referential_integrity'
    /usr/local/rvm/gems/ruby-1.9.3-p194/gems/activerecord-3.2.8/lib/active_record/fixtures.rb:476:in `create_fixtures'
    /usr/local/rvm/gems/ruby-1.9.3-p194/gems/activerecord-3.2.8/lib/active_record/fixtures.rb:895:in `load_fixtures'
    /usr/local/rvm/gems/ruby-1.9.3-p194/gems/activerecord-3.2.8/lib/active_record/fixtures.rb:849:in `setup_fixtures'
    /usr/local/rvm/gems/ruby-1.9.3-p194/gems/activesupport-3.2.8/lib/active_support/callbacks.rb:429:in `_run__691219226__setup__755573979__callbacks'
    /usr/local/rvm/gems/ruby-1.9.3-p194/gems/activesupport-3.2.8/lib/active_support/callbacks.rb:405:in `__run_callback'
    /usr/local/rvm/gems/ruby-1.9.3-p194/gems/activesupport-3.2.8/lib/active_support/callbacks.rb:385:in `_run_setup_callbacks'
    /usr/local/rvm/gems/ruby-1.9.3-p194/gems/activesupport-3.2.8/lib/active_support/callbacks.rb:81:in `run_callbacks'
    /usr/local/rvm/gems/ruby-1.9.3-p194/gems/activesupport-3.2.8/lib/active_support/testing/setup_and_teardown.rb:35:in `run'

  7) Error:
test_should_update_user(UsersControllerTest):
ActiveRecord::StatementInvalid: Could not find table 'users'
    /usr/local/rvm/gems/ruby-1.9.3-p194/gems/activerecord-3.2.8/lib/active_record/connection_adapters/sqlite_adapter.rb:472:in `table_structure'
    /usr/local/rvm/gems/ruby-1.9.3-p194/gems/activerecord-3.2.8/lib/active_record/connection_adapters/sqlite_adapter.rb:346:in `columns'
    /usr/local/rvm/gems/ruby-1.9.3-p194/gems/activerecord-3.2.8/lib/active_record/fixtures.rb:660:in `column_names'
    /usr/local/rvm/gems/ruby-1.9.3-p194/gems/activerecord-3.2.8/lib/active_record/fixtures.rb:652:in `timestamp_column_names'
    /usr/local/rvm/gems/ruby-1.9.3-p194/gems/activerecord-3.2.8/lib/active_record/fixtures.rb:585:in `block in table_rows'
    /usr/local/rvm/gems/ruby-1.9.3-p194/gems/activerecord-3.2.8/lib/active_record/fixtures.rb:579:in `each'
    /usr/local/rvm/gems/ruby-1.9.3-p194/gems/activerecord-3.2.8/lib/active_record/fixtures.rb:579:in `map'
    /usr/local/rvm/gems/ruby-1.9.3-p194/gems/activerecord-3.2.8/lib/active_record/fixtures.rb:579:in `table_rows'
    /usr/local/rvm/gems/ruby-1.9.3-p194/gems/activerecord-3.2.8/lib/active_record/fixtures.rb:494:in `block (3 levels) in create_fixtures'
    /usr/local/rvm/gems/ruby-1.9.3-p194/gems/activerecord-3.2.8/lib/active_record/fixtures.rb:492:in `each'
    /usr/local/rvm/gems/ruby-1.9.3-p194/gems/activerecord-3.2.8/lib/active_record/fixtures.rb:492:in `block (2 levels) in create_fixtures'
    /usr/local/rvm/gems/ruby-1.9.3-p194/gems/activerecord-3.2.8/lib/active_record/connection_adapters/abstract/database_statements.rb:192:in `transaction'
    /usr/local/rvm/gems/ruby-1.9.3-p194/gems/activerecord-3.2.8/lib/active_record/fixtures.rb:491:in `block in create_fixtures'
    /usr/local/rvm/gems/ruby-1.9.3-p194/gems/activerecord-3.2.8/lib/active_record/connection_adapters/abstract_adapter.rb:168:in `disable_referential_integrity'
    /usr/local/rvm/gems/ruby-1.9.3-p194/gems/activerecord-3.2.8/lib/active_record/fixtures.rb:476:in `create_fixtures'
    /usr/local/rvm/gems/ruby-1.9.3-p194/gems/activerecord-3.2.8/lib/active_record/fixtures.rb:895:in `load_fixtures'
    /usr/local/rvm/gems/ruby-1.9.3-p194/gems/activerecord-3.2.8/lib/active_record/fixtures.rb:849:in `setup_fixtures'
    /usr/local/rvm/gems/ruby-1.9.3-p194/gems/activesupport-3.2.8/lib/active_support/callbacks.rb:429:in `_run__691219226__setup__755573979__callbacks'
    /usr/local/rvm/gems/ruby-1.9.3-p194/gems/activesupport-3.2.8/lib/active_support/callbacks.rb:405:in `__run_callback'
    /usr/local/rvm/gems/ruby-1.9.3-p194/gems/activesupport-3.2.8/lib/active_support/callbacks.rb:385:in `_run_setup_callbacks'
    /usr/local/rvm/gems/ruby-1.9.3-p194/gems/activesupport-3.2.8/lib/active_support/callbacks.rb:81:in `run_callbacks'
    /usr/local/rvm/gems/ruby-1.9.3-p194/gems/activesupport-3.2.8/lib/active_support/testing/setup_and_teardown.rb:35:in `run'

7 tests, 0 assertions, 0 failures, 7 errors, 0 skips
Run options: -n "/^(test_should_get_contact|test_should_get_home)$/"

# Running tests:

EE

Finished tests in 0.054758s, 36.5241 tests/s, 0.0000 assertions/s.

  1) Error:
test_should_get_contact(PagesControllerTest):
ActiveRecord::StatementInvalid: Could not find table 'users'
    /usr/local/rvm/gems/ruby-1.9.3-p194/gems/activerecord-3.2.8/lib/active_record/connection_adapters/sqlite_adapter.rb:472:in `table_structure'
    /usr/local/rvm/gems/ruby-1.9.3-p194/gems/activerecord-3.2.8/lib/active_record/connection_adapters/sqlite_adapter.rb:346:in `columns'
    /usr/local/rvm/gems/ruby-1.9.3-p194/gems/activerecord-3.2.8/lib/active_record/fixtures.rb:660:in `column_names'
    /usr/local/rvm/gems/ruby-1.9.3-p194/gems/activerecord-3.2.8/lib/active_record/fixtures.rb:652:in `timestamp_column_names'
    /usr/local/rvm/gems/ruby-1.9.3-p194/gems/activerecord-3.2.8/lib/active_record/fixtures.rb:585:in `block in table_rows'
    /usr/local/rvm/gems/ruby-1.9.3-p194/gems/activerecord-3.2.8/lib/active_record/fixtures.rb:579:in `each'
    /usr/local/rvm/gems/ruby-1.9.3-p194/gems/activerecord-3.2.8/lib/active_record/fixtures.rb:579:in `map'
    /usr/local/rvm/gems/ruby-1.9.3-p194/gems/activerecord-3.2.8/lib/active_record/fixtures.rb:579:in `table_rows'
    /usr/local/rvm/gems/ruby-1.9.3-p194/gems/activerecord-3.2.8/lib/active_record/fixtures.rb:494:in `block (3 levels) in create_fixtures'
    /usr/local/rvm/gems/ruby-1.9.3-p194/gems/activerecord-3.2.8/lib/active_record/fixtures.rb:492:in `each'
    /usr/local/rvm/gems/ruby-1.9.3-p194/gems/activerecord-3.2.8/lib/active_record/fixtures.rb:492:in `block (2 levels) in create_fixtures'
    /usr/local/rvm/gems/ruby-1.9.3-p194/gems/activerecord-3.2.8/lib/active_record/connection_adapters/abstract/database_statements.rb:192:in `transaction'
    /usr/local/rvm/gems/ruby-1.9.3-p194/gems/activerecord-3.2.8/lib/active_record/fixtures.rb:491:in `block in create_fixtures'
    /usr/local/rvm/gems/ruby-1.9.3-p194/gems/activerecord-3.2.8/lib/active_record/connection_adapters/abstract_adapter.rb:168:in `disable_referential_integrity'
    /usr/local/rvm/gems/ruby-1.9.3-p194/gems/activerecord-3.2.8/lib/active_record/fixtures.rb:476:in `create_fixtures'
    /usr/local/rvm/gems/ruby-1.9.3-p194/gems/activerecord-3.2.8/lib/active_record/fixtures.rb:895:in `load_fixtures'
    /usr/local/rvm/gems/ruby-1.9.3-p194/gems/activerecord-3.2.8/lib/active_record/fixtures.rb:849:in `setup_fixtures'
    /usr/local/rvm/gems/ruby-1.9.3-p194/gems/activesupport-3.2.8/lib/active_support/callbacks.rb:429:in `_run__926063357__setup__49520813__callbacks'
    /usr/local/rvm/gems/ruby-1.9.3-p194/gems/activesupport-3.2.8/lib/active_support/callbacks.rb:405:in `__run_callback'
    /usr/local/rvm/gems/ruby-1.9.3-p194/gems/activesupport-3.2.8/lib/active_support/callbacks.rb:385:in `_run_setup_callbacks'
    /usr/local/rvm/gems/ruby-1.9.3-p194/gems/activesupport-3.2.8/lib/active_support/callbacks.rb:81:in `run_callbacks'
    /usr/local/rvm/gems/ruby-1.9.3-p194/gems/activesupport-3.2.8/lib/active_support/testing/setup_and_teardown.rb:35:in `run'

  2) Error:
test_should_get_home(PagesControllerTest):
ActiveRecord::StatementInvalid: Could not find table 'users'
    /usr/local/rvm/gems/ruby-1.9.3-p194/gems/activerecord-3.2.8/lib/active_record/connection_adapters/sqlite_adapter.rb:472:in `table_structure'
    /usr/local/rvm/gems/ruby-1.9.3-p194/gems/activerecord-3.2.8/lib/active_record/connection_adapters/sqlite_adapter.rb:346:in `columns'
    /usr/local/rvm/gems/ruby-1.9.3-p194/gems/activerecord-3.2.8/lib/active_record/fixtures.rb:660:in `column_names'
    /usr/local/rvm/gems/ruby-1.9.3-p194/gems/activerecord-3.2.8/lib/active_record/fixtures.rb:652:in `timestamp_column_names'
    /usr/local/rvm/gems/ruby-1.9.3-p194/gems/activerecord-3.2.8/lib/active_record/fixtures.rb:585:in `block in table_rows'
    /usr/local/rvm/gems/ruby-1.9.3-p194/gems/activerecord-3.2.8/lib/active_record/fixtures.rb:579:in `each'
    /usr/local/rvm/gems/ruby-1.9.3-p194/gems/activerecord-3.2.8/lib/active_record/fixtures.rb:579:in `map'
    /usr/local/rvm/gems/ruby-1.9.3-p194/gems/activerecord-3.2.8/lib/active_record/fixtures.rb:579:in `table_rows'
    /usr/local/rvm/gems/ruby-1.9.3-p194/gems/activerecord-3.2.8/lib/active_record/fixtures.rb:494:in `block (3 levels) in create_fixtures'
    /usr/local/rvm/gems/ruby-1.9.3-p194/gems/activerecord-3.2.8/lib/active_record/fixtures.rb:492:in `each'
    /usr/local/rvm/gems/ruby-1.9.3-p194/gems/activerecord-3.2.8/lib/active_record/fixtures.rb:492:in `block (2 levels) in create_fixtures'
    /usr/local/rvm/gems/ruby-1.9.3-p194/gems/activerecord-3.2.8/lib/active_record/connection_adapters/abstract/database_statements.rb:192:in `transaction'
    /usr/local/rvm/gems/ruby-1.9.3-p194/gems/activerecord-3.2.8/lib/active_record/fixtures.rb:491:in `block in create_fixtures'
    /usr/local/rvm/gems/ruby-1.9.3-p194/gems/activerecord-3.2.8/lib/active_record/connection_adapters/abstract_adapter.rb:168:in `disable_referential_integrity'
    /usr/local/rvm/gems/ruby-1.9.3-p194/gems/activerecord-3.2.8/lib/active_record/fixtures.rb:476:in `create_fixtures'
    /usr/local/rvm/gems/ruby-1.9.3-p194/gems/activerecord-3.2.8/lib/active_record/fixtures.rb:895:in `load_fixtures'
    /usr/local/rvm/gems/ruby-1.9.3-p194/gems/activerecord-3.2.8/lib/active_record/fixtures.rb:849:in `setup_fixtures'
    /usr/local/rvm/gems/ruby-1.9.3-p194/gems/activesupport-3.2.8/lib/active_support/callbacks.rb:429:in `_run__926063357__setup__49520813__callbacks'
    /usr/local/rvm/gems/ruby-1.9.3-p194/gems/activesupport-3.2.8/lib/active_support/callbacks.rb:405:in `__run_callback'
    /usr/local/rvm/gems/ruby-1.9.3-p194/gems/activesupport-3.2.8/lib/active_support/callbacks.rb:385:in `_run_setup_callbacks'
    /usr/local/rvm/gems/ruby-1.9.3-p194/gems/activesupport-3.2.8/lib/active_support/callbacks.rb:81:in `run_callbacks'
    /usr/local/rvm/gems/ruby-1.9.3-p194/gems/activesupport-3.2.8/lib/active_support/testing/setup_and_teardown.rb:35:in `run'

2 tests, 0 assertions, 0 failures, 2 errors, 0 skips
Run options: -n "/^(test_should_create_micropost|test_should_destroy_micropost|test_should_get_edit|test_should_get_index|test_should_get_new|test_should_show_micropost|test_should_update_micropost)$/"

# Running tests:

EEEEEEE

Finished tests in 0.111832s, 62.5940 tests/s, 0.0000 assertions/s.

  1) Error:
test_should_create_micropost(MicropostsControllerTest):
ActiveRecord::StatementInvalid: Could not find table 'users'
    /usr/local/rvm/gems/ruby-1.9.3-p194/gems/activerecord-3.2.8/lib/active_record/connection_adapters/sqlite_adapter.rb:472:in `table_structure'
    /usr/local/rvm/gems/ruby-1.9.3-p194/gems/activerecord-3.2.8/lib/active_record/connection_adapters/sqlite_adapter.rb:346:in `columns'
    /usr/local/rvm/gems/ruby-1.9.3-p194/gems/activerecord-3.2.8/lib/active_record/fixtures.rb:660:in `column_names'
    /usr/local/rvm/gems/ruby-1.9.3-p194/gems/activerecord-3.2.8/lib/active_record/fixtures.rb:652:in `timestamp_column_names'
    /usr/local/rvm/gems/ruby-1.9.3-p194/gems/activerecord-3.2.8/lib/active_record/fixtures.rb:585:in `block in table_rows'
    /usr/local/rvm/gems/ruby-1.9.3-p194/gems/activerecord-3.2.8/lib/active_record/fixtures.rb:579:in `each'
    /usr/local/rvm/gems/ruby-1.9.3-p194/gems/activerecord-3.2.8/lib/active_record/fixtures.rb:579:in `map'
    /usr/local/rvm/gems/ruby-1.9.3-p194/gems/activerecord-3.2.8/lib/active_record/fixtures.rb:579:in `table_rows'
    /usr/local/rvm/gems/ruby-1.9.3-p194/gems/activerecord-3.2.8/lib/active_record/fixtures.rb:494:in `block (3 levels) in create_fixtures'
    /usr/local/rvm/gems/ruby-1.9.3-p194/gems/activerecord-3.2.8/lib/active_record/fixtures.rb:492:in `each'
    /usr/local/rvm/gems/ruby-1.9.3-p194/gems/activerecord-3.2.8/lib/active_record/fixtures.rb:492:in `block (2 levels) in create_fixtures'
    /usr/local/rvm/gems/ruby-1.9.3-p194/gems/activerecord-3.2.8/lib/active_record/connection_adapters/abstract/database_statements.rb:192:in `transaction'
    /usr/local/rvm/gems/ruby-1.9.3-p194/gems/activerecord-3.2.8/lib/active_record/fixtures.rb:491:in `block in create_fixtures'
    /usr/local/rvm/gems/ruby-1.9.3-p194/gems/activerecord-3.2.8/lib/active_record/connection_adapters/abstract_adapter.rb:168:in `disable_referential_integrity'
    /usr/local/rvm/gems/ruby-1.9.3-p194/gems/activerecord-3.2.8/lib/active_record/fixtures.rb:476:in `create_fixtures'
    /usr/local/rvm/gems/ruby-1.9.3-p194/gems/activerecord-3.2.8/lib/active_record/fixtures.rb:895:in `load_fixtures'
    /usr/local/rvm/gems/ruby-1.9.3-p194/gems/activerecord-3.2.8/lib/active_record/fixtures.rb:849:in `setup_fixtures'
    /usr/local/rvm/gems/ruby-1.9.3-p194/gems/activesupport-3.2.8/lib/active_support/callbacks.rb:429:in `_run__919187823__setup__466438129__callbacks'
    /usr/local/rvm/gems/ruby-1.9.3-p194/gems/activesupport-3.2.8/lib/active_support/callbacks.rb:405:in `__run_callback'
    /usr/local/rvm/gems/ruby-1.9.3-p194/gems/activesupport-3.2.8/lib/active_support/callbacks.rb:385:in `_run_setup_callbacks'
    /usr/local/rvm/gems/ruby-1.9.3-p194/gems/activesupport-3.2.8/lib/active_support/callbacks.rb:81:in `run_callbacks'
    /usr/local/rvm/gems/ruby-1.9.3-p194/gems/activesupport-3.2.8/lib/active_support/testing/setup_and_teardown.rb:35:in `run'

  2) Error:
test_should_destroy_micropost(MicropostsControllerTest):
ActiveRecord::StatementInvalid: Could not find table 'users'
    /usr/local/rvm/gems/ruby-1.9.3-p194/gems/activerecord-3.2.8/lib/active_record/connection_adapters/sqlite_adapter.rb:472:in `table_structure'
    /usr/local/rvm/gems/ruby-1.9.3-p194/gems/activerecord-3.2.8/lib/active_record/connection_adapters/sqlite_adapter.rb:346:in `columns'
    /usr/local/rvm/gems/ruby-1.9.3-p194/gems/activerecord-3.2.8/lib/active_record/fixtures.rb:660:in `column_names'
    /usr/local/rvm/gems/ruby-1.9.3-p194/gems/activerecord-3.2.8/lib/active_record/fixtures.rb:652:in `timestamp_column_names'
    /usr/local/rvm/gems/ruby-1.9.3-p194/gems/activerecord-3.2.8/lib/active_record/fixtures.rb:585:in `block in table_rows'
    /usr/local/rvm/gems/ruby-1.9.3-p194/gems/activerecord-3.2.8/lib/active_record/fixtures.rb:579:in `each'
    /usr/local/rvm/gems/ruby-1.9.3-p194/gems/activerecord-3.2.8/lib/active_record/fixtures.rb:579:in `map'
    /usr/local/rvm/gems/ruby-1.9.3-p194/gems/activerecord-3.2.8/lib/active_record/fixtures.rb:579:in `table_rows'
    /usr/local/rvm/gems/ruby-1.9.3-p194/gems/activerecord-3.2.8/lib/active_record/fixtures.rb:494:in `block (3 levels) in create_fixtures'
    /usr/local/rvm/gems/ruby-1.9.3-p194/gems/activerecord-3.2.8/lib/active_record/fixtures.rb:492:in `each'
    /usr/local/rvm/gems/ruby-1.9.3-p194/gems/activerecord-3.2.8/lib/active_record/fixtures.rb:492:in `block (2 levels) in create_fixtures'
    /usr/local/rvm/gems/ruby-1.9.3-p194/gems/activerecord-3.2.8/lib/active_record/connection_adapters/abstract/database_statements.rb:192:in `transaction'
    /usr/local/rvm/gems/ruby-1.9.3-p194/gems/activerecord-3.2.8/lib/active_record/fixtures.rb:491:in `block in create_fixtures'
    /usr/local/rvm/gems/ruby-1.9.3-p194/gems/activerecord-3.2.8/lib/active_record/connection_adapters/abstract_adapter.rb:168:in `disable_referential_integrity'
    /usr/local/rvm/gems/ruby-1.9.3-p194/gems/activerecord-3.2.8/lib/active_record/fixtures.rb:476:in `create_fixtures'
    /usr/local/rvm/gems/ruby-1.9.3-p194/gems/activerecord-3.2.8/lib/active_record/fixtures.rb:895:in `load_fixtures'
    /usr/local/rvm/gems/ruby-1.9.3-p194/gems/activerecord-3.2.8/lib/active_record/fixtures.rb:849:in `setup_fixtures'
    /usr/local/rvm/gems/ruby-1.9.3-p194/gems/activesupport-3.2.8/lib/active_support/callbacks.rb:429:in `_run__919187823__setup__466438129__callbacks'
    /usr/local/rvm/gems/ruby-1.9.3-p194/gems/activesupport-3.2.8/lib/active_support/callbacks.rb:405:in `__run_callback'
    /usr/local/rvm/gems/ruby-1.9.3-p194/gems/activesupport-3.2.8/lib/active_support/callbacks.rb:385:in `_run_setup_callbacks'
    /usr/local/rvm/gems/ruby-1.9.3-p194/gems/activesupport-3.2.8/lib/active_support/callbacks.rb:81:in `run_callbacks'
    /usr/local/rvm/gems/ruby-1.9.3-p194/gems/activesupport-3.2.8/lib/active_support/testing/setup_and_teardown.rb:35:in `run'

  3) Error:
test_should_get_edit(MicropostsControllerTest):
ActiveRecord::StatementInvalid: Could not find table 'users'
    /usr/local/rvm/gems/ruby-1.9.3-p194/gems/activerecord-3.2.8/lib/active_record/connection_adapters/sqlite_adapter.rb:472:in `table_structure'
    /usr/local/rvm/gems/ruby-1.9.3-p194/gems/activerecord-3.2.8/lib/active_record/connection_adapters/sqlite_adapter.rb:346:in `columns'
    /usr/local/rvm/gems/ruby-1.9.3-p194/gems/activerecord-3.2.8/lib/active_record/fixtures.rb:660:in `column_names'
    /usr/local/rvm/gems/ruby-1.9.3-p194/gems/activerecord-3.2.8/lib/active_record/fixtures.rb:652:in `timestamp_column_names'
    /usr/local/rvm/gems/ruby-1.9.3-p194/gems/activerecord-3.2.8/lib/active_record/fixtures.rb:585:in `block in table_rows'
    /usr/local/rvm/gems/ruby-1.9.3-p194/gems/activerecord-3.2.8/lib/active_record/fixtures.rb:579:in `each'
    /usr/local/rvm/gems/ruby-1.9.3-p194/gems/activerecord-3.2.8/lib/active_record/fixtures.rb:579:in `map'
    /usr/local/rvm/gems/ruby-1.9.3-p194/gems/activerecord-3.2.8/lib/active_record/fixtures.rb:579:in `table_rows'
    /usr/local/rvm/gems/ruby-1.9.3-p194/gems/activerecord-3.2.8/lib/active_record/fixtures.rb:494:in `block (3 levels) in create_fixtures'
    /usr/local/rvm/gems/ruby-1.9.3-p194/gems/activerecord-3.2.8/lib/active_record/fixtures.rb:492:in `each'
    /usr/local/rvm/gems/ruby-1.9.3-p194/gems/activerecord-3.2.8/lib/active_record/fixtures.rb:492:in `block (2 levels) in create_fixtures'
    /usr/local/rvm/gems/ruby-1.9.3-p194/gems/activerecord-3.2.8/lib/active_record/connection_adapters/abstract/database_statements.rb:192:in `transaction'
    /usr/local/rvm/gems/ruby-1.9.3-p194/gems/activerecord-3.2.8/lib/active_record/fixtures.rb:491:in `block in create_fixtures'
    /usr/local/rvm/gems/ruby-1.9.3-p194/gems/activerecord-3.2.8/lib/active_record/connection_adapters/abstract_adapter.rb:168:in `disable_referential_integrity'
    /usr/local/rvm/gems/ruby-1.9.3-p194/gems/activerecord-3.2.8/lib/active_record/fixtures.rb:476:in `create_fixtures'
    /usr/local/rvm/gems/ruby-1.9.3-p194/gems/activerecord-3.2.8/lib/active_record/fixtures.rb:895:in `load_fixtures'
    /usr/local/rvm/gems/ruby-1.9.3-p194/gems/activerecord-3.2.8/lib/active_record/fixtures.rb:849:in `setup_fixtures'
    /usr/local/rvm/gems/ruby-1.9.3-p194/gems/activesupport-3.2.8/lib/active_support/callbacks.rb:429:in `_run__919187823__setup__466438129__callbacks'
    /usr/local/rvm/gems/ruby-1.9.3-p194/gems/activesupport-3.2.8/lib/active_support/callbacks.rb:405:in `__run_callback'
    /usr/local/rvm/gems/ruby-1.9.3-p194/gems/activesupport-3.2.8/lib/active_support/callbacks.rb:385:in `_run_setup_callbacks'
    /usr/local/rvm/gems/ruby-1.9.3-p194/gems/activesupport-3.2.8/lib/active_support/callbacks.rb:81:in `run_callbacks'
    /usr/local/rvm/gems/ruby-1.9.3-p194/gems/activesupport-3.2.8/lib/active_support/testing/setup_and_teardown.rb:35:in `run'

  4) Error:
test_should_get_index(MicropostsControllerTest):
ActiveRecord::StatementInvalid: Could not find table 'users'
    /usr/local/rvm/gems/ruby-1.9.3-p194/gems/activerecord-3.2.8/lib/active_record/connection_adapters/sqlite_adapter.rb:472:in `table_structure'
    /usr/local/rvm/gems/ruby-1.9.3-p194/gems/activerecord-3.2.8/lib/active_record/connection_adapters/sqlite_adapter.rb:346:in `columns'
    /usr/local/rvm/gems/ruby-1.9.3-p194/gems/activerecord-3.2.8/lib/active_record/fixtures.rb:660:in `column_names'
    /usr/local/rvm/gems/ruby-1.9.3-p194/gems/activerecord-3.2.8/lib/active_record/fixtures.rb:652:in `timestamp_column_names'
    /usr/local/rvm/gems/ruby-1.9.3-p194/gems/activerecord-3.2.8/lib/active_record/fixtures.rb:585:in `block in table_rows'
    /usr/local/rvm/gems/ruby-1.9.3-p194/gems/activerecord-3.2.8/lib/active_record/fixtures.rb:579:in `each'
    /usr/local/rvm/gems/ruby-1.9.3-p194/gems/activerecord-3.2.8/lib/active_record/fixtures.rb:579:in `map'
    /usr/local/rvm/gems/ruby-1.9.3-p194/gems/activerecord-3.2.8/lib/active_record/fixtures.rb:579:in `table_rows'
    /usr/local/rvm/gems/ruby-1.9.3-p194/gems/activerecord-3.2.8/lib/active_record/fixtures.rb:494:in `block (3 levels) in create_fixtures'
    /usr/local/rvm/gems/ruby-1.9.3-p194/gems/activerecord-3.2.8/lib/active_record/fixtures.rb:492:in `each'
    /usr/local/rvm/gems/ruby-1.9.3-p194/gems/activerecord-3.2.8/lib/active_record/fixtures.rb:492:in `block (2 levels) in create_fixtures'
    /usr/local/rvm/gems/ruby-1.9.3-p194/gems/activerecord-3.2.8/lib/active_record/connection_adapters/abstract/database_statements.rb:192:in `transaction'
    /usr/local/rvm/gems/ruby-1.9.3-p194/gems/activerecord-3.2.8/lib/active_record/fixtures.rb:491:in `block in create_fixtures'
    /usr/local/rvm/gems/ruby-1.9.3-p194/gems/activerecord-3.2.8/lib/active_record/connection_adapters/abstract_adapter.rb:168:in `disable_referential_integrity'
    /usr/local/rvm/gems/ruby-1.9.3-p194/gems/activerecord-3.2.8/lib/active_record/fixtures.rb:476:in `create_fixtures'
    /usr/local/rvm/gems/ruby-1.9.3-p194/gems/activerecord-3.2.8/lib/active_record/fixtures.rb:895:in `load_fixtures'
    /usr/local/rvm/gems/ruby-1.9.3-p194/gems/activerecord-3.2.8/lib/active_record/fixtures.rb:849:in `setup_fixtures'
    /usr/local/rvm/gems/ruby-1.9.3-p194/gems/activesupport-3.2.8/lib/active_support/callbacks.rb:429:in `_run__919187823__setup__466438129__callbacks'
    /usr/local/rvm/gems/ruby-1.9.3-p194/gems/activesupport-3.2.8/lib/active_support/callbacks.rb:405:in `__run_callback'
    /usr/local/rvm/gems/ruby-1.9.3-p194/gems/activesupport-3.2.8/lib/active_support/callbacks.rb:385:in `_run_setup_callbacks'
    /usr/local/rvm/gems/ruby-1.9.3-p194/gems/activesupport-3.2.8/lib/active_support/callbacks.rb:81:in `run_callbacks'
    /usr/local/rvm/gems/ruby-1.9.3-p194/gems/activesupport-3.2.8/lib/active_support/testing/setup_and_teardown.rb:35:in `run'

  5) Error:
test_should_get_new(MicropostsControllerTest):
ActiveRecord::StatementInvalid: Could not find table 'users'
    /usr/local/rvm/gems/ruby-1.9.3-p194/gems/activerecord-3.2.8/lib/active_record/connection_adapters/sqlite_adapter.rb:472:in `table_structure'
    /usr/local/rvm/gems/ruby-1.9.3-p194/gems/activerecord-3.2.8/lib/active_record/connection_adapters/sqlite_adapter.rb:346:in `columns'
    /usr/local/rvm/gems/ruby-1.9.3-p194/gems/activerecord-3.2.8/lib/active_record/fixtures.rb:660:in `column_names'
    /usr/local/rvm/gems/ruby-1.9.3-p194/gems/activerecord-3.2.8/lib/active_record/fixtures.rb:652:in `timestamp_column_names'
    /usr/local/rvm/gems/ruby-1.9.3-p194/gems/activerecord-3.2.8/lib/active_record/fixtures.rb:585:in `block in table_rows'
    /usr/local/rvm/gems/ruby-1.9.3-p194/gems/activerecord-3.2.8/lib/active_record/fixtures.rb:579:in `each'
    /usr/local/rvm/gems/ruby-1.9.3-p194/gems/activerecord-3.2.8/lib/active_record/fixtures.rb:579:in `map'
    /usr/local/rvm/gems/ruby-1.9.3-p194/gems/activerecord-3.2.8/lib/active_record/fixtures.rb:579:in `table_rows'
    /usr/local/rvm/gems/ruby-1.9.3-p194/gems/activerecord-3.2.8/lib/active_record/fixtures.rb:494:in `block (3 levels) in create_fixtures'
    /usr/local/rvm/gems/ruby-1.9.3-p194/gems/activerecord-3.2.8/lib/active_record/fixtures.rb:492:in `each'
    /usr/local/rvm/gems/ruby-1.9.3-p194/gems/activerecord-3.2.8/lib/active_record/fixtures.rb:492:in `block (2 levels) in create_fixtures'
    /usr/local/rvm/gems/ruby-1.9.3-p194/gems/activerecord-3.2.8/lib/active_record/connection_adapters/abstract/database_statements.rb:192:in `transaction'
    /usr/local/rvm/gems/ruby-1.9.3-p194/gems/activerecord-3.2.8/lib/active_record/fixtures.rb:491:in `block in create_fixtures'
    /usr/local/rvm/gems/ruby-1.9.3-p194/gems/activerecord-3.2.8/lib/active_record/connection_adapters/abstract_adapter.rb:168:in `disable_referential_integrity'
    /usr/local/rvm/gems/ruby-1.9.3-p194/gems/activerecord-3.2.8/lib/active_record/fixtures.rb:476:in `create_fixtures'
    /usr/local/rvm/gems/ruby-1.9.3-p194/gems/activerecord-3.2.8/lib/active_record/fixtures.rb:895:in `load_fixtures'
    /usr/local/rvm/gems/ruby-1.9.3-p194/gems/activerecord-3.2.8/lib/active_record/fixtures.rb:849:in `setup_fixtures'
    /usr/local/rvm/gems/ruby-1.9.3-p194/gems/activesupport-3.2.8/lib/active_support/callbacks.rb:429:in `_run__919187823__setup__466438129__callbacks'
    /usr/local/rvm/gems/ruby-1.9.3-p194/gems/activesupport-3.2.8/lib/active_support/callbacks.rb:405:in `__run_callback'
    /usr/local/rvm/gems/ruby-1.9.3-p194/gems/activesupport-3.2.8/lib/active_support/callbacks.rb:385:in `_run_setup_callbacks'
    /usr/local/rvm/gems/ruby-1.9.3-p194/gems/activesupport-3.2.8/lib/active_support/callbacks.rb:81:in `run_callbacks'
    /usr/local/rvm/gems/ruby-1.9.3-p194/gems/activesupport-3.2.8/lib/active_support/testing/setup_and_teardown.rb:35:in `run'

  6) Error:
test_should_show_micropost(MicropostsControllerTest):
ActiveRecord::StatementInvalid: Could not find table 'users'
    /usr/local/rvm/gems/ruby-1.9.3-p194/gems/activerecord-3.2.8/lib/active_record/connection_adapters/sqlite_adapter.rb:472:in `table_structure'
    /usr/local/rvm/gems/ruby-1.9.3-p194/gems/activerecord-3.2.8/lib/active_record/connection_adapters/sqlite_adapter.rb:346:in `columns'
    /usr/local/rvm/gems/ruby-1.9.3-p194/gems/activerecord-3.2.8/lib/active_record/fixtures.rb:660:in `column_names'
    /usr/local/rvm/gems/ruby-1.9.3-p194/gems/activerecord-3.2.8/lib/active_record/fixtures.rb:652:in `timestamp_column_names'
    /usr/local/rvm/gems/ruby-1.9.3-p194/gems/activerecord-3.2.8/lib/active_record/fixtures.rb:585:in `block in table_rows'
    /usr/local/rvm/gems/ruby-1.9.3-p194/gems/activerecord-3.2.8/lib/active_record/fixtures.rb:579:in `each'
    /usr/local/rvm/gems/ruby-1.9.3-p194/gems/activerecord-3.2.8/lib/active_record/fixtures.rb:579:in `map'
    /usr/local/rvm/gems/ruby-1.9.3-p194/gems/activerecord-3.2.8/lib/active_record/fixtures.rb:579:in `table_rows'
    /usr/local/rvm/gems/ruby-1.9.3-p194/gems/activerecord-3.2.8/lib/active_record/fixtures.rb:494:in `block (3 levels) in create_fixtures'
    /usr/local/rvm/gems/ruby-1.9.3-p194/gems/activerecord-3.2.8/lib/active_record/fixtures.rb:492:in `each'
    /usr/local/rvm/gems/ruby-1.9.3-p194/gems/activerecord-3.2.8/lib/active_record/fixtures.rb:492:in `block (2 levels) in create_fixtures'
    /usr/local/rvm/gems/ruby-1.9.3-p194/gems/activerecord-3.2.8/lib/active_record/connection_adapters/abstract/database_statements.rb:192:in `transaction'
    /usr/local/rvm/gems/ruby-1.9.3-p194/gems/activerecord-3.2.8/lib/active_record/fixtures.rb:491:in `block in create_fixtures'
    /usr/local/rvm/gems/ruby-1.9.3-p194/gems/activerecord-3.2.8/lib/active_record/connection_adapters/abstract_adapter.rb:168:in `disable_referential_integrity'
    /usr/local/rvm/gems/ruby-1.9.3-p194/gems/activerecord-3.2.8/lib/active_record/fixtures.rb:476:in `create_fixtures'
    /usr/local/rvm/gems/ruby-1.9.3-p194/gems/activerecord-3.2.8/lib/active_record/fixtures.rb:895:in `load_fixtures'
    /usr/local/rvm/gems/ruby-1.9.3-p194/gems/activerecord-3.2.8/lib/active_record/fixtures.rb:849:in `setup_fixtures'
    /usr/local/rvm/gems/ruby-1.9.3-p194/gems/activesupport-3.2.8/lib/active_support/callbacks.rb:429:in `_run__919187823__setup__466438129__callbacks'
    /usr/local/rvm/gems/ruby-1.9.3-p194/gems/activesupport-3.2.8/lib/active_support/callbacks.rb:405:in `__run_callback'
    /usr/local/rvm/gems/ruby-1.9.3-p194/gems/activesupport-3.2.8/lib/active_support/callbacks.rb:385:in `_run_setup_callbacks'
    /usr/local/rvm/gems/ruby-1.9.3-p194/gems/activesupport-3.2.8/lib/active_support/callbacks.rb:81:in `run_callbacks'
    /usr/local/rvm/gems/ruby-1.9.3-p194/gems/activesupport-3.2.8/lib/active_support/testing/setup_and_teardown.rb:35:in `run'

  7) Error:
test_should_update_micropost(MicropostsControllerTest):
ActiveRecord::StatementInvalid: Could not find table 'users'
    /usr/local/rvm/gems/ruby-1.9.3-p194/gems/activerecord-3.2.8/lib/active_record/connection_adapters/sqlite_adapter.rb:472:in `table_structure'
    /usr/local/rvm/gems/ruby-1.9.3-p194/gems/activerecord-3.2.8/lib/active_record/connection_adapters/sqlite_adapter.rb:346:in `columns'
    /usr/local/rvm/gems/ruby-1.9.3-p194/gems/activerecord-3.2.8/lib/active_record/fixtures.rb:660:in `column_names'
    /usr/local/rvm/gems/ruby-1.9.3-p194/gems/activerecord-3.2.8/lib/active_record/fixtures.rb:652:in `timestamp_column_names'
    /usr/local/rvm/gems/ruby-1.9.3-p194/gems/activerecord-3.2.8/lib/active_record/fixtures.rb:585:in `block in table_rows'
    /usr/local/rvm/gems/ruby-1.9.3-p194/gems/activerecord-3.2.8/lib/active_record/fixtures.rb:579:in `each'
    /usr/local/rvm/gems/ruby-1.9.3-p194/gems/activerecord-3.2.8/lib/active_record/fixtures.rb:579:in `map'
    /usr/local/rvm/gems/ruby-1.9.3-p194/gems/activerecord-3.2.8/lib/active_record/fixtures.rb:579:in `table_rows'
    /usr/local/rvm/gems/ruby-1.9.3-p194/gems/activerecord-3.2.8/lib/active_record/fixtures.rb:494:in `block (3 levels) in create_fixtures'
    /usr/local/rvm/gems/ruby-1.9.3-p194/gems/activerecord-3.2.8/lib/active_record/fixtures.rb:492:in `each'
    /usr/local/rvm/gems/ruby-1.9.3-p194/gems/activerecord-3.2.8/lib/active_record/fixtures.rb:492:in `block (2 levels) in create_fixtures'
    /usr/local/rvm/gems/ruby-1.9.3-p194/gems/activerecord-3.2.8/lib/active_record/connection_adapters/abstract/database_statements.rb:192:in `transaction'
    /usr/local/rvm/gems/ruby-1.9.3-p194/gems/activerecord-3.2.8/lib/active_record/fixtures.rb:491:in `block in create_fixtures'
    /usr/local/rvm/gems/ruby-1.9.3-p194/gems/activerecord-3.2.8/lib/active_record/connection_adapters/abstract_adapter.rb:168:in `disable_referential_integrity'
    /usr/local/rvm/gems/ruby-1.9.3-p194/gems/activerecord-3.2.8/lib/active_record/fixtures.rb:476:in `create_fixtures'
    /usr/local/rvm/gems/ruby-1.9.3-p194/gems/activerecord-3.2.8/lib/active_record/fixtures.rb:895:in `load_fixtures'
    /usr/local/rvm/gems/ruby-1.9.3-p194/gems/activerecord-3.2.8/lib/active_record/fixtures.rb:849:in `setup_fixtures'
    /usr/local/rvm/gems/ruby-1.9.3-p194/gems/activesupport-3.2.8/lib/active_support/callbacks.rb:429:in `_run__919187823__setup__466438129__callbacks'
    /usr/local/rvm/gems/ruby-1.9.3-p194/gems/activesupport-3.2.8/lib/active_support/callbacks.rb:405:in `__run_callback'
    /usr/local/rvm/gems/ruby-1.9.3-p194/gems/activesupport-3.2.8/lib/active_support/callbacks.rb:385:in `_run_setup_callbacks'
    /usr/local/rvm/gems/ruby-1.9.3-p194/gems/activesupport-3.2.8/lib/active_support/callbacks.rb:81:in `run_callbacks'
    /usr/local/rvm/gems/ruby-1.9.3-p194/gems/activesupport-3.2.8/lib/active_support/testing/setup_and_teardown.rb:35:in `run'

7 tests, 0 assertions, 0 failures, 7 errors, 0 skips
/usr/local/rvm/rubies/ruby-1.9.3-p194/bin/ruby -I.:lib:test -rubygems test/functional/users_controller_test.rb -n "/^(test_should_create_user|test_should_destroy_user|test_should_get_edit|test_should_get_index|test_should_get_new|test_should_show_user|test_should_update_user)$/"; /usr/local/rvm/rubies/ruby-1.9.3-p194/bin/ruby -I.:lib:test -rubygems test/functional/microposts_controller_test.rb -n "/^(test_should_create_micropost|test_should_destroy_micropost|test_should_get_edit|test_should_get_index|test_should_get_new|test_should_show_micropost|test_should_update_micropost)$/"; /usr/local/rvm/rubies/ruby-1.9.3-p194/bin/ruby -I.:lib:test -rubygems test/functional/pages_controller_test.rb -n "/^(test_should_get_contact|test_should_get_home)$/"
Run options: -n "/^(test_should_create_user|test_should_destroy_user|test_should_get_edit|test_should_get_index|test_should_get_new|test_should_show_user|test_should_update_user)$/"

# Running tests:

EEEEEEE

Finished tests in 0.107398s, 65.1780 tests/s, 0.0000 assertions/s.

  1) Error:
test_should_create_user(UsersControllerTest):
ActiveRecord::StatementInvalid: Could not find table 'users'
    /usr/local/rvm/gems/ruby-1.9.3-p194/gems/activerecord-3.2.8/lib/active_record/connection_adapters/sqlite_adapter.rb:472:in `table_structure'
    /usr/local/rvm/gems/ruby-1.9.3-p194/gems/activerecord-3.2.8/lib/active_record/connection_adapters/sqlite_adapter.rb:346:in `columns'
    /usr/local/rvm/gems/ruby-1.9.3-p194/gems/activerecord-3.2.8/lib/active_record/fixtures.rb:660:in `column_names'
    /usr/local/rvm/gems/ruby-1.9.3-p194/gems/activerecord-3.2.8/lib/active_record/fixtures.rb:652:in `timestamp_column_names'
    /usr/local/rvm/gems/ruby-1.9.3-p194/gems/activerecord-3.2.8/lib/active_record/fixtures.rb:585:in `block in table_rows'
    /usr/local/rvm/gems/ruby-1.9.3-p194/gems/activerecord-3.2.8/lib/active_record/fixtures.rb:579:in `each'
    /usr/local/rvm/gems/ruby-1.9.3-p194/gems/activerecord-3.2.8/lib/active_record/fixtures.rb:579:in `map'
    /usr/local/rvm/gems/ruby-1.9.3-p194/gems/activerecord-3.2.8/lib/active_record/fixtures.rb:579:in `table_rows'
    /usr/local/rvm/gems/ruby-1.9.3-p194/gems/activerecord-3.2.8/lib/active_record/fixtures.rb:494:in `block (3 levels) in create_fixtures'
    /usr/local/rvm/gems/ruby-1.9.3-p194/gems/activerecord-3.2.8/lib/active_record/fixtures.rb:492:in `each'
    /usr/local/rvm/gems/ruby-1.9.3-p194/gems/activerecord-3.2.8/lib/active_record/fixtures.rb:492:in `block (2 levels) in create_fixtures'
    /usr/local/rvm/gems/ruby-1.9.3-p194/gems/activerecord-3.2.8/lib/active_record/connection_adapters/abstract/database_statements.rb:192:in `transaction'
    /usr/local/rvm/gems/ruby-1.9.3-p194/gems/activerecord-3.2.8/lib/active_record/fixtures.rb:491:in `block in create_fixtures'
    /usr/local/rvm/gems/ruby-1.9.3-p194/gems/activerecord-3.2.8/lib/active_record/connection_adapters/abstract_adapter.rb:168:in `disable_referential_integrity'
    /usr/local/rvm/gems/ruby-1.9.3-p194/gems/activerecord-3.2.8/lib/active_record/fixtures.rb:476:in `create_fixtures'
    /usr/local/rvm/gems/ruby-1.9.3-p194/gems/activerecord-3.2.8/lib/active_record/fixtures.rb:895:in `load_fixtures'
    /usr/local/rvm/gems/ruby-1.9.3-p194/gems/activerecord-3.2.8/lib/active_record/fixtures.rb:849:in `setup_fixtures'
    /usr/local/rvm/gems/ruby-1.9.3-p194/gems/activesupport-3.2.8/lib/active_support/callbacks.rb:429:in `_run__493252840__setup__196001623__callbacks'
    /usr/local/rvm/gems/ruby-1.9.3-p194/gems/activesupport-3.2.8/lib/active_support/callbacks.rb:405:in `__run_callback'
    /usr/local/rvm/gems/ruby-1.9.3-p194/gems/activesupport-3.2.8/lib/active_support/callbacks.rb:385:in `_run_setup_callbacks'
    /usr/local/rvm/gems/ruby-1.9.3-p194/gems/activesupport-3.2.8/lib/active_support/callbacks.rb:81:in `run_callbacks'
    /usr/local/rvm/gems/ruby-1.9.3-p194/gems/activesupport-3.2.8/lib/active_support/testing/setup_and_teardown.rb:35:in `run'

  2) Error:
test_should_destroy_user(UsersControllerTest):
ActiveRecord::StatementInvalid: Could not find table 'users'
    /usr/local/rvm/gems/ruby-1.9.3-p194/gems/activerecord-3.2.8/lib/active_record/connection_adapters/sqlite_adapter.rb:472:in `table_structure'
    /usr/local/rvm/gems/ruby-1.9.3-p194/gems/activerecord-3.2.8/lib/active_record/connection_adapters/sqlite_adapter.rb:346:in `columns'
    /usr/local/rvm/gems/ruby-1.9.3-p194/gems/activerecord-3.2.8/lib/active_record/fixtures.rb:660:in `column_names'
    /usr/local/rvm/gems/ruby-1.9.3-p194/gems/activerecord-3.2.8/lib/active_record/fixtures.rb:652:in `timestamp_column_names'
    /usr/local/rvm/gems/ruby-1.9.3-p194/gems/activerecord-3.2.8/lib/active_record/fixtures.rb:585:in `block in table_rows'
    /usr/local/rvm/gems/ruby-1.9.3-p194/gems/activerecord-3.2.8/lib/active_record/fixtures.rb:579:in `each'
    /usr/local/rvm/gems/ruby-1.9.3-p194/gems/activerecord-3.2.8/lib/active_record/fixtures.rb:579:in `map'
    /usr/local/rvm/gems/ruby-1.9.3-p194/gems/activerecord-3.2.8/lib/active_record/fixtures.rb:579:in `table_rows'
    /usr/local/rvm/gems/ruby-1.9.3-p194/gems/activerecord-3.2.8/lib/active_record/fixtures.rb:494:in `block (3 levels) in create_fixtures'
    /usr/local/rvm/gems/ruby-1.9.3-p194/gems/activerecord-3.2.8/lib/active_record/fixtures.rb:492:in `each'
    /usr/local/rvm/gems/ruby-1.9.3-p194/gems/activerecord-3.2.8/lib/active_record/fixtures.rb:492:in `block (2 levels) in create_fixtures'
    /usr/local/rvm/gems/ruby-1.9.3-p194/gems/activerecord-3.2.8/lib/active_record/connection_adapters/abstract/database_statements.rb:192:in `transaction'
    /usr/local/rvm/gems/ruby-1.9.3-p194/gems/activerecord-3.2.8/lib/active_record/fixtures.rb:491:in `block in create_fixtures'
    /usr/local/rvm/gems/ruby-1.9.3-p194/gems/activerecord-3.2.8/lib/active_record/connection_adapters/abstract_adapter.rb:168:in `disable_referential_integrity'
    /usr/local/rvm/gems/ruby-1.9.3-p194/gems/activerecord-3.2.8/lib/active_record/fixtures.rb:476:in `create_fixtures'
    /usr/local/rvm/gems/ruby-1.9.3-p194/gems/activerecord-3.2.8/lib/active_record/fixtures.rb:895:in `load_fixtures'
    /usr/local/rvm/gems/ruby-1.9.3-p194/gems/activerecord-3.2.8/lib/active_record/fixtures.rb:849:in `setup_fixtures'
    /usr/local/rvm/gems/ruby-1.9.3-p194/gems/activesupport-3.2.8/lib/active_support/callbacks.rb:429:in `_run__493252840__setup__196001623__callbacks'
    /usr/local/rvm/gems/ruby-1.9.3-p194/gems/activesupport-3.2.8/lib/active_support/callbacks.rb:405:in `__run_callback'
    /usr/local/rvm/gems/ruby-1.9.3-p194/gems/activesupport-3.2.8/lib/active_support/callbacks.rb:385:in `_run_setup_callbacks'
    /usr/local/rvm/gems/ruby-1.9.3-p194/gems/activesupport-3.2.8/lib/active_support/callbacks.rb:81:in `run_callbacks'
    /usr/local/rvm/gems/ruby-1.9.3-p194/gems/activesupport-3.2.8/lib/active_support/testing/setup_and_teardown.rb:35:in `run'

  3) Error:
test_should_get_edit(UsersControllerTest):
ActiveRecord::StatementInvalid: Could not find table 'users'
    /usr/local/rvm/gems/ruby-1.9.3-p194/gems/activerecord-3.2.8/lib/active_record/connection_adapters/sqlite_adapter.rb:472:in `table_structure'
    /usr/local/rvm/gems/ruby-1.9.3-p194/gems/activerecord-3.2.8/lib/active_record/connection_adapters/sqlite_adapter.rb:346:in `columns'
    /usr/local/rvm/gems/ruby-1.9.3-p194/gems/activerecord-3.2.8/lib/active_record/fixtures.rb:660:in `column_names'
    /usr/local/rvm/gems/ruby-1.9.3-p194/gems/activerecord-3.2.8/lib/active_record/fixtures.rb:652:in `timestamp_column_names'
    /usr/local/rvm/gems/ruby-1.9.3-p194/gems/activerecord-3.2.8/lib/active_record/fixtures.rb:585:in `block in table_rows'
    /usr/local/rvm/gems/ruby-1.9.3-p194/gems/activerecord-3.2.8/lib/active_record/fixtures.rb:579:in `each'
    /usr/local/rvm/gems/ruby-1.9.3-p194/gems/activerecord-3.2.8/lib/active_record/fixtures.rb:579:in `map'
    /usr/local/rvm/gems/ruby-1.9.3-p194/gems/activerecord-3.2.8/lib/active_record/fixtures.rb:579:in `table_rows'
    /usr/local/rvm/gems/ruby-1.9.3-p194/gems/activerecord-3.2.8/lib/active_record/fixtures.rb:494:in `block (3 levels) in create_fixtures'
    /usr/local/rvm/gems/ruby-1.9.3-p194/gems/activerecord-3.2.8/lib/active_record/fixtures.rb:492:in `each'
    /usr/local/rvm/gems/ruby-1.9.3-p194/gems/activerecord-3.2.8/lib/active_record/fixtures.rb:492:in `block (2 levels) in create_fixtures'
    /usr/local/rvm/gems/ruby-1.9.3-p194/gems/activerecord-3.2.8/lib/active_record/connection_adapters/abstract/database_statements.rb:192:in `transaction'
    /usr/local/rvm/gems/ruby-1.9.3-p194/gems/activerecord-3.2.8/lib/active_record/fixtures.rb:491:in `block in create_fixtures'
    /usr/local/rvm/gems/ruby-1.9.3-p194/gems/activerecord-3.2.8/lib/active_record/connection_adapters/abstract_adapter.rb:168:in `disable_referential_integrity'
    /usr/local/rvm/gems/ruby-1.9.3-p194/gems/activerecord-3.2.8/lib/active_record/fixtures.rb:476:in `create_fixtures'
    /usr/local/rvm/gems/ruby-1.9.3-p194/gems/activerecord-3.2.8/lib/active_record/fixtures.rb:895:in `load_fixtures'
    /usr/local/rvm/gems/ruby-1.9.3-p194/gems/activerecord-3.2.8/lib/active_record/fixtures.rb:849:in `setup_fixtures'
    /usr/local/rvm/gems/ruby-1.9.3-p194/gems/activesupport-3.2.8/lib/active_support/callbacks.rb:429:in `_run__493252840__setup__196001623__callbacks'
    /usr/local/rvm/gems/ruby-1.9.3-p194/gems/activesupport-3.2.8/lib/active_support/callbacks.rb:405:in `__run_callback'
    /usr/local/rvm/gems/ruby-1.9.3-p194/gems/activesupport-3.2.8/lib/active_support/callbacks.rb:385:in `_run_setup_callbacks'
    /usr/local/rvm/gems/ruby-1.9.3-p194/gems/activesupport-3.2.8/lib/active_support/callbacks.rb:81:in `run_callbacks'
    /usr/local/rvm/gems/ruby-1.9.3-p194/gems/activesupport-3.2.8/lib/active_support/testing/setup_and_teardown.rb:35:in `run'

  4) Error:
test_should_get_index(UsersControllerTest):
ActiveRecord::StatementInvalid: Could not find table 'users'
    /usr/local/rvm/gems/ruby-1.9.3-p194/gems/activerecord-3.2.8/lib/active_record/connection_adapters/sqlite_adapter.rb:472:in `table_structure'
    /usr/local/rvm/gems/ruby-1.9.3-p194/gems/activerecord-3.2.8/lib/active_record/connection_adapters/sqlite_adapter.rb:346:in `columns'
    /usr/local/rvm/gems/ruby-1.9.3-p194/gems/activerecord-3.2.8/lib/active_record/fixtures.rb:660:in `column_names'
    /usr/local/rvm/gems/ruby-1.9.3-p194/gems/activerecord-3.2.8/lib/active_record/fixtures.rb:652:in `timestamp_column_names'
    /usr/local/rvm/gems/ruby-1.9.3-p194/gems/activerecord-3.2.8/lib/active_record/fixtures.rb:585:in `block in table_rows'
    /usr/local/rvm/gems/ruby-1.9.3-p194/gems/activerecord-3.2.8/lib/active_record/fixtures.rb:579:in `each'
    /usr/local/rvm/gems/ruby-1.9.3-p194/gems/activerecord-3.2.8/lib/active_record/fixtures.rb:579:in `map'
    /usr/local/rvm/gems/ruby-1.9.3-p194/gems/activerecord-3.2.8/lib/active_record/fixtures.rb:579:in `table_rows'
    /usr/local/rvm/gems/ruby-1.9.3-p194/gems/activerecord-3.2.8/lib/active_record/fixtures.rb:494:in `block (3 levels) in create_fixtures'
    /usr/local/rvm/gems/ruby-1.9.3-p194/gems/activerecord-3.2.8/lib/active_record/fixtures.rb:492:in `each'
    /usr/local/rvm/gems/ruby-1.9.3-p194/gems/activerecord-3.2.8/lib/active_record/fixtures.rb:492:in `block (2 levels) in create_fixtures'
    /usr/local/rvm/gems/ruby-1.9.3-p194/gems/activerecord-3.2.8/lib/active_record/connection_adapters/abstract/database_statements.rb:192:in `transaction'
    /usr/local/rvm/gems/ruby-1.9.3-p194/gems/activerecord-3.2.8/lib/active_record/fixtures.rb:491:in `block in create_fixtures'
    /usr/local/rvm/gems/ruby-1.9.3-p194/gems/activerecord-3.2.8/lib/active_record/connection_adapters/abstract_adapter.rb:168:in `disable_referential_integrity'
    /usr/local/rvm/gems/ruby-1.9.3-p194/gems/activerecord-3.2.8/lib/active_record/fixtures.rb:476:in `create_fixtures'
    /usr/local/rvm/gems/ruby-1.9.3-p194/gems/activerecord-3.2.8/lib/active_record/fixtures.rb:895:in `load_fixtures'
    /usr/local/rvm/gems/ruby-1.9.3-p194/gems/activerecord-3.2.8/lib/active_record/fixtures.rb:849:in `setup_fixtures'
    /usr/local/rvm/gems/ruby-1.9.3-p194/gems/activesupport-3.2.8/lib/active_support/callbacks.rb:429:in `_run__493252840__setup__196001623__callbacks'
    /usr/local/rvm/gems/ruby-1.9.3-p194/gems/activesupport-3.2.8/lib/active_support/callbacks.rb:405:in `__run_callback'
    /usr/local/rvm/gems/ruby-1.9.3-p194/gems/activesupport-3.2.8/lib/active_support/callbacks.rb:385:in `_run_setup_callbacks'
    /usr/local/rvm/gems/ruby-1.9.3-p194/gems/activesupport-3.2.8/lib/active_support/callbacks.rb:81:in `run_callbacks'
    /usr/local/rvm/gems/ruby-1.9.3-p194/gems/activesupport-3.2.8/lib/active_support/testing/setup_and_teardown.rb:35:in `run'

  5) Error:
test_should_get_new(UsersControllerTest):
ActiveRecord::StatementInvalid: Could not find table 'users'
    /usr/local/rvm/gems/ruby-1.9.3-p194/gems/activerecord-3.2.8/lib/active_record/connection_adapters/sqlite_adapter.rb:472:in `table_structure'
    /usr/local/rvm/gems/ruby-1.9.3-p194/gems/activerecord-3.2.8/lib/active_record/connection_adapters/sqlite_adapter.rb:346:in `columns'
    /usr/local/rvm/gems/ruby-1.9.3-p194/gems/activerecord-3.2.8/lib/active_record/fixtures.rb:660:in `column_names'
    /usr/local/rvm/gems/ruby-1.9.3-p194/gems/activerecord-3.2.8/lib/active_record/fixtures.rb:652:in `timestamp_column_names'
    /usr/local/rvm/gems/ruby-1.9.3-p194/gems/activerecord-3.2.8/lib/active_record/fixtures.rb:585:in `block in table_rows'
    /usr/local/rvm/gems/ruby-1.9.3-p194/gems/activerecord-3.2.8/lib/active_record/fixtures.rb:579:in `each'
    /usr/local/rvm/gems/ruby-1.9.3-p194/gems/activerecord-3.2.8/lib/active_record/fixtures.rb:579:in `map'
    /usr/local/rvm/gems/ruby-1.9.3-p194/gems/activerecord-3.2.8/lib/active_record/fixtures.rb:579:in `table_rows'
    /usr/local/rvm/gems/ruby-1.9.3-p194/gems/activerecord-3.2.8/lib/active_record/fixtures.rb:494:in `block (3 levels) in create_fixtures'
    /usr/local/rvm/gems/ruby-1.9.3-p194/gems/activerecord-3.2.8/lib/active_record/fixtures.rb:492:in `each'
    /usr/local/rvm/gems/ruby-1.9.3-p194/gems/activerecord-3.2.8/lib/active_record/fixtures.rb:492:in `block (2 levels) in create_fixtures'
    /usr/local/rvm/gems/ruby-1.9.3-p194/gems/activerecord-3.2.8/lib/active_record/connection_adapters/abstract/database_statements.rb:192:in `transaction'
    /usr/local/rvm/gems/ruby-1.9.3-p194/gems/activerecord-3.2.8/lib/active_record/fixtures.rb:491:in `block in create_fixtures'
    /usr/local/rvm/gems/ruby-1.9.3-p194/gems/activerecord-3.2.8/lib/active_record/connection_adapters/abstract_adapter.rb:168:in `disable_referential_integrity'
    /usr/local/rvm/gems/ruby-1.9.3-p194/gems/activerecord-3.2.8/lib/active_record/fixtures.rb:476:in `create_fixtures'
    /usr/local/rvm/gems/ruby-1.9.3-p194/gems/activerecord-3.2.8/lib/active_record/fixtures.rb:895:in `load_fixtures'
    /usr/local/rvm/gems/ruby-1.9.3-p194/gems/activerecord-3.2.8/lib/active_record/fixtures.rb:849:in `setup_fixtures'
    /usr/local/rvm/gems/ruby-1.9.3-p194/gems/activesupport-3.2.8/lib/active_support/callbacks.rb:429:in `_run__493252840__setup__196001623__callbacks'
    /usr/local/rvm/gems/ruby-1.9.3-p194/gems/activesupport-3.2.8/lib/active_support/callbacks.rb:405:in `__run_callback'
    /usr/local/rvm/gems/ruby-1.9.3-p194/gems/activesupport-3.2.8/lib/active_support/callbacks.rb:385:in `_run_setup_callbacks'
    /usr/local/rvm/gems/ruby-1.9.3-p194/gems/activesupport-3.2.8/lib/active_support/callbacks.rb:81:in `run_callbacks'
    /usr/local/rvm/gems/ruby-1.9.3-p194/gems/activesupport-3.2.8/lib/active_support/testing/setup_and_teardown.rb:35:in `run'

  6) Error:
test_should_show_user(UsersControllerTest):
ActiveRecord::StatementInvalid: Could not find table 'users'
    /usr/local/rvm/gems/ruby-1.9.3-p194/gems/activerecord-3.2.8/lib/active_record/connection_adapters/sqlite_adapter.rb:472:in `table_structure'
    /usr/local/rvm/gems/ruby-1.9.3-p194/gems/activerecord-3.2.8/lib/active_record/connection_adapters/sqlite_adapter.rb:346:in `columns'
    /usr/local/rvm/gems/ruby-1.9.3-p194/gems/activerecord-3.2.8/lib/active_record/fixtures.rb:660:in `column_names'
    /usr/local/rvm/gems/ruby-1.9.3-p194/gems/activerecord-3.2.8/lib/active_record/fixtures.rb:652:in `timestamp_column_names'
    /usr/local/rvm/gems/ruby-1.9.3-p194/gems/activerecord-3.2.8/lib/active_record/fixtures.rb:585:in `block in table_rows'
    /usr/local/rvm/gems/ruby-1.9.3-p194/gems/activerecord-3.2.8/lib/active_record/fixtures.rb:579:in `each'
    /usr/local/rvm/gems/ruby-1.9.3-p194/gems/activerecord-3.2.8/lib/active_record/fixtures.rb:579:in `map'
    /usr/local/rvm/gems/ruby-1.9.3-p194/gems/activerecord-3.2.8/lib/active_record/fixtures.rb:579:in `table_rows'
    /usr/local/rvm/gems/ruby-1.9.3-p194/gems/activerecord-3.2.8/lib/active_record/fixtures.rb:494:in `block (3 levels) in create_fixtures'
    /usr/local/rvm/gems/ruby-1.9.3-p194/gems/activerecord-3.2.8/lib/active_record/fixtures.rb:492:in `each'
    /usr/local/rvm/gems/ruby-1.9.3-p194/gems/activerecord-3.2.8/lib/active_record/fixtures.rb:492:in `block (2 levels) in create_fixtures'
    /usr/local/rvm/gems/ruby-1.9.3-p194/gems/activerecord-3.2.8/lib/active_record/connection_adapters/abstract/database_statements.rb:192:in `transaction'
    /usr/local/rvm/gems/ruby-1.9.3-p194/gems/activerecord-3.2.8/lib/active_record/fixtures.rb:491:in `block in create_fixtures'
    /usr/local/rvm/gems/ruby-1.9.3-p194/gems/activerecord-3.2.8/lib/active_record/connection_adapters/abstract_adapter.rb:168:in `disable_referential_integrity'
    /usr/local/rvm/gems/ruby-1.9.3-p194/gems/activerecord-3.2.8/lib/active_record/fixtures.rb:476:in `create_fixtures'
    /usr/local/rvm/gems/ruby-1.9.3-p194/gems/activerecord-3.2.8/lib/active_record/fixtures.rb:895:in `load_fixtures'
    /usr/local/rvm/gems/ruby-1.9.3-p194/gems/activerecord-3.2.8/lib/active_record/fixtures.rb:849:in `setup_fixtures'
    /usr/local/rvm/gems/ruby-1.9.3-p194/gems/activesupport-3.2.8/lib/active_support/callbacks.rb:429:in `_run__493252840__setup__196001623__callbacks'
    /usr/local/rvm/gems/ruby-1.9.3-p194/gems/activesupport-3.2.8/lib/active_support/callbacks.rb:405:in `__run_callback'
    /usr/local/rvm/gems/ruby-1.9.3-p194/gems/activesupport-3.2.8/lib/active_support/callbacks.rb:385:in `_run_setup_callbacks'
    /usr/local/rvm/gems/ruby-1.9.3-p194/gems/activesupport-3.2.8/lib/active_support/callbacks.rb:81:in `run_callbacks'
    /usr/local/rvm/gems/ruby-1.9.3-p194/gems/activesupport-3.2.8/lib/active_support/testing/setup_and_teardown.rb:35:in `run'

  7) Error:
test_should_update_user(UsersControllerTest):
ActiveRecord::StatementInvalid: Could not find table 'users'
    /usr/local/rvm/gems/ruby-1.9.3-p194/gems/activerecord-3.2.8/lib/active_record/connection_adapters/sqlite_adapter.rb:472:in `table_structure'
    /usr/local/rvm/gems/ruby-1.9.3-p194/gems/activerecord-3.2.8/lib/active_record/connection_adapters/sqlite_adapter.rb:346:in `columns'
    /usr/local/rvm/gems/ruby-1.9.3-p194/gems/activerecord-3.2.8/lib/active_record/fixtures.rb:660:in `column_names'
    /usr/local/rvm/gems/ruby-1.9.3-p194/gems/activerecord-3.2.8/lib/active_record/fixtures.rb:652:in `timestamp_column_names'
    /usr/local/rvm/gems/ruby-1.9.3-p194/gems/activerecord-3.2.8/lib/active_record/fixtures.rb:585:in `block in table_rows'
    /usr/local/rvm/gems/ruby-1.9.3-p194/gems/activerecord-3.2.8/lib/active_record/fixtures.rb:579:in `each'
    /usr/local/rvm/gems/ruby-1.9.3-p194/gems/activerecord-3.2.8/lib/active_record/fixtures.rb:579:in `map'
    /usr/local/rvm/gems/ruby-1.9.3-p194/gems/activerecord-3.2.8/lib/active_record/fixtures.rb:579:in `table_rows'
    /usr/local/rvm/gems/ruby-1.9.3-p194/gems/activerecord-3.2.8/lib/active_record/fixtures.rb:494:in `block (3 levels) in create_fixtures'
    /usr/local/rvm/gems/ruby-1.9.3-p194/gems/activerecord-3.2.8/lib/active_record/fixtures.rb:492:in `each'
    /usr/local/rvm/gems/ruby-1.9.3-p194/gems/activerecord-3.2.8/lib/active_record/fixtures.rb:492:in `block (2 levels) in create_fixtures'
    /usr/local/rvm/gems/ruby-1.9.3-p194/gems/activerecord-3.2.8/lib/active_record/connection_adapters/abstract/database_statements.rb:192:in `transaction'
    /usr/local/rvm/gems/ruby-1.9.3-p194/gems/activerecord-3.2.8/lib/active_record/fixtures.rb:491:in `block in create_fixtures'
    /usr/local/rvm/gems/ruby-1.9.3-p194/gems/activerecord-3.2.8/lib/active_record/connection_adapters/abstract_adapter.rb:168:in `disable_referential_integrity'
    /usr/local/rvm/gems/ruby-1.9.3-p194/gems/activerecord-3.2.8/lib/active_record/fixtures.rb:476:in `create_fixtures'
    /usr/local/rvm/gems/ruby-1.9.3-p194/gems/activerecord-3.2.8/lib/active_record/fixtures.rb:895:in `load_fixtures'
    /usr/local/rvm/gems/ruby-1.9.3-p194/gems/activerecord-3.2.8/lib/active_record/fixtures.rb:849:in `setup_fixtures'
    /usr/local/rvm/gems/ruby-1.9.3-p194/gems/activesupport-3.2.8/lib/active_support/callbacks.rb:429:in `_run__493252840__setup__196001623__callbacks'
    /usr/local/rvm/gems/ruby-1.9.3-p194/gems/activesupport-3.2.8/lib/active_support/callbacks.rb:405:in `__run_callback'
    /usr/local/rvm/gems/ruby-1.9.3-p194/gems/activesupport-3.2.8/lib/active_support/callbacks.rb:385:in `_run_setup_callbacks'
    /usr/local/rvm/gems/ruby-1.9.3-p194/gems/activesupport-3.2.8/lib/active_support/callbacks.rb:81:in `run_callbacks'
    /usr/local/rvm/gems/ruby-1.9.3-p194/gems/activesupport-3.2.8/lib/active_support/testing/setup_and_teardown.rb:35:in `run'

7 tests, 0 assertions, 0 failures, 7 errors, 0 skips
Run options: -n "/^(test_should_create_micropost|test_should_destroy_micropost|test_should_get_edit|test_should_get_index|test_should_get_new|test_should_show_micropost|test_should_update_micropost)$/"

# Running tests:

EEEEEEE

Finished tests in 0.106035s, 66.0158 tests/s, 0.0000 assertions/s.

  1) Error:
test_should_create_micropost(MicropostsControllerTest):
ActiveRecord::StatementInvalid: Could not find table 'users'
    /usr/local/rvm/gems/ruby-1.9.3-p194/gems/activerecord-3.2.8/lib/active_record/connection_adapters/sqlite_adapter.rb:472:in `table_structure'
    /usr/local/rvm/gems/ruby-1.9.3-p194/gems/activerecord-3.2.8/lib/active_record/connection_adapters/sqlite_adapter.rb:346:in `columns'
    /usr/local/rvm/gems/ruby-1.9.3-p194/gems/activerecord-3.2.8/lib/active_record/fixtures.rb:660:in `column_names'
    /usr/local/rvm/gems/ruby-1.9.3-p194/gems/activerecord-3.2.8/lib/active_record/fixtures.rb:652:in `timestamp_column_names'
    /usr/local/rvm/gems/ruby-1.9.3-p194/gems/activerecord-3.2.8/lib/active_record/fixtures.rb:585:in `block in table_rows'
    /usr/local/rvm/gems/ruby-1.9.3-p194/gems/activerecord-3.2.8/lib/active_record/fixtures.rb:579:in `each'
    /usr/local/rvm/gems/ruby-1.9.3-p194/gems/activerecord-3.2.8/lib/active_record/fixtures.rb:579:in `map'
    /usr/local/rvm/gems/ruby-1.9.3-p194/gems/activerecord-3.2.8/lib/active_record/fixtures.rb:579:in `table_rows'
    /usr/local/rvm/gems/ruby-1.9.3-p194/gems/activerecord-3.2.8/lib/active_record/fixtures.rb:494:in `block (3 levels) in create_fixtures'
    /usr/local/rvm/gems/ruby-1.9.3-p194/gems/activerecord-3.2.8/lib/active_record/fixtures.rb:492:in `each'
    /usr/local/rvm/gems/ruby-1.9.3-p194/gems/activerecord-3.2.8/lib/active_record/fixtures.rb:492:in `block (2 levels) in create_fixtures'
    /usr/local/rvm/gems/ruby-1.9.3-p194/gems/activerecord-3.2.8/lib/active_record/connection_adapters/abstract/database_statements.rb:192:in `transaction'
    /usr/local/rvm/gems/ruby-1.9.3-p194/gems/activerecord-3.2.8/lib/active_record/fixtures.rb:491:in `block in create_fixtures'
    /usr/local/rvm/gems/ruby-1.9.3-p194/gems/activerecord-3.2.8/lib/active_record/connection_adapters/abstract_adapter.rb:168:in `disable_referential_integrity'
    /usr/local/rvm/gems/ruby-1.9.3-p194/gems/activerecord-3.2.8/lib/active_record/fixtures.rb:476:in `create_fixtures'
    /usr/local/rvm/gems/ruby-1.9.3-p194/gems/activerecord-3.2.8/lib/active_record/fixtures.rb:895:in `load_fixtures'
    /usr/local/rvm/gems/ruby-1.9.3-p194/gems/activerecord-3.2.8/lib/active_record/fixtures.rb:849:in `setup_fixtures'
    /usr/local/rvm/gems/ruby-1.9.3-p194/gems/activesupport-3.2.8/lib/active_support/callbacks.rb:429:in `_run__403119628__setup__811057259__callbacks'
    /usr/local/rvm/gems/ruby-1.9.3-p194/gems/activesupport-3.2.8/lib/active_support/callbacks.rb:405:in `__run_callback'
    /usr/local/rvm/gems/ruby-1.9.3-p194/gems/activesupport-3.2.8/lib/active_support/callbacks.rb:385:in `_run_setup_callbacks'
    /usr/local/rvm/gems/ruby-1.9.3-p194/gems/activesupport-3.2.8/lib/active_support/callbacks.rb:81:in `run_callbacks'
    /usr/local/rvm/gems/ruby-1.9.3-p194/gems/activesupport-3.2.8/lib/active_support/testing/setup_and_teardown.rb:35:in `run'

  2) Error:
test_should_destroy_micropost(MicropostsControllerTest):
ActiveRecord::StatementInvalid: Could not find table 'users'
    /usr/local/rvm/gems/ruby-1.9.3-p194/gems/activerecord-3.2.8/lib/active_record/connection_adapters/sqlite_adapter.rb:472:in `table_structure'
    /usr/local/rvm/gems/ruby-1.9.3-p194/gems/activerecord-3.2.8/lib/active_record/connection_adapters/sqlite_adapter.rb:346:in `columns'
    /usr/local/rvm/gems/ruby-1.9.3-p194/gems/activerecord-3.2.8/lib/active_record/fixtures.rb:660:in `column_names'
    /usr/local/rvm/gems/ruby-1.9.3-p194/gems/activerecord-3.2.8/lib/active_record/fixtures.rb:652:in `timestamp_column_names'
    /usr/local/rvm/gems/ruby-1.9.3-p194/gems/activerecord-3.2.8/lib/active_record/fixtures.rb:585:in `block in table_rows'
    /usr/local/rvm/gems/ruby-1.9.3-p194/gems/activerecord-3.2.8/lib/active_record/fixtures.rb:579:in `each'
    /usr/local/rvm/gems/ruby-1.9.3-p194/gems/activerecord-3.2.8/lib/active_record/fixtures.rb:579:in `map'
    /usr/local/rvm/gems/ruby-1.9.3-p194/gems/activerecord-3.2.8/lib/active_record/fixtures.rb:579:in `table_rows'
    /usr/local/rvm/gems/ruby-1.9.3-p194/gems/activerecord-3.2.8/lib/active_record/fixtures.rb:494:in `block (3 levels) in create_fixtures'
    /usr/local/rvm/gems/ruby-1.9.3-p194/gems/activerecord-3.2.8/lib/active_record/fixtures.rb:492:in `each'
    /usr/local/rvm/gems/ruby-1.9.3-p194/gems/activerecord-3.2.8/lib/active_record/fixtures.rb:492:in `block (2 levels) in create_fixtures'
    /usr/local/rvm/gems/ruby-1.9.3-p194/gems/activerecord-3.2.8/lib/active_record/connection_adapters/abstract/database_statements.rb:192:in `transaction'
    /usr/local/rvm/gems/ruby-1.9.3-p194/gems/activerecord-3.2.8/lib/active_record/fixtures.rb:491:in `block in create_fixtures'
    /usr/local/rvm/gems/ruby-1.9.3-p194/gems/activerecord-3.2.8/lib/active_record/connection_adapters/abstract_adapter.rb:168:in `disable_referential_integrity'
    /usr/local/rvm/gems/ruby-1.9.3-p194/gems/activerecord-3.2.8/lib/active_record/fixtures.rb:476:in `create_fixtures'
    /usr/local/rvm/gems/ruby-1.9.3-p194/gems/activerecord-3.2.8/lib/active_record/fixtures.rb:895:in `load_fixtures'
    /usr/local/rvm/gems/ruby-1.9.3-p194/gems/activerecord-3.2.8/lib/active_record/fixtures.rb:849:in `setup_fixtures'
    /usr/local/rvm/gems/ruby-1.9.3-p194/gems/activesupport-3.2.8/lib/active_support/callbacks.rb:429:in `_run__403119628__setup__811057259__callbacks'
    /usr/local/rvm/gems/ruby-1.9.3-p194/gems/activesupport-3.2.8/lib/active_support/callbacks.rb:405:in `__run_callback'
    /usr/local/rvm/gems/ruby-1.9.3-p194/gems/activesupport-3.2.8/lib/active_support/callbacks.rb:385:in `_run_setup_callbacks'
    /usr/local/rvm/gems/ruby-1.9.3-p194/gems/activesupport-3.2.8/lib/active_support/callbacks.rb:81:in `run_callbacks'
    /usr/local/rvm/gems/ruby-1.9.3-p194/gems/activesupport-3.2.8/lib/active_support/testing/setup_and_teardown.rb:35:in `run'

  3) Error:
test_should_get_edit(MicropostsControllerTest):
ActiveRecord::StatementInvalid: Could not find table 'users'
    /usr/local/rvm/gems/ruby-1.9.3-p194/gems/activerecord-3.2.8/lib/active_record/connection_adapters/sqlite_adapter.rb:472:in `table_structure'
    /usr/local/rvm/gems/ruby-1.9.3-p194/gems/activerecord-3.2.8/lib/active_record/connection_adapters/sqlite_adapter.rb:346:in `columns'
    /usr/local/rvm/gems/ruby-1.9.3-p194/gems/activerecord-3.2.8/lib/active_record/fixtures.rb:660:in `column_names'
    /usr/local/rvm/gems/ruby-1.9.3-p194/gems/activerecord-3.2.8/lib/active_record/fixtures.rb:652:in `timestamp_column_names'
    /usr/local/rvm/gems/ruby-1.9.3-p194/gems/activerecord-3.2.8/lib/active_record/fixtures.rb:585:in `block in table_rows'
    /usr/local/rvm/gems/ruby-1.9.3-p194/gems/activerecord-3.2.8/lib/active_record/fixtures.rb:579:in `each'
    /usr/local/rvm/gems/ruby-1.9.3-p194/gems/activerecord-3.2.8/lib/active_record/fixtures.rb:579:in `map'
    /usr/local/rvm/gems/ruby-1.9.3-p194/gems/activerecord-3.2.8/lib/active_record/fixtures.rb:579:in `table_rows'
    /usr/local/rvm/gems/ruby-1.9.3-p194/gems/activerecord-3.2.8/lib/active_record/fixtures.rb:494:in `block (3 levels) in create_fixtures'
    /usr/local/rvm/gems/ruby-1.9.3-p194/gems/activerecord-3.2.8/lib/active_record/fixtures.rb:492:in `each'
    /usr/local/rvm/gems/ruby-1.9.3-p194/gems/activerecord-3.2.8/lib/active_record/fixtures.rb:492:in `block (2 levels) in create_fixtures'
    /usr/local/rvm/gems/ruby-1.9.3-p194/gems/activerecord-3.2.8/lib/active_record/connection_adapters/abstract/database_statements.rb:192:in `transaction'
    /usr/local/rvm/gems/ruby-1.9.3-p194/gems/activerecord-3.2.8/lib/active_record/fixtures.rb:491:in `block in create_fixtures'
    /usr/local/rvm/gems/ruby-1.9.3-p194/gems/activerecord-3.2.8/lib/active_record/connection_adapters/abstract_adapter.rb:168:in `disable_referential_integrity'
    /usr/local/rvm/gems/ruby-1.9.3-p194/gems/activerecord-3.2.8/lib/active_record/fixtures.rb:476:in `create_fixtures'
    /usr/local/rvm/gems/ruby-1.9.3-p194/gems/activerecord-3.2.8/lib/active_record/fixtures.rb:895:in `load_fixtures'
    /usr/local/rvm/gems/ruby-1.9.3-p194/gems/activerecord-3.2.8/lib/active_record/fixtures.rb:849:in `setup_fixtures'
    /usr/local/rvm/gems/ruby-1.9.3-p194/gems/activesupport-3.2.8/lib/active_support/callbacks.rb:429:in `_run__403119628__setup__811057259__callbacks'
    /usr/local/rvm/gems/ruby-1.9.3-p194/gems/activesupport-3.2.8/lib/active_support/callbacks.rb:405:in `__run_callback'
    /usr/local/rvm/gems/ruby-1.9.3-p194/gems/activesupport-3.2.8/lib/active_support/callbacks.rb:385:in `_run_setup_callbacks'
    /usr/local/rvm/gems/ruby-1.9.3-p194/gems/activesupport-3.2.8/lib/active_support/callbacks.rb:81:in `run_callbacks'
    /usr/local/rvm/gems/ruby-1.9.3-p194/gems/activesupport-3.2.8/lib/active_support/testing/setup_and_teardown.rb:35:in `run'

  4) Error:
test_should_get_index(MicropostsControllerTest):
ActiveRecord::StatementInvalid: Could not find table 'users'
    /usr/local/rvm/gems/ruby-1.9.3-p194/gems/activerecord-3.2.8/lib/active_record/connection_adapters/sqlite_adapter.rb:472:in `table_structure'
    /usr/local/rvm/gems/ruby-1.9.3-p194/gems/activerecord-3.2.8/lib/active_record/connection_adapters/sqlite_adapter.rb:346:in `columns'
    /usr/local/rvm/gems/ruby-1.9.3-p194/gems/activerecord-3.2.8/lib/active_record/fixtures.rb:660:in `column_names'
    /usr/local/rvm/gems/ruby-1.9.3-p194/gems/activerecord-3.2.8/lib/active_record/fixtures.rb:652:in `timestamp_column_names'
    /usr/local/rvm/gems/ruby-1.9.3-p194/gems/activerecord-3.2.8/lib/active_record/fixtures.rb:585:in `block in table_rows'
    /usr/local/rvm/gems/ruby-1.9.3-p194/gems/activerecord-3.2.8/lib/active_record/fixtures.rb:579:in `each'
    /usr/local/rvm/gems/ruby-1.9.3-p194/gems/activerecord-3.2.8/lib/active_record/fixtures.rb:579:in `map'
    /usr/local/rvm/gems/ruby-1.9.3-p194/gems/activerecord-3.2.8/lib/active_record/fixtures.rb:579:in `table_rows'
    /usr/local/rvm/gems/ruby-1.9.3-p194/gems/activerecord-3.2.8/lib/active_record/fixtures.rb:494:in `block (3 levels) in create_fixtures'
    /usr/local/rvm/gems/ruby-1.9.3-p194/gems/activerecord-3.2.8/lib/active_record/fixtures.rb:492:in `each'
    /usr/local/rvm/gems/ruby-1.9.3-p194/gems/activerecord-3.2.8/lib/active_record/fixtures.rb:492:in `block (2 levels) in create_fixtures'
    /usr/local/rvm/gems/ruby-1.9.3-p194/gems/activerecord-3.2.8/lib/active_record/connection_adapters/abstract/database_statements.rb:192:in `transaction'
    /usr/local/rvm/gems/ruby-1.9.3-p194/gems/activerecord-3.2.8/lib/active_record/fixtures.rb:491:in `block in create_fixtures'
    /usr/local/rvm/gems/ruby-1.9.3-p194/gems/activerecord-3.2.8/lib/active_record/connection_adapters/abstract_adapter.rb:168:in `disable_referential_integrity'
    /usr/local/rvm/gems/ruby-1.9.3-p194/gems/activerecord-3.2.8/lib/active_record/fixtures.rb:476:in `create_fixtures'
    /usr/local/rvm/gems/ruby-1.9.3-p194/gems/activerecord-3.2.8/lib/active_record/fixtures.rb:895:in `load_fixtures'
    /usr/local/rvm/gems/ruby-1.9.3-p194/gems/activerecord-3.2.8/lib/active_record/fixtures.rb:849:in `setup_fixtures'
    /usr/local/rvm/gems/ruby-1.9.3-p194/gems/activesupport-3.2.8/lib/active_support/callbacks.rb:429:in `_run__403119628__setup__811057259__callbacks'
    /usr/local/rvm/gems/ruby-1.9.3-p194/gems/activesupport-3.2.8/lib/active_support/callbacks.rb:405:in `__run_callback'
    /usr/local/rvm/gems/ruby-1.9.3-p194/gems/activesupport-3.2.8/lib/active_support/callbacks.rb:385:in `_run_setup_callbacks'
    /usr/local/rvm/gems/ruby-1.9.3-p194/gems/activesupport-3.2.8/lib/active_support/callbacks.rb:81:in `run_callbacks'
    /usr/local/rvm/gems/ruby-1.9.3-p194/gems/activesupport-3.2.8/lib/active_support/testing/setup_and_teardown.rb:35:in `run'

  5) Error:
test_should_get_new(MicropostsControllerTest):
ActiveRecord::StatementInvalid: Could not find table 'users'
    /usr/local/rvm/gems/ruby-1.9.3-p194/gems/activerecord-3.2.8/lib/active_record/connection_adapters/sqlite_adapter.rb:472:in `table_structure'
    /usr/local/rvm/gems/ruby-1.9.3-p194/gems/activerecord-3.2.8/lib/active_record/connection_adapters/sqlite_adapter.rb:346:in `columns'
    /usr/local/rvm/gems/ruby-1.9.3-p194/gems/activerecord-3.2.8/lib/active_record/fixtures.rb:660:in `column_names'
    /usr/local/rvm/gems/ruby-1.9.3-p194/gems/activerecord-3.2.8/lib/active_record/fixtures.rb:652:in `timestamp_column_names'
    /usr/local/rvm/gems/ruby-1.9.3-p194/gems/activerecord-3.2.8/lib/active_record/fixtures.rb:585:in `block in table_rows'
    /usr/local/rvm/gems/ruby-1.9.3-p194/gems/activerecord-3.2.8/lib/active_record/fixtures.rb:579:in `each'
    /usr/local/rvm/gems/ruby-1.9.3-p194/gems/activerecord-3.2.8/lib/active_record/fixtures.rb:579:in `map'
    /usr/local/rvm/gems/ruby-1.9.3-p194/gems/activerecord-3.2.8/lib/active_record/fixtures.rb:579:in `table_rows'
    /usr/local/rvm/gems/ruby-1.9.3-p194/gems/activerecord-3.2.8/lib/active_record/fixtures.rb:494:in `block (3 levels) in create_fixtures'
    /usr/local/rvm/gems/ruby-1.9.3-p194/gems/activerecord-3.2.8/lib/active_record/fixtures.rb:492:in `each'
    /usr/local/rvm/gems/ruby-1.9.3-p194/gems/activerecord-3.2.8/lib/active_record/fixtures.rb:492:in `block (2 levels) in create_fixtures'
    /usr/local/rvm/gems/ruby-1.9.3-p194/gems/activerecord-3.2.8/lib/active_record/connection_adapters/abstract/database_statements.rb:192:in `transaction'
    /usr/local/rvm/gems/ruby-1.9.3-p194/gems/activerecord-3.2.8/lib/active_record/fixtures.rb:491:in `block in create_fixtures'
    /usr/local/rvm/gems/ruby-1.9.3-p194/gems/activerecord-3.2.8/lib/active_record/connection_adapters/abstract_adapter.rb:168:in `disable_referential_integrity'
    /usr/local/rvm/gems/ruby-1.9.3-p194/gems/activerecord-3.2.8/lib/active_record/fixtures.rb:476:in `create_fixtures'
    /usr/local/rvm/gems/ruby-1.9.3-p194/gems/activerecord-3.2.8/lib/active_record/fixtures.rb:895:in `load_fixtures'
    /usr/local/rvm/gems/ruby-1.9.3-p194/gems/activerecord-3.2.8/lib/active_record/fixtures.rb:849:in `setup_fixtures'
    /usr/local/rvm/gems/ruby-1.9.3-p194/gems/activesupport-3.2.8/lib/active_support/callbacks.rb:429:in `_run__403119628__setup__811057259__callbacks'
    /usr/local/rvm/gems/ruby-1.9.3-p194/gems/activesupport-3.2.8/lib/active_support/callbacks.rb:405:in `__run_callback'
    /usr/local/rvm/gems/ruby-1.9.3-p194/gems/activesupport-3.2.8/lib/active_support/callbacks.rb:385:in `_run_setup_callbacks'
    /usr/local/rvm/gems/ruby-1.9.3-p194/gems/activesupport-3.2.8/lib/active_support/callbacks.rb:81:in `run_callbacks'
    /usr/local/rvm/gems/ruby-1.9.3-p194/gems/activesupport-3.2.8/lib/active_support/testing/setup_and_teardown.rb:35:in `run'

  6) Error:
test_should_show_micropost(MicropostsControllerTest):
ActiveRecord::StatementInvalid: Could not find table 'users'
    /usr/local/rvm/gems/ruby-1.9.3-p194/gems/activerecord-3.2.8/lib/active_record/connection_adapters/sqlite_adapter.rb:472:in `table_structure'
    /usr/local/rvm/gems/ruby-1.9.3-p194/gems/activerecord-3.2.8/lib/active_record/connection_adapters/sqlite_adapter.rb:346:in `columns'
    /usr/local/rvm/gems/ruby-1.9.3-p194/gems/activerecord-3.2.8/lib/active_record/fixtures.rb:660:in `column_names'
    /usr/local/rvm/gems/ruby-1.9.3-p194/gems/activerecord-3.2.8/lib/active_record/fixtures.rb:652:in `timestamp_column_names'
    /usr/local/rvm/gems/ruby-1.9.3-p194/gems/activerecord-3.2.8/lib/active_record/fixtures.rb:585:in `block in table_rows'
    /usr/local/rvm/gems/ruby-1.9.3-p194/gems/activerecord-3.2.8/lib/active_record/fixtures.rb:579:in `each'
    /usr/local/rvm/gems/ruby-1.9.3-p194/gems/activerecord-3.2.8/lib/active_record/fixtures.rb:579:in `map'
    /usr/local/rvm/gems/ruby-1.9.3-p194/gems/activerecord-3.2.8/lib/active_record/fixtures.rb:579:in `table_rows'
    /usr/local/rvm/gems/ruby-1.9.3-p194/gems/activerecord-3.2.8/lib/active_record/fixtures.rb:494:in `block (3 levels) in create_fixtures'
    /usr/local/rvm/gems/ruby-1.9.3-p194/gems/activerecord-3.2.8/lib/active_record/fixtures.rb:492:in `each'
    /usr/local/rvm/gems/ruby-1.9.3-p194/gems/activerecord-3.2.8/lib/active_record/fixtures.rb:492:in `block (2 levels) in create_fixtures'
    /usr/local/rvm/gems/ruby-1.9.3-p194/gems/activerecord-3.2.8/lib/active_record/connection_adapters/abstract/database_statements.rb:192:in `transaction'
    /usr/local/rvm/gems/ruby-1.9.3-p194/gems/activerecord-3.2.8/lib/active_record/fixtures.rb:491:in `block in create_fixtures'
    /usr/local/rvm/gems/ruby-1.9.3-p194/gems/activerecord-3.2.8/lib/active_record/connection_adapters/abstract_adapter.rb:168:in `disable_referential_integrity'
    /usr/local/rvm/gems/ruby-1.9.3-p194/gems/activerecord-3.2.8/lib/active_record/fixtures.rb:476:in `create_fixtures'
    /usr/local/rvm/gems/ruby-1.9.3-p194/gems/activerecord-3.2.8/lib/active_record/fixtures.rb:895:in `load_fixtures'
    /usr/local/rvm/gems/ruby-1.9.3-p194/gems/activerecord-3.2.8/lib/active_record/fixtures.rb:849:in `setup_fixtures'
    /usr/local/rvm/gems/ruby-1.9.3-p194/gems/activesupport-3.2.8/lib/active_support/callbacks.rb:429:in `_run__403119628__setup__811057259__callbacks'
    /usr/local/rvm/gems/ruby-1.9.3-p194/gems/activesupport-3.2.8/lib/active_support/callbacks.rb:405:in `__run_callback'
    /usr/local/rvm/gems/ruby-1.9.3-p194/gems/activesupport-3.2.8/lib/active_support/callbacks.rb:385:in `_run_setup_callbacks'
    /usr/local/rvm/gems/ruby-1.9.3-p194/gems/activesupport-3.2.8/lib/active_support/callbacks.rb:81:in `run_callbacks'
    /usr/local/rvm/gems/ruby-1.9.3-p194/gems/activesupport-3.2.8/lib/active_support/testing/setup_and_teardown.rb:35:in `run'

  7) Error:
test_should_update_micropost(MicropostsControllerTest):
ActiveRecord::StatementInvalid: Could not find table 'users'
    /usr/local/rvm/gems/ruby-1.9.3-p194/gems/activerecord-3.2.8/lib/active_record/connection_adapters/sqlite_adapter.rb:472:in `table_structure'
    /usr/local/rvm/gems/ruby-1.9.3-p194/gems/activerecord-3.2.8/lib/active_record/connection_adapters/sqlite_adapter.rb:346:in `columns'
    /usr/local/rvm/gems/ruby-1.9.3-p194/gems/activerecord-3.2.8/lib/active_record/fixtures.rb:660:in `column_names'
    /usr/local/rvm/gems/ruby-1.9.3-p194/gems/activerecord-3.2.8/lib/active_record/fixtures.rb:652:in `timestamp_column_names'
    /usr/local/rvm/gems/ruby-1.9.3-p194/gems/activerecord-3.2.8/lib/active_record/fixtures.rb:585:in `block in table_rows'
    /usr/local/rvm/gems/ruby-1.9.3-p194/gems/activerecord-3.2.8/lib/active_record/fixtures.rb:579:in `each'
    /usr/local/rvm/gems/ruby-1.9.3-p194/gems/activerecord-3.2.8/lib/active_record/fixtures.rb:579:in `map'
    /usr/local/rvm/gems/ruby-1.9.3-p194/gems/activerecord-3.2.8/lib/active_record/fixtures.rb:579:in `table_rows'
    /usr/local/rvm/gems/ruby-1.9.3-p194/gems/activerecord-3.2.8/lib/active_record/fixtures.rb:494:in `block (3 levels) in create_fixtures'
    /usr/local/rvm/gems/ruby-1.9.3-p194/gems/activerecord-3.2.8/lib/active_record/fixtures.rb:492:in `each'
    /usr/local/rvm/gems/ruby-1.9.3-p194/gems/activerecord-3.2.8/lib/active_record/fixtures.rb:492:in `block (2 levels) in create_fixtures'
    /usr/local/rvm/gems/ruby-1.9.3-p194/gems/activerecord-3.2.8/lib/active_record/connection_adapters/abstract/database_statements.rb:192:in `transaction'
    /usr/local/rvm/gems/ruby-1.9.3-p194/gems/activerecord-3.2.8/lib/active_record/fixtures.rb:491:in `block in create_fixtures'
    /usr/local/rvm/gems/ruby-1.9.3-p194/gems/activerecord-3.2.8/lib/active_record/connection_adapters/abstract_adapter.rb:168:in `disable_referential_integrity'
    /usr/local/rvm/gems/ruby-1.9.3-p194/gems/activerecord-3.2.8/lib/active_record/fixtures.rb:476:in `create_fixtures'
    /usr/local/rvm/gems/ruby-1.9.3-p194/gems/activerecord-3.2.8/lib/active_record/fixtures.rb:895:in `load_fixtures'
    /usr/local/rvm/gems/ruby-1.9.3-p194/gems/activerecord-3.2.8/lib/active_record/fixtures.rb:849:in `setup_fixtures'
    /usr/local/rvm/gems/ruby-1.9.3-p194/gems/activesupport-3.2.8/lib/active_support/callbacks.rb:429:in `_run__403119628__setup__811057259__callbacks'
    /usr/local/rvm/gems/ruby-1.9.3-p194/gems/activesupport-3.2.8/lib/active_support/callbacks.rb:405:in `__run_callback'
    /usr/local/rvm/gems/ruby-1.9.3-p194/gems/activesupport-3.2.8/lib/active_support/callbacks.rb:385:in `_run_setup_callbacks'
    /usr/local/rvm/gems/ruby-1.9.3-p194/gems/activesupport-3.2.8/lib/active_support/callbacks.rb:81:in `run_callbacks'
    /usr/local/rvm/gems/ruby-1.9.3-p194/gems/activesupport-3.2.8/lib/active_support/testing/setup_and_teardown.rb:35:in `run'

7 tests, 0 assertions, 0 failures, 7 errors, 0 skips
Run options: -n "/^(test_should_get_contact|test_should_get_home)$/"

# Running tests:

EE

Finished tests in 0.048980s, 40.8330 tests/s, 0.0000 assertions/s.

  1) Error:
test_should_get_contact(PagesControllerTest):
ActiveRecord::StatementInvalid: Could not find table 'users'
    /usr/local/rvm/gems/ruby-1.9.3-p194/gems/activerecord-3.2.8/lib/active_record/connection_adapters/sqlite_adapter.rb:472:in `table_structure'
    /usr/local/rvm/gems/ruby-1.9.3-p194/gems/activerecord-3.2.8/lib/active_record/connection_adapters/sqlite_adapter.rb:346:in `columns'
    /usr/local/rvm/gems/ruby-1.9.3-p194/gems/activerecord-3.2.8/lib/active_record/fixtures.rb:660:in `column_names'
    /usr/local/rvm/gems/ruby-1.9.3-p194/gems/activerecord-3.2.8/lib/active_record/fixtures.rb:652:in `timestamp_column_names'
    /usr/local/rvm/gems/ruby-1.9.3-p194/gems/activerecord-3.2.8/lib/active_record/fixtures.rb:585:in `block in table_rows'
    /usr/local/rvm/gems/ruby-1.9.3-p194/gems/activerecord-3.2.8/lib/active_record/fixtures.rb:579:in `each'
    /usr/local/rvm/gems/ruby-1.9.3-p194/gems/activerecord-3.2.8/lib/active_record/fixtures.rb:579:in `map'
    /usr/local/rvm/gems/ruby-1.9.3-p194/gems/activerecord-3.2.8/lib/active_record/fixtures.rb:579:in `table_rows'
    /usr/local/rvm/gems/ruby-1.9.3-p194/gems/activerecord-3.2.8/lib/active_record/fixtures.rb:494:in `block (3 levels) in create_fixtures'
    /usr/local/rvm/gems/ruby-1.9.3-p194/gems/activerecord-3.2.8/lib/active_record/fixtures.rb:492:in `each'
    /usr/local/rvm/gems/ruby-1.9.3-p194/gems/activerecord-3.2.8/lib/active_record/fixtures.rb:492:in `block (2 levels) in create_fixtures'
    /usr/local/rvm/gems/ruby-1.9.3-p194/gems/activerecord-3.2.8/lib/active_record/connection_adapters/abstract/database_statements.rb:192:in `transaction'
    /usr/local/rvm/gems/ruby-1.9.3-p194/gems/activerecord-3.2.8/lib/active_record/fixtures.rb:491:in `block in create_fixtures'
    /usr/local/rvm/gems/ruby-1.9.3-p194/gems/activerecord-3.2.8/lib/active_record/connection_adapters/abstract_adapter.rb:168:in `disable_referential_integrity'
    /usr/local/rvm/gems/ruby-1.9.3-p194/gems/activerecord-3.2.8/lib/active_record/fixtures.rb:476:in `create_fixtures'
    /usr/local/rvm/gems/ruby-1.9.3-p194/gems/activerecord-3.2.8/lib/active_record/fixtures.rb:895:in `load_fixtures'
    /usr/local/rvm/gems/ruby-1.9.3-p194/gems/activerecord-3.2.8/lib/active_record/fixtures.rb:849:in `setup_fixtures'
    /usr/local/rvm/gems/ruby-1.9.3-p194/gems/activesupport-3.2.8/lib/active_support/callbacks.rb:429:in `_run__617186754__setup__883208130__callbacks'
    /usr/local/rvm/gems/ruby-1.9.3-p194/gems/activesupport-3.2.8/lib/active_support/callbacks.rb:405:in `__run_callback'
    /usr/local/rvm/gems/ruby-1.9.3-p194/gems/activesupport-3.2.8/lib/active_support/callbacks.rb:385:in `_run_setup_callbacks'
    /usr/local/rvm/gems/ruby-1.9.3-p194/gems/activesupport-3.2.8/lib/active_support/callbacks.rb:81:in `run_callbacks'
    /usr/local/rvm/gems/ruby-1.9.3-p194/gems/activesupport-3.2.8/lib/active_support/testing/setup_and_teardown.rb:35:in `run'

  2) Error:
test_should_get_home(PagesControllerTest):
ActiveRecord::StatementInvalid: Could not find table 'users'
    /usr/local/rvm/gems/ruby-1.9.3-p194/gems/activerecord-3.2.8/lib/active_record/connection_adapters/sqlite_adapter.rb:472:in `table_structure'
    /usr/local/rvm/gems/ruby-1.9.3-p194/gems/activerecord-3.2.8/lib/active_record/connection_adapters/sqlite_adapter.rb:346:in `columns'
    /usr/local/rvm/gems/ruby-1.9.3-p194/gems/activerecord-3.2.8/lib/active_record/fixtures.rb:660:in `column_names'
    /usr/local/rvm/gems/ruby-1.9.3-p194/gems/activerecord-3.2.8/lib/active_record/fixtures.rb:652:in `timestamp_column_names'
    /usr/local/rvm/gems/ruby-1.9.3-p194/gems/activerecord-3.2.8/lib/active_record/fixtures.rb:585:in `block in table_rows'
    /usr/local/rvm/gems/ruby-1.9.3-p194/gems/activerecord-3.2.8/lib/active_record/fixtures.rb:579:in `each'
    /usr/local/rvm/gems/ruby-1.9.3-p194/gems/activerecord-3.2.8/lib/active_record/fixtures.rb:579:in `map'
    /usr/local/rvm/gems/ruby-1.9.3-p194/gems/activerecord-3.2.8/lib/active_record/fixtures.rb:579:in `table_rows'
    /usr/local/rvm/gems/ruby-1.9.3-p194/gems/activerecord-3.2.8/lib/active_record/fixtures.rb:494:in `block (3 levels) in create_fixtures'
    /usr/local/rvm/gems/ruby-1.9.3-p194/gems/activerecord-3.2.8/lib/active_record/fixtures.rb:492:in `each'
    /usr/local/rvm/gems/ruby-1.9.3-p194/gems/activerecord-3.2.8/lib/active_record/fixtures.rb:492:in `block (2 levels) in create_fixtures'
    /usr/local/rvm/gems/ruby-1.9.3-p194/gems/activerecord-3.2.8/lib/active_record/connection_adapters/abstract/database_statements.rb:192:in `transaction'
    /usr/local/rvm/gems/ruby-1.9.3-p194/gems/activerecord-3.2.8/lib/active_record/fixtures.rb:491:in `block in create_fixtures'
    /usr/local/rvm/gems/ruby-1.9.3-p194/gems/activerecord-3.2.8/lib/active_record/connection_adapters/abstract_adapter.rb:168:in `disable_referential_integrity'
    /usr/local/rvm/gems/ruby-1.9.3-p194/gems/activerecord-3.2.8/lib/active_record/fixtures.rb:476:in `create_fixtures'
    /usr/local/rvm/gems/ruby-1.9.3-p194/gems/activerecord-3.2.8/lib/active_record/fixtures.rb:895:in `load_fixtures'
    /usr/local/rvm/gems/ruby-1.9.3-p194/gems/activerecord-3.2.8/lib/active_record/fixtures.rb:849:in `setup_fixtures'
    /usr/local/rvm/gems/ruby-1.9.3-p194/gems/activesupport-3.2.8/lib/active_support/callbacks.rb:429:in `_run__617186754__setup__883208130__callbacks'
    /usr/local/rvm/gems/ruby-1.9.3-p194/gems/activesupport-3.2.8/lib/active_support/callbacks.rb:405:in `__run_callback'
    /usr/local/rvm/gems/ruby-1.9.3-p194/gems/activesupport-3.2.8/lib/active_support/callbacks.rb:385:in `_run_setup_callbacks'
    /usr/local/rvm/gems/ruby-1.9.3-p194/gems/activesupport-3.2.8/lib/active_support/callbacks.rb:81:in `run_callbacks'
    /usr/local/rvm/gems/ruby-1.9.3-p194/gems/activesupport-3.2.8/lib/active_support/testing/setup_and_teardown.rb:35:in `run'

2 tests, 0 assertions, 0 failures, 2 errors, 0 skips
/usr/local/rvm/rubies/ruby-1.9.3-p194/bin/ruby -I.:lib:test -rubygems test/functional/users_controller_test.rb -n "/^(test_should_create_user|test_should_destroy_user|test_should_get_edit|test_should_get_index|test_should_get_new|test_should_show_user|test_should_update_user)$/"; /usr/local/rvm/rubies/ruby-1.9.3-p194/bin/ruby -I.:lib:test -rubygems test/functional/pages_controller_test.rb -n "/^(test_should_get_contact|test_should_get_home)$/"; /usr/local/rvm/rubies/ruby-1.9.3-p194/bin/ruby -I.:lib:test -rubygems test/functional/microposts_controller_test.rb -n "/^(test_should_create_micropost|test_should_destroy_micropost|test_should_get_edit|test_should_get_index|test_should_get_new|test_should_show_micropost|test_should_update_micropost)$/"
Run options: -n "/^(test_should_create_user|test_should_destroy_user|test_should_get_edit|test_should_get_index|test_should_get_new|test_should_show_user|test_should_update_user)$/"

# Running tests:

EEEEEEE

Finished tests in 0.102404s, 68.3568 tests/s, 0.0000 assertions/s.

  1) Error:
test_should_create_user(UsersControllerTest):
ActiveRecord::StatementInvalid: Could not find table 'users'
    /usr/local/rvm/gems/ruby-1.9.3-p194/gems/activerecord-3.2.8/lib/active_record/connection_adapters/sqlite_adapter.rb:472:in `table_structure'
    /usr/local/rvm/gems/ruby-1.9.3-p194/gems/activerecord-3.2.8/lib/active_record/connection_adapters/sqlite_adapter.rb:346:in `columns'
    /usr/local/rvm/gems/ruby-1.9.3-p194/gems/activerecord-3.2.8/lib/active_record/fixtures.rb:660:in `column_names'
    /usr/local/rvm/gems/ruby-1.9.3-p194/gems/activerecord-3.2.8/lib/active_record/fixtures.rb:652:in `timestamp_column_names'
    /usr/local/rvm/gems/ruby-1.9.3-p194/gems/activerecord-3.2.8/lib/active_record/fixtures.rb:585:in `block in table_rows'
    /usr/local/rvm/gems/ruby-1.9.3-p194/gems/activerecord-3.2.8/lib/active_record/fixtures.rb:579:in `each'
    /usr/local/rvm/gems/ruby-1.9.3-p194/gems/activerecord-3.2.8/lib/active_record/fixtures.rb:579:in `map'
    /usr/local/rvm/gems/ruby-1.9.3-p194/gems/activerecord-3.2.8/lib/active_record/fixtures.rb:579:in `table_rows'
    /usr/local/rvm/gems/ruby-1.9.3-p194/gems/activerecord-3.2.8/lib/active_record/fixtures.rb:494:in `block (3 levels) in create_fixtures'
    /usr/local/rvm/gems/ruby-1.9.3-p194/gems/activerecord-3.2.8/lib/active_record/fixtures.rb:492:in `each'
    /usr/local/rvm/gems/ruby-1.9.3-p194/gems/activerecord-3.2.8/lib/active_record/fixtures.rb:492:in `block (2 levels) in create_fixtures'
    /usr/local/rvm/gems/ruby-1.9.3-p194/gems/activerecord-3.2.8/lib/active_record/connection_adapters/abstract/database_statements.rb:192:in `transaction'
    /usr/local/rvm/gems/ruby-1.9.3-p194/gems/activerecord-3.2.8/lib/active_record/fixtures.rb:491:in `block in create_fixtures'
    /usr/local/rvm/gems/ruby-1.9.3-p194/gems/activerecord-3.2.8/lib/active_record/connection_adapters/abstract_adapter.rb:168:in `disable_referential_integrity'
    /usr/local/rvm/gems/ruby-1.9.3-p194/gems/activerecord-3.2.8/lib/active_record/fixtures.rb:476:in `create_fixtures'
    /usr/local/rvm/gems/ruby-1.9.3-p194/gems/activerecord-3.2.8/lib/active_record/fixtures.rb:895:in `load_fixtures'
    /usr/local/rvm/gems/ruby-1.9.3-p194/gems/activerecord-3.2.8/lib/active_record/fixtures.rb:849:in `setup_fixtures'
    /usr/local/rvm/gems/ruby-1.9.3-p194/gems/activesupport-3.2.8/lib/active_support/callbacks.rb:429:in `_run__570977288__setup__975005436__callbacks'
    /usr/local/rvm/gems/ruby-1.9.3-p194/gems/activesupport-3.2.8/lib/active_support/callbacks.rb:405:in `__run_callback'
    /usr/local/rvm/gems/ruby-1.9.3-p194/gems/activesupport-3.2.8/lib/active_support/callbacks.rb:385:in `_run_setup_callbacks'
    /usr/local/rvm/gems/ruby-1.9.3-p194/gems/activesupport-3.2.8/lib/active_support/callbacks.rb:81:in `run_callbacks'
    /usr/local/rvm/gems/ruby-1.9.3-p194/gems/activesupport-3.2.8/lib/active_support/testing/setup_and_teardown.rb:35:in `run'

  2) Error:
test_should_destroy_user(UsersControllerTest):
ActiveRecord::StatementInvalid: Could not find table 'users'
    /usr/local/rvm/gems/ruby-1.9.3-p194/gems/activerecord-3.2.8/lib/active_record/connection_adapters/sqlite_adapter.rb:472:in `table_structure'
    /usr/local/rvm/gems/ruby-1.9.3-p194/gems/activerecord-3.2.8/lib/active_record/connection_adapters/sqlite_adapter.rb:346:in `columns'
    /usr/local/rvm/gems/ruby-1.9.3-p194/gems/activerecord-3.2.8/lib/active_record/fixtures.rb:660:in `column_names'
    /usr/local/rvm/gems/ruby-1.9.3-p194/gems/activerecord-3.2.8/lib/active_record/fixtures.rb:652:in `timestamp_column_names'
    /usr/local/rvm/gems/ruby-1.9.3-p194/gems/activerecord-3.2.8/lib/active_record/fixtures.rb:585:in `block in table_rows'
    /usr/local/rvm/gems/ruby-1.9.3-p194/gems/activerecord-3.2.8/lib/active_record/fixtures.rb:579:in `each'
    /usr/local/rvm/gems/ruby-1.9.3-p194/gems/activerecord-3.2.8/lib/active_record/fixtures.rb:579:in `map'
    /usr/local/rvm/gems/ruby-1.9.3-p194/gems/activerecord-3.2.8/lib/active_record/fixtures.rb:579:in `table_rows'
    /usr/local/rvm/gems/ruby-1.9.3-p194/gems/activerecord-3.2.8/lib/active_record/fixtures.rb:494:in `block (3 levels) in create_fixtures'
    /usr/local/rvm/gems/ruby-1.9.3-p194/gems/activerecord-3.2.8/lib/active_record/fixtures.rb:492:in `each'
    /usr/local/rvm/gems/ruby-1.9.3-p194/gems/activerecord-3.2.8/lib/active_record/fixtures.rb:492:in `block (2 levels) in create_fixtures'
    /usr/local/rvm/gems/ruby-1.9.3-p194/gems/activerecord-3.2.8/lib/active_record/connection_adapters/abstract/database_statements.rb:192:in `transaction'
    /usr/local/rvm/gems/ruby-1.9.3-p194/gems/activerecord-3.2.8/lib/active_record/fixtures.rb:491:in `block in create_fixtures'
    /usr/local/rvm/gems/ruby-1.9.3-p194/gems/activerecord-3.2.8/lib/active_record/connection_adapters/abstract_adapter.rb:168:in `disable_referential_integrity'
    /usr/local/rvm/gems/ruby-1.9.3-p194/gems/activerecord-3.2.8/lib/active_record/fixtures.rb:476:in `create_fixtures'
    /usr/local/rvm/gems/ruby-1.9.3-p194/gems/activerecord-3.2.8/lib/active_record/fixtures.rb:895:in `load_fixtures'
    /usr/local/rvm/gems/ruby-1.9.3-p194/gems/activerecord-3.2.8/lib/active_record/fixtures.rb:849:in `setup_fixtures'
    /usr/local/rvm/gems/ruby-1.9.3-p194/gems/activesupport-3.2.8/lib/active_support/callbacks.rb:429:in `_run__570977288__setup__975005436__callbacks'
    /usr/local/rvm/gems/ruby-1.9.3-p194/gems/activesupport-3.2.8/lib/active_support/callbacks.rb:405:in `__run_callback'
    /usr/local/rvm/gems/ruby-1.9.3-p194/gems/activesupport-3.2.8/lib/active_support/callbacks.rb:385:in `_run_setup_callbacks'
    /usr/local/rvm/gems/ruby-1.9.3-p194/gems/activesupport-3.2.8/lib/active_support/callbacks.rb:81:in `run_callbacks'
    /usr/local/rvm/gems/ruby-1.9.3-p194/gems/activesupport-3.2.8/lib/active_support/testing/setup_and_teardown.rb:35:in `run'

  3) Error:
test_should_get_edit(UsersControllerTest):
ActiveRecord::StatementInvalid: Could not find table 'users'
    /usr/local/rvm/gems/ruby-1.9.3-p194/gems/activerecord-3.2.8/lib/active_record/connection_adapters/sqlite_adapter.rb:472:in `table_structure'
    /usr/local/rvm/gems/ruby-1.9.3-p194/gems/activerecord-3.2.8/lib/active_record/connection_adapters/sqlite_adapter.rb:346:in `columns'
    /usr/local/rvm/gems/ruby-1.9.3-p194/gems/activerecord-3.2.8/lib/active_record/fixtures.rb:660:in `column_names'
    /usr/local/rvm/gems/ruby-1.9.3-p194/gems/activerecord-3.2.8/lib/active_record/fixtures.rb:652:in `timestamp_column_names'
    /usr/local/rvm/gems/ruby-1.9.3-p194/gems/activerecord-3.2.8/lib/active_record/fixtures.rb:585:in `block in table_rows'
    /usr/local/rvm/gems/ruby-1.9.3-p194/gems/activerecord-3.2.8/lib/active_record/fixtures.rb:579:in `each'
    /usr/local/rvm/gems/ruby-1.9.3-p194/gems/activerecord-3.2.8/lib/active_record/fixtures.rb:579:in `map'
    /usr/local/rvm/gems/ruby-1.9.3-p194/gems/activerecord-3.2.8/lib/active_record/fixtures.rb:579:in `table_rows'
    /usr/local/rvm/gems/ruby-1.9.3-p194/gems/activerecord-3.2.8/lib/active_record/fixtures.rb:494:in `block (3 levels) in create_fixtures'
    /usr/local/rvm/gems/ruby-1.9.3-p194/gems/activerecord-3.2.8/lib/active_record/fixtures.rb:492:in `each'
    /usr/local/rvm/gems/ruby-1.9.3-p194/gems/activerecord-3.2.8/lib/active_record/fixtures.rb:492:in `block (2 levels) in create_fixtures'
    /usr/local/rvm/gems/ruby-1.9.3-p194/gems/activerecord-3.2.8/lib/active_record/connection_adapters/abstract/database_statements.rb:192:in `transaction'
    /usr/local/rvm/gems/ruby-1.9.3-p194/gems/activerecord-3.2.8/lib/active_record/fixtures.rb:491:in `block in create_fixtures'
    /usr/local/rvm/gems/ruby-1.9.3-p194/gems/activerecord-3.2.8/lib/active_record/connection_adapters/abstract_adapter.rb:168:in `disable_referential_integrity'
    /usr/local/rvm/gems/ruby-1.9.3-p194/gems/activerecord-3.2.8/lib/active_record/fixtures.rb:476:in `create_fixtures'
    /usr/local/rvm/gems/ruby-1.9.3-p194/gems/activerecord-3.2.8/lib/active_record/fixtures.rb:895:in `load_fixtures'
    /usr/local/rvm/gems/ruby-1.9.3-p194/gems/activerecord-3.2.8/lib/active_record/fixtures.rb:849:in `setup_fixtures'
    /usr/local/rvm/gems/ruby-1.9.3-p194/gems/activesupport-3.2.8/lib/active_support/callbacks.rb:429:in `_run__570977288__setup__975005436__callbacks'
    /usr/local/rvm/gems/ruby-1.9.3-p194/gems/activesupport-3.2.8/lib/active_support/callbacks.rb:405:in `__run_callback'
    /usr/local/rvm/gems/ruby-1.9.3-p194/gems/activesupport-3.2.8/lib/active_support/callbacks.rb:385:in `_run_setup_callbacks'
    /usr/local/rvm/gems/ruby-1.9.3-p194/gems/activesupport-3.2.8/lib/active_support/callbacks.rb:81:in `run_callbacks'
    /usr/local/rvm/gems/ruby-1.9.3-p194/gems/activesupport-3.2.8/lib/active_support/testing/setup_and_teardown.rb:35:in `run'

  4) Error:
test_should_get_index(UsersControllerTest):
ActiveRecord::StatementInvalid: Could not find table 'users'
    /usr/local/rvm/gems/ruby-1.9.3-p194/gems/activerecord-3.2.8/lib/active_record/connection_adapters/sqlite_adapter.rb:472:in `table_structure'
    /usr/local/rvm/gems/ruby-1.9.3-p194/gems/activerecord-3.2.8/lib/active_record/connection_adapters/sqlite_adapter.rb:346:in `columns'
    /usr/local/rvm/gems/ruby-1.9.3-p194/gems/activerecord-3.2.8/lib/active_record/fixtures.rb:660:in `column_names'
    /usr/local/rvm/gems/ruby-1.9.3-p194/gems/activerecord-3.2.8/lib/active_record/fixtures.rb:652:in `timestamp_column_names'
    /usr/local/rvm/gems/ruby-1.9.3-p194/gems/activerecord-3.2.8/lib/active_record/fixtures.rb:585:in `block in table_rows'
    /usr/local/rvm/gems/ruby-1.9.3-p194/gems/activerecord-3.2.8/lib/active_record/fixtures.rb:579:in `each'
    /usr/local/rvm/gems/ruby-1.9.3-p194/gems/activerecord-3.2.8/lib/active_record/fixtures.rb:579:in `map'
    /usr/local/rvm/gems/ruby-1.9.3-p194/gems/activerecord-3.2.8/lib/active_record/fixtures.rb:579:in `table_rows'
    /usr/local/rvm/gems/ruby-1.9.3-p194/gems/activerecord-3.2.8/lib/active_record/fixtures.rb:494:in `block (3 levels) in create_fixtures'
    /usr/local/rvm/gems/ruby-1.9.3-p194/gems/activerecord-3.2.8/lib/active_record/fixtures.rb:492:in `each'
    /usr/local/rvm/gems/ruby-1.9.3-p194/gems/activerecord-3.2.8/lib/active_record/fixtures.rb:492:in `block (2 levels) in create_fixtures'
    /usr/local/rvm/gems/ruby-1.9.3-p194/gems/activerecord-3.2.8/lib/active_record/connection_adapters/abstract/database_statements.rb:192:in `transaction'
    /usr/local/rvm/gems/ruby-1.9.3-p194/gems/activerecord-3.2.8/lib/active_record/fixtures.rb:491:in `block in create_fixtures'
    /usr/local/rvm/gems/ruby-1.9.3-p194/gems/activerecord-3.2.8/lib/active_record/connection_adapters/abstract_adapter.rb:168:in `disable_referential_integrity'
    /usr/local/rvm/gems/ruby-1.9.3-p194/gems/activerecord-3.2.8/lib/active_record/fixtures.rb:476:in `create_fixtures'
    /usr/local/rvm/gems/ruby-1.9.3-p194/gems/activerecord-3.2.8/lib/active_record/fixtures.rb:895:in `load_fixtures'
    /usr/local/rvm/gems/ruby-1.9.3-p194/gems/activerecord-3.2.8/lib/active_record/fixtures.rb:849:in `setup_fixtures'
    /usr/local/rvm/gems/ruby-1.9.3-p194/gems/activesupport-3.2.8/lib/active_support/callbacks.rb:429:in `_run__570977288__setup__975005436__callbacks'
    /usr/local/rvm/gems/ruby-1.9.3-p194/gems/activesupport-3.2.8/lib/active_support/callbacks.rb:405:in `__run_callback'
    /usr/local/rvm/gems/ruby-1.9.3-p194/gems/activesupport-3.2.8/lib/active_support/callbacks.rb:385:in `_run_setup_callbacks'
    /usr/local/rvm/gems/ruby-1.9.3-p194/gems/activesupport-3.2.8/lib/active_support/callbacks.rb:81:in `run_callbacks'
    /usr/local/rvm/gems/ruby-1.9.3-p194/gems/activesupport-3.2.8/lib/active_support/testing/setup_and_teardown.rb:35:in `run'

  5) Error:
test_should_get_new(UsersControllerTest):
ActiveRecord::StatementInvalid: Could not find table 'users'
    /usr/local/rvm/gems/ruby-1.9.3-p194/gems/activerecord-3.2.8/lib/active_record/connection_adapters/sqlite_adapter.rb:472:in `table_structure'
    /usr/local/rvm/gems/ruby-1.9.3-p194/gems/activerecord-3.2.8/lib/active_record/connection_adapters/sqlite_adapter.rb:346:in `columns'
    /usr/local/rvm/gems/ruby-1.9.3-p194/gems/activerecord-3.2.8/lib/active_record/fixtures.rb:660:in `column_names'
    /usr/local/rvm/gems/ruby-1.9.3-p194/gems/activerecord-3.2.8/lib/active_record/fixtures.rb:652:in `timestamp_column_names'
    /usr/local/rvm/gems/ruby-1.9.3-p194/gems/activerecord-3.2.8/lib/active_record/fixtures.rb:585:in `block in table_rows'
    /usr/local/rvm/gems/ruby-1.9.3-p194/gems/activerecord-3.2.8/lib/active_record/fixtures.rb:579:in `each'
    /usr/local/rvm/gems/ruby-1.9.3-p194/gems/activerecord-3.2.8/lib/active_record/fixtures.rb:579:in `map'
    /usr/local/rvm/gems/ruby-1.9.3-p194/gems/activerecord-3.2.8/lib/active_record/fixtures.rb:579:in `table_rows'
    /usr/local/rvm/gems/ruby-1.9.3-p194/gems/activerecord-3.2.8/lib/active_record/fixtures.rb:494:in `block (3 levels) in create_fixtures'
    /usr/local/rvm/gems/ruby-1.9.3-p194/gems/activerecord-3.2.8/lib/active_record/fixtures.rb:492:in `each'
    /usr/local/rvm/gems/ruby-1.9.3-p194/gems/activerecord-3.2.8/lib/active_record/fixtures.rb:492:in `block (2 levels) in create_fixtures'
    /usr/local/rvm/gems/ruby-1.9.3-p194/gems/activerecord-3.2.8/lib/active_record/connection_adapters/abstract/database_statements.rb:192:in `transaction'
    /usr/local/rvm/gems/ruby-1.9.3-p194/gems/activerecord-3.2.8/lib/active_record/fixtures.rb:491:in `block in create_fixtures'
    /usr/local/rvm/gems/ruby-1.9.3-p194/gems/activerecord-3.2.8/lib/active_record/connection_adapters/abstract_adapter.rb:168:in `disable_referential_integrity'
    /usr/local/rvm/gems/ruby-1.9.3-p194/gems/activerecord-3.2.8/lib/active_record/fixtures.rb:476:in `create_fixtures'
    /usr/local/rvm/gems/ruby-1.9.3-p194/gems/activerecord-3.2.8/lib/active_record/fixtures.rb:895:in `load_fixtures'
    /usr/local/rvm/gems/ruby-1.9.3-p194/gems/activerecord-3.2.8/lib/active_record/fixtures.rb:849:in `setup_fixtures'
    /usr/local/rvm/gems/ruby-1.9.3-p194/gems/activesupport-3.2.8/lib/active_support/callbacks.rb:429:in `_run__570977288__setup__975005436__callbacks'
    /usr/local/rvm/gems/ruby-1.9.3-p194/gems/activesupport-3.2.8/lib/active_support/callbacks.rb:405:in `__run_callback'
    /usr/local/rvm/gems/ruby-1.9.3-p194/gems/activesupport-3.2.8/lib/active_support/callbacks.rb:385:in `_run_setup_callbacks'
    /usr/local/rvm/gems/ruby-1.9.3-p194/gems/activesupport-3.2.8/lib/active_support/callbacks.rb:81:in `run_callbacks'
    /usr/local/rvm/gems/ruby-1.9.3-p194/gems/activesupport-3.2.8/lib/active_support/testing/setup_and_teardown.rb:35:in `run'

  6) Error:
test_should_show_user(UsersControllerTest):
ActiveRecord::StatementInvalid: Could not find table 'users'
    /usr/local/rvm/gems/ruby-1.9.3-p194/gems/activerecord-3.2.8/lib/active_record/connection_adapters/sqlite_adapter.rb:472:in `table_structure'
    /usr/local/rvm/gems/ruby-1.9.3-p194/gems/activerecord-3.2.8/lib/active_record/connection_adapters/sqlite_adapter.rb:346:in `columns'
    /usr/local/rvm/gems/ruby-1.9.3-p194/gems/activerecord-3.2.8/lib/active_record/fixtures.rb:660:in `column_names'
    /usr/local/rvm/gems/ruby-1.9.3-p194/gems/activerecord-3.2.8/lib/active_record/fixtures.rb:652:in `timestamp_column_names'
    /usr/local/rvm/gems/ruby-1.9.3-p194/gems/activerecord-3.2.8/lib/active_record/fixtures.rb:585:in `block in table_rows'
    /usr/local/rvm/gems/ruby-1.9.3-p194/gems/activerecord-3.2.8/lib/active_record/fixtures.rb:579:in `each'
    /usr/local/rvm/gems/ruby-1.9.3-p194/gems/activerecord-3.2.8/lib/active_record/fixtures.rb:579:in `map'
    /usr/local/rvm/gems/ruby-1.9.3-p194/gems/activerecord-3.2.8/lib/active_record/fixtures.rb:579:in `table_rows'
    /usr/local/rvm/gems/ruby-1.9.3-p194/gems/activerecord-3.2.8/lib/active_record/fixtures.rb:494:in `block (3 levels) in create_fixtures'
    /usr/local/rvm/gems/ruby-1.9.3-p194/gems/activerecord-3.2.8/lib/active_record/fixtures.rb:492:in `each'
    /usr/local/rvm/gems/ruby-1.9.3-p194/gems/activerecord-3.2.8/lib/active_record/fixtures.rb:492:in `block (2 levels) in create_fixtures'
    /usr/local/rvm/gems/ruby-1.9.3-p194/gems/activerecord-3.2.8/lib/active_record/connection_adapters/abstract/database_statements.rb:192:in `transaction'
    /usr/local/rvm/gems/ruby-1.9.3-p194/gems/activerecord-3.2.8/lib/active_record/fixtures.rb:491:in `block in create_fixtures'
    /usr/local/rvm/gems/ruby-1.9.3-p194/gems/activerecord-3.2.8/lib/active_record/connection_adapters/abstract_adapter.rb:168:in `disable_referential_integrity'
    /usr/local/rvm/gems/ruby-1.9.3-p194/gems/activerecord-3.2.8/lib/active_record/fixtures.rb:476:in `create_fixtures'
    /usr/local/rvm/gems/ruby-1.9.3-p194/gems/activerecord-3.2.8/lib/active_record/fixtures.rb:895:in `load_fixtures'
    /usr/local/rvm/gems/ruby-1.9.3-p194/gems/activerecord-3.2.8/lib/active_record/fixtures.rb:849:in `setup_fixtures'
    /usr/local/rvm/gems/ruby-1.9.3-p194/gems/activesupport-3.2.8/lib/active_support/callbacks.rb:429:in `_run__570977288__setup__975005436__callbacks'
    /usr/local/rvm/gems/ruby-1.9.3-p194/gems/activesupport-3.2.8/lib/active_support/callbacks.rb:405:in `__run_callback'
    /usr/local/rvm/gems/ruby-1.9.3-p194/gems/activesupport-3.2.8/lib/active_support/callbacks.rb:385:in `_run_setup_callbacks'
    /usr/local/rvm/gems/ruby-1.9.3-p194/gems/activesupport-3.2.8/lib/active_support/callbacks.rb:81:in `run_callbacks'
    /usr/local/rvm/gems/ruby-1.9.3-p194/gems/activesupport-3.2.8/lib/active_support/testing/setup_and_teardown.rb:35:in `run'

  7) Error:
test_should_update_user(UsersControllerTest):
ActiveRecord::StatementInvalid: Could not find table 'users'
    /usr/local/rvm/gems/ruby-1.9.3-p194/gems/activerecord-3.2.8/lib/active_record/connection_adapters/sqlite_adapter.rb:472:in `table_structure'
    /usr/local/rvm/gems/ruby-1.9.3-p194/gems/activerecord-3.2.8/lib/active_record/connection_adapters/sqlite_adapter.rb:346:in `columns'
    /usr/local/rvm/gems/ruby-1.9.3-p194/gems/activerecord-3.2.8/lib/active_record/fixtures.rb:660:in `column_names'
    /usr/local/rvm/gems/ruby-1.9.3-p194/gems/activerecord-3.2.8/lib/active_record/fixtures.rb:652:in `timestamp_column_names'
    /usr/local/rvm/gems/ruby-1.9.3-p194/gems/activerecord-3.2.8/lib/active_record/fixtures.rb:585:in `block in table_rows'
    /usr/local/rvm/gems/ruby-1.9.3-p194/gems/activerecord-3.2.8/lib/active_record/fixtures.rb:579:in `each'
    /usr/local/rvm/gems/ruby-1.9.3-p194/gems/activerecord-3.2.8/lib/active_record/fixtures.rb:579:in `map'
    /usr/local/rvm/gems/ruby-1.9.3-p194/gems/activerecord-3.2.8/lib/active_record/fixtures.rb:579:in `table_rows'
    /usr/local/rvm/gems/ruby-1.9.3-p194/gems/activerecord-3.2.8/lib/active_record/fixtures.rb:494:in `block (3 levels) in create_fixtures'
    /usr/local/rvm/gems/ruby-1.9.3-p194/gems/activerecord-3.2.8/lib/active_record/fixtures.rb:492:in `each'
    /usr/local/rvm/gems/ruby-1.9.3-p194/gems/activerecord-3.2.8/lib/active_record/fixtures.rb:492:in `block (2 levels) in create_fixtures'
    /usr/local/rvm/gems/ruby-1.9.3-p194/gems/activerecord-3.2.8/lib/active_record/connection_adapters/abstract/database_statements.rb:192:in `transaction'
    /usr/local/rvm/gems/ruby-1.9.3-p194/gems/activerecord-3.2.8/lib/active_record/fixtures.rb:491:in `block in create_fixtures'
    /usr/local/rvm/gems/ruby-1.9.3-p194/gems/activerecord-3.2.8/lib/active_record/connection_adapters/abstract_adapter.rb:168:in `disable_referential_integrity'
    /usr/local/rvm/gems/ruby-1.9.3-p194/gems/activerecord-3.2.8/lib/active_record/fixtures.rb:476:in `create_fixtures'
    /usr/local/rvm/gems/ruby-1.9.3-p194/gems/activerecord-3.2.8/lib/active_record/fixtures.rb:895:in `load_fixtures'
    /usr/local/rvm/gems/ruby-1.9.3-p194/gems/activerecord-3.2.8/lib/active_record/fixtures.rb:849:in `setup_fixtures'
    /usr/local/rvm/gems/ruby-1.9.3-p194/gems/activesupport-3.2.8/lib/active_support/callbacks.rb:429:in `_run__570977288__setup__975005436__callbacks'
    /usr/local/rvm/gems/ruby-1.9.3-p194/gems/activesupport-3.2.8/lib/active_support/callbacks.rb:405:in `__run_callback'
    /usr/local/rvm/gems/ruby-1.9.3-p194/gems/activesupport-3.2.8/lib/active_support/callbacks.rb:385:in `_run_setup_callbacks'
    /usr/local/rvm/gems/ruby-1.9.3-p194/gems/activesupport-3.2.8/lib/active_support/callbacks.rb:81:in `run_callbacks'
    /usr/local/rvm/gems/ruby-1.9.3-p194/gems/activesupport-3.2.8/lib/active_support/testing/setup_and_teardown.rb:35:in `run'

7 tests, 0 assertions, 0 failures, 7 errors, 0 skips
Run options: -n "/^(test_should_get_contact|test_should_get_home)$/"

# Running tests:

EE

Finished tests in 0.050396s, 39.6861 tests/s, 0.0000 assertions/s.

  1) Error:
test_should_get_contact(PagesControllerTest):
ActiveRecord::StatementInvalid: Could not find table 'users'
    /usr/local/rvm/gems/ruby-1.9.3-p194/gems/activerecord-3.2.8/lib/active_record/connection_adapters/sqlite_adapter.rb:472:in `table_structure'
    /usr/local/rvm/gems/ruby-1.9.3-p194/gems/activerecord-3.2.8/lib/active_record/connection_adapters/sqlite_adapter.rb:346:in `columns'
    /usr/local/rvm/gems/ruby-1.9.3-p194/gems/activerecord-3.2.8/lib/active_record/fixtures.rb:660:in `column_names'
    /usr/local/rvm/gems/ruby-1.9.3-p194/gems/activerecord-3.2.8/lib/active_record/fixtures.rb:652:in `timestamp_column_names'
    /usr/local/rvm/gems/ruby-1.9.3-p194/gems/activerecord-3.2.8/lib/active_record/fixtures.rb:585:in `block in table_rows'
    /usr/local/rvm/gems/ruby-1.9.3-p194/gems/activerecord-3.2.8/lib/active_record/fixtures.rb:579:in `each'
    /usr/local/rvm/gems/ruby-1.9.3-p194/gems/activerecord-3.2.8/lib/active_record/fixtures.rb:579:in `map'
    /usr/local/rvm/gems/ruby-1.9.3-p194/gems/activerecord-3.2.8/lib/active_record/fixtures.rb:579:in `table_rows'
    /usr/local/rvm/gems/ruby-1.9.3-p194/gems/activerecord-3.2.8/lib/active_record/fixtures.rb:494:in `block (3 levels) in create_fixtures'
    /usr/local/rvm/gems/ruby-1.9.3-p194/gems/activerecord-3.2.8/lib/active_record/fixtures.rb:492:in `each'
    /usr/local/rvm/gems/ruby-1.9.3-p194/gems/activerecord-3.2.8/lib/active_record/fixtures.rb:492:in `block (2 levels) in create_fixtures'
    /usr/local/rvm/gems/ruby-1.9.3-p194/gems/activerecord-3.2.8/lib/active_record/connection_adapters/abstract/database_statements.rb:192:in `transaction'
    /usr/local/rvm/gems/ruby-1.9.3-p194/gems/activerecord-3.2.8/lib/active_record/fixtures.rb:491:in `block in create_fixtures'
    /usr/local/rvm/gems/ruby-1.9.3-p194/gems/activerecord-3.2.8/lib/active_record/connection_adapters/abstract_adapter.rb:168:in `disable_referential_integrity'
    /usr/local/rvm/gems/ruby-1.9.3-p194/gems/activerecord-3.2.8/lib/active_record/fixtures.rb:476:in `create_fixtures'
    /usr/local/rvm/gems/ruby-1.9.3-p194/gems/activerecord-3.2.8/lib/active_record/fixtures.rb:895:in `load_fixtures'
    /usr/local/rvm/gems/ruby-1.9.3-p194/gems/activerecord-3.2.8/lib/active_record/fixtures.rb:849:in `setup_fixtures'
    /usr/local/rvm/gems/ruby-1.9.3-p194/gems/activesupport-3.2.8/lib/active_support/callbacks.rb:429:in `_run__146899153__setup__713425255__callbacks'
    /usr/local/rvm/gems/ruby-1.9.3-p194/gems/activesupport-3.2.8/lib/active_support/callbacks.rb:405:in `__run_callback'
    /usr/local/rvm/gems/ruby-1.9.3-p194/gems/activesupport-3.2.8/lib/active_support/callbacks.rb:385:in `_run_setup_callbacks'
    /usr/local/rvm/gems/ruby-1.9.3-p194/gems/activesupport-3.2.8/lib/active_support/callbacks.rb:81:in `run_callbacks'
    /usr/local/rvm/gems/ruby-1.9.3-p194/gems/activesupport-3.2.8/lib/active_support/testing/setup_and_teardown.rb:35:in `run'

  2) Error:
test_should_get_home(PagesControllerTest):
ActiveRecord::StatementInvalid: Could not find table 'users'
    /usr/local/rvm/gems/ruby-1.9.3-p194/gems/activerecord-3.2.8/lib/active_record/connection_adapters/sqlite_adapter.rb:472:in `table_structure'
    /usr/local/rvm/gems/ruby-1.9.3-p194/gems/activerecord-3.2.8/lib/active_record/connection_adapters/sqlite_adapter.rb:346:in `columns'
    /usr/local/rvm/gems/ruby-1.9.3-p194/gems/activerecord-3.2.8/lib/active_record/fixtures.rb:660:in `column_names'
    /usr/local/rvm/gems/ruby-1.9.3-p194/gems/activerecord-3.2.8/lib/active_record/fixtures.rb:652:in `timestamp_column_names'
    /usr/local/rvm/gems/ruby-1.9.3-p194/gems/activerecord-3.2.8/lib/active_record/fixtures.rb:585:in `block in table_rows'
    /usr/local/rvm/gems/ruby-1.9.3-p194/gems/activerecord-3.2.8/lib/active_record/fixtures.rb:579:in `each'
    /usr/local/rvm/gems/ruby-1.9.3-p194/gems/activerecord-3.2.8/lib/active_record/fixtures.rb:579:in `map'
    /usr/local/rvm/gems/ruby-1.9.3-p194/gems/activerecord-3.2.8/lib/active_record/fixtures.rb:579:in `table_rows'
    /usr/local/rvm/gems/ruby-1.9.3-p194/gems/activerecord-3.2.8/lib/active_record/fixtures.rb:494:in `block (3 levels) in create_fixtures'
    /usr/local/rvm/gems/ruby-1.9.3-p194/gems/activerecord-3.2.8/lib/active_record/fixtures.rb:492:in `each'
    /usr/local/rvm/gems/ruby-1.9.3-p194/gems/activerecord-3.2.8/lib/active_record/fixtures.rb:492:in `block (2 levels) in create_fixtures'
    /usr/local/rvm/gems/ruby-1.9.3-p194/gems/activerecord-3.2.8/lib/active_record/connection_adapters/abstract/database_statements.rb:192:in `transaction'
    /usr/local/rvm/gems/ruby-1.9.3-p194/gems/activerecord-3.2.8/lib/active_record/fixtures.rb:491:in `block in create_fixtures'
    /usr/local/rvm/gems/ruby-1.9.3-p194/gems/activerecord-3.2.8/lib/active_record/connection_adapters/abstract_adapter.rb:168:in `disable_referential_integrity'
    /usr/local/rvm/gems/ruby-1.9.3-p194/gems/activerecord-3.2.8/lib/active_record/fixtures.rb:476:in `create_fixtures'
    /usr/local/rvm/gems/ruby-1.9.3-p194/gems/activerecord-3.2.8/lib/active_record/fixtures.rb:895:in `load_fixtures'
    /usr/local/rvm/gems/ruby-1.9.3-p194/gems/activerecord-3.2.8/lib/active_record/fixtures.rb:849:in `setup_fixtures'
    /usr/local/rvm/gems/ruby-1.9.3-p194/gems/activesupport-3.2.8/lib/active_support/callbacks.rb:429:in `_run__146899153__setup__713425255__callbacks'
    /usr/local/rvm/gems/ruby-1.9.3-p194/gems/activesupport-3.2.8/lib/active_support/callbacks.rb:405:in `__run_callback'
    /usr/local/rvm/gems/ruby-1.9.3-p194/gems/activesupport-3.2.8/lib/active_support/callbacks.rb:385:in `_run_setup_callbacks'
    /usr/local/rvm/gems/ruby-1.9.3-p194/gems/activesupport-3.2.8/lib/active_support/callbacks.rb:81:in `run_callbacks'
    /usr/local/rvm/gems/ruby-1.9.3-p194/gems/activesupport-3.2.8/lib/active_support/testing/setup_and_teardown.rb:35:in `run'

2 tests, 0 assertions, 0 failures, 2 errors, 0 skips
Run options: -n "/^(test_should_create_micropost|test_should_destroy_micropost|test_should_get_edit|test_should_get_index|test_should_get_new|test_should_show_micropost|test_should_update_micropost)$/"

# Running tests:

EEEEEEE

Finished tests in 0.121296s, 57.7100 tests/s, 0.0000 assertions/s.

  1) Error:
test_should_create_micropost(MicropostsControllerTest):
ActiveRecord::StatementInvalid: Could not find table 'users'
    /usr/local/rvm/gems/ruby-1.9.3-p194/gems/activerecord-3.2.8/lib/active_record/connection_adapters/sqlite_adapter.rb:472:in `table_structure'
    /usr/local/rvm/gems/ruby-1.9.3-p194/gems/activerecord-3.2.8/lib/active_record/connection_adapters/sqlite_adapter.rb:346:in `columns'
    /usr/local/rvm/gems/ruby-1.9.3-p194/gems/activerecord-3.2.8/lib/active_record/fixtures.rb:660:in `column_names'
    /usr/local/rvm/gems/ruby-1.9.3-p194/gems/activerecord-3.2.8/lib/active_record/fixtures.rb:652:in `timestamp_column_names'
    /usr/local/rvm/gems/ruby-1.9.3-p194/gems/activerecord-3.2.8/lib/active_record/fixtures.rb:585:in `block in table_rows'
    /usr/local/rvm/gems/ruby-1.9.3-p194/gems/activerecord-3.2.8/lib/active_record/fixtures.rb:579:in `each'
    /usr/local/rvm/gems/ruby-1.9.3-p194/gems/activerecord-3.2.8/lib/active_record/fixtures.rb:579:in `map'
    /usr/local/rvm/gems/ruby-1.9.3-p194/gems/activerecord-3.2.8/lib/active_record/fixtures.rb:579:in `table_rows'
    /usr/local/rvm/gems/ruby-1.9.3-p194/gems/activerecord-3.2.8/lib/active_record/fixtures.rb:494:in `block (3 levels) in create_fixtures'
    /usr/local/rvm/gems/ruby-1.9.3-p194/gems/activerecord-3.2.8/lib/active_record/fixtures.rb:492:in `each'
    /usr/local/rvm/gems/ruby-1.9.3-p194/gems/activerecord-3.2.8/lib/active_record/fixtures.rb:492:in `block (2 levels) in create_fixtures'
    /usr/local/rvm/gems/ruby-1.9.3-p194/gems/activerecord-3.2.8/lib/active_record/connection_adapters/abstract/database_statements.rb:192:in `transaction'
    /usr/local/rvm/gems/ruby-1.9.3-p194/gems/activerecord-3.2.8/lib/active_record/fixtures.rb:491:in `block in create_fixtures'
    /usr/local/rvm/gems/ruby-1.9.3-p194/gems/activerecord-3.2.8/lib/active_record/connection_adapters/abstract_adapter.rb:168:in `disable_referential_integrity'
    /usr/local/rvm/gems/ruby-1.9.3-p194/gems/activerecord-3.2.8/lib/active_record/fixtures.rb:476:in `create_fixtures'
    /usr/local/rvm/gems/ruby-1.9.3-p194/gems/activerecord-3.2.8/lib/active_record/fixtures.rb:895:in `load_fixtures'
    /usr/local/rvm/gems/ruby-1.9.3-p194/gems/activerecord-3.2.8/lib/active_record/fixtures.rb:849:in `setup_fixtures'
    /usr/local/rvm/gems/ruby-1.9.3-p194/gems/activesupport-3.2.8/lib/active_support/callbacks.rb:429:in `_run__913392199__setup__721284219__callbacks'
    /usr/local/rvm/gems/ruby-1.9.3-p194/gems/activesupport-3.2.8/lib/active_support/callbacks.rb:405:in `__run_callback'
    /usr/local/rvm/gems/ruby-1.9.3-p194/gems/activesupport-3.2.8/lib/active_support/callbacks.rb:385:in `_run_setup_callbacks'
    /usr/local/rvm/gems/ruby-1.9.3-p194/gems/activesupport-3.2.8/lib/active_support/callbacks.rb:81:in `run_callbacks'
    /usr/local/rvm/gems/ruby-1.9.3-p194/gems/activesupport-3.2.8/lib/active_support/testing/setup_and_teardown.rb:35:in `run'

  2) Error:
test_should_destroy_micropost(MicropostsControllerTest):
ActiveRecord::StatementInvalid: Could not find table 'users'
    /usr/local/rvm/gems/ruby-1.9.3-p194/gems/activerecord-3.2.8/lib/active_record/connection_adapters/sqlite_adapter.rb:472:in `table_structure'
    /usr/local/rvm/gems/ruby-1.9.3-p194/gems/activerecord-3.2.8/lib/active_record/connection_adapters/sqlite_adapter.rb:346:in `columns'
    /usr/local/rvm/gems/ruby-1.9.3-p194/gems/activerecord-3.2.8/lib/active_record/fixtures.rb:660:in `column_names'
    /usr/local/rvm/gems/ruby-1.9.3-p194/gems/activerecord-3.2.8/lib/active_record/fixtures.rb:652:in `timestamp_column_names'
    /usr/local/rvm/gems/ruby-1.9.3-p194/gems/activerecord-3.2.8/lib/active_record/fixtures.rb:585:in `block in table_rows'
    /usr/local/rvm/gems/ruby-1.9.3-p194/gems/activerecord-3.2.8/lib/active_record/fixtures.rb:579:in `each'
    /usr/local/rvm/gems/ruby-1.9.3-p194/gems/activerecord-3.2.8/lib/active_record/fixtures.rb:579:in `map'
    /usr/local/rvm/gems/ruby-1.9.3-p194/gems/activerecord-3.2.8/lib/active_record/fixtures.rb:579:in `table_rows'
    /usr/local/rvm/gems/ruby-1.9.3-p194/gems/activerecord-3.2.8/lib/active_record/fixtures.rb:494:in `block (3 levels) in create_fixtures'
    /usr/local/rvm/gems/ruby-1.9.3-p194/gems/activerecord-3.2.8/lib/active_record/fixtures.rb:492:in `each'
    /usr/local/rvm/gems/ruby-1.9.3-p194/gems/activerecord-3.2.8/lib/active_record/fixtures.rb:492:in `block (2 levels) in create_fixtures'
    /usr/local/rvm/gems/ruby-1.9.3-p194/gems/activerecord-3.2.8/lib/active_record/connection_adapters/abstract/database_statements.rb:192:in `transaction'
    /usr/local/rvm/gems/ruby-1.9.3-p194/gems/activerecord-3.2.8/lib/active_record/fixtures.rb:491:in `block in create_fixtures'
    /usr/local/rvm/gems/ruby-1.9.3-p194/gems/activerecord-3.2.8/lib/active_record/connection_adapters/abstract_adapter.rb:168:in `disable_referential_integrity'
    /usr/local/rvm/gems/ruby-1.9.3-p194/gems/activerecord-3.2.8/lib/active_record/fixtures.rb:476:in `create_fixtures'
    /usr/local/rvm/gems/ruby-1.9.3-p194/gems/activerecord-3.2.8/lib/active_record/fixtures.rb:895:in `load_fixtures'
    /usr/local/rvm/gems/ruby-1.9.3-p194/gems/activerecord-3.2.8/lib/active_record/fixtures.rb:849:in `setup_fixtures'
    /usr/local/rvm/gems/ruby-1.9.3-p194/gems/activesupport-3.2.8/lib/active_support/callbacks.rb:429:in `_run__913392199__setup__721284219__callbacks'
    /usr/local/rvm/gems/ruby-1.9.3-p194/gems/activesupport-3.2.8/lib/active_support/callbacks.rb:405:in `__run_callback'
    /usr/local/rvm/gems/ruby-1.9.3-p194/gems/activesupport-3.2.8/lib/active_support/callbacks.rb:385:in `_run_setup_callbacks'
    /usr/local/rvm/gems/ruby-1.9.3-p194/gems/activesupport-3.2.8/lib/active_support/callbacks.rb:81:in `run_callbacks'
    /usr/local/rvm/gems/ruby-1.9.3-p194/gems/activesupport-3.2.8/lib/active_support/testing/setup_and_teardown.rb:35:in `run'

  3) Error:
test_should_get_edit(MicropostsControllerTest):
ActiveRecord::StatementInvalid: Could not find table 'users'
    /usr/local/rvm/gems/ruby-1.9.3-p194/gems/activerecord-3.2.8/lib/active_record/connection_adapters/sqlite_adapter.rb:472:in `table_structure'
    /usr/local/rvm/gems/ruby-1.9.3-p194/gems/activerecord-3.2.8/lib/active_record/connection_adapters/sqlite_adapter.rb:346:in `columns'
    /usr/local/rvm/gems/ruby-1.9.3-p194/gems/activerecord-3.2.8/lib/active_record/fixtures.rb:660:in `column_names'
    /usr/local/rvm/gems/ruby-1.9.3-p194/gems/activerecord-3.2.8/lib/active_record/fixtures.rb:652:in `timestamp_column_names'
    /usr/local/rvm/gems/ruby-1.9.3-p194/gems/activerecord-3.2.8/lib/active_record/fixtures.rb:585:in `block in table_rows'
    /usr/local/rvm/gems/ruby-1.9.3-p194/gems/activerecord-3.2.8/lib/active_record/fixtures.rb:579:in `each'
    /usr/local/rvm/gems/ruby-1.9.3-p194/gems/activerecord-3.2.8/lib/active_record/fixtures.rb:579:in `map'
    /usr/local/rvm/gems/ruby-1.9.3-p194/gems/activerecord-3.2.8/lib/active_record/fixtures.rb:579:in `table_rows'
    /usr/local/rvm/gems/ruby-1.9.3-p194/gems/activerecord-3.2.8/lib/active_record/fixtures.rb:494:in `block (3 levels) in create_fixtures'
    /usr/local/rvm/gems/ruby-1.9.3-p194/gems/activerecord-3.2.8/lib/active_record/fixtures.rb:492:in `each'
    /usr/local/rvm/gems/ruby-1.9.3-p194/gems/activerecord-3.2.8/lib/active_record/fixtures.rb:492:in `block (2 levels) in create_fixtures'
    /usr/local/rvm/gems/ruby-1.9.3-p194/gems/activerecord-3.2.8/lib/active_record/connection_adapters/abstract/database_statements.rb:192:in `transaction'
    /usr/local/rvm/gems/ruby-1.9.3-p194/gems/activerecord-3.2.8/lib/active_record/fixtures.rb:491:in `block in create_fixtures'
    /usr/local/rvm/gems/ruby-1.9.3-p194/gems/activerecord-3.2.8/lib/active_record/connection_adapters/abstract_adapter.rb:168:in `disable_referential_integrity'
    /usr/local/rvm/gems/ruby-1.9.3-p194/gems/activerecord-3.2.8/lib/active_record/fixtures.rb:476:in `create_fixtures'
    /usr/local/rvm/gems/ruby-1.9.3-p194/gems/activerecord-3.2.8/lib/active_record/fixtures.rb:895:in `load_fixtures'
    /usr/local/rvm/gems/ruby-1.9.3-p194/gems/activerecord-3.2.8/lib/active_record/fixtures.rb:849:in `setup_fixtures'
    /usr/local/rvm/gems/ruby-1.9.3-p194/gems/activesupport-3.2.8/lib/active_support/callbacks.rb:429:in `_run__913392199__setup__721284219__callbacks'
    /usr/local/rvm/gems/ruby-1.9.3-p194/gems/activesupport-3.2.8/lib/active_support/callbacks.rb:405:in `__run_callback'
    /usr/local/rvm/gems/ruby-1.9.3-p194/gems/activesupport-3.2.8/lib/active_support/callbacks.rb:385:in `_run_setup_callbacks'
    /usr/local/rvm/gems/ruby-1.9.3-p194/gems/activesupport-3.2.8/lib/active_support/callbacks.rb:81:in `run_callbacks'
    /usr/local/rvm/gems/ruby-1.9.3-p194/gems/activesupport-3.2.8/lib/active_support/testing/setup_and_teardown.rb:35:in `run'

  4) Error:
test_should_get_index(MicropostsControllerTest):
ActiveRecord::StatementInvalid: Could not find table 'users'
    /usr/local/rvm/gems/ruby-1.9.3-p194/gems/activerecord-3.2.8/lib/active_record/connection_adapters/sqlite_adapter.rb:472:in `table_structure'
    /usr/local/rvm/gems/ruby-1.9.3-p194/gems/activerecord-3.2.8/lib/active_record/connection_adapters/sqlite_adapter.rb:346:in `columns'
    /usr/local/rvm/gems/ruby-1.9.3-p194/gems/activerecord-3.2.8/lib/active_record/fixtures.rb:660:in `column_names'
    /usr/local/rvm/gems/ruby-1.9.3-p194/gems/activerecord-3.2.8/lib/active_record/fixtures.rb:652:in `timestamp_column_names'
    /usr/local/rvm/gems/ruby-1.9.3-p194/gems/activerecord-3.2.8/lib/active_record/fixtures.rb:585:in `block in table_rows'
    /usr/local/rvm/gems/ruby-1.9.3-p194/gems/activerecord-3.2.8/lib/active_record/fixtures.rb:579:in `each'
    /usr/local/rvm/gems/ruby-1.9.3-p194/gems/activerecord-3.2.8/lib/active_record/fixtures.rb:579:in `map'
    /usr/local/rvm/gems/ruby-1.9.3-p194/gems/activerecord-3.2.8/lib/active_record/fixtures.rb:579:in `table_rows'
    /usr/local/rvm/gems/ruby-1.9.3-p194/gems/activerecord-3.2.8/lib/active_record/fixtures.rb:494:in `block (3 levels) in create_fixtures'
    /usr/local/rvm/gems/ruby-1.9.3-p194/gems/activerecord-3.2.8/lib/active_record/fixtures.rb:492:in `each'
    /usr/local/rvm/gems/ruby-1.9.3-p194/gems/activerecord-3.2.8/lib/active_record/fixtures.rb:492:in `block (2 levels) in create_fixtures'
    /usr/local/rvm/gems/ruby-1.9.3-p194/gems/activerecord-3.2.8/lib/active_record/connection_adapters/abstract/database_statements.rb:192:in `transaction'
    /usr/local/rvm/gems/ruby-1.9.3-p194/gems/activerecord-3.2.8/lib/active_record/fixtures.rb:491:in `block in create_fixtures'
    /usr/local/rvm/gems/ruby-1.9.3-p194/gems/activerecord-3.2.8/lib/active_record/connection_adapters/abstract_adapter.rb:168:in `disable_referential_integrity'
    /usr/local/rvm/gems/ruby-1.9.3-p194/gems/activerecord-3.2.8/lib/active_record/fixtures.rb:476:in `create_fixtures'
    /usr/local/rvm/gems/ruby-1.9.3-p194/gems/activerecord-3.2.8/lib/active_record/fixtures.rb:895:in `load_fixtures'
    /usr/local/rvm/gems/ruby-1.9.3-p194/gems/activerecord-3.2.8/lib/active_record/fixtures.rb:849:in `setup_fixtures'
    /usr/local/rvm/gems/ruby-1.9.3-p194/gems/activesupport-3.2.8/lib/active_support/callbacks.rb:429:in `_run__913392199__setup__721284219__callbacks'
    /usr/local/rvm/gems/ruby-1.9.3-p194/gems/activesupport-3.2.8/lib/active_support/callbacks.rb:405:in `__run_callback'
    /usr/local/rvm/gems/ruby-1.9.3-p194/gems/activesupport-3.2.8/lib/active_support/callbacks.rb:385:in `_run_setup_callbacks'
    /usr/local/rvm/gems/ruby-1.9.3-p194/gems/activesupport-3.2.8/lib/active_support/callbacks.rb:81:in `run_callbacks'
    /usr/local/rvm/gems/ruby-1.9.3-p194/gems/activesupport-3.2.8/lib/active_support/testing/setup_and_teardown.rb:35:in `run'

  5) Error:
test_should_get_new(MicropostsControllerTest):
ActiveRecord::StatementInvalid: Could not find table 'users'
    /usr/local/rvm/gems/ruby-1.9.3-p194/gems/activerecord-3.2.8/lib/active_record/connection_adapters/sqlite_adapter.rb:472:in `table_structure'
    /usr/local/rvm/gems/ruby-1.9.3-p194/gems/activerecord-3.2.8/lib/active_record/connection_adapters/sqlite_adapter.rb:346:in `columns'
    /usr/local/rvm/gems/ruby-1.9.3-p194/gems/activerecord-3.2.8/lib/active_record/fixtures.rb:660:in `column_names'
    /usr/local/rvm/gems/ruby-1.9.3-p194/gems/activerecord-3.2.8/lib/active_record/fixtures.rb:652:in `timestamp_column_names'
    /usr/local/rvm/gems/ruby-1.9.3-p194/gems/activerecord-3.2.8/lib/active_record/fixtures.rb:585:in `block in table_rows'
    /usr/local/rvm/gems/ruby-1.9.3-p194/gems/activerecord-3.2.8/lib/active_record/fixtures.rb:579:in `each'
    /usr/local/rvm/gems/ruby-1.9.3-p194/gems/activerecord-3.2.8/lib/active_record/fixtures.rb:579:in `map'
    /usr/local/rvm/gems/ruby-1.9.3-p194/gems/activerecord-3.2.8/lib/active_record/fixtures.rb:579:in `table_rows'
    /usr/local/rvm/gems/ruby-1.9.3-p194/gems/activerecord-3.2.8/lib/active_record/fixtures.rb:494:in `block (3 levels) in create_fixtures'
    /usr/local/rvm/gems/ruby-1.9.3-p194/gems/activerecord-3.2.8/lib/active_record/fixtures.rb:492:in `each'
    /usr/local/rvm/gems/ruby-1.9.3-p194/gems/activerecord-3.2.8/lib/active_record/fixtures.rb:492:in `block (2 levels) in create_fixtures'
    /usr/local/rvm/gems/ruby-1.9.3-p194/gems/activerecord-3.2.8/lib/active_record/connection_adapters/abstract/database_statements.rb:192:in `transaction'
    /usr/local/rvm/gems/ruby-1.9.3-p194/gems/activerecord-3.2.8/lib/active_record/fixtures.rb:491:in `block in create_fixtures'
    /usr/local/rvm/gems/ruby-1.9.3-p194/gems/activerecord-3.2.8/lib/active_record/connection_adapters/abstract_adapter.rb:168:in `disable_referential_integrity'
    /usr/local/rvm/gems/ruby-1.9.3-p194/gems/activerecord-3.2.8/lib/active_record/fixtures.rb:476:in `create_fixtures'
    /usr/local/rvm/gems/ruby-1.9.3-p194/gems/activerecord-3.2.8/lib/active_record/fixtures.rb:895:in `load_fixtures'
    /usr/local/rvm/gems/ruby-1.9.3-p194/gems/activerecord-3.2.8/lib/active_record/fixtures.rb:849:in `setup_fixtures'
    /usr/local/rvm/gems/ruby-1.9.3-p194/gems/activesupport-3.2.8/lib/active_support/callbacks.rb:429:in `_run__913392199__setup__721284219__callbacks'
    /usr/local/rvm/gems/ruby-1.9.3-p194/gems/activesupport-3.2.8/lib/active_support/callbacks.rb:405:in `__run_callback'
    /usr/local/rvm/gems/ruby-1.9.3-p194/gems/activesupport-3.2.8/lib/active_support/callbacks.rb:385:in `_run_setup_callbacks'
    /usr/local/rvm/gems/ruby-1.9.3-p194/gems/activesupport-3.2.8/lib/active_support/callbacks.rb:81:in `run_callbacks'
    /usr/local/rvm/gems/ruby-1.9.3-p194/gems/activesupport-3.2.8/lib/active_support/testing/setup_and_teardown.rb:35:in `run'

  6) Error:
test_should_show_micropost(MicropostsControllerTest):
ActiveRecord::StatementInvalid: Could not find table 'users'
    /usr/local/rvm/gems/ruby-1.9.3-p194/gems/activerecord-3.2.8/lib/active_record/connection_adapters/sqlite_adapter.rb:472:in `table_structure'
    /usr/local/rvm/gems/ruby-1.9.3-p194/gems/activerecord-3.2.8/lib/active_record/connection_adapters/sqlite_adapter.rb:346:in `columns'
    /usr/local/rvm/gems/ruby-1.9.3-p194/gems/activerecord-3.2.8/lib/active_record/fixtures.rb:660:in `column_names'
    /usr/local/rvm/gems/ruby-1.9.3-p194/gems/activerecord-3.2.8/lib/active_record/fixtures.rb:652:in `timestamp_column_names'
    /usr/local/rvm/gems/ruby-1.9.3-p194/gems/activerecord-3.2.8/lib/active_record/fixtures.rb:585:in `block in table_rows'
    /usr/local/rvm/gems/ruby-1.9.3-p194/gems/activerecord-3.2.8/lib/active_record/fixtures.rb:579:in `each'
    /usr/local/rvm/gems/ruby-1.9.3-p194/gems/activerecord-3.2.8/lib/active_record/fixtures.rb:579:in `map'
    /usr/local/rvm/gems/ruby-1.9.3-p194/gems/activerecord-3.2.8/lib/active_record/fixtures.rb:579:in `table_rows'
    /usr/local/rvm/gems/ruby-1.9.3-p194/gems/activerecord-3.2.8/lib/active_record/fixtures.rb:494:in `block (3 levels) in create_fixtures'
    /usr/local/rvm/gems/ruby-1.9.3-p194/gems/activerecord-3.2.8/lib/active_record/fixtures.rb:492:in `each'
    /usr/local/rvm/gems/ruby-1.9.3-p194/gems/activerecord-3.2.8/lib/active_record/fixtures.rb:492:in `block (2 levels) in create_fixtures'
    /usr/local/rvm/gems/ruby-1.9.3-p194/gems/activerecord-3.2.8/lib/active_record/connection_adapters/abstract/database_statements.rb:192:in `transaction'
    /usr/local/rvm/gems/ruby-1.9.3-p194/gems/activerecord-3.2.8/lib/active_record/fixtures.rb:491:in `block in create_fixtures'
    /usr/local/rvm/gems/ruby-1.9.3-p194/gems/activerecord-3.2.8/lib/active_record/connection_adapters/abstract_adapter.rb:168:in `disable_referential_integrity'
    /usr/local/rvm/gems/ruby-1.9.3-p194/gems/activerecord-3.2.8/lib/active_record/fixtures.rb:476:in `create_fixtures'
    /usr/local/rvm/gems/ruby-1.9.3-p194/gems/activerecord-3.2.8/lib/active_record/fixtures.rb:895:in `load_fixtures'
    /usr/local/rvm/gems/ruby-1.9.3-p194/gems/activerecord-3.2.8/lib/active_record/fixtures.rb:849:in `setup_fixtures'
    /usr/local/rvm/gems/ruby-1.9.3-p194/gems/activesupport-3.2.8/lib/active_support/callbacks.rb:429:in `_run__913392199__setup__721284219__callbacks'
    /usr/local/rvm/gems/ruby-1.9.3-p194/gems/activesupport-3.2.8/lib/active_support/callbacks.rb:405:in `__run_callback'
    /usr/local/rvm/gems/ruby-1.9.3-p194/gems/activesupport-3.2.8/lib/active_support/callbacks.rb:385:in `_run_setup_callbacks'
    /usr/local/rvm/gems/ruby-1.9.3-p194/gems/activesupport-3.2.8/lib/active_support/callbacks.rb:81:in `run_callbacks'
    /usr/local/rvm/gems/ruby-1.9.3-p194/gems/activesupport-3.2.8/lib/active_support/testing/setup_and_teardown.rb:35:in `run'

  7) Error:
test_should_update_micropost(MicropostsControllerTest):
ActiveRecord::StatementInvalid: Could not find table 'users'
    /usr/local/rvm/gems/ruby-1.9.3-p194/gems/activerecord-3.2.8/lib/active_record/connection_adapters/sqlite_adapter.rb:472:in `table_structure'
    /usr/local/rvm/gems/ruby-1.9.3-p194/gems/activerecord-3.2.8/lib/active_record/connection_adapters/sqlite_adapter.rb:346:in `columns'
    /usr/local/rvm/gems/ruby-1.9.3-p194/gems/activerecord-3.2.8/lib/active_record/fixtures.rb:660:in `column_names'
    /usr/local/rvm/gems/ruby-1.9.3-p194/gems/activerecord-3.2.8/lib/active_record/fixtures.rb:652:in `timestamp_column_names'
    /usr/local/rvm/gems/ruby-1.9.3-p194/gems/activerecord-3.2.8/lib/active_record/fixtures.rb:585:in `block in table_rows'
    /usr/local/rvm/gems/ruby-1.9.3-p194/gems/activerecord-3.2.8/lib/active_record/fixtures.rb:579:in `each'
    /usr/local/rvm/gems/ruby-1.9.3-p194/gems/activerecord-3.2.8/lib/active_record/fixtures.rb:579:in `map'
    /usr/local/rvm/gems/ruby-1.9.3-p194/gems/activerecord-3.2.8/lib/active_record/fixtures.rb:579:in `table_rows'
    /usr/local/rvm/gems/ruby-1.9.3-p194/gems/activerecord-3.2.8/lib/active_record/fixtures.rb:494:in `block (3 levels) in create_fixtures'
    /usr/local/rvm/gems/ruby-1.9.3-p194/gems/activerecord-3.2.8/lib/active_record/fixtures.rb:492:in `each'
    /usr/local/rvm/gems/ruby-1.9.3-p194/gems/activerecord-3.2.8/lib/active_record/fixtures.rb:492:in `block (2 levels) in create_fixtures'
    /usr/local/rvm/gems/ruby-1.9.3-p194/gems/activerecord-3.2.8/lib/active_record/connection_adapters/abstract/database_statements.rb:192:in `transaction'
    /usr/local/rvm/gems/ruby-1.9.3-p194/gems/activerecord-3.2.8/lib/active_record/fixtures.rb:491:in `block in create_fixtures'
    /usr/local/rvm/gems/ruby-1.9.3-p194/gems/activerecord-3.2.8/lib/active_record/connection_adapters/abstract_adapter.rb:168:in `disable_referential_integrity'
    /usr/local/rvm/gems/ruby-1.9.3-p194/gems/activerecord-3.2.8/lib/active_record/fixtures.rb:476:in `create_fixtures'
    /usr/local/rvm/gems/ruby-1.9.3-p194/gems/activerecord-3.2.8/lib/active_record/fixtures.rb:895:in `load_fixtures'
    /usr/local/rvm/gems/ruby-1.9.3-p194/gems/activerecord-3.2.8/lib/active_record/fixtures.rb:849:in `setup_fixtures'
    /usr/local/rvm/gems/ruby-1.9.3-p194/gems/activesupport-3.2.8/lib/active_support/callbacks.rb:429:in `_run__913392199__setup__721284219__callbacks'
    /usr/local/rvm/gems/ruby-1.9.3-p194/gems/activesupport-3.2.8/lib/active_support/callbacks.rb:405:in `__run_callback'
    /usr/local/rvm/gems/ruby-1.9.3-p194/gems/activesupport-3.2.8/lib/active_support/callbacks.rb:385:in `_run_setup_callbacks'
    /usr/local/rvm/gems/ruby-1.9.3-p194/gems/activesupport-3.2.8/lib/active_support/callbacks.rb:81:in `run_callbacks'
    /usr/local/rvm/gems/ruby-1.9.3-p194/gems/activesupport-3.2.8/lib/active_support/testing/setup_and_teardown.rb:35:in `run'

7 tests, 0 assertions, 0 failures, 7 errors, 0 skips
/usr/local/rvm/rubies/ruby-1.9.3-p194/bin/ruby -I.:lib:test -rubygems test/functional/users_controller_test.rb -n "/^(test_should_create_user|test_should_destroy_user|test_should_get_edit|test_should_get_index|test_should_get_new|test_should_show_user|test_should_update_user)$/"; /usr/local/rvm/rubies/ruby-1.9.3-p194/bin/ruby -I.:lib:test -rubygems test/functional/microposts_controller_test.rb -n "/^(test_should_create_micropost|test_should_destroy_micropost|test_should_get_edit|test_should_get_index|test_should_get_new|test_should_show_micropost|test_should_update_micropost)$/"; /usr/local/rvm/rubies/ruby-1.9.3-p194/bin/ruby -I.:lib:test -rubygems test/functional/pages_controller_test.rb -n "/^(test_should_get_contact|test_should_get_home)$/"
Run options: -n "/^(test_should_create_user|test_should_destroy_user|test_should_get_edit|test_should_get_index|test_should_get_new|test_should_show_user|test_should_update_user)$/"

# Running tests:

EEEEEEE

Finished tests in 0.116476s, 60.0981 tests/s, 0.0000 assertions/s.

  1) Error:
test_should_create_user(UsersControllerTest):
ActiveRecord::StatementInvalid: Could not find table 'users'
    /usr/local/rvm/gems/ruby-1.9.3-p194/gems/activerecord-3.2.8/lib/active_record/connection_adapters/sqlite_adapter.rb:472:in `table_structure'
    /usr/local/rvm/gems/ruby-1.9.3-p194/gems/activerecord-3.2.8/lib/active_record/connection_adapters/sqlite_adapter.rb:346:in `columns'
    /usr/local/rvm/gems/ruby-1.9.3-p194/gems/activerecord-3.2.8/lib/active_record/fixtures.rb:660:in `column_names'
    /usr/local/rvm/gems/ruby-1.9.3-p194/gems/activerecord-3.2.8/lib/active_record/fixtures.rb:652:in `timestamp_column_names'
    /usr/local/rvm/gems/ruby-1.9.3-p194/gems/activerecord-3.2.8/lib/active_record/fixtures.rb:585:in `block in table_rows'
    /usr/local/rvm/gems/ruby-1.9.3-p194/gems/activerecord-3.2.8/lib/active_record/fixtures.rb:579:in `each'
    /usr/local/rvm/gems/ruby-1.9.3-p194/gems/activerecord-3.2.8/lib/active_record/fixtures.rb:579:in `map'
    /usr/local/rvm/gems/ruby-1.9.3-p194/gems/activerecord-3.2.8/lib/active_record/fixtures.rb:579:in `table_rows'
    /usr/local/rvm/gems/ruby-1.9.3-p194/gems/activerecord-3.2.8/lib/active_record/fixtures.rb:494:in `block (3 levels) in create_fixtures'
    /usr/local/rvm/gems/ruby-1.9.3-p194/gems/activerecord-3.2.8/lib/active_record/fixtures.rb:492:in `each'
    /usr/local/rvm/gems/ruby-1.9.3-p194/gems/activerecord-3.2.8/lib/active_record/fixtures.rb:492:in `block (2 levels) in create_fixtures'
    /usr/local/rvm/gems/ruby-1.9.3-p194/gems/activerecord-3.2.8/lib/active_record/connection_adapters/abstract/database_statements.rb:192:in `transaction'
    /usr/local/rvm/gems/ruby-1.9.3-p194/gems/activerecord-3.2.8/lib/active_record/fixtures.rb:491:in `block in create_fixtures'
    /usr/local/rvm/gems/ruby-1.9.3-p194/gems/activerecord-3.2.8/lib/active_record/connection_adapters/abstract_adapter.rb:168:in `disable_referential_integrity'
    /usr/local/rvm/gems/ruby-1.9.3-p194/gems/activerecord-3.2.8/lib/active_record/fixtures.rb:476:in `create_fixtures'
    /usr/local/rvm/gems/ruby-1.9.3-p194/gems/activerecord-3.2.8/lib/active_record/fixtures.rb:895:in `load_fixtures'
    /usr/local/rvm/gems/ruby-1.9.3-p194/gems/activerecord-3.2.8/lib/active_record/fixtures.rb:849:in `setup_fixtures'
    /usr/local/rvm/gems/ruby-1.9.3-p194/gems/activesupport-3.2.8/lib/active_support/callbacks.rb:429:in `_run__793385603__setup__930592467__callbacks'
    /usr/local/rvm/gems/ruby-1.9.3-p194/gems/activesupport-3.2.8/lib/active_support/callbacks.rb:405:in `__run_callback'
    /usr/local/rvm/gems/ruby-1.9.3-p194/gems/activesupport-3.2.8/lib/active_support/callbacks.rb:385:in `_run_setup_callbacks'
    /usr/local/rvm/gems/ruby-1.9.3-p194/gems/activesupport-3.2.8/lib/active_support/callbacks.rb:81:in `run_callbacks'
    /usr/local/rvm/gems/ruby-1.9.3-p194/gems/activesupport-3.2.8/lib/active_support/testing/setup_and_teardown.rb:35:in `run'

  2) Error:
test_should_destroy_user(UsersControllerTest):
ActiveRecord::StatementInvalid: Could not find table 'users'
    /usr/local/rvm/gems/ruby-1.9.3-p194/gems/activerecord-3.2.8/lib/active_record/connection_adapters/sqlite_adapter.rb:472:in `table_structure'
    /usr/local/rvm/gems/ruby-1.9.3-p194/gems/activerecord-3.2.8/lib/active_record/connection_adapters/sqlite_adapter.rb:346:in `columns'
    /usr/local/rvm/gems/ruby-1.9.3-p194/gems/activerecord-3.2.8/lib/active_record/fixtures.rb:660:in `column_names'
    /usr/local/rvm/gems/ruby-1.9.3-p194/gems/activerecord-3.2.8/lib/active_record/fixtures.rb:652:in `timestamp_column_names'
    /usr/local/rvm/gems/ruby-1.9.3-p194/gems/activerecord-3.2.8/lib/active_record/fixtures.rb:585:in `block in table_rows'
    /usr/local/rvm/gems/ruby-1.9.3-p194/gems/activerecord-3.2.8/lib/active_record/fixtures.rb:579:in `each'
    /usr/local/rvm/gems/ruby-1.9.3-p194/gems/activerecord-3.2.8/lib/active_record/fixtures.rb:579:in `map'
    /usr/local/rvm/gems/ruby-1.9.3-p194/gems/activerecord-3.2.8/lib/active_record/fixtures.rb:579:in `table_rows'
    /usr/local/rvm/gems/ruby-1.9.3-p194/gems/activerecord-3.2.8/lib/active_record/fixtures.rb:494:in `block (3 levels) in create_fixtures'
    /usr/local/rvm/gems/ruby-1.9.3-p194/gems/activerecord-3.2.8/lib/active_record/fixtures.rb:492:in `each'
    /usr/local/rvm/gems/ruby-1.9.3-p194/gems/activerecord-3.2.8/lib/active_record/fixtures.rb:492:in `block (2 levels) in create_fixtures'
    /usr/local/rvm/gems/ruby-1.9.3-p194/gems/activerecord-3.2.8/lib/active_record/connection_adapters/abstract/database_statements.rb:192:in `transaction'
    /usr/local/rvm/gems/ruby-1.9.3-p194/gems/activerecord-3.2.8/lib/active_record/fixtures.rb:491:in `block in create_fixtures'
    /usr/local/rvm/gems/ruby-1.9.3-p194/gems/activerecord-3.2.8/lib/active_record/connection_adapters/abstract_adapter.rb:168:in `disable_referential_integrity'
    /usr/local/rvm/gems/ruby-1.9.3-p194/gems/activerecord-3.2.8/lib/active_record/fixtures.rb:476:in `create_fixtures'
    /usr/local/rvm/gems/ruby-1.9.3-p194/gems/activerecord-3.2.8/lib/active_record/fixtures.rb:895:in `load_fixtures'
    /usr/local/rvm/gems/ruby-1.9.3-p194/gems/activerecord-3.2.8/lib/active_record/fixtures.rb:849:in `setup_fixtures'
    /usr/local/rvm/gems/ruby-1.9.3-p194/gems/activesupport-3.2.8/lib/active_support/callbacks.rb:429:in `_run__793385603__setup__930592467__callbacks'
    /usr/local/rvm/gems/ruby-1.9.3-p194/gems/activesupport-3.2.8/lib/active_support/callbacks.rb:405:in `__run_callback'
    /usr/local/rvm/gems/ruby-1.9.3-p194/gems/activesupport-3.2.8/lib/active_support/callbacks.rb:385:in `_run_setup_callbacks'
    /usr/local/rvm/gems/ruby-1.9.3-p194/gems/activesupport-3.2.8/lib/active_support/callbacks.rb:81:in `run_callbacks'
    /usr/local/rvm/gems/ruby-1.9.3-p194/gems/activesupport-3.2.8/lib/active_support/testing/setup_and_teardown.rb:35:in `run'

  3) Error:
test_should_get_edit(UsersControllerTest):
ActiveRecord::StatementInvalid: Could not find table 'users'
    /usr/local/rvm/gems/ruby-1.9.3-p194/gems/activerecord-3.2.8/lib/active_record/connection_adapters/sqlite_adapter.rb:472:in `table_structure'
    /usr/local/rvm/gems/ruby-1.9.3-p194/gems/activerecord-3.2.8/lib/active_record/connection_adapters/sqlite_adapter.rb:346:in `columns'
    /usr/local/rvm/gems/ruby-1.9.3-p194/gems/activerecord-3.2.8/lib/active_record/fixtures.rb:660:in `column_names'
    /usr/local/rvm/gems/ruby-1.9.3-p194/gems/activerecord-3.2.8/lib/active_record/fixtures.rb:652:in `timestamp_column_names'
    /usr/local/rvm/gems/ruby-1.9.3-p194/gems/activerecord-3.2.8/lib/active_record/fixtures.rb:585:in `block in table_rows'
    /usr/local/rvm/gems/ruby-1.9.3-p194/gems/activerecord-3.2.8/lib/active_record/fixtures.rb:579:in `each'
    /usr/local/rvm/gems/ruby-1.9.3-p194/gems/activerecord-3.2.8/lib/active_record/fixtures.rb:579:in `map'
    /usr/local/rvm/gems/ruby-1.9.3-p194/gems/activerecord-3.2.8/lib/active_record/fixtures.rb:579:in `table_rows'
    /usr/local/rvm/gems/ruby-1.9.3-p194/gems/activerecord-3.2.8/lib/active_record/fixtures.rb:494:in `block (3 levels) in create_fixtures'
    /usr/local/rvm/gems/ruby-1.9.3-p194/gems/activerecord-3.2.8/lib/active_record/fixtures.rb:492:in `each'
    /usr/local/rvm/gems/ruby-1.9.3-p194/gems/activerecord-3.2.8/lib/active_record/fixtures.rb:492:in `block (2 levels) in create_fixtures'
    /usr/local/rvm/gems/ruby-1.9.3-p194/gems/activerecord-3.2.8/lib/active_record/connection_adapters/abstract/database_statements.rb:192:in `transaction'
    /usr/local/rvm/gems/ruby-1.9.3-p194/gems/activerecord-3.2.8/lib/active_record/fixtures.rb:491:in `block in create_fixtures'
    /usr/local/rvm/gems/ruby-1.9.3-p194/gems/activerecord-3.2.8/lib/active_record/connection_adapters/abstract_adapter.rb:168:in `disable_referential_integrity'
    /usr/local/rvm/gems/ruby-1.9.3-p194/gems/activerecord-3.2.8/lib/active_record/fixtures.rb:476:in `create_fixtures'
    /usr/local/rvm/gems/ruby-1.9.3-p194/gems/activerecord-3.2.8/lib/active_record/fixtures.rb:895:in `load_fixtures'
    /usr/local/rvm/gems/ruby-1.9.3-p194/gems/activerecord-3.2.8/lib/active_record/fixtures.rb:849:in `setup_fixtures'
    /usr/local/rvm/gems/ruby-1.9.3-p194/gems/activesupport-3.2.8/lib/active_support/callbacks.rb:429:in `_run__793385603__setup__930592467__callbacks'
    /usr/local/rvm/gems/ruby-1.9.3-p194/gems/activesupport-3.2.8/lib/active_support/callbacks.rb:405:in `__run_callback'
    /usr/local/rvm/gems/ruby-1.9.3-p194/gems/activesupport-3.2.8/lib/active_support/callbacks.rb:385:in `_run_setup_callbacks'
    /usr/local/rvm/gems/ruby-1.9.3-p194/gems/activesupport-3.2.8/lib/active_support/callbacks.rb:81:in `run_callbacks'
    /usr/local/rvm/gems/ruby-1.9.3-p194/gems/activesupport-3.2.8/lib/active_support/testing/setup_and_teardown.rb:35:in `run'

  4) Error:
test_should_get_index(UsersControllerTest):
ActiveRecord::StatementInvalid: Could not find table 'users'
    /usr/local/rvm/gems/ruby-1.9.3-p194/gems/activerecord-3.2.8/lib/active_record/connection_adapters/sqlite_adapter.rb:472:in `table_structure'
    /usr/local/rvm/gems/ruby-1.9.3-p194/gems/activerecord-3.2.8/lib/active_record/connection_adapters/sqlite_adapter.rb:346:in `columns'
    /usr/local/rvm/gems/ruby-1.9.3-p194/gems/activerecord-3.2.8/lib/active_record/fixtures.rb:660:in `column_names'
    /usr/local/rvm/gems/ruby-1.9.3-p194/gems/activerecord-3.2.8/lib/active_record/fixtures.rb:652:in `timestamp_column_names'
    /usr/local/rvm/gems/ruby-1.9.3-p194/gems/activerecord-3.2.8/lib/active_record/fixtures.rb:585:in `block in table_rows'
    /usr/local/rvm/gems/ruby-1.9.3-p194/gems/activerecord-3.2.8/lib/active_record/fixtures.rb:579:in `each'
    /usr/local/rvm/gems/ruby-1.9.3-p194/gems/activerecord-3.2.8/lib/active_record/fixtures.rb:579:in `map'
    /usr/local/rvm/gems/ruby-1.9.3-p194/gems/activerecord-3.2.8/lib/active_record/fixtures.rb:579:in `table_rows'
    /usr/local/rvm/gems/ruby-1.9.3-p194/gems/activerecord-3.2.8/lib/active_record/fixtures.rb:494:in `block (3 levels) in create_fixtures'
    /usr/local/rvm/gems/ruby-1.9.3-p194/gems/activerecord-3.2.8/lib/active_record/fixtures.rb:492:in `each'
    /usr/local/rvm/gems/ruby-1.9.3-p194/gems/activerecord-3.2.8/lib/active_record/fixtures.rb:492:in `block (2 levels) in create_fixtures'
    /usr/local/rvm/gems/ruby-1.9.3-p194/gems/activerecord-3.2.8/lib/active_record/connection_adapters/abstract/database_statements.rb:192:in `transaction'
    /usr/local/rvm/gems/ruby-1.9.3-p194/gems/activerecord-3.2.8/lib/active_record/fixtures.rb:491:in `block in create_fixtures'
    /usr/local/rvm/gems/ruby-1.9.3-p194/gems/activerecord-3.2.8/lib/active_record/connection_adapters/abstract_adapter.rb:168:in `disable_referential_integrity'
    /usr/local/rvm/gems/ruby-1.9.3-p194/gems/activerecord-3.2.8/lib/active_record/fixtures.rb:476:in `create_fixtures'
    /usr/local/rvm/gems/ruby-1.9.3-p194/gems/activerecord-3.2.8/lib/active_record/fixtures.rb:895:in `load_fixtures'
    /usr/local/rvm/gems/ruby-1.9.3-p194/gems/activerecord-3.2.8/lib/active_record/fixtures.rb:849:in `setup_fixtures'
    /usr/local/rvm/gems/ruby-1.9.3-p194/gems/activesupport-3.2.8/lib/active_support/callbacks.rb:429:in `_run__793385603__setup__930592467__callbacks'
    /usr/local/rvm/gems/ruby-1.9.3-p194/gems/activesupport-3.2.8/lib/active_support/callbacks.rb:405:in `__run_callback'
    /usr/local/rvm/gems/ruby-1.9.3-p194/gems/activesupport-3.2.8/lib/active_support/callbacks.rb:385:in `_run_setup_callbacks'
    /usr/local/rvm/gems/ruby-1.9.3-p194/gems/activesupport-3.2.8/lib/active_support/callbacks.rb:81:in `run_callbacks'
    /usr/local/rvm/gems/ruby-1.9.3-p194/gems/activesupport-3.2.8/lib/active_support/testing/setup_and_teardown.rb:35:in `run'

  5) Error:
test_should_get_new(UsersControllerTest):
ActiveRecord::StatementInvalid: Could not find table 'users'
    /usr/local/rvm/gems/ruby-1.9.3-p194/gems/activerecord-3.2.8/lib/active_record/connection_adapters/sqlite_adapter.rb:472:in `table_structure'
    /usr/local/rvm/gems/ruby-1.9.3-p194/gems/activerecord-3.2.8/lib/active_record/connection_adapters/sqlite_adapter.rb:346:in `columns'
    /usr/local/rvm/gems/ruby-1.9.3-p194/gems/activerecord-3.2.8/lib/active_record/fixtures.rb:660:in `column_names'
    /usr/local/rvm/gems/ruby-1.9.3-p194/gems/activerecord-3.2.8/lib/active_record/fixtures.rb:652:in `timestamp_column_names'
    /usr/local/rvm/gems/ruby-1.9.3-p194/gems/activerecord-3.2.8/lib/active_record/fixtures.rb:585:in `block in table_rows'
    /usr/local/rvm/gems/ruby-1.9.3-p194/gems/activerecord-3.2.8/lib/active_record/fixtures.rb:579:in `each'
    /usr/local/rvm/gems/ruby-1.9.3-p194/gems/activerecord-3.2.8/lib/active_record/fixtures.rb:579:in `map'
    /usr/local/rvm/gems/ruby-1.9.3-p194/gems/activerecord-3.2.8/lib/active_record/fixtures.rb:579:in `table_rows'
    /usr/local/rvm/gems/ruby-1.9.3-p194/gems/activerecord-3.2.8/lib/active_record/fixtures.rb:494:in `block (3 levels) in create_fixtures'
    /usr/local/rvm/gems/ruby-1.9.3-p194/gems/activerecord-3.2.8/lib/active_record/fixtures.rb:492:in `each'
    /usr/local/rvm/gems/ruby-1.9.3-p194/gems/activerecord-3.2.8/lib/active_record/fixtures.rb:492:in `block (2 levels) in create_fixtures'
    /usr/local/rvm/gems/ruby-1.9.3-p194/gems/activerecord-3.2.8/lib/active_record/connection_adapters/abstract/database_statements.rb:192:in `transaction'
    /usr/local/rvm/gems/ruby-1.9.3-p194/gems/activerecord-3.2.8/lib/active_record/fixtures.rb:491:in `block in create_fixtures'
    /usr/local/rvm/gems/ruby-1.9.3-p194/gems/activerecord-3.2.8/lib/active_record/connection_adapters/abstract_adapter.rb:168:in `disable_referential_integrity'
    /usr/local/rvm/gems/ruby-1.9.3-p194/gems/activerecord-3.2.8/lib/active_record/fixtures.rb:476:in `create_fixtures'
    /usr/local/rvm/gems/ruby-1.9.3-p194/gems/activerecord-3.2.8/lib/active_record/fixtures.rb:895:in `load_fixtures'
    /usr/local/rvm/gems/ruby-1.9.3-p194/gems/activerecord-3.2.8/lib/active_record/fixtures.rb:849:in `setup_fixtures'
    /usr/local/rvm/gems/ruby-1.9.3-p194/gems/activesupport-3.2.8/lib/active_support/callbacks.rb:429:in `_run__793385603__setup__930592467__callbacks'
    /usr/local/rvm/gems/ruby-1.9.3-p194/gems/activesupport-3.2.8/lib/active_support/callbacks.rb:405:in `__run_callback'
    /usr/local/rvm/gems/ruby-1.9.3-p194/gems/activesupport-3.2.8/lib/active_support/callbacks.rb:385:in `_run_setup_callbacks'
    /usr/local/rvm/gems/ruby-1.9.3-p194/gems/activesupport-3.2.8/lib/active_support/callbacks.rb:81:in `run_callbacks'
    /usr/local/rvm/gems/ruby-1.9.3-p194/gems/activesupport-3.2.8/lib/active_support/testing/setup_and_teardown.rb:35:in `run'

  6) Error:
test_should_show_user(UsersControllerTest):
ActiveRecord::StatementInvalid: Could not find table 'users'
    /usr/local/rvm/gems/ruby-1.9.3-p194/gems/activerecord-3.2.8/lib/active_record/connection_adapters/sqlite_adapter.rb:472:in `table_structure'
    /usr/local/rvm/gems/ruby-1.9.3-p194/gems/activerecord-3.2.8/lib/active_record/connection_adapters/sqlite_adapter.rb:346:in `columns'
    /usr/local/rvm/gems/ruby-1.9.3-p194/gems/activerecord-3.2.8/lib/active_record/fixtures.rb:660:in `column_names'
    /usr/local/rvm/gems/ruby-1.9.3-p194/gems/activerecord-3.2.8/lib/active_record/fixtures.rb:652:in `timestamp_column_names'
    /usr/local/rvm/gems/ruby-1.9.3-p194/gems/activerecord-3.2.8/lib/active_record/fixtures.rb:585:in `block in table_rows'
    /usr/local/rvm/gems/ruby-1.9.3-p194/gems/activerecord-3.2.8/lib/active_record/fixtures.rb:579:in `each'
    /usr/local/rvm/gems/ruby-1.9.3-p194/gems/activerecord-3.2.8/lib/active_record/fixtures.rb:579:in `map'
    /usr/local/rvm/gems/ruby-1.9.3-p194/gems/activerecord-3.2.8/lib/active_record/fixtures.rb:579:in `table_rows'
    /usr/local/rvm/gems/ruby-1.9.3-p194/gems/activerecord-3.2.8/lib/active_record/fixtures.rb:494:in `block (3 levels) in create_fixtures'
    /usr/local/rvm/gems/ruby-1.9.3-p194/gems/activerecord-3.2.8/lib/active_record/fixtures.rb:492:in `each'
    /usr/local/rvm/gems/ruby-1.9.3-p194/gems/activerecord-3.2.8/lib/active_record/fixtures.rb:492:in `block (2 levels) in create_fixtures'
    /usr/local/rvm/gems/ruby-1.9.3-p194/gems/activerecord-3.2.8/lib/active_record/connection_adapters/abstract/database_statements.rb:192:in `transaction'
    /usr/local/rvm/gems/ruby-1.9.3-p194/gems/activerecord-3.2.8/lib/active_record/fixtures.rb:491:in `block in create_fixtures'
    /usr/local/rvm/gems/ruby-1.9.3-p194/gems/activerecord-3.2.8/lib/active_record/connection_adapters/abstract_adapter.rb:168:in `disable_referential_integrity'
    /usr/local/rvm/gems/ruby-1.9.3-p194/gems/activerecord-3.2.8/lib/active_record/fixtures.rb:476:in `create_fixtures'
    /usr/local/rvm/gems/ruby-1.9.3-p194/gems/activerecord-3.2.8/lib/active_record/fixtures.rb:895:in `load_fixtures'
    /usr/local/rvm/gems/ruby-1.9.3-p194/gems/activerecord-3.2.8/lib/active_record/fixtures.rb:849:in `setup_fixtures'
    /usr/local/rvm/gems/ruby-1.9.3-p194/gems/activesupport-3.2.8/lib/active_support/callbacks.rb:429:in `_run__793385603__setup__930592467__callbacks'
    /usr/local/rvm/gems/ruby-1.9.3-p194/gems/activesupport-3.2.8/lib/active_support/callbacks.rb:405:in `__run_callback'
    /usr/local/rvm/gems/ruby-1.9.3-p194/gems/activesupport-3.2.8/lib/active_support/callbacks.rb:385:in `_run_setup_callbacks'
    /usr/local/rvm/gems/ruby-1.9.3-p194/gems/activesupport-3.2.8/lib/active_support/callbacks.rb:81:in `run_callbacks'
    /usr/local/rvm/gems/ruby-1.9.3-p194/gems/activesupport-3.2.8/lib/active_support/testing/setup_and_teardown.rb:35:in `run'

  7) Error:
test_should_update_user(UsersControllerTest):
ActiveRecord::StatementInvalid: Could not find table 'users'
    /usr/local/rvm/gems/ruby-1.9.3-p194/gems/activerecord-3.2.8/lib/active_record/connection_adapters/sqlite_adapter.rb:472:in `table_structure'
    /usr/local/rvm/gems/ruby-1.9.3-p194/gems/activerecord-3.2.8/lib/active_record/connection_adapters/sqlite_adapter.rb:346:in `columns'
    /usr/local/rvm/gems/ruby-1.9.3-p194/gems/activerecord-3.2.8/lib/active_record/fixtures.rb:660:in `column_names'
    /usr/local/rvm/gems/ruby-1.9.3-p194/gems/activerecord-3.2.8/lib/active_record/fixtures.rb:652:in `timestamp_column_names'
    /usr/local/rvm/gems/ruby-1.9.3-p194/gems/activerecord-3.2.8/lib/active_record/fixtures.rb:585:in `block in table_rows'
    /usr/local/rvm/gems/ruby-1.9.3-p194/gems/activerecord-3.2.8/lib/active_record/fixtures.rb:579:in `each'
    /usr/local/rvm/gems/ruby-1.9.3-p194/gems/activerecord-3.2.8/lib/active_record/fixtures.rb:579:in `map'
    /usr/local/rvm/gems/ruby-1.9.3-p194/gems/activerecord-3.2.8/lib/active_record/fixtures.rb:579:in `table_rows'
    /usr/local/rvm/gems/ruby-1.9.3-p194/gems/activerecord-3.2.8/lib/active_record/fixtures.rb:494:in `block (3 levels) in create_fixtures'
    /usr/local/rvm/gems/ruby-1.9.3-p194/gems/activerecord-3.2.8/lib/active_record/fixtures.rb:492:in `each'
    /usr/local/rvm/gems/ruby-1.9.3-p194/gems/activerecord-3.2.8/lib/active_record/fixtures.rb:492:in `block (2 levels) in create_fixtures'
    /usr/local/rvm/gems/ruby-1.9.3-p194/gems/activerecord-3.2.8/lib/active_record/connection_adapters/abstract/database_statements.rb:192:in `transaction'
    /usr/local/rvm/gems/ruby-1.9.3-p194/gems/activerecord-3.2.8/lib/active_record/fixtures.rb:491:in `block in create_fixtures'
    /usr/local/rvm/gems/ruby-1.9.3-p194/gems/activerecord-3.2.8/lib/active_record/connection_adapters/abstract_adapter.rb:168:in `disable_referential_integrity'
    /usr/local/rvm/gems/ruby-1.9.3-p194/gems/activerecord-3.2.8/lib/active_record/fixtures.rb:476:in `create_fixtures'
    /usr/local/rvm/gems/ruby-1.9.3-p194/gems/activerecord-3.2.8/lib/active_record/fixtures.rb:895:in `load_fixtures'
    /usr/local/rvm/gems/ruby-1.9.3-p194/gems/activerecord-3.2.8/lib/active_record/fixtures.rb:849:in `setup_fixtures'
    /usr/local/rvm/gems/ruby-1.9.3-p194/gems/activesupport-3.2.8/lib/active_support/callbacks.rb:429:in `_run__793385603__setup__930592467__callbacks'
    /usr/local/rvm/gems/ruby-1.9.3-p194/gems/activesupport-3.2.8/lib/active_support/callbacks.rb:405:in `__run_callback'
    /usr/local/rvm/gems/ruby-1.9.3-p194/gems/activesupport-3.2.8/lib/active_support/callbacks.rb:385:in `_run_setup_callbacks'
    /usr/local/rvm/gems/ruby-1.9.3-p194/gems/activesupport-3.2.8/lib/active_support/callbacks.rb:81:in `run_callbacks'
    /usr/local/rvm/gems/ruby-1.9.3-p194/gems/activesupport-3.2.8/lib/active_support/testing/setup_and_teardown.rb:35:in `run'

7 tests, 0 assertions, 0 failures, 7 errors, 0 skips
Run options: -n "/^(test_should_create_micropost|test_should_destroy_micropost|test_should_get_edit|test_should_get_index|test_should_get_new|test_should_show_micropost|test_should_update_micropost)$/"

# Running tests:

EEEEEEE

Finished tests in 0.101888s, 68.7026 tests/s, 0.0000 assertions/s.

  1) Error:
test_should_create_micropost(MicropostsControllerTest):
ActiveRecord::StatementInvalid: Could not find table 'users'
    /usr/local/rvm/gems/ruby-1.9.3-p194/gems/activerecord-3.2.8/lib/active_record/connection_adapters/sqlite_adapter.rb:472:in `table_structure'
    /usr/local/rvm/gems/ruby-1.9.3-p194/gems/activerecord-3.2.8/lib/active_record/connection_adapters/sqlite_adapter.rb:346:in `columns'
    /usr/local/rvm/gems/ruby-1.9.3-p194/gems/activerecord-3.2.8/lib/active_record/fixtures.rb:660:in `column_names'
    /usr/local/rvm/gems/ruby-1.9.3-p194/gems/activerecord-3.2.8/lib/active_record/fixtures.rb:652:in `timestamp_column_names'
    /usr/local/rvm/gems/ruby-1.9.3-p194/gems/activerecord-3.2.8/lib/active_record/fixtures.rb:585:in `block in table_rows'
    /usr/local/rvm/gems/ruby-1.9.3-p194/gems/activerecord-3.2.8/lib/active_record/fixtures.rb:579:in `each'
    /usr/local/rvm/gems/ruby-1.9.3-p194/gems/activerecord-3.2.8/lib/active_record/fixtures.rb:579:in `map'
    /usr/local/rvm/gems/ruby-1.9.3-p194/gems/activerecord-3.2.8/lib/active_record/fixtures.rb:579:in `table_rows'
    /usr/local/rvm/gems/ruby-1.9.3-p194/gems/activerecord-3.2.8/lib/active_record/fixtures.rb:494:in `block (3 levels) in create_fixtures'
    /usr/local/rvm/gems/ruby-1.9.3-p194/gems/activerecord-3.2.8/lib/active_record/fixtures.rb:492:in `each'
    /usr/local/rvm/gems/ruby-1.9.3-p194/gems/activerecord-3.2.8/lib/active_record/fixtures.rb:492:in `block (2 levels) in create_fixtures'
    /usr/local/rvm/gems/ruby-1.9.3-p194/gems/activerecord-3.2.8/lib/active_record/connection_adapters/abstract/database_statements.rb:192:in `transaction'
    /usr/local/rvm/gems/ruby-1.9.3-p194/gems/activerecord-3.2.8/lib/active_record/fixtures.rb:491:in `block in create_fixtures'
    /usr/local/rvm/gems/ruby-1.9.3-p194/gems/activerecord-3.2.8/lib/active_record/connection_adapters/abstract_adapter.rb:168:in `disable_referential_integrity'
    /usr/local/rvm/gems/ruby-1.9.3-p194/gems/activerecord-3.2.8/lib/active_record/fixtures.rb:476:in `create_fixtures'
    /usr/local/rvm/gems/ruby-1.9.3-p194/gems/activerecord-3.2.8/lib/active_record/fixtures.rb:895:in `load_fixtures'
    /usr/local/rvm/gems/ruby-1.9.3-p194/gems/activerecord-3.2.8/lib/active_record/fixtures.rb:849:in `setup_fixtures'
    /usr/local/rvm/gems/ruby-1.9.3-p194/gems/activesupport-3.2.8/lib/active_support/callbacks.rb:429:in `_run__544771438__setup__305039072__callbacks'
    /usr/local/rvm/gems/ruby-1.9.3-p194/gems/activesupport-3.2.8/lib/active_support/callbacks.rb:405:in `__run_callback'
    /usr/local/rvm/gems/ruby-1.9.3-p194/gems/activesupport-3.2.8/lib/active_support/callbacks.rb:385:in `_run_setup_callbacks'
    /usr/local/rvm/gems/ruby-1.9.3-p194/gems/activesupport-3.2.8/lib/active_support/callbacks.rb:81:in `run_callbacks'
    /usr/local/rvm/gems/ruby-1.9.3-p194/gems/activesupport-3.2.8/lib/active_support/testing/setup_and_teardown.rb:35:in `run'

  2) Error:
test_should_destroy_micropost(MicropostsControllerTest):
ActiveRecord::StatementInvalid: Could not find table 'users'
    /usr/local/rvm/gems/ruby-1.9.3-p194/gems/activerecord-3.2.8/lib/active_record/connection_adapters/sqlite_adapter.rb:472:in `table_structure'
    /usr/local/rvm/gems/ruby-1.9.3-p194/gems/activerecord-3.2.8/lib/active_record/connection_adapters/sqlite_adapter.rb:346:in `columns'
    /usr/local/rvm/gems/ruby-1.9.3-p194/gems/activerecord-3.2.8/lib/active_record/fixtures.rb:660:in `column_names'
    /usr/local/rvm/gems/ruby-1.9.3-p194/gems/activerecord-3.2.8/lib/active_record/fixtures.rb:652:in `timestamp_column_names'
    /usr/local/rvm/gems/ruby-1.9.3-p194/gems/activerecord-3.2.8/lib/active_record/fixtures.rb:585:in `block in table_rows'
    /usr/local/rvm/gems/ruby-1.9.3-p194/gems/activerecord-3.2.8/lib/active_record/fixtures.rb:579:in `each'
    /usr/local/rvm/gems/ruby-1.9.3-p194/gems/activerecord-3.2.8/lib/active_record/fixtures.rb:579:in `map'
    /usr/local/rvm/gems/ruby-1.9.3-p194/gems/activerecord-3.2.8/lib/active_record/fixtures.rb:579:in `table_rows'
    /usr/local/rvm/gems/ruby-1.9.3-p194/gems/activerecord-3.2.8/lib/active_record/fixtures.rb:494:in `block (3 levels) in create_fixtures'
    /usr/local/rvm/gems/ruby-1.9.3-p194/gems/activerecord-3.2.8/lib/active_record/fixtures.rb:492:in `each'
    /usr/local/rvm/gems/ruby-1.9.3-p194/gems/activerecord-3.2.8/lib/active_record/fixtures.rb:492:in `block (2 levels) in create_fixtures'
    /usr/local/rvm/gems/ruby-1.9.3-p194/gems/activerecord-3.2.8/lib/active_record/connection_adapters/abstract/database_statements.rb:192:in `transaction'
    /usr/local/rvm/gems/ruby-1.9.3-p194/gems/activerecord-3.2.8/lib/active_record/fixtures.rb:491:in `block in create_fixtures'
    /usr/local/rvm/gems/ruby-1.9.3-p194/gems/activerecord-3.2.8/lib/active_record/connection_adapters/abstract_adapter.rb:168:in `disable_referential_integrity'
    /usr/local/rvm/gems/ruby-1.9.3-p194/gems/activerecord-3.2.8/lib/active_record/fixtures.rb:476:in `create_fixtures'
    /usr/local/rvm/gems/ruby-1.9.3-p194/gems/activerecord-3.2.8/lib/active_record/fixtures.rb:895:in `load_fixtures'
    /usr/local/rvm/gems/ruby-1.9.3-p194/gems/activerecord-3.2.8/lib/active_record/fixtures.rb:849:in `setup_fixtures'
    /usr/local/rvm/gems/ruby-1.9.3-p194/gems/activesupport-3.2.8/lib/active_support/callbacks.rb:429:in `_run__544771438__setup__305039072__callbacks'
    /usr/local/rvm/gems/ruby-1.9.3-p194/gems/activesupport-3.2.8/lib/active_support/callbacks.rb:405:in `__run_callback'
    /usr/local/rvm/gems/ruby-1.9.3-p194/gems/activesupport-3.2.8/lib/active_support/callbacks.rb:385:in `_run_setup_callbacks'
    /usr/local/rvm/gems/ruby-1.9.3-p194/gems/activesupport-3.2.8/lib/active_support/callbacks.rb:81:in `run_callbacks'
    /usr/local/rvm/gems/ruby-1.9.3-p194/gems/activesupport-3.2.8/lib/active_support/testing/setup_and_teardown.rb:35:in `run'

  3) Error:
test_should_get_edit(MicropostsControllerTest):
ActiveRecord::StatementInvalid: Could not find table 'users'
    /usr/local/rvm/gems/ruby-1.9.3-p194/gems/activerecord-3.2.8/lib/active_record/connection_adapters/sqlite_adapter.rb:472:in `table_structure'
    /usr/local/rvm/gems/ruby-1.9.3-p194/gems/activerecord-3.2.8/lib/active_record/connection_adapters/sqlite_adapter.rb:346:in `columns'
    /usr/local/rvm/gems/ruby-1.9.3-p194/gems/activerecord-3.2.8/lib/active_record/fixtures.rb:660:in `column_names'
    /usr/local/rvm/gems/ruby-1.9.3-p194/gems/activerecord-3.2.8/lib/active_record/fixtures.rb:652:in `timestamp_column_names'
    /usr/local/rvm/gems/ruby-1.9.3-p194/gems/activerecord-3.2.8/lib/active_record/fixtures.rb:585:in `block in table_rows'
    /usr/local/rvm/gems/ruby-1.9.3-p194/gems/activerecord-3.2.8/lib/active_record/fixtures.rb:579:in `each'
    /usr/local/rvm/gems/ruby-1.9.3-p194/gems/activerecord-3.2.8/lib/active_record/fixtures.rb:579:in `map'
    /usr/local/rvm/gems/ruby-1.9.3-p194/gems/activerecord-3.2.8/lib/active_record/fixtures.rb:579:in `table_rows'
    /usr/local/rvm/gems/ruby-1.9.3-p194/gems/activerecord-3.2.8/lib/active_record/fixtures.rb:494:in `block (3 levels) in create_fixtures'
    /usr/local/rvm/gems/ruby-1.9.3-p194/gems/activerecord-3.2.8/lib/active_record/fixtures.rb:492:in `each'
    /usr/local/rvm/gems/ruby-1.9.3-p194/gems/activerecord-3.2.8/lib/active_record/fixtures.rb:492:in `block (2 levels) in create_fixtures'
    /usr/local/rvm/gems/ruby-1.9.3-p194/gems/activerecord-3.2.8/lib/active_record/connection_adapters/abstract/database_statements.rb:192:in `transaction'
    /usr/local/rvm/gems/ruby-1.9.3-p194/gems/activerecord-3.2.8/lib/active_record/fixtures.rb:491:in `block in create_fixtures'
    /usr/local/rvm/gems/ruby-1.9.3-p194/gems/activerecord-3.2.8/lib/active_record/connection_adapters/abstract_adapter.rb:168:in `disable_referential_integrity'
    /usr/local/rvm/gems/ruby-1.9.3-p194/gems/activerecord-3.2.8/lib/active_record/fixtures.rb:476:in `create_fixtures'
    /usr/local/rvm/gems/ruby-1.9.3-p194/gems/activerecord-3.2.8/lib/active_record/fixtures.rb:895:in `load_fixtures'
    /usr/local/rvm/gems/ruby-1.9.3-p194/gems/activerecord-3.2.8/lib/active_record/fixtures.rb:849:in `setup_fixtures'
    /usr/local/rvm/gems/ruby-1.9.3-p194/gems/activesupport-3.2.8/lib/active_support/callbacks.rb:429:in `_run__544771438__setup__305039072__callbacks'
    /usr/local/rvm/gems/ruby-1.9.3-p194/gems/activesupport-3.2.8/lib/active_support/callbacks.rb:405:in `__run_callback'
    /usr/local/rvm/gems/ruby-1.9.3-p194/gems/activesupport-3.2.8/lib/active_support/callbacks.rb:385:in `_run_setup_callbacks'
    /usr/local/rvm/gems/ruby-1.9.3-p194/gems/activesupport-3.2.8/lib/active_support/callbacks.rb:81:in `run_callbacks'
    /usr/local/rvm/gems/ruby-1.9.3-p194/gems/activesupport-3.2.8/lib/active_support/testing/setup_and_teardown.rb:35:in `run'

  4) Error:
test_should_get_index(MicropostsControllerTest):
ActiveRecord::StatementInvalid: Could not find table 'users'
    /usr/local/rvm/gems/ruby-1.9.3-p194/gems/activerecord-3.2.8/lib/active_record/connection_adapters/sqlite_adapter.rb:472:in `table_structure'
    /usr/local/rvm/gems/ruby-1.9.3-p194/gems/activerecord-3.2.8/lib/active_record/connection_adapters/sqlite_adapter.rb:346:in `columns'
    /usr/local/rvm/gems/ruby-1.9.3-p194/gems/activerecord-3.2.8/lib/active_record/fixtures.rb:660:in `column_names'
    /usr/local/rvm/gems/ruby-1.9.3-p194/gems/activerecord-3.2.8/lib/active_record/fixtures.rb:652:in `timestamp_column_names'
    /usr/local/rvm/gems/ruby-1.9.3-p194/gems/activerecord-3.2.8/lib/active_record/fixtures.rb:585:in `block in table_rows'
    /usr/local/rvm/gems/ruby-1.9.3-p194/gems/activerecord-3.2.8/lib/active_record/fixtures.rb:579:in `each'
    /usr/local/rvm/gems/ruby-1.9.3-p194/gems/activerecord-3.2.8/lib/active_record/fixtures.rb:579:in `map'
    /usr/local/rvm/gems/ruby-1.9.3-p194/gems/activerecord-3.2.8/lib/active_record/fixtures.rb:579:in `table_rows'
    /usr/local/rvm/gems/ruby-1.9.3-p194/gems/activerecord-3.2.8/lib/active_record/fixtures.rb:494:in `block (3 levels) in create_fixtures'
    /usr/local/rvm/gems/ruby-1.9.3-p194/gems/activerecord-3.2.8/lib/active_record/fixtures.rb:492:in `each'
    /usr/local/rvm/gems/ruby-1.9.3-p194/gems/activerecord-3.2.8/lib/active_record/fixtures.rb:492:in `block (2 levels) in create_fixtures'
    /usr/local/rvm/gems/ruby-1.9.3-p194/gems/activerecord-3.2.8/lib/active_record/connection_adapters/abstract/database_statements.rb:192:in `transaction'
    /usr/local/rvm/gems/ruby-1.9.3-p194/gems/activerecord-3.2.8/lib/active_record/fixtures.rb:491:in `block in create_fixtures'
    /usr/local/rvm/gems/ruby-1.9.3-p194/gems/activerecord-3.2.8/lib/active_record/connection_adapters/abstract_adapter.rb:168:in `disable_referential_integrity'
    /usr/local/rvm/gems/ruby-1.9.3-p194/gems/activerecord-3.2.8/lib/active_record/fixtures.rb:476:in `create_fixtures'
    /usr/local/rvm/gems/ruby-1.9.3-p194/gems/activerecord-3.2.8/lib/active_record/fixtures.rb:895:in `load_fixtures'
    /usr/local/rvm/gems/ruby-1.9.3-p194/gems/activerecord-3.2.8/lib/active_record/fixtures.rb:849:in `setup_fixtures'
    /usr/local/rvm/gems/ruby-1.9.3-p194/gems/activesupport-3.2.8/lib/active_support/callbacks.rb:429:in `_run__544771438__setup__305039072__callbacks'
    /usr/local/rvm/gems/ruby-1.9.3-p194/gems/activesupport-3.2.8/lib/active_support/callbacks.rb:405:in `__run_callback'
    /usr/local/rvm/gems/ruby-1.9.3-p194/gems/activesupport-3.2.8/lib/active_support/callbacks.rb:385:in `_run_setup_callbacks'
    /usr/local/rvm/gems/ruby-1.9.3-p194/gems/activesupport-3.2.8/lib/active_support/callbacks.rb:81:in `run_callbacks'
    /usr/local/rvm/gems/ruby-1.9.3-p194/gems/activesupport-3.2.8/lib/active_support/testing/setup_and_teardown.rb:35:in `run'

  5) Error:
test_should_get_new(MicropostsControllerTest):
ActiveRecord::StatementInvalid: Could not find table 'users'
    /usr/local/rvm/gems/ruby-1.9.3-p194/gems/activerecord-3.2.8/lib/active_record/connection_adapters/sqlite_adapter.rb:472:in `table_structure'
    /usr/local/rvm/gems/ruby-1.9.3-p194/gems/activerecord-3.2.8/lib/active_record/connection_adapters/sqlite_adapter.rb:346:in `columns'
    /usr/local/rvm/gems/ruby-1.9.3-p194/gems/activerecord-3.2.8/lib/active_record/fixtures.rb:660:in `column_names'
    /usr/local/rvm/gems/ruby-1.9.3-p194/gems/activerecord-3.2.8/lib/active_record/fixtures.rb:652:in `timestamp_column_names'
    /usr/local/rvm/gems/ruby-1.9.3-p194/gems/activerecord-3.2.8/lib/active_record/fixtures.rb:585:in `block in table_rows'
    /usr/local/rvm/gems/ruby-1.9.3-p194/gems/activerecord-3.2.8/lib/active_record/fixtures.rb:579:in `each'
    /usr/local/rvm/gems/ruby-1.9.3-p194/gems/activerecord-3.2.8/lib/active_record/fixtures.rb:579:in `map'
    /usr/local/rvm/gems/ruby-1.9.3-p194/gems/activerecord-3.2.8/lib/active_record/fixtures.rb:579:in `table_rows'
    /usr/local/rvm/gems/ruby-1.9.3-p194/gems/activerecord-3.2.8/lib/active_record/fixtures.rb:494:in `block (3 levels) in create_fixtures'
    /usr/local/rvm/gems/ruby-1.9.3-p194/gems/activerecord-3.2.8/lib/active_record/fixtures.rb:492:in `each'
    /usr/local/rvm/gems/ruby-1.9.3-p194/gems/activerecord-3.2.8/lib/active_record/fixtures.rb:492:in `block (2 levels) in create_fixtures'
    /usr/local/rvm/gems/ruby-1.9.3-p194/gems/activerecord-3.2.8/lib/active_record/connection_adapters/abstract/database_statements.rb:192:in `transaction'
    /usr/local/rvm/gems/ruby-1.9.3-p194/gems/activerecord-3.2.8/lib/active_record/fixtures.rb:491:in `block in create_fixtures'
    /usr/local/rvm/gems/ruby-1.9.3-p194/gems/activerecord-3.2.8/lib/active_record/connection_adapters/abstract_adapter.rb:168:in `disable_referential_integrity'
    /usr/local/rvm/gems/ruby-1.9.3-p194/gems/activerecord-3.2.8/lib/active_record/fixtures.rb:476:in `create_fixtures'
    /usr/local/rvm/gems/ruby-1.9.3-p194/gems/activerecord-3.2.8/lib/active_record/fixtures.rb:895:in `load_fixtures'
    /usr/local/rvm/gems/ruby-1.9.3-p194/gems/activerecord-3.2.8/lib/active_record/fixtures.rb:849:in `setup_fixtures'
    /usr/local/rvm/gems/ruby-1.9.3-p194/gems/activesupport-3.2.8/lib/active_support/callbacks.rb:429:in `_run__544771438__setup__305039072__callbacks'
    /usr/local/rvm/gems/ruby-1.9.3-p194/gems/activesupport-3.2.8/lib/active_support/callbacks.rb:405:in `__run_callback'
    /usr/local/rvm/gems/ruby-1.9.3-p194/gems/activesupport-3.2.8/lib/active_support/callbacks.rb:385:in `_run_setup_callbacks'
    /usr/local/rvm/gems/ruby-1.9.3-p194/gems/activesupport-3.2.8/lib/active_support/callbacks.rb:81:in `run_callbacks'
    /usr/local/rvm/gems/ruby-1.9.3-p194/gems/activesupport-3.2.8/lib/active_support/testing/setup_and_teardown.rb:35:in `run'

  6) Error:
test_should_show_micropost(MicropostsControllerTest):
ActiveRecord::StatementInvalid: Could not find table 'users'
    /usr/local/rvm/gems/ruby-1.9.3-p194/gems/activerecord-3.2.8/lib/active_record/connection_adapters/sqlite_adapter.rb:472:in `table_structure'
    /usr/local/rvm/gems/ruby-1.9.3-p194/gems/activerecord-3.2.8/lib/active_record/connection_adapters/sqlite_adapter.rb:346:in `columns'
    /usr/local/rvm/gems/ruby-1.9.3-p194/gems/activerecord-3.2.8/lib/active_record/fixtures.rb:660:in `column_names'
    /usr/local/rvm/gems/ruby-1.9.3-p194/gems/activerecord-3.2.8/lib/active_record/fixtures.rb:652:in `timestamp_column_names'
    /usr/local/rvm/gems/ruby-1.9.3-p194/gems/activerecord-3.2.8/lib/active_record/fixtures.rb:585:in `block in table_rows'
    /usr/local/rvm/gems/ruby-1.9.3-p194/gems/activerecord-3.2.8/lib/active_record/fixtures.rb:579:in `each'
    /usr/local/rvm/gems/ruby-1.9.3-p194/gems/activerecord-3.2.8/lib/active_record/fixtures.rb:579:in `map'
    /usr/local/rvm/gems/ruby-1.9.3-p194/gems/activerecord-3.2.8/lib/active_record/fixtures.rb:579:in `table_rows'
    /usr/local/rvm/gems/ruby-1.9.3-p194/gems/activerecord-3.2.8/lib/active_record/fixtures.rb:494:in `block (3 levels) in create_fixtures'
    /usr/local/rvm/gems/ruby-1.9.3-p194/gems/activerecord-3.2.8/lib/active_record/fixtures.rb:492:in `each'
    /usr/local/rvm/gems/ruby-1.9.3-p194/gems/activerecord-3.2.8/lib/active_record/fixtures.rb:492:in `block (2 levels) in create_fixtures'
    /usr/local/rvm/gems/ruby-1.9.3-p194/gems/activerecord-3.2.8/lib/active_record/connection_adapters/abstract/database_statements.rb:192:in `transaction'
    /usr/local/rvm/gems/ruby-1.9.3-p194/gems/activerecord-3.2.8/lib/active_record/fixtures.rb:491:in `block in create_fixtures'
    /usr/local/rvm/gems/ruby-1.9.3-p194/gems/activerecord-3.2.8/lib/active_record/connection_adapters/abstract_adapter.rb:168:in `disable_referential_integrity'
    /usr/local/rvm/gems/ruby-1.9.3-p194/gems/activerecord-3.2.8/lib/active_record/fixtures.rb:476:in `create_fixtures'
    /usr/local/rvm/gems/ruby-1.9.3-p194/gems/activerecord-3.2.8/lib/active_record/fixtures.rb:895:in `load_fixtures'
    /usr/local/rvm/gems/ruby-1.9.3-p194/gems/activerecord-3.2.8/lib/active_record/fixtures.rb:849:in `setup_fixtures'
    /usr/local/rvm/gems/ruby-1.9.3-p194/gems/activesupport-3.2.8/lib/active_support/callbacks.rb:429:in `_run__544771438__setup__305039072__callbacks'
    /usr/local/rvm/gems/ruby-1.9.3-p194/gems/activesupport-3.2.8/lib/active_support/callbacks.rb:405:in `__run_callback'
    /usr/local/rvm/gems/ruby-1.9.3-p194/gems/activesupport-3.2.8/lib/active_support/callbacks.rb:385:in `_run_setup_callbacks'
    /usr/local/rvm/gems/ruby-1.9.3-p194/gems/activesupport-3.2.8/lib/active_support/callbacks.rb:81:in `run_callbacks'
    /usr/local/rvm/gems/ruby-1.9.3-p194/gems/activesupport-3.2.8/lib/active_support/testing/setup_and_teardown.rb:35:in `run'

  7) Error:
test_should_update_micropost(MicropostsControllerTest):
ActiveRecord::StatementInvalid: Could not find table 'users'
    /usr/local/rvm/gems/ruby-1.9.3-p194/gems/activerecord-3.2.8/lib/active_record/connection_adapters/sqlite_adapter.rb:472:in `table_structure'
    /usr/local/rvm/gems/ruby-1.9.3-p194/gems/activerecord-3.2.8/lib/active_record/connection_adapters/sqlite_adapter.rb:346:in `columns'
    /usr/local/rvm/gems/ruby-1.9.3-p194/gems/activerecord-3.2.8/lib/active_record/fixtures.rb:660:in `column_names'
    /usr/local/rvm/gems/ruby-1.9.3-p194/gems/activerecord-3.2.8/lib/active_record/fixtures.rb:652:in `timestamp_column_names'
    /usr/local/rvm/gems/ruby-1.9.3-p194/gems/activerecord-3.2.8/lib/active_record/fixtures.rb:585:in `block in table_rows'
    /usr/local/rvm/gems/ruby-1.9.3-p194/gems/activerecord-3.2.8/lib/active_record/fixtures.rb:579:in `each'
    /usr/local/rvm/gems/ruby-1.9.3-p194/gems/activerecord-3.2.8/lib/active_record/fixtures.rb:579:in `map'
    /usr/local/rvm/gems/ruby-1.9.3-p194/gems/activerecord-3.2.8/lib/active_record/fixtures.rb:579:in `table_rows'
    /usr/local/rvm/gems/ruby-1.9.3-p194/gems/activerecord-3.2.8/lib/active_record/fixtures.rb:494:in `block (3 levels) in create_fixtures'
    /usr/local/rvm/gems/ruby-1.9.3-p194/gems/activerecord-3.2.8/lib/active_record/fixtures.rb:492:in `each'
    /usr/local/rvm/gems/ruby-1.9.3-p194/gems/activerecord-3.2.8/lib/active_record/fixtures.rb:492:in `block (2 levels) in create_fixtures'
    /usr/local/rvm/gems/ruby-1.9.3-p194/gems/activerecord-3.2.8/lib/active_record/connection_adapters/abstract/database_statements.rb:192:in `transaction'
    /usr/local/rvm/gems/ruby-1.9.3-p194/gems/activerecord-3.2.8/lib/active_record/fixtures.rb:491:in `block in create_fixtures'
    /usr/local/rvm/gems/ruby-1.9.3-p194/gems/activerecord-3.2.8/lib/active_record/connection_adapters/abstract_adapter.rb:168:in `disable_referential_integrity'
    /usr/local/rvm/gems/ruby-1.9.3-p194/gems/activerecord-3.2.8/lib/active_record/fixtures.rb:476:in `create_fixtures'
    /usr/local/rvm/gems/ruby-1.9.3-p194/gems/activerecord-3.2.8/lib/active_record/fixtures.rb:895:in `load_fixtures'
    /usr/local/rvm/gems/ruby-1.9.3-p194/gems/activerecord-3.2.8/lib/active_record/fixtures.rb:849:in `setup_fixtures'
    /usr/local/rvm/gems/ruby-1.9.3-p194/gems/activesupport-3.2.8/lib/active_support/callbacks.rb:429:in `_run__544771438__setup__305039072__callbacks'
    /usr/local/rvm/gems/ruby-1.9.3-p194/gems/activesupport-3.2.8/lib/active_support/callbacks.rb:405:in `__run_callback'
    /usr/local/rvm/gems/ruby-1.9.3-p194/gems/activesupport-3.2.8/lib/active_support/callbacks.rb:385:in `_run_setup_callbacks'
    /usr/local/rvm/gems/ruby-1.9.3-p194/gems/activesupport-3.2.8/lib/active_support/callbacks.rb:81:in `run_callbacks'
    /usr/local/rvm/gems/ruby-1.9.3-p194/gems/activesupport-3.2.8/lib/active_support/testing/setup_and_teardown.rb:35:in `run'

7 tests, 0 assertions, 0 failures, 7 errors, 0 skips
Run options: -n "/^(test_should_get_contact|test_should_get_home)$/"

# Running tests:

EE

Finished tests in 0.052315s, 38.2299 tests/s, 0.0000 assertions/s.

  1) Error:
test_should_get_contact(PagesControllerTest):
ActiveRecord::StatementInvalid: Could not find table 'users'
    /usr/local/rvm/gems/ruby-1.9.3-p194/gems/activerecord-3.2.8/lib/active_record/connection_adapters/sqlite_adapter.rb:472:in `table_structure'
    /usr/local/rvm/gems/ruby-1.9.3-p194/gems/activerecord-3.2.8/lib/active_record/connection_adapters/sqlite_adapter.rb:346:in `columns'
    /usr/local/rvm/gems/ruby-1.9.3-p194/gems/activerecord-3.2.8/lib/active_record/fixtures.rb:660:in `column_names'
    /usr/local/rvm/gems/ruby-1.9.3-p194/gems/activerecord-3.2.8/lib/active_record/fixtures.rb:652:in `timestamp_column_names'
    /usr/local/rvm/gems/ruby-1.9.3-p194/gems/activerecord-3.2.8/lib/active_record/fixtures.rb:585:in `block in table_rows'
    /usr/local/rvm/gems/ruby-1.9.3-p194/gems/activerecord-3.2.8/lib/active_record/fixtures.rb:579:in `each'
    /usr/local/rvm/gems/ruby-1.9.3-p194/gems/activerecord-3.2.8/lib/active_record/fixtures.rb:579:in `map'
    /usr/local/rvm/gems/ruby-1.9.3-p194/gems/activerecord-3.2.8/lib/active_record/fixtures.rb:579:in `table_rows'
    /usr/local/rvm/gems/ruby-1.9.3-p194/gems/activerecord-3.2.8/lib/active_record/fixtures.rb:494:in `block (3 levels) in create_fixtures'
    /usr/local/rvm/gems/ruby-1.9.3-p194/gems/activerecord-3.2.8/lib/active_record/fixtures.rb:492:in `each'
    /usr/local/rvm/gems/ruby-1.9.3-p194/gems/activerecord-3.2.8/lib/active_record/fixtures.rb:492:in `block (2 levels) in create_fixtures'
    /usr/local/rvm/gems/ruby-1.9.3-p194/gems/activerecord-3.2.8/lib/active_record/connection_adapters/abstract/database_statements.rb:192:in `transaction'
    /usr/local/rvm/gems/ruby-1.9.3-p194/gems/activerecord-3.2.8/lib/active_record/fixtures.rb:491:in `block in create_fixtures'
    /usr/local/rvm/gems/ruby-1.9.3-p194/gems/activerecord-3.2.8/lib/active_record/connection_adapters/abstract_adapter.rb:168:in `disable_referential_integrity'
    /usr/local/rvm/gems/ruby-1.9.3-p194/gems/activerecord-3.2.8/lib/active_record/fixtures.rb:476:in `create_fixtures'
    /usr/local/rvm/gems/ruby-1.9.3-p194/gems/activerecord-3.2.8/lib/active_record/fixtures.rb:895:in `load_fixtures'
    /usr/local/rvm/gems/ruby-1.9.3-p194/gems/activerecord-3.2.8/lib/active_record/fixtures.rb:849:in `setup_fixtures'
    /usr/local/rvm/gems/ruby-1.9.3-p194/gems/activesupport-3.2.8/lib/active_support/callbacks.rb:429:in `_run__305589179__setup__119154648__callbacks'
    /usr/local/rvm/gems/ruby-1.9.3-p194/gems/activesupport-3.2.8/lib/active_support/callbacks.rb:405:in `__run_callback'
    /usr/local/rvm/gems/ruby-1.9.3-p194/gems/activesupport-3.2.8/lib/active_support/callbacks.rb:385:in `_run_setup_callbacks'
    /usr/local/rvm/gems/ruby-1.9.3-p194/gems/activesupport-3.2.8/lib/active_support/callbacks.rb:81:in `run_callbacks'
    /usr/local/rvm/gems/ruby-1.9.3-p194/gems/activesupport-3.2.8/lib/active_support/testing/setup_and_teardown.rb:35:in `run'

  2) Error:
test_should_get_home(PagesControllerTest):
ActiveRecord::StatementInvalid: Could not find table 'users'
    /usr/local/rvm/gems/ruby-1.9.3-p194/gems/activerecord-3.2.8/lib/active_record/connection_adapters/sqlite_adapter.rb:472:in `table_structure'
    /usr/local/rvm/gems/ruby-1.9.3-p194/gems/activerecord-3.2.8/lib/active_record/connection_adapters/sqlite_adapter.rb:346:in `columns'
    /usr/local/rvm/gems/ruby-1.9.3-p194/gems/activerecord-3.2.8/lib/active_record/fixtures.rb:660:in `column_names'
    /usr/local/rvm/gems/ruby-1.9.3-p194/gems/activerecord-3.2.8/lib/active_record/fixtures.rb:652:in `timestamp_column_names'
    /usr/local/rvm/gems/ruby-1.9.3-p194/gems/activerecord-3.2.8/lib/active_record/fixtures.rb:585:in `block in table_rows'
    /usr/local/rvm/gems/ruby-1.9.3-p194/gems/activerecord-3.2.8/lib/active_record/fixtures.rb:579:in `each'
    /usr/local/rvm/gems/ruby-1.9.3-p194/gems/activerecord-3.2.8/lib/active_record/fixtures.rb:579:in `map'
    /usr/local/rvm/gems/ruby-1.9.3-p194/gems/activerecord-3.2.8/lib/active_record/fixtures.rb:579:in `table_rows'
    /usr/local/rvm/gems/ruby-1.9.3-p194/gems/activerecord-3.2.8/lib/active_record/fixtures.rb:494:in `block (3 levels) in create_fixtures'
    /usr/local/rvm/gems/ruby-1.9.3-p194/gems/activerecord-3.2.8/lib/active_record/fixtures.rb:492:in `each'
    /usr/local/rvm/gems/ruby-1.9.3-p194/gems/activerecord-3.2.8/lib/active_record/fixtures.rb:492:in `block (2 levels) in create_fixtures'
    /usr/local/rvm/gems/ruby-1.9.3-p194/gems/activerecord-3.2.8/lib/active_record/connection_adapters/abstract/database_statements.rb:192:in `transaction'
    /usr/local/rvm/gems/ruby-1.9.3-p194/gems/activerecord-3.2.8/lib/active_record/fixtures.rb:491:in `block in create_fixtures'
    /usr/local/rvm/gems/ruby-1.9.3-p194/gems/activerecord-3.2.8/lib/active_record/connection_adapters/abstract_adapter.rb:168:in `disable_referential_integrity'
    /usr/local/rvm/gems/ruby-1.9.3-p194/gems/activerecord-3.2.8/lib/active_record/fixtures.rb:476:in `create_fixtures'
    /usr/local/rvm/gems/ruby-1.9.3-p194/gems/activerecord-3.2.8/lib/active_record/fixtures.rb:895:in `load_fixtures'
    /usr/local/rvm/gems/ruby-1.9.3-p194/gems/activerecord-3.2.8/lib/active_record/fixtures.rb:849:in `setup_fixtures'
    /usr/local/rvm/gems/ruby-1.9.3-p194/gems/activesupport-3.2.8/lib/active_support/callbacks.rb:429:in `_run__305589179__setup__119154648__callbacks'
    /usr/local/rvm/gems/ruby-1.9.3-p194/gems/activesupport-3.2.8/lib/active_support/callbacks.rb:405:in `__run_callback'
    /usr/local/rvm/gems/ruby-1.9.3-p194/gems/activesupport-3.2.8/lib/active_support/callbacks.rb:385:in `_run_setup_callbacks'
    /usr/local/rvm/gems/ruby-1.9.3-p194/gems/activesupport-3.2.8/lib/active_support/callbacks.rb:81:in `run_callbacks'
    /usr/local/rvm/gems/ruby-1.9.3-p194/gems/activesupport-3.2.8/lib/active_support/testing/setup_and_teardown.rb:35:in `run'

2 tests, 0 assertions, 0 failures, 2 errors, 0 skips
/usr/local/rvm/rubies/ruby-1.9.3-p194/bin/ruby -I.:lib:test -rubygems test/functional/pages_controller_test.rb -n "/^(test_should_get_contact|test_should_get_home)$/"; /usr/local/rvm/rubies/ruby-1.9.3-p194/bin/ruby -I.:lib:test -rubygems test/functional/microposts_controller_test.rb -n "/^(test_should_create_micropost|test_should_destroy_micropost|test_should_get_edit|test_should_get_index|test_should_get_new|test_should_show_micropost|test_should_update_micropost)$/"; /usr/local/rvm/rubies/ruby-1.9.3-p194/bin/ruby -I.:lib:test -rubygems test/functional/users_controller_test.rb -n "/^(test_should_create_user|test_should_destroy_user|test_should_get_edit|test_should_get_index|test_should_get_new|test_should_show_user|test_should_update_user)$/"
Run options: -n "/^(test_should_get_contact|test_should_get_home)$/"

# Running tests:

EE

Finished tests in 0.061113s, 32.7265 tests/s, 0.0000 assertions/s.

  1) Error:
test_should_get_contact(PagesControllerTest):
ActiveRecord::StatementInvalid: Could not find table 'users'
    /usr/local/rvm/gems/ruby-1.9.3-p194/gems/activerecord-3.2.8/lib/active_record/connection_adapters/sqlite_adapter.rb:472:in `table_structure'
    /usr/local/rvm/gems/ruby-1.9.3-p194/gems/activerecord-3.2.8/lib/active_record/connection_adapters/sqlite_adapter.rb:346:in `columns'
    /usr/local/rvm/gems/ruby-1.9.3-p194/gems/activerecord-3.2.8/lib/active_record/fixtures.rb:660:in `column_names'
    /usr/local/rvm/gems/ruby-1.9.3-p194/gems/activerecord-3.2.8/lib/active_record/fixtures.rb:652:in `timestamp_column_names'
    /usr/local/rvm/gems/ruby-1.9.3-p194/gems/activerecord-3.2.8/lib/active_record/fixtures.rb:585:in `block in table_rows'
    /usr/local/rvm/gems/ruby-1.9.3-p194/gems/activerecord-3.2.8/lib/active_record/fixtures.rb:579:in `each'
    /usr/local/rvm/gems/ruby-1.9.3-p194/gems/activerecord-3.2.8/lib/active_record/fixtures.rb:579:in `map'
    /usr/local/rvm/gems/ruby-1.9.3-p194/gems/activerecord-3.2.8/lib/active_record/fixtures.rb:579:in `table_rows'
    /usr/local/rvm/gems/ruby-1.9.3-p194/gems/activerecord-3.2.8/lib/active_record/fixtures.rb:494:in `block (3 levels) in create_fixtures'
    /usr/local/rvm/gems/ruby-1.9.3-p194/gems/activerecord-3.2.8/lib/active_record/fixtures.rb:492:in `each'
    /usr/local/rvm/gems/ruby-1.9.3-p194/gems/activerecord-3.2.8/lib/active_record/fixtures.rb:492:in `block (2 levels) in create_fixtures'
    /usr/local/rvm/gems/ruby-1.9.3-p194/gems/activerecord-3.2.8/lib/active_record/connection_adapters/abstract/database_statements.rb:192:in `transaction'
    /usr/local/rvm/gems/ruby-1.9.3-p194/gems/activerecord-3.2.8/lib/active_record/fixtures.rb:491:in `block in create_fixtures'
    /usr/local/rvm/gems/ruby-1.9.3-p194/gems/activerecord-3.2.8/lib/active_record/connection_adapters/abstract_adapter.rb:168:in `disable_referential_integrity'
    /usr/local/rvm/gems/ruby-1.9.3-p194/gems/activerecord-3.2.8/lib/active_record/fixtures.rb:476:in `create_fixtures'
    /usr/local/rvm/gems/ruby-1.9.3-p194/gems/activerecord-3.2.8/lib/active_record/fixtures.rb:895:in `load_fixtures'
    /usr/local/rvm/gems/ruby-1.9.3-p194/gems/activerecord-3.2.8/lib/active_record/fixtures.rb:849:in `setup_fixtures'
    /usr/local/rvm/gems/ruby-1.9.3-p194/gems/activesupport-3.2.8/lib/active_support/callbacks.rb:429:in `_run__385215853__setup__982722851__callbacks'
    /usr/local/rvm/gems/ruby-1.9.3-p194/gems/activesupport-3.2.8/lib/active_support/callbacks.rb:405:in `__run_callback'
    /usr/local/rvm/gems/ruby-1.9.3-p194/gems/activesupport-3.2.8/lib/active_support/callbacks.rb:385:in `_run_setup_callbacks'
    /usr/local/rvm/gems/ruby-1.9.3-p194/gems/activesupport-3.2.8/lib/active_support/callbacks.rb:81:in `run_callbacks'
    /usr/local/rvm/gems/ruby-1.9.3-p194/gems/activesupport-3.2.8/lib/active_support/testing/setup_and_teardown.rb:35:in `run'

  2) Error:
test_should_get_home(PagesControllerTest):
ActiveRecord::StatementInvalid: Could not find table 'users'
    /usr/local/rvm/gems/ruby-1.9.3-p194/gems/activerecord-3.2.8/lib/active_record/connection_adapters/sqlite_adapter.rb:472:in `table_structure'
    /usr/local/rvm/gems/ruby-1.9.3-p194/gems/activerecord-3.2.8/lib/active_record/connection_adapters/sqlite_adapter.rb:346:in `columns'
    /usr/local/rvm/gems/ruby-1.9.3-p194/gems/activerecord-3.2.8/lib/active_record/fixtures.rb:660:in `column_names'
    /usr/local/rvm/gems/ruby-1.9.3-p194/gems/activerecord-3.2.8/lib/active_record/fixtures.rb:652:in `timestamp_column_names'
    /usr/local/rvm/gems/ruby-1.9.3-p194/gems/activerecord-3.2.8/lib/active_record/fixtures.rb:585:in `block in table_rows'
    /usr/local/rvm/gems/ruby-1.9.3-p194/gems/activerecord-3.2.8/lib/active_record/fixtures.rb:579:in `each'
    /usr/local/rvm/gems/ruby-1.9.3-p194/gems/activerecord-3.2.8/lib/active_record/fixtures.rb:579:in `map'
    /usr/local/rvm/gems/ruby-1.9.3-p194/gems/activerecord-3.2.8/lib/active_record/fixtures.rb:579:in `table_rows'
    /usr/local/rvm/gems/ruby-1.9.3-p194/gems/activerecord-3.2.8/lib/active_record/fixtures.rb:494:in `block (3 levels) in create_fixtures'
    /usr/local/rvm/gems/ruby-1.9.3-p194/gems/activerecord-3.2.8/lib/active_record/fixtures.rb:492:in `each'
    /usr/local/rvm/gems/ruby-1.9.3-p194/gems/activerecord-3.2.8/lib/active_record/fixtures.rb:492:in `block (2 levels) in create_fixtures'
    /usr/local/rvm/gems/ruby-1.9.3-p194/gems/activerecord-3.2.8/lib/active_record/connection_adapters/abstract/database_statements.rb:192:in `transaction'
    /usr/local/rvm/gems/ruby-1.9.3-p194/gems/activerecord-3.2.8/lib/active_record/fixtures.rb:491:in `block in create_fixtures'
    /usr/local/rvm/gems/ruby-1.9.3-p194/gems/activerecord-3.2.8/lib/active_record/connection_adapters/abstract_adapter.rb:168:in `disable_referential_integrity'
    /usr/local/rvm/gems/ruby-1.9.3-p194/gems/activerecord-3.2.8/lib/active_record/fixtures.rb:476:in `create_fixtures'
    /usr/local/rvm/gems/ruby-1.9.3-p194/gems/activerecord-3.2.8/lib/active_record/fixtures.rb:895:in `load_fixtures'
    /usr/local/rvm/gems/ruby-1.9.3-p194/gems/activerecord-3.2.8/lib/active_record/fixtures.rb:849:in `setup_fixtures'
    /usr/local/rvm/gems/ruby-1.9.3-p194/gems/activesupport-3.2.8/lib/active_support/callbacks.rb:429:in `_run__385215853__setup__982722851__callbacks'
    /usr/local/rvm/gems/ruby-1.9.3-p194/gems/activesupport-3.2.8/lib/active_support/callbacks.rb:405:in `__run_callback'
    /usr/local/rvm/gems/ruby-1.9.3-p194/gems/activesupport-3.2.8/lib/active_support/callbacks.rb:385:in `_run_setup_callbacks'
    /usr/local/rvm/gems/ruby-1.9.3-p194/gems/activesupport-3.2.8/lib/active_support/callbacks.rb:81:in `run_callbacks'
    /usr/local/rvm/gems/ruby-1.9.3-p194/gems/activesupport-3.2.8/lib/active_support/testing/setup_and_teardown.rb:35:in `run'

2 tests, 0 assertions, 0 failures, 2 errors, 0 skips
Run options: -n "/^(test_should_create_micropost|test_should_destroy_micropost|test_should_get_edit|test_should_get_index|test_should_get_new|test_should_show_micropost|test_should_update_micropost)$/"

# Running tests:

EEEEEEE

Finished tests in 0.101951s, 68.6603 tests/s, 0.0000 assertions/s.

  1) Error:
test_should_create_micropost(MicropostsControllerTest):
ActiveRecord::StatementInvalid: Could not find table 'users'
    /usr/local/rvm/gems/ruby-1.9.3-p194/gems/activerecord-3.2.8/lib/active_record/connection_adapters/sqlite_adapter.rb:472:in `table_structure'
    /usr/local/rvm/gems/ruby-1.9.3-p194/gems/activerecord-3.2.8/lib/active_record/connection_adapters/sqlite_adapter.rb:346:in `columns'
    /usr/local/rvm/gems/ruby-1.9.3-p194/gems/activerecord-3.2.8/lib/active_record/fixtures.rb:660:in `column_names'
    /usr/local/rvm/gems/ruby-1.9.3-p194/gems/activerecord-3.2.8/lib/active_record/fixtures.rb:652:in `timestamp_column_names'
    /usr/local/rvm/gems/ruby-1.9.3-p194/gems/activerecord-3.2.8/lib/active_record/fixtures.rb:585:in `block in table_rows'
    /usr/local/rvm/gems/ruby-1.9.3-p194/gems/activerecord-3.2.8/lib/active_record/fixtures.rb:579:in `each'
    /usr/local/rvm/gems/ruby-1.9.3-p194/gems/activerecord-3.2.8/lib/active_record/fixtures.rb:579:in `map'
    /usr/local/rvm/gems/ruby-1.9.3-p194/gems/activerecord-3.2.8/lib/active_record/fixtures.rb:579:in `table_rows'
    /usr/local/rvm/gems/ruby-1.9.3-p194/gems/activerecord-3.2.8/lib/active_record/fixtures.rb:494:in `block (3 levels) in create_fixtures'
    /usr/local/rvm/gems/ruby-1.9.3-p194/gems/activerecord-3.2.8/lib/active_record/fixtures.rb:492:in `each'
    /usr/local/rvm/gems/ruby-1.9.3-p194/gems/activerecord-3.2.8/lib/active_record/fixtures.rb:492:in `block (2 levels) in create_fixtures'
    /usr/local/rvm/gems/ruby-1.9.3-p194/gems/activerecord-3.2.8/lib/active_record/connection_adapters/abstract/database_statements.rb:192:in `transaction'
    /usr/local/rvm/gems/ruby-1.9.3-p194/gems/activerecord-3.2.8/lib/active_record/fixtures.rb:491:in `block in create_fixtures'
    /usr/local/rvm/gems/ruby-1.9.3-p194/gems/activerecord-3.2.8/lib/active_record/connection_adapters/abstract_adapter.rb:168:in `disable_referential_integrity'
    /usr/local/rvm/gems/ruby-1.9.3-p194/gems/activerecord-3.2.8/lib/active_record/fixtures.rb:476:in `create_fixtures'
    /usr/local/rvm/gems/ruby-1.9.3-p194/gems/activerecord-3.2.8/lib/active_record/fixtures.rb:895:in `load_fixtures'
    /usr/local/rvm/gems/ruby-1.9.3-p194/gems/activerecord-3.2.8/lib/active_record/fixtures.rb:849:in `setup_fixtures'
    /usr/local/rvm/gems/ruby-1.9.3-p194/gems/activesupport-3.2.8/lib/active_support/callbacks.rb:429:in `_run__323530952__setup__416802841__callbacks'
    /usr/local/rvm/gems/ruby-1.9.3-p194/gems/activesupport-3.2.8/lib/active_support/callbacks.rb:405:in `__run_callback'
    /usr/local/rvm/gems/ruby-1.9.3-p194/gems/activesupport-3.2.8/lib/active_support/callbacks.rb:385:in `_run_setup_callbacks'
    /usr/local/rvm/gems/ruby-1.9.3-p194/gems/activesupport-3.2.8/lib/active_support/callbacks.rb:81:in `run_callbacks'
    /usr/local/rvm/gems/ruby-1.9.3-p194/gems/activesupport-3.2.8/lib/active_support/testing/setup_and_teardown.rb:35:in `run'

  2) Error:
test_should_destroy_micropost(MicropostsControllerTest):
ActiveRecord::StatementInvalid: Could not find table 'users'
    /usr/local/rvm/gems/ruby-1.9.3-p194/gems/activerecord-3.2.8/lib/active_record/connection_adapters/sqlite_adapter.rb:472:in `table_structure'
    /usr/local/rvm/gems/ruby-1.9.3-p194/gems/activerecord-3.2.8/lib/active_record/connection_adapters/sqlite_adapter.rb:346:in `columns'
    /usr/local/rvm/gems/ruby-1.9.3-p194/gems/activerecord-3.2.8/lib/active_record/fixtures.rb:660:in `column_names'
    /usr/local/rvm/gems/ruby-1.9.3-p194/gems/activerecord-3.2.8/lib/active_record/fixtures.rb:652:in `timestamp_column_names'
    /usr/local/rvm/gems/ruby-1.9.3-p194/gems/activerecord-3.2.8/lib/active_record/fixtures.rb:585:in `block in table_rows'
    /usr/local/rvm/gems/ruby-1.9.3-p194/gems/activerecord-3.2.8/lib/active_record/fixtures.rb:579:in `each'
    /usr/local/rvm/gems/ruby-1.9.3-p194/gems/activerecord-3.2.8/lib/active_record/fixtures.rb:579:in `map'
    /usr/local/rvm/gems/ruby-1.9.3-p194/gems/activerecord-3.2.8/lib/active_record/fixtures.rb:579:in `table_rows'
    /usr/local/rvm/gems/ruby-1.9.3-p194/gems/activerecord-3.2.8/lib/active_record/fixtures.rb:494:in `block (3 levels) in create_fixtures'
    /usr/local/rvm/gems/ruby-1.9.3-p194/gems/activerecord-3.2.8/lib/active_record/fixtures.rb:492:in `each'
    /usr/local/rvm/gems/ruby-1.9.3-p194/gems/activerecord-3.2.8/lib/active_record/fixtures.rb:492:in `block (2 levels) in create_fixtures'
    /usr/local/rvm/gems/ruby-1.9.3-p194/gems/activerecord-3.2.8/lib/active_record/connection_adapters/abstract/database_statements.rb:192:in `transaction'
    /usr/local/rvm/gems/ruby-1.9.3-p194/gems/activerecord-3.2.8/lib/active_record/fixtures.rb:491:in `block in create_fixtures'
    /usr/local/rvm/gems/ruby-1.9.3-p194/gems/activerecord-3.2.8/lib/active_record/connection_adapters/abstract_adapter.rb:168:in `disable_referential_integrity'
    /usr/local/rvm/gems/ruby-1.9.3-p194/gems/activerecord-3.2.8/lib/active_record/fixtures.rb:476:in `create_fixtures'
    /usr/local/rvm/gems/ruby-1.9.3-p194/gems/activerecord-3.2.8/lib/active_record/fixtures.rb:895:in `load_fixtures'
    /usr/local/rvm/gems/ruby-1.9.3-p194/gems/activerecord-3.2.8/lib/active_record/fixtures.rb:849:in `setup_fixtures'
    /usr/local/rvm/gems/ruby-1.9.3-p194/gems/activesupport-3.2.8/lib/active_support/callbacks.rb:429:in `_run__323530952__setup__416802841__callbacks'
    /usr/local/rvm/gems/ruby-1.9.3-p194/gems/activesupport-3.2.8/lib/active_support/callbacks.rb:405:in `__run_callback'
    /usr/local/rvm/gems/ruby-1.9.3-p194/gems/activesupport-3.2.8/lib/active_support/callbacks.rb:385:in `_run_setup_callbacks'
    /usr/local/rvm/gems/ruby-1.9.3-p194/gems/activesupport-3.2.8/lib/active_support/callbacks.rb:81:in `run_callbacks'
    /usr/local/rvm/gems/ruby-1.9.3-p194/gems/activesupport-3.2.8/lib/active_support/testing/setup_and_teardown.rb:35:in `run'

  3) Error:
test_should_get_edit(MicropostsControllerTest):
ActiveRecord::StatementInvalid: Could not find table 'users'
    /usr/local/rvm/gems/ruby-1.9.3-p194/gems/activerecord-3.2.8/lib/active_record/connection_adapters/sqlite_adapter.rb:472:in `table_structure'
    /usr/local/rvm/gems/ruby-1.9.3-p194/gems/activerecord-3.2.8/lib/active_record/connection_adapters/sqlite_adapter.rb:346:in `columns'
    /usr/local/rvm/gems/ruby-1.9.3-p194/gems/activerecord-3.2.8/lib/active_record/fixtures.rb:660:in `column_names'
    /usr/local/rvm/gems/ruby-1.9.3-p194/gems/activerecord-3.2.8/lib/active_record/fixtures.rb:652:in `timestamp_column_names'
    /usr/local/rvm/gems/ruby-1.9.3-p194/gems/activerecord-3.2.8/lib/active_record/fixtures.rb:585:in `block in table_rows'
    /usr/local/rvm/gems/ruby-1.9.3-p194/gems/activerecord-3.2.8/lib/active_record/fixtures.rb:579:in `each'
    /usr/local/rvm/gems/ruby-1.9.3-p194/gems/activerecord-3.2.8/lib/active_record/fixtures.rb:579:in `map'
    /usr/local/rvm/gems/ruby-1.9.3-p194/gems/activerecord-3.2.8/lib/active_record/fixtures.rb:579:in `table_rows'
    /usr/local/rvm/gems/ruby-1.9.3-p194/gems/activerecord-3.2.8/lib/active_record/fixtures.rb:494:in `block (3 levels) in create_fixtures'
    /usr/local/rvm/gems/ruby-1.9.3-p194/gems/activerecord-3.2.8/lib/active_record/fixtures.rb:492:in `each'
    /usr/local/rvm/gems/ruby-1.9.3-p194/gems/activerecord-3.2.8/lib/active_record/fixtures.rb:492:in `block (2 levels) in create_fixtures'
    /usr/local/rvm/gems/ruby-1.9.3-p194/gems/activerecord-3.2.8/lib/active_record/connection_adapters/abstract/database_statements.rb:192:in `transaction'
    /usr/local/rvm/gems/ruby-1.9.3-p194/gems/activerecord-3.2.8/lib/active_record/fixtures.rb:491:in `block in create_fixtures'
    /usr/local/rvm/gems/ruby-1.9.3-p194/gems/activerecord-3.2.8/lib/active_record/connection_adapters/abstract_adapter.rb:168:in `disable_referential_integrity'
    /usr/local/rvm/gems/ruby-1.9.3-p194/gems/activerecord-3.2.8/lib/active_record/fixtures.rb:476:in `create_fixtures'
    /usr/local/rvm/gems/ruby-1.9.3-p194/gems/activerecord-3.2.8/lib/active_record/fixtures.rb:895:in `load_fixtures'
    /usr/local/rvm/gems/ruby-1.9.3-p194/gems/activerecord-3.2.8/lib/active_record/fixtures.rb:849:in `setup_fixtures'
    /usr/local/rvm/gems/ruby-1.9.3-p194/gems/activesupport-3.2.8/lib/active_support/callbacks.rb:429:in `_run__323530952__setup__416802841__callbacks'
    /usr/local/rvm/gems/ruby-1.9.3-p194/gems/activesupport-3.2.8/lib/active_support/callbacks.rb:405:in `__run_callback'
    /usr/local/rvm/gems/ruby-1.9.3-p194/gems/activesupport-3.2.8/lib/active_support/callbacks.rb:385:in `_run_setup_callbacks'
    /usr/local/rvm/gems/ruby-1.9.3-p194/gems/activesupport-3.2.8/lib/active_support/callbacks.rb:81:in `run_callbacks'
    /usr/local/rvm/gems/ruby-1.9.3-p194/gems/activesupport-3.2.8/lib/active_support/testing/setup_and_teardown.rb:35:in `run'

  4) Error:
test_should_get_index(MicropostsControllerTest):
ActiveRecord::StatementInvalid: Could not find table 'users'
    /usr/local/rvm/gems/ruby-1.9.3-p194/gems/activerecord-3.2.8/lib/active_record/connection_adapters/sqlite_adapter.rb:472:in `table_structure'
    /usr/local/rvm/gems/ruby-1.9.3-p194/gems/activerecord-3.2.8/lib/active_record/connection_adapters/sqlite_adapter.rb:346:in `columns'
    /usr/local/rvm/gems/ruby-1.9.3-p194/gems/activerecord-3.2.8/lib/active_record/fixtures.rb:660:in `column_names'
    /usr/local/rvm/gems/ruby-1.9.3-p194/gems/activerecord-3.2.8/lib/active_record/fixtures.rb:652:in `timestamp_column_names'
    /usr/local/rvm/gems/ruby-1.9.3-p194/gems/activerecord-3.2.8/lib/active_record/fixtures.rb:585:in `block in table_rows'
    /usr/local/rvm/gems/ruby-1.9.3-p194/gems/activerecord-3.2.8/lib/active_record/fixtures.rb:579:in `each'
    /usr/local/rvm/gems/ruby-1.9.3-p194/gems/activerecord-3.2.8/lib/active_record/fixtures.rb:579:in `map'
    /usr/local/rvm/gems/ruby-1.9.3-p194/gems/activerecord-3.2.8/lib/active_record/fixtures.rb:579:in `table_rows'
    /usr/local/rvm/gems/ruby-1.9.3-p194/gems/activerecord-3.2.8/lib/active_record/fixtures.rb:494:in `block (3 levels) in create_fixtures'
    /usr/local/rvm/gems/ruby-1.9.3-p194/gems/activerecord-3.2.8/lib/active_record/fixtures.rb:492:in `each'
    /usr/local/rvm/gems/ruby-1.9.3-p194/gems/activerecord-3.2.8/lib/active_record/fixtures.rb:492:in `block (2 levels) in create_fixtures'
    /usr/local/rvm/gems/ruby-1.9.3-p194/gems/activerecord-3.2.8/lib/active_record/connection_adapters/abstract/database_statements.rb:192:in `transaction'
    /usr/local/rvm/gems/ruby-1.9.3-p194/gems/activerecord-3.2.8/lib/active_record/fixtures.rb:491:in `block in create_fixtures'
    /usr/local/rvm/gems/ruby-1.9.3-p194/gems/activerecord-3.2.8/lib/active_record/connection_adapters/abstract_adapter.rb:168:in `disable_referential_integrity'
    /usr/local/rvm/gems/ruby-1.9.3-p194/gems/activerecord-3.2.8/lib/active_record/fixtures.rb:476:in `create_fixtures'
    /usr/local/rvm/gems/ruby-1.9.3-p194/gems/activerecord-3.2.8/lib/active_record/fixtures.rb:895:in `load_fixtures'
    /usr/local/rvm/gems/ruby-1.9.3-p194/gems/activerecord-3.2.8/lib/active_record/fixtures.rb:849:in `setup_fixtures'
    /usr/local/rvm/gems/ruby-1.9.3-p194/gems/activesupport-3.2.8/lib/active_support/callbacks.rb:429:in `_run__323530952__setup__416802841__callbacks'
    /usr/local/rvm/gems/ruby-1.9.3-p194/gems/activesupport-3.2.8/lib/active_support/callbacks.rb:405:in `__run_callback'
    /usr/local/rvm/gems/ruby-1.9.3-p194/gems/activesupport-3.2.8/lib/active_support/callbacks.rb:385:in `_run_setup_callbacks'
    /usr/local/rvm/gems/ruby-1.9.3-p194/gems/activesupport-3.2.8/lib/active_support/callbacks.rb:81:in `run_callbacks'
    /usr/local/rvm/gems/ruby-1.9.3-p194/gems/activesupport-3.2.8/lib/active_support/testing/setup_and_teardown.rb:35:in `run'

  5) Error:
test_should_get_new(MicropostsControllerTest):
ActiveRecord::StatementInvalid: Could not find table 'users'
    /usr/local/rvm/gems/ruby-1.9.3-p194/gems/activerecord-3.2.8/lib/active_record/connection_adapters/sqlite_adapter.rb:472:in `table_structure'
    /usr/local/rvm/gems/ruby-1.9.3-p194/gems/activerecord-3.2.8/lib/active_record/connection_adapters/sqlite_adapter.rb:346:in `columns'
    /usr/local/rvm/gems/ruby-1.9.3-p194/gems/activerecord-3.2.8/lib/active_record/fixtures.rb:660:in `column_names'
    /usr/local/rvm/gems/ruby-1.9.3-p194/gems/activerecord-3.2.8/lib/active_record/fixtures.rb:652:in `timestamp_column_names'
    /usr/local/rvm/gems/ruby-1.9.3-p194/gems/activerecord-3.2.8/lib/active_record/fixtures.rb:585:in `block in table_rows'
    /usr/local/rvm/gems/ruby-1.9.3-p194/gems/activerecord-3.2.8/lib/active_record/fixtures.rb:579:in `each'
    /usr/local/rvm/gems/ruby-1.9.3-p194/gems/activerecord-3.2.8/lib/active_record/fixtures.rb:579:in `map'
    /usr/local/rvm/gems/ruby-1.9.3-p194/gems/activerecord-3.2.8/lib/active_record/fixtures.rb:579:in `table_rows'
    /usr/local/rvm/gems/ruby-1.9.3-p194/gems/activerecord-3.2.8/lib/active_record/fixtures.rb:494:in `block (3 levels) in create_fixtures'
    /usr/local/rvm/gems/ruby-1.9.3-p194/gems/activerecord-3.2.8/lib/active_record/fixtures.rb:492:in `each'
    /usr/local/rvm/gems/ruby-1.9.3-p194/gems/activerecord-3.2.8/lib/active_record/fixtures.rb:492:in `block (2 levels) in create_fixtures'
    /usr/local/rvm/gems/ruby-1.9.3-p194/gems/activerecord-3.2.8/lib/active_record/connection_adapters/abstract/database_statements.rb:192:in `transaction'
    /usr/local/rvm/gems/ruby-1.9.3-p194/gems/activerecord-3.2.8/lib/active_record/fixtures.rb:491:in `block in create_fixtures'
    /usr/local/rvm/gems/ruby-1.9.3-p194/gems/activerecord-3.2.8/lib/active_record/connection_adapters/abstract_adapter.rb:168:in `disable_referential_integrity'
    /usr/local/rvm/gems/ruby-1.9.3-p194/gems/activerecord-3.2.8/lib/active_record/fixtures.rb:476:in `create_fixtures'
    /usr/local/rvm/gems/ruby-1.9.3-p194/gems/activerecord-3.2.8/lib/active_record/fixtures.rb:895:in `load_fixtures'
    /usr/local/rvm/gems/ruby-1.9.3-p194/gems/activerecord-3.2.8/lib/active_record/fixtures.rb:849:in `setup_fixtures'
    /usr/local/rvm/gems/ruby-1.9.3-p194/gems/activesupport-3.2.8/lib/active_support/callbacks.rb:429:in `_run__323530952__setup__416802841__callbacks'
    /usr/local/rvm/gems/ruby-1.9.3-p194/gems/activesupport-3.2.8/lib/active_support/callbacks.rb:405:in `__run_callback'
    /usr/local/rvm/gems/ruby-1.9.3-p194/gems/activesupport-3.2.8/lib/active_support/callbacks.rb:385:in `_run_setup_callbacks'
    /usr/local/rvm/gems/ruby-1.9.3-p194/gems/activesupport-3.2.8/lib/active_support/callbacks.rb:81:in `run_callbacks'
    /usr/local/rvm/gems/ruby-1.9.3-p194/gems/activesupport-3.2.8/lib/active_support/testing/setup_and_teardown.rb:35:in `run'

  6) Error:
test_should_show_micropost(MicropostsControllerTest):
ActiveRecord::StatementInvalid: Could not find table 'users'
    /usr/local/rvm/gems/ruby-1.9.3-p194/gems/activerecord-3.2.8/lib/active_record/connection_adapters/sqlite_adapter.rb:472:in `table_structure'
    /usr/local/rvm/gems/ruby-1.9.3-p194/gems/activerecord-3.2.8/lib/active_record/connection_adapters/sqlite_adapter.rb:346:in `columns'
    /usr/local/rvm/gems/ruby-1.9.3-p194/gems/activerecord-3.2.8/lib/active_record/fixtures.rb:660:in `column_names'
    /usr/local/rvm/gems/ruby-1.9.3-p194/gems/activerecord-3.2.8/lib/active_record/fixtures.rb:652:in `timestamp_column_names'
    /usr/local/rvm/gems/ruby-1.9.3-p194/gems/activerecord-3.2.8/lib/active_record/fixtures.rb:585:in `block in table_rows'
    /usr/local/rvm/gems/ruby-1.9.3-p194/gems/activerecord-3.2.8/lib/active_record/fixtures.rb:579:in `each'
    /usr/local/rvm/gems/ruby-1.9.3-p194/gems/activerecord-3.2.8/lib/active_record/fixtures.rb:579:in `map'
    /usr/local/rvm/gems/ruby-1.9.3-p194/gems/activerecord-3.2.8/lib/active_record/fixtures.rb:579:in `table_rows'
    /usr/local/rvm/gems/ruby-1.9.3-p194/gems/activerecord-3.2.8/lib/active_record/fixtures.rb:494:in `block (3 levels) in create_fixtures'
    /usr/local/rvm/gems/ruby-1.9.3-p194/gems/activerecord-3.2.8/lib/active_record/fixtures.rb:492:in `each'
    /usr/local/rvm/gems/ruby-1.9.3-p194/gems/activerecord-3.2.8/lib/active_record/fixtures.rb:492:in `block (2 levels) in create_fixtures'
    /usr/local/rvm/gems/ruby-1.9.3-p194/gems/activerecord-3.2.8/lib/active_record/connection_adapters/abstract/database_statements.rb:192:in `transaction'
    /usr/local/rvm/gems/ruby-1.9.3-p194/gems/activerecord-3.2.8/lib/active_record/fixtures.rb:491:in `block in create_fixtures'
    /usr/local/rvm/gems/ruby-1.9.3-p194/gems/activerecord-3.2.8/lib/active_record/connection_adapters/abstract_adapter.rb:168:in `disable_referential_integrity'
    /usr/local/rvm/gems/ruby-1.9.3-p194/gems/activerecord-3.2.8/lib/active_record/fixtures.rb:476:in `create_fixtures'
    /usr/local/rvm/gems/ruby-1.9.3-p194/gems/activerecord-3.2.8/lib/active_record/fixtures.rb:895:in `load_fixtures'
    /usr/local/rvm/gems/ruby-1.9.3-p194/gems/activerecord-3.2.8/lib/active_record/fixtures.rb:849:in `setup_fixtures'
    /usr/local/rvm/gems/ruby-1.9.3-p194/gems/activesupport-3.2.8/lib/active_support/callbacks.rb:429:in `_run__323530952__setup__416802841__callbacks'
    /usr/local/rvm/gems/ruby-1.9.3-p194/gems/activesupport-3.2.8/lib/active_support/callbacks.rb:405:in `__run_callback'
    /usr/local/rvm/gems/ruby-1.9.3-p194/gems/activesupport-3.2.8/lib/active_support/callbacks.rb:385:in `_run_setup_callbacks'
    /usr/local/rvm/gems/ruby-1.9.3-p194/gems/activesupport-3.2.8/lib/active_support/callbacks.rb:81:in `run_callbacks'
    /usr/local/rvm/gems/ruby-1.9.3-p194/gems/activesupport-3.2.8/lib/active_support/testing/setup_and_teardown.rb:35:in `run'

  7) Error:
test_should_update_micropost(MicropostsControllerTest):
ActiveRecord::StatementInvalid: Could not find table 'users'
    /usr/local/rvm/gems/ruby-1.9.3-p194/gems/activerecord-3.2.8/lib/active_record/connection_adapters/sqlite_adapter.rb:472:in `table_structure'
    /usr/local/rvm/gems/ruby-1.9.3-p194/gems/activerecord-3.2.8/lib/active_record/connection_adapters/sqlite_adapter.rb:346:in `columns'
    /usr/local/rvm/gems/ruby-1.9.3-p194/gems/activerecord-3.2.8/lib/active_record/fixtures.rb:660:in `column_names'
    /usr/local/rvm/gems/ruby-1.9.3-p194/gems/activerecord-3.2.8/lib/active_record/fixtures.rb:652:in `timestamp_column_names'
    /usr/local/rvm/gems/ruby-1.9.3-p194/gems/activerecord-3.2.8/lib/active_record/fixtures.rb:585:in `block in table_rows'
    /usr/local/rvm/gems/ruby-1.9.3-p194/gems/activerecord-3.2.8/lib/active_record/fixtures.rb:579:in `each'
    /usr/local/rvm/gems/ruby-1.9.3-p194/gems/activerecord-3.2.8/lib/active_record/fixtures.rb:579:in `map'
    /usr/local/rvm/gems/ruby-1.9.3-p194/gems/activerecord-3.2.8/lib/active_record/fixtures.rb:579:in `table_rows'
    /usr/local/rvm/gems/ruby-1.9.3-p194/gems/activerecord-3.2.8/lib/active_record/fixtures.rb:494:in `block (3 levels) in create_fixtures'
    /usr/local/rvm/gems/ruby-1.9.3-p194/gems/activerecord-3.2.8/lib/active_record/fixtures.rb:492:in `each'
    /usr/local/rvm/gems/ruby-1.9.3-p194/gems/activerecord-3.2.8/lib/active_record/fixtures.rb:492:in `block (2 levels) in create_fixtures'
    /usr/local/rvm/gems/ruby-1.9.3-p194/gems/activerecord-3.2.8/lib/active_record/connection_adapters/abstract/database_statements.rb:192:in `transaction'
    /usr/local/rvm/gems/ruby-1.9.3-p194/gems/activerecord-3.2.8/lib/active_record/fixtures.rb:491:in `block in create_fixtures'
    /usr/local/rvm/gems/ruby-1.9.3-p194/gems/activerecord-3.2.8/lib/active_record/connection_adapters/abstract_adapter.rb:168:in `disable_referential_integrity'
    /usr/local/rvm/gems/ruby-1.9.3-p194/gems/activerecord-3.2.8/lib/active_record/fixtures.rb:476:in `create_fixtures'
    /usr/local/rvm/gems/ruby-1.9.3-p194/gems/activerecord-3.2.8/lib/active_record/fixtures.rb:895:in `load_fixtures'
    /usr/local/rvm/gems/ruby-1.9.3-p194/gems/activerecord-3.2.8/lib/active_record/fixtures.rb:849:in `setup_fixtures'
    /usr/local/rvm/gems/ruby-1.9.3-p194/gems/activesupport-3.2.8/lib/active_support/callbacks.rb:429:in `_run__323530952__setup__416802841__callbacks'
    /usr/local/rvm/gems/ruby-1.9.3-p194/gems/activesupport-3.2.8/lib/active_support/callbacks.rb:405:in `__run_callback'
    /usr/local/rvm/gems/ruby-1.9.3-p194/gems/activesupport-3.2.8/lib/active_support/callbacks.rb:385:in `_run_setup_callbacks'
    /usr/local/rvm/gems/ruby-1.9.3-p194/gems/activesupport-3.2.8/lib/active_support/callbacks.rb:81:in `run_callbacks'
    /usr/local/rvm/gems/ruby-1.9.3-p194/gems/activesupport-3.2.8/lib/active_support/testing/setup_and_teardown.rb:35:in `run'

7 tests, 0 assertions, 0 failures, 7 errors, 0 skips
Run options: -n "/^(test_should_create_user|test_should_destroy_user|test_should_get_edit|test_should_get_index|test_should_get_new|test_should_show_user|test_should_update_user)$/"

# Running tests:

EEEEEEE

Finished tests in 0.096306s, 72.6851 tests/s, 0.0000 assertions/s.

  1) Error:
test_should_create_user(UsersControllerTest):
ActiveRecord::StatementInvalid: Could not find table 'users'
    /usr/local/rvm/gems/ruby-1.9.3-p194/gems/activerecord-3.2.8/lib/active_record/connection_adapters/sqlite_adapter.rb:472:in `table_structure'
    /usr/local/rvm/gems/ruby-1.9.3-p194/gems/activerecord-3.2.8/lib/active_record/connection_adapters/sqlite_adapter.rb:346:in `columns'
    /usr/local/rvm/gems/ruby-1.9.3-p194/gems/activerecord-3.2.8/lib/active_record/fixtures.rb:660:in `column_names'
    /usr/local/rvm/gems/ruby-1.9.3-p194/gems/activerecord-3.2.8/lib/active_record/fixtures.rb:652:in `timestamp_column_names'
    /usr/local/rvm/gems/ruby-1.9.3-p194/gems/activerecord-3.2.8/lib/active_record/fixtures.rb:585:in `block in table_rows'
    /usr/local/rvm/gems/ruby-1.9.3-p194/gems/activerecord-3.2.8/lib/active_record/fixtures.rb:579:in `each'
    /usr/local/rvm/gems/ruby-1.9.3-p194/gems/activerecord-3.2.8/lib/active_record/fixtures.rb:579:in `map'
    /usr/local/rvm/gems/ruby-1.9.3-p194/gems/activerecord-3.2.8/lib/active_record/fixtures.rb:579:in `table_rows'
    /usr/local/rvm/gems/ruby-1.9.3-p194/gems/activerecord-3.2.8/lib/active_record/fixtures.rb:494:in `block (3 levels) in create_fixtures'
    /usr/local/rvm/gems/ruby-1.9.3-p194/gems/activerecord-3.2.8/lib/active_record/fixtures.rb:492:in `each'
    /usr/local/rvm/gems/ruby-1.9.3-p194/gems/activerecord-3.2.8/lib/active_record/fixtures.rb:492:in `block (2 levels) in create_fixtures'
    /usr/local/rvm/gems/ruby-1.9.3-p194/gems/activerecord-3.2.8/lib/active_record/connection_adapters/abstract/database_statements.rb:192:in `transaction'
    /usr/local/rvm/gems/ruby-1.9.3-p194/gems/activerecord-3.2.8/lib/active_record/fixtures.rb:491:in `block in create_fixtures'
    /usr/local/rvm/gems/ruby-1.9.3-p194/gems/activerecord-3.2.8/lib/active_record/connection_adapters/abstract_adapter.rb:168:in `disable_referential_integrity'
    /usr/local/rvm/gems/ruby-1.9.3-p194/gems/activerecord-3.2.8/lib/active_record/fixtures.rb:476:in `create_fixtures'
    /usr/local/rvm/gems/ruby-1.9.3-p194/gems/activerecord-3.2.8/lib/active_record/fixtures.rb:895:in `load_fixtures'
    /usr/local/rvm/gems/ruby-1.9.3-p194/gems/activerecord-3.2.8/lib/active_record/fixtures.rb:849:in `setup_fixtures'
    /usr/local/rvm/gems/ruby-1.9.3-p194/gems/activesupport-3.2.8/lib/active_support/callbacks.rb:429:in `_run__639161653__setup__745495986__callbacks'
    /usr/local/rvm/gems/ruby-1.9.3-p194/gems/activesupport-3.2.8/lib/active_support/callbacks.rb:405:in `__run_callback'
    /usr/local/rvm/gems/ruby-1.9.3-p194/gems/activesupport-3.2.8/lib/active_support/callbacks.rb:385:in `_run_setup_callbacks'
    /usr/local/rvm/gems/ruby-1.9.3-p194/gems/activesupport-3.2.8/lib/active_support/callbacks.rb:81:in `run_callbacks'
    /usr/local/rvm/gems/ruby-1.9.3-p194/gems/activesupport-3.2.8/lib/active_support/testing/setup_and_teardown.rb:35:in `run'

  2) Error:
test_should_destroy_user(UsersControllerTest):
ActiveRecord::StatementInvalid: Could not find table 'users'
    /usr/local/rvm/gems/ruby-1.9.3-p194/gems/activerecord-3.2.8/lib/active_record/connection_adapters/sqlite_adapter.rb:472:in `table_structure'
    /usr/local/rvm/gems/ruby-1.9.3-p194/gems/activerecord-3.2.8/lib/active_record/connection_adapters/sqlite_adapter.rb:346:in `columns'
    /usr/local/rvm/gems/ruby-1.9.3-p194/gems/activerecord-3.2.8/lib/active_record/fixtures.rb:660:in `column_names'
    /usr/local/rvm/gems/ruby-1.9.3-p194/gems/activerecord-3.2.8/lib/active_record/fixtures.rb:652:in `timestamp_column_names'
    /usr/local/rvm/gems/ruby-1.9.3-p194/gems/activerecord-3.2.8/lib/active_record/fixtures.rb:585:in `block in table_rows'
    /usr/local/rvm/gems/ruby-1.9.3-p194/gems/activerecord-3.2.8/lib/active_record/fixtures.rb:579:in `each'
    /usr/local/rvm/gems/ruby-1.9.3-p194/gems/activerecord-3.2.8/lib/active_record/fixtures.rb:579:in `map'
    /usr/local/rvm/gems/ruby-1.9.3-p194/gems/activerecord-3.2.8/lib/active_record/fixtures.rb:579:in `table_rows'
    /usr/local/rvm/gems/ruby-1.9.3-p194/gems/activerecord-3.2.8/lib/active_record/fixtures.rb:494:in `block (3 levels) in create_fixtures'
    /usr/local/rvm/gems/ruby-1.9.3-p194/gems/activerecord-3.2.8/lib/active_record/fixtures.rb:492:in `each'
    /usr/local/rvm/gems/ruby-1.9.3-p194/gems/activerecord-3.2.8/lib/active_record/fixtures.rb:492:in `block (2 levels) in create_fixtures'
    /usr/local/rvm/gems/ruby-1.9.3-p194/gems/activerecord-3.2.8/lib/active_record/connection_adapters/abstract/database_statements.rb:192:in `transaction'
    /usr/local/rvm/gems/ruby-1.9.3-p194/gems/activerecord-3.2.8/lib/active_record/fixtures.rb:491:in `block in create_fixtures'
    /usr/local/rvm/gems/ruby-1.9.3-p194/gems/activerecord-3.2.8/lib/active_record/connection_adapters/abstract_adapter.rb:168:in `disable_referential_integrity'
    /usr/local/rvm/gems/ruby-1.9.3-p194/gems/activerecord-3.2.8/lib/active_record/fixtures.rb:476:in `create_fixtures'
    /usr/local/rvm/gems/ruby-1.9.3-p194/gems/activerecord-3.2.8/lib/active_record/fixtures.rb:895:in `load_fixtures'
    /usr/local/rvm/gems/ruby-1.9.3-p194/gems/activerecord-3.2.8/lib/active_record/fixtures.rb:849:in `setup_fixtures'
    /usr/local/rvm/gems/ruby-1.9.3-p194/gems/activesupport-3.2.8/lib/active_support/callbacks.rb:429:in `_run__639161653__setup__745495986__callbacks'
    /usr/local/rvm/gems/ruby-1.9.3-p194/gems/activesupport-3.2.8/lib/active_support/callbacks.rb:405:in `__run_callback'
    /usr/local/rvm/gems/ruby-1.9.3-p194/gems/activesupport-3.2.8/lib/active_support/callbacks.rb:385:in `_run_setup_callbacks'
    /usr/local/rvm/gems/ruby-1.9.3-p194/gems/activesupport-3.2.8/lib/active_support/callbacks.rb:81:in `run_callbacks'
    /usr/local/rvm/gems/ruby-1.9.3-p194/gems/activesupport-3.2.8/lib/active_support/testing/setup_and_teardown.rb:35:in `run'

  3) Error:
test_should_get_edit(UsersControllerTest):
ActiveRecord::StatementInvalid: Could not find table 'users'
    /usr/local/rvm/gems/ruby-1.9.3-p194/gems/activerecord-3.2.8/lib/active_record/connection_adapters/sqlite_adapter.rb:472:in `table_structure'
    /usr/local/rvm/gems/ruby-1.9.3-p194/gems/activerecord-3.2.8/lib/active_record/connection_adapters/sqlite_adapter.rb:346:in `columns'
    /usr/local/rvm/gems/ruby-1.9.3-p194/gems/activerecord-3.2.8/lib/active_record/fixtures.rb:660:in `column_names'
    /usr/local/rvm/gems/ruby-1.9.3-p194/gems/activerecord-3.2.8/lib/active_record/fixtures.rb:652:in `timestamp_column_names'
    /usr/local/rvm/gems/ruby-1.9.3-p194/gems/activerecord-3.2.8/lib/active_record/fixtures.rb:585:in `block in table_rows'
    /usr/local/rvm/gems/ruby-1.9.3-p194/gems/activerecord-3.2.8/lib/active_record/fixtures.rb:579:in `each'
    /usr/local/rvm/gems/ruby-1.9.3-p194/gems/activerecord-3.2.8/lib/active_record/fixtures.rb:579:in `map'
    /usr/local/rvm/gems/ruby-1.9.3-p194/gems/activerecord-3.2.8/lib/active_record/fixtures.rb:579:in `table_rows'
    /usr/local/rvm/gems/ruby-1.9.3-p194/gems/activerecord-3.2.8/lib/active_record/fixtures.rb:494:in `block (3 levels) in create_fixtures'
    /usr/local/rvm/gems/ruby-1.9.3-p194/gems/activerecord-3.2.8/lib/active_record/fixtures.rb:492:in `each'
    /usr/local/rvm/gems/ruby-1.9.3-p194/gems/activerecord-3.2.8/lib/active_record/fixtures.rb:492:in `block (2 levels) in create_fixtures'
    /usr/local/rvm/gems/ruby-1.9.3-p194/gems/activerecord-3.2.8/lib/active_record/connection_adapters/abstract/database_statements.rb:192:in `transaction'
    /usr/local/rvm/gems/ruby-1.9.3-p194/gems/activerecord-3.2.8/lib/active_record/fixtures.rb:491:in `block in create_fixtures'
    /usr/local/rvm/gems/ruby-1.9.3-p194/gems/activerecord-3.2.8/lib/active_record/connection_adapters/abstract_adapter.rb:168:in `disable_referential_integrity'
    /usr/local/rvm/gems/ruby-1.9.3-p194/gems/activerecord-3.2.8/lib/active_record/fixtures.rb:476:in `create_fixtures'
    /usr/local/rvm/gems/ruby-1.9.3-p194/gems/activerecord-3.2.8/lib/active_record/fixtures.rb:895:in `load_fixtures'
    /usr/local/rvm/gems/ruby-1.9.3-p194/gems/activerecord-3.2.8/lib/active_record/fixtures.rb:849:in `setup_fixtures'
    /usr/local/rvm/gems/ruby-1.9.3-p194/gems/activesupport-3.2.8/lib/active_support/callbacks.rb:429:in `_run__639161653__setup__745495986__callbacks'
    /usr/local/rvm/gems/ruby-1.9.3-p194/gems/activesupport-3.2.8/lib/active_support/callbacks.rb:405:in `__run_callback'
    /usr/local/rvm/gems/ruby-1.9.3-p194/gems/activesupport-3.2.8/lib/active_support/callbacks.rb:385:in `_run_setup_callbacks'
    /usr/local/rvm/gems/ruby-1.9.3-p194/gems/activesupport-3.2.8/lib/active_support/callbacks.rb:81:in `run_callbacks'
    /usr/local/rvm/gems/ruby-1.9.3-p194/gems/activesupport-3.2.8/lib/active_support/testing/setup_and_teardown.rb:35:in `run'

  4) Error:
test_should_get_index(UsersControllerTest):
ActiveRecord::StatementInvalid: Could not find table 'users'
    /usr/local/rvm/gems/ruby-1.9.3-p194/gems/activerecord-3.2.8/lib/active_record/connection_adapters/sqlite_adapter.rb:472:in `table_structure'
    /usr/local/rvm/gems/ruby-1.9.3-p194/gems/activerecord-3.2.8/lib/active_record/connection_adapters/sqlite_adapter.rb:346:in `columns'
    /usr/local/rvm/gems/ruby-1.9.3-p194/gems/activerecord-3.2.8/lib/active_record/fixtures.rb:660:in `column_names'
    /usr/local/rvm/gems/ruby-1.9.3-p194/gems/activerecord-3.2.8/lib/active_record/fixtures.rb:652:in `timestamp_column_names'
    /usr/local/rvm/gems/ruby-1.9.3-p194/gems/activerecord-3.2.8/lib/active_record/fixtures.rb:585:in `block in table_rows'
    /usr/local/rvm/gems/ruby-1.9.3-p194/gems/activerecord-3.2.8/lib/active_record/fixtures.rb:579:in `each'
    /usr/local/rvm/gems/ruby-1.9.3-p194/gems/activerecord-3.2.8/lib/active_record/fixtures.rb:579:in `map'
    /usr/local/rvm/gems/ruby-1.9.3-p194/gems/activerecord-3.2.8/lib/active_record/fixtures.rb:579:in `table_rows'
    /usr/local/rvm/gems/ruby-1.9.3-p194/gems/activerecord-3.2.8/lib/active_record/fixtures.rb:494:in `block (3 levels) in create_fixtures'
    /usr/local/rvm/gems/ruby-1.9.3-p194/gems/activerecord-3.2.8/lib/active_record/fixtures.rb:492:in `each'
    /usr/local/rvm/gems/ruby-1.9.3-p194/gems/activerecord-3.2.8/lib/active_record/fixtures.rb:492:in `block (2 levels) in create_fixtures'
    /usr/local/rvm/gems/ruby-1.9.3-p194/gems/activerecord-3.2.8/lib/active_record/connection_adapters/abstract/database_statements.rb:192:in `transaction'
    /usr/local/rvm/gems/ruby-1.9.3-p194/gems/activerecord-3.2.8/lib/active_record/fixtures.rb:491:in `block in create_fixtures'
    /usr/local/rvm/gems/ruby-1.9.3-p194/gems/activerecord-3.2.8/lib/active_record/connection_adapters/abstract_adapter.rb:168:in `disable_referential_integrity'
    /usr/local/rvm/gems/ruby-1.9.3-p194/gems/activerecord-3.2.8/lib/active_record/fixtures.rb:476:in `create_fixtures'
    /usr/local/rvm/gems/ruby-1.9.3-p194/gems/activerecord-3.2.8/lib/active_record/fixtures.rb:895:in `load_fixtures'
    /usr/local/rvm/gems/ruby-1.9.3-p194/gems/activerecord-3.2.8/lib/active_record/fixtures.rb:849:in `setup_fixtures'
    /usr/local/rvm/gems/ruby-1.9.3-p194/gems/activesupport-3.2.8/lib/active_support/callbacks.rb:429:in `_run__639161653__setup__745495986__callbacks'
    /usr/local/rvm/gems/ruby-1.9.3-p194/gems/activesupport-3.2.8/lib/active_support/callbacks.rb:405:in `__run_callback'
    /usr/local/rvm/gems/ruby-1.9.3-p194/gems/activesupport-3.2.8/lib/active_support/callbacks.rb:385:in `_run_setup_callbacks'
    /usr/local/rvm/gems/ruby-1.9.3-p194/gems/activesupport-3.2.8/lib/active_support/callbacks.rb:81:in `run_callbacks'
    /usr/local/rvm/gems/ruby-1.9.3-p194/gems/activesupport-3.2.8/lib/active_support/testing/setup_and_teardown.rb:35:in `run'

  5) Error:
test_should_get_new(UsersControllerTest):
ActiveRecord::StatementInvalid: Could not find table 'users'
    /usr/local/rvm/gems/ruby-1.9.3-p194/gems/activerecord-3.2.8/lib/active_record/connection_adapters/sqlite_adapter.rb:472:in `table_structure'
    /usr/local/rvm/gems/ruby-1.9.3-p194/gems/activerecord-3.2.8/lib/active_record/connection_adapters/sqlite_adapter.rb:346:in `columns'
    /usr/local/rvm/gems/ruby-1.9.3-p194/gems/activerecord-3.2.8/lib/active_record/fixtures.rb:660:in `column_names'
    /usr/local/rvm/gems/ruby-1.9.3-p194/gems/activerecord-3.2.8/lib/active_record/fixtures.rb:652:in `timestamp_column_names'
    /usr/local/rvm/gems/ruby-1.9.3-p194/gems/activerecord-3.2.8/lib/active_record/fixtures.rb:585:in `block in table_rows'
    /usr/local/rvm/gems/ruby-1.9.3-p194/gems/activerecord-3.2.8/lib/active_record/fixtures.rb:579:in `each'
    /usr/local/rvm/gems/ruby-1.9.3-p194/gems/activerecord-3.2.8/lib/active_record/fixtures.rb:579:in `map'
    /usr/local/rvm/gems/ruby-1.9.3-p194/gems/activerecord-3.2.8/lib/active_record/fixtures.rb:579:in `table_rows'
    /usr/local/rvm/gems/ruby-1.9.3-p194/gems/activerecord-3.2.8/lib/active_record/fixtures.rb:494:in `block (3 levels) in create_fixtures'
    /usr/local/rvm/gems/ruby-1.9.3-p194/gems/activerecord-3.2.8/lib/active_record/fixtures.rb:492:in `each'
    /usr/local/rvm/gems/ruby-1.9.3-p194/gems/activerecord-3.2.8/lib/active_record/fixtures.rb:492:in `block (2 levels) in create_fixtures'
    /usr/local/rvm/gems/ruby-1.9.3-p194/gems/activerecord-3.2.8/lib/active_record/connection_adapters/abstract/database_statements.rb:192:in `transaction'
    /usr/local/rvm/gems/ruby-1.9.3-p194/gems/activerecord-3.2.8/lib/active_record/fixtures.rb:491:in `block in create_fixtures'
    /usr/local/rvm/gems/ruby-1.9.3-p194/gems/activerecord-3.2.8/lib/active_record/connection_adapters/abstract_adapter.rb:168:in `disable_referential_integrity'
    /usr/local/rvm/gems/ruby-1.9.3-p194/gems/activerecord-3.2.8/lib/active_record/fixtures.rb:476:in `create_fixtures'
    /usr/local/rvm/gems/ruby-1.9.3-p194/gems/activerecord-3.2.8/lib/active_record/fixtures.rb:895:in `load_fixtures'
    /usr/local/rvm/gems/ruby-1.9.3-p194/gems/activerecord-3.2.8/lib/active_record/fixtures.rb:849:in `setup_fixtures'
    /usr/local/rvm/gems/ruby-1.9.3-p194/gems/activesupport-3.2.8/lib/active_support/callbacks.rb:429:in `_run__639161653__setup__745495986__callbacks'
    /usr/local/rvm/gems/ruby-1.9.3-p194/gems/activesupport-3.2.8/lib/active_support/callbacks.rb:405:in `__run_callback'
    /usr/local/rvm/gems/ruby-1.9.3-p194/gems/activesupport-3.2.8/lib/active_support/callbacks.rb:385:in `_run_setup_callbacks'
    /usr/local/rvm/gems/ruby-1.9.3-p194/gems/activesupport-3.2.8/lib/active_support/callbacks.rb:81:in `run_callbacks'
    /usr/local/rvm/gems/ruby-1.9.3-p194/gems/activesupport-3.2.8/lib/active_support/testing/setup_and_teardown.rb:35:in `run'

  6) Error:
test_should_show_user(UsersControllerTest):
ActiveRecord::StatementInvalid: Could not find table 'users'
    /usr/local/rvm/gems/ruby-1.9.3-p194/gems/activerecord-3.2.8/lib/active_record/connection_adapters/sqlite_adapter.rb:472:in `table_structure'
    /usr/local/rvm/gems/ruby-1.9.3-p194/gems/activerecord-3.2.8/lib/active_record/connection_adapters/sqlite_adapter.rb:346:in `columns'
    /usr/local/rvm/gems/ruby-1.9.3-p194/gems/activerecord-3.2.8/lib/active_record/fixtures.rb:660:in `column_names'
    /usr/local/rvm/gems/ruby-1.9.3-p194/gems/activerecord-3.2.8/lib/active_record/fixtures.rb:652:in `timestamp_column_names'
    /usr/local/rvm/gems/ruby-1.9.3-p194/gems/activerecord-3.2.8/lib/active_record/fixtures.rb:585:in `block in table_rows'
    /usr/local/rvm/gems/ruby-1.9.3-p194/gems/activerecord-3.2.8/lib/active_record/fixtures.rb:579:in `each'
    /usr/local/rvm/gems/ruby-1.9.3-p194/gems/activerecord-3.2.8/lib/active_record/fixtures.rb:579:in `map'
    /usr/local/rvm/gems/ruby-1.9.3-p194/gems/activerecord-3.2.8/lib/active_record/fixtures.rb:579:in `table_rows'
    /usr/local/rvm/gems/ruby-1.9.3-p194/gems/activerecord-3.2.8/lib/active_record/fixtures.rb:494:in `block (3 levels) in create_fixtures'
    /usr/local/rvm/gems/ruby-1.9.3-p194/gems/activerecord-3.2.8/lib/active_record/fixtures.rb:492:in `each'
    /usr/local/rvm/gems/ruby-1.9.3-p194/gems/activerecord-3.2.8/lib/active_record/fixtures.rb:492:in `block (2 levels) in create_fixtures'
    /usr/local/rvm/gems/ruby-1.9.3-p194/gems/activerecord-3.2.8/lib/active_record/connection_adapters/abstract/database_statements.rb:192:in `transaction'
    /usr/local/rvm/gems/ruby-1.9.3-p194/gems/activerecord-3.2.8/lib/active_record/fixtures.rb:491:in `block in create_fixtures'
    /usr/local/rvm/gems/ruby-1.9.3-p194/gems/activerecord-3.2.8/lib/active_record/connection_adapters/abstract_adapter.rb:168:in `disable_referential_integrity'
    /usr/local/rvm/gems/ruby-1.9.3-p194/gems/activerecord-3.2.8/lib/active_record/fixtures.rb:476:in `create_fixtures'
    /usr/local/rvm/gems/ruby-1.9.3-p194/gems/activerecord-3.2.8/lib/active_record/fixtures.rb:895:in `load_fixtures'
    /usr/local/rvm/gems/ruby-1.9.3-p194/gems/activerecord-3.2.8/lib/active_record/fixtures.rb:849:in `setup_fixtures'
    /usr/local/rvm/gems/ruby-1.9.3-p194/gems/activesupport-3.2.8/lib/active_support/callbacks.rb:429:in `_run__639161653__setup__745495986__callbacks'
    /usr/local/rvm/gems/ruby-1.9.3-p194/gems/activesupport-3.2.8/lib/active_support/callbacks.rb:405:in `__run_callback'
    /usr/local/rvm/gems/ruby-1.9.3-p194/gems/activesupport-3.2.8/lib/active_support/callbacks.rb:385:in `_run_setup_callbacks'
    /usr/local/rvm/gems/ruby-1.9.3-p194/gems/activesupport-3.2.8/lib/active_support/callbacks.rb:81:in `run_callbacks'
    /usr/local/rvm/gems/ruby-1.9.3-p194/gems/activesupport-3.2.8/lib/active_support/testing/setup_and_teardown.rb:35:in `run'

  7) Error:
test_should_update_user(UsersControllerTest):
ActiveRecord::StatementInvalid: Could not find table 'users'
    /usr/local/rvm/gems/ruby-1.9.3-p194/gems/activerecord-3.2.8/lib/active_record/connection_adapters/sqlite_adapter.rb:472:in `table_structure'
    /usr/local/rvm/gems/ruby-1.9.3-p194/gems/activerecord-3.2.8/lib/active_record/connection_adapters/sqlite_adapter.rb:346:in `columns'
    /usr/local/rvm/gems/ruby-1.9.3-p194/gems/activerecord-3.2.8/lib/active_record/fixtures.rb:660:in `column_names'
    /usr/local/rvm/gems/ruby-1.9.3-p194/gems/activerecord-3.2.8/lib/active_record/fixtures.rb:652:in `timestamp_column_names'
    /usr/local/rvm/gems/ruby-1.9.3-p194/gems/activerecord-3.2.8/lib/active_record/fixtures.rb:585:in `block in table_rows'
    /usr/local/rvm/gems/ruby-1.9.3-p194/gems/activerecord-3.2.8/lib/active_record/fixtures.rb:579:in `each'
    /usr/local/rvm/gems/ruby-1.9.3-p194/gems/activerecord-3.2.8/lib/active_record/fixtures.rb:579:in `map'
    /usr/local/rvm/gems/ruby-1.9.3-p194/gems/activerecord-3.2.8/lib/active_record/fixtures.rb:579:in `table_rows'
    /usr/local/rvm/gems/ruby-1.9.3-p194/gems/activerecord-3.2.8/lib/active_record/fixtures.rb:494:in `block (3 levels) in create_fixtures'
    /usr/local/rvm/gems/ruby-1.9.3-p194/gems/activerecord-3.2.8/lib/active_record/fixtures.rb:492:in `each'
    /usr/local/rvm/gems/ruby-1.9.3-p194/gems/activerecord-3.2.8/lib/active_record/fixtures.rb:492:in `block (2 levels) in create_fixtures'
    /usr/local/rvm/gems/ruby-1.9.3-p194/gems/activerecord-3.2.8/lib/active_record/connection_adapters/abstract/database_statements.rb:192:in `transaction'
    /usr/local/rvm/gems/ruby-1.9.3-p194/gems/activerecord-3.2.8/lib/active_record/fixtures.rb:491:in `block in create_fixtures'
    /usr/local/rvm/gems/ruby-1.9.3-p194/gems/activerecord-3.2.8/lib/active_record/connection_adapters/abstract_adapter.rb:168:in `disable_referential_integrity'
    /usr/local/rvm/gems/ruby-1.9.3-p194/gems/activerecord-3.2.8/lib/active_record/fixtures.rb:476:in `create_fixtures'
    /usr/local/rvm/gems/ruby-1.9.3-p194/gems/activerecord-3.2.8/lib/active_record/fixtures.rb:895:in `load_fixtures'
    /usr/local/rvm/gems/ruby-1.9.3-p194/gems/activerecord-3.2.8/lib/active_record/fixtures.rb:849:in `setup_fixtures'
    /usr/local/rvm/gems/ruby-1.9.3-p194/gems/activesupport-3.2.8/lib/active_support/callbacks.rb:429:in `_run__639161653__setup__745495986__callbacks'
    /usr/local/rvm/gems/ruby-1.9.3-p194/gems/activesupport-3.2.8/lib/active_support/callbacks.rb:405:in `__run_callback'
    /usr/local/rvm/gems/ruby-1.9.3-p194/gems/activesupport-3.2.8/lib/active_support/callbacks.rb:385:in `_run_setup_callbacks'
    /usr/local/rvm/gems/ruby-1.9.3-p194/gems/activesupport-3.2.8/lib/active_support/callbacks.rb:81:in `run_callbacks'
    /usr/local/rvm/gems/ruby-1.9.3-p194/gems/activesupport-3.2.8/lib/active_support/testing/setup_and_teardown.rb:35:in `run'

7 tests, 0 assertions, 0 failures, 7 errors, 0 skips
/usr/local/rvm/rubies/ruby-1.9.3-p194/bin/ruby -I.:lib:test -rubygems test/functional/pages_controller_test.rb -n "/^(test_should_get_contact|test_should_get_home)$/"; /usr/local/rvm/rubies/ruby-1.9.3-p194/bin/ruby -I.:lib:test -rubygems test/functional/users_controller_test.rb -n "/^(test_should_create_user|test_should_destroy_user|test_should_get_edit|test_should_get_index|test_should_get_new|test_should_show_user|test_should_update_user)$/"; /usr/local/rvm/rubies/ruby-1.9.3-p194/bin/ruby -I.:lib:test -rubygems test/functional/microposts_controller_test.rb -n "/^(test_should_create_micropost|test_should_destroy_micropost|test_should_get_edit|test_should_get_index|test_should_get_new|test_should_show_micropost|test_should_update_micropost)$/"
Run options: -n "/^(test_should_get_contact|test_should_get_home)$/"

# Running tests:

EE

Finished tests in 0.046520s, 42.9921 tests/s, 0.0000 assertions/s.

  1) Error:
test_should_get_contact(PagesControllerTest):
ActiveRecord::StatementInvalid: Could not find table 'users'
    /usr/local/rvm/gems/ruby-1.9.3-p194/gems/activerecord-3.2.8/lib/active_record/connection_adapters/sqlite_adapter.rb:472:in `table_structure'
    /usr/local/rvm/gems/ruby-1.9.3-p194/gems/activerecord-3.2.8/lib/active_record/connection_adapters/sqlite_adapter.rb:346:in `columns'
    /usr/local/rvm/gems/ruby-1.9.3-p194/gems/activerecord-3.2.8/lib/active_record/fixtures.rb:660:in `column_names'
    /usr/local/rvm/gems/ruby-1.9.3-p194/gems/activerecord-3.2.8/lib/active_record/fixtures.rb:652:in `timestamp_column_names'
    /usr/local/rvm/gems/ruby-1.9.3-p194/gems/activerecord-3.2.8/lib/active_record/fixtures.rb:585:in `block in table_rows'
    /usr/local/rvm/gems/ruby-1.9.3-p194/gems/activerecord-3.2.8/lib/active_record/fixtures.rb:579:in `each'
    /usr/local/rvm/gems/ruby-1.9.3-p194/gems/activerecord-3.2.8/lib/active_record/fixtures.rb:579:in `map'
    /usr/local/rvm/gems/ruby-1.9.3-p194/gems/activerecord-3.2.8/lib/active_record/fixtures.rb:579:in `table_rows'
    /usr/local/rvm/gems/ruby-1.9.3-p194/gems/activerecord-3.2.8/lib/active_record/fixtures.rb:494:in `block (3 levels) in create_fixtures'
    /usr/local/rvm/gems/ruby-1.9.3-p194/gems/activerecord-3.2.8/lib/active_record/fixtures.rb:492:in `each'
    /usr/local/rvm/gems/ruby-1.9.3-p194/gems/activerecord-3.2.8/lib/active_record/fixtures.rb:492:in `block (2 levels) in create_fixtures'
    /usr/local/rvm/gems/ruby-1.9.3-p194/gems/activerecord-3.2.8/lib/active_record/connection_adapters/abstract/database_statements.rb:192:in `transaction'
    /usr/local/rvm/gems/ruby-1.9.3-p194/gems/activerecord-3.2.8/lib/active_record/fixtures.rb:491:in `block in create_fixtures'
    /usr/local/rvm/gems/ruby-1.9.3-p194/gems/activerecord-3.2.8/lib/active_record/connection_adapters/abstract_adapter.rb:168:in `disable_referential_integrity'
    /usr/local/rvm/gems/ruby-1.9.3-p194/gems/activerecord-3.2.8/lib/active_record/fixtures.rb:476:in `create_fixtures'
    /usr/local/rvm/gems/ruby-1.9.3-p194/gems/activerecord-3.2.8/lib/active_record/fixtures.rb:895:in `load_fixtures'
    /usr/local/rvm/gems/ruby-1.9.3-p194/gems/activerecord-3.2.8/lib/active_record/fixtures.rb:849:in `setup_fixtures'
    /usr/local/rvm/gems/ruby-1.9.3-p194/gems/activesupport-3.2.8/lib/active_support/callbacks.rb:429:in `_run__441919871__setup__186095277__callbacks'
    /usr/local/rvm/gems/ruby-1.9.3-p194/gems/activesupport-3.2.8/lib/active_support/callbacks.rb:405:in `__run_callback'
    /usr/local/rvm/gems/ruby-1.9.3-p194/gems/activesupport-3.2.8/lib/active_support/callbacks.rb:385:in `_run_setup_callbacks'
    /usr/local/rvm/gems/ruby-1.9.3-p194/gems/activesupport-3.2.8/lib/active_support/callbacks.rb:81:in `run_callbacks'
    /usr/local/rvm/gems/ruby-1.9.3-p194/gems/activesupport-3.2.8/lib/active_support/testing/setup_and_teardown.rb:35:in `run'

  2) Error:
test_should_get_home(PagesControllerTest):
ActiveRecord::StatementInvalid: Could not find table 'users'
    /usr/local/rvm/gems/ruby-1.9.3-p194/gems/activerecord-3.2.8/lib/active_record/connection_adapters/sqlite_adapter.rb:472:in `table_structure'
    /usr/local/rvm/gems/ruby-1.9.3-p194/gems/activerecord-3.2.8/lib/active_record/connection_adapters/sqlite_adapter.rb:346:in `columns'
    /usr/local/rvm/gems/ruby-1.9.3-p194/gems/activerecord-3.2.8/lib/active_record/fixtures.rb:660:in `column_names'
    /usr/local/rvm/gems/ruby-1.9.3-p194/gems/activerecord-3.2.8/lib/active_record/fixtures.rb:652:in `timestamp_column_names'
    /usr/local/rvm/gems/ruby-1.9.3-p194/gems/activerecord-3.2.8/lib/active_record/fixtures.rb:585:in `block in table_rows'
    /usr/local/rvm/gems/ruby-1.9.3-p194/gems/activerecord-3.2.8/lib/active_record/fixtures.rb:579:in `each'
    /usr/local/rvm/gems/ruby-1.9.3-p194/gems/activerecord-3.2.8/lib/active_record/fixtures.rb:579:in `map'
    /usr/local/rvm/gems/ruby-1.9.3-p194/gems/activerecord-3.2.8/lib/active_record/fixtures.rb:579:in `table_rows'
    /usr/local/rvm/gems/ruby-1.9.3-p194/gems/activerecord-3.2.8/lib/active_record/fixtures.rb:494:in `block (3 levels) in create_fixtures'
    /usr/local/rvm/gems/ruby-1.9.3-p194/gems/activerecord-3.2.8/lib/active_record/fixtures.rb:492:in `each'
    /usr/local/rvm/gems/ruby-1.9.3-p194/gems/activerecord-3.2.8/lib/active_record/fixtures.rb:492:in `block (2 levels) in create_fixtures'
    /usr/local/rvm/gems/ruby-1.9.3-p194/gems/activerecord-3.2.8/lib/active_record/connection_adapters/abstract/database_statements.rb:192:in `transaction'
    /usr/local/rvm/gems/ruby-1.9.3-p194/gems/activerecord-3.2.8/lib/active_record/fixtures.rb:491:in `block in create_fixtures'
    /usr/local/rvm/gems/ruby-1.9.3-p194/gems/activerecord-3.2.8/lib/active_record/connection_adapters/abstract_adapter.rb:168:in `disable_referential_integrity'
    /usr/local/rvm/gems/ruby-1.9.3-p194/gems/activerecord-3.2.8/lib/active_record/fixtures.rb:476:in `create_fixtures'
    /usr/local/rvm/gems/ruby-1.9.3-p194/gems/activerecord-3.2.8/lib/active_record/fixtures.rb:895:in `load_fixtures'
    /usr/local/rvm/gems/ruby-1.9.3-p194/gems/activerecord-3.2.8/lib/active_record/fixtures.rb:849:in `setup_fixtures'
    /usr/local/rvm/gems/ruby-1.9.3-p194/gems/activesupport-3.2.8/lib/active_support/callbacks.rb:429:in `_run__441919871__setup__186095277__callbacks'
    /usr/local/rvm/gems/ruby-1.9.3-p194/gems/activesupport-3.2.8/lib/active_support/callbacks.rb:405:in `__run_callback'
    /usr/local/rvm/gems/ruby-1.9.3-p194/gems/activesupport-3.2.8/lib/active_support/callbacks.rb:385:in `_run_setup_callbacks'
    /usr/local/rvm/gems/ruby-1.9.3-p194/gems/activesupport-3.2.8/lib/active_support/callbacks.rb:81:in `run_callbacks'
    /usr/local/rvm/gems/ruby-1.9.3-p194/gems/activesupport-3.2.8/lib/active_support/testing/setup_and_teardown.rb:35:in `run'

2 tests, 0 assertions, 0 failures, 2 errors, 0 skips
Run options: -n "/^(test_should_create_user|test_should_destroy_user|test_should_get_edit|test_should_get_index|test_should_get_new|test_should_show_user|test_should_update_user)$/"

# Running tests:

EEEEEEE

Finished tests in 0.104126s, 67.2262 tests/s, 0.0000 assertions/s.

  1) Error:
test_should_create_user(UsersControllerTest):
ActiveRecord::StatementInvalid: Could not find table 'users'
    /usr/local/rvm/gems/ruby-1.9.3-p194/gems/activerecord-3.2.8/lib/active_record/connection_adapters/sqlite_adapter.rb:472:in `table_structure'
    /usr/local/rvm/gems/ruby-1.9.3-p194/gems/activerecord-3.2.8/lib/active_record/connection_adapters/sqlite_adapter.rb:346:in `columns'
    /usr/local/rvm/gems/ruby-1.9.3-p194/gems/activerecord-3.2.8/lib/active_record/fixtures.rb:660:in `column_names'
    /usr/local/rvm/gems/ruby-1.9.3-p194/gems/activerecord-3.2.8/lib/active_record/fixtures.rb:652:in `timestamp_column_names'
    /usr/local/rvm/gems/ruby-1.9.3-p194/gems/activerecord-3.2.8/lib/active_record/fixtures.rb:585:in `block in table_rows'
    /usr/local/rvm/gems/ruby-1.9.3-p194/gems/activerecord-3.2.8/lib/active_record/fixtures.rb:579:in `each'
    /usr/local/rvm/gems/ruby-1.9.3-p194/gems/activerecord-3.2.8/lib/active_record/fixtures.rb:579:in `map'
    /usr/local/rvm/gems/ruby-1.9.3-p194/gems/activerecord-3.2.8/lib/active_record/fixtures.rb:579:in `table_rows'
    /usr/local/rvm/gems/ruby-1.9.3-p194/gems/activerecord-3.2.8/lib/active_record/fixtures.rb:494:in `block (3 levels) in create_fixtures'
    /usr/local/rvm/gems/ruby-1.9.3-p194/gems/activerecord-3.2.8/lib/active_record/fixtures.rb:492:in `each'
    /usr/local/rvm/gems/ruby-1.9.3-p194/gems/activerecord-3.2.8/lib/active_record/fixtures.rb:492:in `block (2 levels) in create_fixtures'
    /usr/local/rvm/gems/ruby-1.9.3-p194/gems/activerecord-3.2.8/lib/active_record/connection_adapters/abstract/database_statements.rb:192:in `transaction'
    /usr/local/rvm/gems/ruby-1.9.3-p194/gems/activerecord-3.2.8/lib/active_record/fixtures.rb:491:in `block in create_fixtures'
    /usr/local/rvm/gems/ruby-1.9.3-p194/gems/activerecord-3.2.8/lib/active_record/connection_adapters/abstract_adapter.rb:168:in `disable_referential_integrity'
    /usr/local/rvm/gems/ruby-1.9.3-p194/gems/activerecord-3.2.8/lib/active_record/fixtures.rb:476:in `create_fixtures'
    /usr/local/rvm/gems/ruby-1.9.3-p194/gems/activerecord-3.2.8/lib/active_record/fixtures.rb:895:in `load_fixtures'
    /usr/local/rvm/gems/ruby-1.9.3-p194/gems/activerecord-3.2.8/lib/active_record/fixtures.rb:849:in `setup_fixtures'
    /usr/local/rvm/gems/ruby-1.9.3-p194/gems/activesupport-3.2.8/lib/active_support/callbacks.rb:429:in `_run__387289940__setup__904920256__callbacks'
    /usr/local/rvm/gems/ruby-1.9.3-p194/gems/activesupport-3.2.8/lib/active_support/callbacks.rb:405:in `__run_callback'
    /usr/local/rvm/gems/ruby-1.9.3-p194/gems/activesupport-3.2.8/lib/active_support/callbacks.rb:385:in `_run_setup_callbacks'
    /usr/local/rvm/gems/ruby-1.9.3-p194/gems/activesupport-3.2.8/lib/active_support/callbacks.rb:81:in `run_callbacks'
    /usr/local/rvm/gems/ruby-1.9.3-p194/gems/activesupport-3.2.8/lib/active_support/testing/setup_and_teardown.rb:35:in `run'

  2) Error:
test_should_destroy_user(UsersControllerTest):
ActiveRecord::StatementInvalid: Could not find table 'users'
    /usr/local/rvm/gems/ruby-1.9.3-p194/gems/activerecord-3.2.8/lib/active_record/connection_adapters/sqlite_adapter.rb:472:in `table_structure'
    /usr/local/rvm/gems/ruby-1.9.3-p194/gems/activerecord-3.2.8/lib/active_record/connection_adapters/sqlite_adapter.rb:346:in `columns'
    /usr/local/rvm/gems/ruby-1.9.3-p194/gems/activerecord-3.2.8/lib/active_record/fixtures.rb:660:in `column_names'
    /usr/local/rvm/gems/ruby-1.9.3-p194/gems/activerecord-3.2.8/lib/active_record/fixtures.rb:652:in `timestamp_column_names'
    /usr/local/rvm/gems/ruby-1.9.3-p194/gems/activerecord-3.2.8/lib/active_record/fixtures.rb:585:in `block in table_rows'
    /usr/local/rvm/gems/ruby-1.9.3-p194/gems/activerecord-3.2.8/lib/active_record/fixtures.rb:579:in `each'
    /usr/local/rvm/gems/ruby-1.9.3-p194/gems/activerecord-3.2.8/lib/active_record/fixtures.rb:579:in `map'
    /usr/local/rvm/gems/ruby-1.9.3-p194/gems/activerecord-3.2.8/lib/active_record/fixtures.rb:579:in `table_rows'
    /usr/local/rvm/gems/ruby-1.9.3-p194/gems/activerecord-3.2.8/lib/active_record/fixtures.rb:494:in `block (3 levels) in create_fixtures'
    /usr/local/rvm/gems/ruby-1.9.3-p194/gems/activerecord-3.2.8/lib/active_record/fixtures.rb:492:in `each'
    /usr/local/rvm/gems/ruby-1.9.3-p194/gems/activerecord-3.2.8/lib/active_record/fixtures.rb:492:in `block (2 levels) in create_fixtures'
    /usr/local/rvm/gems/ruby-1.9.3-p194/gems/activerecord-3.2.8/lib/active_record/connection_adapters/abstract/database_statements.rb:192:in `transaction'
    /usr/local/rvm/gems/ruby-1.9.3-p194/gems/activerecord-3.2.8/lib/active_record/fixtures.rb:491:in `block in create_fixtures'
    /usr/local/rvm/gems/ruby-1.9.3-p194/gems/activerecord-3.2.8/lib/active_record/connection_adapters/abstract_adapter.rb:168:in `disable_referential_integrity'
    /usr/local/rvm/gems/ruby-1.9.3-p194/gems/activerecord-3.2.8/lib/active_record/fixtures.rb:476:in `create_fixtures'
    /usr/local/rvm/gems/ruby-1.9.3-p194/gems/activerecord-3.2.8/lib/active_record/fixtures.rb:895:in `load_fixtures'
    /usr/local/rvm/gems/ruby-1.9.3-p194/gems/activerecord-3.2.8/lib/active_record/fixtures.rb:849:in `setup_fixtures'
    /usr/local/rvm/gems/ruby-1.9.3-p194/gems/activesupport-3.2.8/lib/active_support/callbacks.rb:429:in `_run__387289940__setup__904920256__callbacks'
    /usr/local/rvm/gems/ruby-1.9.3-p194/gems/activesupport-3.2.8/lib/active_support/callbacks.rb:405:in `__run_callback'
    /usr/local/rvm/gems/ruby-1.9.3-p194/gems/activesupport-3.2.8/lib/active_support/callbacks.rb:385:in `_run_setup_callbacks'
    /usr/local/rvm/gems/ruby-1.9.3-p194/gems/activesupport-3.2.8/lib/active_support/callbacks.rb:81:in `run_callbacks'
    /usr/local/rvm/gems/ruby-1.9.3-p194/gems/activesupport-3.2.8/lib/active_support/testing/setup_and_teardown.rb:35:in `run'

  3) Error:
test_should_get_edit(UsersControllerTest):
ActiveRecord::StatementInvalid: Could not find table 'users'
    /usr/local/rvm/gems/ruby-1.9.3-p194/gems/activerecord-3.2.8/lib/active_record/connection_adapters/sqlite_adapter.rb:472:in `table_structure'
    /usr/local/rvm/gems/ruby-1.9.3-p194/gems/activerecord-3.2.8/lib/active_record/connection_adapters/sqlite_adapter.rb:346:in `columns'
    /usr/local/rvm/gems/ruby-1.9.3-p194/gems/activerecord-3.2.8/lib/active_record/fixtures.rb:660:in `column_names'
    /usr/local/rvm/gems/ruby-1.9.3-p194/gems/activerecord-3.2.8/lib/active_record/fixtures.rb:652:in `timestamp_column_names'
    /usr/local/rvm/gems/ruby-1.9.3-p194/gems/activerecord-3.2.8/lib/active_record/fixtures.rb:585:in `block in table_rows'
    /usr/local/rvm/gems/ruby-1.9.3-p194/gems/activerecord-3.2.8/lib/active_record/fixtures.rb:579:in `each'
    /usr/local/rvm/gems/ruby-1.9.3-p194/gems/activerecord-3.2.8/lib/active_record/fixtures.rb:579:in `map'
    /usr/local/rvm/gems/ruby-1.9.3-p194/gems/activerecord-3.2.8/lib/active_record/fixtures.rb:579:in `table_rows'
    /usr/local/rvm/gems/ruby-1.9.3-p194/gems/activerecord-3.2.8/lib/active_record/fixtures.rb:494:in `block (3 levels) in create_fixtures'
    /usr/local/rvm/gems/ruby-1.9.3-p194/gems/activerecord-3.2.8/lib/active_record/fixtures.rb:492:in `each'
    /usr/local/rvm/gems/ruby-1.9.3-p194/gems/activerecord-3.2.8/lib/active_record/fixtures.rb:492:in `block (2 levels) in create_fixtures'
    /usr/local/rvm/gems/ruby-1.9.3-p194/gems/activerecord-3.2.8/lib/active_record/connection_adapters/abstract/database_statements.rb:192:in `transaction'
    /usr/local/rvm/gems/ruby-1.9.3-p194/gems/activerecord-3.2.8/lib/active_record/fixtures.rb:491:in `block in create_fixtures'
    /usr/local/rvm/gems/ruby-1.9.3-p194/gems/activerecord-3.2.8/lib/active_record/connection_adapters/abstract_adapter.rb:168:in `disable_referential_integrity'
    /usr/local/rvm/gems/ruby-1.9.3-p194/gems/activerecord-3.2.8/lib/active_record/fixtures.rb:476:in `create_fixtures'
    /usr/local/rvm/gems/ruby-1.9.3-p194/gems/activerecord-3.2.8/lib/active_record/fixtures.rb:895:in `load_fixtures'
    /usr/local/rvm/gems/ruby-1.9.3-p194/gems/activerecord-3.2.8/lib/active_record/fixtures.rb:849:in `setup_fixtures'
    /usr/local/rvm/gems/ruby-1.9.3-p194/gems/activesupport-3.2.8/lib/active_support/callbacks.rb:429:in `_run__387289940__setup__904920256__callbacks'
    /usr/local/rvm/gems/ruby-1.9.3-p194/gems/activesupport-3.2.8/lib/active_support/callbacks.rb:405:in `__run_callback'
    /usr/local/rvm/gems/ruby-1.9.3-p194/gems/activesupport-3.2.8/lib/active_support/callbacks.rb:385:in `_run_setup_callbacks'
    /usr/local/rvm/gems/ruby-1.9.3-p194/gems/activesupport-3.2.8/lib/active_support/callbacks.rb:81:in `run_callbacks'
    /usr/local/rvm/gems/ruby-1.9.3-p194/gems/activesupport-3.2.8/lib/active_support/testing/setup_and_teardown.rb:35:in `run'

  4) Error:
test_should_get_index(UsersControllerTest):
ActiveRecord::StatementInvalid: Could not find table 'users'
    /usr/local/rvm/gems/ruby-1.9.3-p194/gems/activerecord-3.2.8/lib/active_record/connection_adapters/sqlite_adapter.rb:472:in `table_structure'
    /usr/local/rvm/gems/ruby-1.9.3-p194/gems/activerecord-3.2.8/lib/active_record/connection_adapters/sqlite_adapter.rb:346:in `columns'
    /usr/local/rvm/gems/ruby-1.9.3-p194/gems/activerecord-3.2.8/lib/active_record/fixtures.rb:660:in `column_names'
    /usr/local/rvm/gems/ruby-1.9.3-p194/gems/activerecord-3.2.8/lib/active_record/fixtures.rb:652:in `timestamp_column_names'
    /usr/local/rvm/gems/ruby-1.9.3-p194/gems/activerecord-3.2.8/lib/active_record/fixtures.rb:585:in `block in table_rows'
    /usr/local/rvm/gems/ruby-1.9.3-p194/gems/activerecord-3.2.8/lib/active_record/fixtures.rb:579:in `each'
    /usr/local/rvm/gems/ruby-1.9.3-p194/gems/activerecord-3.2.8/lib/active_record/fixtures.rb:579:in `map'
    /usr/local/rvm/gems/ruby-1.9.3-p194/gems/activerecord-3.2.8/lib/active_record/fixtures.rb:579:in `table_rows'
    /usr/local/rvm/gems/ruby-1.9.3-p194/gems/activerecord-3.2.8/lib/active_record/fixtures.rb:494:in `block (3 levels) in create_fixtures'
    /usr/local/rvm/gems/ruby-1.9.3-p194/gems/activerecord-3.2.8/lib/active_record/fixtures.rb:492:in `each'
    /usr/local/rvm/gems/ruby-1.9.3-p194/gems/activerecord-3.2.8/lib/active_record/fixtures.rb:492:in `block (2 levels) in create_fixtures'
    /usr/local/rvm/gems/ruby-1.9.3-p194/gems/activerecord-3.2.8/lib/active_record/connection_adapters/abstract/database_statements.rb:192:in `transaction'
    /usr/local/rvm/gems/ruby-1.9.3-p194/gems/activerecord-3.2.8/lib/active_record/fixtures.rb:491:in `block in create_fixtures'
    /usr/local/rvm/gems/ruby-1.9.3-p194/gems/activerecord-3.2.8/lib/active_record/connection_adapters/abstract_adapter.rb:168:in `disable_referential_integrity'
    /usr/local/rvm/gems/ruby-1.9.3-p194/gems/activerecord-3.2.8/lib/active_record/fixtures.rb:476:in `create_fixtures'
    /usr/local/rvm/gems/ruby-1.9.3-p194/gems/activerecord-3.2.8/lib/active_record/fixtures.rb:895:in `load_fixtures'
    /usr/local/rvm/gems/ruby-1.9.3-p194/gems/activerecord-3.2.8/lib/active_record/fixtures.rb:849:in `setup_fixtures'
    /usr/local/rvm/gems/ruby-1.9.3-p194/gems/activesupport-3.2.8/lib/active_support/callbacks.rb:429:in `_run__387289940__setup__904920256__callbacks'
    /usr/local/rvm/gems/ruby-1.9.3-p194/gems/activesupport-3.2.8/lib/active_support/callbacks.rb:405:in `__run_callback'
    /usr/local/rvm/gems/ruby-1.9.3-p194/gems/activesupport-3.2.8/lib/active_support/callbacks.rb:385:in `_run_setup_callbacks'
    /usr/local/rvm/gems/ruby-1.9.3-p194/gems/activesupport-3.2.8/lib/active_support/callbacks.rb:81:in `run_callbacks'
    /usr/local/rvm/gems/ruby-1.9.3-p194/gems/activesupport-3.2.8/lib/active_support/testing/setup_and_teardown.rb:35:in `run'

  5) Error:
test_should_get_new(UsersControllerTest):
ActiveRecord::StatementInvalid: Could not find table 'users'
    /usr/local/rvm/gems/ruby-1.9.3-p194/gems/activerecord-3.2.8/lib/active_record/connection_adapters/sqlite_adapter.rb:472:in `table_structure'
    /usr/local/rvm/gems/ruby-1.9.3-p194/gems/activerecord-3.2.8/lib/active_record/connection_adapters/sqlite_adapter.rb:346:in `columns'
    /usr/local/rvm/gems/ruby-1.9.3-p194/gems/activerecord-3.2.8/lib/active_record/fixtures.rb:660:in `column_names'
    /usr/local/rvm/gems/ruby-1.9.3-p194/gems/activerecord-3.2.8/lib/active_record/fixtures.rb:652:in `timestamp_column_names'
    /usr/local/rvm/gems/ruby-1.9.3-p194/gems/activerecord-3.2.8/lib/active_record/fixtures.rb:585:in `block in table_rows'
    /usr/local/rvm/gems/ruby-1.9.3-p194/gems/activerecord-3.2.8/lib/active_record/fixtures.rb:579:in `each'
    /usr/local/rvm/gems/ruby-1.9.3-p194/gems/activerecord-3.2.8/lib/active_record/fixtures.rb:579:in `map'
    /usr/local/rvm/gems/ruby-1.9.3-p194/gems/activerecord-3.2.8/lib/active_record/fixtures.rb:579:in `table_rows'
    /usr/local/rvm/gems/ruby-1.9.3-p194/gems/activerecord-3.2.8/lib/active_record/fixtures.rb:494:in `block (3 levels) in create_fixtures'
    /usr/local/rvm/gems/ruby-1.9.3-p194/gems/activerecord-3.2.8/lib/active_record/fixtures.rb:492:in `each'
    /usr/local/rvm/gems/ruby-1.9.3-p194/gems/activerecord-3.2.8/lib/active_record/fixtures.rb:492:in `block (2 levels) in create_fixtures'
    /usr/local/rvm/gems/ruby-1.9.3-p194/gems/activerecord-3.2.8/lib/active_record/connection_adapters/abstract/database_statements.rb:192:in `transaction'
    /usr/local/rvm/gems/ruby-1.9.3-p194/gems/activerecord-3.2.8/lib/active_record/fixtures.rb:491:in `block in create_fixtures'
    /usr/local/rvm/gems/ruby-1.9.3-p194/gems/activerecord-3.2.8/lib/active_record/connection_adapters/abstract_adapter.rb:168:in `disable_referential_integrity'
    /usr/local/rvm/gems/ruby-1.9.3-p194/gems/activerecord-3.2.8/lib/active_record/fixtures.rb:476:in `create_fixtures'
    /usr/local/rvm/gems/ruby-1.9.3-p194/gems/activerecord-3.2.8/lib/active_record/fixtures.rb:895:in `load_fixtures'
    /usr/local/rvm/gems/ruby-1.9.3-p194/gems/activerecord-3.2.8/lib/active_record/fixtures.rb:849:in `setup_fixtures'
    /usr/local/rvm/gems/ruby-1.9.3-p194/gems/activesupport-3.2.8/lib/active_support/callbacks.rb:429:in `_run__387289940__setup__904920256__callbacks'
    /usr/local/rvm/gems/ruby-1.9.3-p194/gems/activesupport-3.2.8/lib/active_support/callbacks.rb:405:in `__run_callback'
    /usr/local/rvm/gems/ruby-1.9.3-p194/gems/activesupport-3.2.8/lib/active_support/callbacks.rb:385:in `_run_setup_callbacks'
    /usr/local/rvm/gems/ruby-1.9.3-p194/gems/activesupport-3.2.8/lib/active_support/callbacks.rb:81:in `run_callbacks'
    /usr/local/rvm/gems/ruby-1.9.3-p194/gems/activesupport-3.2.8/lib/active_support/testing/setup_and_teardown.rb:35:in `run'

  6) Error:
test_should_show_user(UsersControllerTest):
ActiveRecord::StatementInvalid: Could not find table 'users'
    /usr/local/rvm/gems/ruby-1.9.3-p194/gems/activerecord-3.2.8/lib/active_record/connection_adapters/sqlite_adapter.rb:472:in `table_structure'
    /usr/local/rvm/gems/ruby-1.9.3-p194/gems/activerecord-3.2.8/lib/active_record/connection_adapters/sqlite_adapter.rb:346:in `columns'
    /usr/local/rvm/gems/ruby-1.9.3-p194/gems/activerecord-3.2.8/lib/active_record/fixtures.rb:660:in `column_names'
    /usr/local/rvm/gems/ruby-1.9.3-p194/gems/activerecord-3.2.8/lib/active_record/fixtures.rb:652:in `timestamp_column_names'
    /usr/local/rvm/gems/ruby-1.9.3-p194/gems/activerecord-3.2.8/lib/active_record/fixtures.rb:585:in `block in table_rows'
    /usr/local/rvm/gems/ruby-1.9.3-p194/gems/activerecord-3.2.8/lib/active_record/fixtures.rb:579:in `each'
    /usr/local/rvm/gems/ruby-1.9.3-p194/gems/activerecord-3.2.8/lib/active_record/fixtures.rb:579:in `map'
    /usr/local/rvm/gems/ruby-1.9.3-p194/gems/activerecord-3.2.8/lib/active_record/fixtures.rb:579:in `table_rows'
    /usr/local/rvm/gems/ruby-1.9.3-p194/gems/activerecord-3.2.8/lib/active_record/fixtures.rb:494:in `block (3 levels) in create_fixtures'
    /usr/local/rvm/gems/ruby-1.9.3-p194/gems/activerecord-3.2.8/lib/active_record/fixtures.rb:492:in `each'
    /usr/local/rvm/gems/ruby-1.9.3-p194/gems/activerecord-3.2.8/lib/active_record/fixtures.rb:492:in `block (2 levels) in create_fixtures'
    /usr/local/rvm/gems/ruby-1.9.3-p194/gems/activerecord-3.2.8/lib/active_record/connection_adapters/abstract/database_statements.rb:192:in `transaction'
    /usr/local/rvm/gems/ruby-1.9.3-p194/gems/activerecord-3.2.8/lib/active_record/fixtures.rb:491:in `block in create_fixtures'
    /usr/local/rvm/gems/ruby-1.9.3-p194/gems/activerecord-3.2.8/lib/active_record/connection_adapters/abstract_adapter.rb:168:in `disable_referential_integrity'
    /usr/local/rvm/gems/ruby-1.9.3-p194/gems/activerecord-3.2.8/lib/active_record/fixtures.rb:476:in `create_fixtures'
    /usr/local/rvm/gems/ruby-1.9.3-p194/gems/activerecord-3.2.8/lib/active_record/fixtures.rb:895:in `load_fixtures'
    /usr/local/rvm/gems/ruby-1.9.3-p194/gems/activerecord-3.2.8/lib/active_record/fixtures.rb:849:in `setup_fixtures'
    /usr/local/rvm/gems/ruby-1.9.3-p194/gems/activesupport-3.2.8/lib/active_support/callbacks.rb:429:in `_run__387289940__setup__904920256__callbacks'
    /usr/local/rvm/gems/ruby-1.9.3-p194/gems/activesupport-3.2.8/lib/active_support/callbacks.rb:405:in `__run_callback'
    /usr/local/rvm/gems/ruby-1.9.3-p194/gems/activesupport-3.2.8/lib/active_support/callbacks.rb:385:in `_run_setup_callbacks'
    /usr/local/rvm/gems/ruby-1.9.3-p194/gems/activesupport-3.2.8/lib/active_support/callbacks.rb:81:in `run_callbacks'
    /usr/local/rvm/gems/ruby-1.9.3-p194/gems/activesupport-3.2.8/lib/active_support/testing/setup_and_teardown.rb:35:in `run'

  7) Error:
test_should_update_user(UsersControllerTest):
ActiveRecord::StatementInvalid: Could not find table 'users'
    /usr/local/rvm/gems/ruby-1.9.3-p194/gems/activerecord-3.2.8/lib/active_record/connection_adapters/sqlite_adapter.rb:472:in `table_structure'
    /usr/local/rvm/gems/ruby-1.9.3-p194/gems/activerecord-3.2.8/lib/active_record/connection_adapters/sqlite_adapter.rb:346:in `columns'
    /usr/local/rvm/gems/ruby-1.9.3-p194/gems/activerecord-3.2.8/lib/active_record/fixtures.rb:660:in `column_names'
    /usr/local/rvm/gems/ruby-1.9.3-p194/gems/activerecord-3.2.8/lib/active_record/fixtures.rb:652:in `timestamp_column_names'
    /usr/local/rvm/gems/ruby-1.9.3-p194/gems/activerecord-3.2.8/lib/active_record/fixtures.rb:585:in `block in table_rows'
    /usr/local/rvm/gems/ruby-1.9.3-p194/gems/activerecord-3.2.8/lib/active_record/fixtures.rb:579:in `each'
    /usr/local/rvm/gems/ruby-1.9.3-p194/gems/activerecord-3.2.8/lib/active_record/fixtures.rb:579:in `map'
    /usr/local/rvm/gems/ruby-1.9.3-p194/gems/activerecord-3.2.8/lib/active_record/fixtures.rb:579:in `table_rows'
    /usr/local/rvm/gems/ruby-1.9.3-p194/gems/activerecord-3.2.8/lib/active_record/fixtures.rb:494:in `block (3 levels) in create_fixtures'
    /usr/local/rvm/gems/ruby-1.9.3-p194/gems/activerecord-3.2.8/lib/active_record/fixtures.rb:492:in `each'
    /usr/local/rvm/gems/ruby-1.9.3-p194/gems/activerecord-3.2.8/lib/active_record/fixtures.rb:492:in `block (2 levels) in create_fixtures'
    /usr/local/rvm/gems/ruby-1.9.3-p194/gems/activerecord-3.2.8/lib/active_record/connection_adapters/abstract/database_statements.rb:192:in `transaction'
    /usr/local/rvm/gems/ruby-1.9.3-p194/gems/activerecord-3.2.8/lib/active_record/fixtures.rb:491:in `block in create_fixtures'
    /usr/local/rvm/gems/ruby-1.9.3-p194/gems/activerecord-3.2.8/lib/active_record/connection_adapters/abstract_adapter.rb:168:in `disable_referential_integrity'
    /usr/local/rvm/gems/ruby-1.9.3-p194/gems/activerecord-3.2.8/lib/active_record/fixtures.rb:476:in `create_fixtures'
    /usr/local/rvm/gems/ruby-1.9.3-p194/gems/activerecord-3.2.8/lib/active_record/fixtures.rb:895:in `load_fixtures'
    /usr/local/rvm/gems/ruby-1.9.3-p194/gems/activerecord-3.2.8/lib/active_record/fixtures.rb:849:in `setup_fixtures'
    /usr/local/rvm/gems/ruby-1.9.3-p194/gems/activesupport-3.2.8/lib/active_support/callbacks.rb:429:in `_run__387289940__setup__904920256__callbacks'
    /usr/local/rvm/gems/ruby-1.9.3-p194/gems/activesupport-3.2.8/lib/active_support/callbacks.rb:405:in `__run_callback'
    /usr/local/rvm/gems/ruby-1.9.3-p194/gems/activesupport-3.2.8/lib/active_support/callbacks.rb:385:in `_run_setup_callbacks'
    /usr/local/rvm/gems/ruby-1.9.3-p194/gems/activesupport-3.2.8/lib/active_support/callbacks.rb:81:in `run_callbacks'
    /usr/local/rvm/gems/ruby-1.9.3-p194/gems/activesupport-3.2.8/lib/active_support/testing/setup_and_teardown.rb:35:in `run'

7 tests, 0 assertions, 0 failures, 7 errors, 0 skips
Run options: -n "/^(test_should_create_micropost|test_should_destroy_micropost|test_should_get_edit|test_should_get_index|test_should_get_new|test_should_show_micropost|test_should_update_micropost)$/"

# Running tests:

EEEEEEE

Finished tests in 0.101407s, 69.0287 tests/s, 0.0000 assertions/s.

  1) Error:
test_should_create_micropost(MicropostsControllerTest):
ActiveRecord::StatementInvalid: Could not find table 'users'
    /usr/local/rvm/gems/ruby-1.9.3-p194/gems/activerecord-3.2.8/lib/active_record/connection_adapters/sqlite_adapter.rb:472:in `table_structure'
    /usr/local/rvm/gems/ruby-1.9.3-p194/gems/activerecord-3.2.8/lib/active_record/connection_adapters/sqlite_adapter.rb:346:in `columns'
    /usr/local/rvm/gems/ruby-1.9.3-p194/gems/activerecord-3.2.8/lib/active_record/fixtures.rb:660:in `column_names'
    /usr/local/rvm/gems/ruby-1.9.3-p194/gems/activerecord-3.2.8/lib/active_record/fixtures.rb:652:in `timestamp_column_names'
    /usr/local/rvm/gems/ruby-1.9.3-p194/gems/activerecord-3.2.8/lib/active_record/fixtures.rb:585:in `block in table_rows'
    /usr/local/rvm/gems/ruby-1.9.3-p194/gems/activerecord-3.2.8/lib/active_record/fixtures.rb:579:in `each'
    /usr/local/rvm/gems/ruby-1.9.3-p194/gems/activerecord-3.2.8/lib/active_record/fixtures.rb:579:in `map'
    /usr/local/rvm/gems/ruby-1.9.3-p194/gems/activerecord-3.2.8/lib/active_record/fixtures.rb:579:in `table_rows'
    /usr/local/rvm/gems/ruby-1.9.3-p194/gems/activerecord-3.2.8/lib/active_record/fixtures.rb:494:in `block (3 levels) in create_fixtures'
    /usr/local/rvm/gems/ruby-1.9.3-p194/gems/activerecord-3.2.8/lib/active_record/fixtures.rb:492:in `each'
    /usr/local/rvm/gems/ruby-1.9.3-p194/gems/activerecord-3.2.8/lib/active_record/fixtures.rb:492:in `block (2 levels) in create_fixtures'
    /usr/local/rvm/gems/ruby-1.9.3-p194/gems/activerecord-3.2.8/lib/active_record/connection_adapters/abstract/database_statements.rb:192:in `transaction'
    /usr/local/rvm/gems/ruby-1.9.3-p194/gems/activerecord-3.2.8/lib/active_record/fixtures.rb:491:in `block in create_fixtures'
    /usr/local/rvm/gems/ruby-1.9.3-p194/gems/activerecord-3.2.8/lib/active_record/connection_adapters/abstract_adapter.rb:168:in `disable_referential_integrity'
    /usr/local/rvm/gems/ruby-1.9.3-p194/gems/activerecord-3.2.8/lib/active_record/fixtures.rb:476:in `create_fixtures'
    /usr/local/rvm/gems/ruby-1.9.3-p194/gems/activerecord-3.2.8/lib/active_record/fixtures.rb:895:in `load_fixtures'
    /usr/local/rvm/gems/ruby-1.9.3-p194/gems/activerecord-3.2.8/lib/active_record/fixtures.rb:849:in `setup_fixtures'
    /usr/local/rvm/gems/ruby-1.9.3-p194/gems/activesupport-3.2.8/lib/active_support/callbacks.rb:429:in `_run__371894537__setup__849352033__callbacks'
    /usr/local/rvm/gems/ruby-1.9.3-p194/gems/activesupport-3.2.8/lib/active_support/callbacks.rb:405:in `__run_callback'
    /usr/local/rvm/gems/ruby-1.9.3-p194/gems/activesupport-3.2.8/lib/active_support/callbacks.rb:385:in `_run_setup_callbacks'
    /usr/local/rvm/gems/ruby-1.9.3-p194/gems/activesupport-3.2.8/lib/active_support/callbacks.rb:81:in `run_callbacks'
    /usr/local/rvm/gems/ruby-1.9.3-p194/gems/activesupport-3.2.8/lib/active_support/testing/setup_and_teardown.rb:35:in `run'

  2) Error:
test_should_destroy_micropost(MicropostsControllerTest):
ActiveRecord::StatementInvalid: Could not find table 'users'
    /usr/local/rvm/gems/ruby-1.9.3-p194/gems/activerecord-3.2.8/lib/active_record/connection_adapters/sqlite_adapter.rb:472:in `table_structure'
    /usr/local/rvm/gems/ruby-1.9.3-p194/gems/activerecord-3.2.8/lib/active_record/connection_adapters/sqlite_adapter.rb:346:in `columns'
    /usr/local/rvm/gems/ruby-1.9.3-p194/gems/activerecord-3.2.8/lib/active_record/fixtures.rb:660:in `column_names'
    /usr/local/rvm/gems/ruby-1.9.3-p194/gems/activerecord-3.2.8/lib/active_record/fixtures.rb:652:in `timestamp_column_names'
    /usr/local/rvm/gems/ruby-1.9.3-p194/gems/activerecord-3.2.8/lib/active_record/fixtures.rb:585:in `block in table_rows'
    /usr/local/rvm/gems/ruby-1.9.3-p194/gems/activerecord-3.2.8/lib/active_record/fixtures.rb:579:in `each'
    /usr/local/rvm/gems/ruby-1.9.3-p194/gems/activerecord-3.2.8/lib/active_record/fixtures.rb:579:in `map'
    /usr/local/rvm/gems/ruby-1.9.3-p194/gems/activerecord-3.2.8/lib/active_record/fixtures.rb:579:in `table_rows'
    /usr/local/rvm/gems/ruby-1.9.3-p194/gems/activerecord-3.2.8/lib/active_record/fixtures.rb:494:in `block (3 levels) in create_fixtures'
    /usr/local/rvm/gems/ruby-1.9.3-p194/gems/activerecord-3.2.8/lib/active_record/fixtures.rb:492:in `each'
    /usr/local/rvm/gems/ruby-1.9.3-p194/gems/activerecord-3.2.8/lib/active_record/fixtures.rb:492:in `block (2 levels) in create_fixtures'
    /usr/local/rvm/gems/ruby-1.9.3-p194/gems/activerecord-3.2.8/lib/active_record/connection_adapters/abstract/database_statements.rb:192:in `transaction'
    /usr/local/rvm/gems/ruby-1.9.3-p194/gems/activerecord-3.2.8/lib/active_record/fixtures.rb:491:in `block in create_fixtures'
    /usr/local/rvm/gems/ruby-1.9.3-p194/gems/activerecord-3.2.8/lib/active_record/connection_adapters/abstract_adapter.rb:168:in `disable_referential_integrity'
    /usr/local/rvm/gems/ruby-1.9.3-p194/gems/activerecord-3.2.8/lib/active_record/fixtures.rb:476:in `create_fixtures'
    /usr/local/rvm/gems/ruby-1.9.3-p194/gems/activerecord-3.2.8/lib/active_record/fixtures.rb:895:in `load_fixtures'
    /usr/local/rvm/gems/ruby-1.9.3-p194/gems/activerecord-3.2.8/lib/active_record/fixtures.rb:849:in `setup_fixtures'
    /usr/local/rvm/gems/ruby-1.9.3-p194/gems/activesupport-3.2.8/lib/active_support/callbacks.rb:429:in `_run__371894537__setup__849352033__callbacks'
    /usr/local/rvm/gems/ruby-1.9.3-p194/gems/activesupport-3.2.8/lib/active_support/callbacks.rb:405:in `__run_callback'
    /usr/local/rvm/gems/ruby-1.9.3-p194/gems/activesupport-3.2.8/lib/active_support/callbacks.rb:385:in `_run_setup_callbacks'
    /usr/local/rvm/gems/ruby-1.9.3-p194/gems/activesupport-3.2.8/lib/active_support/callbacks.rb:81:in `run_callbacks'
    /usr/local/rvm/gems/ruby-1.9.3-p194/gems/activesupport-3.2.8/lib/active_support/testing/setup_and_teardown.rb:35:in `run'

  3) Error:
test_should_get_edit(MicropostsControllerTest):
ActiveRecord::StatementInvalid: Could not find table 'users'
    /usr/local/rvm/gems/ruby-1.9.3-p194/gems/activerecord-3.2.8/lib/active_record/connection_adapters/sqlite_adapter.rb:472:in `table_structure'
    /usr/local/rvm/gems/ruby-1.9.3-p194/gems/activerecord-3.2.8/lib/active_record/connection_adapters/sqlite_adapter.rb:346:in `columns'
    /usr/local/rvm/gems/ruby-1.9.3-p194/gems/activerecord-3.2.8/lib/active_record/fixtures.rb:660:in `column_names'
    /usr/local/rvm/gems/ruby-1.9.3-p194/gems/activerecord-3.2.8/lib/active_record/fixtures.rb:652:in `timestamp_column_names'
    /usr/local/rvm/gems/ruby-1.9.3-p194/gems/activerecord-3.2.8/lib/active_record/fixtures.rb:585:in `block in table_rows'
    /usr/local/rvm/gems/ruby-1.9.3-p194/gems/activerecord-3.2.8/lib/active_record/fixtures.rb:579:in `each'
    /usr/local/rvm/gems/ruby-1.9.3-p194/gems/activerecord-3.2.8/lib/active_record/fixtures.rb:579:in `map'
    /usr/local/rvm/gems/ruby-1.9.3-p194/gems/activerecord-3.2.8/lib/active_record/fixtures.rb:579:in `table_rows'
    /usr/local/rvm/gems/ruby-1.9.3-p194/gems/activerecord-3.2.8/lib/active_record/fixtures.rb:494:in `block (3 levels) in create_fixtures'
    /usr/local/rvm/gems/ruby-1.9.3-p194/gems/activerecord-3.2.8/lib/active_record/fixtures.rb:492:in `each'
    /usr/local/rvm/gems/ruby-1.9.3-p194/gems/activerecord-3.2.8/lib/active_record/fixtures.rb:492:in `block (2 levels) in create_fixtures'
    /usr/local/rvm/gems/ruby-1.9.3-p194/gems/activerecord-3.2.8/lib/active_record/connection_adapters/abstract/database_statements.rb:192:in `transaction'
    /usr/local/rvm/gems/ruby-1.9.3-p194/gems/activerecord-3.2.8/lib/active_record/fixtures.rb:491:in `block in create_fixtures'
    /usr/local/rvm/gems/ruby-1.9.3-p194/gems/activerecord-3.2.8/lib/active_record/connection_adapters/abstract_adapter.rb:168:in `disable_referential_integrity'
    /usr/local/rvm/gems/ruby-1.9.3-p194/gems/activerecord-3.2.8/lib/active_record/fixtures.rb:476:in `create_fixtures'
    /usr/local/rvm/gems/ruby-1.9.3-p194/gems/activerecord-3.2.8/lib/active_record/fixtures.rb:895:in `load_fixtures'
    /usr/local/rvm/gems/ruby-1.9.3-p194/gems/activerecord-3.2.8/lib/active_record/fixtures.rb:849:in `setup_fixtures'
    /usr/local/rvm/gems/ruby-1.9.3-p194/gems/activesupport-3.2.8/lib/active_support/callbacks.rb:429:in `_run__371894537__setup__849352033__callbacks'
    /usr/local/rvm/gems/ruby-1.9.3-p194/gems/activesupport-3.2.8/lib/active_support/callbacks.rb:405:in `__run_callback'
    /usr/local/rvm/gems/ruby-1.9.3-p194/gems/activesupport-3.2.8/lib/active_support/callbacks.rb:385:in `_run_setup_callbacks'
    /usr/local/rvm/gems/ruby-1.9.3-p194/gems/activesupport-3.2.8/lib/active_support/callbacks.rb:81:in `run_callbacks'
    /usr/local/rvm/gems/ruby-1.9.3-p194/gems/activesupport-3.2.8/lib/active_support/testing/setup_and_teardown.rb:35:in `run'

  4) Error:
test_should_get_index(MicropostsControllerTest):
ActiveRecord::StatementInvalid: Could not find table 'users'
    /usr/local/rvm/gems/ruby-1.9.3-p194/gems/activerecord-3.2.8/lib/active_record/connection_adapters/sqlite_adapter.rb:472:in `table_structure'
    /usr/local/rvm/gems/ruby-1.9.3-p194/gems/activerecord-3.2.8/lib/active_record/connection_adapters/sqlite_adapter.rb:346:in `columns'
    /usr/local/rvm/gems/ruby-1.9.3-p194/gems/activerecord-3.2.8/lib/active_record/fixtures.rb:660:in `column_names'
    /usr/local/rvm/gems/ruby-1.9.3-p194/gems/activerecord-3.2.8/lib/active_record/fixtures.rb:652:in `timestamp_column_names'
    /usr/local/rvm/gems/ruby-1.9.3-p194/gems/activerecord-3.2.8/lib/active_record/fixtures.rb:585:in `block in table_rows'
    /usr/local/rvm/gems/ruby-1.9.3-p194/gems/activerecord-3.2.8/lib/active_record/fixtures.rb:579:in `each'
    /usr/local/rvm/gems/ruby-1.9.3-p194/gems/activerecord-3.2.8/lib/active_record/fixtures.rb:579:in `map'
    /usr/local/rvm/gems/ruby-1.9.3-p194/gems/activerecord-3.2.8/lib/active_record/fixtures.rb:579:in `table_rows'
    /usr/local/rvm/gems/ruby-1.9.3-p194/gems/activerecord-3.2.8/lib/active_record/fixtures.rb:494:in `block (3 levels) in create_fixtures'
    /usr/local/rvm/gems/ruby-1.9.3-p194/gems/activerecord-3.2.8/lib/active_record/fixtures.rb:492:in `each'
    /usr/local/rvm/gems/ruby-1.9.3-p194/gems/activerecord-3.2.8/lib/active_record/fixtures.rb:492:in `block (2 levels) in create_fixtures'
    /usr/local/rvm/gems/ruby-1.9.3-p194/gems/activerecord-3.2.8/lib/active_record/connection_adapters/abstract/database_statements.rb:192:in `transaction'
    /usr/local/rvm/gems/ruby-1.9.3-p194/gems/activerecord-3.2.8/lib/active_record/fixtures.rb:491:in `block in create_fixtures'
    /usr/local/rvm/gems/ruby-1.9.3-p194/gems/activerecord-3.2.8/lib/active_record/connection_adapters/abstract_adapter.rb:168:in `disable_referential_integrity'
    /usr/local/rvm/gems/ruby-1.9.3-p194/gems/activerecord-3.2.8/lib/active_record/fixtures.rb:476:in `create_fixtures'
    /usr/local/rvm/gems/ruby-1.9.3-p194/gems/activerecord-3.2.8/lib/active_record/fixtures.rb:895:in `load_fixtures'
    /usr/local/rvm/gems/ruby-1.9.3-p194/gems/activerecord-3.2.8/lib/active_record/fixtures.rb:849:in `setup_fixtures'
    /usr/local/rvm/gems/ruby-1.9.3-p194/gems/activesupport-3.2.8/lib/active_support/callbacks.rb:429:in `_run__371894537__setup__849352033__callbacks'
    /usr/local/rvm/gems/ruby-1.9.3-p194/gems/activesupport-3.2.8/lib/active_support/callbacks.rb:405:in `__run_callback'
    /usr/local/rvm/gems/ruby-1.9.3-p194/gems/activesupport-3.2.8/lib/active_support/callbacks.rb:385:in `_run_setup_callbacks'
    /usr/local/rvm/gems/ruby-1.9.3-p194/gems/activesupport-3.2.8/lib/active_support/callbacks.rb:81:in `run_callbacks'
    /usr/local/rvm/gems/ruby-1.9.3-p194/gems/activesupport-3.2.8/lib/active_support/testing/setup_and_teardown.rb:35:in `run'

  5) Error:
test_should_get_new(MicropostsControllerTest):
ActiveRecord::StatementInvalid: Could not find table 'users'
    /usr/local/rvm/gems/ruby-1.9.3-p194/gems/activerecord-3.2.8/lib/active_record/connection_adapters/sqlite_adapter.rb:472:in `table_structure'
    /usr/local/rvm/gems/ruby-1.9.3-p194/gems/activerecord-3.2.8/lib/active_record/connection_adapters/sqlite_adapter.rb:346:in `columns'
    /usr/local/rvm/gems/ruby-1.9.3-p194/gems/activerecord-3.2.8/lib/active_record/fixtures.rb:660:in `column_names'
    /usr/local/rvm/gems/ruby-1.9.3-p194/gems/activerecord-3.2.8/lib/active_record/fixtures.rb:652:in `timestamp_column_names'
    /usr/local/rvm/gems/ruby-1.9.3-p194/gems/activerecord-3.2.8/lib/active_record/fixtures.rb:585:in `block in table_rows'
    /usr/local/rvm/gems/ruby-1.9.3-p194/gems/activerecord-3.2.8/lib/active_record/fixtures.rb:579:in `each'
    /usr/local/rvm/gems/ruby-1.9.3-p194/gems/activerecord-3.2.8/lib/active_record/fixtures.rb:579:in `map'
    /usr/local/rvm/gems/ruby-1.9.3-p194/gems/activerecord-3.2.8/lib/active_record/fixtures.rb:579:in `table_rows'
    /usr/local/rvm/gems/ruby-1.9.3-p194/gems/activerecord-3.2.8/lib/active_record/fixtures.rb:494:in `block (3 levels) in create_fixtures'
    /usr/local/rvm/gems/ruby-1.9.3-p194/gems/activerecord-3.2.8/lib/active_record/fixtures.rb:492:in `each'
    /usr/local/rvm/gems/ruby-1.9.3-p194/gems/activerecord-3.2.8/lib/active_record/fixtures.rb:492:in `block (2 levels) in create_fixtures'
    /usr/local/rvm/gems/ruby-1.9.3-p194/gems/activerecord-3.2.8/lib/active_record/connection_adapters/abstract/database_statements.rb:192:in `transaction'
    /usr/local/rvm/gems/ruby-1.9.3-p194/gems/activerecord-3.2.8/lib/active_record/fixtures.rb:491:in `block in create_fixtures'
    /usr/local/rvm/gems/ruby-1.9.3-p194/gems/activerecord-3.2.8/lib/active_record/connection_adapters/abstract_adapter.rb:168:in `disable_referential_integrity'
    /usr/local/rvm/gems/ruby-1.9.3-p194/gems/activerecord-3.2.8/lib/active_record/fixtures.rb:476:in `create_fixtures'
    /usr/local/rvm/gems/ruby-1.9.3-p194/gems/activerecord-3.2.8/lib/active_record/fixtures.rb:895:in `load_fixtures'
    /usr/local/rvm/gems/ruby-1.9.3-p194/gems/activerecord-3.2.8/lib/active_record/fixtures.rb:849:in `setup_fixtures'
    /usr/local/rvm/gems/ruby-1.9.3-p194/gems/activesupport-3.2.8/lib/active_support/callbacks.rb:429:in `_run__371894537__setup__849352033__callbacks'
    /usr/local/rvm/gems/ruby-1.9.3-p194/gems/activesupport-3.2.8/lib/active_support/callbacks.rb:405:in `__run_callback'
    /usr/local/rvm/gems/ruby-1.9.3-p194/gems/activesupport-3.2.8/lib/active_support/callbacks.rb:385:in `_run_setup_callbacks'
    /usr/local/rvm/gems/ruby-1.9.3-p194/gems/activesupport-3.2.8/lib/active_support/callbacks.rb:81:in `run_callbacks'
    /usr/local/rvm/gems/ruby-1.9.3-p194/gems/activesupport-3.2.8/lib/active_support/testing/setup_and_teardown.rb:35:in `run'

  6) Error:
test_should_show_micropost(MicropostsControllerTest):
ActiveRecord::StatementInvalid: Could not find table 'users'
    /usr/local/rvm/gems/ruby-1.9.3-p194/gems/activerecord-3.2.8/lib/active_record/connection_adapters/sqlite_adapter.rb:472:in `table_structure'
    /usr/local/rvm/gems/ruby-1.9.3-p194/gems/activerecord-3.2.8/lib/active_record/connection_adapters/sqlite_adapter.rb:346:in `columns'
    /usr/local/rvm/gems/ruby-1.9.3-p194/gems/activerecord-3.2.8/lib/active_record/fixtures.rb:660:in `column_names'
    /usr/local/rvm/gems/ruby-1.9.3-p194/gems/activerecord-3.2.8/lib/active_record/fixtures.rb:652:in `timestamp_column_names'
    /usr/local/rvm/gems/ruby-1.9.3-p194/gems/activerecord-3.2.8/lib/active_record/fixtures.rb:585:in `block in table_rows'
    /usr/local/rvm/gems/ruby-1.9.3-p194/gems/activerecord-3.2.8/lib/active_record/fixtures.rb:579:in `each'
    /usr/local/rvm/gems/ruby-1.9.3-p194/gems/activerecord-3.2.8/lib/active_record/fixtures.rb:579:in `map'
    /usr/local/rvm/gems/ruby-1.9.3-p194/gems/activerecord-3.2.8/lib/active_record/fixtures.rb:579:in `table_rows'
    /usr/local/rvm/gems/ruby-1.9.3-p194/gems/activerecord-3.2.8/lib/active_record/fixtures.rb:494:in `block (3 levels) in create_fixtures'
    /usr/local/rvm/gems/ruby-1.9.3-p194/gems/activerecord-3.2.8/lib/active_record/fixtures.rb:492:in `each'
    /usr/local/rvm/gems/ruby-1.9.3-p194/gems/activerecord-3.2.8/lib/active_record/fixtures.rb:492:in `block (2 levels) in create_fixtures'
    /usr/local/rvm/gems/ruby-1.9.3-p194/gems/activerecord-3.2.8/lib/active_record/connection_adapters/abstract/database_statements.rb:192:in `transaction'
    /usr/local/rvm/gems/ruby-1.9.3-p194/gems/activerecord-3.2.8/lib/active_record/fixtures.rb:491:in `block in create_fixtures'
    /usr/local/rvm/gems/ruby-1.9.3-p194/gems/activerecord-3.2.8/lib/active_record/connection_adapters/abstract_adapter.rb:168:in `disable_referential_integrity'
    /usr/local/rvm/gems/ruby-1.9.3-p194/gems/activerecord-3.2.8/lib/active_record/fixtures.rb:476:in `create_fixtures'
    /usr/local/rvm/gems/ruby-1.9.3-p194/gems/activerecord-3.2.8/lib/active_record/fixtures.rb:895:in `load_fixtures'
    /usr/local/rvm/gems/ruby-1.9.3-p194/gems/activerecord-3.2.8/lib/active_record/fixtures.rb:849:in `setup_fixtures'
    /usr/local/rvm/gems/ruby-1.9.3-p194/gems/activesupport-3.2.8/lib/active_support/callbacks.rb:429:in `_run__371894537__setup__849352033__callbacks'
    /usr/local/rvm/gems/ruby-1.9.3-p194/gems/activesupport-3.2.8/lib/active_support/callbacks.rb:405:in `__run_callback'
    /usr/local/rvm/gems/ruby-1.9.3-p194/gems/activesupport-3.2.8/lib/active_support/callbacks.rb:385:in `_run_setup_callbacks'
    /usr/local/rvm/gems/ruby-1.9.3-p194/gems/activesupport-3.2.8/lib/active_support/callbacks.rb:81:in `run_callbacks'
    /usr/local/rvm/gems/ruby-1.9.3-p194/gems/activesupport-3.2.8/lib/active_support/testing/setup_and_teardown.rb:35:in `run'

  7) Error:
test_should_update_micropost(MicropostsControllerTest):
ActiveRecord::StatementInvalid: Could not find table 'users'
    /usr/local/rvm/gems/ruby-1.9.3-p194/gems/activerecord-3.2.8/lib/active_record/connection_adapters/sqlite_adapter.rb:472:in `table_structure'
    /usr/local/rvm/gems/ruby-1.9.3-p194/gems/activerecord-3.2.8/lib/active_record/connection_adapters/sqlite_adapter.rb:346:in `columns'
    /usr/local/rvm/gems/ruby-1.9.3-p194/gems/activerecord-3.2.8/lib/active_record/fixtures.rb:660:in `column_names'
    /usr/local/rvm/gems/ruby-1.9.3-p194/gems/activerecord-3.2.8/lib/active_record/fixtures.rb:652:in `timestamp_column_names'
    /usr/local/rvm/gems/ruby-1.9.3-p194/gems/activerecord-3.2.8/lib/active_record/fixtures.rb:585:in `block in table_rows'
    /usr/local/rvm/gems/ruby-1.9.3-p194/gems/activerecord-3.2.8/lib/active_record/fixtures.rb:579:in `each'
    /usr/local/rvm/gems/ruby-1.9.3-p194/gems/activerecord-3.2.8/lib/active_record/fixtures.rb:579:in `map'
    /usr/local/rvm/gems/ruby-1.9.3-p194/gems/activerecord-3.2.8/lib/active_record/fixtures.rb:579:in `table_rows'
    /usr/local/rvm/gems/ruby-1.9.3-p194/gems/activerecord-3.2.8/lib/active_record/fixtures.rb:494:in `block (3 levels) in create_fixtures'
    /usr/local/rvm/gems/ruby-1.9.3-p194/gems/activerecord-3.2.8/lib/active_record/fixtures.rb:492:in `each'
    /usr/local/rvm/gems/ruby-1.9.3-p194/gems/activerecord-3.2.8/lib/active_record/fixtures.rb:492:in `block (2 levels) in create_fixtures'
    /usr/local/rvm/gems/ruby-1.9.3-p194/gems/activerecord-3.2.8/lib/active_record/connection_adapters/abstract/database_statements.rb:192:in `transaction'
    /usr/local/rvm/gems/ruby-1.9.3-p194/gems/activerecord-3.2.8/lib/active_record/fixtures.rb:491:in `block in create_fixtures'
    /usr/local/rvm/gems/ruby-1.9.3-p194/gems/activerecord-3.2.8/lib/active_record/connection_adapters/abstract_adapter.rb:168:in `disable_referential_integrity'
    /usr/local/rvm/gems/ruby-1.9.3-p194/gems/activerecord-3.2.8/lib/active_record/fixtures.rb:476:in `create_fixtures'
    /usr/local/rvm/gems/ruby-1.9.3-p194/gems/activerecord-3.2.8/lib/active_record/fixtures.rb:895:in `load_fixtures'
    /usr/local/rvm/gems/ruby-1.9.3-p194/gems/activerecord-3.2.8/lib/active_record/fixtures.rb:849:in `setup_fixtures'
    /usr/local/rvm/gems/ruby-1.9.3-p194/gems/activesupport-3.2.8/lib/active_support/callbacks.rb:429:in `_run__371894537__setup__849352033__callbacks'
    /usr/local/rvm/gems/ruby-1.9.3-p194/gems/activesupport-3.2.8/lib/active_support/callbacks.rb:405:in `__run_callback'
    /usr/local/rvm/gems/ruby-1.9.3-p194/gems/activesupport-3.2.8/lib/active_support/callbacks.rb:385:in `_run_setup_callbacks'
    /usr/local/rvm/gems/ruby-1.9.3-p194/gems/activesupport-3.2.8/lib/active_support/callbacks.rb:81:in `run_callbacks'
    /usr/local/rvm/gems/ruby-1.9.3-p194/gems/activesupport-3.2.8/lib/active_support/testing/setup_and_teardown.rb:35:in `run'

7 tests, 0 assertions, 0 failures, 7 errors, 0 skips
/usr/local/rvm/rubies/ruby-1.9.3-p194/bin/ruby -I.:lib:test -rubygems test/functional/microposts_controller_test.rb -n "/^(test_should_create_micropost|test_should_destroy_micropost|test_should_get_edit|test_should_get_index|test_should_get_new|test_should_show_micropost|test_should_update_micropost)$/"; /usr/local/rvm/rubies/ruby-1.9.3-p194/bin/ruby -I.:lib:test -rubygems test/functional/users_controller_test.rb -n "/^(test_should_create_user|test_should_destroy_user|test_should_get_edit|test_should_get_index|test_should_get_new|test_should_show_user|test_should_update_user)$/"; /usr/local/rvm/rubies/ruby-1.9.3-p194/bin/ruby -I.:lib:test -rubygems test/functional/pages_controller_test.rb -n "/^(test_should_get_contact|test_should_get_home)$/"
Run options: -n "/^(test_should_create_micropost|test_should_destroy_micropost|test_should_get_edit|test_should_get_index|test_should_get_new|test_should_show_micropost|test_should_update_micropost)$/"

# Running tests:

EEEEEEE

Finished tests in 0.105826s, 66.1461 tests/s, 0.0000 assertions/s.

  1) Error:
test_should_create_micropost(MicropostsControllerTest):
ActiveRecord::StatementInvalid: Could not find table 'users'
    /usr/local/rvm/gems/ruby-1.9.3-p194/gems/activerecord-3.2.8/lib/active_record/connection_adapters/sqlite_adapter.rb:472:in `table_structure'
    /usr/local/rvm/gems/ruby-1.9.3-p194/gems/activerecord-3.2.8/lib/active_record/connection_adapters/sqlite_adapter.rb:346:in `columns'
    /usr/local/rvm/gems/ruby-1.9.3-p194/gems/activerecord-3.2.8/lib/active_record/fixtures.rb:660:in `column_names'
    /usr/local/rvm/gems/ruby-1.9.3-p194/gems/activerecord-3.2.8/lib/active_record/fixtures.rb:652:in `timestamp_column_names'
    /usr/local/rvm/gems/ruby-1.9.3-p194/gems/activerecord-3.2.8/lib/active_record/fixtures.rb:585:in `block in table_rows'
    /usr/local/rvm/gems/ruby-1.9.3-p194/gems/activerecord-3.2.8/lib/active_record/fixtures.rb:579:in `each'
    /usr/local/rvm/gems/ruby-1.9.3-p194/gems/activerecord-3.2.8/lib/active_record/fixtures.rb:579:in `map'
    /usr/local/rvm/gems/ruby-1.9.3-p194/gems/activerecord-3.2.8/lib/active_record/fixtures.rb:579:in `table_rows'
    /usr/local/rvm/gems/ruby-1.9.3-p194/gems/activerecord-3.2.8/lib/active_record/fixtures.rb:494:in `block (3 levels) in create_fixtures'
    /usr/local/rvm/gems/ruby-1.9.3-p194/gems/activerecord-3.2.8/lib/active_record/fixtures.rb:492:in `each'
    /usr/local/rvm/gems/ruby-1.9.3-p194/gems/activerecord-3.2.8/lib/active_record/fixtures.rb:492:in `block (2 levels) in create_fixtures'
    /usr/local/rvm/gems/ruby-1.9.3-p194/gems/activerecord-3.2.8/lib/active_record/connection_adapters/abstract/database_statements.rb:192:in `transaction'
    /usr/local/rvm/gems/ruby-1.9.3-p194/gems/activerecord-3.2.8/lib/active_record/fixtures.rb:491:in `block in create_fixtures'
    /usr/local/rvm/gems/ruby-1.9.3-p194/gems/activerecord-3.2.8/lib/active_record/connection_adapters/abstract_adapter.rb:168:in `disable_referential_integrity'
    /usr/local/rvm/gems/ruby-1.9.3-p194/gems/activerecord-3.2.8/lib/active_record/fixtures.rb:476:in `create_fixtures'
    /usr/local/rvm/gems/ruby-1.9.3-p194/gems/activerecord-3.2.8/lib/active_record/fixtures.rb:895:in `load_fixtures'
    /usr/local/rvm/gems/ruby-1.9.3-p194/gems/activerecord-3.2.8/lib/active_record/fixtures.rb:849:in `setup_fixtures'
    /usr/local/rvm/gems/ruby-1.9.3-p194/gems/activesupport-3.2.8/lib/active_support/callbacks.rb:429:in `_run__899756217__setup__482649334__callbacks'
    /usr/local/rvm/gems/ruby-1.9.3-p194/gems/activesupport-3.2.8/lib/active_support/callbacks.rb:405:in `__run_callback'
    /usr/local/rvm/gems/ruby-1.9.3-p194/gems/activesupport-3.2.8/lib/active_support/callbacks.rb:385:in `_run_setup_callbacks'
    /usr/local/rvm/gems/ruby-1.9.3-p194/gems/activesupport-3.2.8/lib/active_support/callbacks.rb:81:in `run_callbacks'
    /usr/local/rvm/gems/ruby-1.9.3-p194/gems/activesupport-3.2.8/lib/active_support/testing/setup_and_teardown.rb:35:in `run'

  2) Error:
test_should_destroy_micropost(MicropostsControllerTest):
ActiveRecord::StatementInvalid: Could not find table 'users'
    /usr/local/rvm/gems/ruby-1.9.3-p194/gems/activerecord-3.2.8/lib/active_record/connection_adapters/sqlite_adapter.rb:472:in `table_structure'
    /usr/local/rvm/gems/ruby-1.9.3-p194/gems/activerecord-3.2.8/lib/active_record/connection_adapters/sqlite_adapter.rb:346:in `columns'
    /usr/local/rvm/gems/ruby-1.9.3-p194/gems/activerecord-3.2.8/lib/active_record/fixtures.rb:660:in `column_names'
    /usr/local/rvm/gems/ruby-1.9.3-p194/gems/activerecord-3.2.8/lib/active_record/fixtures.rb:652:in `timestamp_column_names'
    /usr/local/rvm/gems/ruby-1.9.3-p194/gems/activerecord-3.2.8/lib/active_record/fixtures.rb:585:in `block in table_rows'
    /usr/local/rvm/gems/ruby-1.9.3-p194/gems/activerecord-3.2.8/lib/active_record/fixtures.rb:579:in `each'
    /usr/local/rvm/gems/ruby-1.9.3-p194/gems/activerecord-3.2.8/lib/active_record/fixtures.rb:579:in `map'
    /usr/local/rvm/gems/ruby-1.9.3-p194/gems/activerecord-3.2.8/lib/active_record/fixtures.rb:579:in `table_rows'
    /usr/local/rvm/gems/ruby-1.9.3-p194/gems/activerecord-3.2.8/lib/active_record/fixtures.rb:494:in `block (3 levels) in create_fixtures'
    /usr/local/rvm/gems/ruby-1.9.3-p194/gems/activerecord-3.2.8/lib/active_record/fixtures.rb:492:in `each'
    /usr/local/rvm/gems/ruby-1.9.3-p194/gems/activerecord-3.2.8/lib/active_record/fixtures.rb:492:in `block (2 levels) in create_fixtures'
    /usr/local/rvm/gems/ruby-1.9.3-p194/gems/activerecord-3.2.8/lib/active_record/connection_adapters/abstract/database_statements.rb:192:in `transaction'
    /usr/local/rvm/gems/ruby-1.9.3-p194/gems/activerecord-3.2.8/lib/active_record/fixtures.rb:491:in `block in create_fixtures'
    /usr/local/rvm/gems/ruby-1.9.3-p194/gems/activerecord-3.2.8/lib/active_record/connection_adapters/abstract_adapter.rb:168:in `disable_referential_integrity'
    /usr/local/rvm/gems/ruby-1.9.3-p194/gems/activerecord-3.2.8/lib/active_record/fixtures.rb:476:in `create_fixtures'
    /usr/local/rvm/gems/ruby-1.9.3-p194/gems/activerecord-3.2.8/lib/active_record/fixtures.rb:895:in `load_fixtures'
    /usr/local/rvm/gems/ruby-1.9.3-p194/gems/activerecord-3.2.8/lib/active_record/fixtures.rb:849:in `setup_fixtures'
    /usr/local/rvm/gems/ruby-1.9.3-p194/gems/activesupport-3.2.8/lib/active_support/callbacks.rb:429:in `_run__899756217__setup__482649334__callbacks'
    /usr/local/rvm/gems/ruby-1.9.3-p194/gems/activesupport-3.2.8/lib/active_support/callbacks.rb:405:in `__run_callback'
    /usr/local/rvm/gems/ruby-1.9.3-p194/gems/activesupport-3.2.8/lib/active_support/callbacks.rb:385:in `_run_setup_callbacks'
    /usr/local/rvm/gems/ruby-1.9.3-p194/gems/activesupport-3.2.8/lib/active_support/callbacks.rb:81:in `run_callbacks'
    /usr/local/rvm/gems/ruby-1.9.3-p194/gems/activesupport-3.2.8/lib/active_support/testing/setup_and_teardown.rb:35:in `run'

  3) Error:
test_should_get_edit(MicropostsControllerTest):
ActiveRecord::StatementInvalid: Could not find table 'users'
    /usr/local/rvm/gems/ruby-1.9.3-p194/gems/activerecord-3.2.8/lib/active_record/connection_adapters/sqlite_adapter.rb:472:in `table_structure'
    /usr/local/rvm/gems/ruby-1.9.3-p194/gems/activerecord-3.2.8/lib/active_record/connection_adapters/sqlite_adapter.rb:346:in `columns'
    /usr/local/rvm/gems/ruby-1.9.3-p194/gems/activerecord-3.2.8/lib/active_record/fixtures.rb:660:in `column_names'
    /usr/local/rvm/gems/ruby-1.9.3-p194/gems/activerecord-3.2.8/lib/active_record/fixtures.rb:652:in `timestamp_column_names'
    /usr/local/rvm/gems/ruby-1.9.3-p194/gems/activerecord-3.2.8/lib/active_record/fixtures.rb:585:in `block in table_rows'
    /usr/local/rvm/gems/ruby-1.9.3-p194/gems/activerecord-3.2.8/lib/active_record/fixtures.rb:579:in `each'
    /usr/local/rvm/gems/ruby-1.9.3-p194/gems/activerecord-3.2.8/lib/active_record/fixtures.rb:579:in `map'
    /usr/local/rvm/gems/ruby-1.9.3-p194/gems/activerecord-3.2.8/lib/active_record/fixtures.rb:579:in `table_rows'
    /usr/local/rvm/gems/ruby-1.9.3-p194/gems/activerecord-3.2.8/lib/active_record/fixtures.rb:494:in `block (3 levels) in create_fixtures'
    /usr/local/rvm/gems/ruby-1.9.3-p194/gems/activerecord-3.2.8/lib/active_record/fixtures.rb:492:in `each'
    /usr/local/rvm/gems/ruby-1.9.3-p194/gems/activerecord-3.2.8/lib/active_record/fixtures.rb:492:in `block (2 levels) in create_fixtures'
    /usr/local/rvm/gems/ruby-1.9.3-p194/gems/activerecord-3.2.8/lib/active_record/connection_adapters/abstract/database_statements.rb:192:in `transaction'
    /usr/local/rvm/gems/ruby-1.9.3-p194/gems/activerecord-3.2.8/lib/active_record/fixtures.rb:491:in `block in create_fixtures'
    /usr/local/rvm/gems/ruby-1.9.3-p194/gems/activerecord-3.2.8/lib/active_record/connection_adapters/abstract_adapter.rb:168:in `disable_referential_integrity'
    /usr/local/rvm/gems/ruby-1.9.3-p194/gems/activerecord-3.2.8/lib/active_record/fixtures.rb:476:in `create_fixtures'
    /usr/local/rvm/gems/ruby-1.9.3-p194/gems/activerecord-3.2.8/lib/active_record/fixtures.rb:895:in `load_fixtures'
    /usr/local/rvm/gems/ruby-1.9.3-p194/gems/activerecord-3.2.8/lib/active_record/fixtures.rb:849:in `setup_fixtures'
    /usr/local/rvm/gems/ruby-1.9.3-p194/gems/activesupport-3.2.8/lib/active_support/callbacks.rb:429:in `_run__899756217__setup__482649334__callbacks'
    /usr/local/rvm/gems/ruby-1.9.3-p194/gems/activesupport-3.2.8/lib/active_support/callbacks.rb:405:in `__run_callback'
    /usr/local/rvm/gems/ruby-1.9.3-p194/gems/activesupport-3.2.8/lib/active_support/callbacks.rb:385:in `_run_setup_callbacks'
    /usr/local/rvm/gems/ruby-1.9.3-p194/gems/activesupport-3.2.8/lib/active_support/callbacks.rb:81:in `run_callbacks'
    /usr/local/rvm/gems/ruby-1.9.3-p194/gems/activesupport-3.2.8/lib/active_support/testing/setup_and_teardown.rb:35:in `run'

  4) Error:
test_should_get_index(MicropostsControllerTest):
ActiveRecord::StatementInvalid: Could not find table 'users'
    /usr/local/rvm/gems/ruby-1.9.3-p194/gems/activerecord-3.2.8/lib/active_record/connection_adapters/sqlite_adapter.rb:472:in `table_structure'
    /usr/local/rvm/gems/ruby-1.9.3-p194/gems/activerecord-3.2.8/lib/active_record/connection_adapters/sqlite_adapter.rb:346:in `columns'
    /usr/local/rvm/gems/ruby-1.9.3-p194/gems/activerecord-3.2.8/lib/active_record/fixtures.rb:660:in `column_names'
    /usr/local/rvm/gems/ruby-1.9.3-p194/gems/activerecord-3.2.8/lib/active_record/fixtures.rb:652:in `timestamp_column_names'
    /usr/local/rvm/gems/ruby-1.9.3-p194/gems/activerecord-3.2.8/lib/active_record/fixtures.rb:585:in `block in table_rows'
    /usr/local/rvm/gems/ruby-1.9.3-p194/gems/activerecord-3.2.8/lib/active_record/fixtures.rb:579:in `each'
    /usr/local/rvm/gems/ruby-1.9.3-p194/gems/activerecord-3.2.8/lib/active_record/fixtures.rb:579:in `map'
    /usr/local/rvm/gems/ruby-1.9.3-p194/gems/activerecord-3.2.8/lib/active_record/fixtures.rb:579:in `table_rows'
    /usr/local/rvm/gems/ruby-1.9.3-p194/gems/activerecord-3.2.8/lib/active_record/fixtures.rb:494:in `block (3 levels) in create_fixtures'
    /usr/local/rvm/gems/ruby-1.9.3-p194/gems/activerecord-3.2.8/lib/active_record/fixtures.rb:492:in `each'
    /usr/local/rvm/gems/ruby-1.9.3-p194/gems/activerecord-3.2.8/lib/active_record/fixtures.rb:492:in `block (2 levels) in create_fixtures'
    /usr/local/rvm/gems/ruby-1.9.3-p194/gems/activerecord-3.2.8/lib/active_record/connection_adapters/abstract/database_statements.rb:192:in `transaction'
    /usr/local/rvm/gems/ruby-1.9.3-p194/gems/activerecord-3.2.8/lib/active_record/fixtures.rb:491:in `block in create_fixtures'
    /usr/local/rvm/gems/ruby-1.9.3-p194/gems/activerecord-3.2.8/lib/active_record/connection_adapters/abstract_adapter.rb:168:in `disable_referential_integrity'
    /usr/local/rvm/gems/ruby-1.9.3-p194/gems/activerecord-3.2.8/lib/active_record/fixtures.rb:476:in `create_fixtures'
    /usr/local/rvm/gems/ruby-1.9.3-p194/gems/activerecord-3.2.8/lib/active_record/fixtures.rb:895:in `load_fixtures'
    /usr/local/rvm/gems/ruby-1.9.3-p194/gems/activerecord-3.2.8/lib/active_record/fixtures.rb:849:in `setup_fixtures'
    /usr/local/rvm/gems/ruby-1.9.3-p194/gems/activesupport-3.2.8/lib/active_support/callbacks.rb:429:in `_run__899756217__setup__482649334__callbacks'
    /usr/local/rvm/gems/ruby-1.9.3-p194/gems/activesupport-3.2.8/lib/active_support/callbacks.rb:405:in `__run_callback'
    /usr/local/rvm/gems/ruby-1.9.3-p194/gems/activesupport-3.2.8/lib/active_support/callbacks.rb:385:in `_run_setup_callbacks'
    /usr/local/rvm/gems/ruby-1.9.3-p194/gems/activesupport-3.2.8/lib/active_support/callbacks.rb:81:in `run_callbacks'
    /usr/local/rvm/gems/ruby-1.9.3-p194/gems/activesupport-3.2.8/lib/active_support/testing/setup_and_teardown.rb:35:in `run'

  5) Error:
test_should_get_new(MicropostsControllerTest):
ActiveRecord::StatementInvalid: Could not find table 'users'
    /usr/local/rvm/gems/ruby-1.9.3-p194/gems/activerecord-3.2.8/lib/active_record/connection_adapters/sqlite_adapter.rb:472:in `table_structure'
    /usr/local/rvm/gems/ruby-1.9.3-p194/gems/activerecord-3.2.8/lib/active_record/connection_adapters/sqlite_adapter.rb:346:in `columns'
    /usr/local/rvm/gems/ruby-1.9.3-p194/gems/activerecord-3.2.8/lib/active_record/fixtures.rb:660:in `column_names'
    /usr/local/rvm/gems/ruby-1.9.3-p194/gems/activerecord-3.2.8/lib/active_record/fixtures.rb:652:in `timestamp_column_names'
    /usr/local/rvm/gems/ruby-1.9.3-p194/gems/activerecord-3.2.8/lib/active_record/fixtures.rb:585:in `block in table_rows'
    /usr/local/rvm/gems/ruby-1.9.3-p194/gems/activerecord-3.2.8/lib/active_record/fixtures.rb:579:in `each'
    /usr/local/rvm/gems/ruby-1.9.3-p194/gems/activerecord-3.2.8/lib/active_record/fixtures.rb:579:in `map'
    /usr/local/rvm/gems/ruby-1.9.3-p194/gems/activerecord-3.2.8/lib/active_record/fixtures.rb:579:in `table_rows'
    /usr/local/rvm/gems/ruby-1.9.3-p194/gems/activerecord-3.2.8/lib/active_record/fixtures.rb:494:in `block (3 levels) in create_fixtures'
    /usr/local/rvm/gems/ruby-1.9.3-p194/gems/activerecord-3.2.8/lib/active_record/fixtures.rb:492:in `each'
    /usr/local/rvm/gems/ruby-1.9.3-p194/gems/activerecord-3.2.8/lib/active_record/fixtures.rb:492:in `block (2 levels) in create_fixtures'
    /usr/local/rvm/gems/ruby-1.9.3-p194/gems/activerecord-3.2.8/lib/active_record/connection_adapters/abstract/database_statements.rb:192:in `transaction'
    /usr/local/rvm/gems/ruby-1.9.3-p194/gems/activerecord-3.2.8/lib/active_record/fixtures.rb:491:in `block in create_fixtures'
    /usr/local/rvm/gems/ruby-1.9.3-p194/gems/activerecord-3.2.8/lib/active_record/connection_adapters/abstract_adapter.rb:168:in `disable_referential_integrity'
    /usr/local/rvm/gems/ruby-1.9.3-p194/gems/activerecord-3.2.8/lib/active_record/fixtures.rb:476:in `create_fixtures'
    /usr/local/rvm/gems/ruby-1.9.3-p194/gems/activerecord-3.2.8/lib/active_record/fixtures.rb:895:in `load_fixtures'
    /usr/local/rvm/gems/ruby-1.9.3-p194/gems/activerecord-3.2.8/lib/active_record/fixtures.rb:849:in `setup_fixtures'
    /usr/local/rvm/gems/ruby-1.9.3-p194/gems/activesupport-3.2.8/lib/active_support/callbacks.rb:429:in `_run__899756217__setup__482649334__callbacks'
    /usr/local/rvm/gems/ruby-1.9.3-p194/gems/activesupport-3.2.8/lib/active_support/callbacks.rb:405:in `__run_callback'
    /usr/local/rvm/gems/ruby-1.9.3-p194/gems/activesupport-3.2.8/lib/active_support/callbacks.rb:385:in `_run_setup_callbacks'
    /usr/local/rvm/gems/ruby-1.9.3-p194/gems/activesupport-3.2.8/lib/active_support/callbacks.rb:81:in `run_callbacks'
    /usr/local/rvm/gems/ruby-1.9.3-p194/gems/activesupport-3.2.8/lib/active_support/testing/setup_and_teardown.rb:35:in `run'

  6) Error:
test_should_show_micropost(MicropostsControllerTest):
ActiveRecord::StatementInvalid: Could not find table 'users'
    /usr/local/rvm/gems/ruby-1.9.3-p194/gems/activerecord-3.2.8/lib/active_record/connection_adapters/sqlite_adapter.rb:472:in `table_structure'
    /usr/local/rvm/gems/ruby-1.9.3-p194/gems/activerecord-3.2.8/lib/active_record/connection_adapters/sqlite_adapter.rb:346:in `columns'
    /usr/local/rvm/gems/ruby-1.9.3-p194/gems/activerecord-3.2.8/lib/active_record/fixtures.rb:660:in `column_names'
    /usr/local/rvm/gems/ruby-1.9.3-p194/gems/activerecord-3.2.8/lib/active_record/fixtures.rb:652:in `timestamp_column_names'
    /usr/local/rvm/gems/ruby-1.9.3-p194/gems/activerecord-3.2.8/lib/active_record/fixtures.rb:585:in `block in table_rows'
    /usr/local/rvm/gems/ruby-1.9.3-p194/gems/activerecord-3.2.8/lib/active_record/fixtures.rb:579:in `each'
    /usr/local/rvm/gems/ruby-1.9.3-p194/gems/activerecord-3.2.8/lib/active_record/fixtures.rb:579:in `map'
    /usr/local/rvm/gems/ruby-1.9.3-p194/gems/activerecord-3.2.8/lib/active_record/fixtures.rb:579:in `table_rows'
    /usr/local/rvm/gems/ruby-1.9.3-p194/gems/activerecord-3.2.8/lib/active_record/fixtures.rb:494:in `block (3 levels) in create_fixtures'
    /usr/local/rvm/gems/ruby-1.9.3-p194/gems/activerecord-3.2.8/lib/active_record/fixtures.rb:492:in `each'
    /usr/local/rvm/gems/ruby-1.9.3-p194/gems/activerecord-3.2.8/lib/active_record/fixtures.rb:492:in `block (2 levels) in create_fixtures'
    /usr/local/rvm/gems/ruby-1.9.3-p194/gems/activerecord-3.2.8/lib/active_record/connection_adapters/abstract/database_statements.rb:192:in `transaction'
    /usr/local/rvm/gems/ruby-1.9.3-p194/gems/activerecord-3.2.8/lib/active_record/fixtures.rb:491:in `block in create_fixtures'
    /usr/local/rvm/gems/ruby-1.9.3-p194/gems/activerecord-3.2.8/lib/active_record/connection_adapters/abstract_adapter.rb:168:in `disable_referential_integrity'
    /usr/local/rvm/gems/ruby-1.9.3-p194/gems/activerecord-3.2.8/lib/active_record/fixtures.rb:476:in `create_fixtures'
    /usr/local/rvm/gems/ruby-1.9.3-p194/gems/activerecord-3.2.8/lib/active_record/fixtures.rb:895:in `load_fixtures'
    /usr/local/rvm/gems/ruby-1.9.3-p194/gems/activerecord-3.2.8/lib/active_record/fixtures.rb:849:in `setup_fixtures'
    /usr/local/rvm/gems/ruby-1.9.3-p194/gems/activesupport-3.2.8/lib/active_support/callbacks.rb:429:in `_run__899756217__setup__482649334__callbacks'
    /usr/local/rvm/gems/ruby-1.9.3-p194/gems/activesupport-3.2.8/lib/active_support/callbacks.rb:405:in `__run_callback'
    /usr/local/rvm/gems/ruby-1.9.3-p194/gems/activesupport-3.2.8/lib/active_support/callbacks.rb:385:in `_run_setup_callbacks'
    /usr/local/rvm/gems/ruby-1.9.3-p194/gems/activesupport-3.2.8/lib/active_support/callbacks.rb:81:in `run_callbacks'
    /usr/local/rvm/gems/ruby-1.9.3-p194/gems/activesupport-3.2.8/lib/active_support/testing/setup_and_teardown.rb:35:in `run'

  7) Error:
test_should_update_micropost(MicropostsControllerTest):
ActiveRecord::StatementInvalid: Could not find table 'users'
    /usr/local/rvm/gems/ruby-1.9.3-p194/gems/activerecord-3.2.8/lib/active_record/connection_adapters/sqlite_adapter.rb:472:in `table_structure'
    /usr/local/rvm/gems/ruby-1.9.3-p194/gems/activerecord-3.2.8/lib/active_record/connection_adapters/sqlite_adapter.rb:346:in `columns'
    /usr/local/rvm/gems/ruby-1.9.3-p194/gems/activerecord-3.2.8/lib/active_record/fixtures.rb:660:in `column_names'
    /usr/local/rvm/gems/ruby-1.9.3-p194/gems/activerecord-3.2.8/lib/active_record/fixtures.rb:652:in `timestamp_column_names'
    /usr/local/rvm/gems/ruby-1.9.3-p194/gems/activerecord-3.2.8/lib/active_record/fixtures.rb:585:in `block in table_rows'
    /usr/local/rvm/gems/ruby-1.9.3-p194/gems/activerecord-3.2.8/lib/active_record/fixtures.rb:579:in `each'
    /usr/local/rvm/gems/ruby-1.9.3-p194/gems/activerecord-3.2.8/lib/active_record/fixtures.rb:579:in `map'
    /usr/local/rvm/gems/ruby-1.9.3-p194/gems/activerecord-3.2.8/lib/active_record/fixtures.rb:579:in `table_rows'
    /usr/local/rvm/gems/ruby-1.9.3-p194/gems/activerecord-3.2.8/lib/active_record/fixtures.rb:494:in `block (3 levels) in create_fixtures'
    /usr/local/rvm/gems/ruby-1.9.3-p194/gems/activerecord-3.2.8/lib/active_record/fixtures.rb:492:in `each'
    /usr/local/rvm/gems/ruby-1.9.3-p194/gems/activerecord-3.2.8/lib/active_record/fixtures.rb:492:in `block (2 levels) in create_fixtures'
    /usr/local/rvm/gems/ruby-1.9.3-p194/gems/activerecord-3.2.8/lib/active_record/connection_adapters/abstract/database_statements.rb:192:in `transaction'
    /usr/local/rvm/gems/ruby-1.9.3-p194/gems/activerecord-3.2.8/lib/active_record/fixtures.rb:491:in `block in create_fixtures'
    /usr/local/rvm/gems/ruby-1.9.3-p194/gems/activerecord-3.2.8/lib/active_record/connection_adapters/abstract_adapter.rb:168:in `disable_referential_integrity'
    /usr/local/rvm/gems/ruby-1.9.3-p194/gems/activerecord-3.2.8/lib/active_record/fixtures.rb:476:in `create_fixtures'
    /usr/local/rvm/gems/ruby-1.9.3-p194/gems/activerecord-3.2.8/lib/active_record/fixtures.rb:895:in `load_fixtures'
    /usr/local/rvm/gems/ruby-1.9.3-p194/gems/activerecord-3.2.8/lib/active_record/fixtures.rb:849:in `setup_fixtures'
    /usr/local/rvm/gems/ruby-1.9.3-p194/gems/activesupport-3.2.8/lib/active_support/callbacks.rb:429:in `_run__899756217__setup__482649334__callbacks'
    /usr/local/rvm/gems/ruby-1.9.3-p194/gems/activesupport-3.2.8/lib/active_support/callbacks.rb:405:in `__run_callback'
    /usr/local/rvm/gems/ruby-1.9.3-p194/gems/activesupport-3.2.8/lib/active_support/callbacks.rb:385:in `_run_setup_callbacks'
    /usr/local/rvm/gems/ruby-1.9.3-p194/gems/activesupport-3.2.8/lib/active_support/callbacks.rb:81:in `run_callbacks'
    /usr/local/rvm/gems/ruby-1.9.3-p194/gems/activesupport-3.2.8/lib/active_support/testing/setup_and_teardown.rb:35:in `run'

7 tests, 0 assertions, 0 failures, 7 errors, 0 skips
Run options: -n "/^(test_should_create_user|test_should_destroy_user|test_should_get_edit|test_should_get_index|test_should_get_new|test_should_show_user|test_should_update_user)$/"

# Running tests:

EEEEEEE

Finished tests in 0.103136s, 67.8714 tests/s, 0.0000 assertions/s.

  1) Error:
test_should_create_user(UsersControllerTest):
ActiveRecord::StatementInvalid: Could not find table 'users'
    /usr/local/rvm/gems/ruby-1.9.3-p194/gems/activerecord-3.2.8/lib/active_record/connection_adapters/sqlite_adapter.rb:472:in `table_structure'
    /usr/local/rvm/gems/ruby-1.9.3-p194/gems/activerecord-3.2.8/lib/active_record/connection_adapters/sqlite_adapter.rb:346:in `columns'
    /usr/local/rvm/gems/ruby-1.9.3-p194/gems/activerecord-3.2.8/lib/active_record/fixtures.rb:660:in `column_names'
    /usr/local/rvm/gems/ruby-1.9.3-p194/gems/activerecord-3.2.8/lib/active_record/fixtures.rb:652:in `timestamp_column_names'
    /usr/local/rvm/gems/ruby-1.9.3-p194/gems/activerecord-3.2.8/lib/active_record/fixtures.rb:585:in `block in table_rows'
    /usr/local/rvm/gems/ruby-1.9.3-p194/gems/activerecord-3.2.8/lib/active_record/fixtures.rb:579:in `each'
    /usr/local/rvm/gems/ruby-1.9.3-p194/gems/activerecord-3.2.8/lib/active_record/fixtures.rb:579:in `map'
    /usr/local/rvm/gems/ruby-1.9.3-p194/gems/activerecord-3.2.8/lib/active_record/fixtures.rb:579:in `table_rows'
    /usr/local/rvm/gems/ruby-1.9.3-p194/gems/activerecord-3.2.8/lib/active_record/fixtures.rb:494:in `block (3 levels) in create_fixtures'
    /usr/local/rvm/gems/ruby-1.9.3-p194/gems/activerecord-3.2.8/lib/active_record/fixtures.rb:492:in `each'
    /usr/local/rvm/gems/ruby-1.9.3-p194/gems/activerecord-3.2.8/lib/active_record/fixtures.rb:492:in `block (2 levels) in create_fixtures'
    /usr/local/rvm/gems/ruby-1.9.3-p194/gems/activerecord-3.2.8/lib/active_record/connection_adapters/abstract/database_statements.rb:192:in `transaction'
    /usr/local/rvm/gems/ruby-1.9.3-p194/gems/activerecord-3.2.8/lib/active_record/fixtures.rb:491:in `block in create_fixtures'
    /usr/local/rvm/gems/ruby-1.9.3-p194/gems/activerecord-3.2.8/lib/active_record/connection_adapters/abstract_adapter.rb:168:in `disable_referential_integrity'
    /usr/local/rvm/gems/ruby-1.9.3-p194/gems/activerecord-3.2.8/lib/active_record/fixtures.rb:476:in `create_fixtures'
    /usr/local/rvm/gems/ruby-1.9.3-p194/gems/activerecord-3.2.8/lib/active_record/fixtures.rb:895:in `load_fixtures'
    /usr/local/rvm/gems/ruby-1.9.3-p194/gems/activerecord-3.2.8/lib/active_record/fixtures.rb:849:in `setup_fixtures'
    /usr/local/rvm/gems/ruby-1.9.3-p194/gems/activesupport-3.2.8/lib/active_support/callbacks.rb:429:in `_run__382121097__setup__907628377__callbacks'
    /usr/local/rvm/gems/ruby-1.9.3-p194/gems/activesupport-3.2.8/lib/active_support/callbacks.rb:405:in `__run_callback'
    /usr/local/rvm/gems/ruby-1.9.3-p194/gems/activesupport-3.2.8/lib/active_support/callbacks.rb:385:in `_run_setup_callbacks'
    /usr/local/rvm/gems/ruby-1.9.3-p194/gems/activesupport-3.2.8/lib/active_support/callbacks.rb:81:in `run_callbacks'
    /usr/local/rvm/gems/ruby-1.9.3-p194/gems/activesupport-3.2.8/lib/active_support/testing/setup_and_teardown.rb:35:in `run'

  2) Error:
test_should_destroy_user(UsersControllerTest):
ActiveRecord::StatementInvalid: Could not find table 'users'
    /usr/local/rvm/gems/ruby-1.9.3-p194/gems/activerecord-3.2.8/lib/active_record/connection_adapters/sqlite_adapter.rb:472:in `table_structure'
    /usr/local/rvm/gems/ruby-1.9.3-p194/gems/activerecord-3.2.8/lib/active_record/connection_adapters/sqlite_adapter.rb:346:in `columns'
    /usr/local/rvm/gems/ruby-1.9.3-p194/gems/activerecord-3.2.8/lib/active_record/fixtures.rb:660:in `column_names'
    /usr/local/rvm/gems/ruby-1.9.3-p194/gems/activerecord-3.2.8/lib/active_record/fixtures.rb:652:in `timestamp_column_names'
    /usr/local/rvm/gems/ruby-1.9.3-p194/gems/activerecord-3.2.8/lib/active_record/fixtures.rb:585:in `block in table_rows'
    /usr/local/rvm/gems/ruby-1.9.3-p194/gems/activerecord-3.2.8/lib/active_record/fixtures.rb:579:in `each'
    /usr/local/rvm/gems/ruby-1.9.3-p194/gems/activerecord-3.2.8/lib/active_record/fixtures.rb:579:in `map'
    /usr/local/rvm/gems/ruby-1.9.3-p194/gems/activerecord-3.2.8/lib/active_record/fixtures.rb:579:in `table_rows'
    /usr/local/rvm/gems/ruby-1.9.3-p194/gems/activerecord-3.2.8/lib/active_record/fixtures.rb:494:in `block (3 levels) in create_fixtures'
    /usr/local/rvm/gems/ruby-1.9.3-p194/gems/activerecord-3.2.8/lib/active_record/fixtures.rb:492:in `each'
    /usr/local/rvm/gems/ruby-1.9.3-p194/gems/activerecord-3.2.8/lib/active_record/fixtures.rb:492:in `block (2 levels) in create_fixtures'
    /usr/local/rvm/gems/ruby-1.9.3-p194/gems/activerecord-3.2.8/lib/active_record/connection_adapters/abstract/database_statements.rb:192:in `transaction'
    /usr/local/rvm/gems/ruby-1.9.3-p194/gems/activerecord-3.2.8/lib/active_record/fixtures.rb:491:in `block in create_fixtures'
    /usr/local/rvm/gems/ruby-1.9.3-p194/gems/activerecord-3.2.8/lib/active_record/connection_adapters/abstract_adapter.rb:168:in `disable_referential_integrity'
    /usr/local/rvm/gems/ruby-1.9.3-p194/gems/activerecord-3.2.8/lib/active_record/fixtures.rb:476:in `create_fixtures'
    /usr/local/rvm/gems/ruby-1.9.3-p194/gems/activerecord-3.2.8/lib/active_record/fixtures.rb:895:in `load_fixtures'
    /usr/local/rvm/gems/ruby-1.9.3-p194/gems/activerecord-3.2.8/lib/active_record/fixtures.rb:849:in `setup_fixtures'
    /usr/local/rvm/gems/ruby-1.9.3-p194/gems/activesupport-3.2.8/lib/active_support/callbacks.rb:429:in `_run__382121097__setup__907628377__callbacks'
    /usr/local/rvm/gems/ruby-1.9.3-p194/gems/activesupport-3.2.8/lib/active_support/callbacks.rb:405:in `__run_callback'
    /usr/local/rvm/gems/ruby-1.9.3-p194/gems/activesupport-3.2.8/lib/active_support/callbacks.rb:385:in `_run_setup_callbacks'
    /usr/local/rvm/gems/ruby-1.9.3-p194/gems/activesupport-3.2.8/lib/active_support/callbacks.rb:81:in `run_callbacks'
    /usr/local/rvm/gems/ruby-1.9.3-p194/gems/activesupport-3.2.8/lib/active_support/testing/setup_and_teardown.rb:35:in `run'

  3) Error:
test_should_get_edit(UsersControllerTest):
ActiveRecord::StatementInvalid: Could not find table 'users'
    /usr/local/rvm/gems/ruby-1.9.3-p194/gems/activerecord-3.2.8/lib/active_record/connection_adapters/sqlite_adapter.rb:472:in `table_structure'
    /usr/local/rvm/gems/ruby-1.9.3-p194/gems/activerecord-3.2.8/lib/active_record/connection_adapters/sqlite_adapter.rb:346:in `columns'
    /usr/local/rvm/gems/ruby-1.9.3-p194/gems/activerecord-3.2.8/lib/active_record/fixtures.rb:660:in `column_names'
    /usr/local/rvm/gems/ruby-1.9.3-p194/gems/activerecord-3.2.8/lib/active_record/fixtures.rb:652:in `timestamp_column_names'
    /usr/local/rvm/gems/ruby-1.9.3-p194/gems/activerecord-3.2.8/lib/active_record/fixtures.rb:585:in `block in table_rows'
    /usr/local/rvm/gems/ruby-1.9.3-p194/gems/activerecord-3.2.8/lib/active_record/fixtures.rb:579:in `each'
    /usr/local/rvm/gems/ruby-1.9.3-p194/gems/activerecord-3.2.8/lib/active_record/fixtures.rb:579:in `map'
    /usr/local/rvm/gems/ruby-1.9.3-p194/gems/activerecord-3.2.8/lib/active_record/fixtures.rb:579:in `table_rows'
    /usr/local/rvm/gems/ruby-1.9.3-p194/gems/activerecord-3.2.8/lib/active_record/fixtures.rb:494:in `block (3 levels) in create_fixtures'
    /usr/local/rvm/gems/ruby-1.9.3-p194/gems/activerecord-3.2.8/lib/active_record/fixtures.rb:492:in `each'
    /usr/local/rvm/gems/ruby-1.9.3-p194/gems/activerecord-3.2.8/lib/active_record/fixtures.rb:492:in `block (2 levels) in create_fixtures'
    /usr/local/rvm/gems/ruby-1.9.3-p194/gems/activerecord-3.2.8/lib/active_record/connection_adapters/abstract/database_statements.rb:192:in `transaction'
    /usr/local/rvm/gems/ruby-1.9.3-p194/gems/activerecord-3.2.8/lib/active_record/fixtures.rb:491:in `block in create_fixtures'
    /usr/local/rvm/gems/ruby-1.9.3-p194/gems/activerecord-3.2.8/lib/active_record/connection_adapters/abstract_adapter.rb:168:in `disable_referential_integrity'
    /usr/local/rvm/gems/ruby-1.9.3-p194/gems/activerecord-3.2.8/lib/active_record/fixtures.rb:476:in `create_fixtures'
    /usr/local/rvm/gems/ruby-1.9.3-p194/gems/activerecord-3.2.8/lib/active_record/fixtures.rb:895:in `load_fixtures'
    /usr/local/rvm/gems/ruby-1.9.3-p194/gems/activerecord-3.2.8/lib/active_record/fixtures.rb:849:in `setup_fixtures'
    /usr/local/rvm/gems/ruby-1.9.3-p194/gems/activesupport-3.2.8/lib/active_support/callbacks.rb:429:in `_run__382121097__setup__907628377__callbacks'
    /usr/local/rvm/gems/ruby-1.9.3-p194/gems/activesupport-3.2.8/lib/active_support/callbacks.rb:405:in `__run_callback'
    /usr/local/rvm/gems/ruby-1.9.3-p194/gems/activesupport-3.2.8/lib/active_support/callbacks.rb:385:in `_run_setup_callbacks'
    /usr/local/rvm/gems/ruby-1.9.3-p194/gems/activesupport-3.2.8/lib/active_support/callbacks.rb:81:in `run_callbacks'
    /usr/local/rvm/gems/ruby-1.9.3-p194/gems/activesupport-3.2.8/lib/active_support/testing/setup_and_teardown.rb:35:in `run'

  4) Error:
test_should_get_index(UsersControllerTest):
ActiveRecord::StatementInvalid: Could not find table 'users'
    /usr/local/rvm/gems/ruby-1.9.3-p194/gems/activerecord-3.2.8/lib/active_record/connection_adapters/sqlite_adapter.rb:472:in `table_structure'
    /usr/local/rvm/gems/ruby-1.9.3-p194/gems/activerecord-3.2.8/lib/active_record/connection_adapters/sqlite_adapter.rb:346:in `columns'
    /usr/local/rvm/gems/ruby-1.9.3-p194/gems/activerecord-3.2.8/lib/active_record/fixtures.rb:660:in `column_names'
    /usr/local/rvm/gems/ruby-1.9.3-p194/gems/activerecord-3.2.8/lib/active_record/fixtures.rb:652:in `timestamp_column_names'
    /usr/local/rvm/gems/ruby-1.9.3-p194/gems/activerecord-3.2.8/lib/active_record/fixtures.rb:585:in `block in table_rows'
    /usr/local/rvm/gems/ruby-1.9.3-p194/gems/activerecord-3.2.8/lib/active_record/fixtures.rb:579:in `each'
    /usr/local/rvm/gems/ruby-1.9.3-p194/gems/activerecord-3.2.8/lib/active_record/fixtures.rb:579:in `map'
    /usr/local/rvm/gems/ruby-1.9.3-p194/gems/activerecord-3.2.8/lib/active_record/fixtures.rb:579:in `table_rows'
    /usr/local/rvm/gems/ruby-1.9.3-p194/gems/activerecord-3.2.8/lib/active_record/fixtures.rb:494:in `block (3 levels) in create_fixtures'
    /usr/local/rvm/gems/ruby-1.9.3-p194/gems/activerecord-3.2.8/lib/active_record/fixtures.rb:492:in `each'
    /usr/local/rvm/gems/ruby-1.9.3-p194/gems/activerecord-3.2.8/lib/active_record/fixtures.rb:492:in `block (2 levels) in create_fixtures'
    /usr/local/rvm/gems/ruby-1.9.3-p194/gems/activerecord-3.2.8/lib/active_record/connection_adapters/abstract/database_statements.rb:192:in `transaction'
    /usr/local/rvm/gems/ruby-1.9.3-p194/gems/activerecord-3.2.8/lib/active_record/fixtures.rb:491:in `block in create_fixtures'
    /usr/local/rvm/gems/ruby-1.9.3-p194/gems/activerecord-3.2.8/lib/active_record/connection_adapters/abstract_adapter.rb:168:in `disable_referential_integrity'
    /usr/local/rvm/gems/ruby-1.9.3-p194/gems/activerecord-3.2.8/lib/active_record/fixtures.rb:476:in `create_fixtures'
    /usr/local/rvm/gems/ruby-1.9.3-p194/gems/activerecord-3.2.8/lib/active_record/fixtures.rb:895:in `load_fixtures'
    /usr/local/rvm/gems/ruby-1.9.3-p194/gems/activerecord-3.2.8/lib/active_record/fixtures.rb:849:in `setup_fixtures'
    /usr/local/rvm/gems/ruby-1.9.3-p194/gems/activesupport-3.2.8/lib/active_support/callbacks.rb:429:in `_run__382121097__setup__907628377__callbacks'
    /usr/local/rvm/gems/ruby-1.9.3-p194/gems/activesupport-3.2.8/lib/active_support/callbacks.rb:405:in `__run_callback'
    /usr/local/rvm/gems/ruby-1.9.3-p194/gems/activesupport-3.2.8/lib/active_support/callbacks.rb:385:in `_run_setup_callbacks'
    /usr/local/rvm/gems/ruby-1.9.3-p194/gems/activesupport-3.2.8/lib/active_support/callbacks.rb:81:in `run_callbacks'
    /usr/local/rvm/gems/ruby-1.9.3-p194/gems/activesupport-3.2.8/lib/active_support/testing/setup_and_teardown.rb:35:in `run'

  5) Error:
test_should_get_new(UsersControllerTest):
ActiveRecord::StatementInvalid: Could not find table 'users'
    /usr/local/rvm/gems/ruby-1.9.3-p194/gems/activerecord-3.2.8/lib/active_record/connection_adapters/sqlite_adapter.rb:472:in `table_structure'
    /usr/local/rvm/gems/ruby-1.9.3-p194/gems/activerecord-3.2.8/lib/active_record/connection_adapters/sqlite_adapter.rb:346:in `columns'
    /usr/local/rvm/gems/ruby-1.9.3-p194/gems/activerecord-3.2.8/lib/active_record/fixtures.rb:660:in `column_names'
    /usr/local/rvm/gems/ruby-1.9.3-p194/gems/activerecord-3.2.8/lib/active_record/fixtures.rb:652:in `timestamp_column_names'
    /usr/local/rvm/gems/ruby-1.9.3-p194/gems/activerecord-3.2.8/lib/active_record/fixtures.rb:585:in `block in table_rows'
    /usr/local/rvm/gems/ruby-1.9.3-p194/gems/activerecord-3.2.8/lib/active_record/fixtures.rb:579:in `each'
    /usr/local/rvm/gems/ruby-1.9.3-p194/gems/activerecord-3.2.8/lib/active_record/fixtures.rb:579:in `map'
    /usr/local/rvm/gems/ruby-1.9.3-p194/gems/activerecord-3.2.8/lib/active_record/fixtures.rb:579:in `table_rows'
    /usr/local/rvm/gems/ruby-1.9.3-p194/gems/activerecord-3.2.8/lib/active_record/fixtures.rb:494:in `block (3 levels) in create_fixtures'
    /usr/local/rvm/gems/ruby-1.9.3-p194/gems/activerecord-3.2.8/lib/active_record/fixtures.rb:492:in `each'
    /usr/local/rvm/gems/ruby-1.9.3-p194/gems/activerecord-3.2.8/lib/active_record/fixtures.rb:492:in `block (2 levels) in create_fixtures'
    /usr/local/rvm/gems/ruby-1.9.3-p194/gems/activerecord-3.2.8/lib/active_record/connection_adapters/abstract/database_statements.rb:192:in `transaction'
    /usr/local/rvm/gems/ruby-1.9.3-p194/gems/activerecord-3.2.8/lib/active_record/fixtures.rb:491:in `block in create_fixtures'
    /usr/local/rvm/gems/ruby-1.9.3-p194/gems/activerecord-3.2.8/lib/active_record/connection_adapters/abstract_adapter.rb:168:in `disable_referential_integrity'
    /usr/local/rvm/gems/ruby-1.9.3-p194/gems/activerecord-3.2.8/lib/active_record/fixtures.rb:476:in `create_fixtures'
    /usr/local/rvm/gems/ruby-1.9.3-p194/gems/activerecord-3.2.8/lib/active_record/fixtures.rb:895:in `load_fixtures'
    /usr/local/rvm/gems/ruby-1.9.3-p194/gems/activerecord-3.2.8/lib/active_record/fixtures.rb:849:in `setup_fixtures'
    /usr/local/rvm/gems/ruby-1.9.3-p194/gems/activesupport-3.2.8/lib/active_support/callbacks.rb:429:in `_run__382121097__setup__907628377__callbacks'
    /usr/local/rvm/gems/ruby-1.9.3-p194/gems/activesupport-3.2.8/lib/active_support/callbacks.rb:405:in `__run_callback'
    /usr/local/rvm/gems/ruby-1.9.3-p194/gems/activesupport-3.2.8/lib/active_support/callbacks.rb:385:in `_run_setup_callbacks'
    /usr/local/rvm/gems/ruby-1.9.3-p194/gems/activesupport-3.2.8/lib/active_support/callbacks.rb:81:in `run_callbacks'
    /usr/local/rvm/gems/ruby-1.9.3-p194/gems/activesupport-3.2.8/lib/active_support/testing/setup_and_teardown.rb:35:in `run'

  6) Error:
test_should_show_user(UsersControllerTest):
ActiveRecord::StatementInvalid: Could not find table 'users'
    /usr/local/rvm/gems/ruby-1.9.3-p194/gems/activerecord-3.2.8/lib/active_record/connection_adapters/sqlite_adapter.rb:472:in `table_structure'
    /usr/local/rvm/gems/ruby-1.9.3-p194/gems/activerecord-3.2.8/lib/active_record/connection_adapters/sqlite_adapter.rb:346:in `columns'
    /usr/local/rvm/gems/ruby-1.9.3-p194/gems/activerecord-3.2.8/lib/active_record/fixtures.rb:660:in `column_names'
    /usr/local/rvm/gems/ruby-1.9.3-p194/gems/activerecord-3.2.8/lib/active_record/fixtures.rb:652:in `timestamp_column_names'
    /usr/local/rvm/gems/ruby-1.9.3-p194/gems/activerecord-3.2.8/lib/active_record/fixtures.rb:585:in `block in table_rows'
    /usr/local/rvm/gems/ruby-1.9.3-p194/gems/activerecord-3.2.8/lib/active_record/fixtures.rb:579:in `each'
    /usr/local/rvm/gems/ruby-1.9.3-p194/gems/activerecord-3.2.8/lib/active_record/fixtures.rb:579:in `map'
    /usr/local/rvm/gems/ruby-1.9.3-p194/gems/activerecord-3.2.8/lib/active_record/fixtures.rb:579:in `table_rows'
    /usr/local/rvm/gems/ruby-1.9.3-p194/gems/activerecord-3.2.8/lib/active_record/fixtures.rb:494:in `block (3 levels) in create_fixtures'
    /usr/local/rvm/gems/ruby-1.9.3-p194/gems/activerecord-3.2.8/lib/active_record/fixtures.rb:492:in `each'
    /usr/local/rvm/gems/ruby-1.9.3-p194/gems/activerecord-3.2.8/lib/active_record/fixtures.rb:492:in `block (2 levels) in create_fixtures'
    /usr/local/rvm/gems/ruby-1.9.3-p194/gems/activerecord-3.2.8/lib/active_record/connection_adapters/abstract/database_statements.rb:192:in `transaction'
    /usr/local/rvm/gems/ruby-1.9.3-p194/gems/activerecord-3.2.8/lib/active_record/fixtures.rb:491:in `block in create_fixtures'
    /usr/local/rvm/gems/ruby-1.9.3-p194/gems/activerecord-3.2.8/lib/active_record/connection_adapters/abstract_adapter.rb:168:in `disable_referential_integrity'
    /usr/local/rvm/gems/ruby-1.9.3-p194/gems/activerecord-3.2.8/lib/active_record/fixtures.rb:476:in `create_fixtures'
    /usr/local/rvm/gems/ruby-1.9.3-p194/gems/activerecord-3.2.8/lib/active_record/fixtures.rb:895:in `load_fixtures'
    /usr/local/rvm/gems/ruby-1.9.3-p194/gems/activerecord-3.2.8/lib/active_record/fixtures.rb:849:in `setup_fixtures'
    /usr/local/rvm/gems/ruby-1.9.3-p194/gems/activesupport-3.2.8/lib/active_support/callbacks.rb:429:in `_run__382121097__setup__907628377__callbacks'
    /usr/local/rvm/gems/ruby-1.9.3-p194/gems/activesupport-3.2.8/lib/active_support/callbacks.rb:405:in `__run_callback'
    /usr/local/rvm/gems/ruby-1.9.3-p194/gems/activesupport-3.2.8/lib/active_support/callbacks.rb:385:in `_run_setup_callbacks'
    /usr/local/rvm/gems/ruby-1.9.3-p194/gems/activesupport-3.2.8/lib/active_support/callbacks.rb:81:in `run_callbacks'
    /usr/local/rvm/gems/ruby-1.9.3-p194/gems/activesupport-3.2.8/lib/active_support/testing/setup_and_teardown.rb:35:in `run'

  7) Error:
test_should_update_user(UsersControllerTest):
ActiveRecord::StatementInvalid: Could not find table 'users'
    /usr/local/rvm/gems/ruby-1.9.3-p194/gems/activerecord-3.2.8/lib/active_record/connection_adapters/sqlite_adapter.rb:472:in `table_structure'
    /usr/local/rvm/gems/ruby-1.9.3-p194/gems/activerecord-3.2.8/lib/active_record/connection_adapters/sqlite_adapter.rb:346:in `columns'
    /usr/local/rvm/gems/ruby-1.9.3-p194/gems/activerecord-3.2.8/lib/active_record/fixtures.rb:660:in `column_names'
    /usr/local/rvm/gems/ruby-1.9.3-p194/gems/activerecord-3.2.8/lib/active_record/fixtures.rb:652:in `timestamp_column_names'
    /usr/local/rvm/gems/ruby-1.9.3-p194/gems/activerecord-3.2.8/lib/active_record/fixtures.rb:585:in `block in table_rows'
    /usr/local/rvm/gems/ruby-1.9.3-p194/gems/activerecord-3.2.8/lib/active_record/fixtures.rb:579:in `each'
    /usr/local/rvm/gems/ruby-1.9.3-p194/gems/activerecord-3.2.8/lib/active_record/fixtures.rb:579:in `map'
    /usr/local/rvm/gems/ruby-1.9.3-p194/gems/activerecord-3.2.8/lib/active_record/fixtures.rb:579:in `table_rows'
    /usr/local/rvm/gems/ruby-1.9.3-p194/gems/activerecord-3.2.8/lib/active_record/fixtures.rb:494:in `block (3 levels) in create_fixtures'
    /usr/local/rvm/gems/ruby-1.9.3-p194/gems/activerecord-3.2.8/lib/active_record/fixtures.rb:492:in `each'
    /usr/local/rvm/gems/ruby-1.9.3-p194/gems/activerecord-3.2.8/lib/active_record/fixtures.rb:492:in `block (2 levels) in create_fixtures'
    /usr/local/rvm/gems/ruby-1.9.3-p194/gems/activerecord-3.2.8/lib/active_record/connection_adapters/abstract/database_statements.rb:192:in `transaction'
    /usr/local/rvm/gems/ruby-1.9.3-p194/gems/activerecord-3.2.8/lib/active_record/fixtures.rb:491:in `block in create_fixtures'
    /usr/local/rvm/gems/ruby-1.9.3-p194/gems/activerecord-3.2.8/lib/active_record/connection_adapters/abstract_adapter.rb:168:in `disable_referential_integrity'
    /usr/local/rvm/gems/ruby-1.9.3-p194/gems/activerecord-3.2.8/lib/active_record/fixtures.rb:476:in `create_fixtures'
    /usr/local/rvm/gems/ruby-1.9.3-p194/gems/activerecord-3.2.8/lib/active_record/fixtures.rb:895:in `load_fixtures'
    /usr/local/rvm/gems/ruby-1.9.3-p194/gems/activerecord-3.2.8/lib/active_record/fixtures.rb:849:in `setup_fixtures'
    /usr/local/rvm/gems/ruby-1.9.3-p194/gems/activesupport-3.2.8/lib/active_support/callbacks.rb:429:in `_run__382121097__setup__907628377__callbacks'
    /usr/local/rvm/gems/ruby-1.9.3-p194/gems/activesupport-3.2.8/lib/active_support/callbacks.rb:405:in `__run_callback'
    /usr/local/rvm/gems/ruby-1.9.3-p194/gems/activesupport-3.2.8/lib/active_support/callbacks.rb:385:in `_run_setup_callbacks'
    /usr/local/rvm/gems/ruby-1.9.3-p194/gems/activesupport-3.2.8/lib/active_support/callbacks.rb:81:in `run_callbacks'
    /usr/local/rvm/gems/ruby-1.9.3-p194/gems/activesupport-3.2.8/lib/active_support/testing/setup_and_teardown.rb:35:in `run'

7 tests, 0 assertions, 0 failures, 7 errors, 0 skips
Run options: -n "/^(test_should_get_contact|test_should_get_home)$/"

# Running tests:

EE

Finished tests in 0.045116s, 44.3304 tests/s, 0.0000 assertions/s.

  1) Error:
test_should_get_contact(PagesControllerTest):
ActiveRecord::StatementInvalid: Could not find table 'users'
    /usr/local/rvm/gems/ruby-1.9.3-p194/gems/activerecord-3.2.8/lib/active_record/connection_adapters/sqlite_adapter.rb:472:in `table_structure'
    /usr/local/rvm/gems/ruby-1.9.3-p194/gems/activerecord-3.2.8/lib/active_record/connection_adapters/sqlite_adapter.rb:346:in `columns'
    /usr/local/rvm/gems/ruby-1.9.3-p194/gems/activerecord-3.2.8/lib/active_record/fixtures.rb:660:in `column_names'
    /usr/local/rvm/gems/ruby-1.9.3-p194/gems/activerecord-3.2.8/lib/active_record/fixtures.rb:652:in `timestamp_column_names'
    /usr/local/rvm/gems/ruby-1.9.3-p194/gems/activerecord-3.2.8/lib/active_record/fixtures.rb:585:in `block in table_rows'
    /usr/local/rvm/gems/ruby-1.9.3-p194/gems/activerecord-3.2.8/lib/active_record/fixtures.rb:579:in `each'
    /usr/local/rvm/gems/ruby-1.9.3-p194/gems/activerecord-3.2.8/lib/active_record/fixtures.rb:579:in `map'
    /usr/local/rvm/gems/ruby-1.9.3-p194/gems/activerecord-3.2.8/lib/active_record/fixtures.rb:579:in `table_rows'
    /usr/local/rvm/gems/ruby-1.9.3-p194/gems/activerecord-3.2.8/lib/active_record/fixtures.rb:494:in `block (3 levels) in create_fixtures'
    /usr/local/rvm/gems/ruby-1.9.3-p194/gems/activerecord-3.2.8/lib/active_record/fixtures.rb:492:in `each'
    /usr/local/rvm/gems/ruby-1.9.3-p194/gems/activerecord-3.2.8/lib/active_record/fixtures.rb:492:in `block (2 levels) in create_fixtures'
    /usr/local/rvm/gems/ruby-1.9.3-p194/gems/activerecord-3.2.8/lib/active_record/connection_adapters/abstract/database_statements.rb:192:in `transaction'
    /usr/local/rvm/gems/ruby-1.9.3-p194/gems/activerecord-3.2.8/lib/active_record/fixtures.rb:491:in `block in create_fixtures'
    /usr/local/rvm/gems/ruby-1.9.3-p194/gems/activerecord-3.2.8/lib/active_record/connection_adapters/abstract_adapter.rb:168:in `disable_referential_integrity'
    /usr/local/rvm/gems/ruby-1.9.3-p194/gems/activerecord-3.2.8/lib/active_record/fixtures.rb:476:in `create_fixtures'
    /usr/local/rvm/gems/ruby-1.9.3-p194/gems/activerecord-3.2.8/lib/active_record/fixtures.rb:895:in `load_fixtures'
    /usr/local/rvm/gems/ruby-1.9.3-p194/gems/activerecord-3.2.8/lib/active_record/fixtures.rb:849:in `setup_fixtures'
    /usr/local/rvm/gems/ruby-1.9.3-p194/gems/activesupport-3.2.8/lib/active_support/callbacks.rb:429:in `_run__386846021__setup__317626391__callbacks'
    /usr/local/rvm/gems/ruby-1.9.3-p194/gems/activesupport-3.2.8/lib/active_support/callbacks.rb:405:in `__run_callback'
    /usr/local/rvm/gems/ruby-1.9.3-p194/gems/activesupport-3.2.8/lib/active_support/callbacks.rb:385:in `_run_setup_callbacks'
    /usr/local/rvm/gems/ruby-1.9.3-p194/gems/activesupport-3.2.8/lib/active_support/callbacks.rb:81:in `run_callbacks'
    /usr/local/rvm/gems/ruby-1.9.3-p194/gems/activesupport-3.2.8/lib/active_support/testing/setup_and_teardown.rb:35:in `run'

  2) Error:
test_should_get_home(PagesControllerTest):
ActiveRecord::StatementInvalid: Could not find table 'users'
    /usr/local/rvm/gems/ruby-1.9.3-p194/gems/activerecord-3.2.8/lib/active_record/connection_adapters/sqlite_adapter.rb:472:in `table_structure'
    /usr/local/rvm/gems/ruby-1.9.3-p194/gems/activerecord-3.2.8/lib/active_record/connection_adapters/sqlite_adapter.rb:346:in `columns'
    /usr/local/rvm/gems/ruby-1.9.3-p194/gems/activerecord-3.2.8/lib/active_record/fixtures.rb:660:in `column_names'
    /usr/local/rvm/gems/ruby-1.9.3-p194/gems/activerecord-3.2.8/lib/active_record/fixtures.rb:652:in `timestamp_column_names'
    /usr/local/rvm/gems/ruby-1.9.3-p194/gems/activerecord-3.2.8/lib/active_record/fixtures.rb:585:in `block in table_rows'
    /usr/local/rvm/gems/ruby-1.9.3-p194/gems/activerecord-3.2.8/lib/active_record/fixtures.rb:579:in `each'
    /usr/local/rvm/gems/ruby-1.9.3-p194/gems/activerecord-3.2.8/lib/active_record/fixtures.rb:579:in `map'
    /usr/local/rvm/gems/ruby-1.9.3-p194/gems/activerecord-3.2.8/lib/active_record/fixtures.rb:579:in `table_rows'
    /usr/local/rvm/gems/ruby-1.9.3-p194/gems/activerecord-3.2.8/lib/active_record/fixtures.rb:494:in `block (3 levels) in create_fixtures'
    /usr/local/rvm/gems/ruby-1.9.3-p194/gems/activerecord-3.2.8/lib/active_record/fixtures.rb:492:in `each'
    /usr/local/rvm/gems/ruby-1.9.3-p194/gems/activerecord-3.2.8/lib/active_record/fixtures.rb:492:in `block (2 levels) in create_fixtures'
    /usr/local/rvm/gems/ruby-1.9.3-p194/gems/activerecord-3.2.8/lib/active_record/connection_adapters/abstract/database_statements.rb:192:in `transaction'
    /usr/local/rvm/gems/ruby-1.9.3-p194/gems/activerecord-3.2.8/lib/active_record/fixtures.rb:491:in `block in create_fixtures'
    /usr/local/rvm/gems/ruby-1.9.3-p194/gems/activerecord-3.2.8/lib/active_record/connection_adapters/abstract_adapter.rb:168:in `disable_referential_integrity'
    /usr/local/rvm/gems/ruby-1.9.3-p194/gems/activerecord-3.2.8/lib/active_record/fixtures.rb:476:in `create_fixtures'
    /usr/local/rvm/gems/ruby-1.9.3-p194/gems/activerecord-3.2.8/lib/active_record/fixtures.rb:895:in `load_fixtures'
    /usr/local/rvm/gems/ruby-1.9.3-p194/gems/activerecord-3.2.8/lib/active_record/fixtures.rb:849:in `setup_fixtures'
    /usr/local/rvm/gems/ruby-1.9.3-p194/gems/activesupport-3.2.8/lib/active_support/callbacks.rb:429:in `_run__386846021__setup__317626391__callbacks'
    /usr/local/rvm/gems/ruby-1.9.3-p194/gems/activesupport-3.2.8/lib/active_support/callbacks.rb:405:in `__run_callback'
    /usr/local/rvm/gems/ruby-1.9.3-p194/gems/activesupport-3.2.8/lib/active_support/callbacks.rb:385:in `_run_setup_callbacks'
    /usr/local/rvm/gems/ruby-1.9.3-p194/gems/activesupport-3.2.8/lib/active_support/callbacks.rb:81:in `run_callbacks'
    /usr/local/rvm/gems/ruby-1.9.3-p194/gems/activesupport-3.2.8/lib/active_support/testing/setup_and_teardown.rb:35:in `run'

2 tests, 0 assertions, 0 failures, 2 errors, 0 skips
/usr/local/rvm/rubies/ruby-1.9.3-p194/bin/ruby -I.:lib:test -rubygems test/functional/microposts_controller_test.rb -n "/^(test_should_create_micropost|test_should_destroy_micropost|test_should_get_edit|test_should_get_index|test_should_get_new|test_should_show_micropost|test_should_update_micropost)$/"; /usr/local/rvm/rubies/ruby-1.9.3-p194/bin/ruby -I.:lib:test -rubygems test/functional/users_controller_test.rb -n "/^(test_should_create_user|test_should_destroy_user|test_should_get_edit|test_should_get_index|test_should_get_new|test_should_show_user|test_should_update_user)$/"; /usr/local/rvm/rubies/ruby-1.9.3-p194/bin/ruby -I.:lib:test -rubygems test/functional/pages_controller_test.rb -n "/^(test_should_get_contact|test_should_get_home)$/"
Run options: -n "/^(test_should_create_micropost|test_should_destroy_micropost|test_should_get_edit|test_should_get_index|test_should_get_new|test_should_show_micropost|test_should_update_micropost)$/"

# Running tests:

EEEEEEE

Finished tests in 0.106305s, 65.8482 tests/s, 0.0000 assertions/s.

  1) Error:
test_should_create_micropost(MicropostsControllerTest):
ActiveRecord::StatementInvalid: Could not find table 'users'
    /usr/local/rvm/gems/ruby-1.9.3-p194/gems/activerecord-3.2.8/lib/active_record/connection_adapters/sqlite_adapter.rb:472:in `table_structure'
    /usr/local/rvm/gems/ruby-1.9.3-p194/gems/activerecord-3.2.8/lib/active_record/connection_adapters/sqlite_adapter.rb:346:in `columns'
    /usr/local/rvm/gems/ruby-1.9.3-p194/gems/activerecord-3.2.8/lib/active_record/fixtures.rb:660:in `column_names'
    /usr/local/rvm/gems/ruby-1.9.3-p194/gems/activerecord-3.2.8/lib/active_record/fixtures.rb:652:in `timestamp_column_names'
    /usr/local/rvm/gems/ruby-1.9.3-p194/gems/activerecord-3.2.8/lib/active_record/fixtures.rb:585:in `block in table_rows'
    /usr/local/rvm/gems/ruby-1.9.3-p194/gems/activerecord-3.2.8/lib/active_record/fixtures.rb:579:in `each'
    /usr/local/rvm/gems/ruby-1.9.3-p194/gems/activerecord-3.2.8/lib/active_record/fixtures.rb:579:in `map'
    /usr/local/rvm/gems/ruby-1.9.3-p194/gems/activerecord-3.2.8/lib/active_record/fixtures.rb:579:in `table_rows'
    /usr/local/rvm/gems/ruby-1.9.3-p194/gems/activerecord-3.2.8/lib/active_record/fixtures.rb:494:in `block (3 levels) in create_fixtures'
    /usr/local/rvm/gems/ruby-1.9.3-p194/gems/activerecord-3.2.8/lib/active_record/fixtures.rb:492:in `each'
    /usr/local/rvm/gems/ruby-1.9.3-p194/gems/activerecord-3.2.8/lib/active_record/fixtures.rb:492:in `block (2 levels) in create_fixtures'
    /usr/local/rvm/gems/ruby-1.9.3-p194/gems/activerecord-3.2.8/lib/active_record/connection_adapters/abstract/database_statements.rb:192:in `transaction'
    /usr/local/rvm/gems/ruby-1.9.3-p194/gems/activerecord-3.2.8/lib/active_record/fixtures.rb:491:in `block in create_fixtures'
    /usr/local/rvm/gems/ruby-1.9.3-p194/gems/activerecord-3.2.8/lib/active_record/connection_adapters/abstract_adapter.rb:168:in `disable_referential_integrity'
    /usr/local/rvm/gems/ruby-1.9.3-p194/gems/activerecord-3.2.8/lib/active_record/fixtures.rb:476:in `create_fixtures'
    /usr/local/rvm/gems/ruby-1.9.3-p194/gems/activerecord-3.2.8/lib/active_record/fixtures.rb:895:in `load_fixtures'
    /usr/local/rvm/gems/ruby-1.9.3-p194/gems/activerecord-3.2.8/lib/active_record/fixtures.rb:849:in `setup_fixtures'
    /usr/local/rvm/gems/ruby-1.9.3-p194/gems/activesupport-3.2.8/lib/active_support/callbacks.rb:429:in `_run__502872246__setup__160390468__callbacks'
    /usr/local/rvm/gems/ruby-1.9.3-p194/gems/activesupport-3.2.8/lib/active_support/callbacks.rb:405:in `__run_callback'
    /usr/local/rvm/gems/ruby-1.9.3-p194/gems/activesupport-3.2.8/lib/active_support/callbacks.rb:385:in `_run_setup_callbacks'
    /usr/local/rvm/gems/ruby-1.9.3-p194/gems/activesupport-3.2.8/lib/active_support/callbacks.rb:81:in `run_callbacks'
    /usr/local/rvm/gems/ruby-1.9.3-p194/gems/activesupport-3.2.8/lib/active_support/testing/setup_and_teardown.rb:35:in `run'

  2) Error:
test_should_destroy_micropost(MicropostsControllerTest):
ActiveRecord::StatementInvalid: Could not find table 'users'
    /usr/local/rvm/gems/ruby-1.9.3-p194/gems/activerecord-3.2.8/lib/active_record/connection_adapters/sqlite_adapter.rb:472:in `table_structure'
    /usr/local/rvm/gems/ruby-1.9.3-p194/gems/activerecord-3.2.8/lib/active_record/connection_adapters/sqlite_adapter.rb:346:in `columns'
    /usr/local/rvm/gems/ruby-1.9.3-p194/gems/activerecord-3.2.8/lib/active_record/fixtures.rb:660:in `column_names'
    /usr/local/rvm/gems/ruby-1.9.3-p194/gems/activerecord-3.2.8/lib/active_record/fixtures.rb:652:in `timestamp_column_names'
    /usr/local/rvm/gems/ruby-1.9.3-p194/gems/activerecord-3.2.8/lib/active_record/fixtures.rb:585:in `block in table_rows'
    /usr/local/rvm/gems/ruby-1.9.3-p194/gems/activerecord-3.2.8/lib/active_record/fixtures.rb:579:in `each'
    /usr/local/rvm/gems/ruby-1.9.3-p194/gems/activerecord-3.2.8/lib/active_record/fixtures.rb:579:in `map'
    /usr/local/rvm/gems/ruby-1.9.3-p194/gems/activerecord-3.2.8/lib/active_record/fixtures.rb:579:in `table_rows'
    /usr/local/rvm/gems/ruby-1.9.3-p194/gems/activerecord-3.2.8/lib/active_record/fixtures.rb:494:in `block (3 levels) in create_fixtures'
    /usr/local/rvm/gems/ruby-1.9.3-p194/gems/activerecord-3.2.8/lib/active_record/fixtures.rb:492:in `each'
    /usr/local/rvm/gems/ruby-1.9.3-p194/gems/activerecord-3.2.8/lib/active_record/fixtures.rb:492:in `block (2 levels) in create_fixtures'
    /usr/local/rvm/gems/ruby-1.9.3-p194/gems/activerecord-3.2.8/lib/active_record/connection_adapters/abstract/database_statements.rb:192:in `transaction'
    /usr/local/rvm/gems/ruby-1.9.3-p194/gems/activerecord-3.2.8/lib/active_record/fixtures.rb:491:in `block in create_fixtures'
    /usr/local/rvm/gems/ruby-1.9.3-p194/gems/activerecord-3.2.8/lib/active_record/connection_adapters/abstract_adapter.rb:168:in `disable_referential_integrity'
    /usr/local/rvm/gems/ruby-1.9.3-p194/gems/activerecord-3.2.8/lib/active_record/fixtures.rb:476:in `create_fixtures'
    /usr/local/rvm/gems/ruby-1.9.3-p194/gems/activerecord-3.2.8/lib/active_record/fixtures.rb:895:in `load_fixtures'
    /usr/local/rvm/gems/ruby-1.9.3-p194/gems/activerecord-3.2.8/lib/active_record/fixtures.rb:849:in `setup_fixtures'
    /usr/local/rvm/gems/ruby-1.9.3-p194/gems/activesupport-3.2.8/lib/active_support/callbacks.rb:429:in `_run__502872246__setup__160390468__callbacks'
    /usr/local/rvm/gems/ruby-1.9.3-p194/gems/activesupport-3.2.8/lib/active_support/callbacks.rb:405:in `__run_callback'
    /usr/local/rvm/gems/ruby-1.9.3-p194/gems/activesupport-3.2.8/lib/active_support/callbacks.rb:385:in `_run_setup_callbacks'
    /usr/local/rvm/gems/ruby-1.9.3-p194/gems/activesupport-3.2.8/lib/active_support/callbacks.rb:81:in `run_callbacks'
    /usr/local/rvm/gems/ruby-1.9.3-p194/gems/activesupport-3.2.8/lib/active_support/testing/setup_and_teardown.rb:35:in `run'

  3) Error:
test_should_get_edit(MicropostsControllerTest):
ActiveRecord::StatementInvalid: Could not find table 'users'
    /usr/local/rvm/gems/ruby-1.9.3-p194/gems/activerecord-3.2.8/lib/active_record/connection_adapters/sqlite_adapter.rb:472:in `table_structure'
    /usr/local/rvm/gems/ruby-1.9.3-p194/gems/activerecord-3.2.8/lib/active_record/connection_adapters/sqlite_adapter.rb:346:in `columns'
    /usr/local/rvm/gems/ruby-1.9.3-p194/gems/activerecord-3.2.8/lib/active_record/fixtures.rb:660:in `column_names'
    /usr/local/rvm/gems/ruby-1.9.3-p194/gems/activerecord-3.2.8/lib/active_record/fixtures.rb:652:in `timestamp_column_names'
    /usr/local/rvm/gems/ruby-1.9.3-p194/gems/activerecord-3.2.8/lib/active_record/fixtures.rb:585:in `block in table_rows'
    /usr/local/rvm/gems/ruby-1.9.3-p194/gems/activerecord-3.2.8/lib/active_record/fixtures.rb:579:in `each'
    /usr/local/rvm/gems/ruby-1.9.3-p194/gems/activerecord-3.2.8/lib/active_record/fixtures.rb:579:in `map'
    /usr/local/rvm/gems/ruby-1.9.3-p194/gems/activerecord-3.2.8/lib/active_record/fixtures.rb:579:in `table_rows'
    /usr/local/rvm/gems/ruby-1.9.3-p194/gems/activerecord-3.2.8/lib/active_record/fixtures.rb:494:in `block (3 levels) in create_fixtures'
    /usr/local/rvm/gems/ruby-1.9.3-p194/gems/activerecord-3.2.8/lib/active_record/fixtures.rb:492:in `each'
    /usr/local/rvm/gems/ruby-1.9.3-p194/gems/activerecord-3.2.8/lib/active_record/fixtures.rb:492:in `block (2 levels) in create_fixtures'
    /usr/local/rvm/gems/ruby-1.9.3-p194/gems/activerecord-3.2.8/lib/active_record/connection_adapters/abstract/database_statements.rb:192:in `transaction'
    /usr/local/rvm/gems/ruby-1.9.3-p194/gems/activerecord-3.2.8/lib/active_record/fixtures.rb:491:in `block in create_fixtures'
    /usr/local/rvm/gems/ruby-1.9.3-p194/gems/activerecord-3.2.8/lib/active_record/connection_adapters/abstract_adapter.rb:168:in `disable_referential_integrity'
    /usr/local/rvm/gems/ruby-1.9.3-p194/gems/activerecord-3.2.8/lib/active_record/fixtures.rb:476:in `create_fixtures'
    /usr/local/rvm/gems/ruby-1.9.3-p194/gems/activerecord-3.2.8/lib/active_record/fixtures.rb:895:in `load_fixtures'
    /usr/local/rvm/gems/ruby-1.9.3-p194/gems/activerecord-3.2.8/lib/active_record/fixtures.rb:849:in `setup_fixtures'
    /usr/local/rvm/gems/ruby-1.9.3-p194/gems/activesupport-3.2.8/lib/active_support/callbacks.rb:429:in `_run__502872246__setup__160390468__callbacks'
    /usr/local/rvm/gems/ruby-1.9.3-p194/gems/activesupport-3.2.8/lib/active_support/callbacks.rb:405:in `__run_callback'
    /usr/local/rvm/gems/ruby-1.9.3-p194/gems/activesupport-3.2.8/lib/active_support/callbacks.rb:385:in `_run_setup_callbacks'
    /usr/local/rvm/gems/ruby-1.9.3-p194/gems/activesupport-3.2.8/lib/active_support/callbacks.rb:81:in `run_callbacks'
    /usr/local/rvm/gems/ruby-1.9.3-p194/gems/activesupport-3.2.8/lib/active_support/testing/setup_and_teardown.rb:35:in `run'

  4) Error:
test_should_get_index(MicropostsControllerTest):
ActiveRecord::StatementInvalid: Could not find table 'users'
    /usr/local/rvm/gems/ruby-1.9.3-p194/gems/activerecord-3.2.8/lib/active_record/connection_adapters/sqlite_adapter.rb:472:in `table_structure'
    /usr/local/rvm/gems/ruby-1.9.3-p194/gems/activerecord-3.2.8/lib/active_record/connection_adapters/sqlite_adapter.rb:346:in `columns'
    /usr/local/rvm/gems/ruby-1.9.3-p194/gems/activerecord-3.2.8/lib/active_record/fixtures.rb:660:in `column_names'
    /usr/local/rvm/gems/ruby-1.9.3-p194/gems/activerecord-3.2.8/lib/active_record/fixtures.rb:652:in `timestamp_column_names'
    /usr/local/rvm/gems/ruby-1.9.3-p194/gems/activerecord-3.2.8/lib/active_record/fixtures.rb:585:in `block in table_rows'
    /usr/local/rvm/gems/ruby-1.9.3-p194/gems/activerecord-3.2.8/lib/active_record/fixtures.rb:579:in `each'
    /usr/local/rvm/gems/ruby-1.9.3-p194/gems/activerecord-3.2.8/lib/active_record/fixtures.rb:579:in `map'
    /usr/local/rvm/gems/ruby-1.9.3-p194/gems/activerecord-3.2.8/lib/active_record/fixtures.rb:579:in `table_rows'
    /usr/local/rvm/gems/ruby-1.9.3-p194/gems/activerecord-3.2.8/lib/active_record/fixtures.rb:494:in `block (3 levels) in create_fixtures'
    /usr/local/rvm/gems/ruby-1.9.3-p194/gems/activerecord-3.2.8/lib/active_record/fixtures.rb:492:in `each'
    /usr/local/rvm/gems/ruby-1.9.3-p194/gems/activerecord-3.2.8/lib/active_record/fixtures.rb:492:in `block (2 levels) in create_fixtures'
    /usr/local/rvm/gems/ruby-1.9.3-p194/gems/activerecord-3.2.8/lib/active_record/connection_adapters/abstract/database_statements.rb:192:in `transaction'
    /usr/local/rvm/gems/ruby-1.9.3-p194/gems/activerecord-3.2.8/lib/active_record/fixtures.rb:491:in `block in create_fixtures'
    /usr/local/rvm/gems/ruby-1.9.3-p194/gems/activerecord-3.2.8/lib/active_record/connection_adapters/abstract_adapter.rb:168:in `disable_referential_integrity'
    /usr/local/rvm/gems/ruby-1.9.3-p194/gems/activerecord-3.2.8/lib/active_record/fixtures.rb:476:in `create_fixtures'
    /usr/local/rvm/gems/ruby-1.9.3-p194/gems/activerecord-3.2.8/lib/active_record/fixtures.rb:895:in `load_fixtures'
    /usr/local/rvm/gems/ruby-1.9.3-p194/gems/activerecord-3.2.8/lib/active_record/fixtures.rb:849:in `setup_fixtures'
    /usr/local/rvm/gems/ruby-1.9.3-p194/gems/activesupport-3.2.8/lib/active_support/callbacks.rb:429:in `_run__502872246__setup__160390468__callbacks'
    /usr/local/rvm/gems/ruby-1.9.3-p194/gems/activesupport-3.2.8/lib/active_support/callbacks.rb:405:in `__run_callback'
    /usr/local/rvm/gems/ruby-1.9.3-p194/gems/activesupport-3.2.8/lib/active_support/callbacks.rb:385:in `_run_setup_callbacks'
    /usr/local/rvm/gems/ruby-1.9.3-p194/gems/activesupport-3.2.8/lib/active_support/callbacks.rb:81:in `run_callbacks'
    /usr/local/rvm/gems/ruby-1.9.3-p194/gems/activesupport-3.2.8/lib/active_support/testing/setup_and_teardown.rb:35:in `run'

  5) Error:
test_should_get_new(MicropostsControllerTest):
ActiveRecord::StatementInvalid: Could not find table 'users'
    /usr/local/rvm/gems/ruby-1.9.3-p194/gems/activerecord-3.2.8/lib/active_record/connection_adapters/sqlite_adapter.rb:472:in `table_structure'
    /usr/local/rvm/gems/ruby-1.9.3-p194/gems/activerecord-3.2.8/lib/active_record/connection_adapters/sqlite_adapter.rb:346:in `columns'
    /usr/local/rvm/gems/ruby-1.9.3-p194/gems/activerecord-3.2.8/lib/active_record/fixtures.rb:660:in `column_names'
    /usr/local/rvm/gems/ruby-1.9.3-p194/gems/activerecord-3.2.8/lib/active_record/fixtures.rb:652:in `timestamp_column_names'
    /usr/local/rvm/gems/ruby-1.9.3-p194/gems/activerecord-3.2.8/lib/active_record/fixtures.rb:585:in `block in table_rows'
    /usr/local/rvm/gems/ruby-1.9.3-p194/gems/activerecord-3.2.8/lib/active_record/fixtures.rb:579:in `each'
    /usr/local/rvm/gems/ruby-1.9.3-p194/gems/activerecord-3.2.8/lib/active_record/fixtures.rb:579:in `map'
    /usr/local/rvm/gems/ruby-1.9.3-p194/gems/activerecord-3.2.8/lib/active_record/fixtures.rb:579:in `table_rows'
    /usr/local/rvm/gems/ruby-1.9.3-p194/gems/activerecord-3.2.8/lib/active_record/fixtures.rb:494:in `block (3 levels) in create_fixtures'
    /usr/local/rvm/gems/ruby-1.9.3-p194/gems/activerecord-3.2.8/lib/active_record/fixtures.rb:492:in `each'
    /usr/local/rvm/gems/ruby-1.9.3-p194/gems/activerecord-3.2.8/lib/active_record/fixtures.rb:492:in `block (2 levels) in create_fixtures'
    /usr/local/rvm/gems/ruby-1.9.3-p194/gems/activerecord-3.2.8/lib/active_record/connection_adapters/abstract/database_statements.rb:192:in `transaction'
    /usr/local/rvm/gems/ruby-1.9.3-p194/gems/activerecord-3.2.8/lib/active_record/fixtures.rb:491:in `block in create_fixtures'
    /usr/local/rvm/gems/ruby-1.9.3-p194/gems/activerecord-3.2.8/lib/active_record/connection_adapters/abstract_adapter.rb:168:in `disable_referential_integrity'
    /usr/local/rvm/gems/ruby-1.9.3-p194/gems/activerecord-3.2.8/lib/active_record/fixtures.rb:476:in `create_fixtures'
    /usr/local/rvm/gems/ruby-1.9.3-p194/gems/activerecord-3.2.8/lib/active_record/fixtures.rb:895:in `load_fixtures'
    /usr/local/rvm/gems/ruby-1.9.3-p194/gems/activerecord-3.2.8/lib/active_record/fixtures.rb:849:in `setup_fixtures'
    /usr/local/rvm/gems/ruby-1.9.3-p194/gems/activesupport-3.2.8/lib/active_support/callbacks.rb:429:in `_run__502872246__setup__160390468__callbacks'
    /usr/local/rvm/gems/ruby-1.9.3-p194/gems/activesupport-3.2.8/lib/active_support/callbacks.rb:405:in `__run_callback'
    /usr/local/rvm/gems/ruby-1.9.3-p194/gems/activesupport-3.2.8/lib/active_support/callbacks.rb:385:in `_run_setup_callbacks'
    /usr/local/rvm/gems/ruby-1.9.3-p194/gems/activesupport-3.2.8/lib/active_support/callbacks.rb:81:in `run_callbacks'
    /usr/local/rvm/gems/ruby-1.9.3-p194/gems/activesupport-3.2.8/lib/active_support/testing/setup_and_teardown.rb:35:in `run'

  6) Error:
test_should_show_micropost(MicropostsControllerTest):
ActiveRecord::StatementInvalid: Could not find table 'users'
    /usr/local/rvm/gems/ruby-1.9.3-p194/gems/activerecord-3.2.8/lib/active_record/connection_adapters/sqlite_adapter.rb:472:in `table_structure'
    /usr/local/rvm/gems/ruby-1.9.3-p194/gems/activerecord-3.2.8/lib/active_record/connection_adapters/sqlite_adapter.rb:346:in `columns'
    /usr/local/rvm/gems/ruby-1.9.3-p194/gems/activerecord-3.2.8/lib/active_record/fixtures.rb:660:in `column_names'
    /usr/local/rvm/gems/ruby-1.9.3-p194/gems/activerecord-3.2.8/lib/active_record/fixtures.rb:652:in `timestamp_column_names'
    /usr/local/rvm/gems/ruby-1.9.3-p194/gems/activerecord-3.2.8/lib/active_record/fixtures.rb:585:in `block in table_rows'
    /usr/local/rvm/gems/ruby-1.9.3-p194/gems/activerecord-3.2.8/lib/active_record/fixtures.rb:579:in `each'
    /usr/local/rvm/gems/ruby-1.9.3-p194/gems/activerecord-3.2.8/lib/active_record/fixtures.rb:579:in `map'
    /usr/local/rvm/gems/ruby-1.9.3-p194/gems/activerecord-3.2.8/lib/active_record/fixtures.rb:579:in `table_rows'
    /usr/local/rvm/gems/ruby-1.9.3-p194/gems/activerecord-3.2.8/lib/active_record/fixtures.rb:494:in `block (3 levels) in create_fixtures'
    /usr/local/rvm/gems/ruby-1.9.3-p194/gems/activerecord-3.2.8/lib/active_record/fixtures.rb:492:in `each'
    /usr/local/rvm/gems/ruby-1.9.3-p194/gems/activerecord-3.2.8/lib/active_record/fixtures.rb:492:in `block (2 levels) in create_fixtures'
    /usr/local/rvm/gems/ruby-1.9.3-p194/gems/activerecord-3.2.8/lib/active_record/connection_adapters/abstract/database_statements.rb:192:in `transaction'
    /usr/local/rvm/gems/ruby-1.9.3-p194/gems/activerecord-3.2.8/lib/active_record/fixtures.rb:491:in `block in create_fixtures'
    /usr/local/rvm/gems/ruby-1.9.3-p194/gems/activerecord-3.2.8/lib/active_record/connection_adapters/abstract_adapter.rb:168:in `disable_referential_integrity'
    /usr/local/rvm/gems/ruby-1.9.3-p194/gems/activerecord-3.2.8/lib/active_record/fixtures.rb:476:in `create_fixtures'
    /usr/local/rvm/gems/ruby-1.9.3-p194/gems/activerecord-3.2.8/lib/active_record/fixtures.rb:895:in `load_fixtures'
    /usr/local/rvm/gems/ruby-1.9.3-p194/gems/activerecord-3.2.8/lib/active_record/fixtures.rb:849:in `setup_fixtures'
    /usr/local/rvm/gems/ruby-1.9.3-p194/gems/activesupport-3.2.8/lib/active_support/callbacks.rb:429:in `_run__502872246__setup__160390468__callbacks'
    /usr/local/rvm/gems/ruby-1.9.3-p194/gems/activesupport-3.2.8/lib/active_support/callbacks.rb:405:in `__run_callback'
    /usr/local/rvm/gems/ruby-1.9.3-p194/gems/activesupport-3.2.8/lib/active_support/callbacks.rb:385:in `_run_setup_callbacks'
    /usr/local/rvm/gems/ruby-1.9.3-p194/gems/activesupport-3.2.8/lib/active_support/callbacks.rb:81:in `run_callbacks'
    /usr/local/rvm/gems/ruby-1.9.3-p194/gems/activesupport-3.2.8/lib/active_support/testing/setup_and_teardown.rb:35:in `run'

  7) Error:
test_should_update_micropost(MicropostsControllerTest):
ActiveRecord::StatementInvalid: Could not find table 'users'
    /usr/local/rvm/gems/ruby-1.9.3-p194/gems/activerecord-3.2.8/lib/active_record/connection_adapters/sqlite_adapter.rb:472:in `table_structure'
    /usr/local/rvm/gems/ruby-1.9.3-p194/gems/activerecord-3.2.8/lib/active_record/connection_adapters/sqlite_adapter.rb:346:in `columns'
    /usr/local/rvm/gems/ruby-1.9.3-p194/gems/activerecord-3.2.8/lib/active_record/fixtures.rb:660:in `column_names'
    /usr/local/rvm/gems/ruby-1.9.3-p194/gems/activerecord-3.2.8/lib/active_record/fixtures.rb:652:in `timestamp_column_names'
    /usr/local/rvm/gems/ruby-1.9.3-p194/gems/activerecord-3.2.8/lib/active_record/fixtures.rb:585:in `block in table_rows'
    /usr/local/rvm/gems/ruby-1.9.3-p194/gems/activerecord-3.2.8/lib/active_record/fixtures.rb:579:in `each'
    /usr/local/rvm/gems/ruby-1.9.3-p194/gems/activerecord-3.2.8/lib/active_record/fixtures.rb:579:in `map'
    /usr/local/rvm/gems/ruby-1.9.3-p194/gems/activerecord-3.2.8/lib/active_record/fixtures.rb:579:in `table_rows'
    /usr/local/rvm/gems/ruby-1.9.3-p194/gems/activerecord-3.2.8/lib/active_record/fixtures.rb:494:in `block (3 levels) in create_fixtures'
    /usr/local/rvm/gems/ruby-1.9.3-p194/gems/activerecord-3.2.8/lib/active_record/fixtures.rb:492:in `each'
    /usr/local/rvm/gems/ruby-1.9.3-p194/gems/activerecord-3.2.8/lib/active_record/fixtures.rb:492:in `block (2 levels) in create_fixtures'
    /usr/local/rvm/gems/ruby-1.9.3-p194/gems/activerecord-3.2.8/lib/active_record/connection_adapters/abstract/database_statements.rb:192:in `transaction'
    /usr/local/rvm/gems/ruby-1.9.3-p194/gems/activerecord-3.2.8/lib/active_record/fixtures.rb:491:in `block in create_fixtures'
    /usr/local/rvm/gems/ruby-1.9.3-p194/gems/activerecord-3.2.8/lib/active_record/connection_adapters/abstract_adapter.rb:168:in `disable_referential_integrity'
    /usr/local/rvm/gems/ruby-1.9.3-p194/gems/activerecord-3.2.8/lib/active_record/fixtures.rb:476:in `create_fixtures'
    /usr/local/rvm/gems/ruby-1.9.3-p194/gems/activerecord-3.2.8/lib/active_record/fixtures.rb:895:in `load_fixtures'
    /usr/local/rvm/gems/ruby-1.9.3-p194/gems/activerecord-3.2.8/lib/active_record/fixtures.rb:849:in `setup_fixtures'
    /usr/local/rvm/gems/ruby-1.9.3-p194/gems/activesupport-3.2.8/lib/active_support/callbacks.rb:429:in `_run__502872246__setup__160390468__callbacks'
    /usr/local/rvm/gems/ruby-1.9.3-p194/gems/activesupport-3.2.8/lib/active_support/callbacks.rb:405:in `__run_callback'
    /usr/local/rvm/gems/ruby-1.9.3-p194/gems/activesupport-3.2.8/lib/active_support/callbacks.rb:385:in `_run_setup_callbacks'
    /usr/local/rvm/gems/ruby-1.9.3-p194/gems/activesupport-3.2.8/lib/active_support/callbacks.rb:81:in `run_callbacks'
    /usr/local/rvm/gems/ruby-1.9.3-p194/gems/activesupport-3.2.8/lib/active_support/testing/setup_and_teardown.rb:35:in `run'

7 tests, 0 assertions, 0 failures, 7 errors, 0 skips
Run options: -n "/^(test_should_create_user|test_should_destroy_user|test_should_get_edit|test_should_get_index|test_should_get_new|test_should_show_user|test_should_update_user)$/"

# Running tests:

EEEEEEE

Finished tests in 0.104443s, 67.0219 tests/s, 0.0000 assertions/s.

  1) Error:
test_should_create_user(UsersControllerTest):
ActiveRecord::StatementInvalid: Could not find table 'users'
    /usr/local/rvm/gems/ruby-1.9.3-p194/gems/activerecord-3.2.8/lib/active_record/connection_adapters/sqlite_adapter.rb:472:in `table_structure'
    /usr/local/rvm/gems/ruby-1.9.3-p194/gems/activerecord-3.2.8/lib/active_record/connection_adapters/sqlite_adapter.rb:346:in `columns'
    /usr/local/rvm/gems/ruby-1.9.3-p194/gems/activerecord-3.2.8/lib/active_record/fixtures.rb:660:in `column_names'
    /usr/local/rvm/gems/ruby-1.9.3-p194/gems/activerecord-3.2.8/lib/active_record/fixtures.rb:652:in `timestamp_column_names'
    /usr/local/rvm/gems/ruby-1.9.3-p194/gems/activerecord-3.2.8/lib/active_record/fixtures.rb:585:in `block in table_rows'
    /usr/local/rvm/gems/ruby-1.9.3-p194/gems/activerecord-3.2.8/lib/active_record/fixtures.rb:579:in `each'
    /usr/local/rvm/gems/ruby-1.9.3-p194/gems/activerecord-3.2.8/lib/active_record/fixtures.rb:579:in `map'
    /usr/local/rvm/gems/ruby-1.9.3-p194/gems/activerecord-3.2.8/lib/active_record/fixtures.rb:579:in `table_rows'
    /usr/local/rvm/gems/ruby-1.9.3-p194/gems/activerecord-3.2.8/lib/active_record/fixtures.rb:494:in `block (3 levels) in create_fixtures'
    /usr/local/rvm/gems/ruby-1.9.3-p194/gems/activerecord-3.2.8/lib/active_record/fixtures.rb:492:in `each'
    /usr/local/rvm/gems/ruby-1.9.3-p194/gems/activerecord-3.2.8/lib/active_record/fixtures.rb:492:in `block (2 levels) in create_fixtures'
    /usr/local/rvm/gems/ruby-1.9.3-p194/gems/activerecord-3.2.8/lib/active_record/connection_adapters/abstract/database_statements.rb:192:in `transaction'
    /usr/local/rvm/gems/ruby-1.9.3-p194/gems/activerecord-3.2.8/lib/active_record/fixtures.rb:491:in `block in create_fixtures'
    /usr/local/rvm/gems/ruby-1.9.3-p194/gems/activerecord-3.2.8/lib/active_record/connection_adapters/abstract_adapter.rb:168:in `disable_referential_integrity'
    /usr/local/rvm/gems/ruby-1.9.3-p194/gems/activerecord-3.2.8/lib/active_record/fixtures.rb:476:in `create_fixtures'
    /usr/local/rvm/gems/ruby-1.9.3-p194/gems/activerecord-3.2.8/lib/active_record/fixtures.rb:895:in `load_fixtures'
    /usr/local/rvm/gems/ruby-1.9.3-p194/gems/activerecord-3.2.8/lib/active_record/fixtures.rb:849:in `setup_fixtures'
    /usr/local/rvm/gems/ruby-1.9.3-p194/gems/activesupport-3.2.8/lib/active_support/callbacks.rb:429:in `_run__854975382__setup__340156297__callbacks'
    /usr/local/rvm/gems/ruby-1.9.3-p194/gems/activesupport-3.2.8/lib/active_support/callbacks.rb:405:in `__run_callback'
    /usr/local/rvm/gems/ruby-1.9.3-p194/gems/activesupport-3.2.8/lib/active_support/callbacks.rb:385:in `_run_setup_callbacks'
    /usr/local/rvm/gems/ruby-1.9.3-p194/gems/activesupport-3.2.8/lib/active_support/callbacks.rb:81:in `run_callbacks'
    /usr/local/rvm/gems/ruby-1.9.3-p194/gems/activesupport-3.2.8/lib/active_support/testing/setup_and_teardown.rb:35:in `run'

  2) Error:
test_should_destroy_user(UsersControllerTest):
ActiveRecord::StatementInvalid: Could not find table 'users'
    /usr/local/rvm/gems/ruby-1.9.3-p194/gems/activerecord-3.2.8/lib/active_record/connection_adapters/sqlite_adapter.rb:472:in `table_structure'
    /usr/local/rvm/gems/ruby-1.9.3-p194/gems/activerecord-3.2.8/lib/active_record/connection_adapters/sqlite_adapter.rb:346:in `columns'
    /usr/local/rvm/gems/ruby-1.9.3-p194/gems/activerecord-3.2.8/lib/active_record/fixtures.rb:660:in `column_names'
    /usr/local/rvm/gems/ruby-1.9.3-p194/gems/activerecord-3.2.8/lib/active_record/fixtures.rb:652:in `timestamp_column_names'
    /usr/local/rvm/gems/ruby-1.9.3-p194/gems/activerecord-3.2.8/lib/active_record/fixtures.rb:585:in `block in table_rows'
    /usr/local/rvm/gems/ruby-1.9.3-p194/gems/activerecord-3.2.8/lib/active_record/fixtures.rb:579:in `each'
    /usr/local/rvm/gems/ruby-1.9.3-p194/gems/activerecord-3.2.8/lib/active_record/fixtures.rb:579:in `map'
    /usr/local/rvm/gems/ruby-1.9.3-p194/gems/activerecord-3.2.8/lib/active_record/fixtures.rb:579:in `table_rows'
    /usr/local/rvm/gems/ruby-1.9.3-p194/gems/activerecord-3.2.8/lib/active_record/fixtures.rb:494:in `block (3 levels) in create_fixtures'
    /usr/local/rvm/gems/ruby-1.9.3-p194/gems/activerecord-3.2.8/lib/active_record/fixtures.rb:492:in `each'
    /usr/local/rvm/gems/ruby-1.9.3-p194/gems/activerecord-3.2.8/lib/active_record/fixtures.rb:492:in `block (2 levels) in create_fixtures'
    /usr/local/rvm/gems/ruby-1.9.3-p194/gems/activerecord-3.2.8/lib/active_record/connection_adapters/abstract/database_statements.rb:192:in `transaction'
    /usr/local/rvm/gems/ruby-1.9.3-p194/gems/activerecord-3.2.8/lib/active_record/fixtures.rb:491:in `block in create_fixtures'
    /usr/local/rvm/gems/ruby-1.9.3-p194/gems/activerecord-3.2.8/lib/active_record/connection_adapters/abstract_adapter.rb:168:in `disable_referential_integrity'
    /usr/local/rvm/gems/ruby-1.9.3-p194/gems/activerecord-3.2.8/lib/active_record/fixtures.rb:476:in `create_fixtures'
    /usr/local/rvm/gems/ruby-1.9.3-p194/gems/activerecord-3.2.8/lib/active_record/fixtures.rb:895:in `load_fixtures'
    /usr/local/rvm/gems/ruby-1.9.3-p194/gems/activerecord-3.2.8/lib/active_record/fixtures.rb:849:in `setup_fixtures'
    /usr/local/rvm/gems/ruby-1.9.3-p194/gems/activesupport-3.2.8/lib/active_support/callbacks.rb:429:in `_run__854975382__setup__340156297__callbacks'
    /usr/local/rvm/gems/ruby-1.9.3-p194/gems/activesupport-3.2.8/lib/active_support/callbacks.rb:405:in `__run_callback'
    /usr/local/rvm/gems/ruby-1.9.3-p194/gems/activesupport-3.2.8/lib/active_support/callbacks.rb:385:in `_run_setup_callbacks'
    /usr/local/rvm/gems/ruby-1.9.3-p194/gems/activesupport-3.2.8/lib/active_support/callbacks.rb:81:in `run_callbacks'
    /usr/local/rvm/gems/ruby-1.9.3-p194/gems/activesupport-3.2.8/lib/active_support/testing/setup_and_teardown.rb:35:in `run'

  3) Error:
test_should_get_edit(UsersControllerTest):
ActiveRecord::StatementInvalid: Could not find table 'users'
    /usr/local/rvm/gems/ruby-1.9.3-p194/gems/activerecord-3.2.8/lib/active_record/connection_adapters/sqlite_adapter.rb:472:in `table_structure'
    /usr/local/rvm/gems/ruby-1.9.3-p194/gems/activerecord-3.2.8/lib/active_record/connection_adapters/sqlite_adapter.rb:346:in `columns'
    /usr/local/rvm/gems/ruby-1.9.3-p194/gems/activerecord-3.2.8/lib/active_record/fixtures.rb:660:in `column_names'
    /usr/local/rvm/gems/ruby-1.9.3-p194/gems/activerecord-3.2.8/lib/active_record/fixtures.rb:652:in `timestamp_column_names'
    /usr/local/rvm/gems/ruby-1.9.3-p194/gems/activerecord-3.2.8/lib/active_record/fixtures.rb:585:in `block in table_rows'
    /usr/local/rvm/gems/ruby-1.9.3-p194/gems/activerecord-3.2.8/lib/active_record/fixtures.rb:579:in `each'
    /usr/local/rvm/gems/ruby-1.9.3-p194/gems/activerecord-3.2.8/lib/active_record/fixtures.rb:579:in `map'
    /usr/local/rvm/gems/ruby-1.9.3-p194/gems/activerecord-3.2.8/lib/active_record/fixtures.rb:579:in `table_rows'
    /usr/local/rvm/gems/ruby-1.9.3-p194/gems/activerecord-3.2.8/lib/active_record/fixtures.rb:494:in `block (3 levels) in create_fixtures'
    /usr/local/rvm/gems/ruby-1.9.3-p194/gems/activerecord-3.2.8/lib/active_record/fixtures.rb:492:in `each'
    /usr/local/rvm/gems/ruby-1.9.3-p194/gems/activerecord-3.2.8/lib/active_record/fixtures.rb:492:in `block (2 levels) in create_fixtures'
    /usr/local/rvm/gems/ruby-1.9.3-p194/gems/activerecord-3.2.8/lib/active_record/connection_adapters/abstract/database_statements.rb:192:in `transaction'
    /usr/local/rvm/gems/ruby-1.9.3-p194/gems/activerecord-3.2.8/lib/active_record/fixtures.rb:491:in `block in create_fixtures'
    /usr/local/rvm/gems/ruby-1.9.3-p194/gems/activerecord-3.2.8/lib/active_record/connection_adapters/abstract_adapter.rb:168:in `disable_referential_integrity'
    /usr/local/rvm/gems/ruby-1.9.3-p194/gems/activerecord-3.2.8/lib/active_record/fixtures.rb:476:in `create_fixtures'
    /usr/local/rvm/gems/ruby-1.9.3-p194/gems/activerecord-3.2.8/lib/active_record/fixtures.rb:895:in `load_fixtures'
    /usr/local/rvm/gems/ruby-1.9.3-p194/gems/activerecord-3.2.8/lib/active_record/fixtures.rb:849:in `setup_fixtures'
    /usr/local/rvm/gems/ruby-1.9.3-p194/gems/activesupport-3.2.8/lib/active_support/callbacks.rb:429:in `_run__854975382__setup__340156297__callbacks'
    /usr/local/rvm/gems/ruby-1.9.3-p194/gems/activesupport-3.2.8/lib/active_support/callbacks.rb:405:in `__run_callback'
    /usr/local/rvm/gems/ruby-1.9.3-p194/gems/activesupport-3.2.8/lib/active_support/callbacks.rb:385:in `_run_setup_callbacks'
    /usr/local/rvm/gems/ruby-1.9.3-p194/gems/activesupport-3.2.8/lib/active_support/callbacks.rb:81:in `run_callbacks'
    /usr/local/rvm/gems/ruby-1.9.3-p194/gems/activesupport-3.2.8/lib/active_support/testing/setup_and_teardown.rb:35:in `run'

  4) Error:
test_should_get_index(UsersControllerTest):
ActiveRecord::StatementInvalid: Could not find table 'users'
    /usr/local/rvm/gems/ruby-1.9.3-p194/gems/activerecord-3.2.8/lib/active_record/connection_adapters/sqlite_adapter.rb:472:in `table_structure'
    /usr/local/rvm/gems/ruby-1.9.3-p194/gems/activerecord-3.2.8/lib/active_record/connection_adapters/sqlite_adapter.rb:346:in `columns'
    /usr/local/rvm/gems/ruby-1.9.3-p194/gems/activerecord-3.2.8/lib/active_record/fixtures.rb:660:in `column_names'
    /usr/local/rvm/gems/ruby-1.9.3-p194/gems/activerecord-3.2.8/lib/active_record/fixtures.rb:652:in `timestamp_column_names'
    /usr/local/rvm/gems/ruby-1.9.3-p194/gems/activerecord-3.2.8/lib/active_record/fixtures.rb:585:in `block in table_rows'
    /usr/local/rvm/gems/ruby-1.9.3-p194/gems/activerecord-3.2.8/lib/active_record/fixtures.rb:579:in `each'
    /usr/local/rvm/gems/ruby-1.9.3-p194/gems/activerecord-3.2.8/lib/active_record/fixtures.rb:579:in `map'
    /usr/local/rvm/gems/ruby-1.9.3-p194/gems/activerecord-3.2.8/lib/active_record/fixtures.rb:579:in `table_rows'
    /usr/local/rvm/gems/ruby-1.9.3-p194/gems/activerecord-3.2.8/lib/active_record/fixtures.rb:494:in `block (3 levels) in create_fixtures'
    /usr/local/rvm/gems/ruby-1.9.3-p194/gems/activerecord-3.2.8/lib/active_record/fixtures.rb:492:in `each'
    /usr/local/rvm/gems/ruby-1.9.3-p194/gems/activerecord-3.2.8/lib/active_record/fixtures.rb:492:in `block (2 levels) in create_fixtures'
    /usr/local/rvm/gems/ruby-1.9.3-p194/gems/activerecord-3.2.8/lib/active_record/connection_adapters/abstract/database_statements.rb:192:in `transaction'
    /usr/local/rvm/gems/ruby-1.9.3-p194/gems/activerecord-3.2.8/lib/active_record/fixtures.rb:491:in `block in create_fixtures'
    /usr/local/rvm/gems/ruby-1.9.3-p194/gems/activerecord-3.2.8/lib/active_record/connection_adapters/abstract_adapter.rb:168:in `disable_referential_integrity'
    /usr/local/rvm/gems/ruby-1.9.3-p194/gems/activerecord-3.2.8/lib/active_record/fixtures.rb:476:in `create_fixtures'
    /usr/local/rvm/gems/ruby-1.9.3-p194/gems/activerecord-3.2.8/lib/active_record/fixtures.rb:895:in `load_fixtures'
    /usr/local/rvm/gems/ruby-1.9.3-p194/gems/activerecord-3.2.8/lib/active_record/fixtures.rb:849:in `setup_fixtures'
    /usr/local/rvm/gems/ruby-1.9.3-p194/gems/activesupport-3.2.8/lib/active_support/callbacks.rb:429:in `_run__854975382__setup__340156297__callbacks'
    /usr/local/rvm/gems/ruby-1.9.3-p194/gems/activesupport-3.2.8/lib/active_support/callbacks.rb:405:in `__run_callback'
    /usr/local/rvm/gems/ruby-1.9.3-p194/gems/activesupport-3.2.8/lib/active_support/callbacks.rb:385:in `_run_setup_callbacks'
    /usr/local/rvm/gems/ruby-1.9.3-p194/gems/activesupport-3.2.8/lib/active_support/callbacks.rb:81:in `run_callbacks'
    /usr/local/rvm/gems/ruby-1.9.3-p194/gems/activesupport-3.2.8/lib/active_support/testing/setup_and_teardown.rb:35:in `run'

  5) Error:
test_should_get_new(UsersControllerTest):
ActiveRecord::StatementInvalid: Could not find table 'users'
    /usr/local/rvm/gems/ruby-1.9.3-p194/gems/activerecord-3.2.8/lib/active_record/connection_adapters/sqlite_adapter.rb:472:in `table_structure'
    /usr/local/rvm/gems/ruby-1.9.3-p194/gems/activerecord-3.2.8/lib/active_record/connection_adapters/sqlite_adapter.rb:346:in `columns'
    /usr/local/rvm/gems/ruby-1.9.3-p194/gems/activerecord-3.2.8/lib/active_record/fixtures.rb:660:in `column_names'
    /usr/local/rvm/gems/ruby-1.9.3-p194/gems/activerecord-3.2.8/lib/active_record/fixtures.rb:652:in `timestamp_column_names'
    /usr/local/rvm/gems/ruby-1.9.3-p194/gems/activerecord-3.2.8/lib/active_record/fixtures.rb:585:in `block in table_rows'
    /usr/local/rvm/gems/ruby-1.9.3-p194/gems/activerecord-3.2.8/lib/active_record/fixtures.rb:579:in `each'
    /usr/local/rvm/gems/ruby-1.9.3-p194/gems/activerecord-3.2.8/lib/active_record/fixtures.rb:579:in `map'
    /usr/local/rvm/gems/ruby-1.9.3-p194/gems/activerecord-3.2.8/lib/active_record/fixtures.rb:579:in `table_rows'
    /usr/local/rvm/gems/ruby-1.9.3-p194/gems/activerecord-3.2.8/lib/active_record/fixtures.rb:494:in `block (3 levels) in create_fixtures'
    /usr/local/rvm/gems/ruby-1.9.3-p194/gems/activerecord-3.2.8/lib/active_record/fixtures.rb:492:in `each'
    /usr/local/rvm/gems/ruby-1.9.3-p194/gems/activerecord-3.2.8/lib/active_record/fixtures.rb:492:in `block (2 levels) in create_fixtures'
    /usr/local/rvm/gems/ruby-1.9.3-p194/gems/activerecord-3.2.8/lib/active_record/connection_adapters/abstract/database_statements.rb:192:in `transaction'
    /usr/local/rvm/gems/ruby-1.9.3-p194/gems/activerecord-3.2.8/lib/active_record/fixtures.rb:491:in `block in create_fixtures'
    /usr/local/rvm/gems/ruby-1.9.3-p194/gems/activerecord-3.2.8/lib/active_record/connection_adapters/abstract_adapter.rb:168:in `disable_referential_integrity'
    /usr/local/rvm/gems/ruby-1.9.3-p194/gems/activerecord-3.2.8/lib/active_record/fixtures.rb:476:in `create_fixtures'
    /usr/local/rvm/gems/ruby-1.9.3-p194/gems/activerecord-3.2.8/lib/active_record/fixtures.rb:895:in `load_fixtures'
    /usr/local/rvm/gems/ruby-1.9.3-p194/gems/activerecord-3.2.8/lib/active_record/fixtures.rb:849:in `setup_fixtures'
    /usr/local/rvm/gems/ruby-1.9.3-p194/gems/activesupport-3.2.8/lib/active_support/callbacks.rb:429:in `_run__854975382__setup__340156297__callbacks'
    /usr/local/rvm/gems/ruby-1.9.3-p194/gems/activesupport-3.2.8/lib/active_support/callbacks.rb:405:in `__run_callback'
    /usr/local/rvm/gems/ruby-1.9.3-p194/gems/activesupport-3.2.8/lib/active_support/callbacks.rb:385:in `_run_setup_callbacks'
    /usr/local/rvm/gems/ruby-1.9.3-p194/gems/activesupport-3.2.8/lib/active_support/callbacks.rb:81:in `run_callbacks'
    /usr/local/rvm/gems/ruby-1.9.3-p194/gems/activesupport-3.2.8/lib/active_support/testing/setup_and_teardown.rb:35:in `run'

  6) Error:
test_should_show_user(UsersControllerTest):
ActiveRecord::StatementInvalid: Could not find table 'users'
    /usr/local/rvm/gems/ruby-1.9.3-p194/gems/activerecord-3.2.8/lib/active_record/connection_adapters/sqlite_adapter.rb:472:in `table_structure'
    /usr/local/rvm/gems/ruby-1.9.3-p194/gems/activerecord-3.2.8/lib/active_record/connection_adapters/sqlite_adapter.rb:346:in `columns'
    /usr/local/rvm/gems/ruby-1.9.3-p194/gems/activerecord-3.2.8/lib/active_record/fixtures.rb:660:in `column_names'
    /usr/local/rvm/gems/ruby-1.9.3-p194/gems/activerecord-3.2.8/lib/active_record/fixtures.rb:652:in `timestamp_column_names'
    /usr/local/rvm/gems/ruby-1.9.3-p194/gems/activerecord-3.2.8/lib/active_record/fixtures.rb:585:in `block in table_rows'
    /usr/local/rvm/gems/ruby-1.9.3-p194/gems/activerecord-3.2.8/lib/active_record/fixtures.rb:579:in `each'
    /usr/local/rvm/gems/ruby-1.9.3-p194/gems/activerecord-3.2.8/lib/active_record/fixtures.rb:579:in `map'
    /usr/local/rvm/gems/ruby-1.9.3-p194/gems/activerecord-3.2.8/lib/active_record/fixtures.rb:579:in `table_rows'
    /usr/local/rvm/gems/ruby-1.9.3-p194/gems/activerecord-3.2.8/lib/active_record/fixtures.rb:494:in `block (3 levels) in create_fixtures'
    /usr/local/rvm/gems/ruby-1.9.3-p194/gems/activerecord-3.2.8/lib/active_record/fixtures.rb:492:in `each'
    /usr/local/rvm/gems/ruby-1.9.3-p194/gems/activerecord-3.2.8/lib/active_record/fixtures.rb:492:in `block (2 levels) in create_fixtures'
    /usr/local/rvm/gems/ruby-1.9.3-p194/gems/activerecord-3.2.8/lib/active_record/connection_adapters/abstract/database_statements.rb:192:in `transaction'
    /usr/local/rvm/gems/ruby-1.9.3-p194/gems/activerecord-3.2.8/lib/active_record/fixtures.rb:491:in `block in create_fixtures'
    /usr/local/rvm/gems/ruby-1.9.3-p194/gems/activerecord-3.2.8/lib/active_record/connection_adapters/abstract_adapter.rb:168:in `disable_referential_integrity'
    /usr/local/rvm/gems/ruby-1.9.3-p194/gems/activerecord-3.2.8/lib/active_record/fixtures.rb:476:in `create_fixtures'
    /usr/local/rvm/gems/ruby-1.9.3-p194/gems/activerecord-3.2.8/lib/active_record/fixtures.rb:895:in `load_fixtures'
    /usr/local/rvm/gems/ruby-1.9.3-p194/gems/activerecord-3.2.8/lib/active_record/fixtures.rb:849:in `setup_fixtures'
    /usr/local/rvm/gems/ruby-1.9.3-p194/gems/activesupport-3.2.8/lib/active_support/callbacks.rb:429:in `_run__854975382__setup__340156297__callbacks'
    /usr/local/rvm/gems/ruby-1.9.3-p194/gems/activesupport-3.2.8/lib/active_support/callbacks.rb:405:in `__run_callback'
    /usr/local/rvm/gems/ruby-1.9.3-p194/gems/activesupport-3.2.8/lib/active_support/callbacks.rb:385:in `_run_setup_callbacks'
    /usr/local/rvm/gems/ruby-1.9.3-p194/gems/activesupport-3.2.8/lib/active_support/callbacks.rb:81:in `run_callbacks'
    /usr/local/rvm/gems/ruby-1.9.3-p194/gems/activesupport-3.2.8/lib/active_support/testing/setup_and_teardown.rb:35:in `run'

  7) Error:
test_should_update_user(UsersControllerTest):
ActiveRecord::StatementInvalid: Could not find table 'users'
    /usr/local/rvm/gems/ruby-1.9.3-p194/gems/activerecord-3.2.8/lib/active_record/connection_adapters/sqlite_adapter.rb:472:in `table_structure'
    /usr/local/rvm/gems/ruby-1.9.3-p194/gems/activerecord-3.2.8/lib/active_record/connection_adapters/sqlite_adapter.rb:346:in `columns'
    /usr/local/rvm/gems/ruby-1.9.3-p194/gems/activerecord-3.2.8/lib/active_record/fixtures.rb:660:in `column_names'
    /usr/local/rvm/gems/ruby-1.9.3-p194/gems/activerecord-3.2.8/lib/active_record/fixtures.rb:652:in `timestamp_column_names'
    /usr/local/rvm/gems/ruby-1.9.3-p194/gems/activerecord-3.2.8/lib/active_record/fixtures.rb:585:in `block in table_rows'
    /usr/local/rvm/gems/ruby-1.9.3-p194/gems/activerecord-3.2.8/lib/active_record/fixtures.rb:579:in `each'
    /usr/local/rvm/gems/ruby-1.9.3-p194/gems/activerecord-3.2.8/lib/active_record/fixtures.rb:579:in `map'
    /usr/local/rvm/gems/ruby-1.9.3-p194/gems/activerecord-3.2.8/lib/active_record/fixtures.rb:579:in `table_rows'
    /usr/local/rvm/gems/ruby-1.9.3-p194/gems/activerecord-3.2.8/lib/active_record/fixtures.rb:494:in `block (3 levels) in create_fixtures'
    /usr/local/rvm/gems/ruby-1.9.3-p194/gems/activerecord-3.2.8/lib/active_record/fixtures.rb:492:in `each'
    /usr/local/rvm/gems/ruby-1.9.3-p194/gems/activerecord-3.2.8/lib/active_record/fixtures.rb:492:in `block (2 levels) in create_fixtures'
    /usr/local/rvm/gems/ruby-1.9.3-p194/gems/activerecord-3.2.8/lib/active_record/connection_adapters/abstract/database_statements.rb:192:in `transaction'
    /usr/local/rvm/gems/ruby-1.9.3-p194/gems/activerecord-3.2.8/lib/active_record/fixtures.rb:491:in `block in create_fixtures'
    /usr/local/rvm/gems/ruby-1.9.3-p194/gems/activerecord-3.2.8/lib/active_record/connection_adapters/abstract_adapter.rb:168:in `disable_referential_integrity'
    /usr/local/rvm/gems/ruby-1.9.3-p194/gems/activerecord-3.2.8/lib/active_record/fixtures.rb:476:in `create_fixtures'
    /usr/local/rvm/gems/ruby-1.9.3-p194/gems/activerecord-3.2.8/lib/active_record/fixtures.rb:895:in `load_fixtures'
    /usr/local/rvm/gems/ruby-1.9.3-p194/gems/activerecord-3.2.8/lib/active_record/fixtures.rb:849:in `setup_fixtures'
    /usr/local/rvm/gems/ruby-1.9.3-p194/gems/activesupport-3.2.8/lib/active_support/callbacks.rb:429:in `_run__854975382__setup__340156297__callbacks'
    /usr/local/rvm/gems/ruby-1.9.3-p194/gems/activesupport-3.2.8/lib/active_support/callbacks.rb:405:in `__run_callback'
    /usr/local/rvm/gems/ruby-1.9.3-p194/gems/activesupport-3.2.8/lib/active_support/callbacks.rb:385:in `_run_setup_callbacks'
    /usr/local/rvm/gems/ruby-1.9.3-p194/gems/activesupport-3.2.8/lib/active_support/callbacks.rb:81:in `run_callbacks'
    /usr/local/rvm/gems/ruby-1.9.3-p194/gems/activesupport-3.2.8/lib/active_support/testing/setup_and_teardown.rb:35:in `run'

7 tests, 0 assertions, 0 failures, 7 errors, 0 skips
Run options: -n "/^(test_should_get_contact|test_should_get_home)$/"

# Running tests:

EE

Finished tests in 0.056418s, 35.4495 tests/s, 0.0000 assertions/s.

  1) Error:
test_should_get_contact(PagesControllerTest):
ActiveRecord::StatementInvalid: Could not find table 'users'
    /usr/local/rvm/gems/ruby-1.9.3-p194/gems/activerecord-3.2.8/lib/active_record/connection_adapters/sqlite_adapter.rb:472:in `table_structure'
    /usr/local/rvm/gems/ruby-1.9.3-p194/gems/activerecord-3.2.8/lib/active_record/connection_adapters/sqlite_adapter.rb:346:in `columns'
    /usr/local/rvm/gems/ruby-1.9.3-p194/gems/activerecord-3.2.8/lib/active_record/fixtures.rb:660:in `column_names'
    /usr/local/rvm/gems/ruby-1.9.3-p194/gems/activerecord-3.2.8/lib/active_record/fixtures.rb:652:in `timestamp_column_names'
    /usr/local/rvm/gems/ruby-1.9.3-p194/gems/activerecord-3.2.8/lib/active_record/fixtures.rb:585:in `block in table_rows'
    /usr/local/rvm/gems/ruby-1.9.3-p194/gems/activerecord-3.2.8/lib/active_record/fixtures.rb:579:in `each'
    /usr/local/rvm/gems/ruby-1.9.3-p194/gems/activerecord-3.2.8/lib/active_record/fixtures.rb:579:in `map'
    /usr/local/rvm/gems/ruby-1.9.3-p194/gems/activerecord-3.2.8/lib/active_record/fixtures.rb:579:in `table_rows'
    /usr/local/rvm/gems/ruby-1.9.3-p194/gems/activerecord-3.2.8/lib/active_record/fixtures.rb:494:in `block (3 levels) in create_fixtures'
    /usr/local/rvm/gems/ruby-1.9.3-p194/gems/activerecord-3.2.8/lib/active_record/fixtures.rb:492:in `each'
    /usr/local/rvm/gems/ruby-1.9.3-p194/gems/activerecord-3.2.8/lib/active_record/fixtures.rb:492:in `block (2 levels) in create_fixtures'
    /usr/local/rvm/gems/ruby-1.9.3-p194/gems/activerecord-3.2.8/lib/active_record/connection_adapters/abstract/database_statements.rb:192:in `transaction'
    /usr/local/rvm/gems/ruby-1.9.3-p194/gems/activerecord-3.2.8/lib/active_record/fixtures.rb:491:in `block in create_fixtures'
    /usr/local/rvm/gems/ruby-1.9.3-p194/gems/activerecord-3.2.8/lib/active_record/connection_adapters/abstract_adapter.rb:168:in `disable_referential_integrity'
    /usr/local/rvm/gems/ruby-1.9.3-p194/gems/activerecord-3.2.8/lib/active_record/fixtures.rb:476:in `create_fixtures'
    /usr/local/rvm/gems/ruby-1.9.3-p194/gems/activerecord-3.2.8/lib/active_record/fixtures.rb:895:in `load_fixtures'
    /usr/local/rvm/gems/ruby-1.9.3-p194/gems/activerecord-3.2.8/lib/active_record/fixtures.rb:849:in `setup_fixtures'
    /usr/local/rvm/gems/ruby-1.9.3-p194/gems/activesupport-3.2.8/lib/active_support/callbacks.rb:429:in `_run__579171862__setup__324230681__callbacks'
    /usr/local/rvm/gems/ruby-1.9.3-p194/gems/activesupport-3.2.8/lib/active_support/callbacks.rb:405:in `__run_callback'
    /usr/local/rvm/gems/ruby-1.9.3-p194/gems/activesupport-3.2.8/lib/active_support/callbacks.rb:385:in `_run_setup_callbacks'
    /usr/local/rvm/gems/ruby-1.9.3-p194/gems/activesupport-3.2.8/lib/active_support/callbacks.rb:81:in `run_callbacks'
    /usr/local/rvm/gems/ruby-1.9.3-p194/gems/activesupport-3.2.8/lib/active_support/testing/setup_and_teardown.rb:35:in `run'

  2) Error:
test_should_get_home(PagesControllerTest):
ActiveRecord::StatementInvalid: Could not find table 'users'
    /usr/local/rvm/gems/ruby-1.9.3-p194/gems/activerecord-3.2.8/lib/active_record/connection_adapters/sqlite_adapter.rb:472:in `table_structure'
    /usr/local/rvm/gems/ruby-1.9.3-p194/gems/activerecord-3.2.8/lib/active_record/connection_adapters/sqlite_adapter.rb:346:in `columns'
    /usr/local/rvm/gems/ruby-1.9.3-p194/gems/activerecord-3.2.8/lib/active_record/fixtures.rb:660:in `column_names'
    /usr/local/rvm/gems/ruby-1.9.3-p194/gems/activerecord-3.2.8/lib/active_record/fixtures.rb:652:in `timestamp_column_names'
    /usr/local/rvm/gems/ruby-1.9.3-p194/gems/activerecord-3.2.8/lib/active_record/fixtures.rb:585:in `block in table_rows'
    /usr/local/rvm/gems/ruby-1.9.3-p194/gems/activerecord-3.2.8/lib/active_record/fixtures.rb:579:in `each'
    /usr/local/rvm/gems/ruby-1.9.3-p194/gems/activerecord-3.2.8/lib/active_record/fixtures.rb:579:in `map'
    /usr/local/rvm/gems/ruby-1.9.3-p194/gems/activerecord-3.2.8/lib/active_record/fixtures.rb:579:in `table_rows'
    /usr/local/rvm/gems/ruby-1.9.3-p194/gems/activerecord-3.2.8/lib/active_record/fixtures.rb:494:in `block (3 levels) in create_fixtures'
    /usr/local/rvm/gems/ruby-1.9.3-p194/gems/activerecord-3.2.8/lib/active_record/fixtures.rb:492:in `each'
    /usr/local/rvm/gems/ruby-1.9.3-p194/gems/activerecord-3.2.8/lib/active_record/fixtures.rb:492:in `block (2 levels) in create_fixtures'
    /usr/local/rvm/gems/ruby-1.9.3-p194/gems/activerecord-3.2.8/lib/active_record/connection_adapters/abstract/database_statements.rb:192:in `transaction'
    /usr/local/rvm/gems/ruby-1.9.3-p194/gems/activerecord-3.2.8/lib/active_record/fixtures.rb:491:in `block in create_fixtures'
    /usr/local/rvm/gems/ruby-1.9.3-p194/gems/activerecord-3.2.8/lib/active_record/connection_adapters/abstract_adapter.rb:168:in `disable_referential_integrity'
    /usr/local/rvm/gems/ruby-1.9.3-p194/gems/activerecord-3.2.8/lib/active_record/fixtures.rb:476:in `create_fixtures'
    /usr/local/rvm/gems/ruby-1.9.3-p194/gems/activerecord-3.2.8/lib/active_record/fixtures.rb:895:in `load_fixtures'
    /usr/local/rvm/gems/ruby-1.9.3-p194/gems/activerecord-3.2.8/lib/active_record/fixtures.rb:849:in `setup_fixtures'
    /usr/local/rvm/gems/ruby-1.9.3-p194/gems/activesupport-3.2.8/lib/active_support/callbacks.rb:429:in `_run__579171862__setup__324230681__callbacks'
    /usr/local/rvm/gems/ruby-1.9.3-p194/gems/activesupport-3.2.8/lib/active_support/callbacks.rb:405:in `__run_callback'
    /usr/local/rvm/gems/ruby-1.9.3-p194/gems/activesupport-3.2.8/lib/active_support/callbacks.rb:385:in `_run_setup_callbacks'
    /usr/local/rvm/gems/ruby-1.9.3-p194/gems/activesupport-3.2.8/lib/active_support/callbacks.rb:81:in `run_callbacks'
    /usr/local/rvm/gems/ruby-1.9.3-p194/gems/activesupport-3.2.8/lib/active_support/testing/setup_and_teardown.rb:35:in `run'

2 tests, 0 assertions, 0 failures, 2 errors, 0 skips
/usr/local/rvm/rubies/ruby-1.9.3-p194/bin/ruby -I.:lib:test -rubygems test/functional/pages_controller_test.rb -n "/^(test_should_get_contact|test_should_get_home)$/"; /usr/local/rvm/rubies/ruby-1.9.3-p194/bin/ruby -I.:lib:test -rubygems test/functional/users_controller_test.rb -n "/^(test_should_create_user|test_should_destroy_user|test_should_get_edit|test_should_get_index|test_should_get_new|test_should_show_user|test_should_update_user)$/"; /usr/local/rvm/rubies/ruby-1.9.3-p194/bin/ruby -I.:lib:test -rubygems test/functional/microposts_controller_test.rb -n "/^(test_should_create_micropost|test_should_destroy_micropost|test_should_get_edit|test_should_get_index|test_should_get_new|test_should_show_micropost|test_should_update_micropost)$/"
Run options: -n "/^(test_should_get_contact|test_should_get_home)$/"

# Running tests:

EE

Finished tests in 0.046859s, 42.6815 tests/s, 0.0000 assertions/s.

  1) Error:
test_should_get_contact(PagesControllerTest):
ActiveRecord::StatementInvalid: Could not find table 'users'
    /usr/local/rvm/gems/ruby-1.9.3-p194/gems/activerecord-3.2.8/lib/active_record/connection_adapters/sqlite_adapter.rb:472:in `table_structure'
    /usr/local/rvm/gems/ruby-1.9.3-p194/gems/activerecord-3.2.8/lib/active_record/connection_adapters/sqlite_adapter.rb:346:in `columns'
    /usr/local/rvm/gems/ruby-1.9.3-p194/gems/activerecord-3.2.8/lib/active_record/fixtures.rb:660:in `column_names'
    /usr/local/rvm/gems/ruby-1.9.3-p194/gems/activerecord-3.2.8/lib/active_record/fixtures.rb:652:in `timestamp_column_names'
    /usr/local/rvm/gems/ruby-1.9.3-p194/gems/activerecord-3.2.8/lib/active_record/fixtures.rb:585:in `block in table_rows'
    /usr/local/rvm/gems/ruby-1.9.3-p194/gems/activerecord-3.2.8/lib/active_record/fixtures.rb:579:in `each'
    /usr/local/rvm/gems/ruby-1.9.3-p194/gems/activerecord-3.2.8/lib/active_record/fixtures.rb:579:in `map'
    /usr/local/rvm/gems/ruby-1.9.3-p194/gems/activerecord-3.2.8/lib/active_record/fixtures.rb:579:in `table_rows'
    /usr/local/rvm/gems/ruby-1.9.3-p194/gems/activerecord-3.2.8/lib/active_record/fixtures.rb:494:in `block (3 levels) in create_fixtures'
    /usr/local/rvm/gems/ruby-1.9.3-p194/gems/activerecord-3.2.8/lib/active_record/fixtures.rb:492:in `each'
    /usr/local/rvm/gems/ruby-1.9.3-p194/gems/activerecord-3.2.8/lib/active_record/fixtures.rb:492:in `block (2 levels) in create_fixtures'
    /usr/local/rvm/gems/ruby-1.9.3-p194/gems/activerecord-3.2.8/lib/active_record/connection_adapters/abstract/database_statements.rb:192:in `transaction'
    /usr/local/rvm/gems/ruby-1.9.3-p194/gems/activerecord-3.2.8/lib/active_record/fixtures.rb:491:in `block in create_fixtures'
    /usr/local/rvm/gems/ruby-1.9.3-p194/gems/activerecord-3.2.8/lib/active_record/connection_adapters/abstract_adapter.rb:168:in `disable_referential_integrity'
    /usr/local/rvm/gems/ruby-1.9.3-p194/gems/activerecord-3.2.8/lib/active_record/fixtures.rb:476:in `create_fixtures'
    /usr/local/rvm/gems/ruby-1.9.3-p194/gems/activerecord-3.2.8/lib/active_record/fixtures.rb:895:in `load_fixtures'
    /usr/local/rvm/gems/ruby-1.9.3-p194/gems/activerecord-3.2.8/lib/active_record/fixtures.rb:849:in `setup_fixtures'
    /usr/local/rvm/gems/ruby-1.9.3-p194/gems/activesupport-3.2.8/lib/active_support/callbacks.rb:429:in `_run__491838566__setup__578558646__callbacks'
    /usr/local/rvm/gems/ruby-1.9.3-p194/gems/activesupport-3.2.8/lib/active_support/callbacks.rb:405:in `__run_callback'
    /usr/local/rvm/gems/ruby-1.9.3-p194/gems/activesupport-3.2.8/lib/active_support/callbacks.rb:385:in `_run_setup_callbacks'
    /usr/local/rvm/gems/ruby-1.9.3-p194/gems/activesupport-3.2.8/lib/active_support/callbacks.rb:81:in `run_callbacks'
    /usr/local/rvm/gems/ruby-1.9.3-p194/gems/activesupport-3.2.8/lib/active_support/testing/setup_and_teardown.rb:35:in `run'

  2) Error:
test_should_get_home(PagesControllerTest):
ActiveRecord::StatementInvalid: Could not find table 'users'
    /usr/local/rvm/gems/ruby-1.9.3-p194/gems/activerecord-3.2.8/lib/active_record/connection_adapters/sqlite_adapter.rb:472:in `table_structure'
    /usr/local/rvm/gems/ruby-1.9.3-p194/gems/activerecord-3.2.8/lib/active_record/connection_adapters/sqlite_adapter.rb:346:in `columns'
    /usr/local/rvm/gems/ruby-1.9.3-p194/gems/activerecord-3.2.8/lib/active_record/fixtures.rb:660:in `column_names'
    /usr/local/rvm/gems/ruby-1.9.3-p194/gems/activerecord-3.2.8/lib/active_record/fixtures.rb:652:in `timestamp_column_names'
    /usr/local/rvm/gems/ruby-1.9.3-p194/gems/activerecord-3.2.8/lib/active_record/fixtures.rb:585:in `block in table_rows'
    /usr/local/rvm/gems/ruby-1.9.3-p194/gems/activerecord-3.2.8/lib/active_record/fixtures.rb:579:in `each'
    /usr/local/rvm/gems/ruby-1.9.3-p194/gems/activerecord-3.2.8/lib/active_record/fixtures.rb:579:in `map'
    /usr/local/rvm/gems/ruby-1.9.3-p194/gems/activerecord-3.2.8/lib/active_record/fixtures.rb:579:in `table_rows'
    /usr/local/rvm/gems/ruby-1.9.3-p194/gems/activerecord-3.2.8/lib/active_record/fixtures.rb:494:in `block (3 levels) in create_fixtures'
    /usr/local/rvm/gems/ruby-1.9.3-p194/gems/activerecord-3.2.8/lib/active_record/fixtures.rb:492:in `each'
    /usr/local/rvm/gems/ruby-1.9.3-p194/gems/activerecord-3.2.8/lib/active_record/fixtures.rb:492:in `block (2 levels) in create_fixtures'
    /usr/local/rvm/gems/ruby-1.9.3-p194/gems/activerecord-3.2.8/lib/active_record/connection_adapters/abstract/database_statements.rb:192:in `transaction'
    /usr/local/rvm/gems/ruby-1.9.3-p194/gems/activerecord-3.2.8/lib/active_record/fixtures.rb:491:in `block in create_fixtures'
    /usr/local/rvm/gems/ruby-1.9.3-p194/gems/activerecord-3.2.8/lib/active_record/connection_adapters/abstract_adapter.rb:168:in `disable_referential_integrity'
    /usr/local/rvm/gems/ruby-1.9.3-p194/gems/activerecord-3.2.8/lib/active_record/fixtures.rb:476:in `create_fixtures'
    /usr/local/rvm/gems/ruby-1.9.3-p194/gems/activerecord-3.2.8/lib/active_record/fixtures.rb:895:in `load_fixtures'
    /usr/local/rvm/gems/ruby-1.9.3-p194/gems/activerecord-3.2.8/lib/active_record/fixtures.rb:849:in `setup_fixtures'
    /usr/local/rvm/gems/ruby-1.9.3-p194/gems/activesupport-3.2.8/lib/active_support/callbacks.rb:429:in `_run__491838566__setup__578558646__callbacks'
    /usr/local/rvm/gems/ruby-1.9.3-p194/gems/activesupport-3.2.8/lib/active_support/callbacks.rb:405:in `__run_callback'
    /usr/local/rvm/gems/ruby-1.9.3-p194/gems/activesupport-3.2.8/lib/active_support/callbacks.rb:385:in `_run_setup_callbacks'
    /usr/local/rvm/gems/ruby-1.9.3-p194/gems/activesupport-3.2.8/lib/active_support/callbacks.rb:81:in `run_callbacks'
    /usr/local/rvm/gems/ruby-1.9.3-p194/gems/activesupport-3.2.8/lib/active_support/testing/setup_and_teardown.rb:35:in `run'

2 tests, 0 assertions, 0 failures, 2 errors, 0 skips
Run options: -n "/^(test_should_create_user|test_should_destroy_user|test_should_get_edit|test_should_get_index|test_should_get_new|test_should_show_user|test_should_update_user)$/"

# Running tests:

EEEEEEE

Finished tests in 0.125356s, 55.8411 tests/s, 0.0000 assertions/s.

  1) Error:
test_should_create_user(UsersControllerTest):
ActiveRecord::StatementInvalid: Could not find table 'users'
    /usr/local/rvm/gems/ruby-1.9.3-p194/gems/activerecord-3.2.8/lib/active_record/connection_adapters/sqlite_adapter.rb:472:in `table_structure'
    /usr/local/rvm/gems/ruby-1.9.3-p194/gems/activerecord-3.2.8/lib/active_record/connection_adapters/sqlite_adapter.rb:346:in `columns'
    /usr/local/rvm/gems/ruby-1.9.3-p194/gems/activerecord-3.2.8/lib/active_record/fixtures.rb:660:in `column_names'
    /usr/local/rvm/gems/ruby-1.9.3-p194/gems/activerecord-3.2.8/lib/active_record/fixtures.rb:652:in `timestamp_column_names'
    /usr/local/rvm/gems/ruby-1.9.3-p194/gems/activerecord-3.2.8/lib/active_record/fixtures.rb:585:in `block in table_rows'
    /usr/local/rvm/gems/ruby-1.9.3-p194/gems/activerecord-3.2.8/lib/active_record/fixtures.rb:579:in `each'
    /usr/local/rvm/gems/ruby-1.9.3-p194/gems/activerecord-3.2.8/lib/active_record/fixtures.rb:579:in `map'
    /usr/local/rvm/gems/ruby-1.9.3-p194/gems/activerecord-3.2.8/lib/active_record/fixtures.rb:579:in `table_rows'
    /usr/local/rvm/gems/ruby-1.9.3-p194/gems/activerecord-3.2.8/lib/active_record/fixtures.rb:494:in `block (3 levels) in create_fixtures'
    /usr/local/rvm/gems/ruby-1.9.3-p194/gems/activerecord-3.2.8/lib/active_record/fixtures.rb:492:in `each'
    /usr/local/rvm/gems/ruby-1.9.3-p194/gems/activerecord-3.2.8/lib/active_record/fixtures.rb:492:in `block (2 levels) in create_fixtures'
    /usr/local/rvm/gems/ruby-1.9.3-p194/gems/activerecord-3.2.8/lib/active_record/connection_adapters/abstract/database_statements.rb:192:in `transaction'
    /usr/local/rvm/gems/ruby-1.9.3-p194/gems/activerecord-3.2.8/lib/active_record/fixtures.rb:491:in `block in create_fixtures'
    /usr/local/rvm/gems/ruby-1.9.3-p194/gems/activerecord-3.2.8/lib/active_record/connection_adapters/abstract_adapter.rb:168:in `disable_referential_integrity'
    /usr/local/rvm/gems/ruby-1.9.3-p194/gems/activerecord-3.2.8/lib/active_record/fixtures.rb:476:in `create_fixtures'
    /usr/local/rvm/gems/ruby-1.9.3-p194/gems/activerecord-3.2.8/lib/active_record/fixtures.rb:895:in `load_fixtures'
    /usr/local/rvm/gems/ruby-1.9.3-p194/gems/activerecord-3.2.8/lib/active_record/fixtures.rb:849:in `setup_fixtures'
    /usr/local/rvm/gems/ruby-1.9.3-p194/gems/activesupport-3.2.8/lib/active_support/callbacks.rb:429:in `_run__874144419__setup__954330227__callbacks'
    /usr/local/rvm/gems/ruby-1.9.3-p194/gems/activesupport-3.2.8/lib/active_support/callbacks.rb:405:in `__run_callback'
    /usr/local/rvm/gems/ruby-1.9.3-p194/gems/activesupport-3.2.8/lib/active_support/callbacks.rb:385:in `_run_setup_callbacks'
    /usr/local/rvm/gems/ruby-1.9.3-p194/gems/activesupport-3.2.8/lib/active_support/callbacks.rb:81:in `run_callbacks'
    /usr/local/rvm/gems/ruby-1.9.3-p194/gems/activesupport-3.2.8/lib/active_support/testing/setup_and_teardown.rb:35:in `run'

  2) Error:
test_should_destroy_user(UsersControllerTest):
ActiveRecord::StatementInvalid: Could not find table 'users'
    /usr/local/rvm/gems/ruby-1.9.3-p194/gems/activerecord-3.2.8/lib/active_record/connection_adapters/sqlite_adapter.rb:472:in `table_structure'
    /usr/local/rvm/gems/ruby-1.9.3-p194/gems/activerecord-3.2.8/lib/active_record/connection_adapters/sqlite_adapter.rb:346:in `columns'
    /usr/local/rvm/gems/ruby-1.9.3-p194/gems/activerecord-3.2.8/lib/active_record/fixtures.rb:660:in `column_names'
    /usr/local/rvm/gems/ruby-1.9.3-p194/gems/activerecord-3.2.8/lib/active_record/fixtures.rb:652:in `timestamp_column_names'
    /usr/local/rvm/gems/ruby-1.9.3-p194/gems/activerecord-3.2.8/lib/active_record/fixtures.rb:585:in `block in table_rows'
    /usr/local/rvm/gems/ruby-1.9.3-p194/gems/activerecord-3.2.8/lib/active_record/fixtures.rb:579:in `each'
    /usr/local/rvm/gems/ruby-1.9.3-p194/gems/activerecord-3.2.8/lib/active_record/fixtures.rb:579:in `map'
    /usr/local/rvm/gems/ruby-1.9.3-p194/gems/activerecord-3.2.8/lib/active_record/fixtures.rb:579:in `table_rows'
    /usr/local/rvm/gems/ruby-1.9.3-p194/gems/activerecord-3.2.8/lib/active_record/fixtures.rb:494:in `block (3 levels) in create_fixtures'
    /usr/local/rvm/gems/ruby-1.9.3-p194/gems/activerecord-3.2.8/lib/active_record/fixtures.rb:492:in `each'
    /usr/local/rvm/gems/ruby-1.9.3-p194/gems/activerecord-3.2.8/lib/active_record/fixtures.rb:492:in `block (2 levels) in create_fixtures'
    /usr/local/rvm/gems/ruby-1.9.3-p194/gems/activerecord-3.2.8/lib/active_record/connection_adapters/abstract/database_statements.rb:192:in `transaction'
    /usr/local/rvm/gems/ruby-1.9.3-p194/gems/activerecord-3.2.8/lib/active_record/fixtures.rb:491:in `block in create_fixtures'
    /usr/local/rvm/gems/ruby-1.9.3-p194/gems/activerecord-3.2.8/lib/active_record/connection_adapters/abstract_adapter.rb:168:in `disable_referential_integrity'
    /usr/local/rvm/gems/ruby-1.9.3-p194/gems/activerecord-3.2.8/lib/active_record/fixtures.rb:476:in `create_fixtures'
    /usr/local/rvm/gems/ruby-1.9.3-p194/gems/activerecord-3.2.8/lib/active_record/fixtures.rb:895:in `load_fixtures'
    /usr/local/rvm/gems/ruby-1.9.3-p194/gems/activerecord-3.2.8/lib/active_record/fixtures.rb:849:in `setup_fixtures'
    /usr/local/rvm/gems/ruby-1.9.3-p194/gems/activesupport-3.2.8/lib/active_support/callbacks.rb:429:in `_run__874144419__setup__954330227__callbacks'
    /usr/local/rvm/gems/ruby-1.9.3-p194/gems/activesupport-3.2.8/lib/active_support/callbacks.rb:405:in `__run_callback'
    /usr/local/rvm/gems/ruby-1.9.3-p194/gems/activesupport-3.2.8/lib/active_support/callbacks.rb:385:in `_run_setup_callbacks'
    /usr/local/rvm/gems/ruby-1.9.3-p194/gems/activesupport-3.2.8/lib/active_support/callbacks.rb:81:in `run_callbacks'
    /usr/local/rvm/gems/ruby-1.9.3-p194/gems/activesupport-3.2.8/lib/active_support/testing/setup_and_teardown.rb:35:in `run'

  3) Error:
test_should_get_edit(UsersControllerTest):
ActiveRecord::StatementInvalid: Could not find table 'users'
    /usr/local/rvm/gems/ruby-1.9.3-p194/gems/activerecord-3.2.8/lib/active_record/connection_adapters/sqlite_adapter.rb:472:in `table_structure'
    /usr/local/rvm/gems/ruby-1.9.3-p194/gems/activerecord-3.2.8/lib/active_record/connection_adapters/sqlite_adapter.rb:346:in `columns'
    /usr/local/rvm/gems/ruby-1.9.3-p194/gems/activerecord-3.2.8/lib/active_record/fixtures.rb:660:in `column_names'
    /usr/local/rvm/gems/ruby-1.9.3-p194/gems/activerecord-3.2.8/lib/active_record/fixtures.rb:652:in `timestamp_column_names'
    /usr/local/rvm/gems/ruby-1.9.3-p194/gems/activerecord-3.2.8/lib/active_record/fixtures.rb:585:in `block in table_rows'
    /usr/local/rvm/gems/ruby-1.9.3-p194/gems/activerecord-3.2.8/lib/active_record/fixtures.rb:579:in `each'
    /usr/local/rvm/gems/ruby-1.9.3-p194/gems/activerecord-3.2.8/lib/active_record/fixtures.rb:579:in `map'
    /usr/local/rvm/gems/ruby-1.9.3-p194/gems/activerecord-3.2.8/lib/active_record/fixtures.rb:579:in `table_rows'
    /usr/local/rvm/gems/ruby-1.9.3-p194/gems/activerecord-3.2.8/lib/active_record/fixtures.rb:494:in `block (3 levels) in create_fixtures'
    /usr/local/rvm/gems/ruby-1.9.3-p194/gems/activerecord-3.2.8/lib/active_record/fixtures.rb:492:in `each'
    /usr/local/rvm/gems/ruby-1.9.3-p194/gems/activerecord-3.2.8/lib/active_record/fixtures.rb:492:in `block (2 levels) in create_fixtures'
    /usr/local/rvm/gems/ruby-1.9.3-p194/gems/activerecord-3.2.8/lib/active_record/connection_adapters/abstract/database_statements.rb:192:in `transaction'
    /usr/local/rvm/gems/ruby-1.9.3-p194/gems/activerecord-3.2.8/lib/active_record/fixtures.rb:491:in `block in create_fixtures'
    /usr/local/rvm/gems/ruby-1.9.3-p194/gems/activerecord-3.2.8/lib/active_record/connection_adapters/abstract_adapter.rb:168:in `disable_referential_integrity'
    /usr/local/rvm/gems/ruby-1.9.3-p194/gems/activerecord-3.2.8/lib/active_record/fixtures.rb:476:in `create_fixtures'
    /usr/local/rvm/gems/ruby-1.9.3-p194/gems/activerecord-3.2.8/lib/active_record/fixtures.rb:895:in `load_fixtures'
    /usr/local/rvm/gems/ruby-1.9.3-p194/gems/activerecord-3.2.8/lib/active_record/fixtures.rb:849:in `setup_fixtures'
    /usr/local/rvm/gems/ruby-1.9.3-p194/gems/activesupport-3.2.8/lib/active_support/callbacks.rb:429:in `_run__874144419__setup__954330227__callbacks'
    /usr/local/rvm/gems/ruby-1.9.3-p194/gems/activesupport-3.2.8/lib/active_support/callbacks.rb:405:in `__run_callback'
    /usr/local/rvm/gems/ruby-1.9.3-p194/gems/activesupport-3.2.8/lib/active_support/callbacks.rb:385:in `_run_setup_callbacks'
    /usr/local/rvm/gems/ruby-1.9.3-p194/gems/activesupport-3.2.8/lib/active_support/callbacks.rb:81:in `run_callbacks'
    /usr/local/rvm/gems/ruby-1.9.3-p194/gems/activesupport-3.2.8/lib/active_support/testing/setup_and_teardown.rb:35:in `run'

  4) Error:
test_should_get_index(UsersControllerTest):
ActiveRecord::StatementInvalid: Could not find table 'users'
    /usr/local/rvm/gems/ruby-1.9.3-p194/gems/activerecord-3.2.8/lib/active_record/connection_adapters/sqlite_adapter.rb:472:in `table_structure'
    /usr/local/rvm/gems/ruby-1.9.3-p194/gems/activerecord-3.2.8/lib/active_record/connection_adapters/sqlite_adapter.rb:346:in `columns'
    /usr/local/rvm/gems/ruby-1.9.3-p194/gems/activerecord-3.2.8/lib/active_record/fixtures.rb:660:in `column_names'
    /usr/local/rvm/gems/ruby-1.9.3-p194/gems/activerecord-3.2.8/lib/active_record/fixtures.rb:652:in `timestamp_column_names'
    /usr/local/rvm/gems/ruby-1.9.3-p194/gems/activerecord-3.2.8/lib/active_record/fixtures.rb:585:in `block in table_rows'
    /usr/local/rvm/gems/ruby-1.9.3-p194/gems/activerecord-3.2.8/lib/active_record/fixtures.rb:579:in `each'
    /usr/local/rvm/gems/ruby-1.9.3-p194/gems/activerecord-3.2.8/lib/active_record/fixtures.rb:579:in `map'
    /usr/local/rvm/gems/ruby-1.9.3-p194/gems/activerecord-3.2.8/lib/active_record/fixtures.rb:579:in `table_rows'
    /usr/local/rvm/gems/ruby-1.9.3-p194/gems/activerecord-3.2.8/lib/active_record/fixtures.rb:494:in `block (3 levels) in create_fixtures'
    /usr/local/rvm/gems/ruby-1.9.3-p194/gems/activerecord-3.2.8/lib/active_record/fixtures.rb:492:in `each'
    /usr/local/rvm/gems/ruby-1.9.3-p194/gems/activerecord-3.2.8/lib/active_record/fixtures.rb:492:in `block (2 levels) in create_fixtures'
    /usr/local/rvm/gems/ruby-1.9.3-p194/gems/activerecord-3.2.8/lib/active_record/connection_adapters/abstract/database_statements.rb:192:in `transaction'
    /usr/local/rvm/gems/ruby-1.9.3-p194/gems/activerecord-3.2.8/lib/active_record/fixtures.rb:491:in `block in create_fixtures'
    /usr/local/rvm/gems/ruby-1.9.3-p194/gems/activerecord-3.2.8/lib/active_record/connection_adapters/abstract_adapter.rb:168:in `disable_referential_integrity'
    /usr/local/rvm/gems/ruby-1.9.3-p194/gems/activerecord-3.2.8/lib/active_record/fixtures.rb:476:in `create_fixtures'
    /usr/local/rvm/gems/ruby-1.9.3-p194/gems/activerecord-3.2.8/lib/active_record/fixtures.rb:895:in `load_fixtures'
    /usr/local/rvm/gems/ruby-1.9.3-p194/gems/activerecord-3.2.8/lib/active_record/fixtures.rb:849:in `setup_fixtures'
    /usr/local/rvm/gems/ruby-1.9.3-p194/gems/activesupport-3.2.8/lib/active_support/callbacks.rb:429:in `_run__874144419__setup__954330227__callbacks'
    /usr/local/rvm/gems/ruby-1.9.3-p194/gems/activesupport-3.2.8/lib/active_support/callbacks.rb:405:in `__run_callback'
    /usr/local/rvm/gems/ruby-1.9.3-p194/gems/activesupport-3.2.8/lib/active_support/callbacks.rb:385:in `_run_setup_callbacks'
    /usr/local/rvm/gems/ruby-1.9.3-p194/gems/activesupport-3.2.8/lib/active_support/callbacks.rb:81:in `run_callbacks'
    /usr/local/rvm/gems/ruby-1.9.3-p194/gems/activesupport-3.2.8/lib/active_support/testing/setup_and_teardown.rb:35:in `run'

  5) Error:
test_should_get_new(UsersControllerTest):
ActiveRecord::StatementInvalid: Could not find table 'users'
    /usr/local/rvm/gems/ruby-1.9.3-p194/gems/activerecord-3.2.8/lib/active_record/connection_adapters/sqlite_adapter.rb:472:in `table_structure'
    /usr/local/rvm/gems/ruby-1.9.3-p194/gems/activerecord-3.2.8/lib/active_record/connection_adapters/sqlite_adapter.rb:346:in `columns'
    /usr/local/rvm/gems/ruby-1.9.3-p194/gems/activerecord-3.2.8/lib/active_record/fixtures.rb:660:in `column_names'
    /usr/local/rvm/gems/ruby-1.9.3-p194/gems/activerecord-3.2.8/lib/active_record/fixtures.rb:652:in `timestamp_column_names'
    /usr/local/rvm/gems/ruby-1.9.3-p194/gems/activerecord-3.2.8/lib/active_record/fixtures.rb:585:in `block in table_rows'
    /usr/local/rvm/gems/ruby-1.9.3-p194/gems/activerecord-3.2.8/lib/active_record/fixtures.rb:579:in `each'
    /usr/local/rvm/gems/ruby-1.9.3-p194/gems/activerecord-3.2.8/lib/active_record/fixtures.rb:579:in `map'
    /usr/local/rvm/gems/ruby-1.9.3-p194/gems/activerecord-3.2.8/lib/active_record/fixtures.rb:579:in `table_rows'
    /usr/local/rvm/gems/ruby-1.9.3-p194/gems/activerecord-3.2.8/lib/active_record/fixtures.rb:494:in `block (3 levels) in create_fixtures'
    /usr/local/rvm/gems/ruby-1.9.3-p194/gems/activerecord-3.2.8/lib/active_record/fixtures.rb:492:in `each'
    /usr/local/rvm/gems/ruby-1.9.3-p194/gems/activerecord-3.2.8/lib/active_record/fixtures.rb:492:in `block (2 levels) in create_fixtures'
    /usr/local/rvm/gems/ruby-1.9.3-p194/gems/activerecord-3.2.8/lib/active_record/connection_adapters/abstract/database_statements.rb:192:in `transaction'
    /usr/local/rvm/gems/ruby-1.9.3-p194/gems/activerecord-3.2.8/lib/active_record/fixtures.rb:491:in `block in create_fixtures'
    /usr/local/rvm/gems/ruby-1.9.3-p194/gems/activerecord-3.2.8/lib/active_record/connection_adapters/abstract_adapter.rb:168:in `disable_referential_integrity'
    /usr/local/rvm/gems/ruby-1.9.3-p194/gems/activerecord-3.2.8/lib/active_record/fixtures.rb:476:in `create_fixtures'
    /usr/local/rvm/gems/ruby-1.9.3-p194/gems/activerecord-3.2.8/lib/active_record/fixtures.rb:895:in `load_fixtures'
    /usr/local/rvm/gems/ruby-1.9.3-p194/gems/activerecord-3.2.8/lib/active_record/fixtures.rb:849:in `setup_fixtures'
    /usr/local/rvm/gems/ruby-1.9.3-p194/gems/activesupport-3.2.8/lib/active_support/callbacks.rb:429:in `_run__874144419__setup__954330227__callbacks'
    /usr/local/rvm/gems/ruby-1.9.3-p194/gems/activesupport-3.2.8/lib/active_support/callbacks.rb:405:in `__run_callback'
    /usr/local/rvm/gems/ruby-1.9.3-p194/gems/activesupport-3.2.8/lib/active_support/callbacks.rb:385:in `_run_setup_callbacks'
    /usr/local/rvm/gems/ruby-1.9.3-p194/gems/activesupport-3.2.8/lib/active_support/callbacks.rb:81:in `run_callbacks'
    /usr/local/rvm/gems/ruby-1.9.3-p194/gems/activesupport-3.2.8/lib/active_support/testing/setup_and_teardown.rb:35:in `run'

  6) Error:
test_should_show_user(UsersControllerTest):
ActiveRecord::StatementInvalid: Could not find table 'users'
    /usr/local/rvm/gems/ruby-1.9.3-p194/gems/activerecord-3.2.8/lib/active_record/connection_adapters/sqlite_adapter.rb:472:in `table_structure'
    /usr/local/rvm/gems/ruby-1.9.3-p194/gems/activerecord-3.2.8/lib/active_record/connection_adapters/sqlite_adapter.rb:346:in `columns'
    /usr/local/rvm/gems/ruby-1.9.3-p194/gems/activerecord-3.2.8/lib/active_record/fixtures.rb:660:in `column_names'
    /usr/local/rvm/gems/ruby-1.9.3-p194/gems/activerecord-3.2.8/lib/active_record/fixtures.rb:652:in `timestamp_column_names'
    /usr/local/rvm/gems/ruby-1.9.3-p194/gems/activerecord-3.2.8/lib/active_record/fixtures.rb:585:in `block in table_rows'
    /usr/local/rvm/gems/ruby-1.9.3-p194/gems/activerecord-3.2.8/lib/active_record/fixtures.rb:579:in `each'
    /usr/local/rvm/gems/ruby-1.9.3-p194/gems/activerecord-3.2.8/lib/active_record/fixtures.rb:579:in `map'
    /usr/local/rvm/gems/ruby-1.9.3-p194/gems/activerecord-3.2.8/lib/active_record/fixtures.rb:579:in `table_rows'
    /usr/local/rvm/gems/ruby-1.9.3-p194/gems/activerecord-3.2.8/lib/active_record/fixtures.rb:494:in `block (3 levels) in create_fixtures'
    /usr/local/rvm/gems/ruby-1.9.3-p194/gems/activerecord-3.2.8/lib/active_record/fixtures.rb:492:in `each'
    /usr/local/rvm/gems/ruby-1.9.3-p194/gems/activerecord-3.2.8/lib/active_record/fixtures.rb:492:in `block (2 levels) in create_fixtures'
    /usr/local/rvm/gems/ruby-1.9.3-p194/gems/activerecord-3.2.8/lib/active_record/connection_adapters/abstract/database_statements.rb:192:in `transaction'
    /usr/local/rvm/gems/ruby-1.9.3-p194/gems/activerecord-3.2.8/lib/active_record/fixtures.rb:491:in `block in create_fixtures'
    /usr/local/rvm/gems/ruby-1.9.3-p194/gems/activerecord-3.2.8/lib/active_record/connection_adapters/abstract_adapter.rb:168:in `disable_referential_integrity'
    /usr/local/rvm/gems/ruby-1.9.3-p194/gems/activerecord-3.2.8/lib/active_record/fixtures.rb:476:in `create_fixtures'
    /usr/local/rvm/gems/ruby-1.9.3-p194/gems/activerecord-3.2.8/lib/active_record/fixtures.rb:895:in `load_fixtures'
    /usr/local/rvm/gems/ruby-1.9.3-p194/gems/activerecord-3.2.8/lib/active_record/fixtures.rb:849:in `setup_fixtures'
    /usr/local/rvm/gems/ruby-1.9.3-p194/gems/activesupport-3.2.8/lib/active_support/callbacks.rb:429:in `_run__874144419__setup__954330227__callbacks'
    /usr/local/rvm/gems/ruby-1.9.3-p194/gems/activesupport-3.2.8/lib/active_support/callbacks.rb:405:in `__run_callback'
    /usr/local/rvm/gems/ruby-1.9.3-p194/gems/activesupport-3.2.8/lib/active_support/callbacks.rb:385:in `_run_setup_callbacks'
    /usr/local/rvm/gems/ruby-1.9.3-p194/gems/activesupport-3.2.8/lib/active_support/callbacks.rb:81:in `run_callbacks'
    /usr/local/rvm/gems/ruby-1.9.3-p194/gems/activesupport-3.2.8/lib/active_support/testing/setup_and_teardown.rb:35:in `run'

  7) Error:
test_should_update_user(UsersControllerTest):
ActiveRecord::StatementInvalid: Could not find table 'users'
    /usr/local/rvm/gems/ruby-1.9.3-p194/gems/activerecord-3.2.8/lib/active_record/connection_adapters/sqlite_adapter.rb:472:in `table_structure'
    /usr/local/rvm/gems/ruby-1.9.3-p194/gems/activerecord-3.2.8/lib/active_record/connection_adapters/sqlite_adapter.rb:346:in `columns'
    /usr/local/rvm/gems/ruby-1.9.3-p194/gems/activerecord-3.2.8/lib/active_record/fixtures.rb:660:in `column_names'
    /usr/local/rvm/gems/ruby-1.9.3-p194/gems/activerecord-3.2.8/lib/active_record/fixtures.rb:652:in `timestamp_column_names'
    /usr/local/rvm/gems/ruby-1.9.3-p194/gems/activerecord-3.2.8/lib/active_record/fixtures.rb:585:in `block in table_rows'
    /usr/local/rvm/gems/ruby-1.9.3-p194/gems/activerecord-3.2.8/lib/active_record/fixtures.rb:579:in `each'
    /usr/local/rvm/gems/ruby-1.9.3-p194/gems/activerecord-3.2.8/lib/active_record/fixtures.rb:579:in `map'
    /usr/local/rvm/gems/ruby-1.9.3-p194/gems/activerecord-3.2.8/lib/active_record/fixtures.rb:579:in `table_rows'
    /usr/local/rvm/gems/ruby-1.9.3-p194/gems/activerecord-3.2.8/lib/active_record/fixtures.rb:494:in `block (3 levels) in create_fixtures'
    /usr/local/rvm/gems/ruby-1.9.3-p194/gems/activerecord-3.2.8/lib/active_record/fixtures.rb:492:in `each'
    /usr/local/rvm/gems/ruby-1.9.3-p194/gems/activerecord-3.2.8/lib/active_record/fixtures.rb:492:in `block (2 levels) in create_fixtures'
    /usr/local/rvm/gems/ruby-1.9.3-p194/gems/activerecord-3.2.8/lib/active_record/connection_adapters/abstract/database_statements.rb:192:in `transaction'
    /usr/local/rvm/gems/ruby-1.9.3-p194/gems/activerecord-3.2.8/lib/active_record/fixtures.rb:491:in `block in create_fixtures'
    /usr/local/rvm/gems/ruby-1.9.3-p194/gems/activerecord-3.2.8/lib/active_record/connection_adapters/abstract_adapter.rb:168:in `disable_referential_integrity'
    /usr/local/rvm/gems/ruby-1.9.3-p194/gems/activerecord-3.2.8/lib/active_record/fixtures.rb:476:in `create_fixtures'
    /usr/local/rvm/gems/ruby-1.9.3-p194/gems/activerecord-3.2.8/lib/active_record/fixtures.rb:895:in `load_fixtures'
    /usr/local/rvm/gems/ruby-1.9.3-p194/gems/activerecord-3.2.8/lib/active_record/fixtures.rb:849:in `setup_fixtures'
    /usr/local/rvm/gems/ruby-1.9.3-p194/gems/activesupport-3.2.8/lib/active_support/callbacks.rb:429:in `_run__874144419__setup__954330227__callbacks'
    /usr/local/rvm/gems/ruby-1.9.3-p194/gems/activesupport-3.2.8/lib/active_support/callbacks.rb:405:in `__run_callback'
    /usr/local/rvm/gems/ruby-1.9.3-p194/gems/activesupport-3.2.8/lib/active_support/callbacks.rb:385:in `_run_setup_callbacks'
    /usr/local/rvm/gems/ruby-1.9.3-p194/gems/activesupport-3.2.8/lib/active_support/callbacks.rb:81:in `run_callbacks'
    /usr/local/rvm/gems/ruby-1.9.3-p194/gems/activesupport-3.2.8/lib/active_support/testing/setup_and_teardown.rb:35:in `run'

7 tests, 0 assertions, 0 failures, 7 errors, 0 skips
Run options: -n "/^(test_should_create_micropost|test_should_destroy_micropost|test_should_get_edit|test_should_get_index|test_should_get_new|test_should_show_micropost|test_should_update_micropost)$/"

# Running tests:

EEEEEEE

Finished tests in 0.097859s, 71.5314 tests/s, 0.0000 assertions/s.

  1) Error:
test_should_create_micropost(MicropostsControllerTest):
ActiveRecord::StatementInvalid: Could not find table 'users'
    /usr/local/rvm/gems/ruby-1.9.3-p194/gems/activerecord-3.2.8/lib/active_record/connection_adapters/sqlite_adapter.rb:472:in `table_structure'
    /usr/local/rvm/gems/ruby-1.9.3-p194/gems/activerecord-3.2.8/lib/active_record/connection_adapters/sqlite_adapter.rb:346:in `columns'
    /usr/local/rvm/gems/ruby-1.9.3-p194/gems/activerecord-3.2.8/lib/active_record/fixtures.rb:660:in `column_names'
    /usr/local/rvm/gems/ruby-1.9.3-p194/gems/activerecord-3.2.8/lib/active_record/fixtures.rb:652:in `timestamp_column_names'
    /usr/local/rvm/gems/ruby-1.9.3-p194/gems/activerecord-3.2.8/lib/active_record/fixtures.rb:585:in `block in table_rows'
    /usr/local/rvm/gems/ruby-1.9.3-p194/gems/activerecord-3.2.8/lib/active_record/fixtures.rb:579:in `each'
    /usr/local/rvm/gems/ruby-1.9.3-p194/gems/activerecord-3.2.8/lib/active_record/fixtures.rb:579:in `map'
    /usr/local/rvm/gems/ruby-1.9.3-p194/gems/activerecord-3.2.8/lib/active_record/fixtures.rb:579:in `table_rows'
    /usr/local/rvm/gems/ruby-1.9.3-p194/gems/activerecord-3.2.8/lib/active_record/fixtures.rb:494:in `block (3 levels) in create_fixtures'
    /usr/local/rvm/gems/ruby-1.9.3-p194/gems/activerecord-3.2.8/lib/active_record/fixtures.rb:492:in `each'
    /usr/local/rvm/gems/ruby-1.9.3-p194/gems/activerecord-3.2.8/lib/active_record/fixtures.rb:492:in `block (2 levels) in create_fixtures'
    /usr/local/rvm/gems/ruby-1.9.3-p194/gems/activerecord-3.2.8/lib/active_record/connection_adapters/abstract/database_statements.rb:192:in `transaction'
    /usr/local/rvm/gems/ruby-1.9.3-p194/gems/activerecord-3.2.8/lib/active_record/fixtures.rb:491:in `block in create_fixtures'
    /usr/local/rvm/gems/ruby-1.9.3-p194/gems/activerecord-3.2.8/lib/active_record/connection_adapters/abstract_adapter.rb:168:in `disable_referential_integrity'
    /usr/local/rvm/gems/ruby-1.9.3-p194/gems/activerecord-3.2.8/lib/active_record/fixtures.rb:476:in `create_fixtures'
    /usr/local/rvm/gems/ruby-1.9.3-p194/gems/activerecord-3.2.8/lib/active_record/fixtures.rb:895:in `load_fixtures'
    /usr/local/rvm/gems/ruby-1.9.3-p194/gems/activerecord-3.2.8/lib/active_record/fixtures.rb:849:in `setup_fixtures'
    /usr/local/rvm/gems/ruby-1.9.3-p194/gems/activesupport-3.2.8/lib/active_support/callbacks.rb:429:in `_run__268082385__setup__989348530__callbacks'
    /usr/local/rvm/gems/ruby-1.9.3-p194/gems/activesupport-3.2.8/lib/active_support/callbacks.rb:405:in `__run_callback'
    /usr/local/rvm/gems/ruby-1.9.3-p194/gems/activesupport-3.2.8/lib/active_support/callbacks.rb:385:in `_run_setup_callbacks'
    /usr/local/rvm/gems/ruby-1.9.3-p194/gems/activesupport-3.2.8/lib/active_support/callbacks.rb:81:in `run_callbacks'
    /usr/local/rvm/gems/ruby-1.9.3-p194/gems/activesupport-3.2.8/lib/active_support/testing/setup_and_teardown.rb:35:in `run'

  2) Error:
test_should_destroy_micropost(MicropostsControllerTest):
ActiveRecord::StatementInvalid: Could not find table 'users'
    /usr/local/rvm/gems/ruby-1.9.3-p194/gems/activerecord-3.2.8/lib/active_record/connection_adapters/sqlite_adapter.rb:472:in `table_structure'
    /usr/local/rvm/gems/ruby-1.9.3-p194/gems/activerecord-3.2.8/lib/active_record/connection_adapters/sqlite_adapter.rb:346:in `columns'
    /usr/local/rvm/gems/ruby-1.9.3-p194/gems/activerecord-3.2.8/lib/active_record/fixtures.rb:660:in `column_names'
    /usr/local/rvm/gems/ruby-1.9.3-p194/gems/activerecord-3.2.8/lib/active_record/fixtures.rb:652:in `timestamp_column_names'
    /usr/local/rvm/gems/ruby-1.9.3-p194/gems/activerecord-3.2.8/lib/active_record/fixtures.rb:585:in `block in table_rows'
    /usr/local/rvm/gems/ruby-1.9.3-p194/gems/activerecord-3.2.8/lib/active_record/fixtures.rb:579:in `each'
    /usr/local/rvm/gems/ruby-1.9.3-p194/gems/activerecord-3.2.8/lib/active_record/fixtures.rb:579:in `map'
    /usr/local/rvm/gems/ruby-1.9.3-p194/gems/activerecord-3.2.8/lib/active_record/fixtures.rb:579:in `table_rows'
    /usr/local/rvm/gems/ruby-1.9.3-p194/gems/activerecord-3.2.8/lib/active_record/fixtures.rb:494:in `block (3 levels) in create_fixtures'
    /usr/local/rvm/gems/ruby-1.9.3-p194/gems/activerecord-3.2.8/lib/active_record/fixtures.rb:492:in `each'
    /usr/local/rvm/gems/ruby-1.9.3-p194/gems/activerecord-3.2.8/lib/active_record/fixtures.rb:492:in `block (2 levels) in create_fixtures'
    /usr/local/rvm/gems/ruby-1.9.3-p194/gems/activerecord-3.2.8/lib/active_record/connection_adapters/abstract/database_statements.rb:192:in `transaction'
    /usr/local/rvm/gems/ruby-1.9.3-p194/gems/activerecord-3.2.8/lib/active_record/fixtures.rb:491:in `block in create_fixtures'
    /usr/local/rvm/gems/ruby-1.9.3-p194/gems/activerecord-3.2.8/lib/active_record/connection_adapters/abstract_adapter.rb:168:in `disable_referential_integrity'
    /usr/local/rvm/gems/ruby-1.9.3-p194/gems/activerecord-3.2.8/lib/active_record/fixtures.rb:476:in `create_fixtures'
    /usr/local/rvm/gems/ruby-1.9.3-p194/gems/activerecord-3.2.8/lib/active_record/fixtures.rb:895:in `load_fixtures'
    /usr/local/rvm/gems/ruby-1.9.3-p194/gems/activerecord-3.2.8/lib/active_record/fixtures.rb:849:in `setup_fixtures'
    /usr/local/rvm/gems/ruby-1.9.3-p194/gems/activesupport-3.2.8/lib/active_support/callbacks.rb:429:in `_run__268082385__setup__989348530__callbacks'
    /usr/local/rvm/gems/ruby-1.9.3-p194/gems/activesupport-3.2.8/lib/active_support/callbacks.rb:405:in `__run_callback'
    /usr/local/rvm/gems/ruby-1.9.3-p194/gems/activesupport-3.2.8/lib/active_support/callbacks.rb:385:in `_run_setup_callbacks'
    /usr/local/rvm/gems/ruby-1.9.3-p194/gems/activesupport-3.2.8/lib/active_support/callbacks.rb:81:in `run_callbacks'
    /usr/local/rvm/gems/ruby-1.9.3-p194/gems/activesupport-3.2.8/lib/active_support/testing/setup_and_teardown.rb:35:in `run'

  3) Error:
test_should_get_edit(MicropostsControllerTest):
ActiveRecord::StatementInvalid: Could not find table 'users'
    /usr/local/rvm/gems/ruby-1.9.3-p194/gems/activerecord-3.2.8/lib/active_record/connection_adapters/sqlite_adapter.rb:472:in `table_structure'
    /usr/local/rvm/gems/ruby-1.9.3-p194/gems/activerecord-3.2.8/lib/active_record/connection_adapters/sqlite_adapter.rb:346:in `columns'
    /usr/local/rvm/gems/ruby-1.9.3-p194/gems/activerecord-3.2.8/lib/active_record/fixtures.rb:660:in `column_names'
    /usr/local/rvm/gems/ruby-1.9.3-p194/gems/activerecord-3.2.8/lib/active_record/fixtures.rb:652:in `timestamp_column_names'
    /usr/local/rvm/gems/ruby-1.9.3-p194/gems/activerecord-3.2.8/lib/active_record/fixtures.rb:585:in `block in table_rows'
    /usr/local/rvm/gems/ruby-1.9.3-p194/gems/activerecord-3.2.8/lib/active_record/fixtures.rb:579:in `each'
    /usr/local/rvm/gems/ruby-1.9.3-p194/gems/activerecord-3.2.8/lib/active_record/fixtures.rb:579:in `map'
    /usr/local/rvm/gems/ruby-1.9.3-p194/gems/activerecord-3.2.8/lib/active_record/fixtures.rb:579:in `table_rows'
    /usr/local/rvm/gems/ruby-1.9.3-p194/gems/activerecord-3.2.8/lib/active_record/fixtures.rb:494:in `block (3 levels) in create_fixtures'
    /usr/local/rvm/gems/ruby-1.9.3-p194/gems/activerecord-3.2.8/lib/active_record/fixtures.rb:492:in `each'
    /usr/local/rvm/gems/ruby-1.9.3-p194/gems/activerecord-3.2.8/lib/active_record/fixtures.rb:492:in `block (2 levels) in create_fixtures'
    /usr/local/rvm/gems/ruby-1.9.3-p194/gems/activerecord-3.2.8/lib/active_record/connection_adapters/abstract/database_statements.rb:192:in `transaction'
    /usr/local/rvm/gems/ruby-1.9.3-p194/gems/activerecord-3.2.8/lib/active_record/fixtures.rb:491:in `block in create_fixtures'
    /usr/local/rvm/gems/ruby-1.9.3-p194/gems/activerecord-3.2.8/lib/active_record/connection_adapters/abstract_adapter.rb:168:in `disable_referential_integrity'
    /usr/local/rvm/gems/ruby-1.9.3-p194/gems/activerecord-3.2.8/lib/active_record/fixtures.rb:476:in `create_fixtures'
    /usr/local/rvm/gems/ruby-1.9.3-p194/gems/activerecord-3.2.8/lib/active_record/fixtures.rb:895:in `load_fixtures'
    /usr/local/rvm/gems/ruby-1.9.3-p194/gems/activerecord-3.2.8/lib/active_record/fixtures.rb:849:in `setup_fixtures'
    /usr/local/rvm/gems/ruby-1.9.3-p194/gems/activesupport-3.2.8/lib/active_support/callbacks.rb:429:in `_run__268082385__setup__989348530__callbacks'
    /usr/local/rvm/gems/ruby-1.9.3-p194/gems/activesupport-3.2.8/lib/active_support/callbacks.rb:405:in `__run_callback'
    /usr/local/rvm/gems/ruby-1.9.3-p194/gems/activesupport-3.2.8/lib/active_support/callbacks.rb:385:in `_run_setup_callbacks'
    /usr/local/rvm/gems/ruby-1.9.3-p194/gems/activesupport-3.2.8/lib/active_support/callbacks.rb:81:in `run_callbacks'
    /usr/local/rvm/gems/ruby-1.9.3-p194/gems/activesupport-3.2.8/lib/active_support/testing/setup_and_teardown.rb:35:in `run'

  4) Error:
test_should_get_index(MicropostsControllerTest):
ActiveRecord::StatementInvalid: Could not find table 'users'
    /usr/local/rvm/gems/ruby-1.9.3-p194/gems/activerecord-3.2.8/lib/active_record/connection_adapters/sqlite_adapter.rb:472:in `table_structure'
    /usr/local/rvm/gems/ruby-1.9.3-p194/gems/activerecord-3.2.8/lib/active_record/connection_adapters/sqlite_adapter.rb:346:in `columns'
    /usr/local/rvm/gems/ruby-1.9.3-p194/gems/activerecord-3.2.8/lib/active_record/fixtures.rb:660:in `column_names'
    /usr/local/rvm/gems/ruby-1.9.3-p194/gems/activerecord-3.2.8/lib/active_record/fixtures.rb:652:in `timestamp_column_names'
    /usr/local/rvm/gems/ruby-1.9.3-p194/gems/activerecord-3.2.8/lib/active_record/fixtures.rb:585:in `block in table_rows'
    /usr/local/rvm/gems/ruby-1.9.3-p194/gems/activerecord-3.2.8/lib/active_record/fixtures.rb:579:in `each'
    /usr/local/rvm/gems/ruby-1.9.3-p194/gems/activerecord-3.2.8/lib/active_record/fixtures.rb:579:in `map'
    /usr/local/rvm/gems/ruby-1.9.3-p194/gems/activerecord-3.2.8/lib/active_record/fixtures.rb:579:in `table_rows'
    /usr/local/rvm/gems/ruby-1.9.3-p194/gems/activerecord-3.2.8/lib/active_record/fixtures.rb:494:in `block (3 levels) in create_fixtures'
    /usr/local/rvm/gems/ruby-1.9.3-p194/gems/activerecord-3.2.8/lib/active_record/fixtures.rb:492:in `each'
    /usr/local/rvm/gems/ruby-1.9.3-p194/gems/activerecord-3.2.8/lib/active_record/fixtures.rb:492:in `block (2 levels) in create_fixtures'
    /usr/local/rvm/gems/ruby-1.9.3-p194/gems/activerecord-3.2.8/lib/active_record/connection_adapters/abstract/database_statements.rb:192:in `transaction'
    /usr/local/rvm/gems/ruby-1.9.3-p194/gems/activerecord-3.2.8/lib/active_record/fixtures.rb:491:in `block in create_fixtures'
    /usr/local/rvm/gems/ruby-1.9.3-p194/gems/activerecord-3.2.8/lib/active_record/connection_adapters/abstract_adapter.rb:168:in `disable_referential_integrity'
    /usr/local/rvm/gems/ruby-1.9.3-p194/gems/activerecord-3.2.8/lib/active_record/fixtures.rb:476:in `create_fixtures'
    /usr/local/rvm/gems/ruby-1.9.3-p194/gems/activerecord-3.2.8/lib/active_record/fixtures.rb:895:in `load_fixtures'
    /usr/local/rvm/gems/ruby-1.9.3-p194/gems/activerecord-3.2.8/lib/active_record/fixtures.rb:849:in `setup_fixtures'
    /usr/local/rvm/gems/ruby-1.9.3-p194/gems/activesupport-3.2.8/lib/active_support/callbacks.rb:429:in `_run__268082385__setup__989348530__callbacks'
    /usr/local/rvm/gems/ruby-1.9.3-p194/gems/activesupport-3.2.8/lib/active_support/callbacks.rb:405:in `__run_callback'
    /usr/local/rvm/gems/ruby-1.9.3-p194/gems/activesupport-3.2.8/lib/active_support/callbacks.rb:385:in `_run_setup_callbacks'
    /usr/local/rvm/gems/ruby-1.9.3-p194/gems/activesupport-3.2.8/lib/active_support/callbacks.rb:81:in `run_callbacks'
    /usr/local/rvm/gems/ruby-1.9.3-p194/gems/activesupport-3.2.8/lib/active_support/testing/setup_and_teardown.rb:35:in `run'

  5) Error:
test_should_get_new(MicropostsControllerTest):
ActiveRecord::StatementInvalid: Could not find table 'users'
    /usr/local/rvm/gems/ruby-1.9.3-p194/gems/activerecord-3.2.8/lib/active_record/connection_adapters/sqlite_adapter.rb:472:in `table_structure'
    /usr/local/rvm/gems/ruby-1.9.3-p194/gems/activerecord-3.2.8/lib/active_record/connection_adapters/sqlite_adapter.rb:346:in `columns'
    /usr/local/rvm/gems/ruby-1.9.3-p194/gems/activerecord-3.2.8/lib/active_record/fixtures.rb:660:in `column_names'
    /usr/local/rvm/gems/ruby-1.9.3-p194/gems/activerecord-3.2.8/lib/active_record/fixtures.rb:652:in `timestamp_column_names'
    /usr/local/rvm/gems/ruby-1.9.3-p194/gems/activerecord-3.2.8/lib/active_record/fixtures.rb:585:in `block in table_rows'
    /usr/local/rvm/gems/ruby-1.9.3-p194/gems/activerecord-3.2.8/lib/active_record/fixtures.rb:579:in `each'
    /usr/local/rvm/gems/ruby-1.9.3-p194/gems/activerecord-3.2.8/lib/active_record/fixtures.rb:579:in `map'
    /usr/local/rvm/gems/ruby-1.9.3-p194/gems/activerecord-3.2.8/lib/active_record/fixtures.rb:579:in `table_rows'
    /usr/local/rvm/gems/ruby-1.9.3-p194/gems/activerecord-3.2.8/lib/active_record/fixtures.rb:494:in `block (3 levels) in create_fixtures'
    /usr/local/rvm/gems/ruby-1.9.3-p194/gems/activerecord-3.2.8/lib/active_record/fixtures.rb:492:in `each'
    /usr/local/rvm/gems/ruby-1.9.3-p194/gems/activerecord-3.2.8/lib/active_record/fixtures.rb:492:in `block (2 levels) in create_fixtures'
    /usr/local/rvm/gems/ruby-1.9.3-p194/gems/activerecord-3.2.8/lib/active_record/connection_adapters/abstract/database_statements.rb:192:in `transaction'
    /usr/local/rvm/gems/ruby-1.9.3-p194/gems/activerecord-3.2.8/lib/active_record/fixtures.rb:491:in `block in create_fixtures'
    /usr/local/rvm/gems/ruby-1.9.3-p194/gems/activerecord-3.2.8/lib/active_record/connection_adapters/abstract_adapter.rb:168:in `disable_referential_integrity'
    /usr/local/rvm/gems/ruby-1.9.3-p194/gems/activerecord-3.2.8/lib/active_record/fixtures.rb:476:in `create_fixtures'
    /usr/local/rvm/gems/ruby-1.9.3-p194/gems/activerecord-3.2.8/lib/active_record/fixtures.rb:895:in `load_fixtures'
    /usr/local/rvm/gems/ruby-1.9.3-p194/gems/activerecord-3.2.8/lib/active_record/fixtures.rb:849:in `setup_fixtures'
    /usr/local/rvm/gems/ruby-1.9.3-p194/gems/activesupport-3.2.8/lib/active_support/callbacks.rb:429:in `_run__268082385__setup__989348530__callbacks'
    /usr/local/rvm/gems/ruby-1.9.3-p194/gems/activesupport-3.2.8/lib/active_support/callbacks.rb:405:in `__run_callback'
    /usr/local/rvm/gems/ruby-1.9.3-p194/gems/activesupport-3.2.8/lib/active_support/callbacks.rb:385:in `_run_setup_callbacks'
    /usr/local/rvm/gems/ruby-1.9.3-p194/gems/activesupport-3.2.8/lib/active_support/callbacks.rb:81:in `run_callbacks'
    /usr/local/rvm/gems/ruby-1.9.3-p194/gems/activesupport-3.2.8/lib/active_support/testing/setup_and_teardown.rb:35:in `run'

  6) Error:
test_should_show_micropost(MicropostsControllerTest):
ActiveRecord::StatementInvalid: Could not find table 'users'
    /usr/local/rvm/gems/ruby-1.9.3-p194/gems/activerecord-3.2.8/lib/active_record/connection_adapters/sqlite_adapter.rb:472:in `table_structure'
    /usr/local/rvm/gems/ruby-1.9.3-p194/gems/activerecord-3.2.8/lib/active_record/connection_adapters/sqlite_adapter.rb:346:in `columns'
    /usr/local/rvm/gems/ruby-1.9.3-p194/gems/activerecord-3.2.8/lib/active_record/fixtures.rb:660:in `column_names'
    /usr/local/rvm/gems/ruby-1.9.3-p194/gems/activerecord-3.2.8/lib/active_record/fixtures.rb:652:in `timestamp_column_names'
    /usr/local/rvm/gems/ruby-1.9.3-p194/gems/activerecord-3.2.8/lib/active_record/fixtures.rb:585:in `block in table_rows'
    /usr/local/rvm/gems/ruby-1.9.3-p194/gems/activerecord-3.2.8/lib/active_record/fixtures.rb:579:in `each'
    /usr/local/rvm/gems/ruby-1.9.3-p194/gems/activerecord-3.2.8/lib/active_record/fixtures.rb:579:in `map'
    /usr/local/rvm/gems/ruby-1.9.3-p194/gems/activerecord-3.2.8/lib/active_record/fixtures.rb:579:in `table_rows'
    /usr/local/rvm/gems/ruby-1.9.3-p194/gems/activerecord-3.2.8/lib/active_record/fixtures.rb:494:in `block (3 levels) in create_fixtures'
    /usr/local/rvm/gems/ruby-1.9.3-p194/gems/activerecord-3.2.8/lib/active_record/fixtures.rb:492:in `each'
    /usr/local/rvm/gems/ruby-1.9.3-p194/gems/activerecord-3.2.8/lib/active_record/fixtures.rb:492:in `block (2 levels) in create_fixtures'
    /usr/local/rvm/gems/ruby-1.9.3-p194/gems/activerecord-3.2.8/lib/active_record/connection_adapters/abstract/database_statements.rb:192:in `transaction'
    /usr/local/rvm/gems/ruby-1.9.3-p194/gems/activerecord-3.2.8/lib/active_record/fixtures.rb:491:in `block in create_fixtures'
    /usr/local/rvm/gems/ruby-1.9.3-p194/gems/activerecord-3.2.8/lib/active_record/connection_adapters/abstract_adapter.rb:168:in `disable_referential_integrity'
    /usr/local/rvm/gems/ruby-1.9.3-p194/gems/activerecord-3.2.8/lib/active_record/fixtures.rb:476:in `create_fixtures'
    /usr/local/rvm/gems/ruby-1.9.3-p194/gems/activerecord-3.2.8/lib/active_record/fixtures.rb:895:in `load_fixtures'
    /usr/local/rvm/gems/ruby-1.9.3-p194/gems/activerecord-3.2.8/lib/active_record/fixtures.rb:849:in `setup_fixtures'
    /usr/local/rvm/gems/ruby-1.9.3-p194/gems/activesupport-3.2.8/lib/active_support/callbacks.rb:429:in `_run__268082385__setup__989348530__callbacks'
    /usr/local/rvm/gems/ruby-1.9.3-p194/gems/activesupport-3.2.8/lib/active_support/callbacks.rb:405:in `__run_callback'
    /usr/local/rvm/gems/ruby-1.9.3-p194/gems/activesupport-3.2.8/lib/active_support/callbacks.rb:385:in `_run_setup_callbacks'
    /usr/local/rvm/gems/ruby-1.9.3-p194/gems/activesupport-3.2.8/lib/active_support/callbacks.rb:81:in `run_callbacks'
    /usr/local/rvm/gems/ruby-1.9.3-p194/gems/activesupport-3.2.8/lib/active_support/testing/setup_and_teardown.rb:35:in `run'

  7) Error:
test_should_update_micropost(MicropostsControllerTest):
ActiveRecord::StatementInvalid: Could not find table 'users'
    /usr/local/rvm/gems/ruby-1.9.3-p194/gems/activerecord-3.2.8/lib/active_record/connection_adapters/sqlite_adapter.rb:472:in `table_structure'
    /usr/local/rvm/gems/ruby-1.9.3-p194/gems/activerecord-3.2.8/lib/active_record/connection_adapters/sqlite_adapter.rb:346:in `columns'
    /usr/local/rvm/gems/ruby-1.9.3-p194/gems/activerecord-3.2.8/lib/active_record/fixtures.rb:660:in `column_names'
    /usr/local/rvm/gems/ruby-1.9.3-p194/gems/activerecord-3.2.8/lib/active_record/fixtures.rb:652:in `timestamp_column_names'
    /usr/local/rvm/gems/ruby-1.9.3-p194/gems/activerecord-3.2.8/lib/active_record/fixtures.rb:585:in `block in table_rows'
    /usr/local/rvm/gems/ruby-1.9.3-p194/gems/activerecord-3.2.8/lib/active_record/fixtures.rb:579:in `each'
    /usr/local/rvm/gems/ruby-1.9.3-p194/gems/activerecord-3.2.8/lib/active_record/fixtures.rb:579:in `map'
    /usr/local/rvm/gems/ruby-1.9.3-p194/gems/activerecord-3.2.8/lib/active_record/fixtures.rb:579:in `table_rows'
    /usr/local/rvm/gems/ruby-1.9.3-p194/gems/activerecord-3.2.8/lib/active_record/fixtures.rb:494:in `block (3 levels) in create_fixtures'
    /usr/local/rvm/gems/ruby-1.9.3-p194/gems/activerecord-3.2.8/lib/active_record/fixtures.rb:492:in `each'
    /usr/local/rvm/gems/ruby-1.9.3-p194/gems/activerecord-3.2.8/lib/active_record/fixtures.rb:492:in `block (2 levels) in create_fixtures'
    /usr/local/rvm/gems/ruby-1.9.3-p194/gems/activerecord-3.2.8/lib/active_record/connection_adapters/abstract/database_statements.rb:192:in `transaction'
    /usr/local/rvm/gems/ruby-1.9.3-p194/gems/activerecord-3.2.8/lib/active_record/fixtures.rb:491:in `block in create_fixtures'
    /usr/local/rvm/gems/ruby-1.9.3-p194/gems/activerecord-3.2.8/lib/active_record/connection_adapters/abstract_adapter.rb:168:in `disable_referential_integrity'
    /usr/local/rvm/gems/ruby-1.9.3-p194/gems/activerecord-3.2.8/lib/active_record/fixtures.rb:476:in `create_fixtures'
    /usr/local/rvm/gems/ruby-1.9.3-p194/gems/activerecord-3.2.8/lib/active_record/fixtures.rb:895:in `load_fixtures'
    /usr/local/rvm/gems/ruby-1.9.3-p194/gems/activerecord-3.2.8/lib/active_record/fixtures.rb:849:in `setup_fixtures'
    /usr/local/rvm/gems/ruby-1.9.3-p194/gems/activesupport-3.2.8/lib/active_support/callbacks.rb:429:in `_run__268082385__setup__989348530__callbacks'
    /usr/local/rvm/gems/ruby-1.9.3-p194/gems/activesupport-3.2.8/lib/active_support/callbacks.rb:405:in `__run_callback'
    /usr/local/rvm/gems/ruby-1.9.3-p194/gems/activesupport-3.2.8/lib/active_support/callbacks.rb:385:in `_run_setup_callbacks'
    /usr/local/rvm/gems/ruby-1.9.3-p194/gems/activesupport-3.2.8/lib/active_support/callbacks.rb:81:in `run_callbacks'
    /usr/local/rvm/gems/ruby-1.9.3-p194/gems/activesupport-3.2.8/lib/active_support/testing/setup_and_teardown.rb:35:in `run'

7 tests, 0 assertions, 0 failures, 7 errors, 0 skips
/usr/local/rvm/rubies/ruby-1.9.3-p194/bin/ruby -I.:lib:test -rubygems test/functional/microposts_controller_test.rb -n "/^(test_should_create_micropost|test_should_destroy_micropost|test_should_get_edit|test_should_get_index|test_should_get_new|test_should_show_micropost|test_should_update_micropost)$/"; /usr/local/rvm/rubies/ruby-1.9.3-p194/bin/ruby -I.:lib:test -rubygems test/functional/users_controller_test.rb -n "/^(test_should_create_user|test_should_destroy_user|test_should_get_edit|test_should_get_index|test_should_get_new|test_should_show_user|test_should_update_user)$/"; /usr/local/rvm/rubies/ruby-1.9.3-p194/bin/ruby -I.:lib:test -rubygems test/functional/pages_controller_test.rb -n "/^(test_should_get_contact|test_should_get_home)$/"
Run options: -n "/^(test_should_create_micropost|test_should_destroy_micropost|test_should_get_edit|test_should_get_index|test_should_get_new|test_should_show_micropost|test_should_update_micropost)$/"

# Running tests:

EEEEEEE

Finished tests in 0.105023s, 66.6523 tests/s, 0.0000 assertions/s.

  1) Error:
test_should_create_micropost(MicropostsControllerTest):
ActiveRecord::StatementInvalid: Could not find table 'users'
    /usr/local/rvm/gems/ruby-1.9.3-p194/gems/activerecord-3.2.8/lib/active_record/connection_adapters/sqlite_adapter.rb:472:in `table_structure'
    /usr/local/rvm/gems/ruby-1.9.3-p194/gems/activerecord-3.2.8/lib/active_record/connection_adapters/sqlite_adapter.rb:346:in `columns'
    /usr/local/rvm/gems/ruby-1.9.3-p194/gems/activerecord-3.2.8/lib/active_record/fixtures.rb:660:in `column_names'
    /usr/local/rvm/gems/ruby-1.9.3-p194/gems/activerecord-3.2.8/lib/active_record/fixtures.rb:652:in `timestamp_column_names'
    /usr/local/rvm/gems/ruby-1.9.3-p194/gems/activerecord-3.2.8/lib/active_record/fixtures.rb:585:in `block in table_rows'
    /usr/local/rvm/gems/ruby-1.9.3-p194/gems/activerecord-3.2.8/lib/active_record/fixtures.rb:579:in `each'
    /usr/local/rvm/gems/ruby-1.9.3-p194/gems/activerecord-3.2.8/lib/active_record/fixtures.rb:579:in `map'
    /usr/local/rvm/gems/ruby-1.9.3-p194/gems/activerecord-3.2.8/lib/active_record/fixtures.rb:579:in `table_rows'
    /usr/local/rvm/gems/ruby-1.9.3-p194/gems/activerecord-3.2.8/lib/active_record/fixtures.rb:494:in `block (3 levels) in create_fixtures'
    /usr/local/rvm/gems/ruby-1.9.3-p194/gems/activerecord-3.2.8/lib/active_record/fixtures.rb:492:in `each'
    /usr/local/rvm/gems/ruby-1.9.3-p194/gems/activerecord-3.2.8/lib/active_record/fixtures.rb:492:in `block (2 levels) in create_fixtures'
    /usr/local/rvm/gems/ruby-1.9.3-p194/gems/activerecord-3.2.8/lib/active_record/connection_adapters/abstract/database_statements.rb:192:in `transaction'
    /usr/local/rvm/gems/ruby-1.9.3-p194/gems/activerecord-3.2.8/lib/active_record/fixtures.rb:491:in `block in create_fixtures'
    /usr/local/rvm/gems/ruby-1.9.3-p194/gems/activerecord-3.2.8/lib/active_record/connection_adapters/abstract_adapter.rb:168:in `disable_referential_integrity'
    /usr/local/rvm/gems/ruby-1.9.3-p194/gems/activerecord-3.2.8/lib/active_record/fixtures.rb:476:in `create_fixtures'
    /usr/local/rvm/gems/ruby-1.9.3-p194/gems/activerecord-3.2.8/lib/active_record/fixtures.rb:895:in `load_fixtures'
    /usr/local/rvm/gems/ruby-1.9.3-p194/gems/activerecord-3.2.8/lib/active_record/fixtures.rb:849:in `setup_fixtures'
    /usr/local/rvm/gems/ruby-1.9.3-p194/gems/activesupport-3.2.8/lib/active_support/callbacks.rb:429:in `_run__299290920__setup__350301708__callbacks'
    /usr/local/rvm/gems/ruby-1.9.3-p194/gems/activesupport-3.2.8/lib/active_support/callbacks.rb:405:in `__run_callback'
    /usr/local/rvm/gems/ruby-1.9.3-p194/gems/activesupport-3.2.8/lib/active_support/callbacks.rb:385:in `_run_setup_callbacks'
    /usr/local/rvm/gems/ruby-1.9.3-p194/gems/activesupport-3.2.8/lib/active_support/callbacks.rb:81:in `run_callbacks'
    /usr/local/rvm/gems/ruby-1.9.3-p194/gems/activesupport-3.2.8/lib/active_support/testing/setup_and_teardown.rb:35:in `run'

  2) Error:
test_should_destroy_micropost(MicropostsControllerTest):
ActiveRecord::StatementInvalid: Could not find table 'users'
    /usr/local/rvm/gems/ruby-1.9.3-p194/gems/activerecord-3.2.8/lib/active_record/connection_adapters/sqlite_adapter.rb:472:in `table_structure'
    /usr/local/rvm/gems/ruby-1.9.3-p194/gems/activerecord-3.2.8/lib/active_record/connection_adapters/sqlite_adapter.rb:346:in `columns'
    /usr/local/rvm/gems/ruby-1.9.3-p194/gems/activerecord-3.2.8/lib/active_record/fixtures.rb:660:in `column_names'
    /usr/local/rvm/gems/ruby-1.9.3-p194/gems/activerecord-3.2.8/lib/active_record/fixtures.rb:652:in `timestamp_column_names'
    /usr/local/rvm/gems/ruby-1.9.3-p194/gems/activerecord-3.2.8/lib/active_record/fixtures.rb:585:in `block in table_rows'
    /usr/local/rvm/gems/ruby-1.9.3-p194/gems/activerecord-3.2.8/lib/active_record/fixtures.rb:579:in `each'
    /usr/local/rvm/gems/ruby-1.9.3-p194/gems/activerecord-3.2.8/lib/active_record/fixtures.rb:579:in `map'
    /usr/local/rvm/gems/ruby-1.9.3-p194/gems/activerecord-3.2.8/lib/active_record/fixtures.rb:579:in `table_rows'
    /usr/local/rvm/gems/ruby-1.9.3-p194/gems/activerecord-3.2.8/lib/active_record/fixtures.rb:494:in `block (3 levels) in create_fixtures'
    /usr/local/rvm/gems/ruby-1.9.3-p194/gems/activerecord-3.2.8/lib/active_record/fixtures.rb:492:in `each'
    /usr/local/rvm/gems/ruby-1.9.3-p194/gems/activerecord-3.2.8/lib/active_record/fixtures.rb:492:in `block (2 levels) in create_fixtures'
    /usr/local/rvm/gems/ruby-1.9.3-p194/gems/activerecord-3.2.8/lib/active_record/connection_adapters/abstract/database_statements.rb:192:in `transaction'
    /usr/local/rvm/gems/ruby-1.9.3-p194/gems/activerecord-3.2.8/lib/active_record/fixtures.rb:491:in `block in create_fixtures'
    /usr/local/rvm/gems/ruby-1.9.3-p194/gems/activerecord-3.2.8/lib/active_record/connection_adapters/abstract_adapter.rb:168:in `disable_referential_integrity'
    /usr/local/rvm/gems/ruby-1.9.3-p194/gems/activerecord-3.2.8/lib/active_record/fixtures.rb:476:in `create_fixtures'
    /usr/local/rvm/gems/ruby-1.9.3-p194/gems/activerecord-3.2.8/lib/active_record/fixtures.rb:895:in `load_fixtures'
    /usr/local/rvm/gems/ruby-1.9.3-p194/gems/activerecord-3.2.8/lib/active_record/fixtures.rb:849:in `setup_fixtures'
    /usr/local/rvm/gems/ruby-1.9.3-p194/gems/activesupport-3.2.8/lib/active_support/callbacks.rb:429:in `_run__299290920__setup__350301708__callbacks'
    /usr/local/rvm/gems/ruby-1.9.3-p194/gems/activesupport-3.2.8/lib/active_support/callbacks.rb:405:in `__run_callback'
    /usr/local/rvm/gems/ruby-1.9.3-p194/gems/activesupport-3.2.8/lib/active_support/callbacks.rb:385:in `_run_setup_callbacks'
    /usr/local/rvm/gems/ruby-1.9.3-p194/gems/activesupport-3.2.8/lib/active_support/callbacks.rb:81:in `run_callbacks'
    /usr/local/rvm/gems/ruby-1.9.3-p194/gems/activesupport-3.2.8/lib/active_support/testing/setup_and_teardown.rb:35:in `run'

  3) Error:
test_should_get_edit(MicropostsControllerTest):
ActiveRecord::StatementInvalid: Could not find table 'users'
    /usr/local/rvm/gems/ruby-1.9.3-p194/gems/activerecord-3.2.8/lib/active_record/connection_adapters/sqlite_adapter.rb:472:in `table_structure'
    /usr/local/rvm/gems/ruby-1.9.3-p194/gems/activerecord-3.2.8/lib/active_record/connection_adapters/sqlite_adapter.rb:346:in `columns'
    /usr/local/rvm/gems/ruby-1.9.3-p194/gems/activerecord-3.2.8/lib/active_record/fixtures.rb:660:in `column_names'
    /usr/local/rvm/gems/ruby-1.9.3-p194/gems/activerecord-3.2.8/lib/active_record/fixtures.rb:652:in `timestamp_column_names'
    /usr/local/rvm/gems/ruby-1.9.3-p194/gems/activerecord-3.2.8/lib/active_record/fixtures.rb:585:in `block in table_rows'
    /usr/local/rvm/gems/ruby-1.9.3-p194/gems/activerecord-3.2.8/lib/active_record/fixtures.rb:579:in `each'
    /usr/local/rvm/gems/ruby-1.9.3-p194/gems/activerecord-3.2.8/lib/active_record/fixtures.rb:579:in `map'
    /usr/local/rvm/gems/ruby-1.9.3-p194/gems/activerecord-3.2.8/lib/active_record/fixtures.rb:579:in `table_rows'
    /usr/local/rvm/gems/ruby-1.9.3-p194/gems/activerecord-3.2.8/lib/active_record/fixtures.rb:494:in `block (3 levels) in create_fixtures'
    /usr/local/rvm/gems/ruby-1.9.3-p194/gems/activerecord-3.2.8/lib/active_record/fixtures.rb:492:in `each'
    /usr/local/rvm/gems/ruby-1.9.3-p194/gems/activerecord-3.2.8/lib/active_record/fixtures.rb:492:in `block (2 levels) in create_fixtures'
    /usr/local/rvm/gems/ruby-1.9.3-p194/gems/activerecord-3.2.8/lib/active_record/connection_adapters/abstract/database_statements.rb:192:in `transaction'
    /usr/local/rvm/gems/ruby-1.9.3-p194/gems/activerecord-3.2.8/lib/active_record/fixtures.rb:491:in `block in create_fixtures'
    /usr/local/rvm/gems/ruby-1.9.3-p194/gems/activerecord-3.2.8/lib/active_record/connection_adapters/abstract_adapter.rb:168:in `disable_referential_integrity'
    /usr/local/rvm/gems/ruby-1.9.3-p194/gems/activerecord-3.2.8/lib/active_record/fixtures.rb:476:in `create_fixtures'
    /usr/local/rvm/gems/ruby-1.9.3-p194/gems/activerecord-3.2.8/lib/active_record/fixtures.rb:895:in `load_fixtures'
    /usr/local/rvm/gems/ruby-1.9.3-p194/gems/activerecord-3.2.8/lib/active_record/fixtures.rb:849:in `setup_fixtures'
    /usr/local/rvm/gems/ruby-1.9.3-p194/gems/activesupport-3.2.8/lib/active_support/callbacks.rb:429:in `_run__299290920__setup__350301708__callbacks'
    /usr/local/rvm/gems/ruby-1.9.3-p194/gems/activesupport-3.2.8/lib/active_support/callbacks.rb:405:in `__run_callback'
    /usr/local/rvm/gems/ruby-1.9.3-p194/gems/activesupport-3.2.8/lib/active_support/callbacks.rb:385:in `_run_setup_callbacks'
    /usr/local/rvm/gems/ruby-1.9.3-p194/gems/activesupport-3.2.8/lib/active_support/callbacks.rb:81:in `run_callbacks'
    /usr/local/rvm/gems/ruby-1.9.3-p194/gems/activesupport-3.2.8/lib/active_support/testing/setup_and_teardown.rb:35:in `run'

  4) Error:
test_should_get_index(MicropostsControllerTest):
ActiveRecord::StatementInvalid: Could not find table 'users'
    /usr/local/rvm/gems/ruby-1.9.3-p194/gems/activerecord-3.2.8/lib/active_record/connection_adapters/sqlite_adapter.rb:472:in `table_structure'
    /usr/local/rvm/gems/ruby-1.9.3-p194/gems/activerecord-3.2.8/lib/active_record/connection_adapters/sqlite_adapter.rb:346:in `columns'
    /usr/local/rvm/gems/ruby-1.9.3-p194/gems/activerecord-3.2.8/lib/active_record/fixtures.rb:660:in `column_names'
    /usr/local/rvm/gems/ruby-1.9.3-p194/gems/activerecord-3.2.8/lib/active_record/fixtures.rb:652:in `timestamp_column_names'
    /usr/local/rvm/gems/ruby-1.9.3-p194/gems/activerecord-3.2.8/lib/active_record/fixtures.rb:585:in `block in table_rows'
    /usr/local/rvm/gems/ruby-1.9.3-p194/gems/activerecord-3.2.8/lib/active_record/fixtures.rb:579:in `each'
    /usr/local/rvm/gems/ruby-1.9.3-p194/gems/activerecord-3.2.8/lib/active_record/fixtures.rb:579:in `map'
    /usr/local/rvm/gems/ruby-1.9.3-p194/gems/activerecord-3.2.8/lib/active_record/fixtures.rb:579:in `table_rows'
    /usr/local/rvm/gems/ruby-1.9.3-p194/gems/activerecord-3.2.8/lib/active_record/fixtures.rb:494:in `block (3 levels) in create_fixtures'
    /usr/local/rvm/gems/ruby-1.9.3-p194/gems/activerecord-3.2.8/lib/active_record/fixtures.rb:492:in `each'
    /usr/local/rvm/gems/ruby-1.9.3-p194/gems/activerecord-3.2.8/lib/active_record/fixtures.rb:492:in `block (2 levels) in create_fixtures'
    /usr/local/rvm/gems/ruby-1.9.3-p194/gems/activerecord-3.2.8/lib/active_record/connection_adapters/abstract/database_statements.rb:192:in `transaction'
    /usr/local/rvm/gems/ruby-1.9.3-p194/gems/activerecord-3.2.8/lib/active_record/fixtures.rb:491:in `block in create_fixtures'
    /usr/local/rvm/gems/ruby-1.9.3-p194/gems/activerecord-3.2.8/lib/active_record/connection_adapters/abstract_adapter.rb:168:in `disable_referential_integrity'
    /usr/local/rvm/gems/ruby-1.9.3-p194/gems/activerecord-3.2.8/lib/active_record/fixtures.rb:476:in `create_fixtures'
    /usr/local/rvm/gems/ruby-1.9.3-p194/gems/activerecord-3.2.8/lib/active_record/fixtures.rb:895:in `load_fixtures'
    /usr/local/rvm/gems/ruby-1.9.3-p194/gems/activerecord-3.2.8/lib/active_record/fixtures.rb:849:in `setup_fixtures'
    /usr/local/rvm/gems/ruby-1.9.3-p194/gems/activesupport-3.2.8/lib/active_support/callbacks.rb:429:in `_run__299290920__setup__350301708__callbacks'
    /usr/local/rvm/gems/ruby-1.9.3-p194/gems/activesupport-3.2.8/lib/active_support/callbacks.rb:405:in `__run_callback'
    /usr/local/rvm/gems/ruby-1.9.3-p194/gems/activesupport-3.2.8/lib/active_support/callbacks.rb:385:in `_run_setup_callbacks'
    /usr/local/rvm/gems/ruby-1.9.3-p194/gems/activesupport-3.2.8/lib/active_support/callbacks.rb:81:in `run_callbacks'
    /usr/local/rvm/gems/ruby-1.9.3-p194/gems/activesupport-3.2.8/lib/active_support/testing/setup_and_teardown.rb:35:in `run'

  5) Error:
test_should_get_new(MicropostsControllerTest):
ActiveRecord::StatementInvalid: Could not find table 'users'
    /usr/local/rvm/gems/ruby-1.9.3-p194/gems/activerecord-3.2.8/lib/active_record/connection_adapters/sqlite_adapter.rb:472:in `table_structure'
    /usr/local/rvm/gems/ruby-1.9.3-p194/gems/activerecord-3.2.8/lib/active_record/connection_adapters/sqlite_adapter.rb:346:in `columns'
    /usr/local/rvm/gems/ruby-1.9.3-p194/gems/activerecord-3.2.8/lib/active_record/fixtures.rb:660:in `column_names'
    /usr/local/rvm/gems/ruby-1.9.3-p194/gems/activerecord-3.2.8/lib/active_record/fixtures.rb:652:in `timestamp_column_names'
    /usr/local/rvm/gems/ruby-1.9.3-p194/gems/activerecord-3.2.8/lib/active_record/fixtures.rb:585:in `block in table_rows'
    /usr/local/rvm/gems/ruby-1.9.3-p194/gems/activerecord-3.2.8/lib/active_record/fixtures.rb:579:in `each'
    /usr/local/rvm/gems/ruby-1.9.3-p194/gems/activerecord-3.2.8/lib/active_record/fixtures.rb:579:in `map'
    /usr/local/rvm/gems/ruby-1.9.3-p194/gems/activerecord-3.2.8/lib/active_record/fixtures.rb:579:in `table_rows'
    /usr/local/rvm/gems/ruby-1.9.3-p194/gems/activerecord-3.2.8/lib/active_record/fixtures.rb:494:in `block (3 levels) in create_fixtures'
    /usr/local/rvm/gems/ruby-1.9.3-p194/gems/activerecord-3.2.8/lib/active_record/fixtures.rb:492:in `each'
    /usr/local/rvm/gems/ruby-1.9.3-p194/gems/activerecord-3.2.8/lib/active_record/fixtures.rb:492:in `block (2 levels) in create_fixtures'
    /usr/local/rvm/gems/ruby-1.9.3-p194/gems/activerecord-3.2.8/lib/active_record/connection_adapters/abstract/database_statements.rb:192:in `transaction'
    /usr/local/rvm/gems/ruby-1.9.3-p194/gems/activerecord-3.2.8/lib/active_record/fixtures.rb:491:in `block in create_fixtures'
    /usr/local/rvm/gems/ruby-1.9.3-p194/gems/activerecord-3.2.8/lib/active_record/connection_adapters/abstract_adapter.rb:168:in `disable_referential_integrity'
    /usr/local/rvm/gems/ruby-1.9.3-p194/gems/activerecord-3.2.8/lib/active_record/fixtures.rb:476:in `create_fixtures'
    /usr/local/rvm/gems/ruby-1.9.3-p194/gems/activerecord-3.2.8/lib/active_record/fixtures.rb:895:in `load_fixtures'
    /usr/local/rvm/gems/ruby-1.9.3-p194/gems/activerecord-3.2.8/lib/active_record/fixtures.rb:849:in `setup_fixtures'
    /usr/local/rvm/gems/ruby-1.9.3-p194/gems/activesupport-3.2.8/lib/active_support/callbacks.rb:429:in `_run__299290920__setup__350301708__callbacks'
    /usr/local/rvm/gems/ruby-1.9.3-p194/gems/activesupport-3.2.8/lib/active_support/callbacks.rb:405:in `__run_callback'
    /usr/local/rvm/gems/ruby-1.9.3-p194/gems/activesupport-3.2.8/lib/active_support/callbacks.rb:385:in `_run_setup_callbacks'
    /usr/local/rvm/gems/ruby-1.9.3-p194/gems/activesupport-3.2.8/lib/active_support/callbacks.rb:81:in `run_callbacks'
    /usr/local/rvm/gems/ruby-1.9.3-p194/gems/activesupport-3.2.8/lib/active_support/testing/setup_and_teardown.rb:35:in `run'

  6) Error:
test_should_show_micropost(MicropostsControllerTest):
ActiveRecord::StatementInvalid: Could not find table 'users'
    /usr/local/rvm/gems/ruby-1.9.3-p194/gems/activerecord-3.2.8/lib/active_record/connection_adapters/sqlite_adapter.rb:472:in `table_structure'
    /usr/local/rvm/gems/ruby-1.9.3-p194/gems/activerecord-3.2.8/lib/active_record/connection_adapters/sqlite_adapter.rb:346:in `columns'
    /usr/local/rvm/gems/ruby-1.9.3-p194/gems/activerecord-3.2.8/lib/active_record/fixtures.rb:660:in `column_names'
    /usr/local/rvm/gems/ruby-1.9.3-p194/gems/activerecord-3.2.8/lib/active_record/fixtures.rb:652:in `timestamp_column_names'
    /usr/local/rvm/gems/ruby-1.9.3-p194/gems/activerecord-3.2.8/lib/active_record/fixtures.rb:585:in `block in table_rows'
    /usr/local/rvm/gems/ruby-1.9.3-p194/gems/activerecord-3.2.8/lib/active_record/fixtures.rb:579:in `each'
    /usr/local/rvm/gems/ruby-1.9.3-p194/gems/activerecord-3.2.8/lib/active_record/fixtures.rb:579:in `map'
    /usr/local/rvm/gems/ruby-1.9.3-p194/gems/activerecord-3.2.8/lib/active_record/fixtures.rb:579:in `table_rows'
    /usr/local/rvm/gems/ruby-1.9.3-p194/gems/activerecord-3.2.8/lib/active_record/fixtures.rb:494:in `block (3 levels) in create_fixtures'
    /usr/local/rvm/gems/ruby-1.9.3-p194/gems/activerecord-3.2.8/lib/active_record/fixtures.rb:492:in `each'
    /usr/local/rvm/gems/ruby-1.9.3-p194/gems/activerecord-3.2.8/lib/active_record/fixtures.rb:492:in `block (2 levels) in create_fixtures'
    /usr/local/rvm/gems/ruby-1.9.3-p194/gems/activerecord-3.2.8/lib/active_record/connection_adapters/abstract/database_statements.rb:192:in `transaction'
    /usr/local/rvm/gems/ruby-1.9.3-p194/gems/activerecord-3.2.8/lib/active_record/fixtures.rb:491:in `block in create_fixtures'
    /usr/local/rvm/gems/ruby-1.9.3-p194/gems/activerecord-3.2.8/lib/active_record/connection_adapters/abstract_adapter.rb:168:in `disable_referential_integrity'
    /usr/local/rvm/gems/ruby-1.9.3-p194/gems/activerecord-3.2.8/lib/active_record/fixtures.rb:476:in `create_fixtures'
    /usr/local/rvm/gems/ruby-1.9.3-p194/gems/activerecord-3.2.8/lib/active_record/fixtures.rb:895:in `load_fixtures'
    /usr/local/rvm/gems/ruby-1.9.3-p194/gems/activerecord-3.2.8/lib/active_record/fixtures.rb:849:in `setup_fixtures'
    /usr/local/rvm/gems/ruby-1.9.3-p194/gems/activesupport-3.2.8/lib/active_support/callbacks.rb:429:in `_run__299290920__setup__350301708__callbacks'
    /usr/local/rvm/gems/ruby-1.9.3-p194/gems/activesupport-3.2.8/lib/active_support/callbacks.rb:405:in `__run_callback'
    /usr/local/rvm/gems/ruby-1.9.3-p194/gems/activesupport-3.2.8/lib/active_support/callbacks.rb:385:in `_run_setup_callbacks'
    /usr/local/rvm/gems/ruby-1.9.3-p194/gems/activesupport-3.2.8/lib/active_support/callbacks.rb:81:in `run_callbacks'
    /usr/local/rvm/gems/ruby-1.9.3-p194/gems/activesupport-3.2.8/lib/active_support/testing/setup_and_teardown.rb:35:in `run'

  7) Error:
test_should_update_micropost(MicropostsControllerTest):
ActiveRecord::StatementInvalid: Could not find table 'users'
    /usr/local/rvm/gems/ruby-1.9.3-p194/gems/activerecord-3.2.8/lib/active_record/connection_adapters/sqlite_adapter.rb:472:in `table_structure'
    /usr/local/rvm/gems/ruby-1.9.3-p194/gems/activerecord-3.2.8/lib/active_record/connection_adapters/sqlite_adapter.rb:346:in `columns'
    /usr/local/rvm/gems/ruby-1.9.3-p194/gems/activerecord-3.2.8/lib/active_record/fixtures.rb:660:in `column_names'
    /usr/local/rvm/gems/ruby-1.9.3-p194/gems/activerecord-3.2.8/lib/active_record/fixtures.rb:652:in `timestamp_column_names'
    /usr/local/rvm/gems/ruby-1.9.3-p194/gems/activerecord-3.2.8/lib/active_record/fixtures.rb:585:in `block in table_rows'
    /usr/local/rvm/gems/ruby-1.9.3-p194/gems/activerecord-3.2.8/lib/active_record/fixtures.rb:579:in `each'
    /usr/local/rvm/gems/ruby-1.9.3-p194/gems/activerecord-3.2.8/lib/active_record/fixtures.rb:579:in `map'
    /usr/local/rvm/gems/ruby-1.9.3-p194/gems/activerecord-3.2.8/lib/active_record/fixtures.rb:579:in `table_rows'
    /usr/local/rvm/gems/ruby-1.9.3-p194/gems/activerecord-3.2.8/lib/active_record/fixtures.rb:494:in `block (3 levels) in create_fixtures'
    /usr/local/rvm/gems/ruby-1.9.3-p194/gems/activerecord-3.2.8/lib/active_record/fixtures.rb:492:in `each'
    /usr/local/rvm/gems/ruby-1.9.3-p194/gems/activerecord-3.2.8/lib/active_record/fixtures.rb:492:in `block (2 levels) in create_fixtures'
    /usr/local/rvm/gems/ruby-1.9.3-p194/gems/activerecord-3.2.8/lib/active_record/connection_adapters/abstract/database_statements.rb:192:in `transaction'
    /usr/local/rvm/gems/ruby-1.9.3-p194/gems/activerecord-3.2.8/lib/active_record/fixtures.rb:491:in `block in create_fixtures'
    /usr/local/rvm/gems/ruby-1.9.3-p194/gems/activerecord-3.2.8/lib/active_record/connection_adapters/abstract_adapter.rb:168:in `disable_referential_integrity'
    /usr/local/rvm/gems/ruby-1.9.3-p194/gems/activerecord-3.2.8/lib/active_record/fixtures.rb:476:in `create_fixtures'
    /usr/local/rvm/gems/ruby-1.9.3-p194/gems/activerecord-3.2.8/lib/active_record/fixtures.rb:895:in `load_fixtures'
    /usr/local/rvm/gems/ruby-1.9.3-p194/gems/activerecord-3.2.8/lib/active_record/fixtures.rb:849:in `setup_fixtures'
    /usr/local/rvm/gems/ruby-1.9.3-p194/gems/activesupport-3.2.8/lib/active_support/callbacks.rb:429:in `_run__299290920__setup__350301708__callbacks'
    /usr/local/rvm/gems/ruby-1.9.3-p194/gems/activesupport-3.2.8/lib/active_support/callbacks.rb:405:in `__run_callback'
    /usr/local/rvm/gems/ruby-1.9.3-p194/gems/activesupport-3.2.8/lib/active_support/callbacks.rb:385:in `_run_setup_callbacks'
    /usr/local/rvm/gems/ruby-1.9.3-p194/gems/activesupport-3.2.8/lib/active_support/callbacks.rb:81:in `run_callbacks'
    /usr/local/rvm/gems/ruby-1.9.3-p194/gems/activesupport-3.2.8/lib/active_support/testing/setup_and_teardown.rb:35:in `run'

7 tests, 0 assertions, 0 failures, 7 errors, 0 skips
Run options: -n "/^(test_should_create_user|test_should_destroy_user|test_should_get_edit|test_should_get_index|test_should_get_new|test_should_show_user|test_should_update_user)$/"

# Running tests:

EEEEEEE

Finished tests in 0.099001s, 70.7063 tests/s, 0.0000 assertions/s.

  1) Error:
test_should_create_user(UsersControllerTest):
ActiveRecord::StatementInvalid: Could not find table 'users'
    /usr/local/rvm/gems/ruby-1.9.3-p194/gems/activerecord-3.2.8/lib/active_record/connection_adapters/sqlite_adapter.rb:472:in `table_structure'
    /usr/local/rvm/gems/ruby-1.9.3-p194/gems/activerecord-3.2.8/lib/active_record/connection_adapters/sqlite_adapter.rb:346:in `columns'
    /usr/local/rvm/gems/ruby-1.9.3-p194/gems/activerecord-3.2.8/lib/active_record/fixtures.rb:660:in `column_names'
    /usr/local/rvm/gems/ruby-1.9.3-p194/gems/activerecord-3.2.8/lib/active_record/fixtures.rb:652:in `timestamp_column_names'
    /usr/local/rvm/gems/ruby-1.9.3-p194/gems/activerecord-3.2.8/lib/active_record/fixtures.rb:585:in `block in table_rows'
    /usr/local/rvm/gems/ruby-1.9.3-p194/gems/activerecord-3.2.8/lib/active_record/fixtures.rb:579:in `each'
    /usr/local/rvm/gems/ruby-1.9.3-p194/gems/activerecord-3.2.8/lib/active_record/fixtures.rb:579:in `map'
    /usr/local/rvm/gems/ruby-1.9.3-p194/gems/activerecord-3.2.8/lib/active_record/fixtures.rb:579:in `table_rows'
    /usr/local/rvm/gems/ruby-1.9.3-p194/gems/activerecord-3.2.8/lib/active_record/fixtures.rb:494:in `block (3 levels) in create_fixtures'
    /usr/local/rvm/gems/ruby-1.9.3-p194/gems/activerecord-3.2.8/lib/active_record/fixtures.rb:492:in `each'
    /usr/local/rvm/gems/ruby-1.9.3-p194/gems/activerecord-3.2.8/lib/active_record/fixtures.rb:492:in `block (2 levels) in create_fixtures'
    /usr/local/rvm/gems/ruby-1.9.3-p194/gems/activerecord-3.2.8/lib/active_record/connection_adapters/abstract/database_statements.rb:192:in `transaction'
    /usr/local/rvm/gems/ruby-1.9.3-p194/gems/activerecord-3.2.8/lib/active_record/fixtures.rb:491:in `block in create_fixtures'
    /usr/local/rvm/gems/ruby-1.9.3-p194/gems/activerecord-3.2.8/lib/active_record/connection_adapters/abstract_adapter.rb:168:in `disable_referential_integrity'
    /usr/local/rvm/gems/ruby-1.9.3-p194/gems/activerecord-3.2.8/lib/active_record/fixtures.rb:476:in `create_fixtures'
    /usr/local/rvm/gems/ruby-1.9.3-p194/gems/activerecord-3.2.8/lib/active_record/fixtures.rb:895:in `load_fixtures'
    /usr/local/rvm/gems/ruby-1.9.3-p194/gems/activerecord-3.2.8/lib/active_record/fixtures.rb:849:in `setup_fixtures'
    /usr/local/rvm/gems/ruby-1.9.3-p194/gems/activesupport-3.2.8/lib/active_support/callbacks.rb:429:in `_run__112577138__setup__1020302504__callbacks'
    /usr/local/rvm/gems/ruby-1.9.3-p194/gems/activesupport-3.2.8/lib/active_support/callbacks.rb:405:in `__run_callback'
    /usr/local/rvm/gems/ruby-1.9.3-p194/gems/activesupport-3.2.8/lib/active_support/callbacks.rb:385:in `_run_setup_callbacks'
    /usr/local/rvm/gems/ruby-1.9.3-p194/gems/activesupport-3.2.8/lib/active_support/callbacks.rb:81:in `run_callbacks'
    /usr/local/rvm/gems/ruby-1.9.3-p194/gems/activesupport-3.2.8/lib/active_support/testing/setup_and_teardown.rb:35:in `run'

  2) Error:
test_should_destroy_user(UsersControllerTest):
ActiveRecord::StatementInvalid: Could not find table 'users'
    /usr/local/rvm/gems/ruby-1.9.3-p194/gems/activerecord-3.2.8/lib/active_record/connection_adapters/sqlite_adapter.rb:472:in `table_structure'
    /usr/local/rvm/gems/ruby-1.9.3-p194/gems/activerecord-3.2.8/lib/active_record/connection_adapters/sqlite_adapter.rb:346:in `columns'
    /usr/local/rvm/gems/ruby-1.9.3-p194/gems/activerecord-3.2.8/lib/active_record/fixtures.rb:660:in `column_names'
    /usr/local/rvm/gems/ruby-1.9.3-p194/gems/activerecord-3.2.8/lib/active_record/fixtures.rb:652:in `timestamp_column_names'
    /usr/local/rvm/gems/ruby-1.9.3-p194/gems/activerecord-3.2.8/lib/active_record/fixtures.rb:585:in `block in table_rows'
    /usr/local/rvm/gems/ruby-1.9.3-p194/gems/activerecord-3.2.8/lib/active_record/fixtures.rb:579:in `each'
    /usr/local/rvm/gems/ruby-1.9.3-p194/gems/activerecord-3.2.8/lib/active_record/fixtures.rb:579:in `map'
    /usr/local/rvm/gems/ruby-1.9.3-p194/gems/activerecord-3.2.8/lib/active_record/fixtures.rb:579:in `table_rows'
    /usr/local/rvm/gems/ruby-1.9.3-p194/gems/activerecord-3.2.8/lib/active_record/fixtures.rb:494:in `block (3 levels) in create_fixtures'
    /usr/local/rvm/gems/ruby-1.9.3-p194/gems/activerecord-3.2.8/lib/active_record/fixtures.rb:492:in `each'
    /usr/local/rvm/gems/ruby-1.9.3-p194/gems/activerecord-3.2.8/lib/active_record/fixtures.rb:492:in `block (2 levels) in create_fixtures'
    /usr/local/rvm/gems/ruby-1.9.3-p194/gems/activerecord-3.2.8/lib/active_record/connection_adapters/abstract/database_statements.rb:192:in `transaction'
    /usr/local/rvm/gems/ruby-1.9.3-p194/gems/activerecord-3.2.8/lib/active_record/fixtures.rb:491:in `block in create_fixtures'
    /usr/local/rvm/gems/ruby-1.9.3-p194/gems/activerecord-3.2.8/lib/active_record/connection_adapters/abstract_adapter.rb:168:in `disable_referential_integrity'
    /usr/local/rvm/gems/ruby-1.9.3-p194/gems/activerecord-3.2.8/lib/active_record/fixtures.rb:476:in `create_fixtures'
    /usr/local/rvm/gems/ruby-1.9.3-p194/gems/activerecord-3.2.8/lib/active_record/fixtures.rb:895:in `load_fixtures'
    /usr/local/rvm/gems/ruby-1.9.3-p194/gems/activerecord-3.2.8/lib/active_record/fixtures.rb:849:in `setup_fixtures'
    /usr/local/rvm/gems/ruby-1.9.3-p194/gems/activesupport-3.2.8/lib/active_support/callbacks.rb:429:in `_run__112577138__setup__1020302504__callbacks'
    /usr/local/rvm/gems/ruby-1.9.3-p194/gems/activesupport-3.2.8/lib/active_support/callbacks.rb:405:in `__run_callback'
    /usr/local/rvm/gems/ruby-1.9.3-p194/gems/activesupport-3.2.8/lib/active_support/callbacks.rb:385:in `_run_setup_callbacks'
    /usr/local/rvm/gems/ruby-1.9.3-p194/gems/activesupport-3.2.8/lib/active_support/callbacks.rb:81:in `run_callbacks'
    /usr/local/rvm/gems/ruby-1.9.3-p194/gems/activesupport-3.2.8/lib/active_support/testing/setup_and_teardown.rb:35:in `run'

  3) Error:
test_should_get_edit(UsersControllerTest):
ActiveRecord::StatementInvalid: Could not find table 'users'
    /usr/local/rvm/gems/ruby-1.9.3-p194/gems/activerecord-3.2.8/lib/active_record/connection_adapters/sqlite_adapter.rb:472:in `table_structure'
    /usr/local/rvm/gems/ruby-1.9.3-p194/gems/activerecord-3.2.8/lib/active_record/connection_adapters/sqlite_adapter.rb:346:in `columns'
    /usr/local/rvm/gems/ruby-1.9.3-p194/gems/activerecord-3.2.8/lib/active_record/fixtures.rb:660:in `column_names'
    /usr/local/rvm/gems/ruby-1.9.3-p194/gems/activerecord-3.2.8/lib/active_record/fixtures.rb:652:in `timestamp_column_names'
    /usr/local/rvm/gems/ruby-1.9.3-p194/gems/activerecord-3.2.8/lib/active_record/fixtures.rb:585:in `block in table_rows'
    /usr/local/rvm/gems/ruby-1.9.3-p194/gems/activerecord-3.2.8/lib/active_record/fixtures.rb:579:in `each'
    /usr/local/rvm/gems/ruby-1.9.3-p194/gems/activerecord-3.2.8/lib/active_record/fixtures.rb:579:in `map'
    /usr/local/rvm/gems/ruby-1.9.3-p194/gems/activerecord-3.2.8/lib/active_record/fixtures.rb:579:in `table_rows'
    /usr/local/rvm/gems/ruby-1.9.3-p194/gems/activerecord-3.2.8/lib/active_record/fixtures.rb:494:in `block (3 levels) in create_fixtures'
    /usr/local/rvm/gems/ruby-1.9.3-p194/gems/activerecord-3.2.8/lib/active_record/fixtures.rb:492:in `each'
    /usr/local/rvm/gems/ruby-1.9.3-p194/gems/activerecord-3.2.8/lib/active_record/fixtures.rb:492:in `block (2 levels) in create_fixtures'
    /usr/local/rvm/gems/ruby-1.9.3-p194/gems/activerecord-3.2.8/lib/active_record/connection_adapters/abstract/database_statements.rb:192:in `transaction'
    /usr/local/rvm/gems/ruby-1.9.3-p194/gems/activerecord-3.2.8/lib/active_record/fixtures.rb:491:in `block in create_fixtures'
    /usr/local/rvm/gems/ruby-1.9.3-p194/gems/activerecord-3.2.8/lib/active_record/connection_adapters/abstract_adapter.rb:168:in `disable_referential_integrity'
    /usr/local/rvm/gems/ruby-1.9.3-p194/gems/activerecord-3.2.8/lib/active_record/fixtures.rb:476:in `create_fixtures'
    /usr/local/rvm/gems/ruby-1.9.3-p194/gems/activerecord-3.2.8/lib/active_record/fixtures.rb:895:in `load_fixtures'
    /usr/local/rvm/gems/ruby-1.9.3-p194/gems/activerecord-3.2.8/lib/active_record/fixtures.rb:849:in `setup_fixtures'
    /usr/local/rvm/gems/ruby-1.9.3-p194/gems/activesupport-3.2.8/lib/active_support/callbacks.rb:429:in `_run__112577138__setup__1020302504__callbacks'
    /usr/local/rvm/gems/ruby-1.9.3-p194/gems/activesupport-3.2.8/lib/active_support/callbacks.rb:405:in `__run_callback'
    /usr/local/rvm/gems/ruby-1.9.3-p194/gems/activesupport-3.2.8/lib/active_support/callbacks.rb:385:in `_run_setup_callbacks'
    /usr/local/rvm/gems/ruby-1.9.3-p194/gems/activesupport-3.2.8/lib/active_support/callbacks.rb:81:in `run_callbacks'
    /usr/local/rvm/gems/ruby-1.9.3-p194/gems/activesupport-3.2.8/lib/active_support/testing/setup_and_teardown.rb:35:in `run'

  4) Error:
test_should_get_index(UsersControllerTest):
ActiveRecord::StatementInvalid: Could not find table 'users'
    /usr/local/rvm/gems/ruby-1.9.3-p194/gems/activerecord-3.2.8/lib/active_record/connection_adapters/sqlite_adapter.rb:472:in `table_structure'
    /usr/local/rvm/gems/ruby-1.9.3-p194/gems/activerecord-3.2.8/lib/active_record/connection_adapters/sqlite_adapter.rb:346:in `columns'
    /usr/local/rvm/gems/ruby-1.9.3-p194/gems/activerecord-3.2.8/lib/active_record/fixtures.rb:660:in `column_names'
    /usr/local/rvm/gems/ruby-1.9.3-p194/gems/activerecord-3.2.8/lib/active_record/fixtures.rb:652:in `timestamp_column_names'
    /usr/local/rvm/gems/ruby-1.9.3-p194/gems/activerecord-3.2.8/lib/active_record/fixtures.rb:585:in `block in table_rows'
    /usr/local/rvm/gems/ruby-1.9.3-p194/gems/activerecord-3.2.8/lib/active_record/fixtures.rb:579:in `each'
    /usr/local/rvm/gems/ruby-1.9.3-p194/gems/activerecord-3.2.8/lib/active_record/fixtures.rb:579:in `map'
    /usr/local/rvm/gems/ruby-1.9.3-p194/gems/activerecord-3.2.8/lib/active_record/fixtures.rb:579:in `table_rows'
    /usr/local/rvm/gems/ruby-1.9.3-p194/gems/activerecord-3.2.8/lib/active_record/fixtures.rb:494:in `block (3 levels) in create_fixtures'
    /usr/local/rvm/gems/ruby-1.9.3-p194/gems/activerecord-3.2.8/lib/active_record/fixtures.rb:492:in `each'
    /usr/local/rvm/gems/ruby-1.9.3-p194/gems/activerecord-3.2.8/lib/active_record/fixtures.rb:492:in `block (2 levels) in create_fixtures'
    /usr/local/rvm/gems/ruby-1.9.3-p194/gems/activerecord-3.2.8/lib/active_record/connection_adapters/abstract/database_statements.rb:192:in `transaction'
    /usr/local/rvm/gems/ruby-1.9.3-p194/gems/activerecord-3.2.8/lib/active_record/fixtures.rb:491:in `block in create_fixtures'
    /usr/local/rvm/gems/ruby-1.9.3-p194/gems/activerecord-3.2.8/lib/active_record/connection_adapters/abstract_adapter.rb:168:in `disable_referential_integrity'
    /usr/local/rvm/gems/ruby-1.9.3-p194/gems/activerecord-3.2.8/lib/active_record/fixtures.rb:476:in `create_fixtures'
    /usr/local/rvm/gems/ruby-1.9.3-p194/gems/activerecord-3.2.8/lib/active_record/fixtures.rb:895:in `load_fixtures'
    /usr/local/rvm/gems/ruby-1.9.3-p194/gems/activerecord-3.2.8/lib/active_record/fixtures.rb:849:in `setup_fixtures'
    /usr/local/rvm/gems/ruby-1.9.3-p194/gems/activesupport-3.2.8/lib/active_support/callbacks.rb:429:in `_run__112577138__setup__1020302504__callbacks'
    /usr/local/rvm/gems/ruby-1.9.3-p194/gems/activesupport-3.2.8/lib/active_support/callbacks.rb:405:in `__run_callback'
    /usr/local/rvm/gems/ruby-1.9.3-p194/gems/activesupport-3.2.8/lib/active_support/callbacks.rb:385:in `_run_setup_callbacks'
    /usr/local/rvm/gems/ruby-1.9.3-p194/gems/activesupport-3.2.8/lib/active_support/callbacks.rb:81:in `run_callbacks'
    /usr/local/rvm/gems/ruby-1.9.3-p194/gems/activesupport-3.2.8/lib/active_support/testing/setup_and_teardown.rb:35:in `run'

  5) Error:
test_should_get_new(UsersControllerTest):
ActiveRecord::StatementInvalid: Could not find table 'users'
    /usr/local/rvm/gems/ruby-1.9.3-p194/gems/activerecord-3.2.8/lib/active_record/connection_adapters/sqlite_adapter.rb:472:in `table_structure'
    /usr/local/rvm/gems/ruby-1.9.3-p194/gems/activerecord-3.2.8/lib/active_record/connection_adapters/sqlite_adapter.rb:346:in `columns'
    /usr/local/rvm/gems/ruby-1.9.3-p194/gems/activerecord-3.2.8/lib/active_record/fixtures.rb:660:in `column_names'
    /usr/local/rvm/gems/ruby-1.9.3-p194/gems/activerecord-3.2.8/lib/active_record/fixtures.rb:652:in `timestamp_column_names'
    /usr/local/rvm/gems/ruby-1.9.3-p194/gems/activerecord-3.2.8/lib/active_record/fixtures.rb:585:in `block in table_rows'
    /usr/local/rvm/gems/ruby-1.9.3-p194/gems/activerecord-3.2.8/lib/active_record/fixtures.rb:579:in `each'
    /usr/local/rvm/gems/ruby-1.9.3-p194/gems/activerecord-3.2.8/lib/active_record/fixtures.rb:579:in `map'
    /usr/local/rvm/gems/ruby-1.9.3-p194/gems/activerecord-3.2.8/lib/active_record/fixtures.rb:579:in `table_rows'
    /usr/local/rvm/gems/ruby-1.9.3-p194/gems/activerecord-3.2.8/lib/active_record/fixtures.rb:494:in `block (3 levels) in create_fixtures'
    /usr/local/rvm/gems/ruby-1.9.3-p194/gems/activerecord-3.2.8/lib/active_record/fixtures.rb:492:in `each'
    /usr/local/rvm/gems/ruby-1.9.3-p194/gems/activerecord-3.2.8/lib/active_record/fixtures.rb:492:in `block (2 levels) in create_fixtures'
    /usr/local/rvm/gems/ruby-1.9.3-p194/gems/activerecord-3.2.8/lib/active_record/connection_adapters/abstract/database_statements.rb:192:in `transaction'
    /usr/local/rvm/gems/ruby-1.9.3-p194/gems/activerecord-3.2.8/lib/active_record/fixtures.rb:491:in `block in create_fixtures'
    /usr/local/rvm/gems/ruby-1.9.3-p194/gems/activerecord-3.2.8/lib/active_record/connection_adapters/abstract_adapter.rb:168:in `disable_referential_integrity'
    /usr/local/rvm/gems/ruby-1.9.3-p194/gems/activerecord-3.2.8/lib/active_record/fixtures.rb:476:in `create_fixtures'
    /usr/local/rvm/gems/ruby-1.9.3-p194/gems/activerecord-3.2.8/lib/active_record/fixtures.rb:895:in `load_fixtures'
    /usr/local/rvm/gems/ruby-1.9.3-p194/gems/activerecord-3.2.8/lib/active_record/fixtures.rb:849:in `setup_fixtures'
    /usr/local/rvm/gems/ruby-1.9.3-p194/gems/activesupport-3.2.8/lib/active_support/callbacks.rb:429:in `_run__112577138__setup__1020302504__callbacks'
    /usr/local/rvm/gems/ruby-1.9.3-p194/gems/activesupport-3.2.8/lib/active_support/callbacks.rb:405:in `__run_callback'
    /usr/local/rvm/gems/ruby-1.9.3-p194/gems/activesupport-3.2.8/lib/active_support/callbacks.rb:385:in `_run_setup_callbacks'
    /usr/local/rvm/gems/ruby-1.9.3-p194/gems/activesupport-3.2.8/lib/active_support/callbacks.rb:81:in `run_callbacks'
    /usr/local/rvm/gems/ruby-1.9.3-p194/gems/activesupport-3.2.8/lib/active_support/testing/setup_and_teardown.rb:35:in `run'

  6) Error:
test_should_show_user(UsersControllerTest):
ActiveRecord::StatementInvalid: Could not find table 'users'
    /usr/local/rvm/gems/ruby-1.9.3-p194/gems/activerecord-3.2.8/lib/active_record/connection_adapters/sqlite_adapter.rb:472:in `table_structure'
    /usr/local/rvm/gems/ruby-1.9.3-p194/gems/activerecord-3.2.8/lib/active_record/connection_adapters/sqlite_adapter.rb:346:in `columns'
    /usr/local/rvm/gems/ruby-1.9.3-p194/gems/activerecord-3.2.8/lib/active_record/fixtures.rb:660:in `column_names'
    /usr/local/rvm/gems/ruby-1.9.3-p194/gems/activerecord-3.2.8/lib/active_record/fixtures.rb:652:in `timestamp_column_names'
    /usr/local/rvm/gems/ruby-1.9.3-p194/gems/activerecord-3.2.8/lib/active_record/fixtures.rb:585:in `block in table_rows'
    /usr/local/rvm/gems/ruby-1.9.3-p194/gems/activerecord-3.2.8/lib/active_record/fixtures.rb:579:in `each'
    /usr/local/rvm/gems/ruby-1.9.3-p194/gems/activerecord-3.2.8/lib/active_record/fixtures.rb:579:in `map'
    /usr/local/rvm/gems/ruby-1.9.3-p194/gems/activerecord-3.2.8/lib/active_record/fixtures.rb:579:in `table_rows'
    /usr/local/rvm/gems/ruby-1.9.3-p194/gems/activerecord-3.2.8/lib/active_record/fixtures.rb:494:in `block (3 levels) in create_fixtures'
    /usr/local/rvm/gems/ruby-1.9.3-p194/gems/activerecord-3.2.8/lib/active_record/fixtures.rb:492:in `each'
    /usr/local/rvm/gems/ruby-1.9.3-p194/gems/activerecord-3.2.8/lib/active_record/fixtures.rb:492:in `block (2 levels) in create_fixtures'
    /usr/local/rvm/gems/ruby-1.9.3-p194/gems/activerecord-3.2.8/lib/active_record/connection_adapters/abstract/database_statements.rb:192:in `transaction'
    /usr/local/rvm/gems/ruby-1.9.3-p194/gems/activerecord-3.2.8/lib/active_record/fixtures.rb:491:in `block in create_fixtures'
    /usr/local/rvm/gems/ruby-1.9.3-p194/gems/activerecord-3.2.8/lib/active_record/connection_adapters/abstract_adapter.rb:168:in `disable_referential_integrity'
    /usr/local/rvm/gems/ruby-1.9.3-p194/gems/activerecord-3.2.8/lib/active_record/fixtures.rb:476:in `create_fixtures'
    /usr/local/rvm/gems/ruby-1.9.3-p194/gems/activerecord-3.2.8/lib/active_record/fixtures.rb:895:in `load_fixtures'
    /usr/local/rvm/gems/ruby-1.9.3-p194/gems/activerecord-3.2.8/lib/active_record/fixtures.rb:849:in `setup_fixtures'
    /usr/local/rvm/gems/ruby-1.9.3-p194/gems/activesupport-3.2.8/lib/active_support/callbacks.rb:429:in `_run__112577138__setup__1020302504__callbacks'
    /usr/local/rvm/gems/ruby-1.9.3-p194/gems/activesupport-3.2.8/lib/active_support/callbacks.rb:405:in `__run_callback'
    /usr/local/rvm/gems/ruby-1.9.3-p194/gems/activesupport-3.2.8/lib/active_support/callbacks.rb:385:in `_run_setup_callbacks'
    /usr/local/rvm/gems/ruby-1.9.3-p194/gems/activesupport-3.2.8/lib/active_support/callbacks.rb:81:in `run_callbacks'
    /usr/local/rvm/gems/ruby-1.9.3-p194/gems/activesupport-3.2.8/lib/active_support/testing/setup_and_teardown.rb:35:in `run'

  7) Error:
test_should_update_user(UsersControllerTest):
ActiveRecord::StatementInvalid: Could not find table 'users'
    /usr/local/rvm/gems/ruby-1.9.3-p194/gems/activerecord-3.2.8/lib/active_record/connection_adapters/sqlite_adapter.rb:472:in `table_structure'
    /usr/local/rvm/gems/ruby-1.9.3-p194/gems/activerecord-3.2.8/lib/active_record/connection_adapters/sqlite_adapter.rb:346:in `columns'
    /usr/local/rvm/gems/ruby-1.9.3-p194/gems/activerecord-3.2.8/lib/active_record/fixtures.rb:660:in `column_names'
    /usr/local/rvm/gems/ruby-1.9.3-p194/gems/activerecord-3.2.8/lib/active_record/fixtures.rb:652:in `timestamp_column_names'
    /usr/local/rvm/gems/ruby-1.9.3-p194/gems/activerecord-3.2.8/lib/active_record/fixtures.rb:585:in `block in table_rows'
    /usr/local/rvm/gems/ruby-1.9.3-p194/gems/activerecord-3.2.8/lib/active_record/fixtures.rb:579:in `each'
    /usr/local/rvm/gems/ruby-1.9.3-p194/gems/activerecord-3.2.8/lib/active_record/fixtures.rb:579:in `map'
    /usr/local/rvm/gems/ruby-1.9.3-p194/gems/activerecord-3.2.8/lib/active_record/fixtures.rb:579:in `table_rows'
    /usr/local/rvm/gems/ruby-1.9.3-p194/gems/activerecord-3.2.8/lib/active_record/fixtures.rb:494:in `block (3 levels) in create_fixtures'
    /usr/local/rvm/gems/ruby-1.9.3-p194/gems/activerecord-3.2.8/lib/active_record/fixtures.rb:492:in `each'
    /usr/local/rvm/gems/ruby-1.9.3-p194/gems/activerecord-3.2.8/lib/active_record/fixtures.rb:492:in `block (2 levels) in create_fixtures'
    /usr/local/rvm/gems/ruby-1.9.3-p194/gems/activerecord-3.2.8/lib/active_record/connection_adapters/abstract/database_statements.rb:192:in `transaction'
    /usr/local/rvm/gems/ruby-1.9.3-p194/gems/activerecord-3.2.8/lib/active_record/fixtures.rb:491:in `block in create_fixtures'
    /usr/local/rvm/gems/ruby-1.9.3-p194/gems/activerecord-3.2.8/lib/active_record/connection_adapters/abstract_adapter.rb:168:in `disable_referential_integrity'
    /usr/local/rvm/gems/ruby-1.9.3-p194/gems/activerecord-3.2.8/lib/active_record/fixtures.rb:476:in `create_fixtures'
    /usr/local/rvm/gems/ruby-1.9.3-p194/gems/activerecord-3.2.8/lib/active_record/fixtures.rb:895:in `load_fixtures'
    /usr/local/rvm/gems/ruby-1.9.3-p194/gems/activerecord-3.2.8/lib/active_record/fixtures.rb:849:in `setup_fixtures'
    /usr/local/rvm/gems/ruby-1.9.3-p194/gems/activesupport-3.2.8/lib/active_support/callbacks.rb:429:in `_run__112577138__setup__1020302504__callbacks'
    /usr/local/rvm/gems/ruby-1.9.3-p194/gems/activesupport-3.2.8/lib/active_support/callbacks.rb:405:in `__run_callback'
    /usr/local/rvm/gems/ruby-1.9.3-p194/gems/activesupport-3.2.8/lib/active_support/callbacks.rb:385:in `_run_setup_callbacks'
    /usr/local/rvm/gems/ruby-1.9.3-p194/gems/activesupport-3.2.8/lib/active_support/callbacks.rb:81:in `run_callbacks'
    /usr/local/rvm/gems/ruby-1.9.3-p194/gems/activesupport-3.2.8/lib/active_support/testing/setup_and_teardown.rb:35:in `run'

7 tests, 0 assertions, 0 failures, 7 errors, 0 skips
Run options: -n "/^(test_should_get_contact|test_should_get_home)$/"

# Running tests:

EE

Finished tests in 0.045617s, 43.8436 tests/s, 0.0000 assertions/s.

  1) Error:
test_should_get_contact(PagesControllerTest):
ActiveRecord::StatementInvalid: Could not find table 'users'
    /usr/local/rvm/gems/ruby-1.9.3-p194/gems/activerecord-3.2.8/lib/active_record/connection_adapters/sqlite_adapter.rb:472:in `table_structure'
    /usr/local/rvm/gems/ruby-1.9.3-p194/gems/activerecord-3.2.8/lib/active_record/connection_adapters/sqlite_adapter.rb:346:in `columns'
    /usr/local/rvm/gems/ruby-1.9.3-p194/gems/activerecord-3.2.8/lib/active_record/fixtures.rb:660:in `column_names'
    /usr/local/rvm/gems/ruby-1.9.3-p194/gems/activerecord-3.2.8/lib/active_record/fixtures.rb:652:in `timestamp_column_names'
    /usr/local/rvm/gems/ruby-1.9.3-p194/gems/activerecord-3.2.8/lib/active_record/fixtures.rb:585:in `block in table_rows'
    /usr/local/rvm/gems/ruby-1.9.3-p194/gems/activerecord-3.2.8/lib/active_record/fixtures.rb:579:in `each'
    /usr/local/rvm/gems/ruby-1.9.3-p194/gems/activerecord-3.2.8/lib/active_record/fixtures.rb:579:in `map'
    /usr/local/rvm/gems/ruby-1.9.3-p194/gems/activerecord-3.2.8/lib/active_record/fixtures.rb:579:in `table_rows'
    /usr/local/rvm/gems/ruby-1.9.3-p194/gems/activerecord-3.2.8/lib/active_record/fixtures.rb:494:in `block (3 levels) in create_fixtures'
    /usr/local/rvm/gems/ruby-1.9.3-p194/gems/activerecord-3.2.8/lib/active_record/fixtures.rb:492:in `each'
    /usr/local/rvm/gems/ruby-1.9.3-p194/gems/activerecord-3.2.8/lib/active_record/fixtures.rb:492:in `block (2 levels) in create_fixtures'
    /usr/local/rvm/gems/ruby-1.9.3-p194/gems/activerecord-3.2.8/lib/active_record/connection_adapters/abstract/database_statements.rb:192:in `transaction'
    /usr/local/rvm/gems/ruby-1.9.3-p194/gems/activerecord-3.2.8/lib/active_record/fixtures.rb:491:in `block in create_fixtures'
    /usr/local/rvm/gems/ruby-1.9.3-p194/gems/activerecord-3.2.8/lib/active_record/connection_adapters/abstract_adapter.rb:168:in `disable_referential_integrity'
    /usr/local/rvm/gems/ruby-1.9.3-p194/gems/activerecord-3.2.8/lib/active_record/fixtures.rb:476:in `create_fixtures'
    /usr/local/rvm/gems/ruby-1.9.3-p194/gems/activerecord-3.2.8/lib/active_record/fixtures.rb:895:in `load_fixtures'
    /usr/local/rvm/gems/ruby-1.9.3-p194/gems/activerecord-3.2.8/lib/active_record/fixtures.rb:849:in `setup_fixtures'
    /usr/local/rvm/gems/ruby-1.9.3-p194/gems/activesupport-3.2.8/lib/active_support/callbacks.rb:429:in `_run__168120120__setup__935631734__callbacks'
    /usr/local/rvm/gems/ruby-1.9.3-p194/gems/activesupport-3.2.8/lib/active_support/callbacks.rb:405:in `__run_callback'
    /usr/local/rvm/gems/ruby-1.9.3-p194/gems/activesupport-3.2.8/lib/active_support/callbacks.rb:385:in `_run_setup_callbacks'
    /usr/local/rvm/gems/ruby-1.9.3-p194/gems/activesupport-3.2.8/lib/active_support/callbacks.rb:81:in `run_callbacks'
    /usr/local/rvm/gems/ruby-1.9.3-p194/gems/activesupport-3.2.8/lib/active_support/testing/setup_and_teardown.rb:35:in `run'

  2) Error:
test_should_get_home(PagesControllerTest):
ActiveRecord::StatementInvalid: Could not find table 'users'
    /usr/local/rvm/gems/ruby-1.9.3-p194/gems/activerecord-3.2.8/lib/active_record/connection_adapters/sqlite_adapter.rb:472:in `table_structure'
    /usr/local/rvm/gems/ruby-1.9.3-p194/gems/activerecord-3.2.8/lib/active_record/connection_adapters/sqlite_adapter.rb:346:in `columns'
    /usr/local/rvm/gems/ruby-1.9.3-p194/gems/activerecord-3.2.8/lib/active_record/fixtures.rb:660:in `column_names'
    /usr/local/rvm/gems/ruby-1.9.3-p194/gems/activerecord-3.2.8/lib/active_record/fixtures.rb:652:in `timestamp_column_names'
    /usr/local/rvm/gems/ruby-1.9.3-p194/gems/activerecord-3.2.8/lib/active_record/fixtures.rb:585:in `block in table_rows'
    /usr/local/rvm/gems/ruby-1.9.3-p194/gems/activerecord-3.2.8/lib/active_record/fixtures.rb:579:in `each'
    /usr/local/rvm/gems/ruby-1.9.3-p194/gems/activerecord-3.2.8/lib/active_record/fixtures.rb:579:in `map'
    /usr/local/rvm/gems/ruby-1.9.3-p194/gems/activerecord-3.2.8/lib/active_record/fixtures.rb:579:in `table_rows'
    /usr/local/rvm/gems/ruby-1.9.3-p194/gems/activerecord-3.2.8/lib/active_record/fixtures.rb:494:in `block (3 levels) in create_fixtures'
    /usr/local/rvm/gems/ruby-1.9.3-p194/gems/activerecord-3.2.8/lib/active_record/fixtures.rb:492:in `each'
    /usr/local/rvm/gems/ruby-1.9.3-p194/gems/activerecord-3.2.8/lib/active_record/fixtures.rb:492:in `block (2 levels) in create_fixtures'
    /usr/local/rvm/gems/ruby-1.9.3-p194/gems/activerecord-3.2.8/lib/active_record/connection_adapters/abstract/database_statements.rb:192:in `transaction'
    /usr/local/rvm/gems/ruby-1.9.3-p194/gems/activerecord-3.2.8/lib/active_record/fixtures.rb:491:in `block in create_fixtures'
    /usr/local/rvm/gems/ruby-1.9.3-p194/gems/activerecord-3.2.8/lib/active_record/connection_adapters/abstract_adapter.rb:168:in `disable_referential_integrity'
    /usr/local/rvm/gems/ruby-1.9.3-p194/gems/activerecord-3.2.8/lib/active_record/fixtures.rb:476:in `create_fixtures'
    /usr/local/rvm/gems/ruby-1.9.3-p194/gems/activerecord-3.2.8/lib/active_record/fixtures.rb:895:in `load_fixtures'
    /usr/local/rvm/gems/ruby-1.9.3-p194/gems/activerecord-3.2.8/lib/active_record/fixtures.rb:849:in `setup_fixtures'
    /usr/local/rvm/gems/ruby-1.9.3-p194/gems/activesupport-3.2.8/lib/active_support/callbacks.rb:429:in `_run__168120120__setup__935631734__callbacks'
    /usr/local/rvm/gems/ruby-1.9.3-p194/gems/activesupport-3.2.8/lib/active_support/callbacks.rb:405:in `__run_callback'
    /usr/local/rvm/gems/ruby-1.9.3-p194/gems/activesupport-3.2.8/lib/active_support/callbacks.rb:385:in `_run_setup_callbacks'
    /usr/local/rvm/gems/ruby-1.9.3-p194/gems/activesupport-3.2.8/lib/active_support/callbacks.rb:81:in `run_callbacks'
    /usr/local/rvm/gems/ruby-1.9.3-p194/gems/activesupport-3.2.8/lib/active_support/testing/setup_and_teardown.rb:35:in `run'

2 tests, 0 assertions, 0 failures, 2 errors, 0 skips
/usr/local/rvm/rubies/ruby-1.9.3-p194/bin/ruby -I.:lib:test -rubygems test/functional/users_controller_test.rb -n "/^(test_should_create_user|test_should_destroy_user|test_should_get_edit|test_should_get_index|test_should_get_new|test_should_show_user|test_should_update_user)$/"; /usr/local/rvm/rubies/ruby-1.9.3-p194/bin/ruby -I.:lib:test -rubygems test/functional/microposts_controller_test.rb -n "/^(test_should_create_micropost|test_should_destroy_micropost|test_should_get_edit|test_should_get_index|test_should_get_new|test_should_show_micropost|test_should_update_micropost)$/"; /usr/local/rvm/rubies/ruby-1.9.3-p194/bin/ruby -I.:lib:test -rubygems test/functional/pages_controller_test.rb -n "/^(test_should_get_contact|test_should_get_home)$/"
Run options: -n "/^(test_should_create_user|test_should_destroy_user|test_should_get_edit|test_should_get_index|test_should_get_new|test_should_show_user|test_should_update_user)$/"

# Running tests:

EEEEEEE

Finished tests in 0.099680s, 70.2247 tests/s, 0.0000 assertions/s.

  1) Error:
test_should_create_user(UsersControllerTest):
ActiveRecord::StatementInvalid: Could not find table 'users'
    /usr/local/rvm/gems/ruby-1.9.3-p194/gems/activerecord-3.2.8/lib/active_record/connection_adapters/sqlite_adapter.rb:472:in `table_structure'
    /usr/local/rvm/gems/ruby-1.9.3-p194/gems/activerecord-3.2.8/lib/active_record/connection_adapters/sqlite_adapter.rb:346:in `columns'
    /usr/local/rvm/gems/ruby-1.9.3-p194/gems/activerecord-3.2.8/lib/active_record/fixtures.rb:660:in `column_names'
    /usr/local/rvm/gems/ruby-1.9.3-p194/gems/activerecord-3.2.8/lib/active_record/fixtures.rb:652:in `timestamp_column_names'
    /usr/local/rvm/gems/ruby-1.9.3-p194/gems/activerecord-3.2.8/lib/active_record/fixtures.rb:585:in `block in table_rows'
    /usr/local/rvm/gems/ruby-1.9.3-p194/gems/activerecord-3.2.8/lib/active_record/fixtures.rb:579:in `each'
    /usr/local/rvm/gems/ruby-1.9.3-p194/gems/activerecord-3.2.8/lib/active_record/fixtures.rb:579:in `map'
    /usr/local/rvm/gems/ruby-1.9.3-p194/gems/activerecord-3.2.8/lib/active_record/fixtures.rb:579:in `table_rows'
    /usr/local/rvm/gems/ruby-1.9.3-p194/gems/activerecord-3.2.8/lib/active_record/fixtures.rb:494:in `block (3 levels) in create_fixtures'
    /usr/local/rvm/gems/ruby-1.9.3-p194/gems/activerecord-3.2.8/lib/active_record/fixtures.rb:492:in `each'
    /usr/local/rvm/gems/ruby-1.9.3-p194/gems/activerecord-3.2.8/lib/active_record/fixtures.rb:492:in `block (2 levels) in create_fixtures'
    /usr/local/rvm/gems/ruby-1.9.3-p194/gems/activerecord-3.2.8/lib/active_record/connection_adapters/abstract/database_statements.rb:192:in `transaction'
    /usr/local/rvm/gems/ruby-1.9.3-p194/gems/activerecord-3.2.8/lib/active_record/fixtures.rb:491:in `block in create_fixtures'
    /usr/local/rvm/gems/ruby-1.9.3-p194/gems/activerecord-3.2.8/lib/active_record/connection_adapters/abstract_adapter.rb:168:in `disable_referential_integrity'
    /usr/local/rvm/gems/ruby-1.9.3-p194/gems/activerecord-3.2.8/lib/active_record/fixtures.rb:476:in `create_fixtures'
    /usr/local/rvm/gems/ruby-1.9.3-p194/gems/activerecord-3.2.8/lib/active_record/fixtures.rb:895:in `load_fixtures'
    /usr/local/rvm/gems/ruby-1.9.3-p194/gems/activerecord-3.2.8/lib/active_record/fixtures.rb:849:in `setup_fixtures'
    /usr/local/rvm/gems/ruby-1.9.3-p194/gems/activesupport-3.2.8/lib/active_support/callbacks.rb:429:in `_run__367422084__setup__977374914__callbacks'
    /usr/local/rvm/gems/ruby-1.9.3-p194/gems/activesupport-3.2.8/lib/active_support/callbacks.rb:405:in `__run_callback'
    /usr/local/rvm/gems/ruby-1.9.3-p194/gems/activesupport-3.2.8/lib/active_support/callbacks.rb:385:in `_run_setup_callbacks'
    /usr/local/rvm/gems/ruby-1.9.3-p194/gems/activesupport-3.2.8/lib/active_support/callbacks.rb:81:in `run_callbacks'
    /usr/local/rvm/gems/ruby-1.9.3-p194/gems/activesupport-3.2.8/lib/active_support/testing/setup_and_teardown.rb:35:in `run'

  2) Error:
test_should_destroy_user(UsersControllerTest):
ActiveRecord::StatementInvalid: Could not find table 'users'
    /usr/local/rvm/gems/ruby-1.9.3-p194/gems/activerecord-3.2.8/lib/active_record/connection_adapters/sqlite_adapter.rb:472:in `table_structure'
    /usr/local/rvm/gems/ruby-1.9.3-p194/gems/activerecord-3.2.8/lib/active_record/connection_adapters/sqlite_adapter.rb:346:in `columns'
    /usr/local/rvm/gems/ruby-1.9.3-p194/gems/activerecord-3.2.8/lib/active_record/fixtures.rb:660:in `column_names'
    /usr/local/rvm/gems/ruby-1.9.3-p194/gems/activerecord-3.2.8/lib/active_record/fixtures.rb:652:in `timestamp_column_names'
    /usr/local/rvm/gems/ruby-1.9.3-p194/gems/activerecord-3.2.8/lib/active_record/fixtures.rb:585:in `block in table_rows'
    /usr/local/rvm/gems/ruby-1.9.3-p194/gems/activerecord-3.2.8/lib/active_record/fixtures.rb:579:in `each'
    /usr/local/rvm/gems/ruby-1.9.3-p194/gems/activerecord-3.2.8/lib/active_record/fixtures.rb:579:in `map'
    /usr/local/rvm/gems/ruby-1.9.3-p194/gems/activerecord-3.2.8/lib/active_record/fixtures.rb:579:in `table_rows'
    /usr/local/rvm/gems/ruby-1.9.3-p194/gems/activerecord-3.2.8/lib/active_record/fixtures.rb:494:in `block (3 levels) in create_fixtures'
    /usr/local/rvm/gems/ruby-1.9.3-p194/gems/activerecord-3.2.8/lib/active_record/fixtures.rb:492:in `each'
    /usr/local/rvm/gems/ruby-1.9.3-p194/gems/activerecord-3.2.8/lib/active_record/fixtures.rb:492:in `block (2 levels) in create_fixtures'
    /usr/local/rvm/gems/ruby-1.9.3-p194/gems/activerecord-3.2.8/lib/active_record/connection_adapters/abstract/database_statements.rb:192:in `transaction'
    /usr/local/rvm/gems/ruby-1.9.3-p194/gems/activerecord-3.2.8/lib/active_record/fixtures.rb:491:in `block in create_fixtures'
    /usr/local/rvm/gems/ruby-1.9.3-p194/gems/activerecord-3.2.8/lib/active_record/connection_adapters/abstract_adapter.rb:168:in `disable_referential_integrity'
    /usr/local/rvm/gems/ruby-1.9.3-p194/gems/activerecord-3.2.8/lib/active_record/fixtures.rb:476:in `create_fixtures'
    /usr/local/rvm/gems/ruby-1.9.3-p194/gems/activerecord-3.2.8/lib/active_record/fixtures.rb:895:in `load_fixtures'
    /usr/local/rvm/gems/ruby-1.9.3-p194/gems/activerecord-3.2.8/lib/active_record/fixtures.rb:849:in `setup_fixtures'
    /usr/local/rvm/gems/ruby-1.9.3-p194/gems/activesupport-3.2.8/lib/active_support/callbacks.rb:429:in `_run__367422084__setup__977374914__callbacks'
    /usr/local/rvm/gems/ruby-1.9.3-p194/gems/activesupport-3.2.8/lib/active_support/callbacks.rb:405:in `__run_callback'
    /usr/local/rvm/gems/ruby-1.9.3-p194/gems/activesupport-3.2.8/lib/active_support/callbacks.rb:385:in `_run_setup_callbacks'
    /usr/local/rvm/gems/ruby-1.9.3-p194/gems/activesupport-3.2.8/lib/active_support/callbacks.rb:81:in `run_callbacks'
    /usr/local/rvm/gems/ruby-1.9.3-p194/gems/activesupport-3.2.8/lib/active_support/testing/setup_and_teardown.rb:35:in `run'

  3) Error:
test_should_get_edit(UsersControllerTest):
ActiveRecord::StatementInvalid: Could not find table 'users'
    /usr/local/rvm/gems/ruby-1.9.3-p194/gems/activerecord-3.2.8/lib/active_record/connection_adapters/sqlite_adapter.rb:472:in `table_structure'
    /usr/local/rvm/gems/ruby-1.9.3-p194/gems/activerecord-3.2.8/lib/active_record/connection_adapters/sqlite_adapter.rb:346:in `columns'
    /usr/local/rvm/gems/ruby-1.9.3-p194/gems/activerecord-3.2.8/lib/active_record/fixtures.rb:660:in `column_names'
    /usr/local/rvm/gems/ruby-1.9.3-p194/gems/activerecord-3.2.8/lib/active_record/fixtures.rb:652:in `timestamp_column_names'
    /usr/local/rvm/gems/ruby-1.9.3-p194/gems/activerecord-3.2.8/lib/active_record/fixtures.rb:585:in `block in table_rows'
    /usr/local/rvm/gems/ruby-1.9.3-p194/gems/activerecord-3.2.8/lib/active_record/fixtures.rb:579:in `each'
    /usr/local/rvm/gems/ruby-1.9.3-p194/gems/activerecord-3.2.8/lib/active_record/fixtures.rb:579:in `map'
    /usr/local/rvm/gems/ruby-1.9.3-p194/gems/activerecord-3.2.8/lib/active_record/fixtures.rb:579:in `table_rows'
    /usr/local/rvm/gems/ruby-1.9.3-p194/gems/activerecord-3.2.8/lib/active_record/fixtures.rb:494:in `block (3 levels) in create_fixtures'
    /usr/local/rvm/gems/ruby-1.9.3-p194/gems/activerecord-3.2.8/lib/active_record/fixtures.rb:492:in `each'
    /usr/local/rvm/gems/ruby-1.9.3-p194/gems/activerecord-3.2.8/lib/active_record/fixtures.rb:492:in `block (2 levels) in create_fixtures'
    /usr/local/rvm/gems/ruby-1.9.3-p194/gems/activerecord-3.2.8/lib/active_record/connection_adapters/abstract/database_statements.rb:192:in `transaction'
    /usr/local/rvm/gems/ruby-1.9.3-p194/gems/activerecord-3.2.8/lib/active_record/fixtures.rb:491:in `block in create_fixtures'
    /usr/local/rvm/gems/ruby-1.9.3-p194/gems/activerecord-3.2.8/lib/active_record/connection_adapters/abstract_adapter.rb:168:in `disable_referential_integrity'
    /usr/local/rvm/gems/ruby-1.9.3-p194/gems/activerecord-3.2.8/lib/active_record/fixtures.rb:476:in `create_fixtures'
    /usr/local/rvm/gems/ruby-1.9.3-p194/gems/activerecord-3.2.8/lib/active_record/fixtures.rb:895:in `load_fixtures'
    /usr/local/rvm/gems/ruby-1.9.3-p194/gems/activerecord-3.2.8/lib/active_record/fixtures.rb:849:in `setup_fixtures'
    /usr/local/rvm/gems/ruby-1.9.3-p194/gems/activesupport-3.2.8/lib/active_support/callbacks.rb:429:in `_run__367422084__setup__977374914__callbacks'
    /usr/local/rvm/gems/ruby-1.9.3-p194/gems/activesupport-3.2.8/lib/active_support/callbacks.rb:405:in `__run_callback'
    /usr/local/rvm/gems/ruby-1.9.3-p194/gems/activesupport-3.2.8/lib/active_support/callbacks.rb:385:in `_run_setup_callbacks'
    /usr/local/rvm/gems/ruby-1.9.3-p194/gems/activesupport-3.2.8/lib/active_support/callbacks.rb:81:in `run_callbacks'
    /usr/local/rvm/gems/ruby-1.9.3-p194/gems/activesupport-3.2.8/lib/active_support/testing/setup_and_teardown.rb:35:in `run'

  4) Error:
test_should_get_index(UsersControllerTest):
ActiveRecord::StatementInvalid: Could not find table 'users'
    /usr/local/rvm/gems/ruby-1.9.3-p194/gems/activerecord-3.2.8/lib/active_record/connection_adapters/sqlite_adapter.rb:472:in `table_structure'
    /usr/local/rvm/gems/ruby-1.9.3-p194/gems/activerecord-3.2.8/lib/active_record/connection_adapters/sqlite_adapter.rb:346:in `columns'
    /usr/local/rvm/gems/ruby-1.9.3-p194/gems/activerecord-3.2.8/lib/active_record/fixtures.rb:660:in `column_names'
    /usr/local/rvm/gems/ruby-1.9.3-p194/gems/activerecord-3.2.8/lib/active_record/fixtures.rb:652:in `timestamp_column_names'
    /usr/local/rvm/gems/ruby-1.9.3-p194/gems/activerecord-3.2.8/lib/active_record/fixtures.rb:585:in `block in table_rows'
    /usr/local/rvm/gems/ruby-1.9.3-p194/gems/activerecord-3.2.8/lib/active_record/fixtures.rb:579:in `each'
    /usr/local/rvm/gems/ruby-1.9.3-p194/gems/activerecord-3.2.8/lib/active_record/fixtures.rb:579:in `map'
    /usr/local/rvm/gems/ruby-1.9.3-p194/gems/activerecord-3.2.8/lib/active_record/fixtures.rb:579:in `table_rows'
    /usr/local/rvm/gems/ruby-1.9.3-p194/gems/activerecord-3.2.8/lib/active_record/fixtures.rb:494:in `block (3 levels) in create_fixtures'
    /usr/local/rvm/gems/ruby-1.9.3-p194/gems/activerecord-3.2.8/lib/active_record/fixtures.rb:492:in `each'
    /usr/local/rvm/gems/ruby-1.9.3-p194/gems/activerecord-3.2.8/lib/active_record/fixtures.rb:492:in `block (2 levels) in create_fixtures'
    /usr/local/rvm/gems/ruby-1.9.3-p194/gems/activerecord-3.2.8/lib/active_record/connection_adapters/abstract/database_statements.rb:192:in `transaction'
    /usr/local/rvm/gems/ruby-1.9.3-p194/gems/activerecord-3.2.8/lib/active_record/fixtures.rb:491:in `block in create_fixtures'
    /usr/local/rvm/gems/ruby-1.9.3-p194/gems/activerecord-3.2.8/lib/active_record/connection_adapters/abstract_adapter.rb:168:in `disable_referential_integrity'
    /usr/local/rvm/gems/ruby-1.9.3-p194/gems/activerecord-3.2.8/lib/active_record/fixtures.rb:476:in `create_fixtures'
    /usr/local/rvm/gems/ruby-1.9.3-p194/gems/activerecord-3.2.8/lib/active_record/fixtures.rb:895:in `load_fixtures'
    /usr/local/rvm/gems/ruby-1.9.3-p194/gems/activerecord-3.2.8/lib/active_record/fixtures.rb:849:in `setup_fixtures'
    /usr/local/rvm/gems/ruby-1.9.3-p194/gems/activesupport-3.2.8/lib/active_support/callbacks.rb:429:in `_run__367422084__setup__977374914__callbacks'
    /usr/local/rvm/gems/ruby-1.9.3-p194/gems/activesupport-3.2.8/lib/active_support/callbacks.rb:405:in `__run_callback'
    /usr/local/rvm/gems/ruby-1.9.3-p194/gems/activesupport-3.2.8/lib/active_support/callbacks.rb:385:in `_run_setup_callbacks'
    /usr/local/rvm/gems/ruby-1.9.3-p194/gems/activesupport-3.2.8/lib/active_support/callbacks.rb:81:in `run_callbacks'
    /usr/local/rvm/gems/ruby-1.9.3-p194/gems/activesupport-3.2.8/lib/active_support/testing/setup_and_teardown.rb:35:in `run'

  5) Error:
test_should_get_new(UsersControllerTest):
ActiveRecord::StatementInvalid: Could not find table 'users'
    /usr/local/rvm/gems/ruby-1.9.3-p194/gems/activerecord-3.2.8/lib/active_record/connection_adapters/sqlite_adapter.rb:472:in `table_structure'
    /usr/local/rvm/gems/ruby-1.9.3-p194/gems/activerecord-3.2.8/lib/active_record/connection_adapters/sqlite_adapter.rb:346:in `columns'
    /usr/local/rvm/gems/ruby-1.9.3-p194/gems/activerecord-3.2.8/lib/active_record/fixtures.rb:660:in `column_names'
    /usr/local/rvm/gems/ruby-1.9.3-p194/gems/activerecord-3.2.8/lib/active_record/fixtures.rb:652:in `timestamp_column_names'
    /usr/local/rvm/gems/ruby-1.9.3-p194/gems/activerecord-3.2.8/lib/active_record/fixtures.rb:585:in `block in table_rows'
    /usr/local/rvm/gems/ruby-1.9.3-p194/gems/activerecord-3.2.8/lib/active_record/fixtures.rb:579:in `each'
    /usr/local/rvm/gems/ruby-1.9.3-p194/gems/activerecord-3.2.8/lib/active_record/fixtures.rb:579:in `map'
    /usr/local/rvm/gems/ruby-1.9.3-p194/gems/activerecord-3.2.8/lib/active_record/fixtures.rb:579:in `table_rows'
    /usr/local/rvm/gems/ruby-1.9.3-p194/gems/activerecord-3.2.8/lib/active_record/fixtures.rb:494:in `block (3 levels) in create_fixtures'
    /usr/local/rvm/gems/ruby-1.9.3-p194/gems/activerecord-3.2.8/lib/active_record/fixtures.rb:492:in `each'
    /usr/local/rvm/gems/ruby-1.9.3-p194/gems/activerecord-3.2.8/lib/active_record/fixtures.rb:492:in `block (2 levels) in create_fixtures'
    /usr/local/rvm/gems/ruby-1.9.3-p194/gems/activerecord-3.2.8/lib/active_record/connection_adapters/abstract/database_statements.rb:192:in `transaction'
    /usr/local/rvm/gems/ruby-1.9.3-p194/gems/activerecord-3.2.8/lib/active_record/fixtures.rb:491:in `block in create_fixtures'
    /usr/local/rvm/gems/ruby-1.9.3-p194/gems/activerecord-3.2.8/lib/active_record/connection_adapters/abstract_adapter.rb:168:in `disable_referential_integrity'
    /usr/local/rvm/gems/ruby-1.9.3-p194/gems/activerecord-3.2.8/lib/active_record/fixtures.rb:476:in `create_fixtures'
    /usr/local/rvm/gems/ruby-1.9.3-p194/gems/activerecord-3.2.8/lib/active_record/fixtures.rb:895:in `load_fixtures'
    /usr/local/rvm/gems/ruby-1.9.3-p194/gems/activerecord-3.2.8/lib/active_record/fixtures.rb:849:in `setup_fixtures'
    /usr/local/rvm/gems/ruby-1.9.3-p194/gems/activesupport-3.2.8/lib/active_support/callbacks.rb:429:in `_run__367422084__setup__977374914__callbacks'
    /usr/local/rvm/gems/ruby-1.9.3-p194/gems/activesupport-3.2.8/lib/active_support/callbacks.rb:405:in `__run_callback'
    /usr/local/rvm/gems/ruby-1.9.3-p194/gems/activesupport-3.2.8/lib/active_support/callbacks.rb:385:in `_run_setup_callbacks'
    /usr/local/rvm/gems/ruby-1.9.3-p194/gems/activesupport-3.2.8/lib/active_support/callbacks.rb:81:in `run_callbacks'
    /usr/local/rvm/gems/ruby-1.9.3-p194/gems/activesupport-3.2.8/lib/active_support/testing/setup_and_teardown.rb:35:in `run'

  6) Error:
test_should_show_user(UsersControllerTest):
ActiveRecord::StatementInvalid: Could not find table 'users'
    /usr/local/rvm/gems/ruby-1.9.3-p194/gems/activerecord-3.2.8/lib/active_record/connection_adapters/sqlite_adapter.rb:472:in `table_structure'
    /usr/local/rvm/gems/ruby-1.9.3-p194/gems/activerecord-3.2.8/lib/active_record/connection_adapters/sqlite_adapter.rb:346:in `columns'
    /usr/local/rvm/gems/ruby-1.9.3-p194/gems/activerecord-3.2.8/lib/active_record/fixtures.rb:660:in `column_names'
    /usr/local/rvm/gems/ruby-1.9.3-p194/gems/activerecord-3.2.8/lib/active_record/fixtures.rb:652:in `timestamp_column_names'
    /usr/local/rvm/gems/ruby-1.9.3-p194/gems/activerecord-3.2.8/lib/active_record/fixtures.rb:585:in `block in table_rows'
    /usr/local/rvm/gems/ruby-1.9.3-p194/gems/activerecord-3.2.8/lib/active_record/fixtures.rb:579:in `each'
    /usr/local/rvm/gems/ruby-1.9.3-p194/gems/activerecord-3.2.8/lib/active_record/fixtures.rb:579:in `map'
    /usr/local/rvm/gems/ruby-1.9.3-p194/gems/activerecord-3.2.8/lib/active_record/fixtures.rb:579:in `table_rows'
    /usr/local/rvm/gems/ruby-1.9.3-p194/gems/activerecord-3.2.8/lib/active_record/fixtures.rb:494:in `block (3 levels) in create_fixtures'
    /usr/local/rvm/gems/ruby-1.9.3-p194/gems/activerecord-3.2.8/lib/active_record/fixtures.rb:492:in `each'
    /usr/local/rvm/gems/ruby-1.9.3-p194/gems/activerecord-3.2.8/lib/active_record/fixtures.rb:492:in `block (2 levels) in create_fixtures'
    /usr/local/rvm/gems/ruby-1.9.3-p194/gems/activerecord-3.2.8/lib/active_record/connection_adapters/abstract/database_statements.rb:192:in `transaction'
    /usr/local/rvm/gems/ruby-1.9.3-p194/gems/activerecord-3.2.8/lib/active_record/fixtures.rb:491:in `block in create_fixtures'
    /usr/local/rvm/gems/ruby-1.9.3-p194/gems/activerecord-3.2.8/lib/active_record/connection_adapters/abstract_adapter.rb:168:in `disable_referential_integrity'
    /usr/local/rvm/gems/ruby-1.9.3-p194/gems/activerecord-3.2.8/lib/active_record/fixtures.rb:476:in `create_fixtures'
    /usr/local/rvm/gems/ruby-1.9.3-p194/gems/activerecord-3.2.8/lib/active_record/fixtures.rb:895:in `load_fixtures'
    /usr/local/rvm/gems/ruby-1.9.3-p194/gems/activerecord-3.2.8/lib/active_record/fixtures.rb:849:in `setup_fixtures'
    /usr/local/rvm/gems/ruby-1.9.3-p194/gems/activesupport-3.2.8/lib/active_support/callbacks.rb:429:in `_run__367422084__setup__977374914__callbacks'
    /usr/local/rvm/gems/ruby-1.9.3-p194/gems/activesupport-3.2.8/lib/active_support/callbacks.rb:405:in `__run_callback'
    /usr/local/rvm/gems/ruby-1.9.3-p194/gems/activesupport-3.2.8/lib/active_support/callbacks.rb:385:in `_run_setup_callbacks'
    /usr/local/rvm/gems/ruby-1.9.3-p194/gems/activesupport-3.2.8/lib/active_support/callbacks.rb:81:in `run_callbacks'
    /usr/local/rvm/gems/ruby-1.9.3-p194/gems/activesupport-3.2.8/lib/active_support/testing/setup_and_teardown.rb:35:in `run'

  7) Error:
test_should_update_user(UsersControllerTest):
ActiveRecord::StatementInvalid: Could not find table 'users'
    /usr/local/rvm/gems/ruby-1.9.3-p194/gems/activerecord-3.2.8/lib/active_record/connection_adapters/sqlite_adapter.rb:472:in `table_structure'
    /usr/local/rvm/gems/ruby-1.9.3-p194/gems/activerecord-3.2.8/lib/active_record/connection_adapters/sqlite_adapter.rb:346:in `columns'
    /usr/local/rvm/gems/ruby-1.9.3-p194/gems/activerecord-3.2.8/lib/active_record/fixtures.rb:660:in `column_names'
    /usr/local/rvm/gems/ruby-1.9.3-p194/gems/activerecord-3.2.8/lib/active_record/fixtures.rb:652:in `timestamp_column_names'
    /usr/local/rvm/gems/ruby-1.9.3-p194/gems/activerecord-3.2.8/lib/active_record/fixtures.rb:585:in `block in table_rows'
    /usr/local/rvm/gems/ruby-1.9.3-p194/gems/activerecord-3.2.8/lib/active_record/fixtures.rb:579:in `each'
    /usr/local/rvm/gems/ruby-1.9.3-p194/gems/activerecord-3.2.8/lib/active_record/fixtures.rb:579:in `map'
    /usr/local/rvm/gems/ruby-1.9.3-p194/gems/activerecord-3.2.8/lib/active_record/fixtures.rb:579:in `table_rows'
    /usr/local/rvm/gems/ruby-1.9.3-p194/gems/activerecord-3.2.8/lib/active_record/fixtures.rb:494:in `block (3 levels) in create_fixtures'
    /usr/local/rvm/gems/ruby-1.9.3-p194/gems/activerecord-3.2.8/lib/active_record/fixtures.rb:492:in `each'
    /usr/local/rvm/gems/ruby-1.9.3-p194/gems/activerecord-3.2.8/lib/active_record/fixtures.rb:492:in `block (2 levels) in create_fixtures'
    /usr/local/rvm/gems/ruby-1.9.3-p194/gems/activerecord-3.2.8/lib/active_record/connection_adapters/abstract/database_statements.rb:192:in `transaction'
    /usr/local/rvm/gems/ruby-1.9.3-p194/gems/activerecord-3.2.8/lib/active_record/fixtures.rb:491:in `block in create_fixtures'
    /usr/local/rvm/gems/ruby-1.9.3-p194/gems/activerecord-3.2.8/lib/active_record/connection_adapters/abstract_adapter.rb:168:in `disable_referential_integrity'
    /usr/local/rvm/gems/ruby-1.9.3-p194/gems/activerecord-3.2.8/lib/active_record/fixtures.rb:476:in `create_fixtures'
    /usr/local/rvm/gems/ruby-1.9.3-p194/gems/activerecord-3.2.8/lib/active_record/fixtures.rb:895:in `load_fixtures'
    /usr/local/rvm/gems/ruby-1.9.3-p194/gems/activerecord-3.2.8/lib/active_record/fixtures.rb:849:in `setup_fixtures'
    /usr/local/rvm/gems/ruby-1.9.3-p194/gems/activesupport-3.2.8/lib/active_support/callbacks.rb:429:in `_run__367422084__setup__977374914__callbacks'
    /usr/local/rvm/gems/ruby-1.9.3-p194/gems/activesupport-3.2.8/lib/active_support/callbacks.rb:405:in `__run_callback'
    /usr/local/rvm/gems/ruby-1.9.3-p194/gems/activesupport-3.2.8/lib/active_support/callbacks.rb:385:in `_run_setup_callbacks'
    /usr/local/rvm/gems/ruby-1.9.3-p194/gems/activesupport-3.2.8/lib/active_support/callbacks.rb:81:in `run_callbacks'
    /usr/local/rvm/gems/ruby-1.9.3-p194/gems/activesupport-3.2.8/lib/active_support/testing/setup_and_teardown.rb:35:in `run'

7 tests, 0 assertions, 0 failures, 7 errors, 0 skips
Run options: -n "/^(test_should_create_micropost|test_should_destroy_micropost|test_should_get_edit|test_should_get_index|test_should_get_new|test_should_show_micropost|test_should_update_micropost)$/"

# Running tests:

EEEEEEE

Finished tests in 0.112726s, 62.0974 tests/s, 0.0000 assertions/s.

  1) Error:
test_should_create_micropost(MicropostsControllerTest):
ActiveRecord::StatementInvalid: Could not find table 'users'
    /usr/local/rvm/gems/ruby-1.9.3-p194/gems/activerecord-3.2.8/lib/active_record/connection_adapters/sqlite_adapter.rb:472:in `table_structure'
    /usr/local/rvm/gems/ruby-1.9.3-p194/gems/activerecord-3.2.8/lib/active_record/connection_adapters/sqlite_adapter.rb:346:in `columns'
    /usr/local/rvm/gems/ruby-1.9.3-p194/gems/activerecord-3.2.8/lib/active_record/fixtures.rb:660:in `column_names'
    /usr/local/rvm/gems/ruby-1.9.3-p194/gems/activerecord-3.2.8/lib/active_record/fixtures.rb:652:in `timestamp_column_names'
    /usr/local/rvm/gems/ruby-1.9.3-p194/gems/activerecord-3.2.8/lib/active_record/fixtures.rb:585:in `block in table_rows'
    /usr/local/rvm/gems/ruby-1.9.3-p194/gems/activerecord-3.2.8/lib/active_record/fixtures.rb:579:in `each'
    /usr/local/rvm/gems/ruby-1.9.3-p194/gems/activerecord-3.2.8/lib/active_record/fixtures.rb:579:in `map'
    /usr/local/rvm/gems/ruby-1.9.3-p194/gems/activerecord-3.2.8/lib/active_record/fixtures.rb:579:in `table_rows'
    /usr/local/rvm/gems/ruby-1.9.3-p194/gems/activerecord-3.2.8/lib/active_record/fixtures.rb:494:in `block (3 levels) in create_fixtures'
    /usr/local/rvm/gems/ruby-1.9.3-p194/gems/activerecord-3.2.8/lib/active_record/fixtures.rb:492:in `each'
    /usr/local/rvm/gems/ruby-1.9.3-p194/gems/activerecord-3.2.8/lib/active_record/fixtures.rb:492:in `block (2 levels) in create_fixtures'
    /usr/local/rvm/gems/ruby-1.9.3-p194/gems/activerecord-3.2.8/lib/active_record/connection_adapters/abstract/database_statements.rb:192:in `transaction'
    /usr/local/rvm/gems/ruby-1.9.3-p194/gems/activerecord-3.2.8/lib/active_record/fixtures.rb:491:in `block in create_fixtures'
    /usr/local/rvm/gems/ruby-1.9.3-p194/gems/activerecord-3.2.8/lib/active_record/connection_adapters/abstract_adapter.rb:168:in `disable_referential_integrity'
    /usr/local/rvm/gems/ruby-1.9.3-p194/gems/activerecord-3.2.8/lib/active_record/fixtures.rb:476:in `create_fixtures'
    /usr/local/rvm/gems/ruby-1.9.3-p194/gems/activerecord-3.2.8/lib/active_record/fixtures.rb:895:in `load_fixtures'
    /usr/local/rvm/gems/ruby-1.9.3-p194/gems/activerecord-3.2.8/lib/active_record/fixtures.rb:849:in `setup_fixtures'
    /usr/local/rvm/gems/ruby-1.9.3-p194/gems/activesupport-3.2.8/lib/active_support/callbacks.rb:429:in `_run__748604740__setup__613556855__callbacks'
    /usr/local/rvm/gems/ruby-1.9.3-p194/gems/activesupport-3.2.8/lib/active_support/callbacks.rb:405:in `__run_callback'
    /usr/local/rvm/gems/ruby-1.9.3-p194/gems/activesupport-3.2.8/lib/active_support/callbacks.rb:385:in `_run_setup_callbacks'
    /usr/local/rvm/gems/ruby-1.9.3-p194/gems/activesupport-3.2.8/lib/active_support/callbacks.rb:81:in `run_callbacks'
    /usr/local/rvm/gems/ruby-1.9.3-p194/gems/activesupport-3.2.8/lib/active_support/testing/setup_and_teardown.rb:35:in `run'

  2) Error:
test_should_destroy_micropost(MicropostsControllerTest):
ActiveRecord::StatementInvalid: Could not find table 'users'
    /usr/local/rvm/gems/ruby-1.9.3-p194/gems/activerecord-3.2.8/lib/active_record/connection_adapters/sqlite_adapter.rb:472:in `table_structure'
    /usr/local/rvm/gems/ruby-1.9.3-p194/gems/activerecord-3.2.8/lib/active_record/connection_adapters/sqlite_adapter.rb:346:in `columns'
    /usr/local/rvm/gems/ruby-1.9.3-p194/gems/activerecord-3.2.8/lib/active_record/fixtures.rb:660:in `column_names'
    /usr/local/rvm/gems/ruby-1.9.3-p194/gems/activerecord-3.2.8/lib/active_record/fixtures.rb:652:in `timestamp_column_names'
    /usr/local/rvm/gems/ruby-1.9.3-p194/gems/activerecord-3.2.8/lib/active_record/fixtures.rb:585:in `block in table_rows'
    /usr/local/rvm/gems/ruby-1.9.3-p194/gems/activerecord-3.2.8/lib/active_record/fixtures.rb:579:in `each'
    /usr/local/rvm/gems/ruby-1.9.3-p194/gems/activerecord-3.2.8/lib/active_record/fixtures.rb:579:in `map'
    /usr/local/rvm/gems/ruby-1.9.3-p194/gems/activerecord-3.2.8/lib/active_record/fixtures.rb:579:in `table_rows'
    /usr/local/rvm/gems/ruby-1.9.3-p194/gems/activerecord-3.2.8/lib/active_record/fixtures.rb:494:in `block (3 levels) in create_fixtures'
    /usr/local/rvm/gems/ruby-1.9.3-p194/gems/activerecord-3.2.8/lib/active_record/fixtures.rb:492:in `each'
    /usr/local/rvm/gems/ruby-1.9.3-p194/gems/activerecord-3.2.8/lib/active_record/fixtures.rb:492:in `block (2 levels) in create_fixtures'
    /usr/local/rvm/gems/ruby-1.9.3-p194/gems/activerecord-3.2.8/lib/active_record/connection_adapters/abstract/database_statements.rb:192:in `transaction'
    /usr/local/rvm/gems/ruby-1.9.3-p194/gems/activerecord-3.2.8/lib/active_record/fixtures.rb:491:in `block in create_fixtures'
    /usr/local/rvm/gems/ruby-1.9.3-p194/gems/activerecord-3.2.8/lib/active_record/connection_adapters/abstract_adapter.rb:168:in `disable_referential_integrity'
    /usr/local/rvm/gems/ruby-1.9.3-p194/gems/activerecord-3.2.8/lib/active_record/fixtures.rb:476:in `create_fixtures'
    /usr/local/rvm/gems/ruby-1.9.3-p194/gems/activerecord-3.2.8/lib/active_record/fixtures.rb:895:in `load_fixtures'
    /usr/local/rvm/gems/ruby-1.9.3-p194/gems/activerecord-3.2.8/lib/active_record/fixtures.rb:849:in `setup_fixtures'
    /usr/local/rvm/gems/ruby-1.9.3-p194/gems/activesupport-3.2.8/lib/active_support/callbacks.rb:429:in `_run__748604740__setup__613556855__callbacks'
    /usr/local/rvm/gems/ruby-1.9.3-p194/gems/activesupport-3.2.8/lib/active_support/callbacks.rb:405:in `__run_callback'
    /usr/local/rvm/gems/ruby-1.9.3-p194/gems/activesupport-3.2.8/lib/active_support/callbacks.rb:385:in `_run_setup_callbacks'
    /usr/local/rvm/gems/ruby-1.9.3-p194/gems/activesupport-3.2.8/lib/active_support/callbacks.rb:81:in `run_callbacks'
    /usr/local/rvm/gems/ruby-1.9.3-p194/gems/activesupport-3.2.8/lib/active_support/testing/setup_and_teardown.rb:35:in `run'

  3) Error:
test_should_get_edit(MicropostsControllerTest):
ActiveRecord::StatementInvalid: Could not find table 'users'
    /usr/local/rvm/gems/ruby-1.9.3-p194/gems/activerecord-3.2.8/lib/active_record/connection_adapters/sqlite_adapter.rb:472:in `table_structure'
    /usr/local/rvm/gems/ruby-1.9.3-p194/gems/activerecord-3.2.8/lib/active_record/connection_adapters/sqlite_adapter.rb:346:in `columns'
    /usr/local/rvm/gems/ruby-1.9.3-p194/gems/activerecord-3.2.8/lib/active_record/fixtures.rb:660:in `column_names'
    /usr/local/rvm/gems/ruby-1.9.3-p194/gems/activerecord-3.2.8/lib/active_record/fixtures.rb:652:in `timestamp_column_names'
    /usr/local/rvm/gems/ruby-1.9.3-p194/gems/activerecord-3.2.8/lib/active_record/fixtures.rb:585:in `block in table_rows'
    /usr/local/rvm/gems/ruby-1.9.3-p194/gems/activerecord-3.2.8/lib/active_record/fixtures.rb:579:in `each'
    /usr/local/rvm/gems/ruby-1.9.3-p194/gems/activerecord-3.2.8/lib/active_record/fixtures.rb:579:in `map'
    /usr/local/rvm/gems/ruby-1.9.3-p194/gems/activerecord-3.2.8/lib/active_record/fixtures.rb:579:in `table_rows'
    /usr/local/rvm/gems/ruby-1.9.3-p194/gems/activerecord-3.2.8/lib/active_record/fixtures.rb:494:in `block (3 levels) in create_fixtures'
    /usr/local/rvm/gems/ruby-1.9.3-p194/gems/activerecord-3.2.8/lib/active_record/fixtures.rb:492:in `each'
    /usr/local/rvm/gems/ruby-1.9.3-p194/gems/activerecord-3.2.8/lib/active_record/fixtures.rb:492:in `block (2 levels) in create_fixtures'
    /usr/local/rvm/gems/ruby-1.9.3-p194/gems/activerecord-3.2.8/lib/active_record/connection_adapters/abstract/database_statements.rb:192:in `transaction'
    /usr/local/rvm/gems/ruby-1.9.3-p194/gems/activerecord-3.2.8/lib/active_record/fixtures.rb:491:in `block in create_fixtures'
    /usr/local/rvm/gems/ruby-1.9.3-p194/gems/activerecord-3.2.8/lib/active_record/connection_adapters/abstract_adapter.rb:168:in `disable_referential_integrity'
    /usr/local/rvm/gems/ruby-1.9.3-p194/gems/activerecord-3.2.8/lib/active_record/fixtures.rb:476:in `create_fixtures'
    /usr/local/rvm/gems/ruby-1.9.3-p194/gems/activerecord-3.2.8/lib/active_record/fixtures.rb:895:in `load_fixtures'
    /usr/local/rvm/gems/ruby-1.9.3-p194/gems/activerecord-3.2.8/lib/active_record/fixtures.rb:849:in `setup_fixtures'
    /usr/local/rvm/gems/ruby-1.9.3-p194/gems/activesupport-3.2.8/lib/active_support/callbacks.rb:429:in `_run__748604740__setup__613556855__callbacks'
    /usr/local/rvm/gems/ruby-1.9.3-p194/gems/activesupport-3.2.8/lib/active_support/callbacks.rb:405:in `__run_callback'
    /usr/local/rvm/gems/ruby-1.9.3-p194/gems/activesupport-3.2.8/lib/active_support/callbacks.rb:385:in `_run_setup_callbacks'
    /usr/local/rvm/gems/ruby-1.9.3-p194/gems/activesupport-3.2.8/lib/active_support/callbacks.rb:81:in `run_callbacks'
    /usr/local/rvm/gems/ruby-1.9.3-p194/gems/activesupport-3.2.8/lib/active_support/testing/setup_and_teardown.rb:35:in `run'

  4) Error:
test_should_get_index(MicropostsControllerTest):
ActiveRecord::StatementInvalid: Could not find table 'users'
    /usr/local/rvm/gems/ruby-1.9.3-p194/gems/activerecord-3.2.8/lib/active_record/connection_adapters/sqlite_adapter.rb:472:in `table_structure'
    /usr/local/rvm/gems/ruby-1.9.3-p194/gems/activerecord-3.2.8/lib/active_record/connection_adapters/sqlite_adapter.rb:346:in `columns'
    /usr/local/rvm/gems/ruby-1.9.3-p194/gems/activerecord-3.2.8/lib/active_record/fixtures.rb:660:in `column_names'
    /usr/local/rvm/gems/ruby-1.9.3-p194/gems/activerecord-3.2.8/lib/active_record/fixtures.rb:652:in `timestamp_column_names'
    /usr/local/rvm/gems/ruby-1.9.3-p194/gems/activerecord-3.2.8/lib/active_record/fixtures.rb:585:in `block in table_rows'
    /usr/local/rvm/gems/ruby-1.9.3-p194/gems/activerecord-3.2.8/lib/active_record/fixtures.rb:579:in `each'
    /usr/local/rvm/gems/ruby-1.9.3-p194/gems/activerecord-3.2.8/lib/active_record/fixtures.rb:579:in `map'
    /usr/local/rvm/gems/ruby-1.9.3-p194/gems/activerecord-3.2.8/lib/active_record/fixtures.rb:579:in `table_rows'
    /usr/local/rvm/gems/ruby-1.9.3-p194/gems/activerecord-3.2.8/lib/active_record/fixtures.rb:494:in `block (3 levels) in create_fixtures'
    /usr/local/rvm/gems/ruby-1.9.3-p194/gems/activerecord-3.2.8/lib/active_record/fixtures.rb:492:in `each'
    /usr/local/rvm/gems/ruby-1.9.3-p194/gems/activerecord-3.2.8/lib/active_record/fixtures.rb:492:in `block (2 levels) in create_fixtures'
    /usr/local/rvm/gems/ruby-1.9.3-p194/gems/activerecord-3.2.8/lib/active_record/connection_adapters/abstract/database_statements.rb:192:in `transaction'
    /usr/local/rvm/gems/ruby-1.9.3-p194/gems/activerecord-3.2.8/lib/active_record/fixtures.rb:491:in `block in create_fixtures'
    /usr/local/rvm/gems/ruby-1.9.3-p194/gems/activerecord-3.2.8/lib/active_record/connection_adapters/abstract_adapter.rb:168:in `disable_referential_integrity'
    /usr/local/rvm/gems/ruby-1.9.3-p194/gems/activerecord-3.2.8/lib/active_record/fixtures.rb:476:in `create_fixtures'
    /usr/local/rvm/gems/ruby-1.9.3-p194/gems/activerecord-3.2.8/lib/active_record/fixtures.rb:895:in `load_fixtures'
    /usr/local/rvm/gems/ruby-1.9.3-p194/gems/activerecord-3.2.8/lib/active_record/fixtures.rb:849:in `setup_fixtures'
    /usr/local/rvm/gems/ruby-1.9.3-p194/gems/activesupport-3.2.8/lib/active_support/callbacks.rb:429:in `_run__748604740__setup__613556855__callbacks'
    /usr/local/rvm/gems/ruby-1.9.3-p194/gems/activesupport-3.2.8/lib/active_support/callbacks.rb:405:in `__run_callback'
    /usr/local/rvm/gems/ruby-1.9.3-p194/gems/activesupport-3.2.8/lib/active_support/callbacks.rb:385:in `_run_setup_callbacks'
    /usr/local/rvm/gems/ruby-1.9.3-p194/gems/activesupport-3.2.8/lib/active_support/callbacks.rb:81:in `run_callbacks'
    /usr/local/rvm/gems/ruby-1.9.3-p194/gems/activesupport-3.2.8/lib/active_support/testing/setup_and_teardown.rb:35:in `run'

  5) Error:
test_should_get_new(MicropostsControllerTest):
ActiveRecord::StatementInvalid: Could not find table 'users'
    /usr/local/rvm/gems/ruby-1.9.3-p194/gems/activerecord-3.2.8/lib/active_record/connection_adapters/sqlite_adapter.rb:472:in `table_structure'
    /usr/local/rvm/gems/ruby-1.9.3-p194/gems/activerecord-3.2.8/lib/active_record/connection_adapters/sqlite_adapter.rb:346:in `columns'
    /usr/local/rvm/gems/ruby-1.9.3-p194/gems/activerecord-3.2.8/lib/active_record/fixtures.rb:660:in `column_names'
    /usr/local/rvm/gems/ruby-1.9.3-p194/gems/activerecord-3.2.8/lib/active_record/fixtures.rb:652:in `timestamp_column_names'
    /usr/local/rvm/gems/ruby-1.9.3-p194/gems/activerecord-3.2.8/lib/active_record/fixtures.rb:585:in `block in table_rows'
    /usr/local/rvm/gems/ruby-1.9.3-p194/gems/activerecord-3.2.8/lib/active_record/fixtures.rb:579:in `each'
    /usr/local/rvm/gems/ruby-1.9.3-p194/gems/activerecord-3.2.8/lib/active_record/fixtures.rb:579:in `map'
    /usr/local/rvm/gems/ruby-1.9.3-p194/gems/activerecord-3.2.8/lib/active_record/fixtures.rb:579:in `table_rows'
    /usr/local/rvm/gems/ruby-1.9.3-p194/gems/activerecord-3.2.8/lib/active_record/fixtures.rb:494:in `block (3 levels) in create_fixtures'
    /usr/local/rvm/gems/ruby-1.9.3-p194/gems/activerecord-3.2.8/lib/active_record/fixtures.rb:492:in `each'
    /usr/local/rvm/gems/ruby-1.9.3-p194/gems/activerecord-3.2.8/lib/active_record/fixtures.rb:492:in `block (2 levels) in create_fixtures'
    /usr/local/rvm/gems/ruby-1.9.3-p194/gems/activerecord-3.2.8/lib/active_record/connection_adapters/abstract/database_statements.rb:192:in `transaction'
    /usr/local/rvm/gems/ruby-1.9.3-p194/gems/activerecord-3.2.8/lib/active_record/fixtures.rb:491:in `block in create_fixtures'
    /usr/local/rvm/gems/ruby-1.9.3-p194/gems/activerecord-3.2.8/lib/active_record/connection_adapters/abstract_adapter.rb:168:in `disable_referential_integrity'
    /usr/local/rvm/gems/ruby-1.9.3-p194/gems/activerecord-3.2.8/lib/active_record/fixtures.rb:476:in `create_fixtures'
    /usr/local/rvm/gems/ruby-1.9.3-p194/gems/activerecord-3.2.8/lib/active_record/fixtures.rb:895:in `load_fixtures'
    /usr/local/rvm/gems/ruby-1.9.3-p194/gems/activerecord-3.2.8/lib/active_record/fixtures.rb:849:in `setup_fixtures'
    /usr/local/rvm/gems/ruby-1.9.3-p194/gems/activesupport-3.2.8/lib/active_support/callbacks.rb:429:in `_run__748604740__setup__613556855__callbacks'
    /usr/local/rvm/gems/ruby-1.9.3-p194/gems/activesupport-3.2.8/lib/active_support/callbacks.rb:405:in `__run_callback'
    /usr/local/rvm/gems/ruby-1.9.3-p194/gems/activesupport-3.2.8/lib/active_support/callbacks.rb:385:in `_run_setup_callbacks'
    /usr/local/rvm/gems/ruby-1.9.3-p194/gems/activesupport-3.2.8/lib/active_support/callbacks.rb:81:in `run_callbacks'
    /usr/local/rvm/gems/ruby-1.9.3-p194/gems/activesupport-3.2.8/lib/active_support/testing/setup_and_teardown.rb:35:in `run'

  6) Error:
test_should_show_micropost(MicropostsControllerTest):
ActiveRecord::StatementInvalid: Could not find table 'users'
    /usr/local/rvm/gems/ruby-1.9.3-p194/gems/activerecord-3.2.8/lib/active_record/connection_adapters/sqlite_adapter.rb:472:in `table_structure'
    /usr/local/rvm/gems/ruby-1.9.3-p194/gems/activerecord-3.2.8/lib/active_record/connection_adapters/sqlite_adapter.rb:346:in `columns'
    /usr/local/rvm/gems/ruby-1.9.3-p194/gems/activerecord-3.2.8/lib/active_record/fixtures.rb:660:in `column_names'
    /usr/local/rvm/gems/ruby-1.9.3-p194/gems/activerecord-3.2.8/lib/active_record/fixtures.rb:652:in `timestamp_column_names'
    /usr/local/rvm/gems/ruby-1.9.3-p194/gems/activerecord-3.2.8/lib/active_record/fixtures.rb:585:in `block in table_rows'
    /usr/local/rvm/gems/ruby-1.9.3-p194/gems/activerecord-3.2.8/lib/active_record/fixtures.rb:579:in `each'
    /usr/local/rvm/gems/ruby-1.9.3-p194/gems/activerecord-3.2.8/lib/active_record/fixtures.rb:579:in `map'
    /usr/local/rvm/gems/ruby-1.9.3-p194/gems/activerecord-3.2.8/lib/active_record/fixtures.rb:579:in `table_rows'
    /usr/local/rvm/gems/ruby-1.9.3-p194/gems/activerecord-3.2.8/lib/active_record/fixtures.rb:494:in `block (3 levels) in create_fixtures'
    /usr/local/rvm/gems/ruby-1.9.3-p194/gems/activerecord-3.2.8/lib/active_record/fixtures.rb:492:in `each'
    /usr/local/rvm/gems/ruby-1.9.3-p194/gems/activerecord-3.2.8/lib/active_record/fixtures.rb:492:in `block (2 levels) in create_fixtures'
    /usr/local/rvm/gems/ruby-1.9.3-p194/gems/activerecord-3.2.8/lib/active_record/connection_adapters/abstract/database_statements.rb:192:in `transaction'
    /usr/local/rvm/gems/ruby-1.9.3-p194/gems/activerecord-3.2.8/lib/active_record/fixtures.rb:491:in `block in create_fixtures'
    /usr/local/rvm/gems/ruby-1.9.3-p194/gems/activerecord-3.2.8/lib/active_record/connection_adapters/abstract_adapter.rb:168:in `disable_referential_integrity'
    /usr/local/rvm/gems/ruby-1.9.3-p194/gems/activerecord-3.2.8/lib/active_record/fixtures.rb:476:in `create_fixtures'
    /usr/local/rvm/gems/ruby-1.9.3-p194/gems/activerecord-3.2.8/lib/active_record/fixtures.rb:895:in `load_fixtures'
    /usr/local/rvm/gems/ruby-1.9.3-p194/gems/activerecord-3.2.8/lib/active_record/fixtures.rb:849:in `setup_fixtures'
    /usr/local/rvm/gems/ruby-1.9.3-p194/gems/activesupport-3.2.8/lib/active_support/callbacks.rb:429:in `_run__748604740__setup__613556855__callbacks'
    /usr/local/rvm/gems/ruby-1.9.3-p194/gems/activesupport-3.2.8/lib/active_support/callbacks.rb:405:in `__run_callback'
    /usr/local/rvm/gems/ruby-1.9.3-p194/gems/activesupport-3.2.8/lib/active_support/callbacks.rb:385:in `_run_setup_callbacks'
    /usr/local/rvm/gems/ruby-1.9.3-p194/gems/activesupport-3.2.8/lib/active_support/callbacks.rb:81:in `run_callbacks'
    /usr/local/rvm/gems/ruby-1.9.3-p194/gems/activesupport-3.2.8/lib/active_support/testing/setup_and_teardown.rb:35:in `run'

  7) Error:
test_should_update_micropost(MicropostsControllerTest):
ActiveRecord::StatementInvalid: Could not find table 'users'
    /usr/local/rvm/gems/ruby-1.9.3-p194/gems/activerecord-3.2.8/lib/active_record/connection_adapters/sqlite_adapter.rb:472:in `table_structure'
    /usr/local/rvm/gems/ruby-1.9.3-p194/gems/activerecord-3.2.8/lib/active_record/connection_adapters/sqlite_adapter.rb:346:in `columns'
    /usr/local/rvm/gems/ruby-1.9.3-p194/gems/activerecord-3.2.8/lib/active_record/fixtures.rb:660:in `column_names'
    /usr/local/rvm/gems/ruby-1.9.3-p194/gems/activerecord-3.2.8/lib/active_record/fixtures.rb:652:in `timestamp_column_names'
    /usr/local/rvm/gems/ruby-1.9.3-p194/gems/activerecord-3.2.8/lib/active_record/fixtures.rb:585:in `block in table_rows'
    /usr/local/rvm/gems/ruby-1.9.3-p194/gems/activerecord-3.2.8/lib/active_record/fixtures.rb:579:in `each'
    /usr/local/rvm/gems/ruby-1.9.3-p194/gems/activerecord-3.2.8/lib/active_record/fixtures.rb:579:in `map'
    /usr/local/rvm/gems/ruby-1.9.3-p194/gems/activerecord-3.2.8/lib/active_record/fixtures.rb:579:in `table_rows'
    /usr/local/rvm/gems/ruby-1.9.3-p194/gems/activerecord-3.2.8/lib/active_record/fixtures.rb:494:in `block (3 levels) in create_fixtures'
    /usr/local/rvm/gems/ruby-1.9.3-p194/gems/activerecord-3.2.8/lib/active_record/fixtures.rb:492:in `each'
    /usr/local/rvm/gems/ruby-1.9.3-p194/gems/activerecord-3.2.8/lib/active_record/fixtures.rb:492:in `block (2 levels) in create_fixtures'
    /usr/local/rvm/gems/ruby-1.9.3-p194/gems/activerecord-3.2.8/lib/active_record/connection_adapters/abstract/database_statements.rb:192:in `transaction'
    /usr/local/rvm/gems/ruby-1.9.3-p194/gems/activerecord-3.2.8/lib/active_record/fixtures.rb:491:in `block in create_fixtures'
    /usr/local/rvm/gems/ruby-1.9.3-p194/gems/activerecord-3.2.8/lib/active_record/connection_adapters/abstract_adapter.rb:168:in `disable_referential_integrity'
    /usr/local/rvm/gems/ruby-1.9.3-p194/gems/activerecord-3.2.8/lib/active_record/fixtures.rb:476:in `create_fixtures'
    /usr/local/rvm/gems/ruby-1.9.3-p194/gems/activerecord-3.2.8/lib/active_record/fixtures.rb:895:in `load_fixtures'
    /usr/local/rvm/gems/ruby-1.9.3-p194/gems/activerecord-3.2.8/lib/active_record/fixtures.rb:849:in `setup_fixtures'
    /usr/local/rvm/gems/ruby-1.9.3-p194/gems/activesupport-3.2.8/lib/active_support/callbacks.rb:429:in `_run__748604740__setup__613556855__callbacks'
    /usr/local/rvm/gems/ruby-1.9.3-p194/gems/activesupport-3.2.8/lib/active_support/callbacks.rb:405:in `__run_callback'
    /usr/local/rvm/gems/ruby-1.9.3-p194/gems/activesupport-3.2.8/lib/active_support/callbacks.rb:385:in `_run_setup_callbacks'
    /usr/local/rvm/gems/ruby-1.9.3-p194/gems/activesupport-3.2.8/lib/active_support/callbacks.rb:81:in `run_callbacks'
    /usr/local/rvm/gems/ruby-1.9.3-p194/gems/activesupport-3.2.8/lib/active_support/testing/setup_and_teardown.rb:35:in `run'

7 tests, 0 assertions, 0 failures, 7 errors, 0 skips
Run options: -n "/^(test_should_get_contact|test_should_get_home)$/"

# Running tests:

EE

Finished tests in 0.046508s, 43.0032 tests/s, 0.0000 assertions/s.

  1) Error:
test_should_get_contact(PagesControllerTest):
ActiveRecord::StatementInvalid: Could not find table 'users'
    /usr/local/rvm/gems/ruby-1.9.3-p194/gems/activerecord-3.2.8/lib/active_record/connection_adapters/sqlite_adapter.rb:472:in `table_structure'
    /usr/local/rvm/gems/ruby-1.9.3-p194/gems/activerecord-3.2.8/lib/active_record/connection_adapters/sqlite_adapter.rb:346:in `columns'
    /usr/local/rvm/gems/ruby-1.9.3-p194/gems/activerecord-3.2.8/lib/active_record/fixtures.rb:660:in `column_names'
    /usr/local/rvm/gems/ruby-1.9.3-p194/gems/activerecord-3.2.8/lib/active_record/fixtures.rb:652:in `timestamp_column_names'
    /usr/local/rvm/gems/ruby-1.9.3-p194/gems/activerecord-3.2.8/lib/active_record/fixtures.rb:585:in `block in table_rows'
    /usr/local/rvm/gems/ruby-1.9.3-p194/gems/activerecord-3.2.8/lib/active_record/fixtures.rb:579:in `each'
    /usr/local/rvm/gems/ruby-1.9.3-p194/gems/activerecord-3.2.8/lib/active_record/fixtures.rb:579:in `map'
    /usr/local/rvm/gems/ruby-1.9.3-p194/gems/activerecord-3.2.8/lib/active_record/fixtures.rb:579:in `table_rows'
    /usr/local/rvm/gems/ruby-1.9.3-p194/gems/activerecord-3.2.8/lib/active_record/fixtures.rb:494:in `block (3 levels) in create_fixtures'
    /usr/local/rvm/gems/ruby-1.9.3-p194/gems/activerecord-3.2.8/lib/active_record/fixtures.rb:492:in `each'
    /usr/local/rvm/gems/ruby-1.9.3-p194/gems/activerecord-3.2.8/lib/active_record/fixtures.rb:492:in `block (2 levels) in create_fixtures'
    /usr/local/rvm/gems/ruby-1.9.3-p194/gems/activerecord-3.2.8/lib/active_record/connection_adapters/abstract/database_statements.rb:192:in `transaction'
    /usr/local/rvm/gems/ruby-1.9.3-p194/gems/activerecord-3.2.8/lib/active_record/fixtures.rb:491:in `block in create_fixtures'
    /usr/local/rvm/gems/ruby-1.9.3-p194/gems/activerecord-3.2.8/lib/active_record/connection_adapters/abstract_adapter.rb:168:in `disable_referential_integrity'
    /usr/local/rvm/gems/ruby-1.9.3-p194/gems/activerecord-3.2.8/lib/active_record/fixtures.rb:476:in `create_fixtures'
    /usr/local/rvm/gems/ruby-1.9.3-p194/gems/activerecord-3.2.8/lib/active_record/fixtures.rb:895:in `load_fixtures'
    /usr/local/rvm/gems/ruby-1.9.3-p194/gems/activerecord-3.2.8/lib/active_record/fixtures.rb:849:in `setup_fixtures'
    /usr/local/rvm/gems/ruby-1.9.3-p194/gems/activesupport-3.2.8/lib/active_support/callbacks.rb:429:in `_run__636235214__setup__1057009674__callbacks'
    /usr/local/rvm/gems/ruby-1.9.3-p194/gems/activesupport-3.2.8/lib/active_support/callbacks.rb:405:in `__run_callback'
    /usr/local/rvm/gems/ruby-1.9.3-p194/gems/activesupport-3.2.8/lib/active_support/callbacks.rb:385:in `_run_setup_callbacks'
    /usr/local/rvm/gems/ruby-1.9.3-p194/gems/activesupport-3.2.8/lib/active_support/callbacks.rb:81:in `run_callbacks'
    /usr/local/rvm/gems/ruby-1.9.3-p194/gems/activesupport-3.2.8/lib/active_support/testing/setup_and_teardown.rb:35:in `run'

  2) Error:
test_should_get_home(PagesControllerTest):
ActiveRecord::StatementInvalid: Could not find table 'users'
    /usr/local/rvm/gems/ruby-1.9.3-p194/gems/activerecord-3.2.8/lib/active_record/connection_adapters/sqlite_adapter.rb:472:in `table_structure'
    /usr/local/rvm/gems/ruby-1.9.3-p194/gems/activerecord-3.2.8/lib/active_record/connection_adapters/sqlite_adapter.rb:346:in `columns'
    /usr/local/rvm/gems/ruby-1.9.3-p194/gems/activerecord-3.2.8/lib/active_record/fixtures.rb:660:in `column_names'
    /usr/local/rvm/gems/ruby-1.9.3-p194/gems/activerecord-3.2.8/lib/active_record/fixtures.rb:652:in `timestamp_column_names'
    /usr/local/rvm/gems/ruby-1.9.3-p194/gems/activerecord-3.2.8/lib/active_record/fixtures.rb:585:in `block in table_rows'
    /usr/local/rvm/gems/ruby-1.9.3-p194/gems/activerecord-3.2.8/lib/active_record/fixtures.rb:579:in `each'
    /usr/local/rvm/gems/ruby-1.9.3-p194/gems/activerecord-3.2.8/lib/active_record/fixtures.rb:579:in `map'
    /usr/local/rvm/gems/ruby-1.9.3-p194/gems/activerecord-3.2.8/lib/active_record/fixtures.rb:579:in `table_rows'
    /usr/local/rvm/gems/ruby-1.9.3-p194/gems/activerecord-3.2.8/lib/active_record/fixtures.rb:494:in `block (3 levels) in create_fixtures'
    /usr/local/rvm/gems/ruby-1.9.3-p194/gems/activerecord-3.2.8/lib/active_record/fixtures.rb:492:in `each'
    /usr/local/rvm/gems/ruby-1.9.3-p194/gems/activerecord-3.2.8/lib/active_record/fixtures.rb:492:in `block (2 levels) in create_fixtures'
    /usr/local/rvm/gems/ruby-1.9.3-p194/gems/activerecord-3.2.8/lib/active_record/connection_adapters/abstract/database_statements.rb:192:in `transaction'
    /usr/local/rvm/gems/ruby-1.9.3-p194/gems/activerecord-3.2.8/lib/active_record/fixtures.rb:491:in `block in create_fixtures'
    /usr/local/rvm/gems/ruby-1.9.3-p194/gems/activerecord-3.2.8/lib/active_record/connection_adapters/abstract_adapter.rb:168:in `disable_referential_integrity'
    /usr/local/rvm/gems/ruby-1.9.3-p194/gems/activerecord-3.2.8/lib/active_record/fixtures.rb:476:in `create_fixtures'
    /usr/local/rvm/gems/ruby-1.9.3-p194/gems/activerecord-3.2.8/lib/active_record/fixtures.rb:895:in `load_fixtures'
    /usr/local/rvm/gems/ruby-1.9.3-p194/gems/activerecord-3.2.8/lib/active_record/fixtures.rb:849:in `setup_fixtures'
    /usr/local/rvm/gems/ruby-1.9.3-p194/gems/activesupport-3.2.8/lib/active_support/callbacks.rb:429:in `_run__636235214__setup__1057009674__callbacks'
    /usr/local/rvm/gems/ruby-1.9.3-p194/gems/activesupport-3.2.8/lib/active_support/callbacks.rb:405:in `__run_callback'
    /usr/local/rvm/gems/ruby-1.9.3-p194/gems/activesupport-3.2.8/lib/active_support/callbacks.rb:385:in `_run_setup_callbacks'
    /usr/local/rvm/gems/ruby-1.9.3-p194/gems/activesupport-3.2.8/lib/active_support/callbacks.rb:81:in `run_callbacks'
    /usr/local/rvm/gems/ruby-1.9.3-p194/gems/activesupport-3.2.8/lib/active_support/testing/setup_and_teardown.rb:35:in `run'

2 tests, 0 assertions, 0 failures, 2 errors, 0 skips
/usr/local/rvm/rubies/ruby-1.9.3-p194/bin/ruby -I.:lib:test -rubygems test/functional/microposts_controller_test.rb -n "/^(test_should_create_micropost|test_should_destroy_micropost|test_should_get_edit|test_should_get_index|test_should_get_new|test_should_show_micropost|test_should_update_micropost)$/"; /usr/local/rvm/rubies/ruby-1.9.3-p194/bin/ruby -I.:lib:test -rubygems test/functional/users_controller_test.rb -n "/^(test_should_create_user|test_should_destroy_user|test_should_get_edit|test_should_get_index|test_should_get_new|test_should_show_user|test_should_update_user)$/"; /usr/local/rvm/rubies/ruby-1.9.3-p194/bin/ruby -I.:lib:test -rubygems test/functional/pages_controller_test.rb -n "/^(test_should_get_contact|test_should_get_home)$/"
Run options: -n "/^(test_should_create_micropost|test_should_destroy_micropost|test_should_get_edit|test_should_get_index|test_should_get_new|test_should_show_micropost|test_should_update_micropost)$/"

# Running tests:

EEEEEEE

Finished tests in 0.106149s, 65.9449 tests/s, 0.0000 assertions/s.

  1) Error:
test_should_create_micropost(MicropostsControllerTest):
ActiveRecord::StatementInvalid: Could not find table 'users'
    /usr/local/rvm/gems/ruby-1.9.3-p194/gems/activerecord-3.2.8/lib/active_record/connection_adapters/sqlite_adapter.rb:472:in `table_structure'
    /usr/local/rvm/gems/ruby-1.9.3-p194/gems/activerecord-3.2.8/lib/active_record/connection_adapters/sqlite_adapter.rb:346:in `columns'
    /usr/local/rvm/gems/ruby-1.9.3-p194/gems/activerecord-3.2.8/lib/active_record/fixtures.rb:660:in `column_names'
    /usr/local/rvm/gems/ruby-1.9.3-p194/gems/activerecord-3.2.8/lib/active_record/fixtures.rb:652:in `timestamp_column_names'
    /usr/local/rvm/gems/ruby-1.9.3-p194/gems/activerecord-3.2.8/lib/active_record/fixtures.rb:585:in `block in table_rows'
    /usr/local/rvm/gems/ruby-1.9.3-p194/gems/activerecord-3.2.8/lib/active_record/fixtures.rb:579:in `each'
    /usr/local/rvm/gems/ruby-1.9.3-p194/gems/activerecord-3.2.8/lib/active_record/fixtures.rb:579:in `map'
    /usr/local/rvm/gems/ruby-1.9.3-p194/gems/activerecord-3.2.8/lib/active_record/fixtures.rb:579:in `table_rows'
    /usr/local/rvm/gems/ruby-1.9.3-p194/gems/activerecord-3.2.8/lib/active_record/fixtures.rb:494:in `block (3 levels) in create_fixtures'
    /usr/local/rvm/gems/ruby-1.9.3-p194/gems/activerecord-3.2.8/lib/active_record/fixtures.rb:492:in `each'
    /usr/local/rvm/gems/ruby-1.9.3-p194/gems/activerecord-3.2.8/lib/active_record/fixtures.rb:492:in `block (2 levels) in create_fixtures'
    /usr/local/rvm/gems/ruby-1.9.3-p194/gems/activerecord-3.2.8/lib/active_record/connection_adapters/abstract/database_statements.rb:192:in `transaction'
    /usr/local/rvm/gems/ruby-1.9.3-p194/gems/activerecord-3.2.8/lib/active_record/fixtures.rb:491:in `block in create_fixtures'
    /usr/local/rvm/gems/ruby-1.9.3-p194/gems/activerecord-3.2.8/lib/active_record/connection_adapters/abstract_adapter.rb:168:in `disable_referential_integrity'
    /usr/local/rvm/gems/ruby-1.9.3-p194/gems/activerecord-3.2.8/lib/active_record/fixtures.rb:476:in `create_fixtures'
    /usr/local/rvm/gems/ruby-1.9.3-p194/gems/activerecord-3.2.8/lib/active_record/fixtures.rb:895:in `load_fixtures'
    /usr/local/rvm/gems/ruby-1.9.3-p194/gems/activerecord-3.2.8/lib/active_record/fixtures.rb:849:in `setup_fixtures'
    /usr/local/rvm/gems/ruby-1.9.3-p194/gems/activesupport-3.2.8/lib/active_support/callbacks.rb:429:in `_run__183398629__setup__1035981468__callbacks'
    /usr/local/rvm/gems/ruby-1.9.3-p194/gems/activesupport-3.2.8/lib/active_support/callbacks.rb:405:in `__run_callback'
    /usr/local/rvm/gems/ruby-1.9.3-p194/gems/activesupport-3.2.8/lib/active_support/callbacks.rb:385:in `_run_setup_callbacks'
    /usr/local/rvm/gems/ruby-1.9.3-p194/gems/activesupport-3.2.8/lib/active_support/callbacks.rb:81:in `run_callbacks'
    /usr/local/rvm/gems/ruby-1.9.3-p194/gems/activesupport-3.2.8/lib/active_support/testing/setup_and_teardown.rb:35:in `run'

  2) Error:
test_should_destroy_micropost(MicropostsControllerTest):
ActiveRecord::StatementInvalid: Could not find table 'users'
    /usr/local/rvm/gems/ruby-1.9.3-p194/gems/activerecord-3.2.8/lib/active_record/connection_adapters/sqlite_adapter.rb:472:in `table_structure'
    /usr/local/rvm/gems/ruby-1.9.3-p194/gems/activerecord-3.2.8/lib/active_record/connection_adapters/sqlite_adapter.rb:346:in `columns'
    /usr/local/rvm/gems/ruby-1.9.3-p194/gems/activerecord-3.2.8/lib/active_record/fixtures.rb:660:in `column_names'
    /usr/local/rvm/gems/ruby-1.9.3-p194/gems/activerecord-3.2.8/lib/active_record/fixtures.rb:652:in `timestamp_column_names'
    /usr/local/rvm/gems/ruby-1.9.3-p194/gems/activerecord-3.2.8/lib/active_record/fixtures.rb:585:in `block in table_rows'
    /usr/local/rvm/gems/ruby-1.9.3-p194/gems/activerecord-3.2.8/lib/active_record/fixtures.rb:579:in `each'
    /usr/local/rvm/gems/ruby-1.9.3-p194/gems/activerecord-3.2.8/lib/active_record/fixtures.rb:579:in `map'
    /usr/local/rvm/gems/ruby-1.9.3-p194/gems/activerecord-3.2.8/lib/active_record/fixtures.rb:579:in `table_rows'
    /usr/local/rvm/gems/ruby-1.9.3-p194/gems/activerecord-3.2.8/lib/active_record/fixtures.rb:494:in `block (3 levels) in create_fixtures'
    /usr/local/rvm/gems/ruby-1.9.3-p194/gems/activerecord-3.2.8/lib/active_record/fixtures.rb:492:in `each'
    /usr/local/rvm/gems/ruby-1.9.3-p194/gems/activerecord-3.2.8/lib/active_record/fixtures.rb:492:in `block (2 levels) in create_fixtures'
    /usr/local/rvm/gems/ruby-1.9.3-p194/gems/activerecord-3.2.8/lib/active_record/connection_adapters/abstract/database_statements.rb:192:in `transaction'
    /usr/local/rvm/gems/ruby-1.9.3-p194/gems/activerecord-3.2.8/lib/active_record/fixtures.rb:491:in `block in create_fixtures'
    /usr/local/rvm/gems/ruby-1.9.3-p194/gems/activerecord-3.2.8/lib/active_record/connection_adapters/abstract_adapter.rb:168:in `disable_referential_integrity'
    /usr/local/rvm/gems/ruby-1.9.3-p194/gems/activerecord-3.2.8/lib/active_record/fixtures.rb:476:in `create_fixtures'
    /usr/local/rvm/gems/ruby-1.9.3-p194/gems/activerecord-3.2.8/lib/active_record/fixtures.rb:895:in `load_fixtures'
    /usr/local/rvm/gems/ruby-1.9.3-p194/gems/activerecord-3.2.8/lib/active_record/fixtures.rb:849:in `setup_fixtures'
    /usr/local/rvm/gems/ruby-1.9.3-p194/gems/activesupport-3.2.8/lib/active_support/callbacks.rb:429:in `_run__183398629__setup__1035981468__callbacks'
    /usr/local/rvm/gems/ruby-1.9.3-p194/gems/activesupport-3.2.8/lib/active_support/callbacks.rb:405:in `__run_callback'
    /usr/local/rvm/gems/ruby-1.9.3-p194/gems/activesupport-3.2.8/lib/active_support/callbacks.rb:385:in `_run_setup_callbacks'
    /usr/local/rvm/gems/ruby-1.9.3-p194/gems/activesupport-3.2.8/lib/active_support/callbacks.rb:81:in `run_callbacks'
    /usr/local/rvm/gems/ruby-1.9.3-p194/gems/activesupport-3.2.8/lib/active_support/testing/setup_and_teardown.rb:35:in `run'

  3) Error:
test_should_get_edit(MicropostsControllerTest):
ActiveRecord::StatementInvalid: Could not find table 'users'
    /usr/local/rvm/gems/ruby-1.9.3-p194/gems/activerecord-3.2.8/lib/active_record/connection_adapters/sqlite_adapter.rb:472:in `table_structure'
    /usr/local/rvm/gems/ruby-1.9.3-p194/gems/activerecord-3.2.8/lib/active_record/connection_adapters/sqlite_adapter.rb:346:in `columns'
    /usr/local/rvm/gems/ruby-1.9.3-p194/gems/activerecord-3.2.8/lib/active_record/fixtures.rb:660:in `column_names'
    /usr/local/rvm/gems/ruby-1.9.3-p194/gems/activerecord-3.2.8/lib/active_record/fixtures.rb:652:in `timestamp_column_names'
    /usr/local/rvm/gems/ruby-1.9.3-p194/gems/activerecord-3.2.8/lib/active_record/fixtures.rb:585:in `block in table_rows'
    /usr/local/rvm/gems/ruby-1.9.3-p194/gems/activerecord-3.2.8/lib/active_record/fixtures.rb:579:in `each'
    /usr/local/rvm/gems/ruby-1.9.3-p194/gems/activerecord-3.2.8/lib/active_record/fixtures.rb:579:in `map'
    /usr/local/rvm/gems/ruby-1.9.3-p194/gems/activerecord-3.2.8/lib/active_record/fixtures.rb:579:in `table_rows'
    /usr/local/rvm/gems/ruby-1.9.3-p194/gems/activerecord-3.2.8/lib/active_record/fixtures.rb:494:in `block (3 levels) in create_fixtures'
    /usr/local/rvm/gems/ruby-1.9.3-p194/gems/activerecord-3.2.8/lib/active_record/fixtures.rb:492:in `each'
    /usr/local/rvm/gems/ruby-1.9.3-p194/gems/activerecord-3.2.8/lib/active_record/fixtures.rb:492:in `block (2 levels) in create_fixtures'
    /usr/local/rvm/gems/ruby-1.9.3-p194/gems/activerecord-3.2.8/lib/active_record/connection_adapters/abstract/database_statements.rb:192:in `transaction'
    /usr/local/rvm/gems/ruby-1.9.3-p194/gems/activerecord-3.2.8/lib/active_record/fixtures.rb:491:in `block in create_fixtures'
    /usr/local/rvm/gems/ruby-1.9.3-p194/gems/activerecord-3.2.8/lib/active_record/connection_adapters/abstract_adapter.rb:168:in `disable_referential_integrity'
    /usr/local/rvm/gems/ruby-1.9.3-p194/gems/activerecord-3.2.8/lib/active_record/fixtures.rb:476:in `create_fixtures'
    /usr/local/rvm/gems/ruby-1.9.3-p194/gems/activerecord-3.2.8/lib/active_record/fixtures.rb:895:in `load_fixtures'
    /usr/local/rvm/gems/ruby-1.9.3-p194/gems/activerecord-3.2.8/lib/active_record/fixtures.rb:849:in `setup_fixtures'
    /usr/local/rvm/gems/ruby-1.9.3-p194/gems/activesupport-3.2.8/lib/active_support/callbacks.rb:429:in `_run__183398629__setup__1035981468__callbacks'
    /usr/local/rvm/gems/ruby-1.9.3-p194/gems/activesupport-3.2.8/lib/active_support/callbacks.rb:405:in `__run_callback'
    /usr/local/rvm/gems/ruby-1.9.3-p194/gems/activesupport-3.2.8/lib/active_support/callbacks.rb:385:in `_run_setup_callbacks'
    /usr/local/rvm/gems/ruby-1.9.3-p194/gems/activesupport-3.2.8/lib/active_support/callbacks.rb:81:in `run_callbacks'
    /usr/local/rvm/gems/ruby-1.9.3-p194/gems/activesupport-3.2.8/lib/active_support/testing/setup_and_teardown.rb:35:in `run'

  4) Error:
test_should_get_index(MicropostsControllerTest):
ActiveRecord::StatementInvalid: Could not find table 'users'
    /usr/local/rvm/gems/ruby-1.9.3-p194/gems/activerecord-3.2.8/lib/active_record/connection_adapters/sqlite_adapter.rb:472:in `table_structure'
    /usr/local/rvm/gems/ruby-1.9.3-p194/gems/activerecord-3.2.8/lib/active_record/connection_adapters/sqlite_adapter.rb:346:in `columns'
    /usr/local/rvm/gems/ruby-1.9.3-p194/gems/activerecord-3.2.8/lib/active_record/fixtures.rb:660:in `column_names'
    /usr/local/rvm/gems/ruby-1.9.3-p194/gems/activerecord-3.2.8/lib/active_record/fixtures.rb:652:in `timestamp_column_names'
    /usr/local/rvm/gems/ruby-1.9.3-p194/gems/activerecord-3.2.8/lib/active_record/fixtures.rb:585:in `block in table_rows'
    /usr/local/rvm/gems/ruby-1.9.3-p194/gems/activerecord-3.2.8/lib/active_record/fixtures.rb:579:in `each'
    /usr/local/rvm/gems/ruby-1.9.3-p194/gems/activerecord-3.2.8/lib/active_record/fixtures.rb:579:in `map'
    /usr/local/rvm/gems/ruby-1.9.3-p194/gems/activerecord-3.2.8/lib/active_record/fixtures.rb:579:in `table_rows'
    /usr/local/rvm/gems/ruby-1.9.3-p194/gems/activerecord-3.2.8/lib/active_record/fixtures.rb:494:in `block (3 levels) in create_fixtures'
    /usr/local/rvm/gems/ruby-1.9.3-p194/gems/activerecord-3.2.8/lib/active_record/fixtures.rb:492:in `each'
    /usr/local/rvm/gems/ruby-1.9.3-p194/gems/activerecord-3.2.8/lib/active_record/fixtures.rb:492:in `block (2 levels) in create_fixtures'
    /usr/local/rvm/gems/ruby-1.9.3-p194/gems/activerecord-3.2.8/lib/active_record/connection_adapters/abstract/database_statements.rb:192:in `transaction'
    /usr/local/rvm/gems/ruby-1.9.3-p194/gems/activerecord-3.2.8/lib/active_record/fixtures.rb:491:in `block in create_fixtures'
    /usr/local/rvm/gems/ruby-1.9.3-p194/gems/activerecord-3.2.8/lib/active_record/connection_adapters/abstract_adapter.rb:168:in `disable_referential_integrity'
    /usr/local/rvm/gems/ruby-1.9.3-p194/gems/activerecord-3.2.8/lib/active_record/fixtures.rb:476:in `create_fixtures'
    /usr/local/rvm/gems/ruby-1.9.3-p194/gems/activerecord-3.2.8/lib/active_record/fixtures.rb:895:in `load_fixtures'
    /usr/local/rvm/gems/ruby-1.9.3-p194/gems/activerecord-3.2.8/lib/active_record/fixtures.rb:849:in `setup_fixtures'
    /usr/local/rvm/gems/ruby-1.9.3-p194/gems/activesupport-3.2.8/lib/active_support/callbacks.rb:429:in `_run__183398629__setup__1035981468__callbacks'
    /usr/local/rvm/gems/ruby-1.9.3-p194/gems/activesupport-3.2.8/lib/active_support/callbacks.rb:405:in `__run_callback'
    /usr/local/rvm/gems/ruby-1.9.3-p194/gems/activesupport-3.2.8/lib/active_support/callbacks.rb:385:in `_run_setup_callbacks'
    /usr/local/rvm/gems/ruby-1.9.3-p194/gems/activesupport-3.2.8/lib/active_support/callbacks.rb:81:in `run_callbacks'
    /usr/local/rvm/gems/ruby-1.9.3-p194/gems/activesupport-3.2.8/lib/active_support/testing/setup_and_teardown.rb:35:in `run'

  5) Error:
test_should_get_new(MicropostsControllerTest):
ActiveRecord::StatementInvalid: Could not find table 'users'
    /usr/local/rvm/gems/ruby-1.9.3-p194/gems/activerecord-3.2.8/lib/active_record/connection_adapters/sqlite_adapter.rb:472:in `table_structure'
    /usr/local/rvm/gems/ruby-1.9.3-p194/gems/activerecord-3.2.8/lib/active_record/connection_adapters/sqlite_adapter.rb:346:in `columns'
    /usr/local/rvm/gems/ruby-1.9.3-p194/gems/activerecord-3.2.8/lib/active_record/fixtures.rb:660:in `column_names'
    /usr/local/rvm/gems/ruby-1.9.3-p194/gems/activerecord-3.2.8/lib/active_record/fixtures.rb:652:in `timestamp_column_names'
    /usr/local/rvm/gems/ruby-1.9.3-p194/gems/activerecord-3.2.8/lib/active_record/fixtures.rb:585:in `block in table_rows'
    /usr/local/rvm/gems/ruby-1.9.3-p194/gems/activerecord-3.2.8/lib/active_record/fixtures.rb:579:in `each'
    /usr/local/rvm/gems/ruby-1.9.3-p194/gems/activerecord-3.2.8/lib/active_record/fixtures.rb:579:in `map'
    /usr/local/rvm/gems/ruby-1.9.3-p194/gems/activerecord-3.2.8/lib/active_record/fixtures.rb:579:in `table_rows'
    /usr/local/rvm/gems/ruby-1.9.3-p194/gems/activerecord-3.2.8/lib/active_record/fixtures.rb:494:in `block (3 levels) in create_fixtures'
    /usr/local/rvm/gems/ruby-1.9.3-p194/gems/activerecord-3.2.8/lib/active_record/fixtures.rb:492:in `each'
    /usr/local/rvm/gems/ruby-1.9.3-p194/gems/activerecord-3.2.8/lib/active_record/fixtures.rb:492:in `block (2 levels) in create_fixtures'
    /usr/local/rvm/gems/ruby-1.9.3-p194/gems/activerecord-3.2.8/lib/active_record/connection_adapters/abstract/database_statements.rb:192:in `transaction'
    /usr/local/rvm/gems/ruby-1.9.3-p194/gems/activerecord-3.2.8/lib/active_record/fixtures.rb:491:in `block in create_fixtures'
    /usr/local/rvm/gems/ruby-1.9.3-p194/gems/activerecord-3.2.8/lib/active_record/connection_adapters/abstract_adapter.rb:168:in `disable_referential_integrity'
    /usr/local/rvm/gems/ruby-1.9.3-p194/gems/activerecord-3.2.8/lib/active_record/fixtures.rb:476:in `create_fixtures'
    /usr/local/rvm/gems/ruby-1.9.3-p194/gems/activerecord-3.2.8/lib/active_record/fixtures.rb:895:in `load_fixtures'
    /usr/local/rvm/gems/ruby-1.9.3-p194/gems/activerecord-3.2.8/lib/active_record/fixtures.rb:849:in `setup_fixtures'
    /usr/local/rvm/gems/ruby-1.9.3-p194/gems/activesupport-3.2.8/lib/active_support/callbacks.rb:429:in `_run__183398629__setup__1035981468__callbacks'
    /usr/local/rvm/gems/ruby-1.9.3-p194/gems/activesupport-3.2.8/lib/active_support/callbacks.rb:405:in `__run_callback'
    /usr/local/rvm/gems/ruby-1.9.3-p194/gems/activesupport-3.2.8/lib/active_support/callbacks.rb:385:in `_run_setup_callbacks'
    /usr/local/rvm/gems/ruby-1.9.3-p194/gems/activesupport-3.2.8/lib/active_support/callbacks.rb:81:in `run_callbacks'
    /usr/local/rvm/gems/ruby-1.9.3-p194/gems/activesupport-3.2.8/lib/active_support/testing/setup_and_teardown.rb:35:in `run'

  6) Error:
test_should_show_micropost(MicropostsControllerTest):
ActiveRecord::StatementInvalid: Could not find table 'users'
    /usr/local/rvm/gems/ruby-1.9.3-p194/gems/activerecord-3.2.8/lib/active_record/connection_adapters/sqlite_adapter.rb:472:in `table_structure'
    /usr/local/rvm/gems/ruby-1.9.3-p194/gems/activerecord-3.2.8/lib/active_record/connection_adapters/sqlite_adapter.rb:346:in `columns'
    /usr/local/rvm/gems/ruby-1.9.3-p194/gems/activerecord-3.2.8/lib/active_record/fixtures.rb:660:in `column_names'
    /usr/local/rvm/gems/ruby-1.9.3-p194/gems/activerecord-3.2.8/lib/active_record/fixtures.rb:652:in `timestamp_column_names'
    /usr/local/rvm/gems/ruby-1.9.3-p194/gems/activerecord-3.2.8/lib/active_record/fixtures.rb:585:in `block in table_rows'
    /usr/local/rvm/gems/ruby-1.9.3-p194/gems/activerecord-3.2.8/lib/active_record/fixtures.rb:579:in `each'
    /usr/local/rvm/gems/ruby-1.9.3-p194/gems/activerecord-3.2.8/lib/active_record/fixtures.rb:579:in `map'
    /usr/local/rvm/gems/ruby-1.9.3-p194/gems/activerecord-3.2.8/lib/active_record/fixtures.rb:579:in `table_rows'
    /usr/local/rvm/gems/ruby-1.9.3-p194/gems/activerecord-3.2.8/lib/active_record/fixtures.rb:494:in `block (3 levels) in create_fixtures'
    /usr/local/rvm/gems/ruby-1.9.3-p194/gems/activerecord-3.2.8/lib/active_record/fixtures.rb:492:in `each'
    /usr/local/rvm/gems/ruby-1.9.3-p194/gems/activerecord-3.2.8/lib/active_record/fixtures.rb:492:in `block (2 levels) in create_fixtures'
    /usr/local/rvm/gems/ruby-1.9.3-p194/gems/activerecord-3.2.8/lib/active_record/connection_adapters/abstract/database_statements.rb:192:in `transaction'
    /usr/local/rvm/gems/ruby-1.9.3-p194/gems/activerecord-3.2.8/lib/active_record/fixtures.rb:491:in `block in create_fixtures'
    /usr/local/rvm/gems/ruby-1.9.3-p194/gems/activerecord-3.2.8/lib/active_record/connection_adapters/abstract_adapter.rb:168:in `disable_referential_integrity'
    /usr/local/rvm/gems/ruby-1.9.3-p194/gems/activerecord-3.2.8/lib/active_record/fixtures.rb:476:in `create_fixtures'
    /usr/local/rvm/gems/ruby-1.9.3-p194/gems/activerecord-3.2.8/lib/active_record/fixtures.rb:895:in `load_fixtures'
    /usr/local/rvm/gems/ruby-1.9.3-p194/gems/activerecord-3.2.8/lib/active_record/fixtures.rb:849:in `setup_fixtures'
    /usr/local/rvm/gems/ruby-1.9.3-p194/gems/activesupport-3.2.8/lib/active_support/callbacks.rb:429:in `_run__183398629__setup__1035981468__callbacks'
    /usr/local/rvm/gems/ruby-1.9.3-p194/gems/activesupport-3.2.8/lib/active_support/callbacks.rb:405:in `__run_callback'
    /usr/local/rvm/gems/ruby-1.9.3-p194/gems/activesupport-3.2.8/lib/active_support/callbacks.rb:385:in `_run_setup_callbacks'
    /usr/local/rvm/gems/ruby-1.9.3-p194/gems/activesupport-3.2.8/lib/active_support/callbacks.rb:81:in `run_callbacks'
    /usr/local/rvm/gems/ruby-1.9.3-p194/gems/activesupport-3.2.8/lib/active_support/testing/setup_and_teardown.rb:35:in `run'

  7) Error:
test_should_update_micropost(MicropostsControllerTest):
ActiveRecord::StatementInvalid: Could not find table 'users'
    /usr/local/rvm/gems/ruby-1.9.3-p194/gems/activerecord-3.2.8/lib/active_record/connection_adapters/sqlite_adapter.rb:472:in `table_structure'
    /usr/local/rvm/gems/ruby-1.9.3-p194/gems/activerecord-3.2.8/lib/active_record/connection_adapters/sqlite_adapter.rb:346:in `columns'
    /usr/local/rvm/gems/ruby-1.9.3-p194/gems/activerecord-3.2.8/lib/active_record/fixtures.rb:660:in `column_names'
    /usr/local/rvm/gems/ruby-1.9.3-p194/gems/activerecord-3.2.8/lib/active_record/fixtures.rb:652:in `timestamp_column_names'
    /usr/local/rvm/gems/ruby-1.9.3-p194/gems/activerecord-3.2.8/lib/active_record/fixtures.rb:585:in `block in table_rows'
    /usr/local/rvm/gems/ruby-1.9.3-p194/gems/activerecord-3.2.8/lib/active_record/fixtures.rb:579:in `each'
    /usr/local/rvm/gems/ruby-1.9.3-p194/gems/activerecord-3.2.8/lib/active_record/fixtures.rb:579:in `map'
    /usr/local/rvm/gems/ruby-1.9.3-p194/gems/activerecord-3.2.8/lib/active_record/fixtures.rb:579:in `table_rows'
    /usr/local/rvm/gems/ruby-1.9.3-p194/gems/activerecord-3.2.8/lib/active_record/fixtures.rb:494:in `block (3 levels) in create_fixtures'
    /usr/local/rvm/gems/ruby-1.9.3-p194/gems/activerecord-3.2.8/lib/active_record/fixtures.rb:492:in `each'
    /usr/local/rvm/gems/ruby-1.9.3-p194/gems/activerecord-3.2.8/lib/active_record/fixtures.rb:492:in `block (2 levels) in create_fixtures'
    /usr/local/rvm/gems/ruby-1.9.3-p194/gems/activerecord-3.2.8/lib/active_record/connection_adapters/abstract/database_statements.rb:192:in `transaction'
    /usr/local/rvm/gems/ruby-1.9.3-p194/gems/activerecord-3.2.8/lib/active_record/fixtures.rb:491:in `block in create_fixtures'
    /usr/local/rvm/gems/ruby-1.9.3-p194/gems/activerecord-3.2.8/lib/active_record/connection_adapters/abstract_adapter.rb:168:in `disable_referential_integrity'
    /usr/local/rvm/gems/ruby-1.9.3-p194/gems/activerecord-3.2.8/lib/active_record/fixtures.rb:476:in `create_fixtures'
    /usr/local/rvm/gems/ruby-1.9.3-p194/gems/activerecord-3.2.8/lib/active_record/fixtures.rb:895:in `load_fixtures'
    /usr/local/rvm/gems/ruby-1.9.3-p194/gems/activerecord-3.2.8/lib/active_record/fixtures.rb:849:in `setup_fixtures'
    /usr/local/rvm/gems/ruby-1.9.3-p194/gems/activesupport-3.2.8/lib/active_support/callbacks.rb:429:in `_run__183398629__setup__1035981468__callbacks'
    /usr/local/rvm/gems/ruby-1.9.3-p194/gems/activesupport-3.2.8/lib/active_support/callbacks.rb:405:in `__run_callback'
    /usr/local/rvm/gems/ruby-1.9.3-p194/gems/activesupport-3.2.8/lib/active_support/callbacks.rb:385:in `_run_setup_callbacks'
    /usr/local/rvm/gems/ruby-1.9.3-p194/gems/activesupport-3.2.8/lib/active_support/callbacks.rb:81:in `run_callbacks'
    /usr/local/rvm/gems/ruby-1.9.3-p194/gems/activesupport-3.2.8/lib/active_support/testing/setup_and_teardown.rb:35:in `run'

7 tests, 0 assertions, 0 failures, 7 errors, 0 skips
Run options: -n "/^(test_should_create_user|test_should_destroy_user|test_should_get_edit|test_should_get_index|test_should_get_new|test_should_show_user|test_should_update_user)$/"

# Running tests:

EEEEEEE

Finished tests in 0.098375s, 71.1560 tests/s, 0.0000 assertions/s.

  1) Error:
test_should_create_user(UsersControllerTest):
ActiveRecord::StatementInvalid: Could not find table 'users'
    /usr/local/rvm/gems/ruby-1.9.3-p194/gems/activerecord-3.2.8/lib/active_record/connection_adapters/sqlite_adapter.rb:472:in `table_structure'
    /usr/local/rvm/gems/ruby-1.9.3-p194/gems/activerecord-3.2.8/lib/active_record/connection_adapters/sqlite_adapter.rb:346:in `columns'
    /usr/local/rvm/gems/ruby-1.9.3-p194/gems/activerecord-3.2.8/lib/active_record/fixtures.rb:660:in `column_names'
    /usr/local/rvm/gems/ruby-1.9.3-p194/gems/activerecord-3.2.8/lib/active_record/fixtures.rb:652:in `timestamp_column_names'
    /usr/local/rvm/gems/ruby-1.9.3-p194/gems/activerecord-3.2.8/lib/active_record/fixtures.rb:585:in `block in table_rows'
    /usr/local/rvm/gems/ruby-1.9.3-p194/gems/activerecord-3.2.8/lib/active_record/fixtures.rb:579:in `each'
    /usr/local/rvm/gems/ruby-1.9.3-p194/gems/activerecord-3.2.8/lib/active_record/fixtures.rb:579:in `map'
    /usr/local/rvm/gems/ruby-1.9.3-p194/gems/activerecord-3.2.8/lib/active_record/fixtures.rb:579:in `table_rows'
    /usr/local/rvm/gems/ruby-1.9.3-p194/gems/activerecord-3.2.8/lib/active_record/fixtures.rb:494:in `block (3 levels) in create_fixtures'
    /usr/local/rvm/gems/ruby-1.9.3-p194/gems/activerecord-3.2.8/lib/active_record/fixtures.rb:492:in `each'
    /usr/local/rvm/gems/ruby-1.9.3-p194/gems/activerecord-3.2.8/lib/active_record/fixtures.rb:492:in `block (2 levels) in create_fixtures'
    /usr/local/rvm/gems/ruby-1.9.3-p194/gems/activerecord-3.2.8/lib/active_record/connection_adapters/abstract/database_statements.rb:192:in `transaction'
    /usr/local/rvm/gems/ruby-1.9.3-p194/gems/activerecord-3.2.8/lib/active_record/fixtures.rb:491:in `block in create_fixtures'
    /usr/local/rvm/gems/ruby-1.9.3-p194/gems/activerecord-3.2.8/lib/active_record/connection_adapters/abstract_adapter.rb:168:in `disable_referential_integrity'
    /usr/local/rvm/gems/ruby-1.9.3-p194/gems/activerecord-3.2.8/lib/active_record/fixtures.rb:476:in `create_fixtures'
    /usr/local/rvm/gems/ruby-1.9.3-p194/gems/activerecord-3.2.8/lib/active_record/fixtures.rb:895:in `load_fixtures'
    /usr/local/rvm/gems/ruby-1.9.3-p194/gems/activerecord-3.2.8/lib/active_record/fixtures.rb:849:in `setup_fixtures'
    /usr/local/rvm/gems/ruby-1.9.3-p194/gems/activesupport-3.2.8/lib/active_support/callbacks.rb:429:in `_run__40450178__setup__977994653__callbacks'
    /usr/local/rvm/gems/ruby-1.9.3-p194/gems/activesupport-3.2.8/lib/active_support/callbacks.rb:405:in `__run_callback'
    /usr/local/rvm/gems/ruby-1.9.3-p194/gems/activesupport-3.2.8/lib/active_support/callbacks.rb:385:in `_run_setup_callbacks'
    /usr/local/rvm/gems/ruby-1.9.3-p194/gems/activesupport-3.2.8/lib/active_support/callbacks.rb:81:in `run_callbacks'
    /usr/local/rvm/gems/ruby-1.9.3-p194/gems/activesupport-3.2.8/lib/active_support/testing/setup_and_teardown.rb:35:in `run'

  2) Error:
test_should_destroy_user(UsersControllerTest):
ActiveRecord::StatementInvalid: Could not find table 'users'
    /usr/local/rvm/gems/ruby-1.9.3-p194/gems/activerecord-3.2.8/lib/active_record/connection_adapters/sqlite_adapter.rb:472:in `table_structure'
    /usr/local/rvm/gems/ruby-1.9.3-p194/gems/activerecord-3.2.8/lib/active_record/connection_adapters/sqlite_adapter.rb:346:in `columns'
    /usr/local/rvm/gems/ruby-1.9.3-p194/gems/activerecord-3.2.8/lib/active_record/fixtures.rb:660:in `column_names'
    /usr/local/rvm/gems/ruby-1.9.3-p194/gems/activerecord-3.2.8/lib/active_record/fixtures.rb:652:in `timestamp_column_names'
    /usr/local/rvm/gems/ruby-1.9.3-p194/gems/activerecord-3.2.8/lib/active_record/fixtures.rb:585:in `block in table_rows'
    /usr/local/rvm/gems/ruby-1.9.3-p194/gems/activerecord-3.2.8/lib/active_record/fixtures.rb:579:in `each'
    /usr/local/rvm/gems/ruby-1.9.3-p194/gems/activerecord-3.2.8/lib/active_record/fixtures.rb:579:in `map'
    /usr/local/rvm/gems/ruby-1.9.3-p194/gems/activerecord-3.2.8/lib/active_record/fixtures.rb:579:in `table_rows'
    /usr/local/rvm/gems/ruby-1.9.3-p194/gems/activerecord-3.2.8/lib/active_record/fixtures.rb:494:in `block (3 levels) in create_fixtures'
    /usr/local/rvm/gems/ruby-1.9.3-p194/gems/activerecord-3.2.8/lib/active_record/fixtures.rb:492:in `each'
    /usr/local/rvm/gems/ruby-1.9.3-p194/gems/activerecord-3.2.8/lib/active_record/fixtures.rb:492:in `block (2 levels) in create_fixtures'
    /usr/local/rvm/gems/ruby-1.9.3-p194/gems/activerecord-3.2.8/lib/active_record/connection_adapters/abstract/database_statements.rb:192:in `transaction'
    /usr/local/rvm/gems/ruby-1.9.3-p194/gems/activerecord-3.2.8/lib/active_record/fixtures.rb:491:in `block in create_fixtures'
    /usr/local/rvm/gems/ruby-1.9.3-p194/gems/activerecord-3.2.8/lib/active_record/connection_adapters/abstract_adapter.rb:168:in `disable_referential_integrity'
    /usr/local/rvm/gems/ruby-1.9.3-p194/gems/activerecord-3.2.8/lib/active_record/fixtures.rb:476:in `create_fixtures'
    /usr/local/rvm/gems/ruby-1.9.3-p194/gems/activerecord-3.2.8/lib/active_record/fixtures.rb:895:in `load_fixtures'
    /usr/local/rvm/gems/ruby-1.9.3-p194/gems/activerecord-3.2.8/lib/active_record/fixtures.rb:849:in `setup_fixtures'
    /usr/local/rvm/gems/ruby-1.9.3-p194/gems/activesupport-3.2.8/lib/active_support/callbacks.rb:429:in `_run__40450178__setup__977994653__callbacks'
    /usr/local/rvm/gems/ruby-1.9.3-p194/gems/activesupport-3.2.8/lib/active_support/callbacks.rb:405:in `__run_callback'
    /usr/local/rvm/gems/ruby-1.9.3-p194/gems/activesupport-3.2.8/lib/active_support/callbacks.rb:385:in `_run_setup_callbacks'
    /usr/local/rvm/gems/ruby-1.9.3-p194/gems/activesupport-3.2.8/lib/active_support/callbacks.rb:81:in `run_callbacks'
    /usr/local/rvm/gems/ruby-1.9.3-p194/gems/activesupport-3.2.8/lib/active_support/testing/setup_and_teardown.rb:35:in `run'

  3) Error:
test_should_get_edit(UsersControllerTest):
ActiveRecord::StatementInvalid: Could not find table 'users'
    /usr/local/rvm/gems/ruby-1.9.3-p194/gems/activerecord-3.2.8/lib/active_record/connection_adapters/sqlite_adapter.rb:472:in `table_structure'
    /usr/local/rvm/gems/ruby-1.9.3-p194/gems/activerecord-3.2.8/lib/active_record/connection_adapters/sqlite_adapter.rb:346:in `columns'
    /usr/local/rvm/gems/ruby-1.9.3-p194/gems/activerecord-3.2.8/lib/active_record/fixtures.rb:660:in `column_names'
    /usr/local/rvm/gems/ruby-1.9.3-p194/gems/activerecord-3.2.8/lib/active_record/fixtures.rb:652:in `timestamp_column_names'
    /usr/local/rvm/gems/ruby-1.9.3-p194/gems/activerecord-3.2.8/lib/active_record/fixtures.rb:585:in `block in table_rows'
    /usr/local/rvm/gems/ruby-1.9.3-p194/gems/activerecord-3.2.8/lib/active_record/fixtures.rb:579:in `each'
    /usr/local/rvm/gems/ruby-1.9.3-p194/gems/activerecord-3.2.8/lib/active_record/fixtures.rb:579:in `map'
    /usr/local/rvm/gems/ruby-1.9.3-p194/gems/activerecord-3.2.8/lib/active_record/fixtures.rb:579:in `table_rows'
    /usr/local/rvm/gems/ruby-1.9.3-p194/gems/activerecord-3.2.8/lib/active_record/fixtures.rb:494:in `block (3 levels) in create_fixtures'
    /usr/local/rvm/gems/ruby-1.9.3-p194/gems/activerecord-3.2.8/lib/active_record/fixtures.rb:492:in `each'
    /usr/local/rvm/gems/ruby-1.9.3-p194/gems/activerecord-3.2.8/lib/active_record/fixtures.rb:492:in `block (2 levels) in create_fixtures'
    /usr/local/rvm/gems/ruby-1.9.3-p194/gems/activerecord-3.2.8/lib/active_record/connection_adapters/abstract/database_statements.rb:192:in `transaction'
    /usr/local/rvm/gems/ruby-1.9.3-p194/gems/activerecord-3.2.8/lib/active_record/fixtures.rb:491:in `block in create_fixtures'
    /usr/local/rvm/gems/ruby-1.9.3-p194/gems/activerecord-3.2.8/lib/active_record/connection_adapters/abstract_adapter.rb:168:in `disable_referential_integrity'
    /usr/local/rvm/gems/ruby-1.9.3-p194/gems/activerecord-3.2.8/lib/active_record/fixtures.rb:476:in `create_fixtures'
    /usr/local/rvm/gems/ruby-1.9.3-p194/gems/activerecord-3.2.8/lib/active_record/fixtures.rb:895:in `load_fixtures'
    /usr/local/rvm/gems/ruby-1.9.3-p194/gems/activerecord-3.2.8/lib/active_record/fixtures.rb:849:in `setup_fixtures'
    /usr/local/rvm/gems/ruby-1.9.3-p194/gems/activesupport-3.2.8/lib/active_support/callbacks.rb:429:in `_run__40450178__setup__977994653__callbacks'
    /usr/local/rvm/gems/ruby-1.9.3-p194/gems/activesupport-3.2.8/lib/active_support/callbacks.rb:405:in `__run_callback'
    /usr/local/rvm/gems/ruby-1.9.3-p194/gems/activesupport-3.2.8/lib/active_support/callbacks.rb:385:in `_run_setup_callbacks'
    /usr/local/rvm/gems/ruby-1.9.3-p194/gems/activesupport-3.2.8/lib/active_support/callbacks.rb:81:in `run_callbacks'
    /usr/local/rvm/gems/ruby-1.9.3-p194/gems/activesupport-3.2.8/lib/active_support/testing/setup_and_teardown.rb:35:in `run'

  4) Error:
test_should_get_index(UsersControllerTest):
ActiveRecord::StatementInvalid: Could not find table 'users'
    /usr/local/rvm/gems/ruby-1.9.3-p194/gems/activerecord-3.2.8/lib/active_record/connection_adapters/sqlite_adapter.rb:472:in `table_structure'
    /usr/local/rvm/gems/ruby-1.9.3-p194/gems/activerecord-3.2.8/lib/active_record/connection_adapters/sqlite_adapter.rb:346:in `columns'
    /usr/local/rvm/gems/ruby-1.9.3-p194/gems/activerecord-3.2.8/lib/active_record/fixtures.rb:660:in `column_names'
    /usr/local/rvm/gems/ruby-1.9.3-p194/gems/activerecord-3.2.8/lib/active_record/fixtures.rb:652:in `timestamp_column_names'
    /usr/local/rvm/gems/ruby-1.9.3-p194/gems/activerecord-3.2.8/lib/active_record/fixtures.rb:585:in `block in table_rows'
    /usr/local/rvm/gems/ruby-1.9.3-p194/gems/activerecord-3.2.8/lib/active_record/fixtures.rb:579:in `each'
    /usr/local/rvm/gems/ruby-1.9.3-p194/gems/activerecord-3.2.8/lib/active_record/fixtures.rb:579:in `map'
    /usr/local/rvm/gems/ruby-1.9.3-p194/gems/activerecord-3.2.8/lib/active_record/fixtures.rb:579:in `table_rows'
    /usr/local/rvm/gems/ruby-1.9.3-p194/gems/activerecord-3.2.8/lib/active_record/fixtures.rb:494:in `block (3 levels) in create_fixtures'
    /usr/local/rvm/gems/ruby-1.9.3-p194/gems/activerecord-3.2.8/lib/active_record/fixtures.rb:492:in `each'
    /usr/local/rvm/gems/ruby-1.9.3-p194/gems/activerecord-3.2.8/lib/active_record/fixtures.rb:492:in `block (2 levels) in create_fixtures'
    /usr/local/rvm/gems/ruby-1.9.3-p194/gems/activerecord-3.2.8/lib/active_record/connection_adapters/abstract/database_statements.rb:192:in `transaction'
    /usr/local/rvm/gems/ruby-1.9.3-p194/gems/activerecord-3.2.8/lib/active_record/fixtures.rb:491:in `block in create_fixtures'
    /usr/local/rvm/gems/ruby-1.9.3-p194/gems/activerecord-3.2.8/lib/active_record/connection_adapters/abstract_adapter.rb:168:in `disable_referential_integrity'
    /usr/local/rvm/gems/ruby-1.9.3-p194/gems/activerecord-3.2.8/lib/active_record/fixtures.rb:476:in `create_fixtures'
    /usr/local/rvm/gems/ruby-1.9.3-p194/gems/activerecord-3.2.8/lib/active_record/fixtures.rb:895:in `load_fixtures'
    /usr/local/rvm/gems/ruby-1.9.3-p194/gems/activerecord-3.2.8/lib/active_record/fixtures.rb:849:in `setup_fixtures'
    /usr/local/rvm/gems/ruby-1.9.3-p194/gems/activesupport-3.2.8/lib/active_support/callbacks.rb:429:in `_run__40450178__setup__977994653__callbacks'
    /usr/local/rvm/gems/ruby-1.9.3-p194/gems/activesupport-3.2.8/lib/active_support/callbacks.rb:405:in `__run_callback'
    /usr/local/rvm/gems/ruby-1.9.3-p194/gems/activesupport-3.2.8/lib/active_support/callbacks.rb:385:in `_run_setup_callbacks'
    /usr/local/rvm/gems/ruby-1.9.3-p194/gems/activesupport-3.2.8/lib/active_support/callbacks.rb:81:in `run_callbacks'
    /usr/local/rvm/gems/ruby-1.9.3-p194/gems/activesupport-3.2.8/lib/active_support/testing/setup_and_teardown.rb:35:in `run'

  5) Error:
test_should_get_new(UsersControllerTest):
ActiveRecord::StatementInvalid: Could not find table 'users'
    /usr/local/rvm/gems/ruby-1.9.3-p194/gems/activerecord-3.2.8/lib/active_record/connection_adapters/sqlite_adapter.rb:472:in `table_structure'
    /usr/local/rvm/gems/ruby-1.9.3-p194/gems/activerecord-3.2.8/lib/active_record/connection_adapters/sqlite_adapter.rb:346:in `columns'
    /usr/local/rvm/gems/ruby-1.9.3-p194/gems/activerecord-3.2.8/lib/active_record/fixtures.rb:660:in `column_names'
    /usr/local/rvm/gems/ruby-1.9.3-p194/gems/activerecord-3.2.8/lib/active_record/fixtures.rb:652:in `timestamp_column_names'
    /usr/local/rvm/gems/ruby-1.9.3-p194/gems/activerecord-3.2.8/lib/active_record/fixtures.rb:585:in `block in table_rows'
    /usr/local/rvm/gems/ruby-1.9.3-p194/gems/activerecord-3.2.8/lib/active_record/fixtures.rb:579:in `each'
    /usr/local/rvm/gems/ruby-1.9.3-p194/gems/activerecord-3.2.8/lib/active_record/fixtures.rb:579:in `map'
    /usr/local/rvm/gems/ruby-1.9.3-p194/gems/activerecord-3.2.8/lib/active_record/fixtures.rb:579:in `table_rows'
    /usr/local/rvm/gems/ruby-1.9.3-p194/gems/activerecord-3.2.8/lib/active_record/fixtures.rb:494:in `block (3 levels) in create_fixtures'
    /usr/local/rvm/gems/ruby-1.9.3-p194/gems/activerecord-3.2.8/lib/active_record/fixtures.rb:492:in `each'
    /usr/local/rvm/gems/ruby-1.9.3-p194/gems/activerecord-3.2.8/lib/active_record/fixtures.rb:492:in `block (2 levels) in create_fixtures'
    /usr/local/rvm/gems/ruby-1.9.3-p194/gems/activerecord-3.2.8/lib/active_record/connection_adapters/abstract/database_statements.rb:192:in `transaction'
    /usr/local/rvm/gems/ruby-1.9.3-p194/gems/activerecord-3.2.8/lib/active_record/fixtures.rb:491:in `block in create_fixtures'
    /usr/local/rvm/gems/ruby-1.9.3-p194/gems/activerecord-3.2.8/lib/active_record/connection_adapters/abstract_adapter.rb:168:in `disable_referential_integrity'
    /usr/local/rvm/gems/ruby-1.9.3-p194/gems/activerecord-3.2.8/lib/active_record/fixtures.rb:476:in `create_fixtures'
    /usr/local/rvm/gems/ruby-1.9.3-p194/gems/activerecord-3.2.8/lib/active_record/fixtures.rb:895:in `load_fixtures'
    /usr/local/rvm/gems/ruby-1.9.3-p194/gems/activerecord-3.2.8/lib/active_record/fixtures.rb:849:in `setup_fixtures'
    /usr/local/rvm/gems/ruby-1.9.3-p194/gems/activesupport-3.2.8/lib/active_support/callbacks.rb:429:in `_run__40450178__setup__977994653__callbacks'
    /usr/local/rvm/gems/ruby-1.9.3-p194/gems/activesupport-3.2.8/lib/active_support/callbacks.rb:405:in `__run_callback'
    /usr/local/rvm/gems/ruby-1.9.3-p194/gems/activesupport-3.2.8/lib/active_support/callbacks.rb:385:in `_run_setup_callbacks'
    /usr/local/rvm/gems/ruby-1.9.3-p194/gems/activesupport-3.2.8/lib/active_support/callbacks.rb:81:in `run_callbacks'
    /usr/local/rvm/gems/ruby-1.9.3-p194/gems/activesupport-3.2.8/lib/active_support/testing/setup_and_teardown.rb:35:in `run'

  6) Error:
test_should_show_user(UsersControllerTest):
ActiveRecord::StatementInvalid: Could not find table 'users'
    /usr/local/rvm/gems/ruby-1.9.3-p194/gems/activerecord-3.2.8/lib/active_record/connection_adapters/sqlite_adapter.rb:472:in `table_structure'
    /usr/local/rvm/gems/ruby-1.9.3-p194/gems/activerecord-3.2.8/lib/active_record/connection_adapters/sqlite_adapter.rb:346:in `columns'
    /usr/local/rvm/gems/ruby-1.9.3-p194/gems/activerecord-3.2.8/lib/active_record/fixtures.rb:660:in `column_names'
    /usr/local/rvm/gems/ruby-1.9.3-p194/gems/activerecord-3.2.8/lib/active_record/fixtures.rb:652:in `timestamp_column_names'
    /usr/local/rvm/gems/ruby-1.9.3-p194/gems/activerecord-3.2.8/lib/active_record/fixtures.rb:585:in `block in table_rows'
    /usr/local/rvm/gems/ruby-1.9.3-p194/gems/activerecord-3.2.8/lib/active_record/fixtures.rb:579:in `each'
    /usr/local/rvm/gems/ruby-1.9.3-p194/gems/activerecord-3.2.8/lib/active_record/fixtures.rb:579:in `map'
    /usr/local/rvm/gems/ruby-1.9.3-p194/gems/activerecord-3.2.8/lib/active_record/fixtures.rb:579:in `table_rows'
    /usr/local/rvm/gems/ruby-1.9.3-p194/gems/activerecord-3.2.8/lib/active_record/fixtures.rb:494:in `block (3 levels) in create_fixtures'
    /usr/local/rvm/gems/ruby-1.9.3-p194/gems/activerecord-3.2.8/lib/active_record/fixtures.rb:492:in `each'
    /usr/local/rvm/gems/ruby-1.9.3-p194/gems/activerecord-3.2.8/lib/active_record/fixtures.rb:492:in `block (2 levels) in create_fixtures'
    /usr/local/rvm/gems/ruby-1.9.3-p194/gems/activerecord-3.2.8/lib/active_record/connection_adapters/abstract/database_statements.rb:192:in `transaction'
    /usr/local/rvm/gems/ruby-1.9.3-p194/gems/activerecord-3.2.8/lib/active_record/fixtures.rb:491:in `block in create_fixtures'
    /usr/local/rvm/gems/ruby-1.9.3-p194/gems/activerecord-3.2.8/lib/active_record/connection_adapters/abstract_adapter.rb:168:in `disable_referential_integrity'
    /usr/local/rvm/gems/ruby-1.9.3-p194/gems/activerecord-3.2.8/lib/active_record/fixtures.rb:476:in `create_fixtures'
    /usr/local/rvm/gems/ruby-1.9.3-p194/gems/activerecord-3.2.8/lib/active_record/fixtures.rb:895:in `load_fixtures'
    /usr/local/rvm/gems/ruby-1.9.3-p194/gems/activerecord-3.2.8/lib/active_record/fixtures.rb:849:in `setup_fixtures'
    /usr/local/rvm/gems/ruby-1.9.3-p194/gems/activesupport-3.2.8/lib/active_support/callbacks.rb:429:in `_run__40450178__setup__977994653__callbacks'
    /usr/local/rvm/gems/ruby-1.9.3-p194/gems/activesupport-3.2.8/lib/active_support/callbacks.rb:405:in `__run_callback'
    /usr/local/rvm/gems/ruby-1.9.3-p194/gems/activesupport-3.2.8/lib/active_support/callbacks.rb:385:in `_run_setup_callbacks'
    /usr/local/rvm/gems/ruby-1.9.3-p194/gems/activesupport-3.2.8/lib/active_support/callbacks.rb:81:in `run_callbacks'
    /usr/local/rvm/gems/ruby-1.9.3-p194/gems/activesupport-3.2.8/lib/active_support/testing/setup_and_teardown.rb:35:in `run'

  7) Error:
test_should_update_user(UsersControllerTest):
ActiveRecord::StatementInvalid: Could not find table 'users'
    /usr/local/rvm/gems/ruby-1.9.3-p194/gems/activerecord-3.2.8/lib/active_record/connection_adapters/sqlite_adapter.rb:472:in `table_structure'
    /usr/local/rvm/gems/ruby-1.9.3-p194/gems/activerecord-3.2.8/lib/active_record/connection_adapters/sqlite_adapter.rb:346:in `columns'
    /usr/local/rvm/gems/ruby-1.9.3-p194/gems/activerecord-3.2.8/lib/active_record/fixtures.rb:660:in `column_names'
    /usr/local/rvm/gems/ruby-1.9.3-p194/gems/activerecord-3.2.8/lib/active_record/fixtures.rb:652:in `timestamp_column_names'
    /usr/local/rvm/gems/ruby-1.9.3-p194/gems/activerecord-3.2.8/lib/active_record/fixtures.rb:585:in `block in table_rows'
    /usr/local/rvm/gems/ruby-1.9.3-p194/gems/activerecord-3.2.8/lib/active_record/fixtures.rb:579:in `each'
    /usr/local/rvm/gems/ruby-1.9.3-p194/gems/activerecord-3.2.8/lib/active_record/fixtures.rb:579:in `map'
    /usr/local/rvm/gems/ruby-1.9.3-p194/gems/activerecord-3.2.8/lib/active_record/fixtures.rb:579:in `table_rows'
    /usr/local/rvm/gems/ruby-1.9.3-p194/gems/activerecord-3.2.8/lib/active_record/fixtures.rb:494:in `block (3 levels) in create_fixtures'
    /usr/local/rvm/gems/ruby-1.9.3-p194/gems/activerecord-3.2.8/lib/active_record/fixtures.rb:492:in `each'
    /usr/local/rvm/gems/ruby-1.9.3-p194/gems/activerecord-3.2.8/lib/active_record/fixtures.rb:492:in `block (2 levels) in create_fixtures'
    /usr/local/rvm/gems/ruby-1.9.3-p194/gems/activerecord-3.2.8/lib/active_record/connection_adapters/abstract/database_statements.rb:192:in `transaction'
    /usr/local/rvm/gems/ruby-1.9.3-p194/gems/activerecord-3.2.8/lib/active_record/fixtures.rb:491:in `block in create_fixtures'
    /usr/local/rvm/gems/ruby-1.9.3-p194/gems/activerecord-3.2.8/lib/active_record/connection_adapters/abstract_adapter.rb:168:in `disable_referential_integrity'
    /usr/local/rvm/gems/ruby-1.9.3-p194/gems/activerecord-3.2.8/lib/active_record/fixtures.rb:476:in `create_fixtures'
    /usr/local/rvm/gems/ruby-1.9.3-p194/gems/activerecord-3.2.8/lib/active_record/fixtures.rb:895:in `load_fixtures'
    /usr/local/rvm/gems/ruby-1.9.3-p194/gems/activerecord-3.2.8/lib/active_record/fixtures.rb:849:in `setup_fixtures'
    /usr/local/rvm/gems/ruby-1.9.3-p194/gems/activesupport-3.2.8/lib/active_support/callbacks.rb:429:in `_run__40450178__setup__977994653__callbacks'
    /usr/local/rvm/gems/ruby-1.9.3-p194/gems/activesupport-3.2.8/lib/active_support/callbacks.rb:405:in `__run_callback'
    /usr/local/rvm/gems/ruby-1.9.3-p194/gems/activesupport-3.2.8/lib/active_support/callbacks.rb:385:in `_run_setup_callbacks'
    /usr/local/rvm/gems/ruby-1.9.3-p194/gems/activesupport-3.2.8/lib/active_support/callbacks.rb:81:in `run_callbacks'
    /usr/local/rvm/gems/ruby-1.9.3-p194/gems/activesupport-3.2.8/lib/active_support/testing/setup_and_teardown.rb:35:in `run'

7 tests, 0 assertions, 0 failures, 7 errors, 0 skips
Run options: -n "/^(test_should_get_contact|test_should_get_home)$/"

# Running tests:

EE

Finished tests in 0.052301s, 38.2406 tests/s, 0.0000 assertions/s.

  1) Error:
test_should_get_contact(PagesControllerTest):
ActiveRecord::StatementInvalid: Could not find table 'users'
    /usr/local/rvm/gems/ruby-1.9.3-p194/gems/activerecord-3.2.8/lib/active_record/connection_adapters/sqlite_adapter.rb:472:in `table_structure'
    /usr/local/rvm/gems/ruby-1.9.3-p194/gems/activerecord-3.2.8/lib/active_record/connection_adapters/sqlite_adapter.rb:346:in `columns'
    /usr/local/rvm/gems/ruby-1.9.3-p194/gems/activerecord-3.2.8/lib/active_record/fixtures.rb:660:in `column_names'
    /usr/local/rvm/gems/ruby-1.9.3-p194/gems/activerecord-3.2.8/lib/active_record/fixtures.rb:652:in `timestamp_column_names'
    /usr/local/rvm/gems/ruby-1.9.3-p194/gems/activerecord-3.2.8/lib/active_record/fixtures.rb:585:in `block in table_rows'
    /usr/local/rvm/gems/ruby-1.9.3-p194/gems/activerecord-3.2.8/lib/active_record/fixtures.rb:579:in `each'
    /usr/local/rvm/gems/ruby-1.9.3-p194/gems/activerecord-3.2.8/lib/active_record/fixtures.rb:579:in `map'
    /usr/local/rvm/gems/ruby-1.9.3-p194/gems/activerecord-3.2.8/lib/active_record/fixtures.rb:579:in `table_rows'
    /usr/local/rvm/gems/ruby-1.9.3-p194/gems/activerecord-3.2.8/lib/active_record/fixtures.rb:494:in `block (3 levels) in create_fixtures'
    /usr/local/rvm/gems/ruby-1.9.3-p194/gems/activerecord-3.2.8/lib/active_record/fixtures.rb:492:in `each'
    /usr/local/rvm/gems/ruby-1.9.3-p194/gems/activerecord-3.2.8/lib/active_record/fixtures.rb:492:in `block (2 levels) in create_fixtures'
    /usr/local/rvm/gems/ruby-1.9.3-p194/gems/activerecord-3.2.8/lib/active_record/connection_adapters/abstract/database_statements.rb:192:in `transaction'
    /usr/local/rvm/gems/ruby-1.9.3-p194/gems/activerecord-3.2.8/lib/active_record/fixtures.rb:491:in `block in create_fixtures'
    /usr/local/rvm/gems/ruby-1.9.3-p194/gems/activerecord-3.2.8/lib/active_record/connection_adapters/abstract_adapter.rb:168:in `disable_referential_integrity'
    /usr/local/rvm/gems/ruby-1.9.3-p194/gems/activerecord-3.2.8/lib/active_record/fixtures.rb:476:in `create_fixtures'
    /usr/local/rvm/gems/ruby-1.9.3-p194/gems/activerecord-3.2.8/lib/active_record/fixtures.rb:895:in `load_fixtures'
    /usr/local/rvm/gems/ruby-1.9.3-p194/gems/activerecord-3.2.8/lib/active_record/fixtures.rb:849:in `setup_fixtures'
    /usr/local/rvm/gems/ruby-1.9.3-p194/gems/activesupport-3.2.8/lib/active_support/callbacks.rb:429:in `_run__841894175__setup__785677625__callbacks'
    /usr/local/rvm/gems/ruby-1.9.3-p194/gems/activesupport-3.2.8/lib/active_support/callbacks.rb:405:in `__run_callback'
    /usr/local/rvm/gems/ruby-1.9.3-p194/gems/activesupport-3.2.8/lib/active_support/callbacks.rb:385:in `_run_setup_callbacks'
    /usr/local/rvm/gems/ruby-1.9.3-p194/gems/activesupport-3.2.8/lib/active_support/callbacks.rb:81:in `run_callbacks'
    /usr/local/rvm/gems/ruby-1.9.3-p194/gems/activesupport-3.2.8/lib/active_support/testing/setup_and_teardown.rb:35:in `run'

  2) Error:
test_should_get_home(PagesControllerTest):
ActiveRecord::StatementInvalid: Could not find table 'users'
    /usr/local/rvm/gems/ruby-1.9.3-p194/gems/activerecord-3.2.8/lib/active_record/connection_adapters/sqlite_adapter.rb:472:in `table_structure'
    /usr/local/rvm/gems/ruby-1.9.3-p194/gems/activerecord-3.2.8/lib/active_record/connection_adapters/sqlite_adapter.rb:346:in `columns'
    /usr/local/rvm/gems/ruby-1.9.3-p194/gems/activerecord-3.2.8/lib/active_record/fixtures.rb:660:in `column_names'
    /usr/local/rvm/gems/ruby-1.9.3-p194/gems/activerecord-3.2.8/lib/active_record/fixtures.rb:652:in `timestamp_column_names'
    /usr/local/rvm/gems/ruby-1.9.3-p194/gems/activerecord-3.2.8/lib/active_record/fixtures.rb:585:in `block in table_rows'
    /usr/local/rvm/gems/ruby-1.9.3-p194/gems/activerecord-3.2.8/lib/active_record/fixtures.rb:579:in `each'
    /usr/local/rvm/gems/ruby-1.9.3-p194/gems/activerecord-3.2.8/lib/active_record/fixtures.rb:579:in `map'
    /usr/local/rvm/gems/ruby-1.9.3-p194/gems/activerecord-3.2.8/lib/active_record/fixtures.rb:579:in `table_rows'
    /usr/local/rvm/gems/ruby-1.9.3-p194/gems/activerecord-3.2.8/lib/active_record/fixtures.rb:494:in `block (3 levels) in create_fixtures'
    /usr/local/rvm/gems/ruby-1.9.3-p194/gems/activerecord-3.2.8/lib/active_record/fixtures.rb:492:in `each'
    /usr/local/rvm/gems/ruby-1.9.3-p194/gems/activerecord-3.2.8/lib/active_record/fixtures.rb:492:in `block (2 levels) in create_fixtures'
    /usr/local/rvm/gems/ruby-1.9.3-p194/gems/activerecord-3.2.8/lib/active_record/connection_adapters/abstract/database_statements.rb:192:in `transaction'
    /usr/local/rvm/gems/ruby-1.9.3-p194/gems/activerecord-3.2.8/lib/active_record/fixtures.rb:491:in `block in create_fixtures'
    /usr/local/rvm/gems/ruby-1.9.3-p194/gems/activerecord-3.2.8/lib/active_record/connection_adapters/abstract_adapter.rb:168:in `disable_referential_integrity'
    /usr/local/rvm/gems/ruby-1.9.3-p194/gems/activerecord-3.2.8/lib/active_record/fixtures.rb:476:in `create_fixtures'
    /usr/local/rvm/gems/ruby-1.9.3-p194/gems/activerecord-3.2.8/lib/active_record/fixtures.rb:895:in `load_fixtures'
    /usr/local/rvm/gems/ruby-1.9.3-p194/gems/activerecord-3.2.8/lib/active_record/fixtures.rb:849:in `setup_fixtures'
    /usr/local/rvm/gems/ruby-1.9.3-p194/gems/activesupport-3.2.8/lib/active_support/callbacks.rb:429:in `_run__841894175__setup__785677625__callbacks'
    /usr/local/rvm/gems/ruby-1.9.3-p194/gems/activesupport-3.2.8/lib/active_support/callbacks.rb:405:in `__run_callback'
    /usr/local/rvm/gems/ruby-1.9.3-p194/gems/activesupport-3.2.8/lib/active_support/callbacks.rb:385:in `_run_setup_callbacks'
    /usr/local/rvm/gems/ruby-1.9.3-p194/gems/activesupport-3.2.8/lib/active_support/callbacks.rb:81:in `run_callbacks'
    /usr/local/rvm/gems/ruby-1.9.3-p194/gems/activesupport-3.2.8/lib/active_support/testing/setup_and_teardown.rb:35:in `run'

2 tests, 0 assertions, 0 failures, 2 errors, 0 skips
/usr/local/rvm/rubies/ruby-1.9.3-p194/bin/ruby -I.:lib:test -rubygems test/functional/microposts_controller_test.rb -n "/^(test_should_create_micropost|test_should_destroy_micropost|test_should_get_edit|test_should_get_index|test_should_get_new|test_should_show_micropost|test_should_update_micropost)$/"; /usr/local/rvm/rubies/ruby-1.9.3-p194/bin/ruby -I.:lib:test -rubygems test/functional/users_controller_test.rb -n "/^(test_should_create_user|test_should_destroy_user|test_should_get_edit|test_should_get_index|test_should_get_new|test_should_show_user|test_should_update_user)$/"; /usr/local/rvm/rubies/ruby-1.9.3-p194/bin/ruby -I.:lib:test -rubygems test/functional/pages_controller_test.rb -n "/^(test_should_get_contact|test_should_get_home)$/"
Run options: -n "/^(test_should_create_micropost|test_should_destroy_micropost|test_should_get_edit|test_should_get_index|test_should_get_new|test_should_show_micropost|test_should_update_micropost)$/"

# Running tests:

EEEEEEE

Finished tests in 0.103065s, 67.9185 tests/s, 0.0000 assertions/s.

  1) Error:
test_should_create_micropost(MicropostsControllerTest):
ActiveRecord::StatementInvalid: Could not find table 'users'
    /usr/local/rvm/gems/ruby-1.9.3-p194/gems/activerecord-3.2.8/lib/active_record/connection_adapters/sqlite_adapter.rb:472:in `table_structure'
    /usr/local/rvm/gems/ruby-1.9.3-p194/gems/activerecord-3.2.8/lib/active_record/connection_adapters/sqlite_adapter.rb:346:in `columns'
    /usr/local/rvm/gems/ruby-1.9.3-p194/gems/activerecord-3.2.8/lib/active_record/fixtures.rb:660:in `column_names'
    /usr/local/rvm/gems/ruby-1.9.3-p194/gems/activerecord-3.2.8/lib/active_record/fixtures.rb:652:in `timestamp_column_names'
    /usr/local/rvm/gems/ruby-1.9.3-p194/gems/activerecord-3.2.8/lib/active_record/fixtures.rb:585:in `block in table_rows'
    /usr/local/rvm/gems/ruby-1.9.3-p194/gems/activerecord-3.2.8/lib/active_record/fixtures.rb:579:in `each'
    /usr/local/rvm/gems/ruby-1.9.3-p194/gems/activerecord-3.2.8/lib/active_record/fixtures.rb:579:in `map'
    /usr/local/rvm/gems/ruby-1.9.3-p194/gems/activerecord-3.2.8/lib/active_record/fixtures.rb:579:in `table_rows'
    /usr/local/rvm/gems/ruby-1.9.3-p194/gems/activerecord-3.2.8/lib/active_record/fixtures.rb:494:in `block (3 levels) in create_fixtures'
    /usr/local/rvm/gems/ruby-1.9.3-p194/gems/activerecord-3.2.8/lib/active_record/fixtures.rb:492:in `each'
    /usr/local/rvm/gems/ruby-1.9.3-p194/gems/activerecord-3.2.8/lib/active_record/fixtures.rb:492:in `block (2 levels) in create_fixtures'
    /usr/local/rvm/gems/ruby-1.9.3-p194/gems/activerecord-3.2.8/lib/active_record/connection_adapters/abstract/database_statements.rb:192:in `transaction'
    /usr/local/rvm/gems/ruby-1.9.3-p194/gems/activerecord-3.2.8/lib/active_record/fixtures.rb:491:in `block in create_fixtures'
    /usr/local/rvm/gems/ruby-1.9.3-p194/gems/activerecord-3.2.8/lib/active_record/connection_adapters/abstract_adapter.rb:168:in `disable_referential_integrity'
    /usr/local/rvm/gems/ruby-1.9.3-p194/gems/activerecord-3.2.8/lib/active_record/fixtures.rb:476:in `create_fixtures'
    /usr/local/rvm/gems/ruby-1.9.3-p194/gems/activerecord-3.2.8/lib/active_record/fixtures.rb:895:in `load_fixtures'
    /usr/local/rvm/gems/ruby-1.9.3-p194/gems/activerecord-3.2.8/lib/active_record/fixtures.rb:849:in `setup_fixtures'
    /usr/local/rvm/gems/ruby-1.9.3-p194/gems/activesupport-3.2.8/lib/active_support/callbacks.rb:429:in `_run__936599012__setup__754336597__callbacks'
    /usr/local/rvm/gems/ruby-1.9.3-p194/gems/activesupport-3.2.8/lib/active_support/callbacks.rb:405:in `__run_callback'
    /usr/local/rvm/gems/ruby-1.9.3-p194/gems/activesupport-3.2.8/lib/active_support/callbacks.rb:385:in `_run_setup_callbacks'
    /usr/local/rvm/gems/ruby-1.9.3-p194/gems/activesupport-3.2.8/lib/active_support/callbacks.rb:81:in `run_callbacks'
    /usr/local/rvm/gems/ruby-1.9.3-p194/gems/activesupport-3.2.8/lib/active_support/testing/setup_and_teardown.rb:35:in `run'

  2) Error:
test_should_destroy_micropost(MicropostsControllerTest):
ActiveRecord::StatementInvalid: Could not find table 'users'
    /usr/local/rvm/gems/ruby-1.9.3-p194/gems/activerecord-3.2.8/lib/active_record/connection_adapters/sqlite_adapter.rb:472:in `table_structure'
    /usr/local/rvm/gems/ruby-1.9.3-p194/gems/activerecord-3.2.8/lib/active_record/connection_adapters/sqlite_adapter.rb:346:in `columns'
    /usr/local/rvm/gems/ruby-1.9.3-p194/gems/activerecord-3.2.8/lib/active_record/fixtures.rb:660:in `column_names'
    /usr/local/rvm/gems/ruby-1.9.3-p194/gems/activerecord-3.2.8/lib/active_record/fixtures.rb:652:in `timestamp_column_names'
    /usr/local/rvm/gems/ruby-1.9.3-p194/gems/activerecord-3.2.8/lib/active_record/fixtures.rb:585:in `block in table_rows'
    /usr/local/rvm/gems/ruby-1.9.3-p194/gems/activerecord-3.2.8/lib/active_record/fixtures.rb:579:in `each'
    /usr/local/rvm/gems/ruby-1.9.3-p194/gems/activerecord-3.2.8/lib/active_record/fixtures.rb:579:in `map'
    /usr/local/rvm/gems/ruby-1.9.3-p194/gems/activerecord-3.2.8/lib/active_record/fixtures.rb:579:in `table_rows'
    /usr/local/rvm/gems/ruby-1.9.3-p194/gems/activerecord-3.2.8/lib/active_record/fixtures.rb:494:in `block (3 levels) in create_fixtures'
    /usr/local/rvm/gems/ruby-1.9.3-p194/gems/activerecord-3.2.8/lib/active_record/fixtures.rb:492:in `each'
    /usr/local/rvm/gems/ruby-1.9.3-p194/gems/activerecord-3.2.8/lib/active_record/fixtures.rb:492:in `block (2 levels) in create_fixtures'
    /usr/local/rvm/gems/ruby-1.9.3-p194/gems/activerecord-3.2.8/lib/active_record/connection_adapters/abstract/database_statements.rb:192:in `transaction'
    /usr/local/rvm/gems/ruby-1.9.3-p194/gems/activerecord-3.2.8/lib/active_record/fixtures.rb:491:in `block in create_fixtures'
    /usr/local/rvm/gems/ruby-1.9.3-p194/gems/activerecord-3.2.8/lib/active_record/connection_adapters/abstract_adapter.rb:168:in `disable_referential_integrity'
    /usr/local/rvm/gems/ruby-1.9.3-p194/gems/activerecord-3.2.8/lib/active_record/fixtures.rb:476:in `create_fixtures'
    /usr/local/rvm/gems/ruby-1.9.3-p194/gems/activerecord-3.2.8/lib/active_record/fixtures.rb:895:in `load_fixtures'
    /usr/local/rvm/gems/ruby-1.9.3-p194/gems/activerecord-3.2.8/lib/active_record/fixtures.rb:849:in `setup_fixtures'
    /usr/local/rvm/gems/ruby-1.9.3-p194/gems/activesupport-3.2.8/lib/active_support/callbacks.rb:429:in `_run__936599012__setup__754336597__callbacks'
    /usr/local/rvm/gems/ruby-1.9.3-p194/gems/activesupport-3.2.8/lib/active_support/callbacks.rb:405:in `__run_callback'
    /usr/local/rvm/gems/ruby-1.9.3-p194/gems/activesupport-3.2.8/lib/active_support/callbacks.rb:385:in `_run_setup_callbacks'
    /usr/local/rvm/gems/ruby-1.9.3-p194/gems/activesupport-3.2.8/lib/active_support/callbacks.rb:81:in `run_callbacks'
    /usr/local/rvm/gems/ruby-1.9.3-p194/gems/activesupport-3.2.8/lib/active_support/testing/setup_and_teardown.rb:35:in `run'

  3) Error:
test_should_get_edit(MicropostsControllerTest):
ActiveRecord::StatementInvalid: Could not find table 'users'
    /usr/local/rvm/gems/ruby-1.9.3-p194/gems/activerecord-3.2.8/lib/active_record/connection_adapters/sqlite_adapter.rb:472:in `table_structure'
    /usr/local/rvm/gems/ruby-1.9.3-p194/gems/activerecord-3.2.8/lib/active_record/connection_adapters/sqlite_adapter.rb:346:in `columns'
    /usr/local/rvm/gems/ruby-1.9.3-p194/gems/activerecord-3.2.8/lib/active_record/fixtures.rb:660:in `column_names'
    /usr/local/rvm/gems/ruby-1.9.3-p194/gems/activerecord-3.2.8/lib/active_record/fixtures.rb:652:in `timestamp_column_names'
    /usr/local/rvm/gems/ruby-1.9.3-p194/gems/activerecord-3.2.8/lib/active_record/fixtures.rb:585:in `block in table_rows'
    /usr/local/rvm/gems/ruby-1.9.3-p194/gems/activerecord-3.2.8/lib/active_record/fixtures.rb:579:in `each'
    /usr/local/rvm/gems/ruby-1.9.3-p194/gems/activerecord-3.2.8/lib/active_record/fixtures.rb:579:in `map'
    /usr/local/rvm/gems/ruby-1.9.3-p194/gems/activerecord-3.2.8/lib/active_record/fixtures.rb:579:in `table_rows'
    /usr/local/rvm/gems/ruby-1.9.3-p194/gems/activerecord-3.2.8/lib/active_record/fixtures.rb:494:in `block (3 levels) in create_fixtures'
    /usr/local/rvm/gems/ruby-1.9.3-p194/gems/activerecord-3.2.8/lib/active_record/fixtures.rb:492:in `each'
    /usr/local/rvm/gems/ruby-1.9.3-p194/gems/activerecord-3.2.8/lib/active_record/fixtures.rb:492:in `block (2 levels) in create_fixtures'
    /usr/local/rvm/gems/ruby-1.9.3-p194/gems/activerecord-3.2.8/lib/active_record/connection_adapters/abstract/database_statements.rb:192:in `transaction'
    /usr/local/rvm/gems/ruby-1.9.3-p194/gems/activerecord-3.2.8/lib/active_record/fixtures.rb:491:in `block in create_fixtures'
    /usr/local/rvm/gems/ruby-1.9.3-p194/gems/activerecord-3.2.8/lib/active_record/connection_adapters/abstract_adapter.rb:168:in `disable_referential_integrity'
    /usr/local/rvm/gems/ruby-1.9.3-p194/gems/activerecord-3.2.8/lib/active_record/fixtures.rb:476:in `create_fixtures'
    /usr/local/rvm/gems/ruby-1.9.3-p194/gems/activerecord-3.2.8/lib/active_record/fixtures.rb:895:in `load_fixtures'
    /usr/local/rvm/gems/ruby-1.9.3-p194/gems/activerecord-3.2.8/lib/active_record/fixtures.rb:849:in `setup_fixtures'
    /usr/local/rvm/gems/ruby-1.9.3-p194/gems/activesupport-3.2.8/lib/active_support/callbacks.rb:429:in `_run__936599012__setup__754336597__callbacks'
    /usr/local/rvm/gems/ruby-1.9.3-p194/gems/activesupport-3.2.8/lib/active_support/callbacks.rb:405:in `__run_callback'
    /usr/local/rvm/gems/ruby-1.9.3-p194/gems/activesupport-3.2.8/lib/active_support/callbacks.rb:385:in `_run_setup_callbacks'
    /usr/local/rvm/gems/ruby-1.9.3-p194/gems/activesupport-3.2.8/lib/active_support/callbacks.rb:81:in `run_callbacks'
    /usr/local/rvm/gems/ruby-1.9.3-p194/gems/activesupport-3.2.8/lib/active_support/testing/setup_and_teardown.rb:35:in `run'

  4) Error:
test_should_get_index(MicropostsControllerTest):
ActiveRecord::StatementInvalid: Could not find table 'users'
    /usr/local/rvm/gems/ruby-1.9.3-p194/gems/activerecord-3.2.8/lib/active_record/connection_adapters/sqlite_adapter.rb:472:in `table_structure'
    /usr/local/rvm/gems/ruby-1.9.3-p194/gems/activerecord-3.2.8/lib/active_record/connection_adapters/sqlite_adapter.rb:346:in `columns'
    /usr/local/rvm/gems/ruby-1.9.3-p194/gems/activerecord-3.2.8/lib/active_record/fixtures.rb:660:in `column_names'
    /usr/local/rvm/gems/ruby-1.9.3-p194/gems/activerecord-3.2.8/lib/active_record/fixtures.rb:652:in `timestamp_column_names'
    /usr/local/rvm/gems/ruby-1.9.3-p194/gems/activerecord-3.2.8/lib/active_record/fixtures.rb:585:in `block in table_rows'
    /usr/local/rvm/gems/ruby-1.9.3-p194/gems/activerecord-3.2.8/lib/active_record/fixtures.rb:579:in `each'
    /usr/local/rvm/gems/ruby-1.9.3-p194/gems/activerecord-3.2.8/lib/active_record/fixtures.rb:579:in `map'
    /usr/local/rvm/gems/ruby-1.9.3-p194/gems/activerecord-3.2.8/lib/active_record/fixtures.rb:579:in `table_rows'
    /usr/local/rvm/gems/ruby-1.9.3-p194/gems/activerecord-3.2.8/lib/active_record/fixtures.rb:494:in `block (3 levels) in create_fixtures'
    /usr/local/rvm/gems/ruby-1.9.3-p194/gems/activerecord-3.2.8/lib/active_record/fixtures.rb:492:in `each'
    /usr/local/rvm/gems/ruby-1.9.3-p194/gems/activerecord-3.2.8/lib/active_record/fixtures.rb:492:in `block (2 levels) in create_fixtures'
    /usr/local/rvm/gems/ruby-1.9.3-p194/gems/activerecord-3.2.8/lib/active_record/connection_adapters/abstract/database_statements.rb:192:in `transaction'
    /usr/local/rvm/gems/ruby-1.9.3-p194/gems/activerecord-3.2.8/lib/active_record/fixtures.rb:491:in `block in create_fixtures'
    /usr/local/rvm/gems/ruby-1.9.3-p194/gems/activerecord-3.2.8/lib/active_record/connection_adapters/abstract_adapter.rb:168:in `disable_referential_integrity'
    /usr/local/rvm/gems/ruby-1.9.3-p194/gems/activerecord-3.2.8/lib/active_record/fixtures.rb:476:in `create_fixtures'
    /usr/local/rvm/gems/ruby-1.9.3-p194/gems/activerecord-3.2.8/lib/active_record/fixtures.rb:895:in `load_fixtures'
    /usr/local/rvm/gems/ruby-1.9.3-p194/gems/activerecord-3.2.8/lib/active_record/fixtures.rb:849:in `setup_fixtures'
    /usr/local/rvm/gems/ruby-1.9.3-p194/gems/activesupport-3.2.8/lib/active_support/callbacks.rb:429:in `_run__936599012__setup__754336597__callbacks'
    /usr/local/rvm/gems/ruby-1.9.3-p194/gems/activesupport-3.2.8/lib/active_support/callbacks.rb:405:in `__run_callback'
    /usr/local/rvm/gems/ruby-1.9.3-p194/gems/activesupport-3.2.8/lib/active_support/callbacks.rb:385:in `_run_setup_callbacks'
    /usr/local/rvm/gems/ruby-1.9.3-p194/gems/activesupport-3.2.8/lib/active_support/callbacks.rb:81:in `run_callbacks'
    /usr/local/rvm/gems/ruby-1.9.3-p194/gems/activesupport-3.2.8/lib/active_support/testing/setup_and_teardown.rb:35:in `run'

  5) Error:
test_should_get_new(MicropostsControllerTest):
ActiveRecord::StatementInvalid: Could not find table 'users'
    /usr/local/rvm/gems/ruby-1.9.3-p194/gems/activerecord-3.2.8/lib/active_record/connection_adapters/sqlite_adapter.rb:472:in `table_structure'
    /usr/local/rvm/gems/ruby-1.9.3-p194/gems/activerecord-3.2.8/lib/active_record/connection_adapters/sqlite_adapter.rb:346:in `columns'
    /usr/local/rvm/gems/ruby-1.9.3-p194/gems/activerecord-3.2.8/lib/active_record/fixtures.rb:660:in `column_names'
    /usr/local/rvm/gems/ruby-1.9.3-p194/gems/activerecord-3.2.8/lib/active_record/fixtures.rb:652:in `timestamp_column_names'
    /usr/local/rvm/gems/ruby-1.9.3-p194/gems/activerecord-3.2.8/lib/active_record/fixtures.rb:585:in `block in table_rows'
    /usr/local/rvm/gems/ruby-1.9.3-p194/gems/activerecord-3.2.8/lib/active_record/fixtures.rb:579:in `each'
    /usr/local/rvm/gems/ruby-1.9.3-p194/gems/activerecord-3.2.8/lib/active_record/fixtures.rb:579:in `map'
    /usr/local/rvm/gems/ruby-1.9.3-p194/gems/activerecord-3.2.8/lib/active_record/fixtures.rb:579:in `table_rows'
    /usr/local/rvm/gems/ruby-1.9.3-p194/gems/activerecord-3.2.8/lib/active_record/fixtures.rb:494:in `block (3 levels) in create_fixtures'
    /usr/local/rvm/gems/ruby-1.9.3-p194/gems/activerecord-3.2.8/lib/active_record/fixtures.rb:492:in `each'
    /usr/local/rvm/gems/ruby-1.9.3-p194/gems/activerecord-3.2.8/lib/active_record/fixtures.rb:492:in `block (2 levels) in create_fixtures'
    /usr/local/rvm/gems/ruby-1.9.3-p194/gems/activerecord-3.2.8/lib/active_record/connection_adapters/abstract/database_statements.rb:192:in `transaction'
    /usr/local/rvm/gems/ruby-1.9.3-p194/gems/activerecord-3.2.8/lib/active_record/fixtures.rb:491:in `block in create_fixtures'
    /usr/local/rvm/gems/ruby-1.9.3-p194/gems/activerecord-3.2.8/lib/active_record/connection_adapters/abstract_adapter.rb:168:in `disable_referential_integrity'
    /usr/local/rvm/gems/ruby-1.9.3-p194/gems/activerecord-3.2.8/lib/active_record/fixtures.rb:476:in `create_fixtures'
    /usr/local/rvm/gems/ruby-1.9.3-p194/gems/activerecord-3.2.8/lib/active_record/fixtures.rb:895:in `load_fixtures'
    /usr/local/rvm/gems/ruby-1.9.3-p194/gems/activerecord-3.2.8/lib/active_record/fixtures.rb:849:in `setup_fixtures'
    /usr/local/rvm/gems/ruby-1.9.3-p194/gems/activesupport-3.2.8/lib/active_support/callbacks.rb:429:in `_run__936599012__setup__754336597__callbacks'
    /usr/local/rvm/gems/ruby-1.9.3-p194/gems/activesupport-3.2.8/lib/active_support/callbacks.rb:405:in `__run_callback'
    /usr/local/rvm/gems/ruby-1.9.3-p194/gems/activesupport-3.2.8/lib/active_support/callbacks.rb:385:in `_run_setup_callbacks'
    /usr/local/rvm/gems/ruby-1.9.3-p194/gems/activesupport-3.2.8/lib/active_support/callbacks.rb:81:in `run_callbacks'
    /usr/local/rvm/gems/ruby-1.9.3-p194/gems/activesupport-3.2.8/lib/active_support/testing/setup_and_teardown.rb:35:in `run'

  6) Error:
test_should_show_micropost(MicropostsControllerTest):
ActiveRecord::StatementInvalid: Could not find table 'users'
    /usr/local/rvm/gems/ruby-1.9.3-p194/gems/activerecord-3.2.8/lib/active_record/connection_adapters/sqlite_adapter.rb:472:in `table_structure'
    /usr/local/rvm/gems/ruby-1.9.3-p194/gems/activerecord-3.2.8/lib/active_record/connection_adapters/sqlite_adapter.rb:346:in `columns'
    /usr/local/rvm/gems/ruby-1.9.3-p194/gems/activerecord-3.2.8/lib/active_record/fixtures.rb:660:in `column_names'
    /usr/local/rvm/gems/ruby-1.9.3-p194/gems/activerecord-3.2.8/lib/active_record/fixtures.rb:652:in `timestamp_column_names'
    /usr/local/rvm/gems/ruby-1.9.3-p194/gems/activerecord-3.2.8/lib/active_record/fixtures.rb:585:in `block in table_rows'
    /usr/local/rvm/gems/ruby-1.9.3-p194/gems/activerecord-3.2.8/lib/active_record/fixtures.rb:579:in `each'
    /usr/local/rvm/gems/ruby-1.9.3-p194/gems/activerecord-3.2.8/lib/active_record/fixtures.rb:579:in `map'
    /usr/local/rvm/gems/ruby-1.9.3-p194/gems/activerecord-3.2.8/lib/active_record/fixtures.rb:579:in `table_rows'
    /usr/local/rvm/gems/ruby-1.9.3-p194/gems/activerecord-3.2.8/lib/active_record/fixtures.rb:494:in `block (3 levels) in create_fixtures'
    /usr/local/rvm/gems/ruby-1.9.3-p194/gems/activerecord-3.2.8/lib/active_record/fixtures.rb:492:in `each'
    /usr/local/rvm/gems/ruby-1.9.3-p194/gems/activerecord-3.2.8/lib/active_record/fixtures.rb:492:in `block (2 levels) in create_fixtures'
    /usr/local/rvm/gems/ruby-1.9.3-p194/gems/activerecord-3.2.8/lib/active_record/connection_adapters/abstract/database_statements.rb:192:in `transaction'
    /usr/local/rvm/gems/ruby-1.9.3-p194/gems/activerecord-3.2.8/lib/active_record/fixtures.rb:491:in `block in create_fixtures'
    /usr/local/rvm/gems/ruby-1.9.3-p194/gems/activerecord-3.2.8/lib/active_record/connection_adapters/abstract_adapter.rb:168:in `disable_referential_integrity'
    /usr/local/rvm/gems/ruby-1.9.3-p194/gems/activerecord-3.2.8/lib/active_record/fixtures.rb:476:in `create_fixtures'
    /usr/local/rvm/gems/ruby-1.9.3-p194/gems/activerecord-3.2.8/lib/active_record/fixtures.rb:895:in `load_fixtures'
    /usr/local/rvm/gems/ruby-1.9.3-p194/gems/activerecord-3.2.8/lib/active_record/fixtures.rb:849:in `setup_fixtures'
    /usr/local/rvm/gems/ruby-1.9.3-p194/gems/activesupport-3.2.8/lib/active_support/callbacks.rb:429:in `_run__936599012__setup__754336597__callbacks'
    /usr/local/rvm/gems/ruby-1.9.3-p194/gems/activesupport-3.2.8/lib/active_support/callbacks.rb:405:in `__run_callback'
    /usr/local/rvm/gems/ruby-1.9.3-p194/gems/activesupport-3.2.8/lib/active_support/callbacks.rb:385:in `_run_setup_callbacks'
    /usr/local/rvm/gems/ruby-1.9.3-p194/gems/activesupport-3.2.8/lib/active_support/callbacks.rb:81:in `run_callbacks'
    /usr/local/rvm/gems/ruby-1.9.3-p194/gems/activesupport-3.2.8/lib/active_support/testing/setup_and_teardown.rb:35:in `run'

  7) Error:
test_should_update_micropost(MicropostsControllerTest):
ActiveRecord::StatementInvalid: Could not find table 'users'
    /usr/local/rvm/gems/ruby-1.9.3-p194/gems/activerecord-3.2.8/lib/active_record/connection_adapters/sqlite_adapter.rb:472:in `table_structure'
    /usr/local/rvm/gems/ruby-1.9.3-p194/gems/activerecord-3.2.8/lib/active_record/connection_adapters/sqlite_adapter.rb:346:in `columns'
    /usr/local/rvm/gems/ruby-1.9.3-p194/gems/activerecord-3.2.8/lib/active_record/fixtures.rb:660:in `column_names'
    /usr/local/rvm/gems/ruby-1.9.3-p194/gems/activerecord-3.2.8/lib/active_record/fixtures.rb:652:in `timestamp_column_names'
    /usr/local/rvm/gems/ruby-1.9.3-p194/gems/activerecord-3.2.8/lib/active_record/fixtures.rb:585:in `block in table_rows'
    /usr/local/rvm/gems/ruby-1.9.3-p194/gems/activerecord-3.2.8/lib/active_record/fixtures.rb:579:in `each'
    /usr/local/rvm/gems/ruby-1.9.3-p194/gems/activerecord-3.2.8/lib/active_record/fixtures.rb:579:in `map'
    /usr/local/rvm/gems/ruby-1.9.3-p194/gems/activerecord-3.2.8/lib/active_record/fixtures.rb:579:in `table_rows'
    /usr/local/rvm/gems/ruby-1.9.3-p194/gems/activerecord-3.2.8/lib/active_record/fixtures.rb:494:in `block (3 levels) in create_fixtures'
    /usr/local/rvm/gems/ruby-1.9.3-p194/gems/activerecord-3.2.8/lib/active_record/fixtures.rb:492:in `each'
    /usr/local/rvm/gems/ruby-1.9.3-p194/gems/activerecord-3.2.8/lib/active_record/fixtures.rb:492:in `block (2 levels) in create_fixtures'
    /usr/local/rvm/gems/ruby-1.9.3-p194/gems/activerecord-3.2.8/lib/active_record/connection_adapters/abstract/database_statements.rb:192:in `transaction'
    /usr/local/rvm/gems/ruby-1.9.3-p194/gems/activerecord-3.2.8/lib/active_record/fixtures.rb:491:in `block in create_fixtures'
    /usr/local/rvm/gems/ruby-1.9.3-p194/gems/activerecord-3.2.8/lib/active_record/connection_adapters/abstract_adapter.rb:168:in `disable_referential_integrity'
    /usr/local/rvm/gems/ruby-1.9.3-p194/gems/activerecord-3.2.8/lib/active_record/fixtures.rb:476:in `create_fixtures'
    /usr/local/rvm/gems/ruby-1.9.3-p194/gems/activerecord-3.2.8/lib/active_record/fixtures.rb:895:in `load_fixtures'
    /usr/local/rvm/gems/ruby-1.9.3-p194/gems/activerecord-3.2.8/lib/active_record/fixtures.rb:849:in `setup_fixtures'
    /usr/local/rvm/gems/ruby-1.9.3-p194/gems/activesupport-3.2.8/lib/active_support/callbacks.rb:429:in `_run__936599012__setup__754336597__callbacks'
    /usr/local/rvm/gems/ruby-1.9.3-p194/gems/activesupport-3.2.8/lib/active_support/callbacks.rb:405:in `__run_callback'
    /usr/local/rvm/gems/ruby-1.9.3-p194/gems/activesupport-3.2.8/lib/active_support/callbacks.rb:385:in `_run_setup_callbacks'
    /usr/local/rvm/gems/ruby-1.9.3-p194/gems/activesupport-3.2.8/lib/active_support/callbacks.rb:81:in `run_callbacks'
    /usr/local/rvm/gems/ruby-1.9.3-p194/gems/activesupport-3.2.8/lib/active_support/testing/setup_and_teardown.rb:35:in `run'

7 tests, 0 assertions, 0 failures, 7 errors, 0 skips
Run options: -n "/^(test_should_create_user|test_should_destroy_user|test_should_get_edit|test_should_get_index|test_should_get_new|test_should_show_user|test_should_update_user)$/"

# Running tests:

EEEEEEE

Finished tests in 0.104872s, 66.7479 tests/s, 0.0000 assertions/s.

  1) Error:
test_should_create_user(UsersControllerTest):
ActiveRecord::StatementInvalid: Could not find table 'users'
    /usr/local/rvm/gems/ruby-1.9.3-p194/gems/activerecord-3.2.8/lib/active_record/connection_adapters/sqlite_adapter.rb:472:in `table_structure'
    /usr/local/rvm/gems/ruby-1.9.3-p194/gems/activerecord-3.2.8/lib/active_record/connection_adapters/sqlite_adapter.rb:346:in `columns'
    /usr/local/rvm/gems/ruby-1.9.3-p194/gems/activerecord-3.2.8/lib/active_record/fixtures.rb:660:in `column_names'
    /usr/local/rvm/gems/ruby-1.9.3-p194/gems/activerecord-3.2.8/lib/active_record/fixtures.rb:652:in `timestamp_column_names'
    /usr/local/rvm/gems/ruby-1.9.3-p194/gems/activerecord-3.2.8/lib/active_record/fixtures.rb:585:in `block in table_rows'
    /usr/local/rvm/gems/ruby-1.9.3-p194/gems/activerecord-3.2.8/lib/active_record/fixtures.rb:579:in `each'
    /usr/local/rvm/gems/ruby-1.9.3-p194/gems/activerecord-3.2.8/lib/active_record/fixtures.rb:579:in `map'
    /usr/local/rvm/gems/ruby-1.9.3-p194/gems/activerecord-3.2.8/lib/active_record/fixtures.rb:579:in `table_rows'
    /usr/local/rvm/gems/ruby-1.9.3-p194/gems/activerecord-3.2.8/lib/active_record/fixtures.rb:494:in `block (3 levels) in create_fixtures'
    /usr/local/rvm/gems/ruby-1.9.3-p194/gems/activerecord-3.2.8/lib/active_record/fixtures.rb:492:in `each'
    /usr/local/rvm/gems/ruby-1.9.3-p194/gems/activerecord-3.2.8/lib/active_record/fixtures.rb:492:in `block (2 levels) in create_fixtures'
    /usr/local/rvm/gems/ruby-1.9.3-p194/gems/activerecord-3.2.8/lib/active_record/connection_adapters/abstract/database_statements.rb:192:in `transaction'
    /usr/local/rvm/gems/ruby-1.9.3-p194/gems/activerecord-3.2.8/lib/active_record/fixtures.rb:491:in `block in create_fixtures'
    /usr/local/rvm/gems/ruby-1.9.3-p194/gems/activerecord-3.2.8/lib/active_record/connection_adapters/abstract_adapter.rb:168:in `disable_referential_integrity'
    /usr/local/rvm/gems/ruby-1.9.3-p194/gems/activerecord-3.2.8/lib/active_record/fixtures.rb:476:in `create_fixtures'
    /usr/local/rvm/gems/ruby-1.9.3-p194/gems/activerecord-3.2.8/lib/active_record/fixtures.rb:895:in `load_fixtures'
    /usr/local/rvm/gems/ruby-1.9.3-p194/gems/activerecord-3.2.8/lib/active_record/fixtures.rb:849:in `setup_fixtures'
    /usr/local/rvm/gems/ruby-1.9.3-p194/gems/activesupport-3.2.8/lib/active_support/callbacks.rb:429:in `_run__365778464__setup__526699606__callbacks'
    /usr/local/rvm/gems/ruby-1.9.3-p194/gems/activesupport-3.2.8/lib/active_support/callbacks.rb:405:in `__run_callback'
    /usr/local/rvm/gems/ruby-1.9.3-p194/gems/activesupport-3.2.8/lib/active_support/callbacks.rb:385:in `_run_setup_callbacks'
    /usr/local/rvm/gems/ruby-1.9.3-p194/gems/activesupport-3.2.8/lib/active_support/callbacks.rb:81:in `run_callbacks'
    /usr/local/rvm/gems/ruby-1.9.3-p194/gems/activesupport-3.2.8/lib/active_support/testing/setup_and_teardown.rb:35:in `run'

  2) Error:
test_should_destroy_user(UsersControllerTest):
ActiveRecord::StatementInvalid: Could not find table 'users'
    /usr/local/rvm/gems/ruby-1.9.3-p194/gems/activerecord-3.2.8/lib/active_record/connection_adapters/sqlite_adapter.rb:472:in `table_structure'
    /usr/local/rvm/gems/ruby-1.9.3-p194/gems/activerecord-3.2.8/lib/active_record/connection_adapters/sqlite_adapter.rb:346:in `columns'
    /usr/local/rvm/gems/ruby-1.9.3-p194/gems/activerecord-3.2.8/lib/active_record/fixtures.rb:660:in `column_names'
    /usr/local/rvm/gems/ruby-1.9.3-p194/gems/activerecord-3.2.8/lib/active_record/fixtures.rb:652:in `timestamp_column_names'
    /usr/local/rvm/gems/ruby-1.9.3-p194/gems/activerecord-3.2.8/lib/active_record/fixtures.rb:585:in `block in table_rows'
    /usr/local/rvm/gems/ruby-1.9.3-p194/gems/activerecord-3.2.8/lib/active_record/fixtures.rb:579:in `each'
    /usr/local/rvm/gems/ruby-1.9.3-p194/gems/activerecord-3.2.8/lib/active_record/fixtures.rb:579:in `map'
    /usr/local/rvm/gems/ruby-1.9.3-p194/gems/activerecord-3.2.8/lib/active_record/fixtures.rb:579:in `table_rows'
    /usr/local/rvm/gems/ruby-1.9.3-p194/gems/activerecord-3.2.8/lib/active_record/fixtures.rb:494:in `block (3 levels) in create_fixtures'
    /usr/local/rvm/gems/ruby-1.9.3-p194/gems/activerecord-3.2.8/lib/active_record/fixtures.rb:492:in `each'
    /usr/local/rvm/gems/ruby-1.9.3-p194/gems/activerecord-3.2.8/lib/active_record/fixtures.rb:492:in `block (2 levels) in create_fixtures'
    /usr/local/rvm/gems/ruby-1.9.3-p194/gems/activerecord-3.2.8/lib/active_record/connection_adapters/abstract/database_statements.rb:192:in `transaction'
    /usr/local/rvm/gems/ruby-1.9.3-p194/gems/activerecord-3.2.8/lib/active_record/fixtures.rb:491:in `block in create_fixtures'
    /usr/local/rvm/gems/ruby-1.9.3-p194/gems/activerecord-3.2.8/lib/active_record/connection_adapters/abstract_adapter.rb:168:in `disable_referential_integrity'
    /usr/local/rvm/gems/ruby-1.9.3-p194/gems/activerecord-3.2.8/lib/active_record/fixtures.rb:476:in `create_fixtures'
    /usr/local/rvm/gems/ruby-1.9.3-p194/gems/activerecord-3.2.8/lib/active_record/fixtures.rb:895:in `load_fixtures'
    /usr/local/rvm/gems/ruby-1.9.3-p194/gems/activerecord-3.2.8/lib/active_record/fixtures.rb:849:in `setup_fixtures'
    /usr/local/rvm/gems/ruby-1.9.3-p194/gems/activesupport-3.2.8/lib/active_support/callbacks.rb:429:in `_run__365778464__setup__526699606__callbacks'
    /usr/local/rvm/gems/ruby-1.9.3-p194/gems/activesupport-3.2.8/lib/active_support/callbacks.rb:405:in `__run_callback'
    /usr/local/rvm/gems/ruby-1.9.3-p194/gems/activesupport-3.2.8/lib/active_support/callbacks.rb:385:in `_run_setup_callbacks'
    /usr/local/rvm/gems/ruby-1.9.3-p194/gems/activesupport-3.2.8/lib/active_support/callbacks.rb:81:in `run_callbacks'
    /usr/local/rvm/gems/ruby-1.9.3-p194/gems/activesupport-3.2.8/lib/active_support/testing/setup_and_teardown.rb:35:in `run'

  3) Error:
test_should_get_edit(UsersControllerTest):
ActiveRecord::StatementInvalid: Could not find table 'users'
    /usr/local/rvm/gems/ruby-1.9.3-p194/gems/activerecord-3.2.8/lib/active_record/connection_adapters/sqlite_adapter.rb:472:in `table_structure'
    /usr/local/rvm/gems/ruby-1.9.3-p194/gems/activerecord-3.2.8/lib/active_record/connection_adapters/sqlite_adapter.rb:346:in `columns'
    /usr/local/rvm/gems/ruby-1.9.3-p194/gems/activerecord-3.2.8/lib/active_record/fixtures.rb:660:in `column_names'
    /usr/local/rvm/gems/ruby-1.9.3-p194/gems/activerecord-3.2.8/lib/active_record/fixtures.rb:652:in `timestamp_column_names'
    /usr/local/rvm/gems/ruby-1.9.3-p194/gems/activerecord-3.2.8/lib/active_record/fixtures.rb:585:in `block in table_rows'
    /usr/local/rvm/gems/ruby-1.9.3-p194/gems/activerecord-3.2.8/lib/active_record/fixtures.rb:579:in `each'
    /usr/local/rvm/gems/ruby-1.9.3-p194/gems/activerecord-3.2.8/lib/active_record/fixtures.rb:579:in `map'
    /usr/local/rvm/gems/ruby-1.9.3-p194/gems/activerecord-3.2.8/lib/active_record/fixtures.rb:579:in `table_rows'
    /usr/local/rvm/gems/ruby-1.9.3-p194/gems/activerecord-3.2.8/lib/active_record/fixtures.rb:494:in `block (3 levels) in create_fixtures'
    /usr/local/rvm/gems/ruby-1.9.3-p194/gems/activerecord-3.2.8/lib/active_record/fixtures.rb:492:in `each'
    /usr/local/rvm/gems/ruby-1.9.3-p194/gems/activerecord-3.2.8/lib/active_record/fixtures.rb:492:in `block (2 levels) in create_fixtures'
    /usr/local/rvm/gems/ruby-1.9.3-p194/gems/activerecord-3.2.8/lib/active_record/connection_adapters/abstract/database_statements.rb:192:in `transaction'
    /usr/local/rvm/gems/ruby-1.9.3-p194/gems/activerecord-3.2.8/lib/active_record/fixtures.rb:491:in `block in create_fixtures'
    /usr/local/rvm/gems/ruby-1.9.3-p194/gems/activerecord-3.2.8/lib/active_record/connection_adapters/abstract_adapter.rb:168:in `disable_referential_integrity'
    /usr/local/rvm/gems/ruby-1.9.3-p194/gems/activerecord-3.2.8/lib/active_record/fixtures.rb:476:in `create_fixtures'
    /usr/local/rvm/gems/ruby-1.9.3-p194/gems/activerecord-3.2.8/lib/active_record/fixtures.rb:895:in `load_fixtures'
    /usr/local/rvm/gems/ruby-1.9.3-p194/gems/activerecord-3.2.8/lib/active_record/fixtures.rb:849:in `setup_fixtures'
    /usr/local/rvm/gems/ruby-1.9.3-p194/gems/activesupport-3.2.8/lib/active_support/callbacks.rb:429:in `_run__365778464__setup__526699606__callbacks'
    /usr/local/rvm/gems/ruby-1.9.3-p194/gems/activesupport-3.2.8/lib/active_support/callbacks.rb:405:in `__run_callback'
    /usr/local/rvm/gems/ruby-1.9.3-p194/gems/activesupport-3.2.8/lib/active_support/callbacks.rb:385:in `_run_setup_callbacks'
    /usr/local/rvm/gems/ruby-1.9.3-p194/gems/activesupport-3.2.8/lib/active_support/callbacks.rb:81:in `run_callbacks'
    /usr/local/rvm/gems/ruby-1.9.3-p194/gems/activesupport-3.2.8/lib/active_support/testing/setup_and_teardown.rb:35:in `run'

  4) Error:
test_should_get_index(UsersControllerTest):
ActiveRecord::StatementInvalid: Could not find table 'users'
    /usr/local/rvm/gems/ruby-1.9.3-p194/gems/activerecord-3.2.8/lib/active_record/connection_adapters/sqlite_adapter.rb:472:in `table_structure'
    /usr/local/rvm/gems/ruby-1.9.3-p194/gems/activerecord-3.2.8/lib/active_record/connection_adapters/sqlite_adapter.rb:346:in `columns'
    /usr/local/rvm/gems/ruby-1.9.3-p194/gems/activerecord-3.2.8/lib/active_record/fixtures.rb:660:in `column_names'
    /usr/local/rvm/gems/ruby-1.9.3-p194/gems/activerecord-3.2.8/lib/active_record/fixtures.rb:652:in `timestamp_column_names'
    /usr/local/rvm/gems/ruby-1.9.3-p194/gems/activerecord-3.2.8/lib/active_record/fixtures.rb:585:in `block in table_rows'
    /usr/local/rvm/gems/ruby-1.9.3-p194/gems/activerecord-3.2.8/lib/active_record/fixtures.rb:579:in `each'
    /usr/local/rvm/gems/ruby-1.9.3-p194/gems/activerecord-3.2.8/lib/active_record/fixtures.rb:579:in `map'
    /usr/local/rvm/gems/ruby-1.9.3-p194/gems/activerecord-3.2.8/lib/active_record/fixtures.rb:579:in `table_rows'
    /usr/local/rvm/gems/ruby-1.9.3-p194/gems/activerecord-3.2.8/lib/active_record/fixtures.rb:494:in `block (3 levels) in create_fixtures'
    /usr/local/rvm/gems/ruby-1.9.3-p194/gems/activerecord-3.2.8/lib/active_record/fixtures.rb:492:in `each'
    /usr/local/rvm/gems/ruby-1.9.3-p194/gems/activerecord-3.2.8/lib/active_record/fixtures.rb:492:in `block (2 levels) in create_fixtures'
    /usr/local/rvm/gems/ruby-1.9.3-p194/gems/activerecord-3.2.8/lib/active_record/connection_adapters/abstract/database_statements.rb:192:in `transaction'
    /usr/local/rvm/gems/ruby-1.9.3-p194/gems/activerecord-3.2.8/lib/active_record/fixtures.rb:491:in `block in create_fixtures'
    /usr/local/rvm/gems/ruby-1.9.3-p194/gems/activerecord-3.2.8/lib/active_record/connection_adapters/abstract_adapter.rb:168:in `disable_referential_integrity'
    /usr/local/rvm/gems/ruby-1.9.3-p194/gems/activerecord-3.2.8/lib/active_record/fixtures.rb:476:in `create_fixtures'
    /usr/local/rvm/gems/ruby-1.9.3-p194/gems/activerecord-3.2.8/lib/active_record/fixtures.rb:895:in `load_fixtures'
    /usr/local/rvm/gems/ruby-1.9.3-p194/gems/activerecord-3.2.8/lib/active_record/fixtures.rb:849:in `setup_fixtures'
    /usr/local/rvm/gems/ruby-1.9.3-p194/gems/activesupport-3.2.8/lib/active_support/callbacks.rb:429:in `_run__365778464__setup__526699606__callbacks'
    /usr/local/rvm/gems/ruby-1.9.3-p194/gems/activesupport-3.2.8/lib/active_support/callbacks.rb:405:in `__run_callback'
    /usr/local/rvm/gems/ruby-1.9.3-p194/gems/activesupport-3.2.8/lib/active_support/callbacks.rb:385:in `_run_setup_callbacks'
    /usr/local/rvm/gems/ruby-1.9.3-p194/gems/activesupport-3.2.8/lib/active_support/callbacks.rb:81:in `run_callbacks'
    /usr/local/rvm/gems/ruby-1.9.3-p194/gems/activesupport-3.2.8/lib/active_support/testing/setup_and_teardown.rb:35:in `run'

  5) Error:
test_should_get_new(UsersControllerTest):
ActiveRecord::StatementInvalid: Could not find table 'users'
    /usr/local/rvm/gems/ruby-1.9.3-p194/gems/activerecord-3.2.8/lib/active_record/connection_adapters/sqlite_adapter.rb:472:in `table_structure'
    /usr/local/rvm/gems/ruby-1.9.3-p194/gems/activerecord-3.2.8/lib/active_record/connection_adapters/sqlite_adapter.rb:346:in `columns'
    /usr/local/rvm/gems/ruby-1.9.3-p194/gems/activerecord-3.2.8/lib/active_record/fixtures.rb:660:in `column_names'
    /usr/local/rvm/gems/ruby-1.9.3-p194/gems/activerecord-3.2.8/lib/active_record/fixtures.rb:652:in `timestamp_column_names'
    /usr/local/rvm/gems/ruby-1.9.3-p194/gems/activerecord-3.2.8/lib/active_record/fixtures.rb:585:in `block in table_rows'
    /usr/local/rvm/gems/ruby-1.9.3-p194/gems/activerecord-3.2.8/lib/active_record/fixtures.rb:579:in `each'
    /usr/local/rvm/gems/ruby-1.9.3-p194/gems/activerecord-3.2.8/lib/active_record/fixtures.rb:579:in `map'
    /usr/local/rvm/gems/ruby-1.9.3-p194/gems/activerecord-3.2.8/lib/active_record/fixtures.rb:579:in `table_rows'
    /usr/local/rvm/gems/ruby-1.9.3-p194/gems/activerecord-3.2.8/lib/active_record/fixtures.rb:494:in `block (3 levels) in create_fixtures'
    /usr/local/rvm/gems/ruby-1.9.3-p194/gems/activerecord-3.2.8/lib/active_record/fixtures.rb:492:in `each'
    /usr/local/rvm/gems/ruby-1.9.3-p194/gems/activerecord-3.2.8/lib/active_record/fixtures.rb:492:in `block (2 levels) in create_fixtures'
    /usr/local/rvm/gems/ruby-1.9.3-p194/gems/activerecord-3.2.8/lib/active_record/connection_adapters/abstract/database_statements.rb:192:in `transaction'
    /usr/local/rvm/gems/ruby-1.9.3-p194/gems/activerecord-3.2.8/lib/active_record/fixtures.rb:491:in `block in create_fixtures'
    /usr/local/rvm/gems/ruby-1.9.3-p194/gems/activerecord-3.2.8/lib/active_record/connection_adapters/abstract_adapter.rb:168:in `disable_referential_integrity'
    /usr/local/rvm/gems/ruby-1.9.3-p194/gems/activerecord-3.2.8/lib/active_record/fixtures.rb:476:in `create_fixtures'
    /usr/local/rvm/gems/ruby-1.9.3-p194/gems/activerecord-3.2.8/lib/active_record/fixtures.rb:895:in `load_fixtures'
    /usr/local/rvm/gems/ruby-1.9.3-p194/gems/activerecord-3.2.8/lib/active_record/fixtures.rb:849:in `setup_fixtures'
    /usr/local/rvm/gems/ruby-1.9.3-p194/gems/activesupport-3.2.8/lib/active_support/callbacks.rb:429:in `_run__365778464__setup__526699606__callbacks'
    /usr/local/rvm/gems/ruby-1.9.3-p194/gems/activesupport-3.2.8/lib/active_support/callbacks.rb:405:in `__run_callback'
    /usr/local/rvm/gems/ruby-1.9.3-p194/gems/activesupport-3.2.8/lib/active_support/callbacks.rb:385:in `_run_setup_callbacks'
    /usr/local/rvm/gems/ruby-1.9.3-p194/gems/activesupport-3.2.8/lib/active_support/callbacks.rb:81:in `run_callbacks'
    /usr/local/rvm/gems/ruby-1.9.3-p194/gems/activesupport-3.2.8/lib/active_support/testing/setup_and_teardown.rb:35:in `run'

  6) Error:
test_should_show_user(UsersControllerTest):
ActiveRecord::StatementInvalid: Could not find table 'users'
    /usr/local/rvm/gems/ruby-1.9.3-p194/gems/activerecord-3.2.8/lib/active_record/connection_adapters/sqlite_adapter.rb:472:in `table_structure'
    /usr/local/rvm/gems/ruby-1.9.3-p194/gems/activerecord-3.2.8/lib/active_record/connection_adapters/sqlite_adapter.rb:346:in `columns'
    /usr/local/rvm/gems/ruby-1.9.3-p194/gems/activerecord-3.2.8/lib/active_record/fixtures.rb:660:in `column_names'
    /usr/local/rvm/gems/ruby-1.9.3-p194/gems/activerecord-3.2.8/lib/active_record/fixtures.rb:652:in `timestamp_column_names'
    /usr/local/rvm/gems/ruby-1.9.3-p194/gems/activerecord-3.2.8/lib/active_record/fixtures.rb:585:in `block in table_rows'
    /usr/local/rvm/gems/ruby-1.9.3-p194/gems/activerecord-3.2.8/lib/active_record/fixtures.rb:579:in `each'
    /usr/local/rvm/gems/ruby-1.9.3-p194/gems/activerecord-3.2.8/lib/active_record/fixtures.rb:579:in `map'
    /usr/local/rvm/gems/ruby-1.9.3-p194/gems/activerecord-3.2.8/lib/active_record/fixtures.rb:579:in `table_rows'
    /usr/local/rvm/gems/ruby-1.9.3-p194/gems/activerecord-3.2.8/lib/active_record/fixtures.rb:494:in `block (3 levels) in create_fixtures'
    /usr/local/rvm/gems/ruby-1.9.3-p194/gems/activerecord-3.2.8/lib/active_record/fixtures.rb:492:in `each'
    /usr/local/rvm/gems/ruby-1.9.3-p194/gems/activerecord-3.2.8/lib/active_record/fixtures.rb:492:in `block (2 levels) in create_fixtures'
    /usr/local/rvm/gems/ruby-1.9.3-p194/gems/activerecord-3.2.8/lib/active_record/connection_adapters/abstract/database_statements.rb:192:in `transaction'
    /usr/local/rvm/gems/ruby-1.9.3-p194/gems/activerecord-3.2.8/lib/active_record/fixtures.rb:491:in `block in create_fixtures'
    /usr/local/rvm/gems/ruby-1.9.3-p194/gems/activerecord-3.2.8/lib/active_record/connection_adapters/abstract_adapter.rb:168:in `disable_referential_integrity'
    /usr/local/rvm/gems/ruby-1.9.3-p194/gems/activerecord-3.2.8/lib/active_record/fixtures.rb:476:in `create_fixtures'
    /usr/local/rvm/gems/ruby-1.9.3-p194/gems/activerecord-3.2.8/lib/active_record/fixtures.rb:895:in `load_fixtures'
    /usr/local/rvm/gems/ruby-1.9.3-p194/gems/activerecord-3.2.8/lib/active_record/fixtures.rb:849:in `setup_fixtures'
    /usr/local/rvm/gems/ruby-1.9.3-p194/gems/activesupport-3.2.8/lib/active_support/callbacks.rb:429:in `_run__365778464__setup__526699606__callbacks'
    /usr/local/rvm/gems/ruby-1.9.3-p194/gems/activesupport-3.2.8/lib/active_support/callbacks.rb:405:in `__run_callback'
    /usr/local/rvm/gems/ruby-1.9.3-p194/gems/activesupport-3.2.8/lib/active_support/callbacks.rb:385:in `_run_setup_callbacks'
    /usr/local/rvm/gems/ruby-1.9.3-p194/gems/activesupport-3.2.8/lib/active_support/callbacks.rb:81:in `run_callbacks'
    /usr/local/rvm/gems/ruby-1.9.3-p194/gems/activesupport-3.2.8/lib/active_support/testing/setup_and_teardown.rb:35:in `run'

  7) Error:
test_should_update_user(UsersControllerTest):
ActiveRecord::StatementInvalid: Could not find table 'users'
    /usr/local/rvm/gems/ruby-1.9.3-p194/gems/activerecord-3.2.8/lib/active_record/connection_adapters/sqlite_adapter.rb:472:in `table_structure'
    /usr/local/rvm/gems/ruby-1.9.3-p194/gems/activerecord-3.2.8/lib/active_record/connection_adapters/sqlite_adapter.rb:346:in `columns'
    /usr/local/rvm/gems/ruby-1.9.3-p194/gems/activerecord-3.2.8/lib/active_record/fixtures.rb:660:in `column_names'
    /usr/local/rvm/gems/ruby-1.9.3-p194/gems/activerecord-3.2.8/lib/active_record/fixtures.rb:652:in `timestamp_column_names'
    /usr/local/rvm/gems/ruby-1.9.3-p194/gems/activerecord-3.2.8/lib/active_record/fixtures.rb:585:in `block in table_rows'
    /usr/local/rvm/gems/ruby-1.9.3-p194/gems/activerecord-3.2.8/lib/active_record/fixtures.rb:579:in `each'
    /usr/local/rvm/gems/ruby-1.9.3-p194/gems/activerecord-3.2.8/lib/active_record/fixtures.rb:579:in `map'
    /usr/local/rvm/gems/ruby-1.9.3-p194/gems/activerecord-3.2.8/lib/active_record/fixtures.rb:579:in `table_rows'
    /usr/local/rvm/gems/ruby-1.9.3-p194/gems/activerecord-3.2.8/lib/active_record/fixtures.rb:494:in `block (3 levels) in create_fixtures'
    /usr/local/rvm/gems/ruby-1.9.3-p194/gems/activerecord-3.2.8/lib/active_record/fixtures.rb:492:in `each'
    /usr/local/rvm/gems/ruby-1.9.3-p194/gems/activerecord-3.2.8/lib/active_record/fixtures.rb:492:in `block (2 levels) in create_fixtures'
    /usr/local/rvm/gems/ruby-1.9.3-p194/gems/activerecord-3.2.8/lib/active_record/connection_adapters/abstract/database_statements.rb:192:in `transaction'
    /usr/local/rvm/gems/ruby-1.9.3-p194/gems/activerecord-3.2.8/lib/active_record/fixtures.rb:491:in `block in create_fixtures'
    /usr/local/rvm/gems/ruby-1.9.3-p194/gems/activerecord-3.2.8/lib/active_record/connection_adapters/abstract_adapter.rb:168:in `disable_referential_integrity'
    /usr/local/rvm/gems/ruby-1.9.3-p194/gems/activerecord-3.2.8/lib/active_record/fixtures.rb:476:in `create_fixtures'
    /usr/local/rvm/gems/ruby-1.9.3-p194/gems/activerecord-3.2.8/lib/active_record/fixtures.rb:895:in `load_fixtures'
    /usr/local/rvm/gems/ruby-1.9.3-p194/gems/activerecord-3.2.8/lib/active_record/fixtures.rb:849:in `setup_fixtures'
    /usr/local/rvm/gems/ruby-1.9.3-p194/gems/activesupport-3.2.8/lib/active_support/callbacks.rb:429:in `_run__365778464__setup__526699606__callbacks'
    /usr/local/rvm/gems/ruby-1.9.3-p194/gems/activesupport-3.2.8/lib/active_support/callbacks.rb:405:in `__run_callback'
    /usr/local/rvm/gems/ruby-1.9.3-p194/gems/activesupport-3.2.8/lib/active_support/callbacks.rb:385:in `_run_setup_callbacks'
    /usr/local/rvm/gems/ruby-1.9.3-p194/gems/activesupport-3.2.8/lib/active_support/callbacks.rb:81:in `run_callbacks'
    /usr/local/rvm/gems/ruby-1.9.3-p194/gems/activesupport-3.2.8/lib/active_support/testing/setup_and_teardown.rb:35:in `run'

7 tests, 0 assertions, 0 failures, 7 errors, 0 skips
Run options: -n "/^(test_should_get_contact|test_should_get_home)$/"

# Running tests:

EE

Finished tests in 0.060628s, 32.9883 tests/s, 0.0000 assertions/s.

  1) Error:
test_should_get_contact(PagesControllerTest):
ActiveRecord::StatementInvalid: Could not find table 'users'
    /usr/local/rvm/gems/ruby-1.9.3-p194/gems/activerecord-3.2.8/lib/active_record/connection_adapters/sqlite_adapter.rb:472:in `table_structure'
    /usr/local/rvm/gems/ruby-1.9.3-p194/gems/activerecord-3.2.8/lib/active_record/connection_adapters/sqlite_adapter.rb:346:in `columns'
    /usr/local/rvm/gems/ruby-1.9.3-p194/gems/activerecord-3.2.8/lib/active_record/fixtures.rb:660:in `column_names'
    /usr/local/rvm/gems/ruby-1.9.3-p194/gems/activerecord-3.2.8/lib/active_record/fixtures.rb:652:in `timestamp_column_names'
    /usr/local/rvm/gems/ruby-1.9.3-p194/gems/activerecord-3.2.8/lib/active_record/fixtures.rb:585:in `block in table_rows'
    /usr/local/rvm/gems/ruby-1.9.3-p194/gems/activerecord-3.2.8/lib/active_record/fixtures.rb:579:in `each'
    /usr/local/rvm/gems/ruby-1.9.3-p194/gems/activerecord-3.2.8/lib/active_record/fixtures.rb:579:in `map'
    /usr/local/rvm/gems/ruby-1.9.3-p194/gems/activerecord-3.2.8/lib/active_record/fixtures.rb:579:in `table_rows'
    /usr/local/rvm/gems/ruby-1.9.3-p194/gems/activerecord-3.2.8/lib/active_record/fixtures.rb:494:in `block (3 levels) in create_fixtures'
    /usr/local/rvm/gems/ruby-1.9.3-p194/gems/activerecord-3.2.8/lib/active_record/fixtures.rb:492:in `each'
    /usr/local/rvm/gems/ruby-1.9.3-p194/gems/activerecord-3.2.8/lib/active_record/fixtures.rb:492:in `block (2 levels) in create_fixtures'
    /usr/local/rvm/gems/ruby-1.9.3-p194/gems/activerecord-3.2.8/lib/active_record/connection_adapters/abstract/database_statements.rb:192:in `transaction'
    /usr/local/rvm/gems/ruby-1.9.3-p194/gems/activerecord-3.2.8/lib/active_record/fixtures.rb:491:in `block in create_fixtures'
    /usr/local/rvm/gems/ruby-1.9.3-p194/gems/activerecord-3.2.8/lib/active_record/connection_adapters/abstract_adapter.rb:168:in `disable_referential_integrity'
    /usr/local/rvm/gems/ruby-1.9.3-p194/gems/activerecord-3.2.8/lib/active_record/fixtures.rb:476:in `create_fixtures'
    /usr/local/rvm/gems/ruby-1.9.3-p194/gems/activerecord-3.2.8/lib/active_record/fixtures.rb:895:in `load_fixtures'
    /usr/local/rvm/gems/ruby-1.9.3-p194/gems/activerecord-3.2.8/lib/active_record/fixtures.rb:849:in `setup_fixtures'
    /usr/local/rvm/gems/ruby-1.9.3-p194/gems/activesupport-3.2.8/lib/active_support/callbacks.rb:429:in `_run__295613739__setup__312851545__callbacks'
    /usr/local/rvm/gems/ruby-1.9.3-p194/gems/activesupport-3.2.8/lib/active_support/callbacks.rb:405:in `__run_callback'
    /usr/local/rvm/gems/ruby-1.9.3-p194/gems/activesupport-3.2.8/lib/active_support/callbacks.rb:385:in `_run_setup_callbacks'
    /usr/local/rvm/gems/ruby-1.9.3-p194/gems/activesupport-3.2.8/lib/active_support/callbacks.rb:81:in `run_callbacks'
    /usr/local/rvm/gems/ruby-1.9.3-p194/gems/activesupport-3.2.8/lib/active_support/testing/setup_and_teardown.rb:35:in `run'

  2) Error:
test_should_get_home(PagesControllerTest):
ActiveRecord::StatementInvalid: Could not find table 'users'
    /usr/local/rvm/gems/ruby-1.9.3-p194/gems/activerecord-3.2.8/lib/active_record/connection_adapters/sqlite_adapter.rb:472:in `table_structure'
    /usr/local/rvm/gems/ruby-1.9.3-p194/gems/activerecord-3.2.8/lib/active_record/connection_adapters/sqlite_adapter.rb:346:in `columns'
    /usr/local/rvm/gems/ruby-1.9.3-p194/gems/activerecord-3.2.8/lib/active_record/fixtures.rb:660:in `column_names'
    /usr/local/rvm/gems/ruby-1.9.3-p194/gems/activerecord-3.2.8/lib/active_record/fixtures.rb:652:in `timestamp_column_names'
    /usr/local/rvm/gems/ruby-1.9.3-p194/gems/activerecord-3.2.8/lib/active_record/fixtures.rb:585:in `block in table_rows'
    /usr/local/rvm/gems/ruby-1.9.3-p194/gems/activerecord-3.2.8/lib/active_record/fixtures.rb:579:in `each'
    /usr/local/rvm/gems/ruby-1.9.3-p194/gems/activerecord-3.2.8/lib/active_record/fixtures.rb:579:in `map'
    /usr/local/rvm/gems/ruby-1.9.3-p194/gems/activerecord-3.2.8/lib/active_record/fixtures.rb:579:in `table_rows'
    /usr/local/rvm/gems/ruby-1.9.3-p194/gems/activerecord-3.2.8/lib/active_record/fixtures.rb:494:in `block (3 levels) in create_fixtures'
    /usr/local/rvm/gems/ruby-1.9.3-p194/gems/activerecord-3.2.8/lib/active_record/fixtures.rb:492:in `each'
    /usr/local/rvm/gems/ruby-1.9.3-p194/gems/activerecord-3.2.8/lib/active_record/fixtures.rb:492:in `block (2 levels) in create_fixtures'
    /usr/local/rvm/gems/ruby-1.9.3-p194/gems/activerecord-3.2.8/lib/active_record/connection_adapters/abstract/database_statements.rb:192:in `transaction'
    /usr/local/rvm/gems/ruby-1.9.3-p194/gems/activerecord-3.2.8/lib/active_record/fixtures.rb:491:in `block in create_fixtures'
    /usr/local/rvm/gems/ruby-1.9.3-p194/gems/activerecord-3.2.8/lib/active_record/connection_adapters/abstract_adapter.rb:168:in `disable_referential_integrity'
    /usr/local/rvm/gems/ruby-1.9.3-p194/gems/activerecord-3.2.8/lib/active_record/fixtures.rb:476:in `create_fixtures'
    /usr/local/rvm/gems/ruby-1.9.3-p194/gems/activerecord-3.2.8/lib/active_record/fixtures.rb:895:in `load_fixtures'
    /usr/local/rvm/gems/ruby-1.9.3-p194/gems/activerecord-3.2.8/lib/active_record/fixtures.rb:849:in `setup_fixtures'
    /usr/local/rvm/gems/ruby-1.9.3-p194/gems/activesupport-3.2.8/lib/active_support/callbacks.rb:429:in `_run__295613739__setup__312851545__callbacks'
    /usr/local/rvm/gems/ruby-1.9.3-p194/gems/activesupport-3.2.8/lib/active_support/callbacks.rb:405:in `__run_callback'
    /usr/local/rvm/gems/ruby-1.9.3-p194/gems/activesupport-3.2.8/lib/active_support/callbacks.rb:385:in `_run_setup_callbacks'
    /usr/local/rvm/gems/ruby-1.9.3-p194/gems/activesupport-3.2.8/lib/active_support/callbacks.rb:81:in `run_callbacks'
    /usr/local/rvm/gems/ruby-1.9.3-p194/gems/activesupport-3.2.8/lib/active_support/testing/setup_and_teardown.rb:35:in `run'

2 tests, 0 assertions, 0 failures, 2 errors, 0 skips
/usr/local/rvm/rubies/ruby-1.9.3-p194/bin/ruby -I.:lib:test -rubygems test/functional/microposts_controller_test.rb -n "/^(test_should_create_micropost|test_should_destroy_micropost|test_should_get_edit|test_should_get_index|test_should_get_new|test_should_show_micropost|test_should_update_micropost)$/"; /usr/local/rvm/rubies/ruby-1.9.3-p194/bin/ruby -I.:lib:test -rubygems test/functional/users_controller_test.rb -n "/^(test_should_create_user|test_should_destroy_user|test_should_get_edit|test_should_get_index|test_should_get_new|test_should_show_user|test_should_update_user)$/"; /usr/local/rvm/rubies/ruby-1.9.3-p194/bin/ruby -I.:lib:test -rubygems test/functional/pages_controller_test.rb -n "/^(test_should_get_contact|test_should_get_home)$/"
Run options: -n "/^(test_should_create_micropost|test_should_destroy_micropost|test_should_get_edit|test_should_get_index|test_should_get_new|test_should_show_micropost|test_should_update_micropost)$/"

# Running tests:

EEEEEEE

Finished tests in 0.108689s, 64.4038 tests/s, 0.0000 assertions/s.

  1) Error:
test_should_create_micropost(MicropostsControllerTest):
ActiveRecord::StatementInvalid: Could not find table 'users'
    /usr/local/rvm/gems/ruby-1.9.3-p194/gems/activerecord-3.2.8/lib/active_record/connection_adapters/sqlite_adapter.rb:472:in `table_structure'
    /usr/local/rvm/gems/ruby-1.9.3-p194/gems/activerecord-3.2.8/lib/active_record/connection_adapters/sqlite_adapter.rb:346:in `columns'
    /usr/local/rvm/gems/ruby-1.9.3-p194/gems/activerecord-3.2.8/lib/active_record/fixtures.rb:660:in `column_names'
    /usr/local/rvm/gems/ruby-1.9.3-p194/gems/activerecord-3.2.8/lib/active_record/fixtures.rb:652:in `timestamp_column_names'
    /usr/local/rvm/gems/ruby-1.9.3-p194/gems/activerecord-3.2.8/lib/active_record/fixtures.rb:585:in `block in table_rows'
    /usr/local/rvm/gems/ruby-1.9.3-p194/gems/activerecord-3.2.8/lib/active_record/fixtures.rb:579:in `each'
    /usr/local/rvm/gems/ruby-1.9.3-p194/gems/activerecord-3.2.8/lib/active_record/fixtures.rb:579:in `map'
    /usr/local/rvm/gems/ruby-1.9.3-p194/gems/activerecord-3.2.8/lib/active_record/fixtures.rb:579:in `table_rows'
    /usr/local/rvm/gems/ruby-1.9.3-p194/gems/activerecord-3.2.8/lib/active_record/fixtures.rb:494:in `block (3 levels) in create_fixtures'
    /usr/local/rvm/gems/ruby-1.9.3-p194/gems/activerecord-3.2.8/lib/active_record/fixtures.rb:492:in `each'
    /usr/local/rvm/gems/ruby-1.9.3-p194/gems/activerecord-3.2.8/lib/active_record/fixtures.rb:492:in `block (2 levels) in create_fixtures'
    /usr/local/rvm/gems/ruby-1.9.3-p194/gems/activerecord-3.2.8/lib/active_record/connection_adapters/abstract/database_statements.rb:192:in `transaction'
    /usr/local/rvm/gems/ruby-1.9.3-p194/gems/activerecord-3.2.8/lib/active_record/fixtures.rb:491:in `block in create_fixtures'
    /usr/local/rvm/gems/ruby-1.9.3-p194/gems/activerecord-3.2.8/lib/active_record/connection_adapters/abstract_adapter.rb:168:in `disable_referential_integrity'
    /usr/local/rvm/gems/ruby-1.9.3-p194/gems/activerecord-3.2.8/lib/active_record/fixtures.rb:476:in `create_fixtures'
    /usr/local/rvm/gems/ruby-1.9.3-p194/gems/activerecord-3.2.8/lib/active_record/fixtures.rb:895:in `load_fixtures'
    /usr/local/rvm/gems/ruby-1.9.3-p194/gems/activerecord-3.2.8/lib/active_record/fixtures.rb:849:in `setup_fixtures'
    /usr/local/rvm/gems/ruby-1.9.3-p194/gems/activesupport-3.2.8/lib/active_support/callbacks.rb:429:in `_run__346689450__setup__710728821__callbacks'
    /usr/local/rvm/gems/ruby-1.9.3-p194/gems/activesupport-3.2.8/lib/active_support/callbacks.rb:405:in `__run_callback'
    /usr/local/rvm/gems/ruby-1.9.3-p194/gems/activesupport-3.2.8/lib/active_support/callbacks.rb:385:in `_run_setup_callbacks'
    /usr/local/rvm/gems/ruby-1.9.3-p194/gems/activesupport-3.2.8/lib/active_support/callbacks.rb:81:in `run_callbacks'
    /usr/local/rvm/gems/ruby-1.9.3-p194/gems/activesupport-3.2.8/lib/active_support/testing/setup_and_teardown.rb:35:in `run'

  2) Error:
test_should_destroy_micropost(MicropostsControllerTest):
ActiveRecord::StatementInvalid: Could not find table 'users'
    /usr/local/rvm/gems/ruby-1.9.3-p194/gems/activerecord-3.2.8/lib/active_record/connection_adapters/sqlite_adapter.rb:472:in `table_structure'
    /usr/local/rvm/gems/ruby-1.9.3-p194/gems/activerecord-3.2.8/lib/active_record/connection_adapters/sqlite_adapter.rb:346:in `columns'
    /usr/local/rvm/gems/ruby-1.9.3-p194/gems/activerecord-3.2.8/lib/active_record/fixtures.rb:660:in `column_names'
    /usr/local/rvm/gems/ruby-1.9.3-p194/gems/activerecord-3.2.8/lib/active_record/fixtures.rb:652:in `timestamp_column_names'
    /usr/local/rvm/gems/ruby-1.9.3-p194/gems/activerecord-3.2.8/lib/active_record/fixtures.rb:585:in `block in table_rows'
    /usr/local/rvm/gems/ruby-1.9.3-p194/gems/activerecord-3.2.8/lib/active_record/fixtures.rb:579:in `each'
    /usr/local/rvm/gems/ruby-1.9.3-p194/gems/activerecord-3.2.8/lib/active_record/fixtures.rb:579:in `map'
    /usr/local/rvm/gems/ruby-1.9.3-p194/gems/activerecord-3.2.8/lib/active_record/fixtures.rb:579:in `table_rows'
    /usr/local/rvm/gems/ruby-1.9.3-p194/gems/activerecord-3.2.8/lib/active_record/fixtures.rb:494:in `block (3 levels) in create_fixtures'
    /usr/local/rvm/gems/ruby-1.9.3-p194/gems/activerecord-3.2.8/lib/active_record/fixtures.rb:492:in `each'
    /usr/local/rvm/gems/ruby-1.9.3-p194/gems/activerecord-3.2.8/lib/active_record/fixtures.rb:492:in `block (2 levels) in create_fixtures'
    /usr/local/rvm/gems/ruby-1.9.3-p194/gems/activerecord-3.2.8/lib/active_record/connection_adapters/abstract/database_statements.rb:192:in `transaction'
    /usr/local/rvm/gems/ruby-1.9.3-p194/gems/activerecord-3.2.8/lib/active_record/fixtures.rb:491:in `block in create_fixtures'
    /usr/local/rvm/gems/ruby-1.9.3-p194/gems/activerecord-3.2.8/lib/active_record/connection_adapters/abstract_adapter.rb:168:in `disable_referential_integrity'
    /usr/local/rvm/gems/ruby-1.9.3-p194/gems/activerecord-3.2.8/lib/active_record/fixtures.rb:476:in `create_fixtures'
    /usr/local/rvm/gems/ruby-1.9.3-p194/gems/activerecord-3.2.8/lib/active_record/fixtures.rb:895:in `load_fixtures'
    /usr/local/rvm/gems/ruby-1.9.3-p194/gems/activerecord-3.2.8/lib/active_record/fixtures.rb:849:in `setup_fixtures'
    /usr/local/rvm/gems/ruby-1.9.3-p194/gems/activesupport-3.2.8/lib/active_support/callbacks.rb:429:in `_run__346689450__setup__710728821__callbacks'
    /usr/local/rvm/gems/ruby-1.9.3-p194/gems/activesupport-3.2.8/lib/active_support/callbacks.rb:405:in `__run_callback'
    /usr/local/rvm/gems/ruby-1.9.3-p194/gems/activesupport-3.2.8/lib/active_support/callbacks.rb:385:in `_run_setup_callbacks'
    /usr/local/rvm/gems/ruby-1.9.3-p194/gems/activesupport-3.2.8/lib/active_support/callbacks.rb:81:in `run_callbacks'
    /usr/local/rvm/gems/ruby-1.9.3-p194/gems/activesupport-3.2.8/lib/active_support/testing/setup_and_teardown.rb:35:in `run'

  3) Error:
test_should_get_edit(MicropostsControllerTest):
ActiveRecord::StatementInvalid: Could not find table 'users'
    /usr/local/rvm/gems/ruby-1.9.3-p194/gems/activerecord-3.2.8/lib/active_record/connection_adapters/sqlite_adapter.rb:472:in `table_structure'
    /usr/local/rvm/gems/ruby-1.9.3-p194/gems/activerecord-3.2.8/lib/active_record/connection_adapters/sqlite_adapter.rb:346:in `columns'
    /usr/local/rvm/gems/ruby-1.9.3-p194/gems/activerecord-3.2.8/lib/active_record/fixtures.rb:660:in `column_names'
    /usr/local/rvm/gems/ruby-1.9.3-p194/gems/activerecord-3.2.8/lib/active_record/fixtures.rb:652:in `timestamp_column_names'
    /usr/local/rvm/gems/ruby-1.9.3-p194/gems/activerecord-3.2.8/lib/active_record/fixtures.rb:585:in `block in table_rows'
    /usr/local/rvm/gems/ruby-1.9.3-p194/gems/activerecord-3.2.8/lib/active_record/fixtures.rb:579:in `each'
    /usr/local/rvm/gems/ruby-1.9.3-p194/gems/activerecord-3.2.8/lib/active_record/fixtures.rb:579:in `map'
    /usr/local/rvm/gems/ruby-1.9.3-p194/gems/activerecord-3.2.8/lib/active_record/fixtures.rb:579:in `table_rows'
    /usr/local/rvm/gems/ruby-1.9.3-p194/gems/activerecord-3.2.8/lib/active_record/fixtures.rb:494:in `block (3 levels) in create_fixtures'
    /usr/local/rvm/gems/ruby-1.9.3-p194/gems/activerecord-3.2.8/lib/active_record/fixtures.rb:492:in `each'
    /usr/local/rvm/gems/ruby-1.9.3-p194/gems/activerecord-3.2.8/lib/active_record/fixtures.rb:492:in `block (2 levels) in create_fixtures'
    /usr/local/rvm/gems/ruby-1.9.3-p194/gems/activerecord-3.2.8/lib/active_record/connection_adapters/abstract/database_statements.rb:192:in `transaction'
    /usr/local/rvm/gems/ruby-1.9.3-p194/gems/activerecord-3.2.8/lib/active_record/fixtures.rb:491:in `block in create_fixtures'
    /usr/local/rvm/gems/ruby-1.9.3-p194/gems/activerecord-3.2.8/lib/active_record/connection_adapters/abstract_adapter.rb:168:in `disable_referential_integrity'
    /usr/local/rvm/gems/ruby-1.9.3-p194/gems/activerecord-3.2.8/lib/active_record/fixtures.rb:476:in `create_fixtures'
    /usr/local/rvm/gems/ruby-1.9.3-p194/gems/activerecord-3.2.8/lib/active_record/fixtures.rb:895:in `load_fixtures'
    /usr/local/rvm/gems/ruby-1.9.3-p194/gems/activerecord-3.2.8/lib/active_record/fixtures.rb:849:in `setup_fixtures'
    /usr/local/rvm/gems/ruby-1.9.3-p194/gems/activesupport-3.2.8/lib/active_support/callbacks.rb:429:in `_run__346689450__setup__710728821__callbacks'
    /usr/local/rvm/gems/ruby-1.9.3-p194/gems/activesupport-3.2.8/lib/active_support/callbacks.rb:405:in `__run_callback'
    /usr/local/rvm/gems/ruby-1.9.3-p194/gems/activesupport-3.2.8/lib/active_support/callbacks.rb:385:in `_run_setup_callbacks'
    /usr/local/rvm/gems/ruby-1.9.3-p194/gems/activesupport-3.2.8/lib/active_support/callbacks.rb:81:in `run_callbacks'
    /usr/local/rvm/gems/ruby-1.9.3-p194/gems/activesupport-3.2.8/lib/active_support/testing/setup_and_teardown.rb:35:in `run'

  4) Error:
test_should_get_index(MicropostsControllerTest):
ActiveRecord::StatementInvalid: Could not find table 'users'
    /usr/local/rvm/gems/ruby-1.9.3-p194/gems/activerecord-3.2.8/lib/active_record/connection_adapters/sqlite_adapter.rb:472:in `table_structure'
    /usr/local/rvm/gems/ruby-1.9.3-p194/gems/activerecord-3.2.8/lib/active_record/connection_adapters/sqlite_adapter.rb:346:in `columns'
    /usr/local/rvm/gems/ruby-1.9.3-p194/gems/activerecord-3.2.8/lib/active_record/fixtures.rb:660:in `column_names'
    /usr/local/rvm/gems/ruby-1.9.3-p194/gems/activerecord-3.2.8/lib/active_record/fixtures.rb:652:in `timestamp_column_names'
    /usr/local/rvm/gems/ruby-1.9.3-p194/gems/activerecord-3.2.8/lib/active_record/fixtures.rb:585:in `block in table_rows'
    /usr/local/rvm/gems/ruby-1.9.3-p194/gems/activerecord-3.2.8/lib/active_record/fixtures.rb:579:in `each'
    /usr/local/rvm/gems/ruby-1.9.3-p194/gems/activerecord-3.2.8/lib/active_record/fixtures.rb:579:in `map'
    /usr/local/rvm/gems/ruby-1.9.3-p194/gems/activerecord-3.2.8/lib/active_record/fixtures.rb:579:in `table_rows'
    /usr/local/rvm/gems/ruby-1.9.3-p194/gems/activerecord-3.2.8/lib/active_record/fixtures.rb:494:in `block (3 levels) in create_fixtures'
    /usr/local/rvm/gems/ruby-1.9.3-p194/gems/activerecord-3.2.8/lib/active_record/fixtures.rb:492:in `each'
    /usr/local/rvm/gems/ruby-1.9.3-p194/gems/activerecord-3.2.8/lib/active_record/fixtures.rb:492:in `block (2 levels) in create_fixtures'
    /usr/local/rvm/gems/ruby-1.9.3-p194/gems/activerecord-3.2.8/lib/active_record/connection_adapters/abstract/database_statements.rb:192:in `transaction'
    /usr/local/rvm/gems/ruby-1.9.3-p194/gems/activerecord-3.2.8/lib/active_record/fixtures.rb:491:in `block in create_fixtures'
    /usr/local/rvm/gems/ruby-1.9.3-p194/gems/activerecord-3.2.8/lib/active_record/connection_adapters/abstract_adapter.rb:168:in `disable_referential_integrity'
    /usr/local/rvm/gems/ruby-1.9.3-p194/gems/activerecord-3.2.8/lib/active_record/fixtures.rb:476:in `create_fixtures'
    /usr/local/rvm/gems/ruby-1.9.3-p194/gems/activerecord-3.2.8/lib/active_record/fixtures.rb:895:in `load_fixtures'
    /usr/local/rvm/gems/ruby-1.9.3-p194/gems/activerecord-3.2.8/lib/active_record/fixtures.rb:849:in `setup_fixtures'
    /usr/local/rvm/gems/ruby-1.9.3-p194/gems/activesupport-3.2.8/lib/active_support/callbacks.rb:429:in `_run__346689450__setup__710728821__callbacks'
    /usr/local/rvm/gems/ruby-1.9.3-p194/gems/activesupport-3.2.8/lib/active_support/callbacks.rb:405:in `__run_callback'
    /usr/local/rvm/gems/ruby-1.9.3-p194/gems/activesupport-3.2.8/lib/active_support/callbacks.rb:385:in `_run_setup_callbacks'
    /usr/local/rvm/gems/ruby-1.9.3-p194/gems/activesupport-3.2.8/lib/active_support/callbacks.rb:81:in `run_callbacks'
    /usr/local/rvm/gems/ruby-1.9.3-p194/gems/activesupport-3.2.8/lib/active_support/testing/setup_and_teardown.rb:35:in `run'

  5) Error:
test_should_get_new(MicropostsControllerTest):
ActiveRecord::StatementInvalid: Could not find table 'users'
    /usr/local/rvm/gems/ruby-1.9.3-p194/gems/activerecord-3.2.8/lib/active_record/connection_adapters/sqlite_adapter.rb:472:in `table_structure'
    /usr/local/rvm/gems/ruby-1.9.3-p194/gems/activerecord-3.2.8/lib/active_record/connection_adapters/sqlite_adapter.rb:346:in `columns'
    /usr/local/rvm/gems/ruby-1.9.3-p194/gems/activerecord-3.2.8/lib/active_record/fixtures.rb:660:in `column_names'
    /usr/local/rvm/gems/ruby-1.9.3-p194/gems/activerecord-3.2.8/lib/active_record/fixtures.rb:652:in `timestamp_column_names'
    /usr/local/rvm/gems/ruby-1.9.3-p194/gems/activerecord-3.2.8/lib/active_record/fixtures.rb:585:in `block in table_rows'
    /usr/local/rvm/gems/ruby-1.9.3-p194/gems/activerecord-3.2.8/lib/active_record/fixtures.rb:579:in `each'
    /usr/local/rvm/gems/ruby-1.9.3-p194/gems/activerecord-3.2.8/lib/active_record/fixtures.rb:579:in `map'
    /usr/local/rvm/gems/ruby-1.9.3-p194/gems/activerecord-3.2.8/lib/active_record/fixtures.rb:579:in `table_rows'
    /usr/local/rvm/gems/ruby-1.9.3-p194/gems/activerecord-3.2.8/lib/active_record/fixtures.rb:494:in `block (3 levels) in create_fixtures'
    /usr/local/rvm/gems/ruby-1.9.3-p194/gems/activerecord-3.2.8/lib/active_record/fixtures.rb:492:in `each'
    /usr/local/rvm/gems/ruby-1.9.3-p194/gems/activerecord-3.2.8/lib/active_record/fixtures.rb:492:in `block (2 levels) in create_fixtures'
    /usr/local/rvm/gems/ruby-1.9.3-p194/gems/activerecord-3.2.8/lib/active_record/connection_adapters/abstract/database_statements.rb:192:in `transaction'
    /usr/local/rvm/gems/ruby-1.9.3-p194/gems/activerecord-3.2.8/lib/active_record/fixtures.rb:491:in `block in create_fixtures'
    /usr/local/rvm/gems/ruby-1.9.3-p194/gems/activerecord-3.2.8/lib/active_record/connection_adapters/abstract_adapter.rb:168:in `disable_referential_integrity'
    /usr/local/rvm/gems/ruby-1.9.3-p194/gems/activerecord-3.2.8/lib/active_record/fixtures.rb:476:in `create_fixtures'
    /usr/local/rvm/gems/ruby-1.9.3-p194/gems/activerecord-3.2.8/lib/active_record/fixtures.rb:895:in `load_fixtures'
    /usr/local/rvm/gems/ruby-1.9.3-p194/gems/activerecord-3.2.8/lib/active_record/fixtures.rb:849:in `setup_fixtures'
    /usr/local/rvm/gems/ruby-1.9.3-p194/gems/activesupport-3.2.8/lib/active_support/callbacks.rb:429:in `_run__346689450__setup__710728821__callbacks'
    /usr/local/rvm/gems/ruby-1.9.3-p194/gems/activesupport-3.2.8/lib/active_support/callbacks.rb:405:in `__run_callback'
    /usr/local/rvm/gems/ruby-1.9.3-p194/gems/activesupport-3.2.8/lib/active_support/callbacks.rb:385:in `_run_setup_callbacks'
    /usr/local/rvm/gems/ruby-1.9.3-p194/gems/activesupport-3.2.8/lib/active_support/callbacks.rb:81:in `run_callbacks'
    /usr/local/rvm/gems/ruby-1.9.3-p194/gems/activesupport-3.2.8/lib/active_support/testing/setup_and_teardown.rb:35:in `run'

  6) Error:
test_should_show_micropost(MicropostsControllerTest):
ActiveRecord::StatementInvalid: Could not find table 'users'
    /usr/local/rvm/gems/ruby-1.9.3-p194/gems/activerecord-3.2.8/lib/active_record/connection_adapters/sqlite_adapter.rb:472:in `table_structure'
    /usr/local/rvm/gems/ruby-1.9.3-p194/gems/activerecord-3.2.8/lib/active_record/connection_adapters/sqlite_adapter.rb:346:in `columns'
    /usr/local/rvm/gems/ruby-1.9.3-p194/gems/activerecord-3.2.8/lib/active_record/fixtures.rb:660:in `column_names'
    /usr/local/rvm/gems/ruby-1.9.3-p194/gems/activerecord-3.2.8/lib/active_record/fixtures.rb:652:in `timestamp_column_names'
    /usr/local/rvm/gems/ruby-1.9.3-p194/gems/activerecord-3.2.8/lib/active_record/fixtures.rb:585:in `block in table_rows'
    /usr/local/rvm/gems/ruby-1.9.3-p194/gems/activerecord-3.2.8/lib/active_record/fixtures.rb:579:in `each'
    /usr/local/rvm/gems/ruby-1.9.3-p194/gems/activerecord-3.2.8/lib/active_record/fixtures.rb:579:in `map'
    /usr/local/rvm/gems/ruby-1.9.3-p194/gems/activerecord-3.2.8/lib/active_record/fixtures.rb:579:in `table_rows'
    /usr/local/rvm/gems/ruby-1.9.3-p194/gems/activerecord-3.2.8/lib/active_record/fixtures.rb:494:in `block (3 levels) in create_fixtures'
    /usr/local/rvm/gems/ruby-1.9.3-p194/gems/activerecord-3.2.8/lib/active_record/fixtures.rb:492:in `each'
    /usr/local/rvm/gems/ruby-1.9.3-p194/gems/activerecord-3.2.8/lib/active_record/fixtures.rb:492:in `block (2 levels) in create_fixtures'
    /usr/local/rvm/gems/ruby-1.9.3-p194/gems/activerecord-3.2.8/lib/active_record/connection_adapters/abstract/database_statements.rb:192:in `transaction'
    /usr/local/rvm/gems/ruby-1.9.3-p194/gems/activerecord-3.2.8/lib/active_record/fixtures.rb:491:in `block in create_fixtures'
    /usr/local/rvm/gems/ruby-1.9.3-p194/gems/activerecord-3.2.8/lib/active_record/connection_adapters/abstract_adapter.rb:168:in `disable_referential_integrity'
    /usr/local/rvm/gems/ruby-1.9.3-p194/gems/activerecord-3.2.8/lib/active_record/fixtures.rb:476:in `create_fixtures'
    /usr/local/rvm/gems/ruby-1.9.3-p194/gems/activerecord-3.2.8/lib/active_record/fixtures.rb:895:in `load_fixtures'
    /usr/local/rvm/gems/ruby-1.9.3-p194/gems/activerecord-3.2.8/lib/active_record/fixtures.rb:849:in `setup_fixtures'
    /usr/local/rvm/gems/ruby-1.9.3-p194/gems/activesupport-3.2.8/lib/active_support/callbacks.rb:429:in `_run__346689450__setup__710728821__callbacks'
    /usr/local/rvm/gems/ruby-1.9.3-p194/gems/activesupport-3.2.8/lib/active_support/callbacks.rb:405:in `__run_callback'
    /usr/local/rvm/gems/ruby-1.9.3-p194/gems/activesupport-3.2.8/lib/active_support/callbacks.rb:385:in `_run_setup_callbacks'
    /usr/local/rvm/gems/ruby-1.9.3-p194/gems/activesupport-3.2.8/lib/active_support/callbacks.rb:81:in `run_callbacks'
    /usr/local/rvm/gems/ruby-1.9.3-p194/gems/activesupport-3.2.8/lib/active_support/testing/setup_and_teardown.rb:35:in `run'

  7) Error:
test_should_update_micropost(MicropostsControllerTest):
ActiveRecord::StatementInvalid: Could not find table 'users'
    /usr/local/rvm/gems/ruby-1.9.3-p194/gems/activerecord-3.2.8/lib/active_record/connection_adapters/sqlite_adapter.rb:472:in `table_structure'
    /usr/local/rvm/gems/ruby-1.9.3-p194/gems/activerecord-3.2.8/lib/active_record/connection_adapters/sqlite_adapter.rb:346:in `columns'
    /usr/local/rvm/gems/ruby-1.9.3-p194/gems/activerecord-3.2.8/lib/active_record/fixtures.rb:660:in `column_names'
    /usr/local/rvm/gems/ruby-1.9.3-p194/gems/activerecord-3.2.8/lib/active_record/fixtures.rb:652:in `timestamp_column_names'
    /usr/local/rvm/gems/ruby-1.9.3-p194/gems/activerecord-3.2.8/lib/active_record/fixtures.rb:585:in `block in table_rows'
    /usr/local/rvm/gems/ruby-1.9.3-p194/gems/activerecord-3.2.8/lib/active_record/fixtures.rb:579:in `each'
    /usr/local/rvm/gems/ruby-1.9.3-p194/gems/activerecord-3.2.8/lib/active_record/fixtures.rb:579:in `map'
    /usr/local/rvm/gems/ruby-1.9.3-p194/gems/activerecord-3.2.8/lib/active_record/fixtures.rb:579:in `table_rows'
    /usr/local/rvm/gems/ruby-1.9.3-p194/gems/activerecord-3.2.8/lib/active_record/fixtures.rb:494:in `block (3 levels) in create_fixtures'
    /usr/local/rvm/gems/ruby-1.9.3-p194/gems/activerecord-3.2.8/lib/active_record/fixtures.rb:492:in `each'
    /usr/local/rvm/gems/ruby-1.9.3-p194/gems/activerecord-3.2.8/lib/active_record/fixtures.rb:492:in `block (2 levels) in create_fixtures'
    /usr/local/rvm/gems/ruby-1.9.3-p194/gems/activerecord-3.2.8/lib/active_record/connection_adapters/abstract/database_statements.rb:192:in `transaction'
    /usr/local/rvm/gems/ruby-1.9.3-p194/gems/activerecord-3.2.8/lib/active_record/fixtures.rb:491:in `block in create_fixtures'
    /usr/local/rvm/gems/ruby-1.9.3-p194/gems/activerecord-3.2.8/lib/active_record/connection_adapters/abstract_adapter.rb:168:in `disable_referential_integrity'
    /usr/local/rvm/gems/ruby-1.9.3-p194/gems/activerecord-3.2.8/lib/active_record/fixtures.rb:476:in `create_fixtures'
    /usr/local/rvm/gems/ruby-1.9.3-p194/gems/activerecord-3.2.8/lib/active_record/fixtures.rb:895:in `load_fixtures'
    /usr/local/rvm/gems/ruby-1.9.3-p194/gems/activerecord-3.2.8/lib/active_record/fixtures.rb:849:in `setup_fixtures'
    /usr/local/rvm/gems/ruby-1.9.3-p194/gems/activesupport-3.2.8/lib/active_support/callbacks.rb:429:in `_run__346689450__setup__710728821__callbacks'
    /usr/local/rvm/gems/ruby-1.9.3-p194/gems/activesupport-3.2.8/lib/active_support/callbacks.rb:405:in `__run_callback'
    /usr/local/rvm/gems/ruby-1.9.3-p194/gems/activesupport-3.2.8/lib/active_support/callbacks.rb:385:in `_run_setup_callbacks'
    /usr/local/rvm/gems/ruby-1.9.3-p194/gems/activesupport-3.2.8/lib/active_support/callbacks.rb:81:in `run_callbacks'
    /usr/local/rvm/gems/ruby-1.9.3-p194/gems/activesupport-3.2.8/lib/active_support/testing/setup_and_teardown.rb:35:in `run'

7 tests, 0 assertions, 0 failures, 7 errors, 0 skips
Run options: -n "/^(test_should_create_user|test_should_destroy_user|test_should_get_edit|test_should_get_index|test_should_get_new|test_should_show_user|test_should_update_user)$/"

# Running tests:

EEEEEEE

Finished tests in 0.106371s, 65.8074 tests/s, 0.0000 assertions/s.

  1) Error:
test_should_create_user(UsersControllerTest):
ActiveRecord::StatementInvalid: Could not find table 'users'
    /usr/local/rvm/gems/ruby-1.9.3-p194/gems/activerecord-3.2.8/lib/active_record/connection_adapters/sqlite_adapter.rb:472:in `table_structure'
    /usr/local/rvm/gems/ruby-1.9.3-p194/gems/activerecord-3.2.8/lib/active_record/connection_adapters/sqlite_adapter.rb:346:in `columns'
    /usr/local/rvm/gems/ruby-1.9.3-p194/gems/activerecord-3.2.8/lib/active_record/fixtures.rb:660:in `column_names'
    /usr/local/rvm/gems/ruby-1.9.3-p194/gems/activerecord-3.2.8/lib/active_record/fixtures.rb:652:in `timestamp_column_names'
    /usr/local/rvm/gems/ruby-1.9.3-p194/gems/activerecord-3.2.8/lib/active_record/fixtures.rb:585:in `block in table_rows'
    /usr/local/rvm/gems/ruby-1.9.3-p194/gems/activerecord-3.2.8/lib/active_record/fixtures.rb:579:in `each'
    /usr/local/rvm/gems/ruby-1.9.3-p194/gems/activerecord-3.2.8/lib/active_record/fixtures.rb:579:in `map'
    /usr/local/rvm/gems/ruby-1.9.3-p194/gems/activerecord-3.2.8/lib/active_record/fixtures.rb:579:in `table_rows'
    /usr/local/rvm/gems/ruby-1.9.3-p194/gems/activerecord-3.2.8/lib/active_record/fixtures.rb:494:in `block (3 levels) in create_fixtures'
    /usr/local/rvm/gems/ruby-1.9.3-p194/gems/activerecord-3.2.8/lib/active_record/fixtures.rb:492:in `each'
    /usr/local/rvm/gems/ruby-1.9.3-p194/gems/activerecord-3.2.8/lib/active_record/fixtures.rb:492:in `block (2 levels) in create_fixtures'
    /usr/local/rvm/gems/ruby-1.9.3-p194/gems/activerecord-3.2.8/lib/active_record/connection_adapters/abstract/database_statements.rb:192:in `transaction'
    /usr/local/rvm/gems/ruby-1.9.3-p194/gems/activerecord-3.2.8/lib/active_record/fixtures.rb:491:in `block in create_fixtures'
    /usr/local/rvm/gems/ruby-1.9.3-p194/gems/activerecord-3.2.8/lib/active_record/connection_adapters/abstract_adapter.rb:168:in `disable_referential_integrity'
    /usr/local/rvm/gems/ruby-1.9.3-p194/gems/activerecord-3.2.8/lib/active_record/fixtures.rb:476:in `create_fixtures'
    /usr/local/rvm/gems/ruby-1.9.3-p194/gems/activerecord-3.2.8/lib/active_record/fixtures.rb:895:in `load_fixtures'
    /usr/local/rvm/gems/ruby-1.9.3-p194/gems/activerecord-3.2.8/lib/active_record/fixtures.rb:849:in `setup_fixtures'
    /usr/local/rvm/gems/ruby-1.9.3-p194/gems/activesupport-3.2.8/lib/active_support/callbacks.rb:429:in `_run__320252845__setup__949877299__callbacks'
    /usr/local/rvm/gems/ruby-1.9.3-p194/gems/activesupport-3.2.8/lib/active_support/callbacks.rb:405:in `__run_callback'
    /usr/local/rvm/gems/ruby-1.9.3-p194/gems/activesupport-3.2.8/lib/active_support/callbacks.rb:385:in `_run_setup_callbacks'
    /usr/local/rvm/gems/ruby-1.9.3-p194/gems/activesupport-3.2.8/lib/active_support/callbacks.rb:81:in `run_callbacks'
    /usr/local/rvm/gems/ruby-1.9.3-p194/gems/activesupport-3.2.8/lib/active_support/testing/setup_and_teardown.rb:35:in `run'

  2) Error:
test_should_destroy_user(UsersControllerTest):
ActiveRecord::StatementInvalid: Could not find table 'users'
    /usr/local/rvm/gems/ruby-1.9.3-p194/gems/activerecord-3.2.8/lib/active_record/connection_adapters/sqlite_adapter.rb:472:in `table_structure'
    /usr/local/rvm/gems/ruby-1.9.3-p194/gems/activerecord-3.2.8/lib/active_record/connection_adapters/sqlite_adapter.rb:346:in `columns'
    /usr/local/rvm/gems/ruby-1.9.3-p194/gems/activerecord-3.2.8/lib/active_record/fixtures.rb:660:in `column_names'
    /usr/local/rvm/gems/ruby-1.9.3-p194/gems/activerecord-3.2.8/lib/active_record/fixtures.rb:652:in `timestamp_column_names'
    /usr/local/rvm/gems/ruby-1.9.3-p194/gems/activerecord-3.2.8/lib/active_record/fixtures.rb:585:in `block in table_rows'
    /usr/local/rvm/gems/ruby-1.9.3-p194/gems/activerecord-3.2.8/lib/active_record/fixtures.rb:579:in `each'
    /usr/local/rvm/gems/ruby-1.9.3-p194/gems/activerecord-3.2.8/lib/active_record/fixtures.rb:579:in `map'
    /usr/local/rvm/gems/ruby-1.9.3-p194/gems/activerecord-3.2.8/lib/active_record/fixtures.rb:579:in `table_rows'
    /usr/local/rvm/gems/ruby-1.9.3-p194/gems/activerecord-3.2.8/lib/active_record/fixtures.rb:494:in `block (3 levels) in create_fixtures'
    /usr/local/rvm/gems/ruby-1.9.3-p194/gems/activerecord-3.2.8/lib/active_record/fixtures.rb:492:in `each'
    /usr/local/rvm/gems/ruby-1.9.3-p194/gems/activerecord-3.2.8/lib/active_record/fixtures.rb:492:in `block (2 levels) in create_fixtures'
    /usr/local/rvm/gems/ruby-1.9.3-p194/gems/activerecord-3.2.8/lib/active_record/connection_adapters/abstract/database_statements.rb:192:in `transaction'
    /usr/local/rvm/gems/ruby-1.9.3-p194/gems/activerecord-3.2.8/lib/active_record/fixtures.rb:491:in `block in create_fixtures'
    /usr/local/rvm/gems/ruby-1.9.3-p194/gems/activerecord-3.2.8/lib/active_record/connection_adapters/abstract_adapter.rb:168:in `disable_referential_integrity'
    /usr/local/rvm/gems/ruby-1.9.3-p194/gems/activerecord-3.2.8/lib/active_record/fixtures.rb:476:in `create_fixtures'
    /usr/local/rvm/gems/ruby-1.9.3-p194/gems/activerecord-3.2.8/lib/active_record/fixtures.rb:895:in `load_fixtures'
    /usr/local/rvm/gems/ruby-1.9.3-p194/gems/activerecord-3.2.8/lib/active_record/fixtures.rb:849:in `setup_fixtures'
    /usr/local/rvm/gems/ruby-1.9.3-p194/gems/activesupport-3.2.8/lib/active_support/callbacks.rb:429:in `_run__320252845__setup__949877299__callbacks'
    /usr/local/rvm/gems/ruby-1.9.3-p194/gems/activesupport-3.2.8/lib/active_support/callbacks.rb:405:in `__run_callback'
    /usr/local/rvm/gems/ruby-1.9.3-p194/gems/activesupport-3.2.8/lib/active_support/callbacks.rb:385:in `_run_setup_callbacks'
    /usr/local/rvm/gems/ruby-1.9.3-p194/gems/activesupport-3.2.8/lib/active_support/callbacks.rb:81:in `run_callbacks'
    /usr/local/rvm/gems/ruby-1.9.3-p194/gems/activesupport-3.2.8/lib/active_support/testing/setup_and_teardown.rb:35:in `run'

  3) Error:
test_should_get_edit(UsersControllerTest):
ActiveRecord::StatementInvalid: Could not find table 'users'
    /usr/local/rvm/gems/ruby-1.9.3-p194/gems/activerecord-3.2.8/lib/active_record/connection_adapters/sqlite_adapter.rb:472:in `table_structure'
    /usr/local/rvm/gems/ruby-1.9.3-p194/gems/activerecord-3.2.8/lib/active_record/connection_adapters/sqlite_adapter.rb:346:in `columns'
    /usr/local/rvm/gems/ruby-1.9.3-p194/gems/activerecord-3.2.8/lib/active_record/fixtures.rb:660:in `column_names'
    /usr/local/rvm/gems/ruby-1.9.3-p194/gems/activerecord-3.2.8/lib/active_record/fixtures.rb:652:in `timestamp_column_names'
    /usr/local/rvm/gems/ruby-1.9.3-p194/gems/activerecord-3.2.8/lib/active_record/fixtures.rb:585:in `block in table_rows'
    /usr/local/rvm/gems/ruby-1.9.3-p194/gems/activerecord-3.2.8/lib/active_record/fixtures.rb:579:in `each'
    /usr/local/rvm/gems/ruby-1.9.3-p194/gems/activerecord-3.2.8/lib/active_record/fixtures.rb:579:in `map'
    /usr/local/rvm/gems/ruby-1.9.3-p194/gems/activerecord-3.2.8/lib/active_record/fixtures.rb:579:in `table_rows'
    /usr/local/rvm/gems/ruby-1.9.3-p194/gems/activerecord-3.2.8/lib/active_record/fixtures.rb:494:in `block (3 levels) in create_fixtures'
    /usr/local/rvm/gems/ruby-1.9.3-p194/gems/activerecord-3.2.8/lib/active_record/fixtures.rb:492:in `each'
    /usr/local/rvm/gems/ruby-1.9.3-p194/gems/activerecord-3.2.8/lib/active_record/fixtures.rb:492:in `block (2 levels) in create_fixtures'
    /usr/local/rvm/gems/ruby-1.9.3-p194/gems/activerecord-3.2.8/lib/active_record/connection_adapters/abstract/database_statements.rb:192:in `transaction'
    /usr/local/rvm/gems/ruby-1.9.3-p194/gems/activerecord-3.2.8/lib/active_record/fixtures.rb:491:in `block in create_fixtures'
    /usr/local/rvm/gems/ruby-1.9.3-p194/gems/activerecord-3.2.8/lib/active_record/connection_adapters/abstract_adapter.rb:168:in `disable_referential_integrity'
    /usr/local/rvm/gems/ruby-1.9.3-p194/gems/activerecord-3.2.8/lib/active_record/fixtures.rb:476:in `create_fixtures'
    /usr/local/rvm/gems/ruby-1.9.3-p194/gems/activerecord-3.2.8/lib/active_record/fixtures.rb:895:in `load_fixtures'
    /usr/local/rvm/gems/ruby-1.9.3-p194/gems/activerecord-3.2.8/lib/active_record/fixtures.rb:849:in `setup_fixtures'
    /usr/local/rvm/gems/ruby-1.9.3-p194/gems/activesupport-3.2.8/lib/active_support/callbacks.rb:429:in `_run__320252845__setup__949877299__callbacks'
    /usr/local/rvm/gems/ruby-1.9.3-p194/gems/activesupport-3.2.8/lib/active_support/callbacks.rb:405:in `__run_callback'
    /usr/local/rvm/gems/ruby-1.9.3-p194/gems/activesupport-3.2.8/lib/active_support/callbacks.rb:385:in `_run_setup_callbacks'
    /usr/local/rvm/gems/ruby-1.9.3-p194/gems/activesupport-3.2.8/lib/active_support/callbacks.rb:81:in `run_callbacks'
    /usr/local/rvm/gems/ruby-1.9.3-p194/gems/activesupport-3.2.8/lib/active_support/testing/setup_and_teardown.rb:35:in `run'

  4) Error:
test_should_get_index(UsersControllerTest):
ActiveRecord::StatementInvalid: Could not find table 'users'
    /usr/local/rvm/gems/ruby-1.9.3-p194/gems/activerecord-3.2.8/lib/active_record/connection_adapters/sqlite_adapter.rb:472:in `table_structure'
    /usr/local/rvm/gems/ruby-1.9.3-p194/gems/activerecord-3.2.8/lib/active_record/connection_adapters/sqlite_adapter.rb:346:in `columns'
    /usr/local/rvm/gems/ruby-1.9.3-p194/gems/activerecord-3.2.8/lib/active_record/fixtures.rb:660:in `column_names'
    /usr/local/rvm/gems/ruby-1.9.3-p194/gems/activerecord-3.2.8/lib/active_record/fixtures.rb:652:in `timestamp_column_names'
    /usr/local/rvm/gems/ruby-1.9.3-p194/gems/activerecord-3.2.8/lib/active_record/fixtures.rb:585:in `block in table_rows'
    /usr/local/rvm/gems/ruby-1.9.3-p194/gems/activerecord-3.2.8/lib/active_record/fixtures.rb:579:in `each'
    /usr/local/rvm/gems/ruby-1.9.3-p194/gems/activerecord-3.2.8/lib/active_record/fixtures.rb:579:in `map'
    /usr/local/rvm/gems/ruby-1.9.3-p194/gems/activerecord-3.2.8/lib/active_record/fixtures.rb:579:in `table_rows'
    /usr/local/rvm/gems/ruby-1.9.3-p194/gems/activerecord-3.2.8/lib/active_record/fixtures.rb:494:in `block (3 levels) in create_fixtures'
    /usr/local/rvm/gems/ruby-1.9.3-p194/gems/activerecord-3.2.8/lib/active_record/fixtures.rb:492:in `each'
    /usr/local/rvm/gems/ruby-1.9.3-p194/gems/activerecord-3.2.8/lib/active_record/fixtures.rb:492:in `block (2 levels) in create_fixtures'
    /usr/local/rvm/gems/ruby-1.9.3-p194/gems/activerecord-3.2.8/lib/active_record/connection_adapters/abstract/database_statements.rb:192:in `transaction'
    /usr/local/rvm/gems/ruby-1.9.3-p194/gems/activerecord-3.2.8/lib/active_record/fixtures.rb:491:in `block in create_fixtures'
    /usr/local/rvm/gems/ruby-1.9.3-p194/gems/activerecord-3.2.8/lib/active_record/connection_adapters/abstract_adapter.rb:168:in `disable_referential_integrity'
    /usr/local/rvm/gems/ruby-1.9.3-p194/gems/activerecord-3.2.8/lib/active_record/fixtures.rb:476:in `create_fixtures'
    /usr/local/rvm/gems/ruby-1.9.3-p194/gems/activerecord-3.2.8/lib/active_record/fixtures.rb:895:in `load_fixtures'
    /usr/local/rvm/gems/ruby-1.9.3-p194/gems/activerecord-3.2.8/lib/active_record/fixtures.rb:849:in `setup_fixtures'
    /usr/local/rvm/gems/ruby-1.9.3-p194/gems/activesupport-3.2.8/lib/active_support/callbacks.rb:429:in `_run__320252845__setup__949877299__callbacks'
    /usr/local/rvm/gems/ruby-1.9.3-p194/gems/activesupport-3.2.8/lib/active_support/callbacks.rb:405:in `__run_callback'
    /usr/local/rvm/gems/ruby-1.9.3-p194/gems/activesupport-3.2.8/lib/active_support/callbacks.rb:385:in `_run_setup_callbacks'
    /usr/local/rvm/gems/ruby-1.9.3-p194/gems/activesupport-3.2.8/lib/active_support/callbacks.rb:81:in `run_callbacks'
    /usr/local/rvm/gems/ruby-1.9.3-p194/gems/activesupport-3.2.8/lib/active_support/testing/setup_and_teardown.rb:35:in `run'

  5) Error:
test_should_get_new(UsersControllerTest):
ActiveRecord::StatementInvalid: Could not find table 'users'
    /usr/local/rvm/gems/ruby-1.9.3-p194/gems/activerecord-3.2.8/lib/active_record/connection_adapters/sqlite_adapter.rb:472:in `table_structure'
    /usr/local/rvm/gems/ruby-1.9.3-p194/gems/activerecord-3.2.8/lib/active_record/connection_adapters/sqlite_adapter.rb:346:in `columns'
    /usr/local/rvm/gems/ruby-1.9.3-p194/gems/activerecord-3.2.8/lib/active_record/fixtures.rb:660:in `column_names'
    /usr/local/rvm/gems/ruby-1.9.3-p194/gems/activerecord-3.2.8/lib/active_record/fixtures.rb:652:in `timestamp_column_names'
    /usr/local/rvm/gems/ruby-1.9.3-p194/gems/activerecord-3.2.8/lib/active_record/fixtures.rb:585:in `block in table_rows'
    /usr/local/rvm/gems/ruby-1.9.3-p194/gems/activerecord-3.2.8/lib/active_record/fixtures.rb:579:in `each'
    /usr/local/rvm/gems/ruby-1.9.3-p194/gems/activerecord-3.2.8/lib/active_record/fixtures.rb:579:in `map'
    /usr/local/rvm/gems/ruby-1.9.3-p194/gems/activerecord-3.2.8/lib/active_record/fixtures.rb:579:in `table_rows'
    /usr/local/rvm/gems/ruby-1.9.3-p194/gems/activerecord-3.2.8/lib/active_record/fixtures.rb:494:in `block (3 levels) in create_fixtures'
    /usr/local/rvm/gems/ruby-1.9.3-p194/gems/activerecord-3.2.8/lib/active_record/fixtures.rb:492:in `each'
    /usr/local/rvm/gems/ruby-1.9.3-p194/gems/activerecord-3.2.8/lib/active_record/fixtures.rb:492:in `block (2 levels) in create_fixtures'
    /usr/local/rvm/gems/ruby-1.9.3-p194/gems/activerecord-3.2.8/lib/active_record/connection_adapters/abstract/database_statements.rb:192:in `transaction'
    /usr/local/rvm/gems/ruby-1.9.3-p194/gems/activerecord-3.2.8/lib/active_record/fixtures.rb:491:in `block in create_fixtures'
    /usr/local/rvm/gems/ruby-1.9.3-p194/gems/activerecord-3.2.8/lib/active_record/connection_adapters/abstract_adapter.rb:168:in `disable_referential_integrity'
    /usr/local/rvm/gems/ruby-1.9.3-p194/gems/activerecord-3.2.8/lib/active_record/fixtures.rb:476:in `create_fixtures'
    /usr/local/rvm/gems/ruby-1.9.3-p194/gems/activerecord-3.2.8/lib/active_record/fixtures.rb:895:in `load_fixtures'
    /usr/local/rvm/gems/ruby-1.9.3-p194/gems/activerecord-3.2.8/lib/active_record/fixtures.rb:849:in `setup_fixtures'
    /usr/local/rvm/gems/ruby-1.9.3-p194/gems/activesupport-3.2.8/lib/active_support/callbacks.rb:429:in `_run__320252845__setup__949877299__callbacks'
    /usr/local/rvm/gems/ruby-1.9.3-p194/gems/activesupport-3.2.8/lib/active_support/callbacks.rb:405:in `__run_callback'
    /usr/local/rvm/gems/ruby-1.9.3-p194/gems/activesupport-3.2.8/lib/active_support/callbacks.rb:385:in `_run_setup_callbacks'
    /usr/local/rvm/gems/ruby-1.9.3-p194/gems/activesupport-3.2.8/lib/active_support/callbacks.rb:81:in `run_callbacks'
    /usr/local/rvm/gems/ruby-1.9.3-p194/gems/activesupport-3.2.8/lib/active_support/testing/setup_and_teardown.rb:35:in `run'

  6) Error:
test_should_show_user(UsersControllerTest):
ActiveRecord::StatementInvalid: Could not find table 'users'
    /usr/local/rvm/gems/ruby-1.9.3-p194/gems/activerecord-3.2.8/lib/active_record/connection_adapters/sqlite_adapter.rb:472:in `table_structure'
    /usr/local/rvm/gems/ruby-1.9.3-p194/gems/activerecord-3.2.8/lib/active_record/connection_adapters/sqlite_adapter.rb:346:in `columns'
    /usr/local/rvm/gems/ruby-1.9.3-p194/gems/activerecord-3.2.8/lib/active_record/fixtures.rb:660:in `column_names'
    /usr/local/rvm/gems/ruby-1.9.3-p194/gems/activerecord-3.2.8/lib/active_record/fixtures.rb:652:in `timestamp_column_names'
    /usr/local/rvm/gems/ruby-1.9.3-p194/gems/activerecord-3.2.8/lib/active_record/fixtures.rb:585:in `block in table_rows'
    /usr/local/rvm/gems/ruby-1.9.3-p194/gems/activerecord-3.2.8/lib/active_record/fixtures.rb:579:in `each'
    /usr/local/rvm/gems/ruby-1.9.3-p194/gems/activerecord-3.2.8/lib/active_record/fixtures.rb:579:in `map'
    /usr/local/rvm/gems/ruby-1.9.3-p194/gems/activerecord-3.2.8/lib/active_record/fixtures.rb:579:in `table_rows'
    /usr/local/rvm/gems/ruby-1.9.3-p194/gems/activerecord-3.2.8/lib/active_record/fixtures.rb:494:in `block (3 levels) in create_fixtures'
    /usr/local/rvm/gems/ruby-1.9.3-p194/gems/activerecord-3.2.8/lib/active_record/fixtures.rb:492:in `each'
    /usr/local/rvm/gems/ruby-1.9.3-p194/gems/activerecord-3.2.8/lib/active_record/fixtures.rb:492:in `block (2 levels) in create_fixtures'
    /usr/local/rvm/gems/ruby-1.9.3-p194/gems/activerecord-3.2.8/lib/active_record/connection_adapters/abstract/database_statements.rb:192:in `transaction'
    /usr/local/rvm/gems/ruby-1.9.3-p194/gems/activerecord-3.2.8/lib/active_record/fixtures.rb:491:in `block in create_fixtures'
    /usr/local/rvm/gems/ruby-1.9.3-p194/gems/activerecord-3.2.8/lib/active_record/connection_adapters/abstract_adapter.rb:168:in `disable_referential_integrity'
    /usr/local/rvm/gems/ruby-1.9.3-p194/gems/activerecord-3.2.8/lib/active_record/fixtures.rb:476:in `create_fixtures'
    /usr/local/rvm/gems/ruby-1.9.3-p194/gems/activerecord-3.2.8/lib/active_record/fixtures.rb:895:in `load_fixtures'
    /usr/local/rvm/gems/ruby-1.9.3-p194/gems/activerecord-3.2.8/lib/active_record/fixtures.rb:849:in `setup_fixtures'
    /usr/local/rvm/gems/ruby-1.9.3-p194/gems/activesupport-3.2.8/lib/active_support/callbacks.rb:429:in `_run__320252845__setup__949877299__callbacks'
    /usr/local/rvm/gems/ruby-1.9.3-p194/gems/activesupport-3.2.8/lib/active_support/callbacks.rb:405:in `__run_callback'
    /usr/local/rvm/gems/ruby-1.9.3-p194/gems/activesupport-3.2.8/lib/active_support/callbacks.rb:385:in `_run_setup_callbacks'
    /usr/local/rvm/gems/ruby-1.9.3-p194/gems/activesupport-3.2.8/lib/active_support/callbacks.rb:81:in `run_callbacks'
    /usr/local/rvm/gems/ruby-1.9.3-p194/gems/activesupport-3.2.8/lib/active_support/testing/setup_and_teardown.rb:35:in `run'

  7) Error:
test_should_update_user(UsersControllerTest):
ActiveRecord::StatementInvalid: Could not find table 'users'
    /usr/local/rvm/gems/ruby-1.9.3-p194/gems/activerecord-3.2.8/lib/active_record/connection_adapters/sqlite_adapter.rb:472:in `table_structure'
    /usr/local/rvm/gems/ruby-1.9.3-p194/gems/activerecord-3.2.8/lib/active_record/connection_adapters/sqlite_adapter.rb:346:in `columns'
    /usr/local/rvm/gems/ruby-1.9.3-p194/gems/activerecord-3.2.8/lib/active_record/fixtures.rb:660:in `column_names'
    /usr/local/rvm/gems/ruby-1.9.3-p194/gems/activerecord-3.2.8/lib/active_record/fixtures.rb:652:in `timestamp_column_names'
    /usr/local/rvm/gems/ruby-1.9.3-p194/gems/activerecord-3.2.8/lib/active_record/fixtures.rb:585:in `block in table_rows'
    /usr/local/rvm/gems/ruby-1.9.3-p194/gems/activerecord-3.2.8/lib/active_record/fixtures.rb:579:in `each'
    /usr/local/rvm/gems/ruby-1.9.3-p194/gems/activerecord-3.2.8/lib/active_record/fixtures.rb:579:in `map'
    /usr/local/rvm/gems/ruby-1.9.3-p194/gems/activerecord-3.2.8/lib/active_record/fixtures.rb:579:in `table_rows'
    /usr/local/rvm/gems/ruby-1.9.3-p194/gems/activerecord-3.2.8/lib/active_record/fixtures.rb:494:in `block (3 levels) in create_fixtures'
    /usr/local/rvm/gems/ruby-1.9.3-p194/gems/activerecord-3.2.8/lib/active_record/fixtures.rb:492:in `each'
    /usr/local/rvm/gems/ruby-1.9.3-p194/gems/activerecord-3.2.8/lib/active_record/fixtures.rb:492:in `block (2 levels) in create_fixtures'
    /usr/local/rvm/gems/ruby-1.9.3-p194/gems/activerecord-3.2.8/lib/active_record/connection_adapters/abstract/database_statements.rb:192:in `transaction'
    /usr/local/rvm/gems/ruby-1.9.3-p194/gems/activerecord-3.2.8/lib/active_record/fixtures.rb:491:in `block in create_fixtures'
    /usr/local/rvm/gems/ruby-1.9.3-p194/gems/activerecord-3.2.8/lib/active_record/connection_adapters/abstract_adapter.rb:168:in `disable_referential_integrity'
    /usr/local/rvm/gems/ruby-1.9.3-p194/gems/activerecord-3.2.8/lib/active_record/fixtures.rb:476:in `create_fixtures'
    /usr/local/rvm/gems/ruby-1.9.3-p194/gems/activerecord-3.2.8/lib/active_record/fixtures.rb:895:in `load_fixtures'
    /usr/local/rvm/gems/ruby-1.9.3-p194/gems/activerecord-3.2.8/lib/active_record/fixtures.rb:849:in `setup_fixtures'
    /usr/local/rvm/gems/ruby-1.9.3-p194/gems/activesupport-3.2.8/lib/active_support/callbacks.rb:429:in `_run__320252845__setup__949877299__callbacks'
    /usr/local/rvm/gems/ruby-1.9.3-p194/gems/activesupport-3.2.8/lib/active_support/callbacks.rb:405:in `__run_callback'
    /usr/local/rvm/gems/ruby-1.9.3-p194/gems/activesupport-3.2.8/lib/active_support/callbacks.rb:385:in `_run_setup_callbacks'
    /usr/local/rvm/gems/ruby-1.9.3-p194/gems/activesupport-3.2.8/lib/active_support/callbacks.rb:81:in `run_callbacks'
    /usr/local/rvm/gems/ruby-1.9.3-p194/gems/activesupport-3.2.8/lib/active_support/testing/setup_and_teardown.rb:35:in `run'

7 tests, 0 assertions, 0 failures, 7 errors, 0 skips
Run options: -n "/^(test_should_get_contact|test_should_get_home)$/"

# Running tests:

EE

Finished tests in 0.047733s, 41.8998 tests/s, 0.0000 assertions/s.

  1) Error:
test_should_get_contact(PagesControllerTest):
ActiveRecord::StatementInvalid: Could not find table 'users'
    /usr/local/rvm/gems/ruby-1.9.3-p194/gems/activerecord-3.2.8/lib/active_record/connection_adapters/sqlite_adapter.rb:472:in `table_structure'
    /usr/local/rvm/gems/ruby-1.9.3-p194/gems/activerecord-3.2.8/lib/active_record/connection_adapters/sqlite_adapter.rb:346:in `columns'
    /usr/local/rvm/gems/ruby-1.9.3-p194/gems/activerecord-3.2.8/lib/active_record/fixtures.rb:660:in `column_names'
    /usr/local/rvm/gems/ruby-1.9.3-p194/gems/activerecord-3.2.8/lib/active_record/fixtures.rb:652:in `timestamp_column_names'
    /usr/local/rvm/gems/ruby-1.9.3-p194/gems/activerecord-3.2.8/lib/active_record/fixtures.rb:585:in `block in table_rows'
    /usr/local/rvm/gems/ruby-1.9.3-p194/gems/activerecord-3.2.8/lib/active_record/fixtures.rb:579:in `each'
    /usr/local/rvm/gems/ruby-1.9.3-p194/gems/activerecord-3.2.8/lib/active_record/fixtures.rb:579:in `map'
    /usr/local/rvm/gems/ruby-1.9.3-p194/gems/activerecord-3.2.8/lib/active_record/fixtures.rb:579:in `table_rows'
    /usr/local/rvm/gems/ruby-1.9.3-p194/gems/activerecord-3.2.8/lib/active_record/fixtures.rb:494:in `block (3 levels) in create_fixtures'
    /usr/local/rvm/gems/ruby-1.9.3-p194/gems/activerecord-3.2.8/lib/active_record/fixtures.rb:492:in `each'
    /usr/local/rvm/gems/ruby-1.9.3-p194/gems/activerecord-3.2.8/lib/active_record/fixtures.rb:492:in `block (2 levels) in create_fixtures'
    /usr/local/rvm/gems/ruby-1.9.3-p194/gems/activerecord-3.2.8/lib/active_record/connection_adapters/abstract/database_statements.rb:192:in `transaction'
    /usr/local/rvm/gems/ruby-1.9.3-p194/gems/activerecord-3.2.8/lib/active_record/fixtures.rb:491:in `block in create_fixtures'
    /usr/local/rvm/gems/ruby-1.9.3-p194/gems/activerecord-3.2.8/lib/active_record/connection_adapters/abstract_adapter.rb:168:in `disable_referential_integrity'
    /usr/local/rvm/gems/ruby-1.9.3-p194/gems/activerecord-3.2.8/lib/active_record/fixtures.rb:476:in `create_fixtures'
    /usr/local/rvm/gems/ruby-1.9.3-p194/gems/activerecord-3.2.8/lib/active_record/fixtures.rb:895:in `load_fixtures'
    /usr/local/rvm/gems/ruby-1.9.3-p194/gems/activerecord-3.2.8/lib/active_record/fixtures.rb:849:in `setup_fixtures'
    /usr/local/rvm/gems/ruby-1.9.3-p194/gems/activesupport-3.2.8/lib/active_support/callbacks.rb:429:in `_run__932239518__setup__801975685__callbacks'
    /usr/local/rvm/gems/ruby-1.9.3-p194/gems/activesupport-3.2.8/lib/active_support/callbacks.rb:405:in `__run_callback'
    /usr/local/rvm/gems/ruby-1.9.3-p194/gems/activesupport-3.2.8/lib/active_support/callbacks.rb:385:in `_run_setup_callbacks'
    /usr/local/rvm/gems/ruby-1.9.3-p194/gems/activesupport-3.2.8/lib/active_support/callbacks.rb:81:in `run_callbacks'
    /usr/local/rvm/gems/ruby-1.9.3-p194/gems/activesupport-3.2.8/lib/active_support/testing/setup_and_teardown.rb:35:in `run'

  2) Error:
test_should_get_home(PagesControllerTest):
ActiveRecord::StatementInvalid: Could not find table 'users'
    /usr/local/rvm/gems/ruby-1.9.3-p194/gems/activerecord-3.2.8/lib/active_record/connection_adapters/sqlite_adapter.rb:472:in `table_structure'
    /usr/local/rvm/gems/ruby-1.9.3-p194/gems/activerecord-3.2.8/lib/active_record/connection_adapters/sqlite_adapter.rb:346:in `columns'
    /usr/local/rvm/gems/ruby-1.9.3-p194/gems/activerecord-3.2.8/lib/active_record/fixtures.rb:660:in `column_names'
    /usr/local/rvm/gems/ruby-1.9.3-p194/gems/activerecord-3.2.8/lib/active_record/fixtures.rb:652:in `timestamp_column_names'
    /usr/local/rvm/gems/ruby-1.9.3-p194/gems/activerecord-3.2.8/lib/active_record/fixtures.rb:585:in `block in table_rows'
    /usr/local/rvm/gems/ruby-1.9.3-p194/gems/activerecord-3.2.8/lib/active_record/fixtures.rb:579:in `each'
    /usr/local/rvm/gems/ruby-1.9.3-p194/gems/activerecord-3.2.8/lib/active_record/fixtures.rb:579:in `map'
    /usr/local/rvm/gems/ruby-1.9.3-p194/gems/activerecord-3.2.8/lib/active_record/fixtures.rb:579:in `table_rows'
    /usr/local/rvm/gems/ruby-1.9.3-p194/gems/activerecord-3.2.8/lib/active_record/fixtures.rb:494:in `block (3 levels) in create_fixtures'
    /usr/local/rvm/gems/ruby-1.9.3-p194/gems/activerecord-3.2.8/lib/active_record/fixtures.rb:492:in `each'
    /usr/local/rvm/gems/ruby-1.9.3-p194/gems/activerecord-3.2.8/lib/active_record/fixtures.rb:492:in `block (2 levels) in create_fixtures'
    /usr/local/rvm/gems/ruby-1.9.3-p194/gems/activerecord-3.2.8/lib/active_record/connection_adapters/abstract/database_statements.rb:192:in `transaction'
    /usr/local/rvm/gems/ruby-1.9.3-p194/gems/activerecord-3.2.8/lib/active_record/fixtures.rb:491:in `block in create_fixtures'
    /usr/local/rvm/gems/ruby-1.9.3-p194/gems/activerecord-3.2.8/lib/active_record/connection_adapters/abstract_adapter.rb:168:in `disable_referential_integrity'
    /usr/local/rvm/gems/ruby-1.9.3-p194/gems/activerecord-3.2.8/lib/active_record/fixtures.rb:476:in `create_fixtures'
    /usr/local/rvm/gems/ruby-1.9.3-p194/gems/activerecord-3.2.8/lib/active_record/fixtures.rb:895:in `load_fixtures'
    /usr/local/rvm/gems/ruby-1.9.3-p194/gems/activerecord-3.2.8/lib/active_record/fixtures.rb:849:in `setup_fixtures'
    /usr/local/rvm/gems/ruby-1.9.3-p194/gems/activesupport-3.2.8/lib/active_support/callbacks.rb:429:in `_run__932239518__setup__801975685__callbacks'
    /usr/local/rvm/gems/ruby-1.9.3-p194/gems/activesupport-3.2.8/lib/active_support/callbacks.rb:405:in `__run_callback'
    /usr/local/rvm/gems/ruby-1.9.3-p194/gems/activesupport-3.2.8/lib/active_support/callbacks.rb:385:in `_run_setup_callbacks'
    /usr/local/rvm/gems/ruby-1.9.3-p194/gems/activesupport-3.2.8/lib/active_support/callbacks.rb:81:in `run_callbacks'
    /usr/local/rvm/gems/ruby-1.9.3-p194/gems/activesupport-3.2.8/lib/active_support/testing/setup_and_teardown.rb:35:in `run'

2 tests, 0 assertions, 0 failures, 2 errors, 0 skips
/usr/local/rvm/rubies/ruby-1.9.3-p194/bin/ruby -I.:lib:test -rubygems test/functional/microposts_controller_test.rb -n "/^(test_should_create_micropost|test_should_destroy_micropost|test_should_get_edit|test_should_get_index|test_should_get_new|test_should_show_micropost|test_should_update_micropost)$/"; /usr/local/rvm/rubies/ruby-1.9.3-p194/bin/ruby -I.:lib:test -rubygems test/functional/pages_controller_test.rb -n "/^(test_should_get_contact|test_should_get_home)$/"; /usr/local/rvm/rubies/ruby-1.9.3-p194/bin/ruby -I.:lib:test -rubygems test/functional/users_controller_test.rb -n "/^(test_should_create_user|test_should_destroy_user|test_should_get_edit|test_should_get_index|test_should_get_new|test_should_show_user|test_should_update_user)$/"
Run options: -n "/^(test_should_create_micropost|test_should_destroy_micropost|test_should_get_edit|test_should_get_index|test_should_get_new|test_should_show_micropost|test_should_update_micropost)$/"

# Running tests:

EEEEEEE

Finished tests in 0.101183s, 69.1814 tests/s, 0.0000 assertions/s.

  1) Error:
test_should_create_micropost(MicropostsControllerTest):
ActiveRecord::StatementInvalid: Could not find table 'users'
    /usr/local/rvm/gems/ruby-1.9.3-p194/gems/activerecord-3.2.8/lib/active_record/connection_adapters/sqlite_adapter.rb:472:in `table_structure'
    /usr/local/rvm/gems/ruby-1.9.3-p194/gems/activerecord-3.2.8/lib/active_record/connection_adapters/sqlite_adapter.rb:346:in `columns'
    /usr/local/rvm/gems/ruby-1.9.3-p194/gems/activerecord-3.2.8/lib/active_record/fixtures.rb:660:in `column_names'
    /usr/local/rvm/gems/ruby-1.9.3-p194/gems/activerecord-3.2.8/lib/active_record/fixtures.rb:652:in `timestamp_column_names'
    /usr/local/rvm/gems/ruby-1.9.3-p194/gems/activerecord-3.2.8/lib/active_record/fixtures.rb:585:in `block in table_rows'
    /usr/local/rvm/gems/ruby-1.9.3-p194/gems/activerecord-3.2.8/lib/active_record/fixtures.rb:579:in `each'
    /usr/local/rvm/gems/ruby-1.9.3-p194/gems/activerecord-3.2.8/lib/active_record/fixtures.rb:579:in `map'
    /usr/local/rvm/gems/ruby-1.9.3-p194/gems/activerecord-3.2.8/lib/active_record/fixtures.rb:579:in `table_rows'
    /usr/local/rvm/gems/ruby-1.9.3-p194/gems/activerecord-3.2.8/lib/active_record/fixtures.rb:494:in `block (3 levels) in create_fixtures'
    /usr/local/rvm/gems/ruby-1.9.3-p194/gems/activerecord-3.2.8/lib/active_record/fixtures.rb:492:in `each'
    /usr/local/rvm/gems/ruby-1.9.3-p194/gems/activerecord-3.2.8/lib/active_record/fixtures.rb:492:in `block (2 levels) in create_fixtures'
    /usr/local/rvm/gems/ruby-1.9.3-p194/gems/activerecord-3.2.8/lib/active_record/connection_adapters/abstract/database_statements.rb:192:in `transaction'
    /usr/local/rvm/gems/ruby-1.9.3-p194/gems/activerecord-3.2.8/lib/active_record/fixtures.rb:491:in `block in create_fixtures'
    /usr/local/rvm/gems/ruby-1.9.3-p194/gems/activerecord-3.2.8/lib/active_record/connection_adapters/abstract_adapter.rb:168:in `disable_referential_integrity'
    /usr/local/rvm/gems/ruby-1.9.3-p194/gems/activerecord-3.2.8/lib/active_record/fixtures.rb:476:in `create_fixtures'
    /usr/local/rvm/gems/ruby-1.9.3-p194/gems/activerecord-3.2.8/lib/active_record/fixtures.rb:895:in `load_fixtures'
    /usr/local/rvm/gems/ruby-1.9.3-p194/gems/activerecord-3.2.8/lib/active_record/fixtures.rb:849:in `setup_fixtures'
    /usr/local/rvm/gems/ruby-1.9.3-p194/gems/activesupport-3.2.8/lib/active_support/callbacks.rb:429:in `_run__275082437__setup__552991439__callbacks'
    /usr/local/rvm/gems/ruby-1.9.3-p194/gems/activesupport-3.2.8/lib/active_support/callbacks.rb:405:in `__run_callback'
    /usr/local/rvm/gems/ruby-1.9.3-p194/gems/activesupport-3.2.8/lib/active_support/callbacks.rb:385:in `_run_setup_callbacks'
    /usr/local/rvm/gems/ruby-1.9.3-p194/gems/activesupport-3.2.8/lib/active_support/callbacks.rb:81:in `run_callbacks'
    /usr/local/rvm/gems/ruby-1.9.3-p194/gems/activesupport-3.2.8/lib/active_support/testing/setup_and_teardown.rb:35:in `run'

  2) Error:
test_should_destroy_micropost(MicropostsControllerTest):
ActiveRecord::StatementInvalid: Could not find table 'users'
    /usr/local/rvm/gems/ruby-1.9.3-p194/gems/activerecord-3.2.8/lib/active_record/connection_adapters/sqlite_adapter.rb:472:in `table_structure'
    /usr/local/rvm/gems/ruby-1.9.3-p194/gems/activerecord-3.2.8/lib/active_record/connection_adapters/sqlite_adapter.rb:346:in `columns'
    /usr/local/rvm/gems/ruby-1.9.3-p194/gems/activerecord-3.2.8/lib/active_record/fixtures.rb:660:in `column_names'
    /usr/local/rvm/gems/ruby-1.9.3-p194/gems/activerecord-3.2.8/lib/active_record/fixtures.rb:652:in `timestamp_column_names'
    /usr/local/rvm/gems/ruby-1.9.3-p194/gems/activerecord-3.2.8/lib/active_record/fixtures.rb:585:in `block in table_rows'
    /usr/local/rvm/gems/ruby-1.9.3-p194/gems/activerecord-3.2.8/lib/active_record/fixtures.rb:579:in `each'
    /usr/local/rvm/gems/ruby-1.9.3-p194/gems/activerecord-3.2.8/lib/active_record/fixtures.rb:579:in `map'
    /usr/local/rvm/gems/ruby-1.9.3-p194/gems/activerecord-3.2.8/lib/active_record/fixtures.rb:579:in `table_rows'
    /usr/local/rvm/gems/ruby-1.9.3-p194/gems/activerecord-3.2.8/lib/active_record/fixtures.rb:494:in `block (3 levels) in create_fixtures'
    /usr/local/rvm/gems/ruby-1.9.3-p194/gems/activerecord-3.2.8/lib/active_record/fixtures.rb:492:in `each'
    /usr/local/rvm/gems/ruby-1.9.3-p194/gems/activerecord-3.2.8/lib/active_record/fixtures.rb:492:in `block (2 levels) in create_fixtures'
    /usr/local/rvm/gems/ruby-1.9.3-p194/gems/activerecord-3.2.8/lib/active_record/connection_adapters/abstract/database_statements.rb:192:in `transaction'
    /usr/local/rvm/gems/ruby-1.9.3-p194/gems/activerecord-3.2.8/lib/active_record/fixtures.rb:491:in `block in create_fixtures'
    /usr/local/rvm/gems/ruby-1.9.3-p194/gems/activerecord-3.2.8/lib/active_record/connection_adapters/abstract_adapter.rb:168:in `disable_referential_integrity'
    /usr/local/rvm/gems/ruby-1.9.3-p194/gems/activerecord-3.2.8/lib/active_record/fixtures.rb:476:in `create_fixtures'
    /usr/local/rvm/gems/ruby-1.9.3-p194/gems/activerecord-3.2.8/lib/active_record/fixtures.rb:895:in `load_fixtures'
    /usr/local/rvm/gems/ruby-1.9.3-p194/gems/activerecord-3.2.8/lib/active_record/fixtures.rb:849:in `setup_fixtures'
    /usr/local/rvm/gems/ruby-1.9.3-p194/gems/activesupport-3.2.8/lib/active_support/callbacks.rb:429:in `_run__275082437__setup__552991439__callbacks'
    /usr/local/rvm/gems/ruby-1.9.3-p194/gems/activesupport-3.2.8/lib/active_support/callbacks.rb:405:in `__run_callback'
    /usr/local/rvm/gems/ruby-1.9.3-p194/gems/activesupport-3.2.8/lib/active_support/callbacks.rb:385:in `_run_setup_callbacks'
    /usr/local/rvm/gems/ruby-1.9.3-p194/gems/activesupport-3.2.8/lib/active_support/callbacks.rb:81:in `run_callbacks'
    /usr/local/rvm/gems/ruby-1.9.3-p194/gems/activesupport-3.2.8/lib/active_support/testing/setup_and_teardown.rb:35:in `run'

  3) Error:
test_should_get_edit(MicropostsControllerTest):
ActiveRecord::StatementInvalid: Could not find table 'users'
    /usr/local/rvm/gems/ruby-1.9.3-p194/gems/activerecord-3.2.8/lib/active_record/connection_adapters/sqlite_adapter.rb:472:in `table_structure'
    /usr/local/rvm/gems/ruby-1.9.3-p194/gems/activerecord-3.2.8/lib/active_record/connection_adapters/sqlite_adapter.rb:346:in `columns'
    /usr/local/rvm/gems/ruby-1.9.3-p194/gems/activerecord-3.2.8/lib/active_record/fixtures.rb:660:in `column_names'
    /usr/local/rvm/gems/ruby-1.9.3-p194/gems/activerecord-3.2.8/lib/active_record/fixtures.rb:652:in `timestamp_column_names'
    /usr/local/rvm/gems/ruby-1.9.3-p194/gems/activerecord-3.2.8/lib/active_record/fixtures.rb:585:in `block in table_rows'
    /usr/local/rvm/gems/ruby-1.9.3-p194/gems/activerecord-3.2.8/lib/active_record/fixtures.rb:579:in `each'
    /usr/local/rvm/gems/ruby-1.9.3-p194/gems/activerecord-3.2.8/lib/active_record/fixtures.rb:579:in `map'
    /usr/local/rvm/gems/ruby-1.9.3-p194/gems/activerecord-3.2.8/lib/active_record/fixtures.rb:579:in `table_rows'
    /usr/local/rvm/gems/ruby-1.9.3-p194/gems/activerecord-3.2.8/lib/active_record/fixtures.rb:494:in `block (3 levels) in create_fixtures'
    /usr/local/rvm/gems/ruby-1.9.3-p194/gems/activerecord-3.2.8/lib/active_record/fixtures.rb:492:in `each'
    /usr/local/rvm/gems/ruby-1.9.3-p194/gems/activerecord-3.2.8/lib/active_record/fixtures.rb:492:in `block (2 levels) in create_fixtures'
    /usr/local/rvm/gems/ruby-1.9.3-p194/gems/activerecord-3.2.8/lib/active_record/connection_adapters/abstract/database_statements.rb:192:in `transaction'
    /usr/local/rvm/gems/ruby-1.9.3-p194/gems/activerecord-3.2.8/lib/active_record/fixtures.rb:491:in `block in create_fixtures'
    /usr/local/rvm/gems/ruby-1.9.3-p194/gems/activerecord-3.2.8/lib/active_record/connection_adapters/abstract_adapter.rb:168:in `disable_referential_integrity'
    /usr/local/rvm/gems/ruby-1.9.3-p194/gems/activerecord-3.2.8/lib/active_record/fixtures.rb:476:in `create_fixtures'
    /usr/local/rvm/gems/ruby-1.9.3-p194/gems/activerecord-3.2.8/lib/active_record/fixtures.rb:895:in `load_fixtures'
    /usr/local/rvm/gems/ruby-1.9.3-p194/gems/activerecord-3.2.8/lib/active_record/fixtures.rb:849:in `setup_fixtures'
    /usr/local/rvm/gems/ruby-1.9.3-p194/gems/activesupport-3.2.8/lib/active_support/callbacks.rb:429:in `_run__275082437__setup__552991439__callbacks'
    /usr/local/rvm/gems/ruby-1.9.3-p194/gems/activesupport-3.2.8/lib/active_support/callbacks.rb:405:in `__run_callback'
    /usr/local/rvm/gems/ruby-1.9.3-p194/gems/activesupport-3.2.8/lib/active_support/callbacks.rb:385:in `_run_setup_callbacks'
    /usr/local/rvm/gems/ruby-1.9.3-p194/gems/activesupport-3.2.8/lib/active_support/callbacks.rb:81:in `run_callbacks'
    /usr/local/rvm/gems/ruby-1.9.3-p194/gems/activesupport-3.2.8/lib/active_support/testing/setup_and_teardown.rb:35:in `run'

  4) Error:
test_should_get_index(MicropostsControllerTest):
ActiveRecord::StatementInvalid: Could not find table 'users'
    /usr/local/rvm/gems/ruby-1.9.3-p194/gems/activerecord-3.2.8/lib/active_record/connection_adapters/sqlite_adapter.rb:472:in `table_structure'
    /usr/local/rvm/gems/ruby-1.9.3-p194/gems/activerecord-3.2.8/lib/active_record/connection_adapters/sqlite_adapter.rb:346:in `columns'
    /usr/local/rvm/gems/ruby-1.9.3-p194/gems/activerecord-3.2.8/lib/active_record/fixtures.rb:660:in `column_names'
    /usr/local/rvm/gems/ruby-1.9.3-p194/gems/activerecord-3.2.8/lib/active_record/fixtures.rb:652:in `timestamp_column_names'
    /usr/local/rvm/gems/ruby-1.9.3-p194/gems/activerecord-3.2.8/lib/active_record/fixtures.rb:585:in `block in table_rows'
    /usr/local/rvm/gems/ruby-1.9.3-p194/gems/activerecord-3.2.8/lib/active_record/fixtures.rb:579:in `each'
    /usr/local/rvm/gems/ruby-1.9.3-p194/gems/activerecord-3.2.8/lib/active_record/fixtures.rb:579:in `map'
    /usr/local/rvm/gems/ruby-1.9.3-p194/gems/activerecord-3.2.8/lib/active_record/fixtures.rb:579:in `table_rows'
    /usr/local/rvm/gems/ruby-1.9.3-p194/gems/activerecord-3.2.8/lib/active_record/fixtures.rb:494:in `block (3 levels) in create_fixtures'
    /usr/local/rvm/gems/ruby-1.9.3-p194/gems/activerecord-3.2.8/lib/active_record/fixtures.rb:492:in `each'
    /usr/local/rvm/gems/ruby-1.9.3-p194/gems/activerecord-3.2.8/lib/active_record/fixtures.rb:492:in `block (2 levels) in create_fixtures'
    /usr/local/rvm/gems/ruby-1.9.3-p194/gems/activerecord-3.2.8/lib/active_record/connection_adapters/abstract/database_statements.rb:192:in `transaction'
    /usr/local/rvm/gems/ruby-1.9.3-p194/gems/activerecord-3.2.8/lib/active_record/fixtures.rb:491:in `block in create_fixtures'
    /usr/local/rvm/gems/ruby-1.9.3-p194/gems/activerecord-3.2.8/lib/active_record/connection_adapters/abstract_adapter.rb:168:in `disable_referential_integrity'
    /usr/local/rvm/gems/ruby-1.9.3-p194/gems/activerecord-3.2.8/lib/active_record/fixtures.rb:476:in `create_fixtures'
    /usr/local/rvm/gems/ruby-1.9.3-p194/gems/activerecord-3.2.8/lib/active_record/fixtures.rb:895:in `load_fixtures'
    /usr/local/rvm/gems/ruby-1.9.3-p194/gems/activerecord-3.2.8/lib/active_record/fixtures.rb:849:in `setup_fixtures'
    /usr/local/rvm/gems/ruby-1.9.3-p194/gems/activesupport-3.2.8/lib/active_support/callbacks.rb:429:in `_run__275082437__setup__552991439__callbacks'
    /usr/local/rvm/gems/ruby-1.9.3-p194/gems/activesupport-3.2.8/lib/active_support/callbacks.rb:405:in `__run_callback'
    /usr/local/rvm/gems/ruby-1.9.3-p194/gems/activesupport-3.2.8/lib/active_support/callbacks.rb:385:in `_run_setup_callbacks'
    /usr/local/rvm/gems/ruby-1.9.3-p194/gems/activesupport-3.2.8/lib/active_support/callbacks.rb:81:in `run_callbacks'
    /usr/local/rvm/gems/ruby-1.9.3-p194/gems/activesupport-3.2.8/lib/active_support/testing/setup_and_teardown.rb:35:in `run'

  5) Error:
test_should_get_new(MicropostsControllerTest):
ActiveRecord::StatementInvalid: Could not find table 'users'
    /usr/local/rvm/gems/ruby-1.9.3-p194/gems/activerecord-3.2.8/lib/active_record/connection_adapters/sqlite_adapter.rb:472:in `table_structure'
    /usr/local/rvm/gems/ruby-1.9.3-p194/gems/activerecord-3.2.8/lib/active_record/connection_adapters/sqlite_adapter.rb:346:in `columns'
    /usr/local/rvm/gems/ruby-1.9.3-p194/gems/activerecord-3.2.8/lib/active_record/fixtures.rb:660:in `column_names'
    /usr/local/rvm/gems/ruby-1.9.3-p194/gems/activerecord-3.2.8/lib/active_record/fixtures.rb:652:in `timestamp_column_names'
    /usr/local/rvm/gems/ruby-1.9.3-p194/gems/activerecord-3.2.8/lib/active_record/fixtures.rb:585:in `block in table_rows'
    /usr/local/rvm/gems/ruby-1.9.3-p194/gems/activerecord-3.2.8/lib/active_record/fixtures.rb:579:in `each'
    /usr/local/rvm/gems/ruby-1.9.3-p194/gems/activerecord-3.2.8/lib/active_record/fixtures.rb:579:in `map'
    /usr/local/rvm/gems/ruby-1.9.3-p194/gems/activerecord-3.2.8/lib/active_record/fixtures.rb:579:in `table_rows'
    /usr/local/rvm/gems/ruby-1.9.3-p194/gems/activerecord-3.2.8/lib/active_record/fixtures.rb:494:in `block (3 levels) in create_fixtures'
    /usr/local/rvm/gems/ruby-1.9.3-p194/gems/activerecord-3.2.8/lib/active_record/fixtures.rb:492:in `each'
    /usr/local/rvm/gems/ruby-1.9.3-p194/gems/activerecord-3.2.8/lib/active_record/fixtures.rb:492:in `block (2 levels) in create_fixtures'
    /usr/local/rvm/gems/ruby-1.9.3-p194/gems/activerecord-3.2.8/lib/active_record/connection_adapters/abstract/database_statements.rb:192:in `transaction'
    /usr/local/rvm/gems/ruby-1.9.3-p194/gems/activerecord-3.2.8/lib/active_record/fixtures.rb:491:in `block in create_fixtures'
    /usr/local/rvm/gems/ruby-1.9.3-p194/gems/activerecord-3.2.8/lib/active_record/connection_adapters/abstract_adapter.rb:168:in `disable_referential_integrity'
    /usr/local/rvm/gems/ruby-1.9.3-p194/gems/activerecord-3.2.8/lib/active_record/fixtures.rb:476:in `create_fixtures'
    /usr/local/rvm/gems/ruby-1.9.3-p194/gems/activerecord-3.2.8/lib/active_record/fixtures.rb:895:in `load_fixtures'
    /usr/local/rvm/gems/ruby-1.9.3-p194/gems/activerecord-3.2.8/lib/active_record/fixtures.rb:849:in `setup_fixtures'
    /usr/local/rvm/gems/ruby-1.9.3-p194/gems/activesupport-3.2.8/lib/active_support/callbacks.rb:429:in `_run__275082437__setup__552991439__callbacks'
    /usr/local/rvm/gems/ruby-1.9.3-p194/gems/activesupport-3.2.8/lib/active_support/callbacks.rb:405:in `__run_callback'
    /usr/local/rvm/gems/ruby-1.9.3-p194/gems/activesupport-3.2.8/lib/active_support/callbacks.rb:385:in `_run_setup_callbacks'
    /usr/local/rvm/gems/ruby-1.9.3-p194/gems/activesupport-3.2.8/lib/active_support/callbacks.rb:81:in `run_callbacks'
    /usr/local/rvm/gems/ruby-1.9.3-p194/gems/activesupport-3.2.8/lib/active_support/testing/setup_and_teardown.rb:35:in `run'

  6) Error:
test_should_show_micropost(MicropostsControllerTest):
ActiveRecord::StatementInvalid: Could not find table 'users'
    /usr/local/rvm/gems/ruby-1.9.3-p194/gems/activerecord-3.2.8/lib/active_record/connection_adapters/sqlite_adapter.rb:472:in `table_structure'
    /usr/local/rvm/gems/ruby-1.9.3-p194/gems/activerecord-3.2.8/lib/active_record/connection_adapters/sqlite_adapter.rb:346:in `columns'
    /usr/local/rvm/gems/ruby-1.9.3-p194/gems/activerecord-3.2.8/lib/active_record/fixtures.rb:660:in `column_names'
    /usr/local/rvm/gems/ruby-1.9.3-p194/gems/activerecord-3.2.8/lib/active_record/fixtures.rb:652:in `timestamp_column_names'
    /usr/local/rvm/gems/ruby-1.9.3-p194/gems/activerecord-3.2.8/lib/active_record/fixtures.rb:585:in `block in table_rows'
    /usr/local/rvm/gems/ruby-1.9.3-p194/gems/activerecord-3.2.8/lib/active_record/fixtures.rb:579:in `each'
    /usr/local/rvm/gems/ruby-1.9.3-p194/gems/activerecord-3.2.8/lib/active_record/fixtures.rb:579:in `map'
    /usr/local/rvm/gems/ruby-1.9.3-p194/gems/activerecord-3.2.8/lib/active_record/fixtures.rb:579:in `table_rows'
    /usr/local/rvm/gems/ruby-1.9.3-p194/gems/activerecord-3.2.8/lib/active_record/fixtures.rb:494:in `block (3 levels) in create_fixtures'
    /usr/local/rvm/gems/ruby-1.9.3-p194/gems/activerecord-3.2.8/lib/active_record/fixtures.rb:492:in `each'
    /usr/local/rvm/gems/ruby-1.9.3-p194/gems/activerecord-3.2.8/lib/active_record/fixtures.rb:492:in `block (2 levels) in create_fixtures'
    /usr/local/rvm/gems/ruby-1.9.3-p194/gems/activerecord-3.2.8/lib/active_record/connection_adapters/abstract/database_statements.rb:192:in `transaction'
    /usr/local/rvm/gems/ruby-1.9.3-p194/gems/activerecord-3.2.8/lib/active_record/fixtures.rb:491:in `block in create_fixtures'
    /usr/local/rvm/gems/ruby-1.9.3-p194/gems/activerecord-3.2.8/lib/active_record/connection_adapters/abstract_adapter.rb:168:in `disable_referential_integrity'
    /usr/local/rvm/gems/ruby-1.9.3-p194/gems/activerecord-3.2.8/lib/active_record/fixtures.rb:476:in `create_fixtures'
    /usr/local/rvm/gems/ruby-1.9.3-p194/gems/activerecord-3.2.8/lib/active_record/fixtures.rb:895:in `load_fixtures'
    /usr/local/rvm/gems/ruby-1.9.3-p194/gems/activerecord-3.2.8/lib/active_record/fixtures.rb:849:in `setup_fixtures'
    /usr/local/rvm/gems/ruby-1.9.3-p194/gems/activesupport-3.2.8/lib/active_support/callbacks.rb:429:in `_run__275082437__setup__552991439__callbacks'
    /usr/local/rvm/gems/ruby-1.9.3-p194/gems/activesupport-3.2.8/lib/active_support/callbacks.rb:405:in `__run_callback'
    /usr/local/rvm/gems/ruby-1.9.3-p194/gems/activesupport-3.2.8/lib/active_support/callbacks.rb:385:in `_run_setup_callbacks'
    /usr/local/rvm/gems/ruby-1.9.3-p194/gems/activesupport-3.2.8/lib/active_support/callbacks.rb:81:in `run_callbacks'
    /usr/local/rvm/gems/ruby-1.9.3-p194/gems/activesupport-3.2.8/lib/active_support/testing/setup_and_teardown.rb:35:in `run'

  7) Error:
test_should_update_micropost(MicropostsControllerTest):
ActiveRecord::StatementInvalid: Could not find table 'users'
    /usr/local/rvm/gems/ruby-1.9.3-p194/gems/activerecord-3.2.8/lib/active_record/connection_adapters/sqlite_adapter.rb:472:in `table_structure'
    /usr/local/rvm/gems/ruby-1.9.3-p194/gems/activerecord-3.2.8/lib/active_record/connection_adapters/sqlite_adapter.rb:346:in `columns'
    /usr/local/rvm/gems/ruby-1.9.3-p194/gems/activerecord-3.2.8/lib/active_record/fixtures.rb:660:in `column_names'
    /usr/local/rvm/gems/ruby-1.9.3-p194/gems/activerecord-3.2.8/lib/active_record/fixtures.rb:652:in `timestamp_column_names'
    /usr/local/rvm/gems/ruby-1.9.3-p194/gems/activerecord-3.2.8/lib/active_record/fixtures.rb:585:in `block in table_rows'
    /usr/local/rvm/gems/ruby-1.9.3-p194/gems/activerecord-3.2.8/lib/active_record/fixtures.rb:579:in `each'
    /usr/local/rvm/gems/ruby-1.9.3-p194/gems/activerecord-3.2.8/lib/active_record/fixtures.rb:579:in `map'
    /usr/local/rvm/gems/ruby-1.9.3-p194/gems/activerecord-3.2.8/lib/active_record/fixtures.rb:579:in `table_rows'
    /usr/local/rvm/gems/ruby-1.9.3-p194/gems/activerecord-3.2.8/lib/active_record/fixtures.rb:494:in `block (3 levels) in create_fixtures'
    /usr/local/rvm/gems/ruby-1.9.3-p194/gems/activerecord-3.2.8/lib/active_record/fixtures.rb:492:in `each'
    /usr/local/rvm/gems/ruby-1.9.3-p194/gems/activerecord-3.2.8/lib/active_record/fixtures.rb:492:in `block (2 levels) in create_fixtures'
    /usr/local/rvm/gems/ruby-1.9.3-p194/gems/activerecord-3.2.8/lib/active_record/connection_adapters/abstract/database_statements.rb:192:in `transaction'
    /usr/local/rvm/gems/ruby-1.9.3-p194/gems/activerecord-3.2.8/lib/active_record/fixtures.rb:491:in `block in create_fixtures'
    /usr/local/rvm/gems/ruby-1.9.3-p194/gems/activerecord-3.2.8/lib/active_record/connection_adapters/abstract_adapter.rb:168:in `disable_referential_integrity'
    /usr/local/rvm/gems/ruby-1.9.3-p194/gems/activerecord-3.2.8/lib/active_record/fixtures.rb:476:in `create_fixtures'
    /usr/local/rvm/gems/ruby-1.9.3-p194/gems/activerecord-3.2.8/lib/active_record/fixtures.rb:895:in `load_fixtures'
    /usr/local/rvm/gems/ruby-1.9.3-p194/gems/activerecord-3.2.8/lib/active_record/fixtures.rb:849:in `setup_fixtures'
    /usr/local/rvm/gems/ruby-1.9.3-p194/gems/activesupport-3.2.8/lib/active_support/callbacks.rb:429:in `_run__275082437__setup__552991439__callbacks'
    /usr/local/rvm/gems/ruby-1.9.3-p194/gems/activesupport-3.2.8/lib/active_support/callbacks.rb:405:in `__run_callback'
    /usr/local/rvm/gems/ruby-1.9.3-p194/gems/activesupport-3.2.8/lib/active_support/callbacks.rb:385:in `_run_setup_callbacks'
    /usr/local/rvm/gems/ruby-1.9.3-p194/gems/activesupport-3.2.8/lib/active_support/callbacks.rb:81:in `run_callbacks'
    /usr/local/rvm/gems/ruby-1.9.3-p194/gems/activesupport-3.2.8/lib/active_support/testing/setup_and_teardown.rb:35:in `run'

7 tests, 0 assertions, 0 failures, 7 errors, 0 skips
Run options: -n "/^(test_should_get_contact|test_should_get_home)$/"

# Running tests:

EE

Finished tests in 0.049904s, 40.0771 tests/s, 0.0000 assertions/s.

  1) Error:
test_should_get_contact(PagesControllerTest):
ActiveRecord::StatementInvalid: Could not find table 'users'
    /usr/local/rvm/gems/ruby-1.9.3-p194/gems/activerecord-3.2.8/lib/active_record/connection_adapters/sqlite_adapter.rb:472:in `table_structure'
    /usr/local/rvm/gems/ruby-1.9.3-p194/gems/activerecord-3.2.8/lib/active_record/connection_adapters/sqlite_adapter.rb:346:in `columns'
    /usr/local/rvm/gems/ruby-1.9.3-p194/gems/activerecord-3.2.8/lib/active_record/fixtures.rb:660:in `column_names'
    /usr/local/rvm/gems/ruby-1.9.3-p194/gems/activerecord-3.2.8/lib/active_record/fixtures.rb:652:in `timestamp_column_names'
    /usr/local/rvm/gems/ruby-1.9.3-p194/gems/activerecord-3.2.8/lib/active_record/fixtures.rb:585:in `block in table_rows'
    /usr/local/rvm/gems/ruby-1.9.3-p194/gems/activerecord-3.2.8/lib/active_record/fixtures.rb:579:in `each'
    /usr/local/rvm/gems/ruby-1.9.3-p194/gems/activerecord-3.2.8/lib/active_record/fixtures.rb:579:in `map'
    /usr/local/rvm/gems/ruby-1.9.3-p194/gems/activerecord-3.2.8/lib/active_record/fixtures.rb:579:in `table_rows'
    /usr/local/rvm/gems/ruby-1.9.3-p194/gems/activerecord-3.2.8/lib/active_record/fixtures.rb:494:in `block (3 levels) in create_fixtures'
    /usr/local/rvm/gems/ruby-1.9.3-p194/gems/activerecord-3.2.8/lib/active_record/fixtures.rb:492:in `each'
    /usr/local/rvm/gems/ruby-1.9.3-p194/gems/activerecord-3.2.8/lib/active_record/fixtures.rb:492:in `block (2 levels) in create_fixtures'
    /usr/local/rvm/gems/ruby-1.9.3-p194/gems/activerecord-3.2.8/lib/active_record/connection_adapters/abstract/database_statements.rb:192:in `transaction'
    /usr/local/rvm/gems/ruby-1.9.3-p194/gems/activerecord-3.2.8/lib/active_record/fixtures.rb:491:in `block in create_fixtures'
    /usr/local/rvm/gems/ruby-1.9.3-p194/gems/activerecord-3.2.8/lib/active_record/connection_adapters/abstract_adapter.rb:168:in `disable_referential_integrity'
    /usr/local/rvm/gems/ruby-1.9.3-p194/gems/activerecord-3.2.8/lib/active_record/fixtures.rb:476:in `create_fixtures'
    /usr/local/rvm/gems/ruby-1.9.3-p194/gems/activerecord-3.2.8/lib/active_record/fixtures.rb:895:in `load_fixtures'
    /usr/local/rvm/gems/ruby-1.9.3-p194/gems/activerecord-3.2.8/lib/active_record/fixtures.rb:849:in `setup_fixtures'
    /usr/local/rvm/gems/ruby-1.9.3-p194/gems/activesupport-3.2.8/lib/active_support/callbacks.rb:429:in `_run__49419306__setup__584197958__callbacks'
    /usr/local/rvm/gems/ruby-1.9.3-p194/gems/activesupport-3.2.8/lib/active_support/callbacks.rb:405:in `__run_callback'
    /usr/local/rvm/gems/ruby-1.9.3-p194/gems/activesupport-3.2.8/lib/active_support/callbacks.rb:385:in `_run_setup_callbacks'
    /usr/local/rvm/gems/ruby-1.9.3-p194/gems/activesupport-3.2.8/lib/active_support/callbacks.rb:81:in `run_callbacks'
    /usr/local/rvm/gems/ruby-1.9.3-p194/gems/activesupport-3.2.8/lib/active_support/testing/setup_and_teardown.rb:35:in `run'

  2) Error:
test_should_get_home(PagesControllerTest):
ActiveRecord::StatementInvalid: Could not find table 'users'
    /usr/local/rvm/gems/ruby-1.9.3-p194/gems/activerecord-3.2.8/lib/active_record/connection_adapters/sqlite_adapter.rb:472:in `table_structure'
    /usr/local/rvm/gems/ruby-1.9.3-p194/gems/activerecord-3.2.8/lib/active_record/connection_adapters/sqlite_adapter.rb:346:in `columns'
    /usr/local/rvm/gems/ruby-1.9.3-p194/gems/activerecord-3.2.8/lib/active_record/fixtures.rb:660:in `column_names'
    /usr/local/rvm/gems/ruby-1.9.3-p194/gems/activerecord-3.2.8/lib/active_record/fixtures.rb:652:in `timestamp_column_names'
    /usr/local/rvm/gems/ruby-1.9.3-p194/gems/activerecord-3.2.8/lib/active_record/fixtures.rb:585:in `block in table_rows'
    /usr/local/rvm/gems/ruby-1.9.3-p194/gems/activerecord-3.2.8/lib/active_record/fixtures.rb:579:in `each'
    /usr/local/rvm/gems/ruby-1.9.3-p194/gems/activerecord-3.2.8/lib/active_record/fixtures.rb:579:in `map'
    /usr/local/rvm/gems/ruby-1.9.3-p194/gems/activerecord-3.2.8/lib/active_record/fixtures.rb:579:in `table_rows'
    /usr/local/rvm/gems/ruby-1.9.3-p194/gems/activerecord-3.2.8/lib/active_record/fixtures.rb:494:in `block (3 levels) in create_fixtures'
    /usr/local/rvm/gems/ruby-1.9.3-p194/gems/activerecord-3.2.8/lib/active_record/fixtures.rb:492:in `each'
    /usr/local/rvm/gems/ruby-1.9.3-p194/gems/activerecord-3.2.8/lib/active_record/fixtures.rb:492:in `block (2 levels) in create_fixtures'
    /usr/local/rvm/gems/ruby-1.9.3-p194/gems/activerecord-3.2.8/lib/active_record/connection_adapters/abstract/database_statements.rb:192:in `transaction'
    /usr/local/rvm/gems/ruby-1.9.3-p194/gems/activerecord-3.2.8/lib/active_record/fixtures.rb:491:in `block in create_fixtures'
    /usr/local/rvm/gems/ruby-1.9.3-p194/gems/activerecord-3.2.8/lib/active_record/connection_adapters/abstract_adapter.rb:168:in `disable_referential_integrity'
    /usr/local/rvm/gems/ruby-1.9.3-p194/gems/activerecord-3.2.8/lib/active_record/fixtures.rb:476:in `create_fixtures'
    /usr/local/rvm/gems/ruby-1.9.3-p194/gems/activerecord-3.2.8/lib/active_record/fixtures.rb:895:in `load_fixtures'
    /usr/local/rvm/gems/ruby-1.9.3-p194/gems/activerecord-3.2.8/lib/active_record/fixtures.rb:849:in `setup_fixtures'
    /usr/local/rvm/gems/ruby-1.9.3-p194/gems/activesupport-3.2.8/lib/active_support/callbacks.rb:429:in `_run__49419306__setup__584197958__callbacks'
    /usr/local/rvm/gems/ruby-1.9.3-p194/gems/activesupport-3.2.8/lib/active_support/callbacks.rb:405:in `__run_callback'
    /usr/local/rvm/gems/ruby-1.9.3-p194/gems/activesupport-3.2.8/lib/active_support/callbacks.rb:385:in `_run_setup_callbacks'
    /usr/local/rvm/gems/ruby-1.9.3-p194/gems/activesupport-3.2.8/lib/active_support/callbacks.rb:81:in `run_callbacks'
    /usr/local/rvm/gems/ruby-1.9.3-p194/gems/activesupport-3.2.8/lib/active_support/testing/setup_and_teardown.rb:35:in `run'

2 tests, 0 assertions, 0 failures, 2 errors, 0 skips
Run options: -n "/^(test_should_create_user|test_should_destroy_user|test_should_get_edit|test_should_get_index|test_should_get_new|test_should_show_user|test_should_update_user)$/"

# Running tests:

EEEEEEE

Finished tests in 0.109233s, 64.0831 tests/s, 0.0000 assertions/s.

  1) Error:
test_should_create_user(UsersControllerTest):
ActiveRecord::StatementInvalid: Could not find table 'users'
    /usr/local/rvm/gems/ruby-1.9.3-p194/gems/activerecord-3.2.8/lib/active_record/connection_adapters/sqlite_adapter.rb:472:in `table_structure'
    /usr/local/rvm/gems/ruby-1.9.3-p194/gems/activerecord-3.2.8/lib/active_record/connection_adapters/sqlite_adapter.rb:346:in `columns'
    /usr/local/rvm/gems/ruby-1.9.3-p194/gems/activerecord-3.2.8/lib/active_record/fixtures.rb:660:in `column_names'
    /usr/local/rvm/gems/ruby-1.9.3-p194/gems/activerecord-3.2.8/lib/active_record/fixtures.rb:652:in `timestamp_column_names'
    /usr/local/rvm/gems/ruby-1.9.3-p194/gems/activerecord-3.2.8/lib/active_record/fixtures.rb:585:in `block in table_rows'
    /usr/local/rvm/gems/ruby-1.9.3-p194/gems/activerecord-3.2.8/lib/active_record/fixtures.rb:579:in `each'
    /usr/local/rvm/gems/ruby-1.9.3-p194/gems/activerecord-3.2.8/lib/active_record/fixtures.rb:579:in `map'
    /usr/local/rvm/gems/ruby-1.9.3-p194/gems/activerecord-3.2.8/lib/active_record/fixtures.rb:579:in `table_rows'
    /usr/local/rvm/gems/ruby-1.9.3-p194/gems/activerecord-3.2.8/lib/active_record/fixtures.rb:494:in `block (3 levels) in create_fixtures'
    /usr/local/rvm/gems/ruby-1.9.3-p194/gems/activerecord-3.2.8/lib/active_record/fixtures.rb:492:in `each'
    /usr/local/rvm/gems/ruby-1.9.3-p194/gems/activerecord-3.2.8/lib/active_record/fixtures.rb:492:in `block (2 levels) in create_fixtures'
    /usr/local/rvm/gems/ruby-1.9.3-p194/gems/activerecord-3.2.8/lib/active_record/connection_adapters/abstract/database_statements.rb:192:in `transaction'
    /usr/local/rvm/gems/ruby-1.9.3-p194/gems/activerecord-3.2.8/lib/active_record/fixtures.rb:491:in `block in create_fixtures'
    /usr/local/rvm/gems/ruby-1.9.3-p194/gems/activerecord-3.2.8/lib/active_record/connection_adapters/abstract_adapter.rb:168:in `disable_referential_integrity'
    /usr/local/rvm/gems/ruby-1.9.3-p194/gems/activerecord-3.2.8/lib/active_record/fixtures.rb:476:in `create_fixtures'
    /usr/local/rvm/gems/ruby-1.9.3-p194/gems/activerecord-3.2.8/lib/active_record/fixtures.rb:895:in `load_fixtures'
    /usr/local/rvm/gems/ruby-1.9.3-p194/gems/activerecord-3.2.8/lib/active_record/fixtures.rb:849:in `setup_fixtures'
    /usr/local/rvm/gems/ruby-1.9.3-p194/gems/activesupport-3.2.8/lib/active_support/callbacks.rb:429:in `_run__201010316__setup__419713124__callbacks'
    /usr/local/rvm/gems/ruby-1.9.3-p194/gems/activesupport-3.2.8/lib/active_support/callbacks.rb:405:in `__run_callback'
    /usr/local/rvm/gems/ruby-1.9.3-p194/gems/activesupport-3.2.8/lib/active_support/callbacks.rb:385:in `_run_setup_callbacks'
    /usr/local/rvm/gems/ruby-1.9.3-p194/gems/activesupport-3.2.8/lib/active_support/callbacks.rb:81:in `run_callbacks'
    /usr/local/rvm/gems/ruby-1.9.3-p194/gems/activesupport-3.2.8/lib/active_support/testing/setup_and_teardown.rb:35:in `run'

  2) Error:
test_should_destroy_user(UsersControllerTest):
ActiveRecord::StatementInvalid: Could not find table 'users'
    /usr/local/rvm/gems/ruby-1.9.3-p194/gems/activerecord-3.2.8/lib/active_record/connection_adapters/sqlite_adapter.rb:472:in `table_structure'
    /usr/local/rvm/gems/ruby-1.9.3-p194/gems/activerecord-3.2.8/lib/active_record/connection_adapters/sqlite_adapter.rb:346:in `columns'
    /usr/local/rvm/gems/ruby-1.9.3-p194/gems/activerecord-3.2.8/lib/active_record/fixtures.rb:660:in `column_names'
    /usr/local/rvm/gems/ruby-1.9.3-p194/gems/activerecord-3.2.8/lib/active_record/fixtures.rb:652:in `timestamp_column_names'
    /usr/local/rvm/gems/ruby-1.9.3-p194/gems/activerecord-3.2.8/lib/active_record/fixtures.rb:585:in `block in table_rows'
    /usr/local/rvm/gems/ruby-1.9.3-p194/gems/activerecord-3.2.8/lib/active_record/fixtures.rb:579:in `each'
    /usr/local/rvm/gems/ruby-1.9.3-p194/gems/activerecord-3.2.8/lib/active_record/fixtures.rb:579:in `map'
    /usr/local/rvm/gems/ruby-1.9.3-p194/gems/activerecord-3.2.8/lib/active_record/fixtures.rb:579:in `table_rows'
    /usr/local/rvm/gems/ruby-1.9.3-p194/gems/activerecord-3.2.8/lib/active_record/fixtures.rb:494:in `block (3 levels) in create_fixtures'
    /usr/local/rvm/gems/ruby-1.9.3-p194/gems/activerecord-3.2.8/lib/active_record/fixtures.rb:492:in `each'
    /usr/local/rvm/gems/ruby-1.9.3-p194/gems/activerecord-3.2.8/lib/active_record/fixtures.rb:492:in `block (2 levels) in create_fixtures'
    /usr/local/rvm/gems/ruby-1.9.3-p194/gems/activerecord-3.2.8/lib/active_record/connection_adapters/abstract/database_statements.rb:192:in `transaction'
    /usr/local/rvm/gems/ruby-1.9.3-p194/gems/activerecord-3.2.8/lib/active_record/fixtures.rb:491:in `block in create_fixtures'
    /usr/local/rvm/gems/ruby-1.9.3-p194/gems/activerecord-3.2.8/lib/active_record/connection_adapters/abstract_adapter.rb:168:in `disable_referential_integrity'
    /usr/local/rvm/gems/ruby-1.9.3-p194/gems/activerecord-3.2.8/lib/active_record/fixtures.rb:476:in `create_fixtures'
    /usr/local/rvm/gems/ruby-1.9.3-p194/gems/activerecord-3.2.8/lib/active_record/fixtures.rb:895:in `load_fixtures'
    /usr/local/rvm/gems/ruby-1.9.3-p194/gems/activerecord-3.2.8/lib/active_record/fixtures.rb:849:in `setup_fixtures'
    /usr/local/rvm/gems/ruby-1.9.3-p194/gems/activesupport-3.2.8/lib/active_support/callbacks.rb:429:in `_run__201010316__setup__419713124__callbacks'
    /usr/local/rvm/gems/ruby-1.9.3-p194/gems/activesupport-3.2.8/lib/active_support/callbacks.rb:405:in `__run_callback'
    /usr/local/rvm/gems/ruby-1.9.3-p194/gems/activesupport-3.2.8/lib/active_support/callbacks.rb:385:in `_run_setup_callbacks'
    /usr/local/rvm/gems/ruby-1.9.3-p194/gems/activesupport-3.2.8/lib/active_support/callbacks.rb:81:in `run_callbacks'
    /usr/local/rvm/gems/ruby-1.9.3-p194/gems/activesupport-3.2.8/lib/active_support/testing/setup_and_teardown.rb:35:in `run'

  3) Error:
test_should_get_edit(UsersControllerTest):
ActiveRecord::StatementInvalid: Could not find table 'users'
    /usr/local/rvm/gems/ruby-1.9.3-p194/gems/activerecord-3.2.8/lib/active_record/connection_adapters/sqlite_adapter.rb:472:in `table_structure'
    /usr/local/rvm/gems/ruby-1.9.3-p194/gems/activerecord-3.2.8/lib/active_record/connection_adapters/sqlite_adapter.rb:346:in `columns'
    /usr/local/rvm/gems/ruby-1.9.3-p194/gems/activerecord-3.2.8/lib/active_record/fixtures.rb:660:in `column_names'
    /usr/local/rvm/gems/ruby-1.9.3-p194/gems/activerecord-3.2.8/lib/active_record/fixtures.rb:652:in `timestamp_column_names'
    /usr/local/rvm/gems/ruby-1.9.3-p194/gems/activerecord-3.2.8/lib/active_record/fixtures.rb:585:in `block in table_rows'
    /usr/local/rvm/gems/ruby-1.9.3-p194/gems/activerecord-3.2.8/lib/active_record/fixtures.rb:579:in `each'
    /usr/local/rvm/gems/ruby-1.9.3-p194/gems/activerecord-3.2.8/lib/active_record/fixtures.rb:579:in `map'
    /usr/local/rvm/gems/ruby-1.9.3-p194/gems/activerecord-3.2.8/lib/active_record/fixtures.rb:579:in `table_rows'
    /usr/local/rvm/gems/ruby-1.9.3-p194/gems/activerecord-3.2.8/lib/active_record/fixtures.rb:494:in `block (3 levels) in create_fixtures'
    /usr/local/rvm/gems/ruby-1.9.3-p194/gems/activerecord-3.2.8/lib/active_record/fixtures.rb:492:in `each'
    /usr/local/rvm/gems/ruby-1.9.3-p194/gems/activerecord-3.2.8/lib/active_record/fixtures.rb:492:in `block (2 levels) in create_fixtures'
    /usr/local/rvm/gems/ruby-1.9.3-p194/gems/activerecord-3.2.8/lib/active_record/connection_adapters/abstract/database_statements.rb:192:in `transaction'
    /usr/local/rvm/gems/ruby-1.9.3-p194/gems/activerecord-3.2.8/lib/active_record/fixtures.rb:491:in `block in create_fixtures'
    /usr/local/rvm/gems/ruby-1.9.3-p194/gems/activerecord-3.2.8/lib/active_record/connection_adapters/abstract_adapter.rb:168:in `disable_referential_integrity'
    /usr/local/rvm/gems/ruby-1.9.3-p194/gems/activerecord-3.2.8/lib/active_record/fixtures.rb:476:in `create_fixtures'
    /usr/local/rvm/gems/ruby-1.9.3-p194/gems/activerecord-3.2.8/lib/active_record/fixtures.rb:895:in `load_fixtures'
    /usr/local/rvm/gems/ruby-1.9.3-p194/gems/activerecord-3.2.8/lib/active_record/fixtures.rb:849:in `setup_fixtures'
    /usr/local/rvm/gems/ruby-1.9.3-p194/gems/activesupport-3.2.8/lib/active_support/callbacks.rb:429:in `_run__201010316__setup__419713124__callbacks'
    /usr/local/rvm/gems/ruby-1.9.3-p194/gems/activesupport-3.2.8/lib/active_support/callbacks.rb:405:in `__run_callback'
    /usr/local/rvm/gems/ruby-1.9.3-p194/gems/activesupport-3.2.8/lib/active_support/callbacks.rb:385:in `_run_setup_callbacks'
    /usr/local/rvm/gems/ruby-1.9.3-p194/gems/activesupport-3.2.8/lib/active_support/callbacks.rb:81:in `run_callbacks'
    /usr/local/rvm/gems/ruby-1.9.3-p194/gems/activesupport-3.2.8/lib/active_support/testing/setup_and_teardown.rb:35:in `run'

  4) Error:
test_should_get_index(UsersControllerTest):
ActiveRecord::StatementInvalid: Could not find table 'users'
    /usr/local/rvm/gems/ruby-1.9.3-p194/gems/activerecord-3.2.8/lib/active_record/connection_adapters/sqlite_adapter.rb:472:in `table_structure'
    /usr/local/rvm/gems/ruby-1.9.3-p194/gems/activerecord-3.2.8/lib/active_record/connection_adapters/sqlite_adapter.rb:346:in `columns'
    /usr/local/rvm/gems/ruby-1.9.3-p194/gems/activerecord-3.2.8/lib/active_record/fixtures.rb:660:in `column_names'
    /usr/local/rvm/gems/ruby-1.9.3-p194/gems/activerecord-3.2.8/lib/active_record/fixtures.rb:652:in `timestamp_column_names'
    /usr/local/rvm/gems/ruby-1.9.3-p194/gems/activerecord-3.2.8/lib/active_record/fixtures.rb:585:in `block in table_rows'
    /usr/local/rvm/gems/ruby-1.9.3-p194/gems/activerecord-3.2.8/lib/active_record/fixtures.rb:579:in `each'
    /usr/local/rvm/gems/ruby-1.9.3-p194/gems/activerecord-3.2.8/lib/active_record/fixtures.rb:579:in `map'
    /usr/local/rvm/gems/ruby-1.9.3-p194/gems/activerecord-3.2.8/lib/active_record/fixtures.rb:579:in `table_rows'
    /usr/local/rvm/gems/ruby-1.9.3-p194/gems/activerecord-3.2.8/lib/active_record/fixtures.rb:494:in `block (3 levels) in create_fixtures'
    /usr/local/rvm/gems/ruby-1.9.3-p194/gems/activerecord-3.2.8/lib/active_record/fixtures.rb:492:in `each'
    /usr/local/rvm/gems/ruby-1.9.3-p194/gems/activerecord-3.2.8/lib/active_record/fixtures.rb:492:in `block (2 levels) in create_fixtures'
    /usr/local/rvm/gems/ruby-1.9.3-p194/gems/activerecord-3.2.8/lib/active_record/connection_adapters/abstract/database_statements.rb:192:in `transaction'
    /usr/local/rvm/gems/ruby-1.9.3-p194/gems/activerecord-3.2.8/lib/active_record/fixtures.rb:491:in `block in create_fixtures'
    /usr/local/rvm/gems/ruby-1.9.3-p194/gems/activerecord-3.2.8/lib/active_record/connection_adapters/abstract_adapter.rb:168:in `disable_referential_integrity'
    /usr/local/rvm/gems/ruby-1.9.3-p194/gems/activerecord-3.2.8/lib/active_record/fixtures.rb:476:in `create_fixtures'
    /usr/local/rvm/gems/ruby-1.9.3-p194/gems/activerecord-3.2.8/lib/active_record/fixtures.rb:895:in `load_fixtures'
    /usr/local/rvm/gems/ruby-1.9.3-p194/gems/activerecord-3.2.8/lib/active_record/fixtures.rb:849:in `setup_fixtures'
    /usr/local/rvm/gems/ruby-1.9.3-p194/gems/activesupport-3.2.8/lib/active_support/callbacks.rb:429:in `_run__201010316__setup__419713124__callbacks'
    /usr/local/rvm/gems/ruby-1.9.3-p194/gems/activesupport-3.2.8/lib/active_support/callbacks.rb:405:in `__run_callback'
    /usr/local/rvm/gems/ruby-1.9.3-p194/gems/activesupport-3.2.8/lib/active_support/callbacks.rb:385:in `_run_setup_callbacks'
    /usr/local/rvm/gems/ruby-1.9.3-p194/gems/activesupport-3.2.8/lib/active_support/callbacks.rb:81:in `run_callbacks'
    /usr/local/rvm/gems/ruby-1.9.3-p194/gems/activesupport-3.2.8/lib/active_support/testing/setup_and_teardown.rb:35:in `run'

  5) Error:
test_should_get_new(UsersControllerTest):
ActiveRecord::StatementInvalid: Could not find table 'users'
    /usr/local/rvm/gems/ruby-1.9.3-p194/gems/activerecord-3.2.8/lib/active_record/connection_adapters/sqlite_adapter.rb:472:in `table_structure'
    /usr/local/rvm/gems/ruby-1.9.3-p194/gems/activerecord-3.2.8/lib/active_record/connection_adapters/sqlite_adapter.rb:346:in `columns'
    /usr/local/rvm/gems/ruby-1.9.3-p194/gems/activerecord-3.2.8/lib/active_record/fixtures.rb:660:in `column_names'
    /usr/local/rvm/gems/ruby-1.9.3-p194/gems/activerecord-3.2.8/lib/active_record/fixtures.rb:652:in `timestamp_column_names'
    /usr/local/rvm/gems/ruby-1.9.3-p194/gems/activerecord-3.2.8/lib/active_record/fixtures.rb:585:in `block in table_rows'
    /usr/local/rvm/gems/ruby-1.9.3-p194/gems/activerecord-3.2.8/lib/active_record/fixtures.rb:579:in `each'
    /usr/local/rvm/gems/ruby-1.9.3-p194/gems/activerecord-3.2.8/lib/active_record/fixtures.rb:579:in `map'
    /usr/local/rvm/gems/ruby-1.9.3-p194/gems/activerecord-3.2.8/lib/active_record/fixtures.rb:579:in `table_rows'
    /usr/local/rvm/gems/ruby-1.9.3-p194/gems/activerecord-3.2.8/lib/active_record/fixtures.rb:494:in `block (3 levels) in create_fixtures'
    /usr/local/rvm/gems/ruby-1.9.3-p194/gems/activerecord-3.2.8/lib/active_record/fixtures.rb:492:in `each'
    /usr/local/rvm/gems/ruby-1.9.3-p194/gems/activerecord-3.2.8/lib/active_record/fixtures.rb:492:in `block (2 levels) in create_fixtures'
    /usr/local/rvm/gems/ruby-1.9.3-p194/gems/activerecord-3.2.8/lib/active_record/connection_adapters/abstract/database_statements.rb:192:in `transaction'
    /usr/local/rvm/gems/ruby-1.9.3-p194/gems/activerecord-3.2.8/lib/active_record/fixtures.rb:491:in `block in create_fixtures'
    /usr/local/rvm/gems/ruby-1.9.3-p194/gems/activerecord-3.2.8/lib/active_record/connection_adapters/abstract_adapter.rb:168:in `disable_referential_integrity'
    /usr/local/rvm/gems/ruby-1.9.3-p194/gems/activerecord-3.2.8/lib/active_record/fixtures.rb:476:in `create_fixtures'
    /usr/local/rvm/gems/ruby-1.9.3-p194/gems/activerecord-3.2.8/lib/active_record/fixtures.rb:895:in `load_fixtures'
    /usr/local/rvm/gems/ruby-1.9.3-p194/gems/activerecord-3.2.8/lib/active_record/fixtures.rb:849:in `setup_fixtures'
    /usr/local/rvm/gems/ruby-1.9.3-p194/gems/activesupport-3.2.8/lib/active_support/callbacks.rb:429:in `_run__201010316__setup__419713124__callbacks'
    /usr/local/rvm/gems/ruby-1.9.3-p194/gems/activesupport-3.2.8/lib/active_support/callbacks.rb:405:in `__run_callback'
    /usr/local/rvm/gems/ruby-1.9.3-p194/gems/activesupport-3.2.8/lib/active_support/callbacks.rb:385:in `_run_setup_callbacks'
    /usr/local/rvm/gems/ruby-1.9.3-p194/gems/activesupport-3.2.8/lib/active_support/callbacks.rb:81:in `run_callbacks'
    /usr/local/rvm/gems/ruby-1.9.3-p194/gems/activesupport-3.2.8/lib/active_support/testing/setup_and_teardown.rb:35:in `run'

  6) Error:
test_should_show_user(UsersControllerTest):
ActiveRecord::StatementInvalid: Could not find table 'users'
    /usr/local/rvm/gems/ruby-1.9.3-p194/gems/activerecord-3.2.8/lib/active_record/connection_adapters/sqlite_adapter.rb:472:in `table_structure'
    /usr/local/rvm/gems/ruby-1.9.3-p194/gems/activerecord-3.2.8/lib/active_record/connection_adapters/sqlite_adapter.rb:346:in `columns'
    /usr/local/rvm/gems/ruby-1.9.3-p194/gems/activerecord-3.2.8/lib/active_record/fixtures.rb:660:in `column_names'
    /usr/local/rvm/gems/ruby-1.9.3-p194/gems/activerecord-3.2.8/lib/active_record/fixtures.rb:652:in `timestamp_column_names'
    /usr/local/rvm/gems/ruby-1.9.3-p194/gems/activerecord-3.2.8/lib/active_record/fixtures.rb:585:in `block in table_rows'
    /usr/local/rvm/gems/ruby-1.9.3-p194/gems/activerecord-3.2.8/lib/active_record/fixtures.rb:579:in `each'
    /usr/local/rvm/gems/ruby-1.9.3-p194/gems/activerecord-3.2.8/lib/active_record/fixtures.rb:579:in `map'
    /usr/local/rvm/gems/ruby-1.9.3-p194/gems/activerecord-3.2.8/lib/active_record/fixtures.rb:579:in `table_rows'
    /usr/local/rvm/gems/ruby-1.9.3-p194/gems/activerecord-3.2.8/lib/active_record/fixtures.rb:494:in `block (3 levels) in create_fixtures'
    /usr/local/rvm/gems/ruby-1.9.3-p194/gems/activerecord-3.2.8/lib/active_record/fixtures.rb:492:in `each'
    /usr/local/rvm/gems/ruby-1.9.3-p194/gems/activerecord-3.2.8/lib/active_record/fixtures.rb:492:in `block (2 levels) in create_fixtures'
    /usr/local/rvm/gems/ruby-1.9.3-p194/gems/activerecord-3.2.8/lib/active_record/connection_adapters/abstract/database_statements.rb:192:in `transaction'
    /usr/local/rvm/gems/ruby-1.9.3-p194/gems/activerecord-3.2.8/lib/active_record/fixtures.rb:491:in `block in create_fixtures'
    /usr/local/rvm/gems/ruby-1.9.3-p194/gems/activerecord-3.2.8/lib/active_record/connection_adapters/abstract_adapter.rb:168:in `disable_referential_integrity'
    /usr/local/rvm/gems/ruby-1.9.3-p194/gems/activerecord-3.2.8/lib/active_record/fixtures.rb:476:in `create_fixtures'
    /usr/local/rvm/gems/ruby-1.9.3-p194/gems/activerecord-3.2.8/lib/active_record/fixtures.rb:895:in `load_fixtures'
    /usr/local/rvm/gems/ruby-1.9.3-p194/gems/activerecord-3.2.8/lib/active_record/fixtures.rb:849:in `setup_fixtures'
    /usr/local/rvm/gems/ruby-1.9.3-p194/gems/activesupport-3.2.8/lib/active_support/callbacks.rb:429:in `_run__201010316__setup__419713124__callbacks'
    /usr/local/rvm/gems/ruby-1.9.3-p194/gems/activesupport-3.2.8/lib/active_support/callbacks.rb:405:in `__run_callback'
    /usr/local/rvm/gems/ruby-1.9.3-p194/gems/activesupport-3.2.8/lib/active_support/callbacks.rb:385:in `_run_setup_callbacks'
    /usr/local/rvm/gems/ruby-1.9.3-p194/gems/activesupport-3.2.8/lib/active_support/callbacks.rb:81:in `run_callbacks'
    /usr/local/rvm/gems/ruby-1.9.3-p194/gems/activesupport-3.2.8/lib/active_support/testing/setup_and_teardown.rb:35:in `run'

  7) Error:
test_should_update_user(UsersControllerTest):
ActiveRecord::StatementInvalid: Could not find table 'users'
    /usr/local/rvm/gems/ruby-1.9.3-p194/gems/activerecord-3.2.8/lib/active_record/connection_adapters/sqlite_adapter.rb:472:in `table_structure'
    /usr/local/rvm/gems/ruby-1.9.3-p194/gems/activerecord-3.2.8/lib/active_record/connection_adapters/sqlite_adapter.rb:346:in `columns'
    /usr/local/rvm/gems/ruby-1.9.3-p194/gems/activerecord-3.2.8/lib/active_record/fixtures.rb:660:in `column_names'
    /usr/local/rvm/gems/ruby-1.9.3-p194/gems/activerecord-3.2.8/lib/active_record/fixtures.rb:652:in `timestamp_column_names'
    /usr/local/rvm/gems/ruby-1.9.3-p194/gems/activerecord-3.2.8/lib/active_record/fixtures.rb:585:in `block in table_rows'
    /usr/local/rvm/gems/ruby-1.9.3-p194/gems/activerecord-3.2.8/lib/active_record/fixtures.rb:579:in `each'
    /usr/local/rvm/gems/ruby-1.9.3-p194/gems/activerecord-3.2.8/lib/active_record/fixtures.rb:579:in `map'
    /usr/local/rvm/gems/ruby-1.9.3-p194/gems/activerecord-3.2.8/lib/active_record/fixtures.rb:579:in `table_rows'
    /usr/local/rvm/gems/ruby-1.9.3-p194/gems/activerecord-3.2.8/lib/active_record/fixtures.rb:494:in `block (3 levels) in create_fixtures'
    /usr/local/rvm/gems/ruby-1.9.3-p194/gems/activerecord-3.2.8/lib/active_record/fixtures.rb:492:in `each'
    /usr/local/rvm/gems/ruby-1.9.3-p194/gems/activerecord-3.2.8/lib/active_record/fixtures.rb:492:in `block (2 levels) in create_fixtures'
    /usr/local/rvm/gems/ruby-1.9.3-p194/gems/activerecord-3.2.8/lib/active_record/connection_adapters/abstract/database_statements.rb:192:in `transaction'
    /usr/local/rvm/gems/ruby-1.9.3-p194/gems/activerecord-3.2.8/lib/active_record/fixtures.rb:491:in `block in create_fixtures'
    /usr/local/rvm/gems/ruby-1.9.3-p194/gems/activerecord-3.2.8/lib/active_record/connection_adapters/abstract_adapter.rb:168:in `disable_referential_integrity'
    /usr/local/rvm/gems/ruby-1.9.3-p194/gems/activerecord-3.2.8/lib/active_record/fixtures.rb:476:in `create_fixtures'
    /usr/local/rvm/gems/ruby-1.9.3-p194/gems/activerecord-3.2.8/lib/active_record/fixtures.rb:895:in `load_fixtures'
    /usr/local/rvm/gems/ruby-1.9.3-p194/gems/activerecord-3.2.8/lib/active_record/fixtures.rb:849:in `setup_fixtures'
    /usr/local/rvm/gems/ruby-1.9.3-p194/gems/activesupport-3.2.8/lib/active_support/callbacks.rb:429:in `_run__201010316__setup__419713124__callbacks'
    /usr/local/rvm/gems/ruby-1.9.3-p194/gems/activesupport-3.2.8/lib/active_support/callbacks.rb:405:in `__run_callback'
    /usr/local/rvm/gems/ruby-1.9.3-p194/gems/activesupport-3.2.8/lib/active_support/callbacks.rb:385:in `_run_setup_callbacks'
    /usr/local/rvm/gems/ruby-1.9.3-p194/gems/activesupport-3.2.8/lib/active_support/callbacks.rb:81:in `run_callbacks'
    /usr/local/rvm/gems/ruby-1.9.3-p194/gems/activesupport-3.2.8/lib/active_support/testing/setup_and_teardown.rb:35:in `run'

7 tests, 0 assertions, 0 failures, 7 errors, 0 skips
/usr/local/rvm/rubies/ruby-1.9.3-p194/bin/ruby -I.:lib:test -rubygems test/functional/pages_controller_test.rb -n "/^(test_should_get_contact|test_should_get_home)$/"; /usr/local/rvm/rubies/ruby-1.9.3-p194/bin/ruby -I.:lib:test -rubygems test/functional/microposts_controller_test.rb -n "/^(test_should_create_micropost|test_should_destroy_micropost|test_should_get_edit|test_should_get_index|test_should_get_new|test_should_show_micropost|test_should_update_micropost)$/"; /usr/local/rvm/rubies/ruby-1.9.3-p194/bin/ruby -I.:lib:test -rubygems test/functional/users_controller_test.rb -n "/^(test_should_create_user|test_should_destroy_user|test_should_get_edit|test_should_get_index|test_should_get_new|test_should_show_user|test_should_update_user)$/"
Run options: -n "/^(test_should_get_contact|test_should_get_home)$/"

# Running tests:

EE

Finished tests in 0.053525s, 37.3656 tests/s, 0.0000 assertions/s.

  1) Error:
test_should_get_contact(PagesControllerTest):
ActiveRecord::StatementInvalid: Could not find table 'users'
    /usr/local/rvm/gems/ruby-1.9.3-p194/gems/activerecord-3.2.8/lib/active_record/connection_adapters/sqlite_adapter.rb:472:in `table_structure'
    /usr/local/rvm/gems/ruby-1.9.3-p194/gems/activerecord-3.2.8/lib/active_record/connection_adapters/sqlite_adapter.rb:346:in `columns'
    /usr/local/rvm/gems/ruby-1.9.3-p194/gems/activerecord-3.2.8/lib/active_record/fixtures.rb:660:in `column_names'
    /usr/local/rvm/gems/ruby-1.9.3-p194/gems/activerecord-3.2.8/lib/active_record/fixtures.rb:652:in `timestamp_column_names'
    /usr/local/rvm/gems/ruby-1.9.3-p194/gems/activerecord-3.2.8/lib/active_record/fixtures.rb:585:in `block in table_rows'
    /usr/local/rvm/gems/ruby-1.9.3-p194/gems/activerecord-3.2.8/lib/active_record/fixtures.rb:579:in `each'
    /usr/local/rvm/gems/ruby-1.9.3-p194/gems/activerecord-3.2.8/lib/active_record/fixtures.rb:579:in `map'
    /usr/local/rvm/gems/ruby-1.9.3-p194/gems/activerecord-3.2.8/lib/active_record/fixtures.rb:579:in `table_rows'
    /usr/local/rvm/gems/ruby-1.9.3-p194/gems/activerecord-3.2.8/lib/active_record/fixtures.rb:494:in `block (3 levels) in create_fixtures'
    /usr/local/rvm/gems/ruby-1.9.3-p194/gems/activerecord-3.2.8/lib/active_record/fixtures.rb:492:in `each'
    /usr/local/rvm/gems/ruby-1.9.3-p194/gems/activerecord-3.2.8/lib/active_record/fixtures.rb:492:in `block (2 levels) in create_fixtures'
    /usr/local/rvm/gems/ruby-1.9.3-p194/gems/activerecord-3.2.8/lib/active_record/connection_adapters/abstract/database_statements.rb:192:in `transaction'
    /usr/local/rvm/gems/ruby-1.9.3-p194/gems/activerecord-3.2.8/lib/active_record/fixtures.rb:491:in `block in create_fixtures'
    /usr/local/rvm/gems/ruby-1.9.3-p194/gems/activerecord-3.2.8/lib/active_record/connection_adapters/abstract_adapter.rb:168:in `disable_referential_integrity'
    /usr/local/rvm/gems/ruby-1.9.3-p194/gems/activerecord-3.2.8/lib/active_record/fixtures.rb:476:in `create_fixtures'
    /usr/local/rvm/gems/ruby-1.9.3-p194/gems/activerecord-3.2.8/lib/active_record/fixtures.rb:895:in `load_fixtures'
    /usr/local/rvm/gems/ruby-1.9.3-p194/gems/activerecord-3.2.8/lib/active_record/fixtures.rb:849:in `setup_fixtures'
    /usr/local/rvm/gems/ruby-1.9.3-p194/gems/activesupport-3.2.8/lib/active_support/callbacks.rb:429:in `_run__757914108__setup__466360499__callbacks'
    /usr/local/rvm/gems/ruby-1.9.3-p194/gems/activesupport-3.2.8/lib/active_support/callbacks.rb:405:in `__run_callback'
    /usr/local/rvm/gems/ruby-1.9.3-p194/gems/activesupport-3.2.8/lib/active_support/callbacks.rb:385:in `_run_setup_callbacks'
    /usr/local/rvm/gems/ruby-1.9.3-p194/gems/activesupport-3.2.8/lib/active_support/callbacks.rb:81:in `run_callbacks'
    /usr/local/rvm/gems/ruby-1.9.3-p194/gems/activesupport-3.2.8/lib/active_support/testing/setup_and_teardown.rb:35:in `run'

  2) Error:
test_should_get_home(PagesControllerTest):
ActiveRecord::StatementInvalid: Could not find table 'users'
    /usr/local/rvm/gems/ruby-1.9.3-p194/gems/activerecord-3.2.8/lib/active_record/connection_adapters/sqlite_adapter.rb:472:in `table_structure'
    /usr/local/rvm/gems/ruby-1.9.3-p194/gems/activerecord-3.2.8/lib/active_record/connection_adapters/sqlite_adapter.rb:346:in `columns'
    /usr/local/rvm/gems/ruby-1.9.3-p194/gems/activerecord-3.2.8/lib/active_record/fixtures.rb:660:in `column_names'
    /usr/local/rvm/gems/ruby-1.9.3-p194/gems/activerecord-3.2.8/lib/active_record/fixtures.rb:652:in `timestamp_column_names'
    /usr/local/rvm/gems/ruby-1.9.3-p194/gems/activerecord-3.2.8/lib/active_record/fixtures.rb:585:in `block in table_rows'
    /usr/local/rvm/gems/ruby-1.9.3-p194/gems/activerecord-3.2.8/lib/active_record/fixtures.rb:579:in `each'
    /usr/local/rvm/gems/ruby-1.9.3-p194/gems/activerecord-3.2.8/lib/active_record/fixtures.rb:579:in `map'
    /usr/local/rvm/gems/ruby-1.9.3-p194/gems/activerecord-3.2.8/lib/active_record/fixtures.rb:579:in `table_rows'
    /usr/local/rvm/gems/ruby-1.9.3-p194/gems/activerecord-3.2.8/lib/active_record/fixtures.rb:494:in `block (3 levels) in create_fixtures'
    /usr/local/rvm/gems/ruby-1.9.3-p194/gems/activerecord-3.2.8/lib/active_record/fixtures.rb:492:in `each'
    /usr/local/rvm/gems/ruby-1.9.3-p194/gems/activerecord-3.2.8/lib/active_record/fixtures.rb:492:in `block (2 levels) in create_fixtures'
    /usr/local/rvm/gems/ruby-1.9.3-p194/gems/activerecord-3.2.8/lib/active_record/connection_adapters/abstract/database_statements.rb:192:in `transaction'
    /usr/local/rvm/gems/ruby-1.9.3-p194/gems/activerecord-3.2.8/lib/active_record/fixtures.rb:491:in `block in create_fixtures'
    /usr/local/rvm/gems/ruby-1.9.3-p194/gems/activerecord-3.2.8/lib/active_record/connection_adapters/abstract_adapter.rb:168:in `disable_referential_integrity'
    /usr/local/rvm/gems/ruby-1.9.3-p194/gems/activerecord-3.2.8/lib/active_record/fixtures.rb:476:in `create_fixtures'
    /usr/local/rvm/gems/ruby-1.9.3-p194/gems/activerecord-3.2.8/lib/active_record/fixtures.rb:895:in `load_fixtures'
    /usr/local/rvm/gems/ruby-1.9.3-p194/gems/activerecord-3.2.8/lib/active_record/fixtures.rb:849:in `setup_fixtures'
    /usr/local/rvm/gems/ruby-1.9.3-p194/gems/activesupport-3.2.8/lib/active_support/callbacks.rb:429:in `_run__757914108__setup__466360499__callbacks'
    /usr/local/rvm/gems/ruby-1.9.3-p194/gems/activesupport-3.2.8/lib/active_support/callbacks.rb:405:in `__run_callback'
    /usr/local/rvm/gems/ruby-1.9.3-p194/gems/activesupport-3.2.8/lib/active_support/callbacks.rb:385:in `_run_setup_callbacks'
    /usr/local/rvm/gems/ruby-1.9.3-p194/gems/activesupport-3.2.8/lib/active_support/callbacks.rb:81:in `run_callbacks'
    /usr/local/rvm/gems/ruby-1.9.3-p194/gems/activesupport-3.2.8/lib/active_support/testing/setup_and_teardown.rb:35:in `run'

2 tests, 0 assertions, 0 failures, 2 errors, 0 skips
Run options: -n "/^(test_should_create_micropost|test_should_destroy_micropost|test_should_get_edit|test_should_get_index|test_should_get_new|test_should_show_micropost|test_should_update_micropost)$/"

# Running tests:

EEEEEEE

Finished tests in 0.109075s, 64.1758 tests/s, 0.0000 assertions/s.

  1) Error:
test_should_create_micropost(MicropostsControllerTest):
ActiveRecord::StatementInvalid: Could not find table 'users'
    /usr/local/rvm/gems/ruby-1.9.3-p194/gems/activerecord-3.2.8/lib/active_record/connection_adapters/sqlite_adapter.rb:472:in `table_structure'
    /usr/local/rvm/gems/ruby-1.9.3-p194/gems/activerecord-3.2.8/lib/active_record/connection_adapters/sqlite_adapter.rb:346:in `columns'
    /usr/local/rvm/gems/ruby-1.9.3-p194/gems/activerecord-3.2.8/lib/active_record/fixtures.rb:660:in `column_names'
    /usr/local/rvm/gems/ruby-1.9.3-p194/gems/activerecord-3.2.8/lib/active_record/fixtures.rb:652:in `timestamp_column_names'
    /usr/local/rvm/gems/ruby-1.9.3-p194/gems/activerecord-3.2.8/lib/active_record/fixtures.rb:585:in `block in table_rows'
    /usr/local/rvm/gems/ruby-1.9.3-p194/gems/activerecord-3.2.8/lib/active_record/fixtures.rb:579:in `each'
    /usr/local/rvm/gems/ruby-1.9.3-p194/gems/activerecord-3.2.8/lib/active_record/fixtures.rb:579:in `map'
    /usr/local/rvm/gems/ruby-1.9.3-p194/gems/activerecord-3.2.8/lib/active_record/fixtures.rb:579:in `table_rows'
    /usr/local/rvm/gems/ruby-1.9.3-p194/gems/activerecord-3.2.8/lib/active_record/fixtures.rb:494:in `block (3 levels) in create_fixtures'
    /usr/local/rvm/gems/ruby-1.9.3-p194/gems/activerecord-3.2.8/lib/active_record/fixtures.rb:492:in `each'
    /usr/local/rvm/gems/ruby-1.9.3-p194/gems/activerecord-3.2.8/lib/active_record/fixtures.rb:492:in `block (2 levels) in create_fixtures'
    /usr/local/rvm/gems/ruby-1.9.3-p194/gems/activerecord-3.2.8/lib/active_record/connection_adapters/abstract/database_statements.rb:192:in `transaction'
    /usr/local/rvm/gems/ruby-1.9.3-p194/gems/activerecord-3.2.8/lib/active_record/fixtures.rb:491:in `block in create_fixtures'
    /usr/local/rvm/gems/ruby-1.9.3-p194/gems/activerecord-3.2.8/lib/active_record/connection_adapters/abstract_adapter.rb:168:in `disable_referential_integrity'
    /usr/local/rvm/gems/ruby-1.9.3-p194/gems/activerecord-3.2.8/lib/active_record/fixtures.rb:476:in `create_fixtures'
    /usr/local/rvm/gems/ruby-1.9.3-p194/gems/activerecord-3.2.8/lib/active_record/fixtures.rb:895:in `load_fixtures'
    /usr/local/rvm/gems/ruby-1.9.3-p194/gems/activerecord-3.2.8/lib/active_record/fixtures.rb:849:in `setup_fixtures'
    /usr/local/rvm/gems/ruby-1.9.3-p194/gems/activesupport-3.2.8/lib/active_support/callbacks.rb:429:in `_run__384800410__setup__300328521__callbacks'
    /usr/local/rvm/gems/ruby-1.9.3-p194/gems/activesupport-3.2.8/lib/active_support/callbacks.rb:405:in `__run_callback'
    /usr/local/rvm/gems/ruby-1.9.3-p194/gems/activesupport-3.2.8/lib/active_support/callbacks.rb:385:in `_run_setup_callbacks'
    /usr/local/rvm/gems/ruby-1.9.3-p194/gems/activesupport-3.2.8/lib/active_support/callbacks.rb:81:in `run_callbacks'
    /usr/local/rvm/gems/ruby-1.9.3-p194/gems/activesupport-3.2.8/lib/active_support/testing/setup_and_teardown.rb:35:in `run'

  2) Error:
test_should_destroy_micropost(MicropostsControllerTest):
ActiveRecord::StatementInvalid: Could not find table 'users'
    /usr/local/rvm/gems/ruby-1.9.3-p194/gems/activerecord-3.2.8/lib/active_record/connection_adapters/sqlite_adapter.rb:472:in `table_structure'
    /usr/local/rvm/gems/ruby-1.9.3-p194/gems/activerecord-3.2.8/lib/active_record/connection_adapters/sqlite_adapter.rb:346:in `columns'
    /usr/local/rvm/gems/ruby-1.9.3-p194/gems/activerecord-3.2.8/lib/active_record/fixtures.rb:660:in `column_names'
    /usr/local/rvm/gems/ruby-1.9.3-p194/gems/activerecord-3.2.8/lib/active_record/fixtures.rb:652:in `timestamp_column_names'
    /usr/local/rvm/gems/ruby-1.9.3-p194/gems/activerecord-3.2.8/lib/active_record/fixtures.rb:585:in `block in table_rows'
    /usr/local/rvm/gems/ruby-1.9.3-p194/gems/activerecord-3.2.8/lib/active_record/fixtures.rb:579:in `each'
    /usr/local/rvm/gems/ruby-1.9.3-p194/gems/activerecord-3.2.8/lib/active_record/fixtures.rb:579:in `map'
    /usr/local/rvm/gems/ruby-1.9.3-p194/gems/activerecord-3.2.8/lib/active_record/fixtures.rb:579:in `table_rows'
    /usr/local/rvm/gems/ruby-1.9.3-p194/gems/activerecord-3.2.8/lib/active_record/fixtures.rb:494:in `block (3 levels) in create_fixtures'
    /usr/local/rvm/gems/ruby-1.9.3-p194/gems/activerecord-3.2.8/lib/active_record/fixtures.rb:492:in `each'
    /usr/local/rvm/gems/ruby-1.9.3-p194/gems/activerecord-3.2.8/lib/active_record/fixtures.rb:492:in `block (2 levels) in create_fixtures'
    /usr/local/rvm/gems/ruby-1.9.3-p194/gems/activerecord-3.2.8/lib/active_record/connection_adapters/abstract/database_statements.rb:192:in `transaction'
    /usr/local/rvm/gems/ruby-1.9.3-p194/gems/activerecord-3.2.8/lib/active_record/fixtures.rb:491:in `block in create_fixtures'
    /usr/local/rvm/gems/ruby-1.9.3-p194/gems/activerecord-3.2.8/lib/active_record/connection_adapters/abstract_adapter.rb:168:in `disable_referential_integrity'
    /usr/local/rvm/gems/ruby-1.9.3-p194/gems/activerecord-3.2.8/lib/active_record/fixtures.rb:476:in `create_fixtures'
    /usr/local/rvm/gems/ruby-1.9.3-p194/gems/activerecord-3.2.8/lib/active_record/fixtures.rb:895:in `load_fixtures'
    /usr/local/rvm/gems/ruby-1.9.3-p194/gems/activerecord-3.2.8/lib/active_record/fixtures.rb:849:in `setup_fixtures'
    /usr/local/rvm/gems/ruby-1.9.3-p194/gems/activesupport-3.2.8/lib/active_support/callbacks.rb:429:in `_run__384800410__setup__300328521__callbacks'
    /usr/local/rvm/gems/ruby-1.9.3-p194/gems/activesupport-3.2.8/lib/active_support/callbacks.rb:405:in `__run_callback'
    /usr/local/rvm/gems/ruby-1.9.3-p194/gems/activesupport-3.2.8/lib/active_support/callbacks.rb:385:in `_run_setup_callbacks'
    /usr/local/rvm/gems/ruby-1.9.3-p194/gems/activesupport-3.2.8/lib/active_support/callbacks.rb:81:in `run_callbacks'
    /usr/local/rvm/gems/ruby-1.9.3-p194/gems/activesupport-3.2.8/lib/active_support/testing/setup_and_teardown.rb:35:in `run'

  3) Error:
test_should_get_edit(MicropostsControllerTest):
ActiveRecord::StatementInvalid: Could not find table 'users'
    /usr/local/rvm/gems/ruby-1.9.3-p194/gems/activerecord-3.2.8/lib/active_record/connection_adapters/sqlite_adapter.rb:472:in `table_structure'
    /usr/local/rvm/gems/ruby-1.9.3-p194/gems/activerecord-3.2.8/lib/active_record/connection_adapters/sqlite_adapter.rb:346:in `columns'
    /usr/local/rvm/gems/ruby-1.9.3-p194/gems/activerecord-3.2.8/lib/active_record/fixtures.rb:660:in `column_names'
    /usr/local/rvm/gems/ruby-1.9.3-p194/gems/activerecord-3.2.8/lib/active_record/fixtures.rb:652:in `timestamp_column_names'
    /usr/local/rvm/gems/ruby-1.9.3-p194/gems/activerecord-3.2.8/lib/active_record/fixtures.rb:585:in `block in table_rows'
    /usr/local/rvm/gems/ruby-1.9.3-p194/gems/activerecord-3.2.8/lib/active_record/fixtures.rb:579:in `each'
    /usr/local/rvm/gems/ruby-1.9.3-p194/gems/activerecord-3.2.8/lib/active_record/fixtures.rb:579:in `map'
    /usr/local/rvm/gems/ruby-1.9.3-p194/gems/activerecord-3.2.8/lib/active_record/fixtures.rb:579:in `table_rows'
    /usr/local/rvm/gems/ruby-1.9.3-p194/gems/activerecord-3.2.8/lib/active_record/fixtures.rb:494:in `block (3 levels) in create_fixtures'
    /usr/local/rvm/gems/ruby-1.9.3-p194/gems/activerecord-3.2.8/lib/active_record/fixtures.rb:492:in `each'
    /usr/local/rvm/gems/ruby-1.9.3-p194/gems/activerecord-3.2.8/lib/active_record/fixtures.rb:492:in `block (2 levels) in create_fixtures'
    /usr/local/rvm/gems/ruby-1.9.3-p194/gems/activerecord-3.2.8/lib/active_record/connection_adapters/abstract/database_statements.rb:192:in `transaction'
    /usr/local/rvm/gems/ruby-1.9.3-p194/gems/activerecord-3.2.8/lib/active_record/fixtures.rb:491:in `block in create_fixtures'
    /usr/local/rvm/gems/ruby-1.9.3-p194/gems/activerecord-3.2.8/lib/active_record/connection_adapters/abstract_adapter.rb:168:in `disable_referential_integrity'
    /usr/local/rvm/gems/ruby-1.9.3-p194/gems/activerecord-3.2.8/lib/active_record/fixtures.rb:476:in `create_fixtures'
    /usr/local/rvm/gems/ruby-1.9.3-p194/gems/activerecord-3.2.8/lib/active_record/fixtures.rb:895:in `load_fixtures'
    /usr/local/rvm/gems/ruby-1.9.3-p194/gems/activerecord-3.2.8/lib/active_record/fixtures.rb:849:in `setup_fixtures'
    /usr/local/rvm/gems/ruby-1.9.3-p194/gems/activesupport-3.2.8/lib/active_support/callbacks.rb:429:in `_run__384800410__setup__300328521__callbacks'
    /usr/local/rvm/gems/ruby-1.9.3-p194/gems/activesupport-3.2.8/lib/active_support/callbacks.rb:405:in `__run_callback'
    /usr/local/rvm/gems/ruby-1.9.3-p194/gems/activesupport-3.2.8/lib/active_support/callbacks.rb:385:in `_run_setup_callbacks'
    /usr/local/rvm/gems/ruby-1.9.3-p194/gems/activesupport-3.2.8/lib/active_support/callbacks.rb:81:in `run_callbacks'
    /usr/local/rvm/gems/ruby-1.9.3-p194/gems/activesupport-3.2.8/lib/active_support/testing/setup_and_teardown.rb:35:in `run'

  4) Error:
test_should_get_index(MicropostsControllerTest):
ActiveRecord::StatementInvalid: Could not find table 'users'
    /usr/local/rvm/gems/ruby-1.9.3-p194/gems/activerecord-3.2.8/lib/active_record/connection_adapters/sqlite_adapter.rb:472:in `table_structure'
    /usr/local/rvm/gems/ruby-1.9.3-p194/gems/activerecord-3.2.8/lib/active_record/connection_adapters/sqlite_adapter.rb:346:in `columns'
    /usr/local/rvm/gems/ruby-1.9.3-p194/gems/activerecord-3.2.8/lib/active_record/fixtures.rb:660:in `column_names'
    /usr/local/rvm/gems/ruby-1.9.3-p194/gems/activerecord-3.2.8/lib/active_record/fixtures.rb:652:in `timestamp_column_names'
    /usr/local/rvm/gems/ruby-1.9.3-p194/gems/activerecord-3.2.8/lib/active_record/fixtures.rb:585:in `block in table_rows'
    /usr/local/rvm/gems/ruby-1.9.3-p194/gems/activerecord-3.2.8/lib/active_record/fixtures.rb:579:in `each'
    /usr/local/rvm/gems/ruby-1.9.3-p194/gems/activerecord-3.2.8/lib/active_record/fixtures.rb:579:in `map'
    /usr/local/rvm/gems/ruby-1.9.3-p194/gems/activerecord-3.2.8/lib/active_record/fixtures.rb:579:in `table_rows'
    /usr/local/rvm/gems/ruby-1.9.3-p194/gems/activerecord-3.2.8/lib/active_record/fixtures.rb:494:in `block (3 levels) in create_fixtures'
    /usr/local/rvm/gems/ruby-1.9.3-p194/gems/activerecord-3.2.8/lib/active_record/fixtures.rb:492:in `each'
    /usr/local/rvm/gems/ruby-1.9.3-p194/gems/activerecord-3.2.8/lib/active_record/fixtures.rb:492:in `block (2 levels) in create_fixtures'
    /usr/local/rvm/gems/ruby-1.9.3-p194/gems/activerecord-3.2.8/lib/active_record/connection_adapters/abstract/database_statements.rb:192:in `transaction'
    /usr/local/rvm/gems/ruby-1.9.3-p194/gems/activerecord-3.2.8/lib/active_record/fixtures.rb:491:in `block in create_fixtures'
    /usr/local/rvm/gems/ruby-1.9.3-p194/gems/activerecord-3.2.8/lib/active_record/connection_adapters/abstract_adapter.rb:168:in `disable_referential_integrity'
    /usr/local/rvm/gems/ruby-1.9.3-p194/gems/activerecord-3.2.8/lib/active_record/fixtures.rb:476:in `create_fixtures'
    /usr/local/rvm/gems/ruby-1.9.3-p194/gems/activerecord-3.2.8/lib/active_record/fixtures.rb:895:in `load_fixtures'
    /usr/local/rvm/gems/ruby-1.9.3-p194/gems/activerecord-3.2.8/lib/active_record/fixtures.rb:849:in `setup_fixtures'
    /usr/local/rvm/gems/ruby-1.9.3-p194/gems/activesupport-3.2.8/lib/active_support/callbacks.rb:429:in `_run__384800410__setup__300328521__callbacks'
    /usr/local/rvm/gems/ruby-1.9.3-p194/gems/activesupport-3.2.8/lib/active_support/callbacks.rb:405:in `__run_callback'
    /usr/local/rvm/gems/ruby-1.9.3-p194/gems/activesupport-3.2.8/lib/active_support/callbacks.rb:385:in `_run_setup_callbacks'
    /usr/local/rvm/gems/ruby-1.9.3-p194/gems/activesupport-3.2.8/lib/active_support/callbacks.rb:81:in `run_callbacks'
    /usr/local/rvm/gems/ruby-1.9.3-p194/gems/activesupport-3.2.8/lib/active_support/testing/setup_and_teardown.rb:35:in `run'

  5) Error:
test_should_get_new(MicropostsControllerTest):
ActiveRecord::StatementInvalid: Could not find table 'users'
    /usr/local/rvm/gems/ruby-1.9.3-p194/gems/activerecord-3.2.8/lib/active_record/connection_adapters/sqlite_adapter.rb:472:in `table_structure'
    /usr/local/rvm/gems/ruby-1.9.3-p194/gems/activerecord-3.2.8/lib/active_record/connection_adapters/sqlite_adapter.rb:346:in `columns'
    /usr/local/rvm/gems/ruby-1.9.3-p194/gems/activerecord-3.2.8/lib/active_record/fixtures.rb:660:in `column_names'
    /usr/local/rvm/gems/ruby-1.9.3-p194/gems/activerecord-3.2.8/lib/active_record/fixtures.rb:652:in `timestamp_column_names'
    /usr/local/rvm/gems/ruby-1.9.3-p194/gems/activerecord-3.2.8/lib/active_record/fixtures.rb:585:in `block in table_rows'
    /usr/local/rvm/gems/ruby-1.9.3-p194/gems/activerecord-3.2.8/lib/active_record/fixtures.rb:579:in `each'
    /usr/local/rvm/gems/ruby-1.9.3-p194/gems/activerecord-3.2.8/lib/active_record/fixtures.rb:579:in `map'
    /usr/local/rvm/gems/ruby-1.9.3-p194/gems/activerecord-3.2.8/lib/active_record/fixtures.rb:579:in `table_rows'
    /usr/local/rvm/gems/ruby-1.9.3-p194/gems/activerecord-3.2.8/lib/active_record/fixtures.rb:494:in `block (3 levels) in create_fixtures'
    /usr/local/rvm/gems/ruby-1.9.3-p194/gems/activerecord-3.2.8/lib/active_record/fixtures.rb:492:in `each'
    /usr/local/rvm/gems/ruby-1.9.3-p194/gems/activerecord-3.2.8/lib/active_record/fixtures.rb:492:in `block (2 levels) in create_fixtures'
    /usr/local/rvm/gems/ruby-1.9.3-p194/gems/activerecord-3.2.8/lib/active_record/connection_adapters/abstract/database_statements.rb:192:in `transaction'
    /usr/local/rvm/gems/ruby-1.9.3-p194/gems/activerecord-3.2.8/lib/active_record/fixtures.rb:491:in `block in create_fixtures'
    /usr/local/rvm/gems/ruby-1.9.3-p194/gems/activerecord-3.2.8/lib/active_record/connection_adapters/abstract_adapter.rb:168:in `disable_referential_integrity'
    /usr/local/rvm/gems/ruby-1.9.3-p194/gems/activerecord-3.2.8/lib/active_record/fixtures.rb:476:in `create_fixtures'
    /usr/local/rvm/gems/ruby-1.9.3-p194/gems/activerecord-3.2.8/lib/active_record/fixtures.rb:895:in `load_fixtures'
    /usr/local/rvm/gems/ruby-1.9.3-p194/gems/activerecord-3.2.8/lib/active_record/fixtures.rb:849:in `setup_fixtures'
    /usr/local/rvm/gems/ruby-1.9.3-p194/gems/activesupport-3.2.8/lib/active_support/callbacks.rb:429:in `_run__384800410__setup__300328521__callbacks'
    /usr/local/rvm/gems/ruby-1.9.3-p194/gems/activesupport-3.2.8/lib/active_support/callbacks.rb:405:in `__run_callback'
    /usr/local/rvm/gems/ruby-1.9.3-p194/gems/activesupport-3.2.8/lib/active_support/callbacks.rb:385:in `_run_setup_callbacks'
    /usr/local/rvm/gems/ruby-1.9.3-p194/gems/activesupport-3.2.8/lib/active_support/callbacks.rb:81:in `run_callbacks'
    /usr/local/rvm/gems/ruby-1.9.3-p194/gems/activesupport-3.2.8/lib/active_support/testing/setup_and_teardown.rb:35:in `run'

  6) Error:
test_should_show_micropost(MicropostsControllerTest):
ActiveRecord::StatementInvalid: Could not find table 'users'
    /usr/local/rvm/gems/ruby-1.9.3-p194/gems/activerecord-3.2.8/lib/active_record/connection_adapters/sqlite_adapter.rb:472:in `table_structure'
    /usr/local/rvm/gems/ruby-1.9.3-p194/gems/activerecord-3.2.8/lib/active_record/connection_adapters/sqlite_adapter.rb:346:in `columns'
    /usr/local/rvm/gems/ruby-1.9.3-p194/gems/activerecord-3.2.8/lib/active_record/fixtures.rb:660:in `column_names'
    /usr/local/rvm/gems/ruby-1.9.3-p194/gems/activerecord-3.2.8/lib/active_record/fixtures.rb:652:in `timestamp_column_names'
    /usr/local/rvm/gems/ruby-1.9.3-p194/gems/activerecord-3.2.8/lib/active_record/fixtures.rb:585:in `block in table_rows'
    /usr/local/rvm/gems/ruby-1.9.3-p194/gems/activerecord-3.2.8/lib/active_record/fixtures.rb:579:in `each'
    /usr/local/rvm/gems/ruby-1.9.3-p194/gems/activerecord-3.2.8/lib/active_record/fixtures.rb:579:in `map'
    /usr/local/rvm/gems/ruby-1.9.3-p194/gems/activerecord-3.2.8/lib/active_record/fixtures.rb:579:in `table_rows'
    /usr/local/rvm/gems/ruby-1.9.3-p194/gems/activerecord-3.2.8/lib/active_record/fixtures.rb:494:in `block (3 levels) in create_fixtures'
    /usr/local/rvm/gems/ruby-1.9.3-p194/gems/activerecord-3.2.8/lib/active_record/fixtures.rb:492:in `each'
    /usr/local/rvm/gems/ruby-1.9.3-p194/gems/activerecord-3.2.8/lib/active_record/fixtures.rb:492:in `block (2 levels) in create_fixtures'
    /usr/local/rvm/gems/ruby-1.9.3-p194/gems/activerecord-3.2.8/lib/active_record/connection_adapters/abstract/database_statements.rb:192:in `transaction'
    /usr/local/rvm/gems/ruby-1.9.3-p194/gems/activerecord-3.2.8/lib/active_record/fixtures.rb:491:in `block in create_fixtures'
    /usr/local/rvm/gems/ruby-1.9.3-p194/gems/activerecord-3.2.8/lib/active_record/connection_adapters/abstract_adapter.rb:168:in `disable_referential_integrity'
    /usr/local/rvm/gems/ruby-1.9.3-p194/gems/activerecord-3.2.8/lib/active_record/fixtures.rb:476:in `create_fixtures'
    /usr/local/rvm/gems/ruby-1.9.3-p194/gems/activerecord-3.2.8/lib/active_record/fixtures.rb:895:in `load_fixtures'
    /usr/local/rvm/gems/ruby-1.9.3-p194/gems/activerecord-3.2.8/lib/active_record/fixtures.rb:849:in `setup_fixtures'
    /usr/local/rvm/gems/ruby-1.9.3-p194/gems/activesupport-3.2.8/lib/active_support/callbacks.rb:429:in `_run__384800410__setup__300328521__callbacks'
    /usr/local/rvm/gems/ruby-1.9.3-p194/gems/activesupport-3.2.8/lib/active_support/callbacks.rb:405:in `__run_callback'
    /usr/local/rvm/gems/ruby-1.9.3-p194/gems/activesupport-3.2.8/lib/active_support/callbacks.rb:385:in `_run_setup_callbacks'
    /usr/local/rvm/gems/ruby-1.9.3-p194/gems/activesupport-3.2.8/lib/active_support/callbacks.rb:81:in `run_callbacks'
    /usr/local/rvm/gems/ruby-1.9.3-p194/gems/activesupport-3.2.8/lib/active_support/testing/setup_and_teardown.rb:35:in `run'

  7) Error:
test_should_update_micropost(MicropostsControllerTest):
ActiveRecord::StatementInvalid: Could not find table 'users'
    /usr/local/rvm/gems/ruby-1.9.3-p194/gems/activerecord-3.2.8/lib/active_record/connection_adapters/sqlite_adapter.rb:472:in `table_structure'
    /usr/local/rvm/gems/ruby-1.9.3-p194/gems/activerecord-3.2.8/lib/active_record/connection_adapters/sqlite_adapter.rb:346:in `columns'
    /usr/local/rvm/gems/ruby-1.9.3-p194/gems/activerecord-3.2.8/lib/active_record/fixtures.rb:660:in `column_names'
    /usr/local/rvm/gems/ruby-1.9.3-p194/gems/activerecord-3.2.8/lib/active_record/fixtures.rb:652:in `timestamp_column_names'
    /usr/local/rvm/gems/ruby-1.9.3-p194/gems/activerecord-3.2.8/lib/active_record/fixtures.rb:585:in `block in table_rows'
    /usr/local/rvm/gems/ruby-1.9.3-p194/gems/activerecord-3.2.8/lib/active_record/fixtures.rb:579:in `each'
    /usr/local/rvm/gems/ruby-1.9.3-p194/gems/activerecord-3.2.8/lib/active_record/fixtures.rb:579:in `map'
    /usr/local/rvm/gems/ruby-1.9.3-p194/gems/activerecord-3.2.8/lib/active_record/fixtures.rb:579:in `table_rows'
    /usr/local/rvm/gems/ruby-1.9.3-p194/gems/activerecord-3.2.8/lib/active_record/fixtures.rb:494:in `block (3 levels) in create_fixtures'
    /usr/local/rvm/gems/ruby-1.9.3-p194/gems/activerecord-3.2.8/lib/active_record/fixtures.rb:492:in `each'
    /usr/local/rvm/gems/ruby-1.9.3-p194/gems/activerecord-3.2.8/lib/active_record/fixtures.rb:492:in `block (2 levels) in create_fixtures'
    /usr/local/rvm/gems/ruby-1.9.3-p194/gems/activerecord-3.2.8/lib/active_record/connection_adapters/abstract/database_statements.rb:192:in `transaction'
    /usr/local/rvm/gems/ruby-1.9.3-p194/gems/activerecord-3.2.8/lib/active_record/fixtures.rb:491:in `block in create_fixtures'
    /usr/local/rvm/gems/ruby-1.9.3-p194/gems/activerecord-3.2.8/lib/active_record/connection_adapters/abstract_adapter.rb:168:in `disable_referential_integrity'
    /usr/local/rvm/gems/ruby-1.9.3-p194/gems/activerecord-3.2.8/lib/active_record/fixtures.rb:476:in `create_fixtures'
    /usr/local/rvm/gems/ruby-1.9.3-p194/gems/activerecord-3.2.8/lib/active_record/fixtures.rb:895:in `load_fixtures'
    /usr/local/rvm/gems/ruby-1.9.3-p194/gems/activerecord-3.2.8/lib/active_record/fixtures.rb:849:in `setup_fixtures'
    /usr/local/rvm/gems/ruby-1.9.3-p194/gems/activesupport-3.2.8/lib/active_support/callbacks.rb:429:in `_run__384800410__setup__300328521__callbacks'
    /usr/local/rvm/gems/ruby-1.9.3-p194/gems/activesupport-3.2.8/lib/active_support/callbacks.rb:405:in `__run_callback'
    /usr/local/rvm/gems/ruby-1.9.3-p194/gems/activesupport-3.2.8/lib/active_support/callbacks.rb:385:in `_run_setup_callbacks'
    /usr/local/rvm/gems/ruby-1.9.3-p194/gems/activesupport-3.2.8/lib/active_support/callbacks.rb:81:in `run_callbacks'
    /usr/local/rvm/gems/ruby-1.9.3-p194/gems/activesupport-3.2.8/lib/active_support/testing/setup_and_teardown.rb:35:in `run'

7 tests, 0 assertions, 0 failures, 7 errors, 0 skips
Run options: -n "/^(test_should_create_user|test_should_destroy_user|test_should_get_edit|test_should_get_index|test_should_get_new|test_should_show_user|test_should_update_user)$/"

# Running tests:

EEEEEEE

Finished tests in 0.107439s, 65.1534 tests/s, 0.0000 assertions/s.

  1) Error:
test_should_create_user(UsersControllerTest):
ActiveRecord::StatementInvalid: Could not find table 'users'
    /usr/local/rvm/gems/ruby-1.9.3-p194/gems/activerecord-3.2.8/lib/active_record/connection_adapters/sqlite_adapter.rb:472:in `table_structure'
    /usr/local/rvm/gems/ruby-1.9.3-p194/gems/activerecord-3.2.8/lib/active_record/connection_adapters/sqlite_adapter.rb:346:in `columns'
    /usr/local/rvm/gems/ruby-1.9.3-p194/gems/activerecord-3.2.8/lib/active_record/fixtures.rb:660:in `column_names'
    /usr/local/rvm/gems/ruby-1.9.3-p194/gems/activerecord-3.2.8/lib/active_record/fixtures.rb:652:in `timestamp_column_names'
    /usr/local/rvm/gems/ruby-1.9.3-p194/gems/activerecord-3.2.8/lib/active_record/fixtures.rb:585:in `block in table_rows'
    /usr/local/rvm/gems/ruby-1.9.3-p194/gems/activerecord-3.2.8/lib/active_record/fixtures.rb:579:in `each'
    /usr/local/rvm/gems/ruby-1.9.3-p194/gems/activerecord-3.2.8/lib/active_record/fixtures.rb:579:in `map'
    /usr/local/rvm/gems/ruby-1.9.3-p194/gems/activerecord-3.2.8/lib/active_record/fixtures.rb:579:in `table_rows'
    /usr/local/rvm/gems/ruby-1.9.3-p194/gems/activerecord-3.2.8/lib/active_record/fixtures.rb:494:in `block (3 levels) in create_fixtures'
    /usr/local/rvm/gems/ruby-1.9.3-p194/gems/activerecord-3.2.8/lib/active_record/fixtures.rb:492:in `each'
    /usr/local/rvm/gems/ruby-1.9.3-p194/gems/activerecord-3.2.8/lib/active_record/fixtures.rb:492:in `block (2 levels) in create_fixtures'
    /usr/local/rvm/gems/ruby-1.9.3-p194/gems/activerecord-3.2.8/lib/active_record/connection_adapters/abstract/database_statements.rb:192:in `transaction'
    /usr/local/rvm/gems/ruby-1.9.3-p194/gems/activerecord-3.2.8/lib/active_record/fixtures.rb:491:in `block in create_fixtures'
    /usr/local/rvm/gems/ruby-1.9.3-p194/gems/activerecord-3.2.8/lib/active_record/connection_adapters/abstract_adapter.rb:168:in `disable_referential_integrity'
    /usr/local/rvm/gems/ruby-1.9.3-p194/gems/activerecord-3.2.8/lib/active_record/fixtures.rb:476:in `create_fixtures'
    /usr/local/rvm/gems/ruby-1.9.3-p194/gems/activerecord-3.2.8/lib/active_record/fixtures.rb:895:in `load_fixtures'
    /usr/local/rvm/gems/ruby-1.9.3-p194/gems/activerecord-3.2.8/lib/active_record/fixtures.rb:849:in `setup_fixtures'
    /usr/local/rvm/gems/ruby-1.9.3-p194/gems/activesupport-3.2.8/lib/active_support/callbacks.rb:429:in `_run__765298557__setup__1011031123__callbacks'
    /usr/local/rvm/gems/ruby-1.9.3-p194/gems/activesupport-3.2.8/lib/active_support/callbacks.rb:405:in `__run_callback'
    /usr/local/rvm/gems/ruby-1.9.3-p194/gems/activesupport-3.2.8/lib/active_support/callbacks.rb:385:in `_run_setup_callbacks'
    /usr/local/rvm/gems/ruby-1.9.3-p194/gems/activesupport-3.2.8/lib/active_support/callbacks.rb:81:in `run_callbacks'
    /usr/local/rvm/gems/ruby-1.9.3-p194/gems/activesupport-3.2.8/lib/active_support/testing/setup_and_teardown.rb:35:in `run'

  2) Error:
test_should_destroy_user(UsersControllerTest):
ActiveRecord::StatementInvalid: Could not find table 'users'
    /usr/local/rvm/gems/ruby-1.9.3-p194/gems/activerecord-3.2.8/lib/active_record/connection_adapters/sqlite_adapter.rb:472:in `table_structure'
    /usr/local/rvm/gems/ruby-1.9.3-p194/gems/activerecord-3.2.8/lib/active_record/connection_adapters/sqlite_adapter.rb:346:in `columns'
    /usr/local/rvm/gems/ruby-1.9.3-p194/gems/activerecord-3.2.8/lib/active_record/fixtures.rb:660:in `column_names'
    /usr/local/rvm/gems/ruby-1.9.3-p194/gems/activerecord-3.2.8/lib/active_record/fixtures.rb:652:in `timestamp_column_names'
    /usr/local/rvm/gems/ruby-1.9.3-p194/gems/activerecord-3.2.8/lib/active_record/fixtures.rb:585:in `block in table_rows'
    /usr/local/rvm/gems/ruby-1.9.3-p194/gems/activerecord-3.2.8/lib/active_record/fixtures.rb:579:in `each'
    /usr/local/rvm/gems/ruby-1.9.3-p194/gems/activerecord-3.2.8/lib/active_record/fixtures.rb:579:in `map'
    /usr/local/rvm/gems/ruby-1.9.3-p194/gems/activerecord-3.2.8/lib/active_record/fixtures.rb:579:in `table_rows'
    /usr/local/rvm/gems/ruby-1.9.3-p194/gems/activerecord-3.2.8/lib/active_record/fixtures.rb:494:in `block (3 levels) in create_fixtures'
    /usr/local/rvm/gems/ruby-1.9.3-p194/gems/activerecord-3.2.8/lib/active_record/fixtures.rb:492:in `each'
    /usr/local/rvm/gems/ruby-1.9.3-p194/gems/activerecord-3.2.8/lib/active_record/fixtures.rb:492:in `block (2 levels) in create_fixtures'
    /usr/local/rvm/gems/ruby-1.9.3-p194/gems/activerecord-3.2.8/lib/active_record/connection_adapters/abstract/database_statements.rb:192:in `transaction'
    /usr/local/rvm/gems/ruby-1.9.3-p194/gems/activerecord-3.2.8/lib/active_record/fixtures.rb:491:in `block in create_fixtures'
    /usr/local/rvm/gems/ruby-1.9.3-p194/gems/activerecord-3.2.8/lib/active_record/connection_adapters/abstract_adapter.rb:168:in `disable_referential_integrity'
    /usr/local/rvm/gems/ruby-1.9.3-p194/gems/activerecord-3.2.8/lib/active_record/fixtures.rb:476:in `create_fixtures'
    /usr/local/rvm/gems/ruby-1.9.3-p194/gems/activerecord-3.2.8/lib/active_record/fixtures.rb:895:in `load_fixtures'
    /usr/local/rvm/gems/ruby-1.9.3-p194/gems/activerecord-3.2.8/lib/active_record/fixtures.rb:849:in `setup_fixtures'
    /usr/local/rvm/gems/ruby-1.9.3-p194/gems/activesupport-3.2.8/lib/active_support/callbacks.rb:429:in `_run__765298557__setup__1011031123__callbacks'
    /usr/local/rvm/gems/ruby-1.9.3-p194/gems/activesupport-3.2.8/lib/active_support/callbacks.rb:405:in `__run_callback'
    /usr/local/rvm/gems/ruby-1.9.3-p194/gems/activesupport-3.2.8/lib/active_support/callbacks.rb:385:in `_run_setup_callbacks'
    /usr/local/rvm/gems/ruby-1.9.3-p194/gems/activesupport-3.2.8/lib/active_support/callbacks.rb:81:in `run_callbacks'
    /usr/local/rvm/gems/ruby-1.9.3-p194/gems/activesupport-3.2.8/lib/active_support/testing/setup_and_teardown.rb:35:in `run'

  3) Error:
test_should_get_edit(UsersControllerTest):
ActiveRecord::StatementInvalid: Could not find table 'users'
    /usr/local/rvm/gems/ruby-1.9.3-p194/gems/activerecord-3.2.8/lib/active_record/connection_adapters/sqlite_adapter.rb:472:in `table_structure'
    /usr/local/rvm/gems/ruby-1.9.3-p194/gems/activerecord-3.2.8/lib/active_record/connection_adapters/sqlite_adapter.rb:346:in `columns'
    /usr/local/rvm/gems/ruby-1.9.3-p194/gems/activerecord-3.2.8/lib/active_record/fixtures.rb:660:in `column_names'
    /usr/local/rvm/gems/ruby-1.9.3-p194/gems/activerecord-3.2.8/lib/active_record/fixtures.rb:652:in `timestamp_column_names'
    /usr/local/rvm/gems/ruby-1.9.3-p194/gems/activerecord-3.2.8/lib/active_record/fixtures.rb:585:in `block in table_rows'
    /usr/local/rvm/gems/ruby-1.9.3-p194/gems/activerecord-3.2.8/lib/active_record/fixtures.rb:579:in `each'
    /usr/local/rvm/gems/ruby-1.9.3-p194/gems/activerecord-3.2.8/lib/active_record/fixtures.rb:579:in `map'
    /usr/local/rvm/gems/ruby-1.9.3-p194/gems/activerecord-3.2.8/lib/active_record/fixtures.rb:579:in `table_rows'
    /usr/local/rvm/gems/ruby-1.9.3-p194/gems/activerecord-3.2.8/lib/active_record/fixtures.rb:494:in `block (3 levels) in create_fixtures'
    /usr/local/rvm/gems/ruby-1.9.3-p194/gems/activerecord-3.2.8/lib/active_record/fixtures.rb:492:in `each'
    /usr/local/rvm/gems/ruby-1.9.3-p194/gems/activerecord-3.2.8/lib/active_record/fixtures.rb:492:in `block (2 levels) in create_fixtures'
    /usr/local/rvm/gems/ruby-1.9.3-p194/gems/activerecord-3.2.8/lib/active_record/connection_adapters/abstract/database_statements.rb:192:in `transaction'
    /usr/local/rvm/gems/ruby-1.9.3-p194/gems/activerecord-3.2.8/lib/active_record/fixtures.rb:491:in `block in create_fixtures'
    /usr/local/rvm/gems/ruby-1.9.3-p194/gems/activerecord-3.2.8/lib/active_record/connection_adapters/abstract_adapter.rb:168:in `disable_referential_integrity'
    /usr/local/rvm/gems/ruby-1.9.3-p194/gems/activerecord-3.2.8/lib/active_record/fixtures.rb:476:in `create_fixtures'
    /usr/local/rvm/gems/ruby-1.9.3-p194/gems/activerecord-3.2.8/lib/active_record/fixtures.rb:895:in `load_fixtures'
    /usr/local/rvm/gems/ruby-1.9.3-p194/gems/activerecord-3.2.8/lib/active_record/fixtures.rb:849:in `setup_fixtures'
    /usr/local/rvm/gems/ruby-1.9.3-p194/gems/activesupport-3.2.8/lib/active_support/callbacks.rb:429:in `_run__765298557__setup__1011031123__callbacks'
    /usr/local/rvm/gems/ruby-1.9.3-p194/gems/activesupport-3.2.8/lib/active_support/callbacks.rb:405:in `__run_callback'
    /usr/local/rvm/gems/ruby-1.9.3-p194/gems/activesupport-3.2.8/lib/active_support/callbacks.rb:385:in `_run_setup_callbacks'
    /usr/local/rvm/gems/ruby-1.9.3-p194/gems/activesupport-3.2.8/lib/active_support/callbacks.rb:81:in `run_callbacks'
    /usr/local/rvm/gems/ruby-1.9.3-p194/gems/activesupport-3.2.8/lib/active_support/testing/setup_and_teardown.rb:35:in `run'

  4) Error:
test_should_get_index(UsersControllerTest):
ActiveRecord::StatementInvalid: Could not find table 'users'
    /usr/local/rvm/gems/ruby-1.9.3-p194/gems/activerecord-3.2.8/lib/active_record/connection_adapters/sqlite_adapter.rb:472:in `table_structure'
    /usr/local/rvm/gems/ruby-1.9.3-p194/gems/activerecord-3.2.8/lib/active_record/connection_adapters/sqlite_adapter.rb:346:in `columns'
    /usr/local/rvm/gems/ruby-1.9.3-p194/gems/activerecord-3.2.8/lib/active_record/fixtures.rb:660:in `column_names'
    /usr/local/rvm/gems/ruby-1.9.3-p194/gems/activerecord-3.2.8/lib/active_record/fixtures.rb:652:in `timestamp_column_names'
    /usr/local/rvm/gems/ruby-1.9.3-p194/gems/activerecord-3.2.8/lib/active_record/fixtures.rb:585:in `block in table_rows'
    /usr/local/rvm/gems/ruby-1.9.3-p194/gems/activerecord-3.2.8/lib/active_record/fixtures.rb:579:in `each'
    /usr/local/rvm/gems/ruby-1.9.3-p194/gems/activerecord-3.2.8/lib/active_record/fixtures.rb:579:in `map'
    /usr/local/rvm/gems/ruby-1.9.3-p194/gems/activerecord-3.2.8/lib/active_record/fixtures.rb:579:in `table_rows'
    /usr/local/rvm/gems/ruby-1.9.3-p194/gems/activerecord-3.2.8/lib/active_record/fixtures.rb:494:in `block (3 levels) in create_fixtures'
    /usr/local/rvm/gems/ruby-1.9.3-p194/gems/activerecord-3.2.8/lib/active_record/fixtures.rb:492:in `each'
    /usr/local/rvm/gems/ruby-1.9.3-p194/gems/activerecord-3.2.8/lib/active_record/fixtures.rb:492:in `block (2 levels) in create_fixtures'
    /usr/local/rvm/gems/ruby-1.9.3-p194/gems/activerecord-3.2.8/lib/active_record/connection_adapters/abstract/database_statements.rb:192:in `transaction'
    /usr/local/rvm/gems/ruby-1.9.3-p194/gems/activerecord-3.2.8/lib/active_record/fixtures.rb:491:in `block in create_fixtures'
    /usr/local/rvm/gems/ruby-1.9.3-p194/gems/activerecord-3.2.8/lib/active_record/connection_adapters/abstract_adapter.rb:168:in `disable_referential_integrity'
    /usr/local/rvm/gems/ruby-1.9.3-p194/gems/activerecord-3.2.8/lib/active_record/fixtures.rb:476:in `create_fixtures'
    /usr/local/rvm/gems/ruby-1.9.3-p194/gems/activerecord-3.2.8/lib/active_record/fixtures.rb:895:in `load_fixtures'
    /usr/local/rvm/gems/ruby-1.9.3-p194/gems/activerecord-3.2.8/lib/active_record/fixtures.rb:849:in `setup_fixtures'
    /usr/local/rvm/gems/ruby-1.9.3-p194/gems/activesupport-3.2.8/lib/active_support/callbacks.rb:429:in `_run__765298557__setup__1011031123__callbacks'
    /usr/local/rvm/gems/ruby-1.9.3-p194/gems/activesupport-3.2.8/lib/active_support/callbacks.rb:405:in `__run_callback'
    /usr/local/rvm/gems/ruby-1.9.3-p194/gems/activesupport-3.2.8/lib/active_support/callbacks.rb:385:in `_run_setup_callbacks'
    /usr/local/rvm/gems/ruby-1.9.3-p194/gems/activesupport-3.2.8/lib/active_support/callbacks.rb:81:in `run_callbacks'
    /usr/local/rvm/gems/ruby-1.9.3-p194/gems/activesupport-3.2.8/lib/active_support/testing/setup_and_teardown.rb:35:in `run'

  5) Error:
test_should_get_new(UsersControllerTest):
ActiveRecord::StatementInvalid: Could not find table 'users'
    /usr/local/rvm/gems/ruby-1.9.3-p194/gems/activerecord-3.2.8/lib/active_record/connection_adapters/sqlite_adapter.rb:472:in `table_structure'
    /usr/local/rvm/gems/ruby-1.9.3-p194/gems/activerecord-3.2.8/lib/active_record/connection_adapters/sqlite_adapter.rb:346:in `columns'
    /usr/local/rvm/gems/ruby-1.9.3-p194/gems/activerecord-3.2.8/lib/active_record/fixtures.rb:660:in `column_names'
    /usr/local/rvm/gems/ruby-1.9.3-p194/gems/activerecord-3.2.8/lib/active_record/fixtures.rb:652:in `timestamp_column_names'
    /usr/local/rvm/gems/ruby-1.9.3-p194/gems/activerecord-3.2.8/lib/active_record/fixtures.rb:585:in `block in table_rows'
    /usr/local/rvm/gems/ruby-1.9.3-p194/gems/activerecord-3.2.8/lib/active_record/fixtures.rb:579:in `each'
    /usr/local/rvm/gems/ruby-1.9.3-p194/gems/activerecord-3.2.8/lib/active_record/fixtures.rb:579:in `map'
    /usr/local/rvm/gems/ruby-1.9.3-p194/gems/activerecord-3.2.8/lib/active_record/fixtures.rb:579:in `table_rows'
    /usr/local/rvm/gems/ruby-1.9.3-p194/gems/activerecord-3.2.8/lib/active_record/fixtures.rb:494:in `block (3 levels) in create_fixtures'
    /usr/local/rvm/gems/ruby-1.9.3-p194/gems/activerecord-3.2.8/lib/active_record/fixtures.rb:492:in `each'
    /usr/local/rvm/gems/ruby-1.9.3-p194/gems/activerecord-3.2.8/lib/active_record/fixtures.rb:492:in `block (2 levels) in create_fixtures'
    /usr/local/rvm/gems/ruby-1.9.3-p194/gems/activerecord-3.2.8/lib/active_record/connection_adapters/abstract/database_statements.rb:192:in `transaction'
    /usr/local/rvm/gems/ruby-1.9.3-p194/gems/activerecord-3.2.8/lib/active_record/fixtures.rb:491:in `block in create_fixtures'
    /usr/local/rvm/gems/ruby-1.9.3-p194/gems/activerecord-3.2.8/lib/active_record/connection_adapters/abstract_adapter.rb:168:in `disable_referential_integrity'
    /usr/local/rvm/gems/ruby-1.9.3-p194/gems/activerecord-3.2.8/lib/active_record/fixtures.rb:476:in `create_fixtures'
    /usr/local/rvm/gems/ruby-1.9.3-p194/gems/activerecord-3.2.8/lib/active_record/fixtures.rb:895:in `load_fixtures'
    /usr/local/rvm/gems/ruby-1.9.3-p194/gems/activerecord-3.2.8/lib/active_record/fixtures.rb:849:in `setup_fixtures'
    /usr/local/rvm/gems/ruby-1.9.3-p194/gems/activesupport-3.2.8/lib/active_support/callbacks.rb:429:in `_run__765298557__setup__1011031123__callbacks'
    /usr/local/rvm/gems/ruby-1.9.3-p194/gems/activesupport-3.2.8/lib/active_support/callbacks.rb:405:in `__run_callback'
    /usr/local/rvm/gems/ruby-1.9.3-p194/gems/activesupport-3.2.8/lib/active_support/callbacks.rb:385:in `_run_setup_callbacks'
    /usr/local/rvm/gems/ruby-1.9.3-p194/gems/activesupport-3.2.8/lib/active_support/callbacks.rb:81:in `run_callbacks'
    /usr/local/rvm/gems/ruby-1.9.3-p194/gems/activesupport-3.2.8/lib/active_support/testing/setup_and_teardown.rb:35:in `run'

  6) Error:
test_should_show_user(UsersControllerTest):
ActiveRecord::StatementInvalid: Could not find table 'users'
    /usr/local/rvm/gems/ruby-1.9.3-p194/gems/activerecord-3.2.8/lib/active_record/connection_adapters/sqlite_adapter.rb:472:in `table_structure'
    /usr/local/rvm/gems/ruby-1.9.3-p194/gems/activerecord-3.2.8/lib/active_record/connection_adapters/sqlite_adapter.rb:346:in `columns'
    /usr/local/rvm/gems/ruby-1.9.3-p194/gems/activerecord-3.2.8/lib/active_record/fixtures.rb:660:in `column_names'
    /usr/local/rvm/gems/ruby-1.9.3-p194/gems/activerecord-3.2.8/lib/active_record/fixtures.rb:652:in `timestamp_column_names'
    /usr/local/rvm/gems/ruby-1.9.3-p194/gems/activerecord-3.2.8/lib/active_record/fixtures.rb:585:in `block in table_rows'
    /usr/local/rvm/gems/ruby-1.9.3-p194/gems/activerecord-3.2.8/lib/active_record/fixtures.rb:579:in `each'
    /usr/local/rvm/gems/ruby-1.9.3-p194/gems/activerecord-3.2.8/lib/active_record/fixtures.rb:579:in `map'
    /usr/local/rvm/gems/ruby-1.9.3-p194/gems/activerecord-3.2.8/lib/active_record/fixtures.rb:579:in `table_rows'
    /usr/local/rvm/gems/ruby-1.9.3-p194/gems/activerecord-3.2.8/lib/active_record/fixtures.rb:494:in `block (3 levels) in create_fixtures'
    /usr/local/rvm/gems/ruby-1.9.3-p194/gems/activerecord-3.2.8/lib/active_record/fixtures.rb:492:in `each'
    /usr/local/rvm/gems/ruby-1.9.3-p194/gems/activerecord-3.2.8/lib/active_record/fixtures.rb:492:in `block (2 levels) in create_fixtures'
    /usr/local/rvm/gems/ruby-1.9.3-p194/gems/activerecord-3.2.8/lib/active_record/connection_adapters/abstract/database_statements.rb:192:in `transaction'
    /usr/local/rvm/gems/ruby-1.9.3-p194/gems/activerecord-3.2.8/lib/active_record/fixtures.rb:491:in `block in create_fixtures'
    /usr/local/rvm/gems/ruby-1.9.3-p194/gems/activerecord-3.2.8/lib/active_record/connection_adapters/abstract_adapter.rb:168:in `disable_referential_integrity'
    /usr/local/rvm/gems/ruby-1.9.3-p194/gems/activerecord-3.2.8/lib/active_record/fixtures.rb:476:in `create_fixtures'
    /usr/local/rvm/gems/ruby-1.9.3-p194/gems/activerecord-3.2.8/lib/active_record/fixtures.rb:895:in `load_fixtures'
    /usr/local/rvm/gems/ruby-1.9.3-p194/gems/activerecord-3.2.8/lib/active_record/fixtures.rb:849:in `setup_fixtures'
    /usr/local/rvm/gems/ruby-1.9.3-p194/gems/activesupport-3.2.8/lib/active_support/callbacks.rb:429:in `_run__765298557__setup__1011031123__callbacks'
    /usr/local/rvm/gems/ruby-1.9.3-p194/gems/activesupport-3.2.8/lib/active_support/callbacks.rb:405:in `__run_callback'
    /usr/local/rvm/gems/ruby-1.9.3-p194/gems/activesupport-3.2.8/lib/active_support/callbacks.rb:385:in `_run_setup_callbacks'
    /usr/local/rvm/gems/ruby-1.9.3-p194/gems/activesupport-3.2.8/lib/active_support/callbacks.rb:81:in `run_callbacks'
    /usr/local/rvm/gems/ruby-1.9.3-p194/gems/activesupport-3.2.8/lib/active_support/testing/setup_and_teardown.rb:35:in `run'

  7) Error:
test_should_update_user(UsersControllerTest):
ActiveRecord::StatementInvalid: Could not find table 'users'
    /usr/local/rvm/gems/ruby-1.9.3-p194/gems/activerecord-3.2.8/lib/active_record/connection_adapters/sqlite_adapter.rb:472:in `table_structure'
    /usr/local/rvm/gems/ruby-1.9.3-p194/gems/activerecord-3.2.8/lib/active_record/connection_adapters/sqlite_adapter.rb:346:in `columns'
    /usr/local/rvm/gems/ruby-1.9.3-p194/gems/activerecord-3.2.8/lib/active_record/fixtures.rb:660:in `column_names'
    /usr/local/rvm/gems/ruby-1.9.3-p194/gems/activerecord-3.2.8/lib/active_record/fixtures.rb:652:in `timestamp_column_names'
    /usr/local/rvm/gems/ruby-1.9.3-p194/gems/activerecord-3.2.8/lib/active_record/fixtures.rb:585:in `block in table_rows'
    /usr/local/rvm/gems/ruby-1.9.3-p194/gems/activerecord-3.2.8/lib/active_record/fixtures.rb:579:in `each'
    /usr/local/rvm/gems/ruby-1.9.3-p194/gems/activerecord-3.2.8/lib/active_record/fixtures.rb:579:in `map'
    /usr/local/rvm/gems/ruby-1.9.3-p194/gems/activerecord-3.2.8/lib/active_record/fixtures.rb:579:in `table_rows'
    /usr/local/rvm/gems/ruby-1.9.3-p194/gems/activerecord-3.2.8/lib/active_record/fixtures.rb:494:in `block (3 levels) in create_fixtures'
    /usr/local/rvm/gems/ruby-1.9.3-p194/gems/activerecord-3.2.8/lib/active_record/fixtures.rb:492:in `each'
    /usr/local/rvm/gems/ruby-1.9.3-p194/gems/activerecord-3.2.8/lib/active_record/fixtures.rb:492:in `block (2 levels) in create_fixtures'
    /usr/local/rvm/gems/ruby-1.9.3-p194/gems/activerecord-3.2.8/lib/active_record/connection_adapters/abstract/database_statements.rb:192:in `transaction'
    /usr/local/rvm/gems/ruby-1.9.3-p194/gems/activerecord-3.2.8/lib/active_record/fixtures.rb:491:in `block in create_fixtures'
    /usr/local/rvm/gems/ruby-1.9.3-p194/gems/activerecord-3.2.8/lib/active_record/connection_adapters/abstract_adapter.rb:168:in `disable_referential_integrity'
    /usr/local/rvm/gems/ruby-1.9.3-p194/gems/activerecord-3.2.8/lib/active_record/fixtures.rb:476:in `create_fixtures'
    /usr/local/rvm/gems/ruby-1.9.3-p194/gems/activerecord-3.2.8/lib/active_record/fixtures.rb:895:in `load_fixtures'
    /usr/local/rvm/gems/ruby-1.9.3-p194/gems/activerecord-3.2.8/lib/active_record/fixtures.rb:849:in `setup_fixtures'
    /usr/local/rvm/gems/ruby-1.9.3-p194/gems/activesupport-3.2.8/lib/active_support/callbacks.rb:429:in `_run__765298557__setup__1011031123__callbacks'
    /usr/local/rvm/gems/ruby-1.9.3-p194/gems/activesupport-3.2.8/lib/active_support/callbacks.rb:405:in `__run_callback'
    /usr/local/rvm/gems/ruby-1.9.3-p194/gems/activesupport-3.2.8/lib/active_support/callbacks.rb:385:in `_run_setup_callbacks'
    /usr/local/rvm/gems/ruby-1.9.3-p194/gems/activesupport-3.2.8/lib/active_support/callbacks.rb:81:in `run_callbacks'
    /usr/local/rvm/gems/ruby-1.9.3-p194/gems/activesupport-3.2.8/lib/active_support/testing/setup_and_teardown.rb:35:in `run'

7 tests, 0 assertions, 0 failures, 7 errors, 0 skips
/usr/local/rvm/rubies/ruby-1.9.3-p194/bin/ruby -I.:lib:test -rubygems test/functional/users_controller_test.rb -n "/^(test_should_create_user|test_should_destroy_user|test_should_get_edit|test_should_get_index|test_should_get_new|test_should_show_user|test_should_update_user)$/"; /usr/local/rvm/rubies/ruby-1.9.3-p194/bin/ruby -I.:lib:test -rubygems test/functional/microposts_controller_test.rb -n "/^(test_should_create_micropost|test_should_destroy_micropost|test_should_get_edit|test_should_get_index|test_should_get_new|test_should_show_micropost|test_should_update_micropost)$/"; /usr/local/rvm/rubies/ruby-1.9.3-p194/bin/ruby -I.:lib:test -rubygems test/functional/pages_controller_test.rb -n "/^(test_should_get_contact|test_should_get_home)$/"
Run options: -n "/^(test_should_create_user|test_should_destroy_user|test_should_get_edit|test_should_get_index|test_should_get_new|test_should_show_user|test_should_update_user)$/"

# Running tests:

EEEEEEE

Finished tests in 0.142609s, 49.0853 tests/s, 0.0000 assertions/s.

  1) Error:
test_should_create_user(UsersControllerTest):
ActiveRecord::StatementInvalid: Could not find table 'users'
    /usr/local/rvm/gems/ruby-1.9.3-p194/gems/activerecord-3.2.8/lib/active_record/connection_adapters/sqlite_adapter.rb:472:in `table_structure'
    /usr/local/rvm/gems/ruby-1.9.3-p194/gems/activerecord-3.2.8/lib/active_record/connection_adapters/sqlite_adapter.rb:346:in `columns'
    /usr/local/rvm/gems/ruby-1.9.3-p194/gems/activerecord-3.2.8/lib/active_record/fixtures.rb:660:in `column_names'
    /usr/local/rvm/gems/ruby-1.9.3-p194/gems/activerecord-3.2.8/lib/active_record/fixtures.rb:652:in `timestamp_column_names'
    /usr/local/rvm/gems/ruby-1.9.3-p194/gems/activerecord-3.2.8/lib/active_record/fixtures.rb:585:in `block in table_rows'
    /usr/local/rvm/gems/ruby-1.9.3-p194/gems/activerecord-3.2.8/lib/active_record/fixtures.rb:579:in `each'
    /usr/local/rvm/gems/ruby-1.9.3-p194/gems/activerecord-3.2.8/lib/active_record/fixtures.rb:579:in `map'
    /usr/local/rvm/gems/ruby-1.9.3-p194/gems/activerecord-3.2.8/lib/active_record/fixtures.rb:579:in `table_rows'
    /usr/local/rvm/gems/ruby-1.9.3-p194/gems/activerecord-3.2.8/lib/active_record/fixtures.rb:494:in `block (3 levels) in create_fixtures'
    /usr/local/rvm/gems/ruby-1.9.3-p194/gems/activerecord-3.2.8/lib/active_record/fixtures.rb:492:in `each'
    /usr/local/rvm/gems/ruby-1.9.3-p194/gems/activerecord-3.2.8/lib/active_record/fixtures.rb:492:in `block (2 levels) in create_fixtures'
    /usr/local/rvm/gems/ruby-1.9.3-p194/gems/activerecord-3.2.8/lib/active_record/connection_adapters/abstract/database_statements.rb:192:in `transaction'
    /usr/local/rvm/gems/ruby-1.9.3-p194/gems/activerecord-3.2.8/lib/active_record/fixtures.rb:491:in `block in create_fixtures'
    /usr/local/rvm/gems/ruby-1.9.3-p194/gems/activerecord-3.2.8/lib/active_record/connection_adapters/abstract_adapter.rb:168:in `disable_referential_integrity'
    /usr/local/rvm/gems/ruby-1.9.3-p194/gems/activerecord-3.2.8/lib/active_record/fixtures.rb:476:in `create_fixtures'
    /usr/local/rvm/gems/ruby-1.9.3-p194/gems/activerecord-3.2.8/lib/active_record/fixtures.rb:895:in `load_fixtures'
    /usr/local/rvm/gems/ruby-1.9.3-p194/gems/activerecord-3.2.8/lib/active_record/fixtures.rb:849:in `setup_fixtures'
    /usr/local/rvm/gems/ruby-1.9.3-p194/gems/activesupport-3.2.8/lib/active_support/callbacks.rb:429:in `_run__820778289__setup__681888045__callbacks'
    /usr/local/rvm/gems/ruby-1.9.3-p194/gems/activesupport-3.2.8/lib/active_support/callbacks.rb:405:in `__run_callback'
    /usr/local/rvm/gems/ruby-1.9.3-p194/gems/activesupport-3.2.8/lib/active_support/callbacks.rb:385:in `_run_setup_callbacks'
    /usr/local/rvm/gems/ruby-1.9.3-p194/gems/activesupport-3.2.8/lib/active_support/callbacks.rb:81:in `run_callbacks'
    /usr/local/rvm/gems/ruby-1.9.3-p194/gems/activesupport-3.2.8/lib/active_support/testing/setup_and_teardown.rb:35:in `run'

  2) Error:
test_should_destroy_user(UsersControllerTest):
ActiveRecord::StatementInvalid: Could not find table 'users'
    /usr/local/rvm/gems/ruby-1.9.3-p194/gems/activerecord-3.2.8/lib/active_record/connection_adapters/sqlite_adapter.rb:472:in `table_structure'
    /usr/local/rvm/gems/ruby-1.9.3-p194/gems/activerecord-3.2.8/lib/active_record/connection_adapters/sqlite_adapter.rb:346:in `columns'
    /usr/local/rvm/gems/ruby-1.9.3-p194/gems/activerecord-3.2.8/lib/active_record/fixtures.rb:660:in `column_names'
    /usr/local/rvm/gems/ruby-1.9.3-p194/gems/activerecord-3.2.8/lib/active_record/fixtures.rb:652:in `timestamp_column_names'
    /usr/local/rvm/gems/ruby-1.9.3-p194/gems/activerecord-3.2.8/lib/active_record/fixtures.rb:585:in `block in table_rows'
    /usr/local/rvm/gems/ruby-1.9.3-p194/gems/activerecord-3.2.8/lib/active_record/fixtures.rb:579:in `each'
    /usr/local/rvm/gems/ruby-1.9.3-p194/gems/activerecord-3.2.8/lib/active_record/fixtures.rb:579:in `map'
    /usr/local/rvm/gems/ruby-1.9.3-p194/gems/activerecord-3.2.8/lib/active_record/fixtures.rb:579:in `table_rows'
    /usr/local/rvm/gems/ruby-1.9.3-p194/gems/activerecord-3.2.8/lib/active_record/fixtures.rb:494:in `block (3 levels) in create_fixtures'
    /usr/local/rvm/gems/ruby-1.9.3-p194/gems/activerecord-3.2.8/lib/active_record/fixtures.rb:492:in `each'
    /usr/local/rvm/gems/ruby-1.9.3-p194/gems/activerecord-3.2.8/lib/active_record/fixtures.rb:492:in `block (2 levels) in create_fixtures'
    /usr/local/rvm/gems/ruby-1.9.3-p194/gems/activerecord-3.2.8/lib/active_record/connection_adapters/abstract/database_statements.rb:192:in `transaction'
    /usr/local/rvm/gems/ruby-1.9.3-p194/gems/activerecord-3.2.8/lib/active_record/fixtures.rb:491:in `block in create_fixtures'
    /usr/local/rvm/gems/ruby-1.9.3-p194/gems/activerecord-3.2.8/lib/active_record/connection_adapters/abstract_adapter.rb:168:in `disable_referential_integrity'
    /usr/local/rvm/gems/ruby-1.9.3-p194/gems/activerecord-3.2.8/lib/active_record/fixtures.rb:476:in `create_fixtures'
    /usr/local/rvm/gems/ruby-1.9.3-p194/gems/activerecord-3.2.8/lib/active_record/fixtures.rb:895:in `load_fixtures'
    /usr/local/rvm/gems/ruby-1.9.3-p194/gems/activerecord-3.2.8/lib/active_record/fixtures.rb:849:in `setup_fixtures'
    /usr/local/rvm/gems/ruby-1.9.3-p194/gems/activesupport-3.2.8/lib/active_support/callbacks.rb:429:in `_run__820778289__setup__681888045__callbacks'
    /usr/local/rvm/gems/ruby-1.9.3-p194/gems/activesupport-3.2.8/lib/active_support/callbacks.rb:405:in `__run_callback'
    /usr/local/rvm/gems/ruby-1.9.3-p194/gems/activesupport-3.2.8/lib/active_support/callbacks.rb:385:in `_run_setup_callbacks'
    /usr/local/rvm/gems/ruby-1.9.3-p194/gems/activesupport-3.2.8/lib/active_support/callbacks.rb:81:in `run_callbacks'
    /usr/local/rvm/gems/ruby-1.9.3-p194/gems/activesupport-3.2.8/lib/active_support/testing/setup_and_teardown.rb:35:in `run'

  3) Error:
test_should_get_edit(UsersControllerTest):
ActiveRecord::StatementInvalid: Could not find table 'users'
    /usr/local/rvm/gems/ruby-1.9.3-p194/gems/activerecord-3.2.8/lib/active_record/connection_adapters/sqlite_adapter.rb:472:in `table_structure'
    /usr/local/rvm/gems/ruby-1.9.3-p194/gems/activerecord-3.2.8/lib/active_record/connection_adapters/sqlite_adapter.rb:346:in `columns'
    /usr/local/rvm/gems/ruby-1.9.3-p194/gems/activerecord-3.2.8/lib/active_record/fixtures.rb:660:in `column_names'
    /usr/local/rvm/gems/ruby-1.9.3-p194/gems/activerecord-3.2.8/lib/active_record/fixtures.rb:652:in `timestamp_column_names'
    /usr/local/rvm/gems/ruby-1.9.3-p194/gems/activerecord-3.2.8/lib/active_record/fixtures.rb:585:in `block in table_rows'
    /usr/local/rvm/gems/ruby-1.9.3-p194/gems/activerecord-3.2.8/lib/active_record/fixtures.rb:579:in `each'
    /usr/local/rvm/gems/ruby-1.9.3-p194/gems/activerecord-3.2.8/lib/active_record/fixtures.rb:579:in `map'
    /usr/local/rvm/gems/ruby-1.9.3-p194/gems/activerecord-3.2.8/lib/active_record/fixtures.rb:579:in `table_rows'
    /usr/local/rvm/gems/ruby-1.9.3-p194/gems/activerecord-3.2.8/lib/active_record/fixtures.rb:494:in `block (3 levels) in create_fixtures'
    /usr/local/rvm/gems/ruby-1.9.3-p194/gems/activerecord-3.2.8/lib/active_record/fixtures.rb:492:in `each'
    /usr/local/rvm/gems/ruby-1.9.3-p194/gems/activerecord-3.2.8/lib/active_record/fixtures.rb:492:in `block (2 levels) in create_fixtures'
    /usr/local/rvm/gems/ruby-1.9.3-p194/gems/activerecord-3.2.8/lib/active_record/connection_adapters/abstract/database_statements.rb:192:in `transaction'
    /usr/local/rvm/gems/ruby-1.9.3-p194/gems/activerecord-3.2.8/lib/active_record/fixtures.rb:491:in `block in create_fixtures'
    /usr/local/rvm/gems/ruby-1.9.3-p194/gems/activerecord-3.2.8/lib/active_record/connection_adapters/abstract_adapter.rb:168:in `disable_referential_integrity'
    /usr/local/rvm/gems/ruby-1.9.3-p194/gems/activerecord-3.2.8/lib/active_record/fixtures.rb:476:in `create_fixtures'
    /usr/local/rvm/gems/ruby-1.9.3-p194/gems/activerecord-3.2.8/lib/active_record/fixtures.rb:895:in `load_fixtures'
    /usr/local/rvm/gems/ruby-1.9.3-p194/gems/activerecord-3.2.8/lib/active_record/fixtures.rb:849:in `setup_fixtures'
    /usr/local/rvm/gems/ruby-1.9.3-p194/gems/activesupport-3.2.8/lib/active_support/callbacks.rb:429:in `_run__820778289__setup__681888045__callbacks'
    /usr/local/rvm/gems/ruby-1.9.3-p194/gems/activesupport-3.2.8/lib/active_support/callbacks.rb:405:in `__run_callback'
    /usr/local/rvm/gems/ruby-1.9.3-p194/gems/activesupport-3.2.8/lib/active_support/callbacks.rb:385:in `_run_setup_callbacks'
    /usr/local/rvm/gems/ruby-1.9.3-p194/gems/activesupport-3.2.8/lib/active_support/callbacks.rb:81:in `run_callbacks'
    /usr/local/rvm/gems/ruby-1.9.3-p194/gems/activesupport-3.2.8/lib/active_support/testing/setup_and_teardown.rb:35:in `run'

  4) Error:
test_should_get_index(UsersControllerTest):
ActiveRecord::StatementInvalid: Could not find table 'users'
    /usr/local/rvm/gems/ruby-1.9.3-p194/gems/activerecord-3.2.8/lib/active_record/connection_adapters/sqlite_adapter.rb:472:in `table_structure'
    /usr/local/rvm/gems/ruby-1.9.3-p194/gems/activerecord-3.2.8/lib/active_record/connection_adapters/sqlite_adapter.rb:346:in `columns'
    /usr/local/rvm/gems/ruby-1.9.3-p194/gems/activerecord-3.2.8/lib/active_record/fixtures.rb:660:in `column_names'
    /usr/local/rvm/gems/ruby-1.9.3-p194/gems/activerecord-3.2.8/lib/active_record/fixtures.rb:652:in `timestamp_column_names'
    /usr/local/rvm/gems/ruby-1.9.3-p194/gems/activerecord-3.2.8/lib/active_record/fixtures.rb:585:in `block in table_rows'
    /usr/local/rvm/gems/ruby-1.9.3-p194/gems/activerecord-3.2.8/lib/active_record/fixtures.rb:579:in `each'
    /usr/local/rvm/gems/ruby-1.9.3-p194/gems/activerecord-3.2.8/lib/active_record/fixtures.rb:579:in `map'
    /usr/local/rvm/gems/ruby-1.9.3-p194/gems/activerecord-3.2.8/lib/active_record/fixtures.rb:579:in `table_rows'
    /usr/local/rvm/gems/ruby-1.9.3-p194/gems/activerecord-3.2.8/lib/active_record/fixtures.rb:494:in `block (3 levels) in create_fixtures'
    /usr/local/rvm/gems/ruby-1.9.3-p194/gems/activerecord-3.2.8/lib/active_record/fixtures.rb:492:in `each'
    /usr/local/rvm/gems/ruby-1.9.3-p194/gems/activerecord-3.2.8/lib/active_record/fixtures.rb:492:in `block (2 levels) in create_fixtures'
    /usr/local/rvm/gems/ruby-1.9.3-p194/gems/activerecord-3.2.8/lib/active_record/connection_adapters/abstract/database_statements.rb:192:in `transaction'
    /usr/local/rvm/gems/ruby-1.9.3-p194/gems/activerecord-3.2.8/lib/active_record/fixtures.rb:491:in `block in create_fixtures'
    /usr/local/rvm/gems/ruby-1.9.3-p194/gems/activerecord-3.2.8/lib/active_record/connection_adapters/abstract_adapter.rb:168:in `disable_referential_integrity'
    /usr/local/rvm/gems/ruby-1.9.3-p194/gems/activerecord-3.2.8/lib/active_record/fixtures.rb:476:in `create_fixtures'
    /usr/local/rvm/gems/ruby-1.9.3-p194/gems/activerecord-3.2.8/lib/active_record/fixtures.rb:895:in `load_fixtures'
    /usr/local/rvm/gems/ruby-1.9.3-p194/gems/activerecord-3.2.8/lib/active_record/fixtures.rb:849:in `setup_fixtures'
    /usr/local/rvm/gems/ruby-1.9.3-p194/gems/activesupport-3.2.8/lib/active_support/callbacks.rb:429:in `_run__820778289__setup__681888045__callbacks'
    /usr/local/rvm/gems/ruby-1.9.3-p194/gems/activesupport-3.2.8/lib/active_support/callbacks.rb:405:in `__run_callback'
    /usr/local/rvm/gems/ruby-1.9.3-p194/gems/activesupport-3.2.8/lib/active_support/callbacks.rb:385:in `_run_setup_callbacks'
    /usr/local/rvm/gems/ruby-1.9.3-p194/gems/activesupport-3.2.8/lib/active_support/callbacks.rb:81:in `run_callbacks'
    /usr/local/rvm/gems/ruby-1.9.3-p194/gems/activesupport-3.2.8/lib/active_support/testing/setup_and_teardown.rb:35:in `run'

  5) Error:
test_should_get_new(UsersControllerTest):
ActiveRecord::StatementInvalid: Could not find table 'users'
    /usr/local/rvm/gems/ruby-1.9.3-p194/gems/activerecord-3.2.8/lib/active_record/connection_adapters/sqlite_adapter.rb:472:in `table_structure'
    /usr/local/rvm/gems/ruby-1.9.3-p194/gems/activerecord-3.2.8/lib/active_record/connection_adapters/sqlite_adapter.rb:346:in `columns'
    /usr/local/rvm/gems/ruby-1.9.3-p194/gems/activerecord-3.2.8/lib/active_record/fixtures.rb:660:in `column_names'
    /usr/local/rvm/gems/ruby-1.9.3-p194/gems/activerecord-3.2.8/lib/active_record/fixtures.rb:652:in `timestamp_column_names'
    /usr/local/rvm/gems/ruby-1.9.3-p194/gems/activerecord-3.2.8/lib/active_record/fixtures.rb:585:in `block in table_rows'
    /usr/local/rvm/gems/ruby-1.9.3-p194/gems/activerecord-3.2.8/lib/active_record/fixtures.rb:579:in `each'
    /usr/local/rvm/gems/ruby-1.9.3-p194/gems/activerecord-3.2.8/lib/active_record/fixtures.rb:579:in `map'
    /usr/local/rvm/gems/ruby-1.9.3-p194/gems/activerecord-3.2.8/lib/active_record/fixtures.rb:579:in `table_rows'
    /usr/local/rvm/gems/ruby-1.9.3-p194/gems/activerecord-3.2.8/lib/active_record/fixtures.rb:494:in `block (3 levels) in create_fixtures'
    /usr/local/rvm/gems/ruby-1.9.3-p194/gems/activerecord-3.2.8/lib/active_record/fixtures.rb:492:in `each'
    /usr/local/rvm/gems/ruby-1.9.3-p194/gems/activerecord-3.2.8/lib/active_record/fixtures.rb:492:in `block (2 levels) in create_fixtures'
    /usr/local/rvm/gems/ruby-1.9.3-p194/gems/activerecord-3.2.8/lib/active_record/connection_adapters/abstract/database_statements.rb:192:in `transaction'
    /usr/local/rvm/gems/ruby-1.9.3-p194/gems/activerecord-3.2.8/lib/active_record/fixtures.rb:491:in `block in create_fixtures'
    /usr/local/rvm/gems/ruby-1.9.3-p194/gems/activerecord-3.2.8/lib/active_record/connection_adapters/abstract_adapter.rb:168:in `disable_referential_integrity'
    /usr/local/rvm/gems/ruby-1.9.3-p194/gems/activerecord-3.2.8/lib/active_record/fixtures.rb:476:in `create_fixtures'
    /usr/local/rvm/gems/ruby-1.9.3-p194/gems/activerecord-3.2.8/lib/active_record/fixtures.rb:895:in `load_fixtures'
    /usr/local/rvm/gems/ruby-1.9.3-p194/gems/activerecord-3.2.8/lib/active_record/fixtures.rb:849:in `setup_fixtures'
    /usr/local/rvm/gems/ruby-1.9.3-p194/gems/activesupport-3.2.8/lib/active_support/callbacks.rb:429:in `_run__820778289__setup__681888045__callbacks'
    /usr/local/rvm/gems/ruby-1.9.3-p194/gems/activesupport-3.2.8/lib/active_support/callbacks.rb:405:in `__run_callback'
    /usr/local/rvm/gems/ruby-1.9.3-p194/gems/activesupport-3.2.8/lib/active_support/callbacks.rb:385:in `_run_setup_callbacks'
    /usr/local/rvm/gems/ruby-1.9.3-p194/gems/activesupport-3.2.8/lib/active_support/callbacks.rb:81:in `run_callbacks'
    /usr/local/rvm/gems/ruby-1.9.3-p194/gems/activesupport-3.2.8/lib/active_support/testing/setup_and_teardown.rb:35:in `run'

  6) Error:
test_should_show_user(UsersControllerTest):
ActiveRecord::StatementInvalid: Could not find table 'users'
    /usr/local/rvm/gems/ruby-1.9.3-p194/gems/activerecord-3.2.8/lib/active_record/connection_adapters/sqlite_adapter.rb:472:in `table_structure'
    /usr/local/rvm/gems/ruby-1.9.3-p194/gems/activerecord-3.2.8/lib/active_record/connection_adapters/sqlite_adapter.rb:346:in `columns'
    /usr/local/rvm/gems/ruby-1.9.3-p194/gems/activerecord-3.2.8/lib/active_record/fixtures.rb:660:in `column_names'
    /usr/local/rvm/gems/ruby-1.9.3-p194/gems/activerecord-3.2.8/lib/active_record/fixtures.rb:652:in `timestamp_column_names'
    /usr/local/rvm/gems/ruby-1.9.3-p194/gems/activerecord-3.2.8/lib/active_record/fixtures.rb:585:in `block in table_rows'
    /usr/local/rvm/gems/ruby-1.9.3-p194/gems/activerecord-3.2.8/lib/active_record/fixtures.rb:579:in `each'
    /usr/local/rvm/gems/ruby-1.9.3-p194/gems/activerecord-3.2.8/lib/active_record/fixtures.rb:579:in `map'
    /usr/local/rvm/gems/ruby-1.9.3-p194/gems/activerecord-3.2.8/lib/active_record/fixtures.rb:579:in `table_rows'
    /usr/local/rvm/gems/ruby-1.9.3-p194/gems/activerecord-3.2.8/lib/active_record/fixtures.rb:494:in `block (3 levels) in create_fixtures'
    /usr/local/rvm/gems/ruby-1.9.3-p194/gems/activerecord-3.2.8/lib/active_record/fixtures.rb:492:in `each'
    /usr/local/rvm/gems/ruby-1.9.3-p194/gems/activerecord-3.2.8/lib/active_record/fixtures.rb:492:in `block (2 levels) in create_fixtures'
    /usr/local/rvm/gems/ruby-1.9.3-p194/gems/activerecord-3.2.8/lib/active_record/connection_adapters/abstract/database_statements.rb:192:in `transaction'
    /usr/local/rvm/gems/ruby-1.9.3-p194/gems/activerecord-3.2.8/lib/active_record/fixtures.rb:491:in `block in create_fixtures'
    /usr/local/rvm/gems/ruby-1.9.3-p194/gems/activerecord-3.2.8/lib/active_record/connection_adapters/abstract_adapter.rb:168:in `disable_referential_integrity'
    /usr/local/rvm/gems/ruby-1.9.3-p194/gems/activerecord-3.2.8/lib/active_record/fixtures.rb:476:in `create_fixtures'
    /usr/local/rvm/gems/ruby-1.9.3-p194/gems/activerecord-3.2.8/lib/active_record/fixtures.rb:895:in `load_fixtures'
    /usr/local/rvm/gems/ruby-1.9.3-p194/gems/activerecord-3.2.8/lib/active_record/fixtures.rb:849:in `setup_fixtures'
    /usr/local/rvm/gems/ruby-1.9.3-p194/gems/activesupport-3.2.8/lib/active_support/callbacks.rb:429:in `_run__820778289__setup__681888045__callbacks'
    /usr/local/rvm/gems/ruby-1.9.3-p194/gems/activesupport-3.2.8/lib/active_support/callbacks.rb:405:in `__run_callback'
    /usr/local/rvm/gems/ruby-1.9.3-p194/gems/activesupport-3.2.8/lib/active_support/callbacks.rb:385:in `_run_setup_callbacks'
    /usr/local/rvm/gems/ruby-1.9.3-p194/gems/activesupport-3.2.8/lib/active_support/callbacks.rb:81:in `run_callbacks'
    /usr/local/rvm/gems/ruby-1.9.3-p194/gems/activesupport-3.2.8/lib/active_support/testing/setup_and_teardown.rb:35:in `run'

  7) Error:
test_should_update_user(UsersControllerTest):
ActiveRecord::StatementInvalid: Could not find table 'users'
    /usr/local/rvm/gems/ruby-1.9.3-p194/gems/activerecord-3.2.8/lib/active_record/connection_adapters/sqlite_adapter.rb:472:in `table_structure'
    /usr/local/rvm/gems/ruby-1.9.3-p194/gems/activerecord-3.2.8/lib/active_record/connection_adapters/sqlite_adapter.rb:346:in `columns'
    /usr/local/rvm/gems/ruby-1.9.3-p194/gems/activerecord-3.2.8/lib/active_record/fixtures.rb:660:in `column_names'
    /usr/local/rvm/gems/ruby-1.9.3-p194/gems/activerecord-3.2.8/lib/active_record/fixtures.rb:652:in `timestamp_column_names'
    /usr/local/rvm/gems/ruby-1.9.3-p194/gems/activerecord-3.2.8/lib/active_record/fixtures.rb:585:in `block in table_rows'
    /usr/local/rvm/gems/ruby-1.9.3-p194/gems/activerecord-3.2.8/lib/active_record/fixtures.rb:579:in `each'
    /usr/local/rvm/gems/ruby-1.9.3-p194/gems/activerecord-3.2.8/lib/active_record/fixtures.rb:579:in `map'
    /usr/local/rvm/gems/ruby-1.9.3-p194/gems/activerecord-3.2.8/lib/active_record/fixtures.rb:579:in `table_rows'
    /usr/local/rvm/gems/ruby-1.9.3-p194/gems/activerecord-3.2.8/lib/active_record/fixtures.rb:494:in `block (3 levels) in create_fixtures'
    /usr/local/rvm/gems/ruby-1.9.3-p194/gems/activerecord-3.2.8/lib/active_record/fixtures.rb:492:in `each'
    /usr/local/rvm/gems/ruby-1.9.3-p194/gems/activerecord-3.2.8/lib/active_record/fixtures.rb:492:in `block (2 levels) in create_fixtures'
    /usr/local/rvm/gems/ruby-1.9.3-p194/gems/activerecord-3.2.8/lib/active_record/connection_adapters/abstract/database_statements.rb:192:in `transaction'
    /usr/local/rvm/gems/ruby-1.9.3-p194/gems/activerecord-3.2.8/lib/active_record/fixtures.rb:491:in `block in create_fixtures'
    /usr/local/rvm/gems/ruby-1.9.3-p194/gems/activerecord-3.2.8/lib/active_record/connection_adapters/abstract_adapter.rb:168:in `disable_referential_integrity'
    /usr/local/rvm/gems/ruby-1.9.3-p194/gems/activerecord-3.2.8/lib/active_record/fixtures.rb:476:in `create_fixtures'
    /usr/local/rvm/gems/ruby-1.9.3-p194/gems/activerecord-3.2.8/lib/active_record/fixtures.rb:895:in `load_fixtures'
    /usr/local/rvm/gems/ruby-1.9.3-p194/gems/activerecord-3.2.8/lib/active_record/fixtures.rb:849:in `setup_fixtures'
    /usr/local/rvm/gems/ruby-1.9.3-p194/gems/activesupport-3.2.8/lib/active_support/callbacks.rb:429:in `_run__820778289__setup__681888045__callbacks'
    /usr/local/rvm/gems/ruby-1.9.3-p194/gems/activesupport-3.2.8/lib/active_support/callbacks.rb:405:in `__run_callback'
    /usr/local/rvm/gems/ruby-1.9.3-p194/gems/activesupport-3.2.8/lib/active_support/callbacks.rb:385:in `_run_setup_callbacks'
    /usr/local/rvm/gems/ruby-1.9.3-p194/gems/activesupport-3.2.8/lib/active_support/callbacks.rb:81:in `run_callbacks'
    /usr/local/rvm/gems/ruby-1.9.3-p194/gems/activesupport-3.2.8/lib/active_support/testing/setup_and_teardown.rb:35:in `run'

7 tests, 0 assertions, 0 failures, 7 errors, 0 skips
Run options: -n "/^(test_should_create_micropost|test_should_destroy_micropost|test_should_get_edit|test_should_get_index|test_should_get_new|test_should_show_micropost|test_should_update_micropost)$/"

# Running tests:

EEEEEEE

Finished tests in 0.104306s, 67.1101 tests/s, 0.0000 assertions/s.

  1) Error:
test_should_create_micropost(MicropostsControllerTest):
ActiveRecord::StatementInvalid: Could not find table 'users'
    /usr/local/rvm/gems/ruby-1.9.3-p194/gems/activerecord-3.2.8/lib/active_record/connection_adapters/sqlite_adapter.rb:472:in `table_structure'
    /usr/local/rvm/gems/ruby-1.9.3-p194/gems/activerecord-3.2.8/lib/active_record/connection_adapters/sqlite_adapter.rb:346:in `columns'
    /usr/local/rvm/gems/ruby-1.9.3-p194/gems/activerecord-3.2.8/lib/active_record/fixtures.rb:660:in `column_names'
    /usr/local/rvm/gems/ruby-1.9.3-p194/gems/activerecord-3.2.8/lib/active_record/fixtures.rb:652:in `timestamp_column_names'
    /usr/local/rvm/gems/ruby-1.9.3-p194/gems/activerecord-3.2.8/lib/active_record/fixtures.rb:585:in `block in table_rows'
    /usr/local/rvm/gems/ruby-1.9.3-p194/gems/activerecord-3.2.8/lib/active_record/fixtures.rb:579:in `each'
    /usr/local/rvm/gems/ruby-1.9.3-p194/gems/activerecord-3.2.8/lib/active_record/fixtures.rb:579:in `map'
    /usr/local/rvm/gems/ruby-1.9.3-p194/gems/activerecord-3.2.8/lib/active_record/fixtures.rb:579:in `table_rows'
    /usr/local/rvm/gems/ruby-1.9.3-p194/gems/activerecord-3.2.8/lib/active_record/fixtures.rb:494:in `block (3 levels) in create_fixtures'
    /usr/local/rvm/gems/ruby-1.9.3-p194/gems/activerecord-3.2.8/lib/active_record/fixtures.rb:492:in `each'
    /usr/local/rvm/gems/ruby-1.9.3-p194/gems/activerecord-3.2.8/lib/active_record/fixtures.rb:492:in `block (2 levels) in create_fixtures'
    /usr/local/rvm/gems/ruby-1.9.3-p194/gems/activerecord-3.2.8/lib/active_record/connection_adapters/abstract/database_statements.rb:192:in `transaction'
    /usr/local/rvm/gems/ruby-1.9.3-p194/gems/activerecord-3.2.8/lib/active_record/fixtures.rb:491:in `block in create_fixtures'
    /usr/local/rvm/gems/ruby-1.9.3-p194/gems/activerecord-3.2.8/lib/active_record/connection_adapters/abstract_adapter.rb:168:in `disable_referential_integrity'
    /usr/local/rvm/gems/ruby-1.9.3-p194/gems/activerecord-3.2.8/lib/active_record/fixtures.rb:476:in `create_fixtures'
    /usr/local/rvm/gems/ruby-1.9.3-p194/gems/activerecord-3.2.8/lib/active_record/fixtures.rb:895:in `load_fixtures'
    /usr/local/rvm/gems/ruby-1.9.3-p194/gems/activerecord-3.2.8/lib/active_record/fixtures.rb:849:in `setup_fixtures'
    /usr/local/rvm/gems/ruby-1.9.3-p194/gems/activesupport-3.2.8/lib/active_support/callbacks.rb:429:in `_run__336315513__setup__291802336__callbacks'
    /usr/local/rvm/gems/ruby-1.9.3-p194/gems/activesupport-3.2.8/lib/active_support/callbacks.rb:405:in `__run_callback'
    /usr/local/rvm/gems/ruby-1.9.3-p194/gems/activesupport-3.2.8/lib/active_support/callbacks.rb:385:in `_run_setup_callbacks'
    /usr/local/rvm/gems/ruby-1.9.3-p194/gems/activesupport-3.2.8/lib/active_support/callbacks.rb:81:in `run_callbacks'
    /usr/local/rvm/gems/ruby-1.9.3-p194/gems/activesupport-3.2.8/lib/active_support/testing/setup_and_teardown.rb:35:in `run'

  2) Error:
test_should_destroy_micropost(MicropostsControllerTest):
ActiveRecord::StatementInvalid: Could not find table 'users'
    /usr/local/rvm/gems/ruby-1.9.3-p194/gems/activerecord-3.2.8/lib/active_record/connection_adapters/sqlite_adapter.rb:472:in `table_structure'
    /usr/local/rvm/gems/ruby-1.9.3-p194/gems/activerecord-3.2.8/lib/active_record/connection_adapters/sqlite_adapter.rb:346:in `columns'
    /usr/local/rvm/gems/ruby-1.9.3-p194/gems/activerecord-3.2.8/lib/active_record/fixtures.rb:660:in `column_names'
    /usr/local/rvm/gems/ruby-1.9.3-p194/gems/activerecord-3.2.8/lib/active_record/fixtures.rb:652:in `timestamp_column_names'
    /usr/local/rvm/gems/ruby-1.9.3-p194/gems/activerecord-3.2.8/lib/active_record/fixtures.rb:585:in `block in table_rows'
    /usr/local/rvm/gems/ruby-1.9.3-p194/gems/activerecord-3.2.8/lib/active_record/fixtures.rb:579:in `each'
    /usr/local/rvm/gems/ruby-1.9.3-p194/gems/activerecord-3.2.8/lib/active_record/fixtures.rb:579:in `map'
    /usr/local/rvm/gems/ruby-1.9.3-p194/gems/activerecord-3.2.8/lib/active_record/fixtures.rb:579:in `table_rows'
    /usr/local/rvm/gems/ruby-1.9.3-p194/gems/activerecord-3.2.8/lib/active_record/fixtures.rb:494:in `block (3 levels) in create_fixtures'
    /usr/local/rvm/gems/ruby-1.9.3-p194/gems/activerecord-3.2.8/lib/active_record/fixtures.rb:492:in `each'
    /usr/local/rvm/gems/ruby-1.9.3-p194/gems/activerecord-3.2.8/lib/active_record/fixtures.rb:492:in `block (2 levels) in create_fixtures'
    /usr/local/rvm/gems/ruby-1.9.3-p194/gems/activerecord-3.2.8/lib/active_record/connection_adapters/abstract/database_statements.rb:192:in `transaction'
    /usr/local/rvm/gems/ruby-1.9.3-p194/gems/activerecord-3.2.8/lib/active_record/fixtures.rb:491:in `block in create_fixtures'
    /usr/local/rvm/gems/ruby-1.9.3-p194/gems/activerecord-3.2.8/lib/active_record/connection_adapters/abstract_adapter.rb:168:in `disable_referential_integrity'
    /usr/local/rvm/gems/ruby-1.9.3-p194/gems/activerecord-3.2.8/lib/active_record/fixtures.rb:476:in `create_fixtures'
    /usr/local/rvm/gems/ruby-1.9.3-p194/gems/activerecord-3.2.8/lib/active_record/fixtures.rb:895:in `load_fixtures'
    /usr/local/rvm/gems/ruby-1.9.3-p194/gems/activerecord-3.2.8/lib/active_record/fixtures.rb:849:in `setup_fixtures'
    /usr/local/rvm/gems/ruby-1.9.3-p194/gems/activesupport-3.2.8/lib/active_support/callbacks.rb:429:in `_run__336315513__setup__291802336__callbacks'
    /usr/local/rvm/gems/ruby-1.9.3-p194/gems/activesupport-3.2.8/lib/active_support/callbacks.rb:405:in `__run_callback'
    /usr/local/rvm/gems/ruby-1.9.3-p194/gems/activesupport-3.2.8/lib/active_support/callbacks.rb:385:in `_run_setup_callbacks'
    /usr/local/rvm/gems/ruby-1.9.3-p194/gems/activesupport-3.2.8/lib/active_support/callbacks.rb:81:in `run_callbacks'
    /usr/local/rvm/gems/ruby-1.9.3-p194/gems/activesupport-3.2.8/lib/active_support/testing/setup_and_teardown.rb:35:in `run'

  3) Error:
test_should_get_edit(MicropostsControllerTest):
ActiveRecord::StatementInvalid: Could not find table 'users'
    /usr/local/rvm/gems/ruby-1.9.3-p194/gems/activerecord-3.2.8/lib/active_record/connection_adapters/sqlite_adapter.rb:472:in `table_structure'
    /usr/local/rvm/gems/ruby-1.9.3-p194/gems/activerecord-3.2.8/lib/active_record/connection_adapters/sqlite_adapter.rb:346:in `columns'
    /usr/local/rvm/gems/ruby-1.9.3-p194/gems/activerecord-3.2.8/lib/active_record/fixtures.rb:660:in `column_names'
    /usr/local/rvm/gems/ruby-1.9.3-p194/gems/activerecord-3.2.8/lib/active_record/fixtures.rb:652:in `timestamp_column_names'
    /usr/local/rvm/gems/ruby-1.9.3-p194/gems/activerecord-3.2.8/lib/active_record/fixtures.rb:585:in `block in table_rows'
    /usr/local/rvm/gems/ruby-1.9.3-p194/gems/activerecord-3.2.8/lib/active_record/fixtures.rb:579:in `each'
    /usr/local/rvm/gems/ruby-1.9.3-p194/gems/activerecord-3.2.8/lib/active_record/fixtures.rb:579:in `map'
    /usr/local/rvm/gems/ruby-1.9.3-p194/gems/activerecord-3.2.8/lib/active_record/fixtures.rb:579:in `table_rows'
    /usr/local/rvm/gems/ruby-1.9.3-p194/gems/activerecord-3.2.8/lib/active_record/fixtures.rb:494:in `block (3 levels) in create_fixtures'
    /usr/local/rvm/gems/ruby-1.9.3-p194/gems/activerecord-3.2.8/lib/active_record/fixtures.rb:492:in `each'
    /usr/local/rvm/gems/ruby-1.9.3-p194/gems/activerecord-3.2.8/lib/active_record/fixtures.rb:492:in `block (2 levels) in create_fixtures'
    /usr/local/rvm/gems/ruby-1.9.3-p194/gems/activerecord-3.2.8/lib/active_record/connection_adapters/abstract/database_statements.rb:192:in `transaction'
    /usr/local/rvm/gems/ruby-1.9.3-p194/gems/activerecord-3.2.8/lib/active_record/fixtures.rb:491:in `block in create_fixtures'
    /usr/local/rvm/gems/ruby-1.9.3-p194/gems/activerecord-3.2.8/lib/active_record/connection_adapters/abstract_adapter.rb:168:in `disable_referential_integrity'
    /usr/local/rvm/gems/ruby-1.9.3-p194/gems/activerecord-3.2.8/lib/active_record/fixtures.rb:476:in `create_fixtures'
    /usr/local/rvm/gems/ruby-1.9.3-p194/gems/activerecord-3.2.8/lib/active_record/fixtures.rb:895:in `load_fixtures'
    /usr/local/rvm/gems/ruby-1.9.3-p194/gems/activerecord-3.2.8/lib/active_record/fixtures.rb:849:in `setup_fixtures'
    /usr/local/rvm/gems/ruby-1.9.3-p194/gems/activesupport-3.2.8/lib/active_support/callbacks.rb:429:in `_run__336315513__setup__291802336__callbacks'
    /usr/local/rvm/gems/ruby-1.9.3-p194/gems/activesupport-3.2.8/lib/active_support/callbacks.rb:405:in `__run_callback'
    /usr/local/rvm/gems/ruby-1.9.3-p194/gems/activesupport-3.2.8/lib/active_support/callbacks.rb:385:in `_run_setup_callbacks'
    /usr/local/rvm/gems/ruby-1.9.3-p194/gems/activesupport-3.2.8/lib/active_support/callbacks.rb:81:in `run_callbacks'
    /usr/local/rvm/gems/ruby-1.9.3-p194/gems/activesupport-3.2.8/lib/active_support/testing/setup_and_teardown.rb:35:in `run'

  4) Error:
test_should_get_index(MicropostsControllerTest):
ActiveRecord::StatementInvalid: Could not find table 'users'
    /usr/local/rvm/gems/ruby-1.9.3-p194/gems/activerecord-3.2.8/lib/active_record/connection_adapters/sqlite_adapter.rb:472:in `table_structure'
    /usr/local/rvm/gems/ruby-1.9.3-p194/gems/activerecord-3.2.8/lib/active_record/connection_adapters/sqlite_adapter.rb:346:in `columns'
    /usr/local/rvm/gems/ruby-1.9.3-p194/gems/activerecord-3.2.8/lib/active_record/fixtures.rb:660:in `column_names'
    /usr/local/rvm/gems/ruby-1.9.3-p194/gems/activerecord-3.2.8/lib/active_record/fixtures.rb:652:in `timestamp_column_names'
    /usr/local/rvm/gems/ruby-1.9.3-p194/gems/activerecord-3.2.8/lib/active_record/fixtures.rb:585:in `block in table_rows'
    /usr/local/rvm/gems/ruby-1.9.3-p194/gems/activerecord-3.2.8/lib/active_record/fixtures.rb:579:in `each'
    /usr/local/rvm/gems/ruby-1.9.3-p194/gems/activerecord-3.2.8/lib/active_record/fixtures.rb:579:in `map'
    /usr/local/rvm/gems/ruby-1.9.3-p194/gems/activerecord-3.2.8/lib/active_record/fixtures.rb:579:in `table_rows'
    /usr/local/rvm/gems/ruby-1.9.3-p194/gems/activerecord-3.2.8/lib/active_record/fixtures.rb:494:in `block (3 levels) in create_fixtures'
    /usr/local/rvm/gems/ruby-1.9.3-p194/gems/activerecord-3.2.8/lib/active_record/fixtures.rb:492:in `each'
    /usr/local/rvm/gems/ruby-1.9.3-p194/gems/activerecord-3.2.8/lib/active_record/fixtures.rb:492:in `block (2 levels) in create_fixtures'
    /usr/local/rvm/gems/ruby-1.9.3-p194/gems/activerecord-3.2.8/lib/active_record/connection_adapters/abstract/database_statements.rb:192:in `transaction'
    /usr/local/rvm/gems/ruby-1.9.3-p194/gems/activerecord-3.2.8/lib/active_record/fixtures.rb:491:in `block in create_fixtures'
    /usr/local/rvm/gems/ruby-1.9.3-p194/gems/activerecord-3.2.8/lib/active_record/connection_adapters/abstract_adapter.rb:168:in `disable_referential_integrity'
    /usr/local/rvm/gems/ruby-1.9.3-p194/gems/activerecord-3.2.8/lib/active_record/fixtures.rb:476:in `create_fixtures'
    /usr/local/rvm/gems/ruby-1.9.3-p194/gems/activerecord-3.2.8/lib/active_record/fixtures.rb:895:in `load_fixtures'
    /usr/local/rvm/gems/ruby-1.9.3-p194/gems/activerecord-3.2.8/lib/active_record/fixtures.rb:849:in `setup_fixtures'
    /usr/local/rvm/gems/ruby-1.9.3-p194/gems/activesupport-3.2.8/lib/active_support/callbacks.rb:429:in `_run__336315513__setup__291802336__callbacks'
    /usr/local/rvm/gems/ruby-1.9.3-p194/gems/activesupport-3.2.8/lib/active_support/callbacks.rb:405:in `__run_callback'
    /usr/local/rvm/gems/ruby-1.9.3-p194/gems/activesupport-3.2.8/lib/active_support/callbacks.rb:385:in `_run_setup_callbacks'
    /usr/local/rvm/gems/ruby-1.9.3-p194/gems/activesupport-3.2.8/lib/active_support/callbacks.rb:81:in `run_callbacks'
    /usr/local/rvm/gems/ruby-1.9.3-p194/gems/activesupport-3.2.8/lib/active_support/testing/setup_and_teardown.rb:35:in `run'

  5) Error:
test_should_get_new(MicropostsControllerTest):
ActiveRecord::StatementInvalid: Could not find table 'users'
    /usr/local/rvm/gems/ruby-1.9.3-p194/gems/activerecord-3.2.8/lib/active_record/connection_adapters/sqlite_adapter.rb:472:in `table_structure'
    /usr/local/rvm/gems/ruby-1.9.3-p194/gems/activerecord-3.2.8/lib/active_record/connection_adapters/sqlite_adapter.rb:346:in `columns'
    /usr/local/rvm/gems/ruby-1.9.3-p194/gems/activerecord-3.2.8/lib/active_record/fixtures.rb:660:in `column_names'
    /usr/local/rvm/gems/ruby-1.9.3-p194/gems/activerecord-3.2.8/lib/active_record/fixtures.rb:652:in `timestamp_column_names'
    /usr/local/rvm/gems/ruby-1.9.3-p194/gems/activerecord-3.2.8/lib/active_record/fixtures.rb:585:in `block in table_rows'
    /usr/local/rvm/gems/ruby-1.9.3-p194/gems/activerecord-3.2.8/lib/active_record/fixtures.rb:579:in `each'
    /usr/local/rvm/gems/ruby-1.9.3-p194/gems/activerecord-3.2.8/lib/active_record/fixtures.rb:579:in `map'
    /usr/local/rvm/gems/ruby-1.9.3-p194/gems/activerecord-3.2.8/lib/active_record/fixtures.rb:579:in `table_rows'
    /usr/local/rvm/gems/ruby-1.9.3-p194/gems/activerecord-3.2.8/lib/active_record/fixtures.rb:494:in `block (3 levels) in create_fixtures'
    /usr/local/rvm/gems/ruby-1.9.3-p194/gems/activerecord-3.2.8/lib/active_record/fixtures.rb:492:in `each'
    /usr/local/rvm/gems/ruby-1.9.3-p194/gems/activerecord-3.2.8/lib/active_record/fixtures.rb:492:in `block (2 levels) in create_fixtures'
    /usr/local/rvm/gems/ruby-1.9.3-p194/gems/activerecord-3.2.8/lib/active_record/connection_adapters/abstract/database_statements.rb:192:in `transaction'
    /usr/local/rvm/gems/ruby-1.9.3-p194/gems/activerecord-3.2.8/lib/active_record/fixtures.rb:491:in `block in create_fixtures'
    /usr/local/rvm/gems/ruby-1.9.3-p194/gems/activerecord-3.2.8/lib/active_record/connection_adapters/abstract_adapter.rb:168:in `disable_referential_integrity'
    /usr/local/rvm/gems/ruby-1.9.3-p194/gems/activerecord-3.2.8/lib/active_record/fixtures.rb:476:in `create_fixtures'
    /usr/local/rvm/gems/ruby-1.9.3-p194/gems/activerecord-3.2.8/lib/active_record/fixtures.rb:895:in `load_fixtures'
    /usr/local/rvm/gems/ruby-1.9.3-p194/gems/activerecord-3.2.8/lib/active_record/fixtures.rb:849:in `setup_fixtures'
    /usr/local/rvm/gems/ruby-1.9.3-p194/gems/activesupport-3.2.8/lib/active_support/callbacks.rb:429:in `_run__336315513__setup__291802336__callbacks'
    /usr/local/rvm/gems/ruby-1.9.3-p194/gems/activesupport-3.2.8/lib/active_support/callbacks.rb:405:in `__run_callback'
    /usr/local/rvm/gems/ruby-1.9.3-p194/gems/activesupport-3.2.8/lib/active_support/callbacks.rb:385:in `_run_setup_callbacks'
    /usr/local/rvm/gems/ruby-1.9.3-p194/gems/activesupport-3.2.8/lib/active_support/callbacks.rb:81:in `run_callbacks'
    /usr/local/rvm/gems/ruby-1.9.3-p194/gems/activesupport-3.2.8/lib/active_support/testing/setup_and_teardown.rb:35:in `run'

  6) Error:
test_should_show_micropost(MicropostsControllerTest):
ActiveRecord::StatementInvalid: Could not find table 'users'
    /usr/local/rvm/gems/ruby-1.9.3-p194/gems/activerecord-3.2.8/lib/active_record/connection_adapters/sqlite_adapter.rb:472:in `table_structure'
    /usr/local/rvm/gems/ruby-1.9.3-p194/gems/activerecord-3.2.8/lib/active_record/connection_adapters/sqlite_adapter.rb:346:in `columns'
    /usr/local/rvm/gems/ruby-1.9.3-p194/gems/activerecord-3.2.8/lib/active_record/fixtures.rb:660:in `column_names'
    /usr/local/rvm/gems/ruby-1.9.3-p194/gems/activerecord-3.2.8/lib/active_record/fixtures.rb:652:in `timestamp_column_names'
    /usr/local/rvm/gems/ruby-1.9.3-p194/gems/activerecord-3.2.8/lib/active_record/fixtures.rb:585:in `block in table_rows'
    /usr/local/rvm/gems/ruby-1.9.3-p194/gems/activerecord-3.2.8/lib/active_record/fixtures.rb:579:in `each'
    /usr/local/rvm/gems/ruby-1.9.3-p194/gems/activerecord-3.2.8/lib/active_record/fixtures.rb:579:in `map'
    /usr/local/rvm/gems/ruby-1.9.3-p194/gems/activerecord-3.2.8/lib/active_record/fixtures.rb:579:in `table_rows'
    /usr/local/rvm/gems/ruby-1.9.3-p194/gems/activerecord-3.2.8/lib/active_record/fixtures.rb:494:in `block (3 levels) in create_fixtures'
    /usr/local/rvm/gems/ruby-1.9.3-p194/gems/activerecord-3.2.8/lib/active_record/fixtures.rb:492:in `each'
    /usr/local/rvm/gems/ruby-1.9.3-p194/gems/activerecord-3.2.8/lib/active_record/fixtures.rb:492:in `block (2 levels) in create_fixtures'
    /usr/local/rvm/gems/ruby-1.9.3-p194/gems/activerecord-3.2.8/lib/active_record/connection_adapters/abstract/database_statements.rb:192:in `transaction'
    /usr/local/rvm/gems/ruby-1.9.3-p194/gems/activerecord-3.2.8/lib/active_record/fixtures.rb:491:in `block in create_fixtures'
    /usr/local/rvm/gems/ruby-1.9.3-p194/gems/activerecord-3.2.8/lib/active_record/connection_adapters/abstract_adapter.rb:168:in `disable_referential_integrity'
    /usr/local/rvm/gems/ruby-1.9.3-p194/gems/activerecord-3.2.8/lib/active_record/fixtures.rb:476:in `create_fixtures'
    /usr/local/rvm/gems/ruby-1.9.3-p194/gems/activerecord-3.2.8/lib/active_record/fixtures.rb:895:in `load_fixtures'
    /usr/local/rvm/gems/ruby-1.9.3-p194/gems/activerecord-3.2.8/lib/active_record/fixtures.rb:849:in `setup_fixtures'
    /usr/local/rvm/gems/ruby-1.9.3-p194/gems/activesupport-3.2.8/lib/active_support/callbacks.rb:429:in `_run__336315513__setup__291802336__callbacks'
    /usr/local/rvm/gems/ruby-1.9.3-p194/gems/activesupport-3.2.8/lib/active_support/callbacks.rb:405:in `__run_callback'
    /usr/local/rvm/gems/ruby-1.9.3-p194/gems/activesupport-3.2.8/lib/active_support/callbacks.rb:385:in `_run_setup_callbacks'
    /usr/local/rvm/gems/ruby-1.9.3-p194/gems/activesupport-3.2.8/lib/active_support/callbacks.rb:81:in `run_callbacks'
    /usr/local/rvm/gems/ruby-1.9.3-p194/gems/activesupport-3.2.8/lib/active_support/testing/setup_and_teardown.rb:35:in `run'

  7) Error:
test_should_update_micropost(MicropostsControllerTest):
ActiveRecord::StatementInvalid: Could not find table 'users'
    /usr/local/rvm/gems/ruby-1.9.3-p194/gems/activerecord-3.2.8/lib/active_record/connection_adapters/sqlite_adapter.rb:472:in `table_structure'
    /usr/local/rvm/gems/ruby-1.9.3-p194/gems/activerecord-3.2.8/lib/active_record/connection_adapters/sqlite_adapter.rb:346:in `columns'
    /usr/local/rvm/gems/ruby-1.9.3-p194/gems/activerecord-3.2.8/lib/active_record/fixtures.rb:660:in `column_names'
    /usr/local/rvm/gems/ruby-1.9.3-p194/gems/activerecord-3.2.8/lib/active_record/fixtures.rb:652:in `timestamp_column_names'
    /usr/local/rvm/gems/ruby-1.9.3-p194/gems/activerecord-3.2.8/lib/active_record/fixtures.rb:585:in `block in table_rows'
    /usr/local/rvm/gems/ruby-1.9.3-p194/gems/activerecord-3.2.8/lib/active_record/fixtures.rb:579:in `each'
    /usr/local/rvm/gems/ruby-1.9.3-p194/gems/activerecord-3.2.8/lib/active_record/fixtures.rb:579:in `map'
    /usr/local/rvm/gems/ruby-1.9.3-p194/gems/activerecord-3.2.8/lib/active_record/fixtures.rb:579:in `table_rows'
    /usr/local/rvm/gems/ruby-1.9.3-p194/gems/activerecord-3.2.8/lib/active_record/fixtures.rb:494:in `block (3 levels) in create_fixtures'
    /usr/local/rvm/gems/ruby-1.9.3-p194/gems/activerecord-3.2.8/lib/active_record/fixtures.rb:492:in `each'
    /usr/local/rvm/gems/ruby-1.9.3-p194/gems/activerecord-3.2.8/lib/active_record/fixtures.rb:492:in `block (2 levels) in create_fixtures'
    /usr/local/rvm/gems/ruby-1.9.3-p194/gems/activerecord-3.2.8/lib/active_record/connection_adapters/abstract/database_statements.rb:192:in `transaction'
    /usr/local/rvm/gems/ruby-1.9.3-p194/gems/activerecord-3.2.8/lib/active_record/fixtures.rb:491:in `block in create_fixtures'
    /usr/local/rvm/gems/ruby-1.9.3-p194/gems/activerecord-3.2.8/lib/active_record/connection_adapters/abstract_adapter.rb:168:in `disable_referential_integrity'
    /usr/local/rvm/gems/ruby-1.9.3-p194/gems/activerecord-3.2.8/lib/active_record/fixtures.rb:476:in `create_fixtures'
    /usr/local/rvm/gems/ruby-1.9.3-p194/gems/activerecord-3.2.8/lib/active_record/fixtures.rb:895:in `load_fixtures'
    /usr/local/rvm/gems/ruby-1.9.3-p194/gems/activerecord-3.2.8/lib/active_record/fixtures.rb:849:in `setup_fixtures'
    /usr/local/rvm/gems/ruby-1.9.3-p194/gems/activesupport-3.2.8/lib/active_support/callbacks.rb:429:in `_run__336315513__setup__291802336__callbacks'
    /usr/local/rvm/gems/ruby-1.9.3-p194/gems/activesupport-3.2.8/lib/active_support/callbacks.rb:405:in `__run_callback'
    /usr/local/rvm/gems/ruby-1.9.3-p194/gems/activesupport-3.2.8/lib/active_support/callbacks.rb:385:in `_run_setup_callbacks'
    /usr/local/rvm/gems/ruby-1.9.3-p194/gems/activesupport-3.2.8/lib/active_support/callbacks.rb:81:in `run_callbacks'
    /usr/local/rvm/gems/ruby-1.9.3-p194/gems/activesupport-3.2.8/lib/active_support/testing/setup_and_teardown.rb:35:in `run'

7 tests, 0 assertions, 0 failures, 7 errors, 0 skips
Run options: -n "/^(test_should_get_contact|test_should_get_home)$/"

# Running tests:

EE

Finished tests in 0.045004s, 44.4407 tests/s, 0.0000 assertions/s.

  1) Error:
test_should_get_contact(PagesControllerTest):
ActiveRecord::StatementInvalid: Could not find table 'users'
    /usr/local/rvm/gems/ruby-1.9.3-p194/gems/activerecord-3.2.8/lib/active_record/connection_adapters/sqlite_adapter.rb:472:in `table_structure'
    /usr/local/rvm/gems/ruby-1.9.3-p194/gems/activerecord-3.2.8/lib/active_record/connection_adapters/sqlite_adapter.rb:346:in `columns'
    /usr/local/rvm/gems/ruby-1.9.3-p194/gems/activerecord-3.2.8/lib/active_record/fixtures.rb:660:in `column_names'
    /usr/local/rvm/gems/ruby-1.9.3-p194/gems/activerecord-3.2.8/lib/active_record/fixtures.rb:652:in `timestamp_column_names'
    /usr/local/rvm/gems/ruby-1.9.3-p194/gems/activerecord-3.2.8/lib/active_record/fixtures.rb:585:in `block in table_rows'
    /usr/local/rvm/gems/ruby-1.9.3-p194/gems/activerecord-3.2.8/lib/active_record/fixtures.rb:579:in `each'
    /usr/local/rvm/gems/ruby-1.9.3-p194/gems/activerecord-3.2.8/lib/active_record/fixtures.rb:579:in `map'
    /usr/local/rvm/gems/ruby-1.9.3-p194/gems/activerecord-3.2.8/lib/active_record/fixtures.rb:579:in `table_rows'
    /usr/local/rvm/gems/ruby-1.9.3-p194/gems/activerecord-3.2.8/lib/active_record/fixtures.rb:494:in `block (3 levels) in create_fixtures'
    /usr/local/rvm/gems/ruby-1.9.3-p194/gems/activerecord-3.2.8/lib/active_record/fixtures.rb:492:in `each'
    /usr/local/rvm/gems/ruby-1.9.3-p194/gems/activerecord-3.2.8/lib/active_record/fixtures.rb:492:in `block (2 levels) in create_fixtures'
    /usr/local/rvm/gems/ruby-1.9.3-p194/gems/activerecord-3.2.8/lib/active_record/connection_adapters/abstract/database_statements.rb:192:in `transaction'
    /usr/local/rvm/gems/ruby-1.9.3-p194/gems/activerecord-3.2.8/lib/active_record/fixtures.rb:491:in `block in create_fixtures'
    /usr/local/rvm/gems/ruby-1.9.3-p194/gems/activerecord-3.2.8/lib/active_record/connection_adapters/abstract_adapter.rb:168:in `disable_referential_integrity'
    /usr/local/rvm/gems/ruby-1.9.3-p194/gems/activerecord-3.2.8/lib/active_record/fixtures.rb:476:in `create_fixtures'
    /usr/local/rvm/gems/ruby-1.9.3-p194/gems/activerecord-3.2.8/lib/active_record/fixtures.rb:895:in `load_fixtures'
    /usr/local/rvm/gems/ruby-1.9.3-p194/gems/activerecord-3.2.8/lib/active_record/fixtures.rb:849:in `setup_fixtures'
    /usr/local/rvm/gems/ruby-1.9.3-p194/gems/activesupport-3.2.8/lib/active_support/callbacks.rb:429:in `_run__1053117891__setup__780666875__callbacks'
    /usr/local/rvm/gems/ruby-1.9.3-p194/gems/activesupport-3.2.8/lib/active_support/callbacks.rb:405:in `__run_callback'
    /usr/local/rvm/gems/ruby-1.9.3-p194/gems/activesupport-3.2.8/lib/active_support/callbacks.rb:385:in `_run_setup_callbacks'
    /usr/local/rvm/gems/ruby-1.9.3-p194/gems/activesupport-3.2.8/lib/active_support/callbacks.rb:81:in `run_callbacks'
    /usr/local/rvm/gems/ruby-1.9.3-p194/gems/activesupport-3.2.8/lib/active_support/testing/setup_and_teardown.rb:35:in `run'

  2) Error:
test_should_get_home(PagesControllerTest):
ActiveRecord::StatementInvalid: Could not find table 'users'
    /usr/local/rvm/gems/ruby-1.9.3-p194/gems/activerecord-3.2.8/lib/active_record/connection_adapters/sqlite_adapter.rb:472:in `table_structure'
    /usr/local/rvm/gems/ruby-1.9.3-p194/gems/activerecord-3.2.8/lib/active_record/connection_adapters/sqlite_adapter.rb:346:in `columns'
    /usr/local/rvm/gems/ruby-1.9.3-p194/gems/activerecord-3.2.8/lib/active_record/fixtures.rb:660:in `column_names'
    /usr/local/rvm/gems/ruby-1.9.3-p194/gems/activerecord-3.2.8/lib/active_record/fixtures.rb:652:in `timestamp_column_names'
    /usr/local/rvm/gems/ruby-1.9.3-p194/gems/activerecord-3.2.8/lib/active_record/fixtures.rb:585:in `block in table_rows'
    /usr/local/rvm/gems/ruby-1.9.3-p194/gems/activerecord-3.2.8/lib/active_record/fixtures.rb:579:in `each'
    /usr/local/rvm/gems/ruby-1.9.3-p194/gems/activerecord-3.2.8/lib/active_record/fixtures.rb:579:in `map'
    /usr/local/rvm/gems/ruby-1.9.3-p194/gems/activerecord-3.2.8/lib/active_record/fixtures.rb:579:in `table_rows'
    /usr/local/rvm/gems/ruby-1.9.3-p194/gems/activerecord-3.2.8/lib/active_record/fixtures.rb:494:in `block (3 levels) in create_fixtures'
    /usr/local/rvm/gems/ruby-1.9.3-p194/gems/activerecord-3.2.8/lib/active_record/fixtures.rb:492:in `each'
    /usr/local/rvm/gems/ruby-1.9.3-p194/gems/activerecord-3.2.8/lib/active_record/fixtures.rb:492:in `block (2 levels) in create_fixtures'
    /usr/local/rvm/gems/ruby-1.9.3-p194/gems/activerecord-3.2.8/lib/active_record/connection_adapters/abstract/database_statements.rb:192:in `transaction'
    /usr/local/rvm/gems/ruby-1.9.3-p194/gems/activerecord-3.2.8/lib/active_record/fixtures.rb:491:in `block in create_fixtures'
    /usr/local/rvm/gems/ruby-1.9.3-p194/gems/activerecord-3.2.8/lib/active_record/connection_adapters/abstract_adapter.rb:168:in `disable_referential_integrity'
    /usr/local/rvm/gems/ruby-1.9.3-p194/gems/activerecord-3.2.8/lib/active_record/fixtures.rb:476:in `create_fixtures'
    /usr/local/rvm/gems/ruby-1.9.3-p194/gems/activerecord-3.2.8/lib/active_record/fixtures.rb:895:in `load_fixtures'
    /usr/local/rvm/gems/ruby-1.9.3-p194/gems/activerecord-3.2.8/lib/active_record/fixtures.rb:849:in `setup_fixtures'
    /usr/local/rvm/gems/ruby-1.9.3-p194/gems/activesupport-3.2.8/lib/active_support/callbacks.rb:429:in `_run__1053117891__setup__780666875__callbacks'
    /usr/local/rvm/gems/ruby-1.9.3-p194/gems/activesupport-3.2.8/lib/active_support/callbacks.rb:405:in `__run_callback'
    /usr/local/rvm/gems/ruby-1.9.3-p194/gems/activesupport-3.2.8/lib/active_support/callbacks.rb:385:in `_run_setup_callbacks'
    /usr/local/rvm/gems/ruby-1.9.3-p194/gems/activesupport-3.2.8/lib/active_support/callbacks.rb:81:in `run_callbacks'
    /usr/local/rvm/gems/ruby-1.9.3-p194/gems/activesupport-3.2.8/lib/active_support/testing/setup_and_teardown.rb:35:in `run'

2 tests, 0 assertions, 0 failures, 2 errors, 0 skips
/usr/local/rvm/rubies/ruby-1.9.3-p194/bin/ruby -I.:lib:test -rubygems test/functional/users_controller_test.rb -n "/^(test_should_create_user|test_should_destroy_user|test_should_get_edit|test_should_get_index|test_should_get_new|test_should_show_user|test_should_update_user)$/"; /usr/local/rvm/rubies/ruby-1.9.3-p194/bin/ruby -I.:lib:test -rubygems test/functional/microposts_controller_test.rb -n "/^(test_should_create_micropost|test_should_destroy_micropost|test_should_get_edit|test_should_get_index|test_should_get_new|test_should_show_micropost|test_should_update_micropost)$/"; /usr/local/rvm/rubies/ruby-1.9.3-p194/bin/ruby -I.:lib:test -rubygems test/functional/pages_controller_test.rb -n "/^(test_should_get_contact|test_should_get_home)$/"
Run options: -n "/^(test_should_create_user|test_should_destroy_user|test_should_get_edit|test_should_get_index|test_should_get_new|test_should_show_user|test_should_update_user)$/"

# Running tests:

EEEEEEE

Finished tests in 0.106478s, 65.7416 tests/s, 0.0000 assertions/s.

  1) Error:
test_should_create_user(UsersControllerTest):
ActiveRecord::StatementInvalid: Could not find table 'users'
    /usr/local/rvm/gems/ruby-1.9.3-p194/gems/activerecord-3.2.8/lib/active_record/connection_adapters/sqlite_adapter.rb:472:in `table_structure'
    /usr/local/rvm/gems/ruby-1.9.3-p194/gems/activerecord-3.2.8/lib/active_record/connection_adapters/sqlite_adapter.rb:346:in `columns'
    /usr/local/rvm/gems/ruby-1.9.3-p194/gems/activerecord-3.2.8/lib/active_record/fixtures.rb:660:in `column_names'
    /usr/local/rvm/gems/ruby-1.9.3-p194/gems/activerecord-3.2.8/lib/active_record/fixtures.rb:652:in `timestamp_column_names'
    /usr/local/rvm/gems/ruby-1.9.3-p194/gems/activerecord-3.2.8/lib/active_record/fixtures.rb:585:in `block in table_rows'
    /usr/local/rvm/gems/ruby-1.9.3-p194/gems/activerecord-3.2.8/lib/active_record/fixtures.rb:579:in `each'
    /usr/local/rvm/gems/ruby-1.9.3-p194/gems/activerecord-3.2.8/lib/active_record/fixtures.rb:579:in `map'
    /usr/local/rvm/gems/ruby-1.9.3-p194/gems/activerecord-3.2.8/lib/active_record/fixtures.rb:579:in `table_rows'
    /usr/local/rvm/gems/ruby-1.9.3-p194/gems/activerecord-3.2.8/lib/active_record/fixtures.rb:494:in `block (3 levels) in create_fixtures'
    /usr/local/rvm/gems/ruby-1.9.3-p194/gems/activerecord-3.2.8/lib/active_record/fixtures.rb:492:in `each'
    /usr/local/rvm/gems/ruby-1.9.3-p194/gems/activerecord-3.2.8/lib/active_record/fixtures.rb:492:in `block (2 levels) in create_fixtures'
    /usr/local/rvm/gems/ruby-1.9.3-p194/gems/activerecord-3.2.8/lib/active_record/connection_adapters/abstract/database_statements.rb:192:in `transaction'
    /usr/local/rvm/gems/ruby-1.9.3-p194/gems/activerecord-3.2.8/lib/active_record/fixtures.rb:491:in `block in create_fixtures'
    /usr/local/rvm/gems/ruby-1.9.3-p194/gems/activerecord-3.2.8/lib/active_record/connection_adapters/abstract_adapter.rb:168:in `disable_referential_integrity'
    /usr/local/rvm/gems/ruby-1.9.3-p194/gems/activerecord-3.2.8/lib/active_record/fixtures.rb:476:in `create_fixtures'
    /usr/local/rvm/gems/ruby-1.9.3-p194/gems/activerecord-3.2.8/lib/active_record/fixtures.rb:895:in `load_fixtures'
    /usr/local/rvm/gems/ruby-1.9.3-p194/gems/activerecord-3.2.8/lib/active_record/fixtures.rb:849:in `setup_fixtures'
    /usr/local/rvm/gems/ruby-1.9.3-p194/gems/activesupport-3.2.8/lib/active_support/callbacks.rb:429:in `_run__581041823__setup__1048967735__callbacks'
    /usr/local/rvm/gems/ruby-1.9.3-p194/gems/activesupport-3.2.8/lib/active_support/callbacks.rb:405:in `__run_callback'
    /usr/local/rvm/gems/ruby-1.9.3-p194/gems/activesupport-3.2.8/lib/active_support/callbacks.rb:385:in `_run_setup_callbacks'
    /usr/local/rvm/gems/ruby-1.9.3-p194/gems/activesupport-3.2.8/lib/active_support/callbacks.rb:81:in `run_callbacks'
    /usr/local/rvm/gems/ruby-1.9.3-p194/gems/activesupport-3.2.8/lib/active_support/testing/setup_and_teardown.rb:35:in `run'

  2) Error:
test_should_destroy_user(UsersControllerTest):
ActiveRecord::StatementInvalid: Could not find table 'users'
    /usr/local/rvm/gems/ruby-1.9.3-p194/gems/activerecord-3.2.8/lib/active_record/connection_adapters/sqlite_adapter.rb:472:in `table_structure'
    /usr/local/rvm/gems/ruby-1.9.3-p194/gems/activerecord-3.2.8/lib/active_record/connection_adapters/sqlite_adapter.rb:346:in `columns'
    /usr/local/rvm/gems/ruby-1.9.3-p194/gems/activerecord-3.2.8/lib/active_record/fixtures.rb:660:in `column_names'
    /usr/local/rvm/gems/ruby-1.9.3-p194/gems/activerecord-3.2.8/lib/active_record/fixtures.rb:652:in `timestamp_column_names'
    /usr/local/rvm/gems/ruby-1.9.3-p194/gems/activerecord-3.2.8/lib/active_record/fixtures.rb:585:in `block in table_rows'
    /usr/local/rvm/gems/ruby-1.9.3-p194/gems/activerecord-3.2.8/lib/active_record/fixtures.rb:579:in `each'
    /usr/local/rvm/gems/ruby-1.9.3-p194/gems/activerecord-3.2.8/lib/active_record/fixtures.rb:579:in `map'
    /usr/local/rvm/gems/ruby-1.9.3-p194/gems/activerecord-3.2.8/lib/active_record/fixtures.rb:579:in `table_rows'
    /usr/local/rvm/gems/ruby-1.9.3-p194/gems/activerecord-3.2.8/lib/active_record/fixtures.rb:494:in `block (3 levels) in create_fixtures'
    /usr/local/rvm/gems/ruby-1.9.3-p194/gems/activerecord-3.2.8/lib/active_record/fixtures.rb:492:in `each'
    /usr/local/rvm/gems/ruby-1.9.3-p194/gems/activerecord-3.2.8/lib/active_record/fixtures.rb:492:in `block (2 levels) in create_fixtures'
    /usr/local/rvm/gems/ruby-1.9.3-p194/gems/activerecord-3.2.8/lib/active_record/connection_adapters/abstract/database_statements.rb:192:in `transaction'
    /usr/local/rvm/gems/ruby-1.9.3-p194/gems/activerecord-3.2.8/lib/active_record/fixtures.rb:491:in `block in create_fixtures'
    /usr/local/rvm/gems/ruby-1.9.3-p194/gems/activerecord-3.2.8/lib/active_record/connection_adapters/abstract_adapter.rb:168:in `disable_referential_integrity'
    /usr/local/rvm/gems/ruby-1.9.3-p194/gems/activerecord-3.2.8/lib/active_record/fixtures.rb:476:in `create_fixtures'
    /usr/local/rvm/gems/ruby-1.9.3-p194/gems/activerecord-3.2.8/lib/active_record/fixtures.rb:895:in `load_fixtures'
    /usr/local/rvm/gems/ruby-1.9.3-p194/gems/activerecord-3.2.8/lib/active_record/fixtures.rb:849:in `setup_fixtures'
    /usr/local/rvm/gems/ruby-1.9.3-p194/gems/activesupport-3.2.8/lib/active_support/callbacks.rb:429:in `_run__581041823__setup__1048967735__callbacks'
    /usr/local/rvm/gems/ruby-1.9.3-p194/gems/activesupport-3.2.8/lib/active_support/callbacks.rb:405:in `__run_callback'
    /usr/local/rvm/gems/ruby-1.9.3-p194/gems/activesupport-3.2.8/lib/active_support/callbacks.rb:385:in `_run_setup_callbacks'
    /usr/local/rvm/gems/ruby-1.9.3-p194/gems/activesupport-3.2.8/lib/active_support/callbacks.rb:81:in `run_callbacks'
    /usr/local/rvm/gems/ruby-1.9.3-p194/gems/activesupport-3.2.8/lib/active_support/testing/setup_and_teardown.rb:35:in `run'

  3) Error:
test_should_get_edit(UsersControllerTest):
ActiveRecord::StatementInvalid: Could not find table 'users'
    /usr/local/rvm/gems/ruby-1.9.3-p194/gems/activerecord-3.2.8/lib/active_record/connection_adapters/sqlite_adapter.rb:472:in `table_structure'
    /usr/local/rvm/gems/ruby-1.9.3-p194/gems/activerecord-3.2.8/lib/active_record/connection_adapters/sqlite_adapter.rb:346:in `columns'
    /usr/local/rvm/gems/ruby-1.9.3-p194/gems/activerecord-3.2.8/lib/active_record/fixtures.rb:660:in `column_names'
    /usr/local/rvm/gems/ruby-1.9.3-p194/gems/activerecord-3.2.8/lib/active_record/fixtures.rb:652:in `timestamp_column_names'
    /usr/local/rvm/gems/ruby-1.9.3-p194/gems/activerecord-3.2.8/lib/active_record/fixtures.rb:585:in `block in table_rows'
    /usr/local/rvm/gems/ruby-1.9.3-p194/gems/activerecord-3.2.8/lib/active_record/fixtures.rb:579:in `each'
    /usr/local/rvm/gems/ruby-1.9.3-p194/gems/activerecord-3.2.8/lib/active_record/fixtures.rb:579:in `map'
    /usr/local/rvm/gems/ruby-1.9.3-p194/gems/activerecord-3.2.8/lib/active_record/fixtures.rb:579:in `table_rows'
    /usr/local/rvm/gems/ruby-1.9.3-p194/gems/activerecord-3.2.8/lib/active_record/fixtures.rb:494:in `block (3 levels) in create_fixtures'
    /usr/local/rvm/gems/ruby-1.9.3-p194/gems/activerecord-3.2.8/lib/active_record/fixtures.rb:492:in `each'
    /usr/local/rvm/gems/ruby-1.9.3-p194/gems/activerecord-3.2.8/lib/active_record/fixtures.rb:492:in `block (2 levels) in create_fixtures'
    /usr/local/rvm/gems/ruby-1.9.3-p194/gems/activerecord-3.2.8/lib/active_record/connection_adapters/abstract/database_statements.rb:192:in `transaction'
    /usr/local/rvm/gems/ruby-1.9.3-p194/gems/activerecord-3.2.8/lib/active_record/fixtures.rb:491:in `block in create_fixtures'
    /usr/local/rvm/gems/ruby-1.9.3-p194/gems/activerecord-3.2.8/lib/active_record/connection_adapters/abstract_adapter.rb:168:in `disable_referential_integrity'
    /usr/local/rvm/gems/ruby-1.9.3-p194/gems/activerecord-3.2.8/lib/active_record/fixtures.rb:476:in `create_fixtures'
    /usr/local/rvm/gems/ruby-1.9.3-p194/gems/activerecord-3.2.8/lib/active_record/fixtures.rb:895:in `load_fixtures'
    /usr/local/rvm/gems/ruby-1.9.3-p194/gems/activerecord-3.2.8/lib/active_record/fixtures.rb:849:in `setup_fixtures'
    /usr/local/rvm/gems/ruby-1.9.3-p194/gems/activesupport-3.2.8/lib/active_support/callbacks.rb:429:in `_run__581041823__setup__1048967735__callbacks'
    /usr/local/rvm/gems/ruby-1.9.3-p194/gems/activesupport-3.2.8/lib/active_support/callbacks.rb:405:in `__run_callback'
    /usr/local/rvm/gems/ruby-1.9.3-p194/gems/activesupport-3.2.8/lib/active_support/callbacks.rb:385:in `_run_setup_callbacks'
    /usr/local/rvm/gems/ruby-1.9.3-p194/gems/activesupport-3.2.8/lib/active_support/callbacks.rb:81:in `run_callbacks'
    /usr/local/rvm/gems/ruby-1.9.3-p194/gems/activesupport-3.2.8/lib/active_support/testing/setup_and_teardown.rb:35:in `run'

  4) Error:
test_should_get_index(UsersControllerTest):
ActiveRecord::StatementInvalid: Could not find table 'users'
    /usr/local/rvm/gems/ruby-1.9.3-p194/gems/activerecord-3.2.8/lib/active_record/connection_adapters/sqlite_adapter.rb:472:in `table_structure'
    /usr/local/rvm/gems/ruby-1.9.3-p194/gems/activerecord-3.2.8/lib/active_record/connection_adapters/sqlite_adapter.rb:346:in `columns'
    /usr/local/rvm/gems/ruby-1.9.3-p194/gems/activerecord-3.2.8/lib/active_record/fixtures.rb:660:in `column_names'
    /usr/local/rvm/gems/ruby-1.9.3-p194/gems/activerecord-3.2.8/lib/active_record/fixtures.rb:652:in `timestamp_column_names'
    /usr/local/rvm/gems/ruby-1.9.3-p194/gems/activerecord-3.2.8/lib/active_record/fixtures.rb:585:in `block in table_rows'
    /usr/local/rvm/gems/ruby-1.9.3-p194/gems/activerecord-3.2.8/lib/active_record/fixtures.rb:579:in `each'
    /usr/local/rvm/gems/ruby-1.9.3-p194/gems/activerecord-3.2.8/lib/active_record/fixtures.rb:579:in `map'
    /usr/local/rvm/gems/ruby-1.9.3-p194/gems/activerecord-3.2.8/lib/active_record/fixtures.rb:579:in `table_rows'
    /usr/local/rvm/gems/ruby-1.9.3-p194/gems/activerecord-3.2.8/lib/active_record/fixtures.rb:494:in `block (3 levels) in create_fixtures'
    /usr/local/rvm/gems/ruby-1.9.3-p194/gems/activerecord-3.2.8/lib/active_record/fixtures.rb:492:in `each'
    /usr/local/rvm/gems/ruby-1.9.3-p194/gems/activerecord-3.2.8/lib/active_record/fixtures.rb:492:in `block (2 levels) in create_fixtures'
    /usr/local/rvm/gems/ruby-1.9.3-p194/gems/activerecord-3.2.8/lib/active_record/connection_adapters/abstract/database_statements.rb:192:in `transaction'
    /usr/local/rvm/gems/ruby-1.9.3-p194/gems/activerecord-3.2.8/lib/active_record/fixtures.rb:491:in `block in create_fixtures'
    /usr/local/rvm/gems/ruby-1.9.3-p194/gems/activerecord-3.2.8/lib/active_record/connection_adapters/abstract_adapter.rb:168:in `disable_referential_integrity'
    /usr/local/rvm/gems/ruby-1.9.3-p194/gems/activerecord-3.2.8/lib/active_record/fixtures.rb:476:in `create_fixtures'
    /usr/local/rvm/gems/ruby-1.9.3-p194/gems/activerecord-3.2.8/lib/active_record/fixtures.rb:895:in `load_fixtures'
    /usr/local/rvm/gems/ruby-1.9.3-p194/gems/activerecord-3.2.8/lib/active_record/fixtures.rb:849:in `setup_fixtures'
    /usr/local/rvm/gems/ruby-1.9.3-p194/gems/activesupport-3.2.8/lib/active_support/callbacks.rb:429:in `_run__581041823__setup__1048967735__callbacks'
    /usr/local/rvm/gems/ruby-1.9.3-p194/gems/activesupport-3.2.8/lib/active_support/callbacks.rb:405:in `__run_callback'
    /usr/local/rvm/gems/ruby-1.9.3-p194/gems/activesupport-3.2.8/lib/active_support/callbacks.rb:385:in `_run_setup_callbacks'
    /usr/local/rvm/gems/ruby-1.9.3-p194/gems/activesupport-3.2.8/lib/active_support/callbacks.rb:81:in `run_callbacks'
    /usr/local/rvm/gems/ruby-1.9.3-p194/gems/activesupport-3.2.8/lib/active_support/testing/setup_and_teardown.rb:35:in `run'

  5) Error:
test_should_get_new(UsersControllerTest):
ActiveRecord::StatementInvalid: Could not find table 'users'
    /usr/local/rvm/gems/ruby-1.9.3-p194/gems/activerecord-3.2.8/lib/active_record/connection_adapters/sqlite_adapter.rb:472:in `table_structure'
    /usr/local/rvm/gems/ruby-1.9.3-p194/gems/activerecord-3.2.8/lib/active_record/connection_adapters/sqlite_adapter.rb:346:in `columns'
    /usr/local/rvm/gems/ruby-1.9.3-p194/gems/activerecord-3.2.8/lib/active_record/fixtures.rb:660:in `column_names'
    /usr/local/rvm/gems/ruby-1.9.3-p194/gems/activerecord-3.2.8/lib/active_record/fixtures.rb:652:in `timestamp_column_names'
    /usr/local/rvm/gems/ruby-1.9.3-p194/gems/activerecord-3.2.8/lib/active_record/fixtures.rb:585:in `block in table_rows'
    /usr/local/rvm/gems/ruby-1.9.3-p194/gems/activerecord-3.2.8/lib/active_record/fixtures.rb:579:in `each'
    /usr/local/rvm/gems/ruby-1.9.3-p194/gems/activerecord-3.2.8/lib/active_record/fixtures.rb:579:in `map'
    /usr/local/rvm/gems/ruby-1.9.3-p194/gems/activerecord-3.2.8/lib/active_record/fixtures.rb:579:in `table_rows'
    /usr/local/rvm/gems/ruby-1.9.3-p194/gems/activerecord-3.2.8/lib/active_record/fixtures.rb:494:in `block (3 levels) in create_fixtures'
    /usr/local/rvm/gems/ruby-1.9.3-p194/gems/activerecord-3.2.8/lib/active_record/fixtures.rb:492:in `each'
    /usr/local/rvm/gems/ruby-1.9.3-p194/gems/activerecord-3.2.8/lib/active_record/fixtures.rb:492:in `block (2 levels) in create_fixtures'
    /usr/local/rvm/gems/ruby-1.9.3-p194/gems/activerecord-3.2.8/lib/active_record/connection_adapters/abstract/database_statements.rb:192:in `transaction'
    /usr/local/rvm/gems/ruby-1.9.3-p194/gems/activerecord-3.2.8/lib/active_record/fixtures.rb:491:in `block in create_fixtures'
    /usr/local/rvm/gems/ruby-1.9.3-p194/gems/activerecord-3.2.8/lib/active_record/connection_adapters/abstract_adapter.rb:168:in `disable_referential_integrity'
    /usr/local/rvm/gems/ruby-1.9.3-p194/gems/activerecord-3.2.8/lib/active_record/fixtures.rb:476:in `create_fixtures'
    /usr/local/rvm/gems/ruby-1.9.3-p194/gems/activerecord-3.2.8/lib/active_record/fixtures.rb:895:in `load_fixtures'
    /usr/local/rvm/gems/ruby-1.9.3-p194/gems/activerecord-3.2.8/lib/active_record/fixtures.rb:849:in `setup_fixtures'
    /usr/local/rvm/gems/ruby-1.9.3-p194/gems/activesupport-3.2.8/lib/active_support/callbacks.rb:429:in `_run__581041823__setup__1048967735__callbacks'
    /usr/local/rvm/gems/ruby-1.9.3-p194/gems/activesupport-3.2.8/lib/active_support/callbacks.rb:405:in `__run_callback'
    /usr/local/rvm/gems/ruby-1.9.3-p194/gems/activesupport-3.2.8/lib/active_support/callbacks.rb:385:in `_run_setup_callbacks'
    /usr/local/rvm/gems/ruby-1.9.3-p194/gems/activesupport-3.2.8/lib/active_support/callbacks.rb:81:in `run_callbacks'
    /usr/local/rvm/gems/ruby-1.9.3-p194/gems/activesupport-3.2.8/lib/active_support/testing/setup_and_teardown.rb:35:in `run'

  6) Error:
test_should_show_user(UsersControllerTest):
ActiveRecord::StatementInvalid: Could not find table 'users'
    /usr/local/rvm/gems/ruby-1.9.3-p194/gems/activerecord-3.2.8/lib/active_record/connection_adapters/sqlite_adapter.rb:472:in `table_structure'
    /usr/local/rvm/gems/ruby-1.9.3-p194/gems/activerecord-3.2.8/lib/active_record/connection_adapters/sqlite_adapter.rb:346:in `columns'
    /usr/local/rvm/gems/ruby-1.9.3-p194/gems/activerecord-3.2.8/lib/active_record/fixtures.rb:660:in `column_names'
    /usr/local/rvm/gems/ruby-1.9.3-p194/gems/activerecord-3.2.8/lib/active_record/fixtures.rb:652:in `timestamp_column_names'
    /usr/local/rvm/gems/ruby-1.9.3-p194/gems/activerecord-3.2.8/lib/active_record/fixtures.rb:585:in `block in table_rows'
    /usr/local/rvm/gems/ruby-1.9.3-p194/gems/activerecord-3.2.8/lib/active_record/fixtures.rb:579:in `each'
    /usr/local/rvm/gems/ruby-1.9.3-p194/gems/activerecord-3.2.8/lib/active_record/fixtures.rb:579:in `map'
    /usr/local/rvm/gems/ruby-1.9.3-p194/gems/activerecord-3.2.8/lib/active_record/fixtures.rb:579:in `table_rows'
    /usr/local/rvm/gems/ruby-1.9.3-p194/gems/activerecord-3.2.8/lib/active_record/fixtures.rb:494:in `block (3 levels) in create_fixtures'
    /usr/local/rvm/gems/ruby-1.9.3-p194/gems/activerecord-3.2.8/lib/active_record/fixtures.rb:492:in `each'
    /usr/local/rvm/gems/ruby-1.9.3-p194/gems/activerecord-3.2.8/lib/active_record/fixtures.rb:492:in `block (2 levels) in create_fixtures'
    /usr/local/rvm/gems/ruby-1.9.3-p194/gems/activerecord-3.2.8/lib/active_record/connection_adapters/abstract/database_statements.rb:192:in `transaction'
    /usr/local/rvm/gems/ruby-1.9.3-p194/gems/activerecord-3.2.8/lib/active_record/fixtures.rb:491:in `block in create_fixtures'
    /usr/local/rvm/gems/ruby-1.9.3-p194/gems/activerecord-3.2.8/lib/active_record/connection_adapters/abstract_adapter.rb:168:in `disable_referential_integrity'
    /usr/local/rvm/gems/ruby-1.9.3-p194/gems/activerecord-3.2.8/lib/active_record/fixtures.rb:476:in `create_fixtures'
    /usr/local/rvm/gems/ruby-1.9.3-p194/gems/activerecord-3.2.8/lib/active_record/fixtures.rb:895:in `load_fixtures'
    /usr/local/rvm/gems/ruby-1.9.3-p194/gems/activerecord-3.2.8/lib/active_record/fixtures.rb:849:in `setup_fixtures'
    /usr/local/rvm/gems/ruby-1.9.3-p194/gems/activesupport-3.2.8/lib/active_support/callbacks.rb:429:in `_run__581041823__setup__1048967735__callbacks'
    /usr/local/rvm/gems/ruby-1.9.3-p194/gems/activesupport-3.2.8/lib/active_support/callbacks.rb:405:in `__run_callback'
    /usr/local/rvm/gems/ruby-1.9.3-p194/gems/activesupport-3.2.8/lib/active_support/callbacks.rb:385:in `_run_setup_callbacks'
    /usr/local/rvm/gems/ruby-1.9.3-p194/gems/activesupport-3.2.8/lib/active_support/callbacks.rb:81:in `run_callbacks'
    /usr/local/rvm/gems/ruby-1.9.3-p194/gems/activesupport-3.2.8/lib/active_support/testing/setup_and_teardown.rb:35:in `run'

  7) Error:
test_should_update_user(UsersControllerTest):
ActiveRecord::StatementInvalid: Could not find table 'users'
    /usr/local/rvm/gems/ruby-1.9.3-p194/gems/activerecord-3.2.8/lib/active_record/connection_adapters/sqlite_adapter.rb:472:in `table_structure'
    /usr/local/rvm/gems/ruby-1.9.3-p194/gems/activerecord-3.2.8/lib/active_record/connection_adapters/sqlite_adapter.rb:346:in `columns'
    /usr/local/rvm/gems/ruby-1.9.3-p194/gems/activerecord-3.2.8/lib/active_record/fixtures.rb:660:in `column_names'
    /usr/local/rvm/gems/ruby-1.9.3-p194/gems/activerecord-3.2.8/lib/active_record/fixtures.rb:652:in `timestamp_column_names'
    /usr/local/rvm/gems/ruby-1.9.3-p194/gems/activerecord-3.2.8/lib/active_record/fixtures.rb:585:in `block in table_rows'
    /usr/local/rvm/gems/ruby-1.9.3-p194/gems/activerecord-3.2.8/lib/active_record/fixtures.rb:579:in `each'
    /usr/local/rvm/gems/ruby-1.9.3-p194/gems/activerecord-3.2.8/lib/active_record/fixtures.rb:579:in `map'
    /usr/local/rvm/gems/ruby-1.9.3-p194/gems/activerecord-3.2.8/lib/active_record/fixtures.rb:579:in `table_rows'
    /usr/local/rvm/gems/ruby-1.9.3-p194/gems/activerecord-3.2.8/lib/active_record/fixtures.rb:494:in `block (3 levels) in create_fixtures'
    /usr/local/rvm/gems/ruby-1.9.3-p194/gems/activerecord-3.2.8/lib/active_record/fixtures.rb:492:in `each'
    /usr/local/rvm/gems/ruby-1.9.3-p194/gems/activerecord-3.2.8/lib/active_record/fixtures.rb:492:in `block (2 levels) in create_fixtures'
    /usr/local/rvm/gems/ruby-1.9.3-p194/gems/activerecord-3.2.8/lib/active_record/connection_adapters/abstract/database_statements.rb:192:in `transaction'
    /usr/local/rvm/gems/ruby-1.9.3-p194/gems/activerecord-3.2.8/lib/active_record/fixtures.rb:491:in `block in create_fixtures'
    /usr/local/rvm/gems/ruby-1.9.3-p194/gems/activerecord-3.2.8/lib/active_record/connection_adapters/abstract_adapter.rb:168:in `disable_referential_integrity'
    /usr/local/rvm/gems/ruby-1.9.3-p194/gems/activerecord-3.2.8/lib/active_record/fixtures.rb:476:in `create_fixtures'
    /usr/local/rvm/gems/ruby-1.9.3-p194/gems/activerecord-3.2.8/lib/active_record/fixtures.rb:895:in `load_fixtures'
    /usr/local/rvm/gems/ruby-1.9.3-p194/gems/activerecord-3.2.8/lib/active_record/fixtures.rb:849:in `setup_fixtures'
    /usr/local/rvm/gems/ruby-1.9.3-p194/gems/activesupport-3.2.8/lib/active_support/callbacks.rb:429:in `_run__581041823__setup__1048967735__callbacks'
    /usr/local/rvm/gems/ruby-1.9.3-p194/gems/activesupport-3.2.8/lib/active_support/callbacks.rb:405:in `__run_callback'
    /usr/local/rvm/gems/ruby-1.9.3-p194/gems/activesupport-3.2.8/lib/active_support/callbacks.rb:385:in `_run_setup_callbacks'
    /usr/local/rvm/gems/ruby-1.9.3-p194/gems/activesupport-3.2.8/lib/active_support/callbacks.rb:81:in `run_callbacks'
    /usr/local/rvm/gems/ruby-1.9.3-p194/gems/activesupport-3.2.8/lib/active_support/testing/setup_and_teardown.rb:35:in `run'

7 tests, 0 assertions, 0 failures, 7 errors, 0 skips
Run options: -n "/^(test_should_create_micropost|test_should_destroy_micropost|test_should_get_edit|test_should_get_index|test_should_get_new|test_should_show_micropost|test_should_update_micropost)$/"

# Running tests:

EEEEEEE

Finished tests in 0.108753s, 64.3661 tests/s, 0.0000 assertions/s.

  1) Error:
test_should_create_micropost(MicropostsControllerTest):
ActiveRecord::StatementInvalid: Could not find table 'users'
    /usr/local/rvm/gems/ruby-1.9.3-p194/gems/activerecord-3.2.8/lib/active_record/connection_adapters/sqlite_adapter.rb:472:in `table_structure'
    /usr/local/rvm/gems/ruby-1.9.3-p194/gems/activerecord-3.2.8/lib/active_record/connection_adapters/sqlite_adapter.rb:346:in `columns'
    /usr/local/rvm/gems/ruby-1.9.3-p194/gems/activerecord-3.2.8/lib/active_record/fixtures.rb:660:in `column_names'
    /usr/local/rvm/gems/ruby-1.9.3-p194/gems/activerecord-3.2.8/lib/active_record/fixtures.rb:652:in `timestamp_column_names'
    /usr/local/rvm/gems/ruby-1.9.3-p194/gems/activerecord-3.2.8/lib/active_record/fixtures.rb:585:in `block in table_rows'
    /usr/local/rvm/gems/ruby-1.9.3-p194/gems/activerecord-3.2.8/lib/active_record/fixtures.rb:579:in `each'
    /usr/local/rvm/gems/ruby-1.9.3-p194/gems/activerecord-3.2.8/lib/active_record/fixtures.rb:579:in `map'
    /usr/local/rvm/gems/ruby-1.9.3-p194/gems/activerecord-3.2.8/lib/active_record/fixtures.rb:579:in `table_rows'
    /usr/local/rvm/gems/ruby-1.9.3-p194/gems/activerecord-3.2.8/lib/active_record/fixtures.rb:494:in `block (3 levels) in create_fixtures'
    /usr/local/rvm/gems/ruby-1.9.3-p194/gems/activerecord-3.2.8/lib/active_record/fixtures.rb:492:in `each'
    /usr/local/rvm/gems/ruby-1.9.3-p194/gems/activerecord-3.2.8/lib/active_record/fixtures.rb:492:in `block (2 levels) in create_fixtures'
    /usr/local/rvm/gems/ruby-1.9.3-p194/gems/activerecord-3.2.8/lib/active_record/connection_adapters/abstract/database_statements.rb:192:in `transaction'
    /usr/local/rvm/gems/ruby-1.9.3-p194/gems/activerecord-3.2.8/lib/active_record/fixtures.rb:491:in `block in create_fixtures'
    /usr/local/rvm/gems/ruby-1.9.3-p194/gems/activerecord-3.2.8/lib/active_record/connection_adapters/abstract_adapter.rb:168:in `disable_referential_integrity'
    /usr/local/rvm/gems/ruby-1.9.3-p194/gems/activerecord-3.2.8/lib/active_record/fixtures.rb:476:in `create_fixtures'
    /usr/local/rvm/gems/ruby-1.9.3-p194/gems/activerecord-3.2.8/lib/active_record/fixtures.rb:895:in `load_fixtures'
    /usr/local/rvm/gems/ruby-1.9.3-p194/gems/activerecord-3.2.8/lib/active_record/fixtures.rb:849:in `setup_fixtures'
    /usr/local/rvm/gems/ruby-1.9.3-p194/gems/activesupport-3.2.8/lib/active_support/callbacks.rb:429:in `_run__1051083446__setup__311840374__callbacks'
    /usr/local/rvm/gems/ruby-1.9.3-p194/gems/activesupport-3.2.8/lib/active_support/callbacks.rb:405:in `__run_callback'
    /usr/local/rvm/gems/ruby-1.9.3-p194/gems/activesupport-3.2.8/lib/active_support/callbacks.rb:385:in `_run_setup_callbacks'
    /usr/local/rvm/gems/ruby-1.9.3-p194/gems/activesupport-3.2.8/lib/active_support/callbacks.rb:81:in `run_callbacks'
    /usr/local/rvm/gems/ruby-1.9.3-p194/gems/activesupport-3.2.8/lib/active_support/testing/setup_and_teardown.rb:35:in `run'

  2) Error:
test_should_destroy_micropost(MicropostsControllerTest):
ActiveRecord::StatementInvalid: Could not find table 'users'
    /usr/local/rvm/gems/ruby-1.9.3-p194/gems/activerecord-3.2.8/lib/active_record/connection_adapters/sqlite_adapter.rb:472:in `table_structure'
    /usr/local/rvm/gems/ruby-1.9.3-p194/gems/activerecord-3.2.8/lib/active_record/connection_adapters/sqlite_adapter.rb:346:in `columns'
    /usr/local/rvm/gems/ruby-1.9.3-p194/gems/activerecord-3.2.8/lib/active_record/fixtures.rb:660:in `column_names'
    /usr/local/rvm/gems/ruby-1.9.3-p194/gems/activerecord-3.2.8/lib/active_record/fixtures.rb:652:in `timestamp_column_names'
    /usr/local/rvm/gems/ruby-1.9.3-p194/gems/activerecord-3.2.8/lib/active_record/fixtures.rb:585:in `block in table_rows'
    /usr/local/rvm/gems/ruby-1.9.3-p194/gems/activerecord-3.2.8/lib/active_record/fixtures.rb:579:in `each'
    /usr/local/rvm/gems/ruby-1.9.3-p194/gems/activerecord-3.2.8/lib/active_record/fixtures.rb:579:in `map'
    /usr/local/rvm/gems/ruby-1.9.3-p194/gems/activerecord-3.2.8/lib/active_record/fixtures.rb:579:in `table_rows'
    /usr/local/rvm/gems/ruby-1.9.3-p194/gems/activerecord-3.2.8/lib/active_record/fixtures.rb:494:in `block (3 levels) in create_fixtures'
    /usr/local/rvm/gems/ruby-1.9.3-p194/gems/activerecord-3.2.8/lib/active_record/fixtures.rb:492:in `each'
    /usr/local/rvm/gems/ruby-1.9.3-p194/gems/activerecord-3.2.8/lib/active_record/fixtures.rb:492:in `block (2 levels) in create_fixtures'
    /usr/local/rvm/gems/ruby-1.9.3-p194/gems/activerecord-3.2.8/lib/active_record/connection_adapters/abstract/database_statements.rb:192:in `transaction'
    /usr/local/rvm/gems/ruby-1.9.3-p194/gems/activerecord-3.2.8/lib/active_record/fixtures.rb:491:in `block in create_fixtures'
    /usr/local/rvm/gems/ruby-1.9.3-p194/gems/activerecord-3.2.8/lib/active_record/connection_adapters/abstract_adapter.rb:168:in `disable_referential_integrity'
    /usr/local/rvm/gems/ruby-1.9.3-p194/gems/activerecord-3.2.8/lib/active_record/fixtures.rb:476:in `create_fixtures'
    /usr/local/rvm/gems/ruby-1.9.3-p194/gems/activerecord-3.2.8/lib/active_record/fixtures.rb:895:in `load_fixtures'
    /usr/local/rvm/gems/ruby-1.9.3-p194/gems/activerecord-3.2.8/lib/active_record/fixtures.rb:849:in `setup_fixtures'
    /usr/local/rvm/gems/ruby-1.9.3-p194/gems/activesupport-3.2.8/lib/active_support/callbacks.rb:429:in `_run__1051083446__setup__311840374__callbacks'
    /usr/local/rvm/gems/ruby-1.9.3-p194/gems/activesupport-3.2.8/lib/active_support/callbacks.rb:405:in `__run_callback'
    /usr/local/rvm/gems/ruby-1.9.3-p194/gems/activesupport-3.2.8/lib/active_support/callbacks.rb:385:in `_run_setup_callbacks'
    /usr/local/rvm/gems/ruby-1.9.3-p194/gems/activesupport-3.2.8/lib/active_support/callbacks.rb:81:in `run_callbacks'
    /usr/local/rvm/gems/ruby-1.9.3-p194/gems/activesupport-3.2.8/lib/active_support/testing/setup_and_teardown.rb:35:in `run'

  3) Error:
test_should_get_edit(MicropostsControllerTest):
ActiveRecord::StatementInvalid: Could not find table 'users'
    /usr/local/rvm/gems/ruby-1.9.3-p194/gems/activerecord-3.2.8/lib/active_record/connection_adapters/sqlite_adapter.rb:472:in `table_structure'
    /usr/local/rvm/gems/ruby-1.9.3-p194/gems/activerecord-3.2.8/lib/active_record/connection_adapters/sqlite_adapter.rb:346:in `columns'
    /usr/local/rvm/gems/ruby-1.9.3-p194/gems/activerecord-3.2.8/lib/active_record/fixtures.rb:660:in `column_names'
    /usr/local/rvm/gems/ruby-1.9.3-p194/gems/activerecord-3.2.8/lib/active_record/fixtures.rb:652:in `timestamp_column_names'
    /usr/local/rvm/gems/ruby-1.9.3-p194/gems/activerecord-3.2.8/lib/active_record/fixtures.rb:585:in `block in table_rows'
    /usr/local/rvm/gems/ruby-1.9.3-p194/gems/activerecord-3.2.8/lib/active_record/fixtures.rb:579:in `each'
    /usr/local/rvm/gems/ruby-1.9.3-p194/gems/activerecord-3.2.8/lib/active_record/fixtures.rb:579:in `map'
    /usr/local/rvm/gems/ruby-1.9.3-p194/gems/activerecord-3.2.8/lib/active_record/fixtures.rb:579:in `table_rows'
    /usr/local/rvm/gems/ruby-1.9.3-p194/gems/activerecord-3.2.8/lib/active_record/fixtures.rb:494:in `block (3 levels) in create_fixtures'
    /usr/local/rvm/gems/ruby-1.9.3-p194/gems/activerecord-3.2.8/lib/active_record/fixtures.rb:492:in `each'
    /usr/local/rvm/gems/ruby-1.9.3-p194/gems/activerecord-3.2.8/lib/active_record/fixtures.rb:492:in `block (2 levels) in create_fixtures'
    /usr/local/rvm/gems/ruby-1.9.3-p194/gems/activerecord-3.2.8/lib/active_record/connection_adapters/abstract/database_statements.rb:192:in `transaction'
    /usr/local/rvm/gems/ruby-1.9.3-p194/gems/activerecord-3.2.8/lib/active_record/fixtures.rb:491:in `block in create_fixtures'
    /usr/local/rvm/gems/ruby-1.9.3-p194/gems/activerecord-3.2.8/lib/active_record/connection_adapters/abstract_adapter.rb:168:in `disable_referential_integrity'
    /usr/local/rvm/gems/ruby-1.9.3-p194/gems/activerecord-3.2.8/lib/active_record/fixtures.rb:476:in `create_fixtures'
    /usr/local/rvm/gems/ruby-1.9.3-p194/gems/activerecord-3.2.8/lib/active_record/fixtures.rb:895:in `load_fixtures'
    /usr/local/rvm/gems/ruby-1.9.3-p194/gems/activerecord-3.2.8/lib/active_record/fixtures.rb:849:in `setup_fixtures'
    /usr/local/rvm/gems/ruby-1.9.3-p194/gems/activesupport-3.2.8/lib/active_support/callbacks.rb:429:in `_run__1051083446__setup__311840374__callbacks'
    /usr/local/rvm/gems/ruby-1.9.3-p194/gems/activesupport-3.2.8/lib/active_support/callbacks.rb:405:in `__run_callback'
    /usr/local/rvm/gems/ruby-1.9.3-p194/gems/activesupport-3.2.8/lib/active_support/callbacks.rb:385:in `_run_setup_callbacks'
    /usr/local/rvm/gems/ruby-1.9.3-p194/gems/activesupport-3.2.8/lib/active_support/callbacks.rb:81:in `run_callbacks'
    /usr/local/rvm/gems/ruby-1.9.3-p194/gems/activesupport-3.2.8/lib/active_support/testing/setup_and_teardown.rb:35:in `run'

  4) Error:
test_should_get_index(MicropostsControllerTest):
ActiveRecord::StatementInvalid: Could not find table 'users'
    /usr/local/rvm/gems/ruby-1.9.3-p194/gems/activerecord-3.2.8/lib/active_record/connection_adapters/sqlite_adapter.rb:472:in `table_structure'
    /usr/local/rvm/gems/ruby-1.9.3-p194/gems/activerecord-3.2.8/lib/active_record/connection_adapters/sqlite_adapter.rb:346:in `columns'
    /usr/local/rvm/gems/ruby-1.9.3-p194/gems/activerecord-3.2.8/lib/active_record/fixtures.rb:660:in `column_names'
    /usr/local/rvm/gems/ruby-1.9.3-p194/gems/activerecord-3.2.8/lib/active_record/fixtures.rb:652:in `timestamp_column_names'
    /usr/local/rvm/gems/ruby-1.9.3-p194/gems/activerecord-3.2.8/lib/active_record/fixtures.rb:585:in `block in table_rows'
    /usr/local/rvm/gems/ruby-1.9.3-p194/gems/activerecord-3.2.8/lib/active_record/fixtures.rb:579:in `each'
    /usr/local/rvm/gems/ruby-1.9.3-p194/gems/activerecord-3.2.8/lib/active_record/fixtures.rb:579:in `map'
    /usr/local/rvm/gems/ruby-1.9.3-p194/gems/activerecord-3.2.8/lib/active_record/fixtures.rb:579:in `table_rows'
    /usr/local/rvm/gems/ruby-1.9.3-p194/gems/activerecord-3.2.8/lib/active_record/fixtures.rb:494:in `block (3 levels) in create_fixtures'
    /usr/local/rvm/gems/ruby-1.9.3-p194/gems/activerecord-3.2.8/lib/active_record/fixtures.rb:492:in `each'
    /usr/local/rvm/gems/ruby-1.9.3-p194/gems/activerecord-3.2.8/lib/active_record/fixtures.rb:492:in `block (2 levels) in create_fixtures'
    /usr/local/rvm/gems/ruby-1.9.3-p194/gems/activerecord-3.2.8/lib/active_record/connection_adapters/abstract/database_statements.rb:192:in `transaction'
    /usr/local/rvm/gems/ruby-1.9.3-p194/gems/activerecord-3.2.8/lib/active_record/fixtures.rb:491:in `block in create_fixtures'
    /usr/local/rvm/gems/ruby-1.9.3-p194/gems/activerecord-3.2.8/lib/active_record/connection_adapters/abstract_adapter.rb:168:in `disable_referential_integrity'
    /usr/local/rvm/gems/ruby-1.9.3-p194/gems/activerecord-3.2.8/lib/active_record/fixtures.rb:476:in `create_fixtures'
    /usr/local/rvm/gems/ruby-1.9.3-p194/gems/activerecord-3.2.8/lib/active_record/fixtures.rb:895:in `load_fixtures'
    /usr/local/rvm/gems/ruby-1.9.3-p194/gems/activerecord-3.2.8/lib/active_record/fixtures.rb:849:in `setup_fixtures'
    /usr/local/rvm/gems/ruby-1.9.3-p194/gems/activesupport-3.2.8/lib/active_support/callbacks.rb:429:in `_run__1051083446__setup__311840374__callbacks'
    /usr/local/rvm/gems/ruby-1.9.3-p194/gems/activesupport-3.2.8/lib/active_support/callbacks.rb:405:in `__run_callback'
    /usr/local/rvm/gems/ruby-1.9.3-p194/gems/activesupport-3.2.8/lib/active_support/callbacks.rb:385:in `_run_setup_callbacks'
    /usr/local/rvm/gems/ruby-1.9.3-p194/gems/activesupport-3.2.8/lib/active_support/callbacks.rb:81:in `run_callbacks'
    /usr/local/rvm/gems/ruby-1.9.3-p194/gems/activesupport-3.2.8/lib/active_support/testing/setup_and_teardown.rb:35:in `run'

  5) Error:
test_should_get_new(MicropostsControllerTest):
ActiveRecord::StatementInvalid: Could not find table 'users'
    /usr/local/rvm/gems/ruby-1.9.3-p194/gems/activerecord-3.2.8/lib/active_record/connection_adapters/sqlite_adapter.rb:472:in `table_structure'
    /usr/local/rvm/gems/ruby-1.9.3-p194/gems/activerecord-3.2.8/lib/active_record/connection_adapters/sqlite_adapter.rb:346:in `columns'
    /usr/local/rvm/gems/ruby-1.9.3-p194/gems/activerecord-3.2.8/lib/active_record/fixtures.rb:660:in `column_names'
    /usr/local/rvm/gems/ruby-1.9.3-p194/gems/activerecord-3.2.8/lib/active_record/fixtures.rb:652:in `timestamp_column_names'
    /usr/local/rvm/gems/ruby-1.9.3-p194/gems/activerecord-3.2.8/lib/active_record/fixtures.rb:585:in `block in table_rows'
    /usr/local/rvm/gems/ruby-1.9.3-p194/gems/activerecord-3.2.8/lib/active_record/fixtures.rb:579:in `each'
    /usr/local/rvm/gems/ruby-1.9.3-p194/gems/activerecord-3.2.8/lib/active_record/fixtures.rb:579:in `map'
    /usr/local/rvm/gems/ruby-1.9.3-p194/gems/activerecord-3.2.8/lib/active_record/fixtures.rb:579:in `table_rows'
    /usr/local/rvm/gems/ruby-1.9.3-p194/gems/activerecord-3.2.8/lib/active_record/fixtures.rb:494:in `block (3 levels) in create_fixtures'
    /usr/local/rvm/gems/ruby-1.9.3-p194/gems/activerecord-3.2.8/lib/active_record/fixtures.rb:492:in `each'
    /usr/local/rvm/gems/ruby-1.9.3-p194/gems/activerecord-3.2.8/lib/active_record/fixtures.rb:492:in `block (2 levels) in create_fixtures'
    /usr/local/rvm/gems/ruby-1.9.3-p194/gems/activerecord-3.2.8/lib/active_record/connection_adapters/abstract/database_statements.rb:192:in `transaction'
    /usr/local/rvm/gems/ruby-1.9.3-p194/gems/activerecord-3.2.8/lib/active_record/fixtures.rb:491:in `block in create_fixtures'
    /usr/local/rvm/gems/ruby-1.9.3-p194/gems/activerecord-3.2.8/lib/active_record/connection_adapters/abstract_adapter.rb:168:in `disable_referential_integrity'
    /usr/local/rvm/gems/ruby-1.9.3-p194/gems/activerecord-3.2.8/lib/active_record/fixtures.rb:476:in `create_fixtures'
    /usr/local/rvm/gems/ruby-1.9.3-p194/gems/activerecord-3.2.8/lib/active_record/fixtures.rb:895:in `load_fixtures'
    /usr/local/rvm/gems/ruby-1.9.3-p194/gems/activerecord-3.2.8/lib/active_record/fixtures.rb:849:in `setup_fixtures'
    /usr/local/rvm/gems/ruby-1.9.3-p194/gems/activesupport-3.2.8/lib/active_support/callbacks.rb:429:in `_run__1051083446__setup__311840374__callbacks'
    /usr/local/rvm/gems/ruby-1.9.3-p194/gems/activesupport-3.2.8/lib/active_support/callbacks.rb:405:in `__run_callback'
    /usr/local/rvm/gems/ruby-1.9.3-p194/gems/activesupport-3.2.8/lib/active_support/callbacks.rb:385:in `_run_setup_callbacks'
    /usr/local/rvm/gems/ruby-1.9.3-p194/gems/activesupport-3.2.8/lib/active_support/callbacks.rb:81:in `run_callbacks'
    /usr/local/rvm/gems/ruby-1.9.3-p194/gems/activesupport-3.2.8/lib/active_support/testing/setup_and_teardown.rb:35:in `run'

  6) Error:
test_should_show_micropost(MicropostsControllerTest):
ActiveRecord::StatementInvalid: Could not find table 'users'
    /usr/local/rvm/gems/ruby-1.9.3-p194/gems/activerecord-3.2.8/lib/active_record/connection_adapters/sqlite_adapter.rb:472:in `table_structure'
    /usr/local/rvm/gems/ruby-1.9.3-p194/gems/activerecord-3.2.8/lib/active_record/connection_adapters/sqlite_adapter.rb:346:in `columns'
    /usr/local/rvm/gems/ruby-1.9.3-p194/gems/activerecord-3.2.8/lib/active_record/fixtures.rb:660:in `column_names'
    /usr/local/rvm/gems/ruby-1.9.3-p194/gems/activerecord-3.2.8/lib/active_record/fixtures.rb:652:in `timestamp_column_names'
    /usr/local/rvm/gems/ruby-1.9.3-p194/gems/activerecord-3.2.8/lib/active_record/fixtures.rb:585:in `block in table_rows'
    /usr/local/rvm/gems/ruby-1.9.3-p194/gems/activerecord-3.2.8/lib/active_record/fixtures.rb:579:in `each'
    /usr/local/rvm/gems/ruby-1.9.3-p194/gems/activerecord-3.2.8/lib/active_record/fixtures.rb:579:in `map'
    /usr/local/rvm/gems/ruby-1.9.3-p194/gems/activerecord-3.2.8/lib/active_record/fixtures.rb:579:in `table_rows'
    /usr/local/rvm/gems/ruby-1.9.3-p194/gems/activerecord-3.2.8/lib/active_record/fixtures.rb:494:in `block (3 levels) in create_fixtures'
    /usr/local/rvm/gems/ruby-1.9.3-p194/gems/activerecord-3.2.8/lib/active_record/fixtures.rb:492:in `each'
    /usr/local/rvm/gems/ruby-1.9.3-p194/gems/activerecord-3.2.8/lib/active_record/fixtures.rb:492:in `block (2 levels) in create_fixtures'
    /usr/local/rvm/gems/ruby-1.9.3-p194/gems/activerecord-3.2.8/lib/active_record/connection_adapters/abstract/database_statements.rb:192:in `transaction'
    /usr/local/rvm/gems/ruby-1.9.3-p194/gems/activerecord-3.2.8/lib/active_record/fixtures.rb:491:in `block in create_fixtures'
    /usr/local/rvm/gems/ruby-1.9.3-p194/gems/activerecord-3.2.8/lib/active_record/connection_adapters/abstract_adapter.rb:168:in `disable_referential_integrity'
    /usr/local/rvm/gems/ruby-1.9.3-p194/gems/activerecord-3.2.8/lib/active_record/fixtures.rb:476:in `create_fixtures'
    /usr/local/rvm/gems/ruby-1.9.3-p194/gems/activerecord-3.2.8/lib/active_record/fixtures.rb:895:in `load_fixtures'
    /usr/local/rvm/gems/ruby-1.9.3-p194/gems/activerecord-3.2.8/lib/active_record/fixtures.rb:849:in `setup_fixtures'
    /usr/local/rvm/gems/ruby-1.9.3-p194/gems/activesupport-3.2.8/lib/active_support/callbacks.rb:429:in `_run__1051083446__setup__311840374__callbacks'
    /usr/local/rvm/gems/ruby-1.9.3-p194/gems/activesupport-3.2.8/lib/active_support/callbacks.rb:405:in `__run_callback'
    /usr/local/rvm/gems/ruby-1.9.3-p194/gems/activesupport-3.2.8/lib/active_support/callbacks.rb:385:in `_run_setup_callbacks'
    /usr/local/rvm/gems/ruby-1.9.3-p194/gems/activesupport-3.2.8/lib/active_support/callbacks.rb:81:in `run_callbacks'
    /usr/local/rvm/gems/ruby-1.9.3-p194/gems/activesupport-3.2.8/lib/active_support/testing/setup_and_teardown.rb:35:in `run'

  7) Error:
test_should_update_micropost(MicropostsControllerTest):
ActiveRecord::StatementInvalid: Could not find table 'users'
    /usr/local/rvm/gems/ruby-1.9.3-p194/gems/activerecord-3.2.8/lib/active_record/connection_adapters/sqlite_adapter.rb:472:in `table_structure'
    /usr/local/rvm/gems/ruby-1.9.3-p194/gems/activerecord-3.2.8/lib/active_record/connection_adapters/sqlite_adapter.rb:346:in `columns'
    /usr/local/rvm/gems/ruby-1.9.3-p194/gems/activerecord-3.2.8/lib/active_record/fixtures.rb:660:in `column_names'
    /usr/local/rvm/gems/ruby-1.9.3-p194/gems/activerecord-3.2.8/lib/active_record/fixtures.rb:652:in `timestamp_column_names'
    /usr/local/rvm/gems/ruby-1.9.3-p194/gems/activerecord-3.2.8/lib/active_record/fixtures.rb:585:in `block in table_rows'
    /usr/local/rvm/gems/ruby-1.9.3-p194/gems/activerecord-3.2.8/lib/active_record/fixtures.rb:579:in `each'
    /usr/local/rvm/gems/ruby-1.9.3-p194/gems/activerecord-3.2.8/lib/active_record/fixtures.rb:579:in `map'
    /usr/local/rvm/gems/ruby-1.9.3-p194/gems/activerecord-3.2.8/lib/active_record/fixtures.rb:579:in `table_rows'
    /usr/local/rvm/gems/ruby-1.9.3-p194/gems/activerecord-3.2.8/lib/active_record/fixtures.rb:494:in `block (3 levels) in create_fixtures'
    /usr/local/rvm/gems/ruby-1.9.3-p194/gems/activerecord-3.2.8/lib/active_record/fixtures.rb:492:in `each'
    /usr/local/rvm/gems/ruby-1.9.3-p194/gems/activerecord-3.2.8/lib/active_record/fixtures.rb:492:in `block (2 levels) in create_fixtures'
    /usr/local/rvm/gems/ruby-1.9.3-p194/gems/activerecord-3.2.8/lib/active_record/connection_adapters/abstract/database_statements.rb:192:in `transaction'
    /usr/local/rvm/gems/ruby-1.9.3-p194/gems/activerecord-3.2.8/lib/active_record/fixtures.rb:491:in `block in create_fixtures'
    /usr/local/rvm/gems/ruby-1.9.3-p194/gems/activerecord-3.2.8/lib/active_record/connection_adapters/abstract_adapter.rb:168:in `disable_referential_integrity'
    /usr/local/rvm/gems/ruby-1.9.3-p194/gems/activerecord-3.2.8/lib/active_record/fixtures.rb:476:in `create_fixtures'
    /usr/local/rvm/gems/ruby-1.9.3-p194/gems/activerecord-3.2.8/lib/active_record/fixtures.rb:895:in `load_fixtures'
    /usr/local/rvm/gems/ruby-1.9.3-p194/gems/activerecord-3.2.8/lib/active_record/fixtures.rb:849:in `setup_fixtures'
    /usr/local/rvm/gems/ruby-1.9.3-p194/gems/activesupport-3.2.8/lib/active_support/callbacks.rb:429:in `_run__1051083446__setup__311840374__callbacks'
    /usr/local/rvm/gems/ruby-1.9.3-p194/gems/activesupport-3.2.8/lib/active_support/callbacks.rb:405:in `__run_callback'
    /usr/local/rvm/gems/ruby-1.9.3-p194/gems/activesupport-3.2.8/lib/active_support/callbacks.rb:385:in `_run_setup_callbacks'
    /usr/local/rvm/gems/ruby-1.9.3-p194/gems/activesupport-3.2.8/lib/active_support/callbacks.rb:81:in `run_callbacks'
    /usr/local/rvm/gems/ruby-1.9.3-p194/gems/activesupport-3.2.8/lib/active_support/testing/setup_and_teardown.rb:35:in `run'

7 tests, 0 assertions, 0 failures, 7 errors, 0 skips
Run options: -n "/^(test_should_get_contact|test_should_get_home)$/"

# Running tests:

EE

Finished tests in 0.049331s, 40.5424 tests/s, 0.0000 assertions/s.

  1) Error:
test_should_get_contact(PagesControllerTest):
ActiveRecord::StatementInvalid: Could not find table 'users'
    /usr/local/rvm/gems/ruby-1.9.3-p194/gems/activerecord-3.2.8/lib/active_record/connection_adapters/sqlite_adapter.rb:472:in `table_structure'
    /usr/local/rvm/gems/ruby-1.9.3-p194/gems/activerecord-3.2.8/lib/active_record/connection_adapters/sqlite_adapter.rb:346:in `columns'
    /usr/local/rvm/gems/ruby-1.9.3-p194/gems/activerecord-3.2.8/lib/active_record/fixtures.rb:660:in `column_names'
    /usr/local/rvm/gems/ruby-1.9.3-p194/gems/activerecord-3.2.8/lib/active_record/fixtures.rb:652:in `timestamp_column_names'
    /usr/local/rvm/gems/ruby-1.9.3-p194/gems/activerecord-3.2.8/lib/active_record/fixtures.rb:585:in `block in table_rows'
    /usr/local/rvm/gems/ruby-1.9.3-p194/gems/activerecord-3.2.8/lib/active_record/fixtures.rb:579:in `each'
    /usr/local/rvm/gems/ruby-1.9.3-p194/gems/activerecord-3.2.8/lib/active_record/fixtures.rb:579:in `map'
    /usr/local/rvm/gems/ruby-1.9.3-p194/gems/activerecord-3.2.8/lib/active_record/fixtures.rb:579:in `table_rows'
    /usr/local/rvm/gems/ruby-1.9.3-p194/gems/activerecord-3.2.8/lib/active_record/fixtures.rb:494:in `block (3 levels) in create_fixtures'
    /usr/local/rvm/gems/ruby-1.9.3-p194/gems/activerecord-3.2.8/lib/active_record/fixtures.rb:492:in `each'
    /usr/local/rvm/gems/ruby-1.9.3-p194/gems/activerecord-3.2.8/lib/active_record/fixtures.rb:492:in `block (2 levels) in create_fixtures'
    /usr/local/rvm/gems/ruby-1.9.3-p194/gems/activerecord-3.2.8/lib/active_record/connection_adapters/abstract/database_statements.rb:192:in `transaction'
    /usr/local/rvm/gems/ruby-1.9.3-p194/gems/activerecord-3.2.8/lib/active_record/fixtures.rb:491:in `block in create_fixtures'
    /usr/local/rvm/gems/ruby-1.9.3-p194/gems/activerecord-3.2.8/lib/active_record/connection_adapters/abstract_adapter.rb:168:in `disable_referential_integrity'
    /usr/local/rvm/gems/ruby-1.9.3-p194/gems/activerecord-3.2.8/lib/active_record/fixtures.rb:476:in `create_fixtures'
    /usr/local/rvm/gems/ruby-1.9.3-p194/gems/activerecord-3.2.8/lib/active_record/fixtures.rb:895:in `load_fixtures'
    /usr/local/rvm/gems/ruby-1.9.3-p194/gems/activerecord-3.2.8/lib/active_record/fixtures.rb:849:in `setup_fixtures'
    /usr/local/rvm/gems/ruby-1.9.3-p194/gems/activesupport-3.2.8/lib/active_support/callbacks.rb:429:in `_run__529302608__setup__619472343__callbacks'
    /usr/local/rvm/gems/ruby-1.9.3-p194/gems/activesupport-3.2.8/lib/active_support/callbacks.rb:405:in `__run_callback'
    /usr/local/rvm/gems/ruby-1.9.3-p194/gems/activesupport-3.2.8/lib/active_support/callbacks.rb:385:in `_run_setup_callbacks'
    /usr/local/rvm/gems/ruby-1.9.3-p194/gems/activesupport-3.2.8/lib/active_support/callbacks.rb:81:in `run_callbacks'
    /usr/local/rvm/gems/ruby-1.9.3-p194/gems/activesupport-3.2.8/lib/active_support/testing/setup_and_teardown.rb:35:in `run'

  2) Error:
test_should_get_home(PagesControllerTest):
ActiveRecord::StatementInvalid: Could not find table 'users'
    /usr/local/rvm/gems/ruby-1.9.3-p194/gems/activerecord-3.2.8/lib/active_record/connection_adapters/sqlite_adapter.rb:472:in `table_structure'
    /usr/local/rvm/gems/ruby-1.9.3-p194/gems/activerecord-3.2.8/lib/active_record/connection_adapters/sqlite_adapter.rb:346:in `columns'
    /usr/local/rvm/gems/ruby-1.9.3-p194/gems/activerecord-3.2.8/lib/active_record/fixtures.rb:660:in `column_names'
    /usr/local/rvm/gems/ruby-1.9.3-p194/gems/activerecord-3.2.8/lib/active_record/fixtures.rb:652:in `timestamp_column_names'
    /usr/local/rvm/gems/ruby-1.9.3-p194/gems/activerecord-3.2.8/lib/active_record/fixtures.rb:585:in `block in table_rows'
    /usr/local/rvm/gems/ruby-1.9.3-p194/gems/activerecord-3.2.8/lib/active_record/fixtures.rb:579:in `each'
    /usr/local/rvm/gems/ruby-1.9.3-p194/gems/activerecord-3.2.8/lib/active_record/fixtures.rb:579:in `map'
    /usr/local/rvm/gems/ruby-1.9.3-p194/gems/activerecord-3.2.8/lib/active_record/fixtures.rb:579:in `table_rows'
    /usr/local/rvm/gems/ruby-1.9.3-p194/gems/activerecord-3.2.8/lib/active_record/fixtures.rb:494:in `block (3 levels) in create_fixtures'
    /usr/local/rvm/gems/ruby-1.9.3-p194/gems/activerecord-3.2.8/lib/active_record/fixtures.rb:492:in `each'
    /usr/local/rvm/gems/ruby-1.9.3-p194/gems/activerecord-3.2.8/lib/active_record/fixtures.rb:492:in `block (2 levels) in create_fixtures'
    /usr/local/rvm/gems/ruby-1.9.3-p194/gems/activerecord-3.2.8/lib/active_record/connection_adapters/abstract/database_statements.rb:192:in `transaction'
    /usr/local/rvm/gems/ruby-1.9.3-p194/gems/activerecord-3.2.8/lib/active_record/fixtures.rb:491:in `block in create_fixtures'
    /usr/local/rvm/gems/ruby-1.9.3-p194/gems/activerecord-3.2.8/lib/active_record/connection_adapters/abstract_adapter.rb:168:in `disable_referential_integrity'
    /usr/local/rvm/gems/ruby-1.9.3-p194/gems/activerecord-3.2.8/lib/active_record/fixtures.rb:476:in `create_fixtures'
    /usr/local/rvm/gems/ruby-1.9.3-p194/gems/activerecord-3.2.8/lib/active_record/fixtures.rb:895:in `load_fixtures'
    /usr/local/rvm/gems/ruby-1.9.3-p194/gems/activerecord-3.2.8/lib/active_record/fixtures.rb:849:in `setup_fixtures'
    /usr/local/rvm/gems/ruby-1.9.3-p194/gems/activesupport-3.2.8/lib/active_support/callbacks.rb:429:in `_run__529302608__setup__619472343__callbacks'
    /usr/local/rvm/gems/ruby-1.9.3-p194/gems/activesupport-3.2.8/lib/active_support/callbacks.rb:405:in `__run_callback'
    /usr/local/rvm/gems/ruby-1.9.3-p194/gems/activesupport-3.2.8/lib/active_support/callbacks.rb:385:in `_run_setup_callbacks'
    /usr/local/rvm/gems/ruby-1.9.3-p194/gems/activesupport-3.2.8/lib/active_support/callbacks.rb:81:in `run_callbacks'
    /usr/local/rvm/gems/ruby-1.9.3-p194/gems/activesupport-3.2.8/lib/active_support/testing/setup_and_teardown.rb:35:in `run'

2 tests, 0 assertions, 0 failures, 2 errors, 0 skips
/usr/local/rvm/rubies/ruby-1.9.3-p194/bin/ruby -I.:lib:test -rubygems test/functional/pages_controller_test.rb -n "/^(test_should_get_contact|test_should_get_home)$/"; /usr/local/rvm/rubies/ruby-1.9.3-p194/bin/ruby -I.:lib:test -rubygems test/functional/microposts_controller_test.rb -n "/^(test_should_create_micropost|test_should_destroy_micropost|test_should_get_edit|test_should_get_index|test_should_get_new|test_should_show_micropost|test_should_update_micropost)$/"; /usr/local/rvm/rubies/ruby-1.9.3-p194/bin/ruby -I.:lib:test -rubygems test/functional/users_controller_test.rb -n "/^(test_should_create_user|test_should_destroy_user|test_should_get_edit|test_should_get_index|test_should_get_new|test_should_show_user|test_should_update_user)$/"
Run options: -n "/^(test_should_get_contact|test_should_get_home)$/"

# Running tests:

EE

Finished tests in 0.047062s, 42.4968 tests/s, 0.0000 assertions/s.

  1) Error:
test_should_get_contact(PagesControllerTest):
ActiveRecord::StatementInvalid: Could not find table 'users'
    /usr/local/rvm/gems/ruby-1.9.3-p194/gems/activerecord-3.2.8/lib/active_record/connection_adapters/sqlite_adapter.rb:472:in `table_structure'
    /usr/local/rvm/gems/ruby-1.9.3-p194/gems/activerecord-3.2.8/lib/active_record/connection_adapters/sqlite_adapter.rb:346:in `columns'
    /usr/local/rvm/gems/ruby-1.9.3-p194/gems/activerecord-3.2.8/lib/active_record/fixtures.rb:660:in `column_names'
    /usr/local/rvm/gems/ruby-1.9.3-p194/gems/activerecord-3.2.8/lib/active_record/fixtures.rb:652:in `timestamp_column_names'
    /usr/local/rvm/gems/ruby-1.9.3-p194/gems/activerecord-3.2.8/lib/active_record/fixtures.rb:585:in `block in table_rows'
    /usr/local/rvm/gems/ruby-1.9.3-p194/gems/activerecord-3.2.8/lib/active_record/fixtures.rb:579:in `each'
    /usr/local/rvm/gems/ruby-1.9.3-p194/gems/activerecord-3.2.8/lib/active_record/fixtures.rb:579:in `map'
    /usr/local/rvm/gems/ruby-1.9.3-p194/gems/activerecord-3.2.8/lib/active_record/fixtures.rb:579:in `table_rows'
    /usr/local/rvm/gems/ruby-1.9.3-p194/gems/activerecord-3.2.8/lib/active_record/fixtures.rb:494:in `block (3 levels) in create_fixtures'
    /usr/local/rvm/gems/ruby-1.9.3-p194/gems/activerecord-3.2.8/lib/active_record/fixtures.rb:492:in `each'
    /usr/local/rvm/gems/ruby-1.9.3-p194/gems/activerecord-3.2.8/lib/active_record/fixtures.rb:492:in `block (2 levels) in create_fixtures'
    /usr/local/rvm/gems/ruby-1.9.3-p194/gems/activerecord-3.2.8/lib/active_record/connection_adapters/abstract/database_statements.rb:192:in `transaction'
    /usr/local/rvm/gems/ruby-1.9.3-p194/gems/activerecord-3.2.8/lib/active_record/fixtures.rb:491:in `block in create_fixtures'
    /usr/local/rvm/gems/ruby-1.9.3-p194/gems/activerecord-3.2.8/lib/active_record/connection_adapters/abstract_adapter.rb:168:in `disable_referential_integrity'
    /usr/local/rvm/gems/ruby-1.9.3-p194/gems/activerecord-3.2.8/lib/active_record/fixtures.rb:476:in `create_fixtures'
    /usr/local/rvm/gems/ruby-1.9.3-p194/gems/activerecord-3.2.8/lib/active_record/fixtures.rb:895:in `load_fixtures'
    /usr/local/rvm/gems/ruby-1.9.3-p194/gems/activerecord-3.2.8/lib/active_record/fixtures.rb:849:in `setup_fixtures'
    /usr/local/rvm/gems/ruby-1.9.3-p194/gems/activesupport-3.2.8/lib/active_support/callbacks.rb:429:in `_run__520746784__setup__542139320__callbacks'
    /usr/local/rvm/gems/ruby-1.9.3-p194/gems/activesupport-3.2.8/lib/active_support/callbacks.rb:405:in `__run_callback'
    /usr/local/rvm/gems/ruby-1.9.3-p194/gems/activesupport-3.2.8/lib/active_support/callbacks.rb:385:in `_run_setup_callbacks'
    /usr/local/rvm/gems/ruby-1.9.3-p194/gems/activesupport-3.2.8/lib/active_support/callbacks.rb:81:in `run_callbacks'
    /usr/local/rvm/gems/ruby-1.9.3-p194/gems/activesupport-3.2.8/lib/active_support/testing/setup_and_teardown.rb:35:in `run'

  2) Error:
test_should_get_home(PagesControllerTest):
ActiveRecord::StatementInvalid: Could not find table 'users'
    /usr/local/rvm/gems/ruby-1.9.3-p194/gems/activerecord-3.2.8/lib/active_record/connection_adapters/sqlite_adapter.rb:472:in `table_structure'
    /usr/local/rvm/gems/ruby-1.9.3-p194/gems/activerecord-3.2.8/lib/active_record/connection_adapters/sqlite_adapter.rb:346:in `columns'
    /usr/local/rvm/gems/ruby-1.9.3-p194/gems/activerecord-3.2.8/lib/active_record/fixtures.rb:660:in `column_names'
    /usr/local/rvm/gems/ruby-1.9.3-p194/gems/activerecord-3.2.8/lib/active_record/fixtures.rb:652:in `timestamp_column_names'
    /usr/local/rvm/gems/ruby-1.9.3-p194/gems/activerecord-3.2.8/lib/active_record/fixtures.rb:585:in `block in table_rows'
    /usr/local/rvm/gems/ruby-1.9.3-p194/gems/activerecord-3.2.8/lib/active_record/fixtures.rb:579:in `each'
    /usr/local/rvm/gems/ruby-1.9.3-p194/gems/activerecord-3.2.8/lib/active_record/fixtures.rb:579:in `map'
    /usr/local/rvm/gems/ruby-1.9.3-p194/gems/activerecord-3.2.8/lib/active_record/fixtures.rb:579:in `table_rows'
    /usr/local/rvm/gems/ruby-1.9.3-p194/gems/activerecord-3.2.8/lib/active_record/fixtures.rb:494:in `block (3 levels) in create_fixtures'
    /usr/local/rvm/gems/ruby-1.9.3-p194/gems/activerecord-3.2.8/lib/active_record/fixtures.rb:492:in `each'
    /usr/local/rvm/gems/ruby-1.9.3-p194/gems/activerecord-3.2.8/lib/active_record/fixtures.rb:492:in `block (2 levels) in create_fixtures'
    /usr/local/rvm/gems/ruby-1.9.3-p194/gems/activerecord-3.2.8/lib/active_record/connection_adapters/abstract/database_statements.rb:192:in `transaction'
    /usr/local/rvm/gems/ruby-1.9.3-p194/gems/activerecord-3.2.8/lib/active_record/fixtures.rb:491:in `block in create_fixtures'
    /usr/local/rvm/gems/ruby-1.9.3-p194/gems/activerecord-3.2.8/lib/active_record/connection_adapters/abstract_adapter.rb:168:in `disable_referential_integrity'
    /usr/local/rvm/gems/ruby-1.9.3-p194/gems/activerecord-3.2.8/lib/active_record/fixtures.rb:476:in `create_fixtures'
    /usr/local/rvm/gems/ruby-1.9.3-p194/gems/activerecord-3.2.8/lib/active_record/fixtures.rb:895:in `load_fixtures'
    /usr/local/rvm/gems/ruby-1.9.3-p194/gems/activerecord-3.2.8/lib/active_record/fixtures.rb:849:in `setup_fixtures'
    /usr/local/rvm/gems/ruby-1.9.3-p194/gems/activesupport-3.2.8/lib/active_support/callbacks.rb:429:in `_run__520746784__setup__542139320__callbacks'
    /usr/local/rvm/gems/ruby-1.9.3-p194/gems/activesupport-3.2.8/lib/active_support/callbacks.rb:405:in `__run_callback'
    /usr/local/rvm/gems/ruby-1.9.3-p194/gems/activesupport-3.2.8/lib/active_support/callbacks.rb:385:in `_run_setup_callbacks'
    /usr/local/rvm/gems/ruby-1.9.3-p194/gems/activesupport-3.2.8/lib/active_support/callbacks.rb:81:in `run_callbacks'
    /usr/local/rvm/gems/ruby-1.9.3-p194/gems/activesupport-3.2.8/lib/active_support/testing/setup_and_teardown.rb:35:in `run'

2 tests, 0 assertions, 0 failures, 2 errors, 0 skips
Run options: -n "/^(test_should_create_micropost|test_should_destroy_micropost|test_should_get_edit|test_should_get_index|test_should_get_new|test_should_show_micropost|test_should_update_micropost)$/"

# Running tests:

EEEEEEE

Finished tests in 0.113306s, 61.7796 tests/s, 0.0000 assertions/s.

  1) Error:
test_should_create_micropost(MicropostsControllerTest):
ActiveRecord::StatementInvalid: Could not find table 'users'
    /usr/local/rvm/gems/ruby-1.9.3-p194/gems/activerecord-3.2.8/lib/active_record/connection_adapters/sqlite_adapter.rb:472:in `table_structure'
    /usr/local/rvm/gems/ruby-1.9.3-p194/gems/activerecord-3.2.8/lib/active_record/connection_adapters/sqlite_adapter.rb:346:in `columns'
    /usr/local/rvm/gems/ruby-1.9.3-p194/gems/activerecord-3.2.8/lib/active_record/fixtures.rb:660:in `column_names'
    /usr/local/rvm/gems/ruby-1.9.3-p194/gems/activerecord-3.2.8/lib/active_record/fixtures.rb:652:in `timestamp_column_names'
    /usr/local/rvm/gems/ruby-1.9.3-p194/gems/activerecord-3.2.8/lib/active_record/fixtures.rb:585:in `block in table_rows'
    /usr/local/rvm/gems/ruby-1.9.3-p194/gems/activerecord-3.2.8/lib/active_record/fixtures.rb:579:in `each'
    /usr/local/rvm/gems/ruby-1.9.3-p194/gems/activerecord-3.2.8/lib/active_record/fixtures.rb:579:in `map'
    /usr/local/rvm/gems/ruby-1.9.3-p194/gems/activerecord-3.2.8/lib/active_record/fixtures.rb:579:in `table_rows'
    /usr/local/rvm/gems/ruby-1.9.3-p194/gems/activerecord-3.2.8/lib/active_record/fixtures.rb:494:in `block (3 levels) in create_fixtures'
    /usr/local/rvm/gems/ruby-1.9.3-p194/gems/activerecord-3.2.8/lib/active_record/fixtures.rb:492:in `each'
    /usr/local/rvm/gems/ruby-1.9.3-p194/gems/activerecord-3.2.8/lib/active_record/fixtures.rb:492:in `block (2 levels) in create_fixtures'
    /usr/local/rvm/gems/ruby-1.9.3-p194/gems/activerecord-3.2.8/lib/active_record/connection_adapters/abstract/database_statements.rb:192:in `transaction'
    /usr/local/rvm/gems/ruby-1.9.3-p194/gems/activerecord-3.2.8/lib/active_record/fixtures.rb:491:in `block in create_fixtures'
    /usr/local/rvm/gems/ruby-1.9.3-p194/gems/activerecord-3.2.8/lib/active_record/connection_adapters/abstract_adapter.rb:168:in `disable_referential_integrity'
    /usr/local/rvm/gems/ruby-1.9.3-p194/gems/activerecord-3.2.8/lib/active_record/fixtures.rb:476:in `create_fixtures'
    /usr/local/rvm/gems/ruby-1.9.3-p194/gems/activerecord-3.2.8/lib/active_record/fixtures.rb:895:in `load_fixtures'
    /usr/local/rvm/gems/ruby-1.9.3-p194/gems/activerecord-3.2.8/lib/active_record/fixtures.rb:849:in `setup_fixtures'
    /usr/local/rvm/gems/ruby-1.9.3-p194/gems/activesupport-3.2.8/lib/active_support/callbacks.rb:429:in `_run__390189742__setup__519680055__callbacks'
    /usr/local/rvm/gems/ruby-1.9.3-p194/gems/activesupport-3.2.8/lib/active_support/callbacks.rb:405:in `__run_callback'
    /usr/local/rvm/gems/ruby-1.9.3-p194/gems/activesupport-3.2.8/lib/active_support/callbacks.rb:385:in `_run_setup_callbacks'
    /usr/local/rvm/gems/ruby-1.9.3-p194/gems/activesupport-3.2.8/lib/active_support/callbacks.rb:81:in `run_callbacks'
    /usr/local/rvm/gems/ruby-1.9.3-p194/gems/activesupport-3.2.8/lib/active_support/testing/setup_and_teardown.rb:35:in `run'

  2) Error:
test_should_destroy_micropost(MicropostsControllerTest):
ActiveRecord::StatementInvalid: Could not find table 'users'
    /usr/local/rvm/gems/ruby-1.9.3-p194/gems/activerecord-3.2.8/lib/active_record/connection_adapters/sqlite_adapter.rb:472:in `table_structure'
    /usr/local/rvm/gems/ruby-1.9.3-p194/gems/activerecord-3.2.8/lib/active_record/connection_adapters/sqlite_adapter.rb:346:in `columns'
    /usr/local/rvm/gems/ruby-1.9.3-p194/gems/activerecord-3.2.8/lib/active_record/fixtures.rb:660:in `column_names'
    /usr/local/rvm/gems/ruby-1.9.3-p194/gems/activerecord-3.2.8/lib/active_record/fixtures.rb:652:in `timestamp_column_names'
    /usr/local/rvm/gems/ruby-1.9.3-p194/gems/activerecord-3.2.8/lib/active_record/fixtures.rb:585:in `block in table_rows'
    /usr/local/rvm/gems/ruby-1.9.3-p194/gems/activerecord-3.2.8/lib/active_record/fixtures.rb:579:in `each'
    /usr/local/rvm/gems/ruby-1.9.3-p194/gems/activerecord-3.2.8/lib/active_record/fixtures.rb:579:in `map'
    /usr/local/rvm/gems/ruby-1.9.3-p194/gems/activerecord-3.2.8/lib/active_record/fixtures.rb:579:in `table_rows'
    /usr/local/rvm/gems/ruby-1.9.3-p194/gems/activerecord-3.2.8/lib/active_record/fixtures.rb:494:in `block (3 levels) in create_fixtures'
    /usr/local/rvm/gems/ruby-1.9.3-p194/gems/activerecord-3.2.8/lib/active_record/fixtures.rb:492:in `each'
    /usr/local/rvm/gems/ruby-1.9.3-p194/gems/activerecord-3.2.8/lib/active_record/fixtures.rb:492:in `block (2 levels) in create_fixtures'
    /usr/local/rvm/gems/ruby-1.9.3-p194/gems/activerecord-3.2.8/lib/active_record/connection_adapters/abstract/database_statements.rb:192:in `transaction'
    /usr/local/rvm/gems/ruby-1.9.3-p194/gems/activerecord-3.2.8/lib/active_record/fixtures.rb:491:in `block in create_fixtures'
    /usr/local/rvm/gems/ruby-1.9.3-p194/gems/activerecord-3.2.8/lib/active_record/connection_adapters/abstract_adapter.rb:168:in `disable_referential_integrity'
    /usr/local/rvm/gems/ruby-1.9.3-p194/gems/activerecord-3.2.8/lib/active_record/fixtures.rb:476:in `create_fixtures'
    /usr/local/rvm/gems/ruby-1.9.3-p194/gems/activerecord-3.2.8/lib/active_record/fixtures.rb:895:in `load_fixtures'
    /usr/local/rvm/gems/ruby-1.9.3-p194/gems/activerecord-3.2.8/lib/active_record/fixtures.rb:849:in `setup_fixtures'
    /usr/local/rvm/gems/ruby-1.9.3-p194/gems/activesupport-3.2.8/lib/active_support/callbacks.rb:429:in `_run__390189742__setup__519680055__callbacks'
    /usr/local/rvm/gems/ruby-1.9.3-p194/gems/activesupport-3.2.8/lib/active_support/callbacks.rb:405:in `__run_callback'
    /usr/local/rvm/gems/ruby-1.9.3-p194/gems/activesupport-3.2.8/lib/active_support/callbacks.rb:385:in `_run_setup_callbacks'
    /usr/local/rvm/gems/ruby-1.9.3-p194/gems/activesupport-3.2.8/lib/active_support/callbacks.rb:81:in `run_callbacks'
    /usr/local/rvm/gems/ruby-1.9.3-p194/gems/activesupport-3.2.8/lib/active_support/testing/setup_and_teardown.rb:35:in `run'

  3) Error:
test_should_get_edit(MicropostsControllerTest):
ActiveRecord::StatementInvalid: Could not find table 'users'
    /usr/local/rvm/gems/ruby-1.9.3-p194/gems/activerecord-3.2.8/lib/active_record/connection_adapters/sqlite_adapter.rb:472:in `table_structure'
    /usr/local/rvm/gems/ruby-1.9.3-p194/gems/activerecord-3.2.8/lib/active_record/connection_adapters/sqlite_adapter.rb:346:in `columns'
    /usr/local/rvm/gems/ruby-1.9.3-p194/gems/activerecord-3.2.8/lib/active_record/fixtures.rb:660:in `column_names'
    /usr/local/rvm/gems/ruby-1.9.3-p194/gems/activerecord-3.2.8/lib/active_record/fixtures.rb:652:in `timestamp_column_names'
    /usr/local/rvm/gems/ruby-1.9.3-p194/gems/activerecord-3.2.8/lib/active_record/fixtures.rb:585:in `block in table_rows'
    /usr/local/rvm/gems/ruby-1.9.3-p194/gems/activerecord-3.2.8/lib/active_record/fixtures.rb:579:in `each'
    /usr/local/rvm/gems/ruby-1.9.3-p194/gems/activerecord-3.2.8/lib/active_record/fixtures.rb:579:in `map'
    /usr/local/rvm/gems/ruby-1.9.3-p194/gems/activerecord-3.2.8/lib/active_record/fixtures.rb:579:in `table_rows'
    /usr/local/rvm/gems/ruby-1.9.3-p194/gems/activerecord-3.2.8/lib/active_record/fixtures.rb:494:in `block (3 levels) in create_fixtures'
    /usr/local/rvm/gems/ruby-1.9.3-p194/gems/activerecord-3.2.8/lib/active_record/fixtures.rb:492:in `each'
    /usr/local/rvm/gems/ruby-1.9.3-p194/gems/activerecord-3.2.8/lib/active_record/fixtures.rb:492:in `block (2 levels) in create_fixtures'
    /usr/local/rvm/gems/ruby-1.9.3-p194/gems/activerecord-3.2.8/lib/active_record/connection_adapters/abstract/database_statements.rb:192:in `transaction'
    /usr/local/rvm/gems/ruby-1.9.3-p194/gems/activerecord-3.2.8/lib/active_record/fixtures.rb:491:in `block in create_fixtures'
    /usr/local/rvm/gems/ruby-1.9.3-p194/gems/activerecord-3.2.8/lib/active_record/connection_adapters/abstract_adapter.rb:168:in `disable_referential_integrity'
    /usr/local/rvm/gems/ruby-1.9.3-p194/gems/activerecord-3.2.8/lib/active_record/fixtures.rb:476:in `create_fixtures'
    /usr/local/rvm/gems/ruby-1.9.3-p194/gems/activerecord-3.2.8/lib/active_record/fixtures.rb:895:in `load_fixtures'
    /usr/local/rvm/gems/ruby-1.9.3-p194/gems/activerecord-3.2.8/lib/active_record/fixtures.rb:849:in `setup_fixtures'
    /usr/local/rvm/gems/ruby-1.9.3-p194/gems/activesupport-3.2.8/lib/active_support/callbacks.rb:429:in `_run__390189742__setup__519680055__callbacks'
    /usr/local/rvm/gems/ruby-1.9.3-p194/gems/activesupport-3.2.8/lib/active_support/callbacks.rb:405:in `__run_callback'
    /usr/local/rvm/gems/ruby-1.9.3-p194/gems/activesupport-3.2.8/lib/active_support/callbacks.rb:385:in `_run_setup_callbacks'
    /usr/local/rvm/gems/ruby-1.9.3-p194/gems/activesupport-3.2.8/lib/active_support/callbacks.rb:81:in `run_callbacks'
    /usr/local/rvm/gems/ruby-1.9.3-p194/gems/activesupport-3.2.8/lib/active_support/testing/setup_and_teardown.rb:35:in `run'

  4) Error:
test_should_get_index(MicropostsControllerTest):
ActiveRecord::StatementInvalid: Could not find table 'users'
    /usr/local/rvm/gems/ruby-1.9.3-p194/gems/activerecord-3.2.8/lib/active_record/connection_adapters/sqlite_adapter.rb:472:in `table_structure'
    /usr/local/rvm/gems/ruby-1.9.3-p194/gems/activerecord-3.2.8/lib/active_record/connection_adapters/sqlite_adapter.rb:346:in `columns'
    /usr/local/rvm/gems/ruby-1.9.3-p194/gems/activerecord-3.2.8/lib/active_record/fixtures.rb:660:in `column_names'
    /usr/local/rvm/gems/ruby-1.9.3-p194/gems/activerecord-3.2.8/lib/active_record/fixtures.rb:652:in `timestamp_column_names'
    /usr/local/rvm/gems/ruby-1.9.3-p194/gems/activerecord-3.2.8/lib/active_record/fixtures.rb:585:in `block in table_rows'
    /usr/local/rvm/gems/ruby-1.9.3-p194/gems/activerecord-3.2.8/lib/active_record/fixtures.rb:579:in `each'
    /usr/local/rvm/gems/ruby-1.9.3-p194/gems/activerecord-3.2.8/lib/active_record/fixtures.rb:579:in `map'
    /usr/local/rvm/gems/ruby-1.9.3-p194/gems/activerecord-3.2.8/lib/active_record/fixtures.rb:579:in `table_rows'
    /usr/local/rvm/gems/ruby-1.9.3-p194/gems/activerecord-3.2.8/lib/active_record/fixtures.rb:494:in `block (3 levels) in create_fixtures'
    /usr/local/rvm/gems/ruby-1.9.3-p194/gems/activerecord-3.2.8/lib/active_record/fixtures.rb:492:in `each'
    /usr/local/rvm/gems/ruby-1.9.3-p194/gems/activerecord-3.2.8/lib/active_record/fixtures.rb:492:in `block (2 levels) in create_fixtures'
    /usr/local/rvm/gems/ruby-1.9.3-p194/gems/activerecord-3.2.8/lib/active_record/connection_adapters/abstract/database_statements.rb:192:in `transaction'
    /usr/local/rvm/gems/ruby-1.9.3-p194/gems/activerecord-3.2.8/lib/active_record/fixtures.rb:491:in `block in create_fixtures'
    /usr/local/rvm/gems/ruby-1.9.3-p194/gems/activerecord-3.2.8/lib/active_record/connection_adapters/abstract_adapter.rb:168:in `disable_referential_integrity'
    /usr/local/rvm/gems/ruby-1.9.3-p194/gems/activerecord-3.2.8/lib/active_record/fixtures.rb:476:in `create_fixtures'
    /usr/local/rvm/gems/ruby-1.9.3-p194/gems/activerecord-3.2.8/lib/active_record/fixtures.rb:895:in `load_fixtures'
    /usr/local/rvm/gems/ruby-1.9.3-p194/gems/activerecord-3.2.8/lib/active_record/fixtures.rb:849:in `setup_fixtures'
    /usr/local/rvm/gems/ruby-1.9.3-p194/gems/activesupport-3.2.8/lib/active_support/callbacks.rb:429:in `_run__390189742__setup__519680055__callbacks'
    /usr/local/rvm/gems/ruby-1.9.3-p194/gems/activesupport-3.2.8/lib/active_support/callbacks.rb:405:in `__run_callback'
    /usr/local/rvm/gems/ruby-1.9.3-p194/gems/activesupport-3.2.8/lib/active_support/callbacks.rb:385:in `_run_setup_callbacks'
    /usr/local/rvm/gems/ruby-1.9.3-p194/gems/activesupport-3.2.8/lib/active_support/callbacks.rb:81:in `run_callbacks'
    /usr/local/rvm/gems/ruby-1.9.3-p194/gems/activesupport-3.2.8/lib/active_support/testing/setup_and_teardown.rb:35:in `run'

  5) Error:
test_should_get_new(MicropostsControllerTest):
ActiveRecord::StatementInvalid: Could not find table 'users'
    /usr/local/rvm/gems/ruby-1.9.3-p194/gems/activerecord-3.2.8/lib/active_record/connection_adapters/sqlite_adapter.rb:472:in `table_structure'
    /usr/local/rvm/gems/ruby-1.9.3-p194/gems/activerecord-3.2.8/lib/active_record/connection_adapters/sqlite_adapter.rb:346:in `columns'
    /usr/local/rvm/gems/ruby-1.9.3-p194/gems/activerecord-3.2.8/lib/active_record/fixtures.rb:660:in `column_names'
    /usr/local/rvm/gems/ruby-1.9.3-p194/gems/activerecord-3.2.8/lib/active_record/fixtures.rb:652:in `timestamp_column_names'
    /usr/local/rvm/gems/ruby-1.9.3-p194/gems/activerecord-3.2.8/lib/active_record/fixtures.rb:585:in `block in table_rows'
    /usr/local/rvm/gems/ruby-1.9.3-p194/gems/activerecord-3.2.8/lib/active_record/fixtures.rb:579:in `each'
    /usr/local/rvm/gems/ruby-1.9.3-p194/gems/activerecord-3.2.8/lib/active_record/fixtures.rb:579:in `map'
    /usr/local/rvm/gems/ruby-1.9.3-p194/gems/activerecord-3.2.8/lib/active_record/fixtures.rb:579:in `table_rows'
    /usr/local/rvm/gems/ruby-1.9.3-p194/gems/activerecord-3.2.8/lib/active_record/fixtures.rb:494:in `block (3 levels) in create_fixtures'
    /usr/local/rvm/gems/ruby-1.9.3-p194/gems/activerecord-3.2.8/lib/active_record/fixtures.rb:492:in `each'
    /usr/local/rvm/gems/ruby-1.9.3-p194/gems/activerecord-3.2.8/lib/active_record/fixtures.rb:492:in `block (2 levels) in create_fixtures'
    /usr/local/rvm/gems/ruby-1.9.3-p194/gems/activerecord-3.2.8/lib/active_record/connection_adapters/abstract/database_statements.rb:192:in `transaction'
    /usr/local/rvm/gems/ruby-1.9.3-p194/gems/activerecord-3.2.8/lib/active_record/fixtures.rb:491:in `block in create_fixtures'
    /usr/local/rvm/gems/ruby-1.9.3-p194/gems/activerecord-3.2.8/lib/active_record/connection_adapters/abstract_adapter.rb:168:in `disable_referential_integrity'
    /usr/local/rvm/gems/ruby-1.9.3-p194/gems/activerecord-3.2.8/lib/active_record/fixtures.rb:476:in `create_fixtures'
    /usr/local/rvm/gems/ruby-1.9.3-p194/gems/activerecord-3.2.8/lib/active_record/fixtures.rb:895:in `load_fixtures'
    /usr/local/rvm/gems/ruby-1.9.3-p194/gems/activerecord-3.2.8/lib/active_record/fixtures.rb:849:in `setup_fixtures'
    /usr/local/rvm/gems/ruby-1.9.3-p194/gems/activesupport-3.2.8/lib/active_support/callbacks.rb:429:in `_run__390189742__setup__519680055__callbacks'
    /usr/local/rvm/gems/ruby-1.9.3-p194/gems/activesupport-3.2.8/lib/active_support/callbacks.rb:405:in `__run_callback'
    /usr/local/rvm/gems/ruby-1.9.3-p194/gems/activesupport-3.2.8/lib/active_support/callbacks.rb:385:in `_run_setup_callbacks'
    /usr/local/rvm/gems/ruby-1.9.3-p194/gems/activesupport-3.2.8/lib/active_support/callbacks.rb:81:in `run_callbacks'
    /usr/local/rvm/gems/ruby-1.9.3-p194/gems/activesupport-3.2.8/lib/active_support/testing/setup_and_teardown.rb:35:in `run'

  6) Error:
test_should_show_micropost(MicropostsControllerTest):
ActiveRecord::StatementInvalid: Could not find table 'users'
    /usr/local/rvm/gems/ruby-1.9.3-p194/gems/activerecord-3.2.8/lib/active_record/connection_adapters/sqlite_adapter.rb:472:in `table_structure'
    /usr/local/rvm/gems/ruby-1.9.3-p194/gems/activerecord-3.2.8/lib/active_record/connection_adapters/sqlite_adapter.rb:346:in `columns'
    /usr/local/rvm/gems/ruby-1.9.3-p194/gems/activerecord-3.2.8/lib/active_record/fixtures.rb:660:in `column_names'
    /usr/local/rvm/gems/ruby-1.9.3-p194/gems/activerecord-3.2.8/lib/active_record/fixtures.rb:652:in `timestamp_column_names'
    /usr/local/rvm/gems/ruby-1.9.3-p194/gems/activerecord-3.2.8/lib/active_record/fixtures.rb:585:in `block in table_rows'
    /usr/local/rvm/gems/ruby-1.9.3-p194/gems/activerecord-3.2.8/lib/active_record/fixtures.rb:579:in `each'
    /usr/local/rvm/gems/ruby-1.9.3-p194/gems/activerecord-3.2.8/lib/active_record/fixtures.rb:579:in `map'
    /usr/local/rvm/gems/ruby-1.9.3-p194/gems/activerecord-3.2.8/lib/active_record/fixtures.rb:579:in `table_rows'
    /usr/local/rvm/gems/ruby-1.9.3-p194/gems/activerecord-3.2.8/lib/active_record/fixtures.rb:494:in `block (3 levels) in create_fixtures'
    /usr/local/rvm/gems/ruby-1.9.3-p194/gems/activerecord-3.2.8/lib/active_record/fixtures.rb:492:in `each'
    /usr/local/rvm/gems/ruby-1.9.3-p194/gems/activerecord-3.2.8/lib/active_record/fixtures.rb:492:in `block (2 levels) in create_fixtures'
    /usr/local/rvm/gems/ruby-1.9.3-p194/gems/activerecord-3.2.8/lib/active_record/connection_adapters/abstract/database_statements.rb:192:in `transaction'
    /usr/local/rvm/gems/ruby-1.9.3-p194/gems/activerecord-3.2.8/lib/active_record/fixtures.rb:491:in `block in create_fixtures'
    /usr/local/rvm/gems/ruby-1.9.3-p194/gems/activerecord-3.2.8/lib/active_record/connection_adapters/abstract_adapter.rb:168:in `disable_referential_integrity'
    /usr/local/rvm/gems/ruby-1.9.3-p194/gems/activerecord-3.2.8/lib/active_record/fixtures.rb:476:in `create_fixtures'
    /usr/local/rvm/gems/ruby-1.9.3-p194/gems/activerecord-3.2.8/lib/active_record/fixtures.rb:895:in `load_fixtures'
    /usr/local/rvm/gems/ruby-1.9.3-p194/gems/activerecord-3.2.8/lib/active_record/fixtures.rb:849:in `setup_fixtures'
    /usr/local/rvm/gems/ruby-1.9.3-p194/gems/activesupport-3.2.8/lib/active_support/callbacks.rb:429:in `_run__390189742__setup__519680055__callbacks'
    /usr/local/rvm/gems/ruby-1.9.3-p194/gems/activesupport-3.2.8/lib/active_support/callbacks.rb:405:in `__run_callback'
    /usr/local/rvm/gems/ruby-1.9.3-p194/gems/activesupport-3.2.8/lib/active_support/callbacks.rb:385:in `_run_setup_callbacks'
    /usr/local/rvm/gems/ruby-1.9.3-p194/gems/activesupport-3.2.8/lib/active_support/callbacks.rb:81:in `run_callbacks'
    /usr/local/rvm/gems/ruby-1.9.3-p194/gems/activesupport-3.2.8/lib/active_support/testing/setup_and_teardown.rb:35:in `run'

  7) Error:
test_should_update_micropost(MicropostsControllerTest):
ActiveRecord::StatementInvalid: Could not find table 'users'
    /usr/local/rvm/gems/ruby-1.9.3-p194/gems/activerecord-3.2.8/lib/active_record/connection_adapters/sqlite_adapter.rb:472:in `table_structure'
    /usr/local/rvm/gems/ruby-1.9.3-p194/gems/activerecord-3.2.8/lib/active_record/connection_adapters/sqlite_adapter.rb:346:in `columns'
    /usr/local/rvm/gems/ruby-1.9.3-p194/gems/activerecord-3.2.8/lib/active_record/fixtures.rb:660:in `column_names'
    /usr/local/rvm/gems/ruby-1.9.3-p194/gems/activerecord-3.2.8/lib/active_record/fixtures.rb:652:in `timestamp_column_names'
    /usr/local/rvm/gems/ruby-1.9.3-p194/gems/activerecord-3.2.8/lib/active_record/fixtures.rb:585:in `block in table_rows'
    /usr/local/rvm/gems/ruby-1.9.3-p194/gems/activerecord-3.2.8/lib/active_record/fixtures.rb:579:in `each'
    /usr/local/rvm/gems/ruby-1.9.3-p194/gems/activerecord-3.2.8/lib/active_record/fixtures.rb:579:in `map'
    /usr/local/rvm/gems/ruby-1.9.3-p194/gems/activerecord-3.2.8/lib/active_record/fixtures.rb:579:in `table_rows'
    /usr/local/rvm/gems/ruby-1.9.3-p194/gems/activerecord-3.2.8/lib/active_record/fixtures.rb:494:in `block (3 levels) in create_fixtures'
    /usr/local/rvm/gems/ruby-1.9.3-p194/gems/activerecord-3.2.8/lib/active_record/fixtures.rb:492:in `each'
    /usr/local/rvm/gems/ruby-1.9.3-p194/gems/activerecord-3.2.8/lib/active_record/fixtures.rb:492:in `block (2 levels) in create_fixtures'
    /usr/local/rvm/gems/ruby-1.9.3-p194/gems/activerecord-3.2.8/lib/active_record/connection_adapters/abstract/database_statements.rb:192:in `transaction'
    /usr/local/rvm/gems/ruby-1.9.3-p194/gems/activerecord-3.2.8/lib/active_record/fixtures.rb:491:in `block in create_fixtures'
    /usr/local/rvm/gems/ruby-1.9.3-p194/gems/activerecord-3.2.8/lib/active_record/connection_adapters/abstract_adapter.rb:168:in `disable_referential_integrity'
    /usr/local/rvm/gems/ruby-1.9.3-p194/gems/activerecord-3.2.8/lib/active_record/fixtures.rb:476:in `create_fixtures'
    /usr/local/rvm/gems/ruby-1.9.3-p194/gems/activerecord-3.2.8/lib/active_record/fixtures.rb:895:in `load_fixtures'
    /usr/local/rvm/gems/ruby-1.9.3-p194/gems/activerecord-3.2.8/lib/active_record/fixtures.rb:849:in `setup_fixtures'
    /usr/local/rvm/gems/ruby-1.9.3-p194/gems/activesupport-3.2.8/lib/active_support/callbacks.rb:429:in `_run__390189742__setup__519680055__callbacks'
    /usr/local/rvm/gems/ruby-1.9.3-p194/gems/activesupport-3.2.8/lib/active_support/callbacks.rb:405:in `__run_callback'
    /usr/local/rvm/gems/ruby-1.9.3-p194/gems/activesupport-3.2.8/lib/active_support/callbacks.rb:385:in `_run_setup_callbacks'
    /usr/local/rvm/gems/ruby-1.9.3-p194/gems/activesupport-3.2.8/lib/active_support/callbacks.rb:81:in `run_callbacks'
    /usr/local/rvm/gems/ruby-1.9.3-p194/gems/activesupport-3.2.8/lib/active_support/testing/setup_and_teardown.rb:35:in `run'

7 tests, 0 assertions, 0 failures, 7 errors, 0 skips
Run options: -n "/^(test_should_create_user|test_should_destroy_user|test_should_get_edit|test_should_get_index|test_should_get_new|test_should_show_user|test_should_update_user)$/"

# Running tests:

EEEEEEE

Finished tests in 0.103909s, 67.3666 tests/s, 0.0000 assertions/s.

  1) Error:
test_should_create_user(UsersControllerTest):
ActiveRecord::StatementInvalid: Could not find table 'users'
    /usr/local/rvm/gems/ruby-1.9.3-p194/gems/activerecord-3.2.8/lib/active_record/connection_adapters/sqlite_adapter.rb:472:in `table_structure'
    /usr/local/rvm/gems/ruby-1.9.3-p194/gems/activerecord-3.2.8/lib/active_record/connection_adapters/sqlite_adapter.rb:346:in `columns'
    /usr/local/rvm/gems/ruby-1.9.3-p194/gems/activerecord-3.2.8/lib/active_record/fixtures.rb:660:in `column_names'
    /usr/local/rvm/gems/ruby-1.9.3-p194/gems/activerecord-3.2.8/lib/active_record/fixtures.rb:652:in `timestamp_column_names'
    /usr/local/rvm/gems/ruby-1.9.3-p194/gems/activerecord-3.2.8/lib/active_record/fixtures.rb:585:in `block in table_rows'
    /usr/local/rvm/gems/ruby-1.9.3-p194/gems/activerecord-3.2.8/lib/active_record/fixtures.rb:579:in `each'
    /usr/local/rvm/gems/ruby-1.9.3-p194/gems/activerecord-3.2.8/lib/active_record/fixtures.rb:579:in `map'
    /usr/local/rvm/gems/ruby-1.9.3-p194/gems/activerecord-3.2.8/lib/active_record/fixtures.rb:579:in `table_rows'
    /usr/local/rvm/gems/ruby-1.9.3-p194/gems/activerecord-3.2.8/lib/active_record/fixtures.rb:494:in `block (3 levels) in create_fixtures'
    /usr/local/rvm/gems/ruby-1.9.3-p194/gems/activerecord-3.2.8/lib/active_record/fixtures.rb:492:in `each'
    /usr/local/rvm/gems/ruby-1.9.3-p194/gems/activerecord-3.2.8/lib/active_record/fixtures.rb:492:in `block (2 levels) in create_fixtures'
    /usr/local/rvm/gems/ruby-1.9.3-p194/gems/activerecord-3.2.8/lib/active_record/connection_adapters/abstract/database_statements.rb:192:in `transaction'
    /usr/local/rvm/gems/ruby-1.9.3-p194/gems/activerecord-3.2.8/lib/active_record/fixtures.rb:491:in `block in create_fixtures'
    /usr/local/rvm/gems/ruby-1.9.3-p194/gems/activerecord-3.2.8/lib/active_record/connection_adapters/abstract_adapter.rb:168:in `disable_referential_integrity'
    /usr/local/rvm/gems/ruby-1.9.3-p194/gems/activerecord-3.2.8/lib/active_record/fixtures.rb:476:in `create_fixtures'
    /usr/local/rvm/gems/ruby-1.9.3-p194/gems/activerecord-3.2.8/lib/active_record/fixtures.rb:895:in `load_fixtures'
    /usr/local/rvm/gems/ruby-1.9.3-p194/gems/activerecord-3.2.8/lib/active_record/fixtures.rb:849:in `setup_fixtures'
    /usr/local/rvm/gems/ruby-1.9.3-p194/gems/activesupport-3.2.8/lib/active_support/callbacks.rb:429:in `_run__761392410__setup__399392923__callbacks'
    /usr/local/rvm/gems/ruby-1.9.3-p194/gems/activesupport-3.2.8/lib/active_support/callbacks.rb:405:in `__run_callback'
    /usr/local/rvm/gems/ruby-1.9.3-p194/gems/activesupport-3.2.8/lib/active_support/callbacks.rb:385:in `_run_setup_callbacks'
    /usr/local/rvm/gems/ruby-1.9.3-p194/gems/activesupport-3.2.8/lib/active_support/callbacks.rb:81:in `run_callbacks'
    /usr/local/rvm/gems/ruby-1.9.3-p194/gems/activesupport-3.2.8/lib/active_support/testing/setup_and_teardown.rb:35:in `run'

  2) Error:
test_should_destroy_user(UsersControllerTest):
ActiveRecord::StatementInvalid: Could not find table 'users'
    /usr/local/rvm/gems/ruby-1.9.3-p194/gems/activerecord-3.2.8/lib/active_record/connection_adapters/sqlite_adapter.rb:472:in `table_structure'
    /usr/local/rvm/gems/ruby-1.9.3-p194/gems/activerecord-3.2.8/lib/active_record/connection_adapters/sqlite_adapter.rb:346:in `columns'
    /usr/local/rvm/gems/ruby-1.9.3-p194/gems/activerecord-3.2.8/lib/active_record/fixtures.rb:660:in `column_names'
    /usr/local/rvm/gems/ruby-1.9.3-p194/gems/activerecord-3.2.8/lib/active_record/fixtures.rb:652:in `timestamp_column_names'
    /usr/local/rvm/gems/ruby-1.9.3-p194/gems/activerecord-3.2.8/lib/active_record/fixtures.rb:585:in `block in table_rows'
    /usr/local/rvm/gems/ruby-1.9.3-p194/gems/activerecord-3.2.8/lib/active_record/fixtures.rb:579:in `each'
    /usr/local/rvm/gems/ruby-1.9.3-p194/gems/activerecord-3.2.8/lib/active_record/fixtures.rb:579:in `map'
    /usr/local/rvm/gems/ruby-1.9.3-p194/gems/activerecord-3.2.8/lib/active_record/fixtures.rb:579:in `table_rows'
    /usr/local/rvm/gems/ruby-1.9.3-p194/gems/activerecord-3.2.8/lib/active_record/fixtures.rb:494:in `block (3 levels) in create_fixtures'
    /usr/local/rvm/gems/ruby-1.9.3-p194/gems/activerecord-3.2.8/lib/active_record/fixtures.rb:492:in `each'
    /usr/local/rvm/gems/ruby-1.9.3-p194/gems/activerecord-3.2.8/lib/active_record/fixtures.rb:492:in `block (2 levels) in create_fixtures'
    /usr/local/rvm/gems/ruby-1.9.3-p194/gems/activerecord-3.2.8/lib/active_record/connection_adapters/abstract/database_statements.rb:192:in `transaction'
    /usr/local/rvm/gems/ruby-1.9.3-p194/gems/activerecord-3.2.8/lib/active_record/fixtures.rb:491:in `block in create_fixtures'
    /usr/local/rvm/gems/ruby-1.9.3-p194/gems/activerecord-3.2.8/lib/active_record/connection_adapters/abstract_adapter.rb:168:in `disable_referential_integrity'
    /usr/local/rvm/gems/ruby-1.9.3-p194/gems/activerecord-3.2.8/lib/active_record/fixtures.rb:476:in `create_fixtures'
    /usr/local/rvm/gems/ruby-1.9.3-p194/gems/activerecord-3.2.8/lib/active_record/fixtures.rb:895:in `load_fixtures'
    /usr/local/rvm/gems/ruby-1.9.3-p194/gems/activerecord-3.2.8/lib/active_record/fixtures.rb:849:in `setup_fixtures'
    /usr/local/rvm/gems/ruby-1.9.3-p194/gems/activesupport-3.2.8/lib/active_support/callbacks.rb:429:in `_run__761392410__setup__399392923__callbacks'
    /usr/local/rvm/gems/ruby-1.9.3-p194/gems/activesupport-3.2.8/lib/active_support/callbacks.rb:405:in `__run_callback'
    /usr/local/rvm/gems/ruby-1.9.3-p194/gems/activesupport-3.2.8/lib/active_support/callbacks.rb:385:in `_run_setup_callbacks'
    /usr/local/rvm/gems/ruby-1.9.3-p194/gems/activesupport-3.2.8/lib/active_support/callbacks.rb:81:in `run_callbacks'
    /usr/local/rvm/gems/ruby-1.9.3-p194/gems/activesupport-3.2.8/lib/active_support/testing/setup_and_teardown.rb:35:in `run'

  3) Error:
test_should_get_edit(UsersControllerTest):
ActiveRecord::StatementInvalid: Could not find table 'users'
    /usr/local/rvm/gems/ruby-1.9.3-p194/gems/activerecord-3.2.8/lib/active_record/connection_adapters/sqlite_adapter.rb:472:in `table_structure'
    /usr/local/rvm/gems/ruby-1.9.3-p194/gems/activerecord-3.2.8/lib/active_record/connection_adapters/sqlite_adapter.rb:346:in `columns'
    /usr/local/rvm/gems/ruby-1.9.3-p194/gems/activerecord-3.2.8/lib/active_record/fixtures.rb:660:in `column_names'
    /usr/local/rvm/gems/ruby-1.9.3-p194/gems/activerecord-3.2.8/lib/active_record/fixtures.rb:652:in `timestamp_column_names'
    /usr/local/rvm/gems/ruby-1.9.3-p194/gems/activerecord-3.2.8/lib/active_record/fixtures.rb:585:in `block in table_rows'
    /usr/local/rvm/gems/ruby-1.9.3-p194/gems/activerecord-3.2.8/lib/active_record/fixtures.rb:579:in `each'
    /usr/local/rvm/gems/ruby-1.9.3-p194/gems/activerecord-3.2.8/lib/active_record/fixtures.rb:579:in `map'
    /usr/local/rvm/gems/ruby-1.9.3-p194/gems/activerecord-3.2.8/lib/active_record/fixtures.rb:579:in `table_rows'
    /usr/local/rvm/gems/ruby-1.9.3-p194/gems/activerecord-3.2.8/lib/active_record/fixtures.rb:494:in `block (3 levels) in create_fixtures'
    /usr/local/rvm/gems/ruby-1.9.3-p194/gems/activerecord-3.2.8/lib/active_record/fixtures.rb:492:in `each'
    /usr/local/rvm/gems/ruby-1.9.3-p194/gems/activerecord-3.2.8/lib/active_record/fixtures.rb:492:in `block (2 levels) in create_fixtures'
    /usr/local/rvm/gems/ruby-1.9.3-p194/gems/activerecord-3.2.8/lib/active_record/connection_adapters/abstract/database_statements.rb:192:in `transaction'
    /usr/local/rvm/gems/ruby-1.9.3-p194/gems/activerecord-3.2.8/lib/active_record/fixtures.rb:491:in `block in create_fixtures'
    /usr/local/rvm/gems/ruby-1.9.3-p194/gems/activerecord-3.2.8/lib/active_record/connection_adapters/abstract_adapter.rb:168:in `disable_referential_integrity'
    /usr/local/rvm/gems/ruby-1.9.3-p194/gems/activerecord-3.2.8/lib/active_record/fixtures.rb:476:in `create_fixtures'
    /usr/local/rvm/gems/ruby-1.9.3-p194/gems/activerecord-3.2.8/lib/active_record/fixtures.rb:895:in `load_fixtures'
    /usr/local/rvm/gems/ruby-1.9.3-p194/gems/activerecord-3.2.8/lib/active_record/fixtures.rb:849:in `setup_fixtures'
    /usr/local/rvm/gems/ruby-1.9.3-p194/gems/activesupport-3.2.8/lib/active_support/callbacks.rb:429:in `_run__761392410__setup__399392923__callbacks'
    /usr/local/rvm/gems/ruby-1.9.3-p194/gems/activesupport-3.2.8/lib/active_support/callbacks.rb:405:in `__run_callback'
    /usr/local/rvm/gems/ruby-1.9.3-p194/gems/activesupport-3.2.8/lib/active_support/callbacks.rb:385:in `_run_setup_callbacks'
    /usr/local/rvm/gems/ruby-1.9.3-p194/gems/activesupport-3.2.8/lib/active_support/callbacks.rb:81:in `run_callbacks'
    /usr/local/rvm/gems/ruby-1.9.3-p194/gems/activesupport-3.2.8/lib/active_support/testing/setup_and_teardown.rb:35:in `run'

  4) Error:
test_should_get_index(UsersControllerTest):
ActiveRecord::StatementInvalid: Could not find table 'users'
    /usr/local/rvm/gems/ruby-1.9.3-p194/gems/activerecord-3.2.8/lib/active_record/connection_adapters/sqlite_adapter.rb:472:in `table_structure'
    /usr/local/rvm/gems/ruby-1.9.3-p194/gems/activerecord-3.2.8/lib/active_record/connection_adapters/sqlite_adapter.rb:346:in `columns'
    /usr/local/rvm/gems/ruby-1.9.3-p194/gems/activerecord-3.2.8/lib/active_record/fixtures.rb:660:in `column_names'
    /usr/local/rvm/gems/ruby-1.9.3-p194/gems/activerecord-3.2.8/lib/active_record/fixtures.rb:652:in `timestamp_column_names'
    /usr/local/rvm/gems/ruby-1.9.3-p194/gems/activerecord-3.2.8/lib/active_record/fixtures.rb:585:in `block in table_rows'
    /usr/local/rvm/gems/ruby-1.9.3-p194/gems/activerecord-3.2.8/lib/active_record/fixtures.rb:579:in `each'
    /usr/local/rvm/gems/ruby-1.9.3-p194/gems/activerecord-3.2.8/lib/active_record/fixtures.rb:579:in `map'
    /usr/local/rvm/gems/ruby-1.9.3-p194/gems/activerecord-3.2.8/lib/active_record/fixtures.rb:579:in `table_rows'
    /usr/local/rvm/gems/ruby-1.9.3-p194/gems/activerecord-3.2.8/lib/active_record/fixtures.rb:494:in `block (3 levels) in create_fixtures'
    /usr/local/rvm/gems/ruby-1.9.3-p194/gems/activerecord-3.2.8/lib/active_record/fixtures.rb:492:in `each'
    /usr/local/rvm/gems/ruby-1.9.3-p194/gems/activerecord-3.2.8/lib/active_record/fixtures.rb:492:in `block (2 levels) in create_fixtures'
    /usr/local/rvm/gems/ruby-1.9.3-p194/gems/activerecord-3.2.8/lib/active_record/connection_adapters/abstract/database_statements.rb:192:in `transaction'
    /usr/local/rvm/gems/ruby-1.9.3-p194/gems/activerecord-3.2.8/lib/active_record/fixtures.rb:491:in `block in create_fixtures'
    /usr/local/rvm/gems/ruby-1.9.3-p194/gems/activerecord-3.2.8/lib/active_record/connection_adapters/abstract_adapter.rb:168:in `disable_referential_integrity'
    /usr/local/rvm/gems/ruby-1.9.3-p194/gems/activerecord-3.2.8/lib/active_record/fixtures.rb:476:in `create_fixtures'
    /usr/local/rvm/gems/ruby-1.9.3-p194/gems/activerecord-3.2.8/lib/active_record/fixtures.rb:895:in `load_fixtures'
    /usr/local/rvm/gems/ruby-1.9.3-p194/gems/activerecord-3.2.8/lib/active_record/fixtures.rb:849:in `setup_fixtures'
    /usr/local/rvm/gems/ruby-1.9.3-p194/gems/activesupport-3.2.8/lib/active_support/callbacks.rb:429:in `_run__761392410__setup__399392923__callbacks'
    /usr/local/rvm/gems/ruby-1.9.3-p194/gems/activesupport-3.2.8/lib/active_support/callbacks.rb:405:in `__run_callback'
    /usr/local/rvm/gems/ruby-1.9.3-p194/gems/activesupport-3.2.8/lib/active_support/callbacks.rb:385:in `_run_setup_callbacks'
    /usr/local/rvm/gems/ruby-1.9.3-p194/gems/activesupport-3.2.8/lib/active_support/callbacks.rb:81:in `run_callbacks'
    /usr/local/rvm/gems/ruby-1.9.3-p194/gems/activesupport-3.2.8/lib/active_support/testing/setup_and_teardown.rb:35:in `run'

  5) Error:
test_should_get_new(UsersControllerTest):
ActiveRecord::StatementInvalid: Could not find table 'users'
    /usr/local/rvm/gems/ruby-1.9.3-p194/gems/activerecord-3.2.8/lib/active_record/connection_adapters/sqlite_adapter.rb:472:in `table_structure'
    /usr/local/rvm/gems/ruby-1.9.3-p194/gems/activerecord-3.2.8/lib/active_record/connection_adapters/sqlite_adapter.rb:346:in `columns'
    /usr/local/rvm/gems/ruby-1.9.3-p194/gems/activerecord-3.2.8/lib/active_record/fixtures.rb:660:in `column_names'
    /usr/local/rvm/gems/ruby-1.9.3-p194/gems/activerecord-3.2.8/lib/active_record/fixtures.rb:652:in `timestamp_column_names'
    /usr/local/rvm/gems/ruby-1.9.3-p194/gems/activerecord-3.2.8/lib/active_record/fixtures.rb:585:in `block in table_rows'
    /usr/local/rvm/gems/ruby-1.9.3-p194/gems/activerecord-3.2.8/lib/active_record/fixtures.rb:579:in `each'
    /usr/local/rvm/gems/ruby-1.9.3-p194/gems/activerecord-3.2.8/lib/active_record/fixtures.rb:579:in `map'
    /usr/local/rvm/gems/ruby-1.9.3-p194/gems/activerecord-3.2.8/lib/active_record/fixtures.rb:579:in `table_rows'
    /usr/local/rvm/gems/ruby-1.9.3-p194/gems/activerecord-3.2.8/lib/active_record/fixtures.rb:494:in `block (3 levels) in create_fixtures'
    /usr/local/rvm/gems/ruby-1.9.3-p194/gems/activerecord-3.2.8/lib/active_record/fixtures.rb:492:in `each'
    /usr/local/rvm/gems/ruby-1.9.3-p194/gems/activerecord-3.2.8/lib/active_record/fixtures.rb:492:in `block (2 levels) in create_fixtures'
    /usr/local/rvm/gems/ruby-1.9.3-p194/gems/activerecord-3.2.8/lib/active_record/connection_adapters/abstract/database_statements.rb:192:in `transaction'
    /usr/local/rvm/gems/ruby-1.9.3-p194/gems/activerecord-3.2.8/lib/active_record/fixtures.rb:491:in `block in create_fixtures'
    /usr/local/rvm/gems/ruby-1.9.3-p194/gems/activerecord-3.2.8/lib/active_record/connection_adapters/abstract_adapter.rb:168:in `disable_referential_integrity'
    /usr/local/rvm/gems/ruby-1.9.3-p194/gems/activerecord-3.2.8/lib/active_record/fixtures.rb:476:in `create_fixtures'
    /usr/local/rvm/gems/ruby-1.9.3-p194/gems/activerecord-3.2.8/lib/active_record/fixtures.rb:895:in `load_fixtures'
    /usr/local/rvm/gems/ruby-1.9.3-p194/gems/activerecord-3.2.8/lib/active_record/fixtures.rb:849:in `setup_fixtures'
    /usr/local/rvm/gems/ruby-1.9.3-p194/gems/activesupport-3.2.8/lib/active_support/callbacks.rb:429:in `_run__761392410__setup__399392923__callbacks'
    /usr/local/rvm/gems/ruby-1.9.3-p194/gems/activesupport-3.2.8/lib/active_support/callbacks.rb:405:in `__run_callback'
    /usr/local/rvm/gems/ruby-1.9.3-p194/gems/activesupport-3.2.8/lib/active_support/callbacks.rb:385:in `_run_setup_callbacks'
    /usr/local/rvm/gems/ruby-1.9.3-p194/gems/activesupport-3.2.8/lib/active_support/callbacks.rb:81:in `run_callbacks'
    /usr/local/rvm/gems/ruby-1.9.3-p194/gems/activesupport-3.2.8/lib/active_support/testing/setup_and_teardown.rb:35:in `run'

  6) Error:
test_should_show_user(UsersControllerTest):
ActiveRecord::StatementInvalid: Could not find table 'users'
    /usr/local/rvm/gems/ruby-1.9.3-p194/gems/activerecord-3.2.8/lib/active_record/connection_adapters/sqlite_adapter.rb:472:in `table_structure'
    /usr/local/rvm/gems/ruby-1.9.3-p194/gems/activerecord-3.2.8/lib/active_record/connection_adapters/sqlite_adapter.rb:346:in `columns'
    /usr/local/rvm/gems/ruby-1.9.3-p194/gems/activerecord-3.2.8/lib/active_record/fixtures.rb:660:in `column_names'
    /usr/local/rvm/gems/ruby-1.9.3-p194/gems/activerecord-3.2.8/lib/active_record/fixtures.rb:652:in `timestamp_column_names'
    /usr/local/rvm/gems/ruby-1.9.3-p194/gems/activerecord-3.2.8/lib/active_record/fixtures.rb:585:in `block in table_rows'
    /usr/local/rvm/gems/ruby-1.9.3-p194/gems/activerecord-3.2.8/lib/active_record/fixtures.rb:579:in `each'
    /usr/local/rvm/gems/ruby-1.9.3-p194/gems/activerecord-3.2.8/lib/active_record/fixtures.rb:579:in `map'
    /usr/local/rvm/gems/ruby-1.9.3-p194/gems/activerecord-3.2.8/lib/active_record/fixtures.rb:579:in `table_rows'
    /usr/local/rvm/gems/ruby-1.9.3-p194/gems/activerecord-3.2.8/lib/active_record/fixtures.rb:494:in `block (3 levels) in create_fixtures'
    /usr/local/rvm/gems/ruby-1.9.3-p194/gems/activerecord-3.2.8/lib/active_record/fixtures.rb:492:in `each'
    /usr/local/rvm/gems/ruby-1.9.3-p194/gems/activerecord-3.2.8/lib/active_record/fixtures.rb:492:in `block (2 levels) in create_fixtures'
    /usr/local/rvm/gems/ruby-1.9.3-p194/gems/activerecord-3.2.8/lib/active_record/connection_adapters/abstract/database_statements.rb:192:in `transaction'
    /usr/local/rvm/gems/ruby-1.9.3-p194/gems/activerecord-3.2.8/lib/active_record/fixtures.rb:491:in `block in create_fixtures'
    /usr/local/rvm/gems/ruby-1.9.3-p194/gems/activerecord-3.2.8/lib/active_record/connection_adapters/abstract_adapter.rb:168:in `disable_referential_integrity'
    /usr/local/rvm/gems/ruby-1.9.3-p194/gems/activerecord-3.2.8/lib/active_record/fixtures.rb:476:in `create_fixtures'
    /usr/local/rvm/gems/ruby-1.9.3-p194/gems/activerecord-3.2.8/lib/active_record/fixtures.rb:895:in `load_fixtures'
    /usr/local/rvm/gems/ruby-1.9.3-p194/gems/activerecord-3.2.8/lib/active_record/fixtures.rb:849:in `setup_fixtures'
    /usr/local/rvm/gems/ruby-1.9.3-p194/gems/activesupport-3.2.8/lib/active_support/callbacks.rb:429:in `_run__761392410__setup__399392923__callbacks'
    /usr/local/rvm/gems/ruby-1.9.3-p194/gems/activesupport-3.2.8/lib/active_support/callbacks.rb:405:in `__run_callback'
    /usr/local/rvm/gems/ruby-1.9.3-p194/gems/activesupport-3.2.8/lib/active_support/callbacks.rb:385:in `_run_setup_callbacks'
    /usr/local/rvm/gems/ruby-1.9.3-p194/gems/activesupport-3.2.8/lib/active_support/callbacks.rb:81:in `run_callbacks'
    /usr/local/rvm/gems/ruby-1.9.3-p194/gems/activesupport-3.2.8/lib/active_support/testing/setup_and_teardown.rb:35:in `run'

  7) Error:
test_should_update_user(UsersControllerTest):
ActiveRecord::StatementInvalid: Could not find table 'users'
    /usr/local/rvm/gems/ruby-1.9.3-p194/gems/activerecord-3.2.8/lib/active_record/connection_adapters/sqlite_adapter.rb:472:in `table_structure'
    /usr/local/rvm/gems/ruby-1.9.3-p194/gems/activerecord-3.2.8/lib/active_record/connection_adapters/sqlite_adapter.rb:346:in `columns'
    /usr/local/rvm/gems/ruby-1.9.3-p194/gems/activerecord-3.2.8/lib/active_record/fixtures.rb:660:in `column_names'
    /usr/local/rvm/gems/ruby-1.9.3-p194/gems/activerecord-3.2.8/lib/active_record/fixtures.rb:652:in `timestamp_column_names'
    /usr/local/rvm/gems/ruby-1.9.3-p194/gems/activerecord-3.2.8/lib/active_record/fixtures.rb:585:in `block in table_rows'
    /usr/local/rvm/gems/ruby-1.9.3-p194/gems/activerecord-3.2.8/lib/active_record/fixtures.rb:579:in `each'
    /usr/local/rvm/gems/ruby-1.9.3-p194/gems/activerecord-3.2.8/lib/active_record/fixtures.rb:579:in `map'
    /usr/local/rvm/gems/ruby-1.9.3-p194/gems/activerecord-3.2.8/lib/active_record/fixtures.rb:579:in `table_rows'
    /usr/local/rvm/gems/ruby-1.9.3-p194/gems/activerecord-3.2.8/lib/active_record/fixtures.rb:494:in `block (3 levels) in create_fixtures'
    /usr/local/rvm/gems/ruby-1.9.3-p194/gems/activerecord-3.2.8/lib/active_record/fixtures.rb:492:in `each'
    /usr/local/rvm/gems/ruby-1.9.3-p194/gems/activerecord-3.2.8/lib/active_record/fixtures.rb:492:in `block (2 levels) in create_fixtures'
    /usr/local/rvm/gems/ruby-1.9.3-p194/gems/activerecord-3.2.8/lib/active_record/connection_adapters/abstract/database_statements.rb:192:in `transaction'
    /usr/local/rvm/gems/ruby-1.9.3-p194/gems/activerecord-3.2.8/lib/active_record/fixtures.rb:491:in `block in create_fixtures'
    /usr/local/rvm/gems/ruby-1.9.3-p194/gems/activerecord-3.2.8/lib/active_record/connection_adapters/abstract_adapter.rb:168:in `disable_referential_integrity'
    /usr/local/rvm/gems/ruby-1.9.3-p194/gems/activerecord-3.2.8/lib/active_record/fixtures.rb:476:in `create_fixtures'
    /usr/local/rvm/gems/ruby-1.9.3-p194/gems/activerecord-3.2.8/lib/active_record/fixtures.rb:895:in `load_fixtures'
    /usr/local/rvm/gems/ruby-1.9.3-p194/gems/activerecord-3.2.8/lib/active_record/fixtures.rb:849:in `setup_fixtures'
    /usr/local/rvm/gems/ruby-1.9.3-p194/gems/activesupport-3.2.8/lib/active_support/callbacks.rb:429:in `_run__761392410__setup__399392923__callbacks'
    /usr/local/rvm/gems/ruby-1.9.3-p194/gems/activesupport-3.2.8/lib/active_support/callbacks.rb:405:in `__run_callback'
    /usr/local/rvm/gems/ruby-1.9.3-p194/gems/activesupport-3.2.8/lib/active_support/callbacks.rb:385:in `_run_setup_callbacks'
    /usr/local/rvm/gems/ruby-1.9.3-p194/gems/activesupport-3.2.8/lib/active_support/callbacks.rb:81:in `run_callbacks'
    /usr/local/rvm/gems/ruby-1.9.3-p194/gems/activesupport-3.2.8/lib/active_support/testing/setup_and_teardown.rb:35:in `run'

7 tests, 0 assertions, 0 failures, 7 errors, 0 skips
/usr/local/rvm/rubies/ruby-1.9.3-p194/bin/ruby -I.:lib:test -rubygems test/functional/pages_controller_test.rb -n "/^(test_should_get_contact|test_should_get_home)$/"; /usr/local/rvm/rubies/ruby-1.9.3-p194/bin/ruby -I.:lib:test -rubygems test/functional/microposts_controller_test.rb -n "/^(test_should_create_micropost|test_should_destroy_micropost|test_should_get_edit|test_should_get_index|test_should_get_new|test_should_show_micropost|test_should_update_micropost)$/"; /usr/local/rvm/rubies/ruby-1.9.3-p194/bin/ruby -I.:lib:test -rubygems test/functional/users_controller_test.rb -n "/^(test_should_create_user|test_should_destroy_user|test_should_get_edit|test_should_get_index|test_should_get_new|test_should_show_user|test_should_update_user)$/"
Run options: -n "/^(test_should_get_contact|test_should_get_home)$/"

# Running tests:

EE

Finished tests in 0.044959s, 44.4852 tests/s, 0.0000 assertions/s.

  1) Error:
test_should_get_contact(PagesControllerTest):
ActiveRecord::StatementInvalid: Could not find table 'users'
    /usr/local/rvm/gems/ruby-1.9.3-p194/gems/activerecord-3.2.8/lib/active_record/connection_adapters/sqlite_adapter.rb:472:in `table_structure'
    /usr/local/rvm/gems/ruby-1.9.3-p194/gems/activerecord-3.2.8/lib/active_record/connection_adapters/sqlite_adapter.rb:346:in `columns'
    /usr/local/rvm/gems/ruby-1.9.3-p194/gems/activerecord-3.2.8/lib/active_record/fixtures.rb:660:in `column_names'
    /usr/local/rvm/gems/ruby-1.9.3-p194/gems/activerecord-3.2.8/lib/active_record/fixtures.rb:652:in `timestamp_column_names'
    /usr/local/rvm/gems/ruby-1.9.3-p194/gems/activerecord-3.2.8/lib/active_record/fixtures.rb:585:in `block in table_rows'
    /usr/local/rvm/gems/ruby-1.9.3-p194/gems/activerecord-3.2.8/lib/active_record/fixtures.rb:579:in `each'
    /usr/local/rvm/gems/ruby-1.9.3-p194/gems/activerecord-3.2.8/lib/active_record/fixtures.rb:579:in `map'
    /usr/local/rvm/gems/ruby-1.9.3-p194/gems/activerecord-3.2.8/lib/active_record/fixtures.rb:579:in `table_rows'
    /usr/local/rvm/gems/ruby-1.9.3-p194/gems/activerecord-3.2.8/lib/active_record/fixtures.rb:494:in `block (3 levels) in create_fixtures'
    /usr/local/rvm/gems/ruby-1.9.3-p194/gems/activerecord-3.2.8/lib/active_record/fixtures.rb:492:in `each'
    /usr/local/rvm/gems/ruby-1.9.3-p194/gems/activerecord-3.2.8/lib/active_record/fixtures.rb:492:in `block (2 levels) in create_fixtures'
    /usr/local/rvm/gems/ruby-1.9.3-p194/gems/activerecord-3.2.8/lib/active_record/connection_adapters/abstract/database_statements.rb:192:in `transaction'
    /usr/local/rvm/gems/ruby-1.9.3-p194/gems/activerecord-3.2.8/lib/active_record/fixtures.rb:491:in `block in create_fixtures'
    /usr/local/rvm/gems/ruby-1.9.3-p194/gems/activerecord-3.2.8/lib/active_record/connection_adapters/abstract_adapter.rb:168:in `disable_referential_integrity'
    /usr/local/rvm/gems/ruby-1.9.3-p194/gems/activerecord-3.2.8/lib/active_record/fixtures.rb:476:in `create_fixtures'
    /usr/local/rvm/gems/ruby-1.9.3-p194/gems/activerecord-3.2.8/lib/active_record/fixtures.rb:895:in `load_fixtures'
    /usr/local/rvm/gems/ruby-1.9.3-p194/gems/activerecord-3.2.8/lib/active_record/fixtures.rb:849:in `setup_fixtures'
    /usr/local/rvm/gems/ruby-1.9.3-p194/gems/activesupport-3.2.8/lib/active_support/callbacks.rb:429:in `_run__779630089__setup__980262037__callbacks'
    /usr/local/rvm/gems/ruby-1.9.3-p194/gems/activesupport-3.2.8/lib/active_support/callbacks.rb:405:in `__run_callback'
    /usr/local/rvm/gems/ruby-1.9.3-p194/gems/activesupport-3.2.8/lib/active_support/callbacks.rb:385:in `_run_setup_callbacks'
    /usr/local/rvm/gems/ruby-1.9.3-p194/gems/activesupport-3.2.8/lib/active_support/callbacks.rb:81:in `run_callbacks'
    /usr/local/rvm/gems/ruby-1.9.3-p194/gems/activesupport-3.2.8/lib/active_support/testing/setup_and_teardown.rb:35:in `run'

  2) Error:
test_should_get_home(PagesControllerTest):
ActiveRecord::StatementInvalid: Could not find table 'users'
    /usr/local/rvm/gems/ruby-1.9.3-p194/gems/activerecord-3.2.8/lib/active_record/connection_adapters/sqlite_adapter.rb:472:in `table_structure'
    /usr/local/rvm/gems/ruby-1.9.3-p194/gems/activerecord-3.2.8/lib/active_record/connection_adapters/sqlite_adapter.rb:346:in `columns'
    /usr/local/rvm/gems/ruby-1.9.3-p194/gems/activerecord-3.2.8/lib/active_record/fixtures.rb:660:in `column_names'
    /usr/local/rvm/gems/ruby-1.9.3-p194/gems/activerecord-3.2.8/lib/active_record/fixtures.rb:652:in `timestamp_column_names'
    /usr/local/rvm/gems/ruby-1.9.3-p194/gems/activerecord-3.2.8/lib/active_record/fixtures.rb:585:in `block in table_rows'
    /usr/local/rvm/gems/ruby-1.9.3-p194/gems/activerecord-3.2.8/lib/active_record/fixtures.rb:579:in `each'
    /usr/local/rvm/gems/ruby-1.9.3-p194/gems/activerecord-3.2.8/lib/active_record/fixtures.rb:579:in `map'
    /usr/local/rvm/gems/ruby-1.9.3-p194/gems/activerecord-3.2.8/lib/active_record/fixtures.rb:579:in `table_rows'
    /usr/local/rvm/gems/ruby-1.9.3-p194/gems/activerecord-3.2.8/lib/active_record/fixtures.rb:494:in `block (3 levels) in create_fixtures'
    /usr/local/rvm/gems/ruby-1.9.3-p194/gems/activerecord-3.2.8/lib/active_record/fixtures.rb:492:in `each'
    /usr/local/rvm/gems/ruby-1.9.3-p194/gems/activerecord-3.2.8/lib/active_record/fixtures.rb:492:in `block (2 levels) in create_fixtures'
    /usr/local/rvm/gems/ruby-1.9.3-p194/gems/activerecord-3.2.8/lib/active_record/connection_adapters/abstract/database_statements.rb:192:in `transaction'
    /usr/local/rvm/gems/ruby-1.9.3-p194/gems/activerecord-3.2.8/lib/active_record/fixtures.rb:491:in `block in create_fixtures'
    /usr/local/rvm/gems/ruby-1.9.3-p194/gems/activerecord-3.2.8/lib/active_record/connection_adapters/abstract_adapter.rb:168:in `disable_referential_integrity'
    /usr/local/rvm/gems/ruby-1.9.3-p194/gems/activerecord-3.2.8/lib/active_record/fixtures.rb:476:in `create_fixtures'
    /usr/local/rvm/gems/ruby-1.9.3-p194/gems/activerecord-3.2.8/lib/active_record/fixtures.rb:895:in `load_fixtures'
    /usr/local/rvm/gems/ruby-1.9.3-p194/gems/activerecord-3.2.8/lib/active_record/fixtures.rb:849:in `setup_fixtures'
    /usr/local/rvm/gems/ruby-1.9.3-p194/gems/activesupport-3.2.8/lib/active_support/callbacks.rb:429:in `_run__779630089__setup__980262037__callbacks'
    /usr/local/rvm/gems/ruby-1.9.3-p194/gems/activesupport-3.2.8/lib/active_support/callbacks.rb:405:in `__run_callback'
    /usr/local/rvm/gems/ruby-1.9.3-p194/gems/activesupport-3.2.8/lib/active_support/callbacks.rb:385:in `_run_setup_callbacks'
    /usr/local/rvm/gems/ruby-1.9.3-p194/gems/activesupport-3.2.8/lib/active_support/callbacks.rb:81:in `run_callbacks'
    /usr/local/rvm/gems/ruby-1.9.3-p194/gems/activesupport-3.2.8/lib/active_support/testing/setup_and_teardown.rb:35:in `run'

2 tests, 0 assertions, 0 failures, 2 errors, 0 skips
Run options: -n "/^(test_should_create_micropost|test_should_destroy_micropost|test_should_get_edit|test_should_get_index|test_should_get_new|test_should_show_micropost|test_should_update_micropost)$/"

# Running tests:

EEEEEEE

Finished tests in 0.117679s, 59.4840 tests/s, 0.0000 assertions/s.

  1) Error:
test_should_create_micropost(MicropostsControllerTest):
ActiveRecord::StatementInvalid: Could not find table 'users'
    /usr/local/rvm/gems/ruby-1.9.3-p194/gems/activerecord-3.2.8/lib/active_record/connection_adapters/sqlite_adapter.rb:472:in `table_structure'
    /usr/local/rvm/gems/ruby-1.9.3-p194/gems/activerecord-3.2.8/lib/active_record/connection_adapters/sqlite_adapter.rb:346:in `columns'
    /usr/local/rvm/gems/ruby-1.9.3-p194/gems/activerecord-3.2.8/lib/active_record/fixtures.rb:660:in `column_names'
    /usr/local/rvm/gems/ruby-1.9.3-p194/gems/activerecord-3.2.8/lib/active_record/fixtures.rb:652:in `timestamp_column_names'
    /usr/local/rvm/gems/ruby-1.9.3-p194/gems/activerecord-3.2.8/lib/active_record/fixtures.rb:585:in `block in table_rows'
    /usr/local/rvm/gems/ruby-1.9.3-p194/gems/activerecord-3.2.8/lib/active_record/fixtures.rb:579:in `each'
    /usr/local/rvm/gems/ruby-1.9.3-p194/gems/activerecord-3.2.8/lib/active_record/fixtures.rb:579:in `map'
    /usr/local/rvm/gems/ruby-1.9.3-p194/gems/activerecord-3.2.8/lib/active_record/fixtures.rb:579:in `table_rows'
    /usr/local/rvm/gems/ruby-1.9.3-p194/gems/activerecord-3.2.8/lib/active_record/fixtures.rb:494:in `block (3 levels) in create_fixtures'
    /usr/local/rvm/gems/ruby-1.9.3-p194/gems/activerecord-3.2.8/lib/active_record/fixtures.rb:492:in `each'
    /usr/local/rvm/gems/ruby-1.9.3-p194/gems/activerecord-3.2.8/lib/active_record/fixtures.rb:492:in `block (2 levels) in create_fixtures'
    /usr/local/rvm/gems/ruby-1.9.3-p194/gems/activerecord-3.2.8/lib/active_record/connection_adapters/abstract/database_statements.rb:192:in `transaction'
    /usr/local/rvm/gems/ruby-1.9.3-p194/gems/activerecord-3.2.8/lib/active_record/fixtures.rb:491:in `block in create_fixtures'
    /usr/local/rvm/gems/ruby-1.9.3-p194/gems/activerecord-3.2.8/lib/active_record/connection_adapters/abstract_adapter.rb:168:in `disable_referential_integrity'
    /usr/local/rvm/gems/ruby-1.9.3-p194/gems/activerecord-3.2.8/lib/active_record/fixtures.rb:476:in `create_fixtures'
    /usr/local/rvm/gems/ruby-1.9.3-p194/gems/activerecord-3.2.8/lib/active_record/fixtures.rb:895:in `load_fixtures'
    /usr/local/rvm/gems/ruby-1.9.3-p194/gems/activerecord-3.2.8/lib/active_record/fixtures.rb:849:in `setup_fixtures'
    /usr/local/rvm/gems/ruby-1.9.3-p194/gems/activesupport-3.2.8/lib/active_support/callbacks.rb:429:in `_run__910159474__setup__184191054__callbacks'
    /usr/local/rvm/gems/ruby-1.9.3-p194/gems/activesupport-3.2.8/lib/active_support/callbacks.rb:405:in `__run_callback'
    /usr/local/rvm/gems/ruby-1.9.3-p194/gems/activesupport-3.2.8/lib/active_support/callbacks.rb:385:in `_run_setup_callbacks'
    /usr/local/rvm/gems/ruby-1.9.3-p194/gems/activesupport-3.2.8/lib/active_support/callbacks.rb:81:in `run_callbacks'
    /usr/local/rvm/gems/ruby-1.9.3-p194/gems/activesupport-3.2.8/lib/active_support/testing/setup_and_teardown.rb:35:in `run'

  2) Error:
test_should_destroy_micropost(MicropostsControllerTest):
ActiveRecord::StatementInvalid: Could not find table 'users'
    /usr/local/rvm/gems/ruby-1.9.3-p194/gems/activerecord-3.2.8/lib/active_record/connection_adapters/sqlite_adapter.rb:472:in `table_structure'
    /usr/local/rvm/gems/ruby-1.9.3-p194/gems/activerecord-3.2.8/lib/active_record/connection_adapters/sqlite_adapter.rb:346:in `columns'
    /usr/local/rvm/gems/ruby-1.9.3-p194/gems/activerecord-3.2.8/lib/active_record/fixtures.rb:660:in `column_names'
    /usr/local/rvm/gems/ruby-1.9.3-p194/gems/activerecord-3.2.8/lib/active_record/fixtures.rb:652:in `timestamp_column_names'
    /usr/local/rvm/gems/ruby-1.9.3-p194/gems/activerecord-3.2.8/lib/active_record/fixtures.rb:585:in `block in table_rows'
    /usr/local/rvm/gems/ruby-1.9.3-p194/gems/activerecord-3.2.8/lib/active_record/fixtures.rb:579:in `each'
    /usr/local/rvm/gems/ruby-1.9.3-p194/gems/activerecord-3.2.8/lib/active_record/fixtures.rb:579:in `map'
    /usr/local/rvm/gems/ruby-1.9.3-p194/gems/activerecord-3.2.8/lib/active_record/fixtures.rb:579:in `table_rows'
    /usr/local/rvm/gems/ruby-1.9.3-p194/gems/activerecord-3.2.8/lib/active_record/fixtures.rb:494:in `block (3 levels) in create_fixtures'
    /usr/local/rvm/gems/ruby-1.9.3-p194/gems/activerecord-3.2.8/lib/active_record/fixtures.rb:492:in `each'
    /usr/local/rvm/gems/ruby-1.9.3-p194/gems/activerecord-3.2.8/lib/active_record/fixtures.rb:492:in `block (2 levels) in create_fixtures'
    /usr/local/rvm/gems/ruby-1.9.3-p194/gems/activerecord-3.2.8/lib/active_record/connection_adapters/abstract/database_statements.rb:192:in `transaction'
    /usr/local/rvm/gems/ruby-1.9.3-p194/gems/activerecord-3.2.8/lib/active_record/fixtures.rb:491:in `block in create_fixtures'
    /usr/local/rvm/gems/ruby-1.9.3-p194/gems/activerecord-3.2.8/lib/active_record/connection_adapters/abstract_adapter.rb:168:in `disable_referential_integrity'
    /usr/local/rvm/gems/ruby-1.9.3-p194/gems/activerecord-3.2.8/lib/active_record/fixtures.rb:476:in `create_fixtures'
    /usr/local/rvm/gems/ruby-1.9.3-p194/gems/activerecord-3.2.8/lib/active_record/fixtures.rb:895:in `load_fixtures'
    /usr/local/rvm/gems/ruby-1.9.3-p194/gems/activerecord-3.2.8/lib/active_record/fixtures.rb:849:in `setup_fixtures'
    /usr/local/rvm/gems/ruby-1.9.3-p194/gems/activesupport-3.2.8/lib/active_support/callbacks.rb:429:in `_run__910159474__setup__184191054__callbacks'
    /usr/local/rvm/gems/ruby-1.9.3-p194/gems/activesupport-3.2.8/lib/active_support/callbacks.rb:405:in `__run_callback'
    /usr/local/rvm/gems/ruby-1.9.3-p194/gems/activesupport-3.2.8/lib/active_support/callbacks.rb:385:in `_run_setup_callbacks'
    /usr/local/rvm/gems/ruby-1.9.3-p194/gems/activesupport-3.2.8/lib/active_support/callbacks.rb:81:in `run_callbacks'
    /usr/local/rvm/gems/ruby-1.9.3-p194/gems/activesupport-3.2.8/lib/active_support/testing/setup_and_teardown.rb:35:in `run'

  3) Error:
test_should_get_edit(MicropostsControllerTest):
ActiveRecord::StatementInvalid: Could not find table 'users'
    /usr/local/rvm/gems/ruby-1.9.3-p194/gems/activerecord-3.2.8/lib/active_record/connection_adapters/sqlite_adapter.rb:472:in `table_structure'
    /usr/local/rvm/gems/ruby-1.9.3-p194/gems/activerecord-3.2.8/lib/active_record/connection_adapters/sqlite_adapter.rb:346:in `columns'
    /usr/local/rvm/gems/ruby-1.9.3-p194/gems/activerecord-3.2.8/lib/active_record/fixtures.rb:660:in `column_names'
    /usr/local/rvm/gems/ruby-1.9.3-p194/gems/activerecord-3.2.8/lib/active_record/fixtures.rb:652:in `timestamp_column_names'
    /usr/local/rvm/gems/ruby-1.9.3-p194/gems/activerecord-3.2.8/lib/active_record/fixtures.rb:585:in `block in table_rows'
    /usr/local/rvm/gems/ruby-1.9.3-p194/gems/activerecord-3.2.8/lib/active_record/fixtures.rb:579:in `each'
    /usr/local/rvm/gems/ruby-1.9.3-p194/gems/activerecord-3.2.8/lib/active_record/fixtures.rb:579:in `map'
    /usr/local/rvm/gems/ruby-1.9.3-p194/gems/activerecord-3.2.8/lib/active_record/fixtures.rb:579:in `table_rows'
    /usr/local/rvm/gems/ruby-1.9.3-p194/gems/activerecord-3.2.8/lib/active_record/fixtures.rb:494:in `block (3 levels) in create_fixtures'
    /usr/local/rvm/gems/ruby-1.9.3-p194/gems/activerecord-3.2.8/lib/active_record/fixtures.rb:492:in `each'
    /usr/local/rvm/gems/ruby-1.9.3-p194/gems/activerecord-3.2.8/lib/active_record/fixtures.rb:492:in `block (2 levels) in create_fixtures'
    /usr/local/rvm/gems/ruby-1.9.3-p194/gems/activerecord-3.2.8/lib/active_record/connection_adapters/abstract/database_statements.rb:192:in `transaction'
    /usr/local/rvm/gems/ruby-1.9.3-p194/gems/activerecord-3.2.8/lib/active_record/fixtures.rb:491:in `block in create_fixtures'
    /usr/local/rvm/gems/ruby-1.9.3-p194/gems/activerecord-3.2.8/lib/active_record/connection_adapters/abstract_adapter.rb:168:in `disable_referential_integrity'
    /usr/local/rvm/gems/ruby-1.9.3-p194/gems/activerecord-3.2.8/lib/active_record/fixtures.rb:476:in `create_fixtures'
    /usr/local/rvm/gems/ruby-1.9.3-p194/gems/activerecord-3.2.8/lib/active_record/fixtures.rb:895:in `load_fixtures'
    /usr/local/rvm/gems/ruby-1.9.3-p194/gems/activerecord-3.2.8/lib/active_record/fixtures.rb:849:in `setup_fixtures'
    /usr/local/rvm/gems/ruby-1.9.3-p194/gems/activesupport-3.2.8/lib/active_support/callbacks.rb:429:in `_run__910159474__setup__184191054__callbacks'
    /usr/local/rvm/gems/ruby-1.9.3-p194/gems/activesupport-3.2.8/lib/active_support/callbacks.rb:405:in `__run_callback'
    /usr/local/rvm/gems/ruby-1.9.3-p194/gems/activesupport-3.2.8/lib/active_support/callbacks.rb:385:in `_run_setup_callbacks'
    /usr/local/rvm/gems/ruby-1.9.3-p194/gems/activesupport-3.2.8/lib/active_support/callbacks.rb:81:in `run_callbacks'
    /usr/local/rvm/gems/ruby-1.9.3-p194/gems/activesupport-3.2.8/lib/active_support/testing/setup_and_teardown.rb:35:in `run'

  4) Error:
test_should_get_index(MicropostsControllerTest):
ActiveRecord::StatementInvalid: Could not find table 'users'
    /usr/local/rvm/gems/ruby-1.9.3-p194/gems/activerecord-3.2.8/lib/active_record/connection_adapters/sqlite_adapter.rb:472:in `table_structure'
    /usr/local/rvm/gems/ruby-1.9.3-p194/gems/activerecord-3.2.8/lib/active_record/connection_adapters/sqlite_adapter.rb:346:in `columns'
    /usr/local/rvm/gems/ruby-1.9.3-p194/gems/activerecord-3.2.8/lib/active_record/fixtures.rb:660:in `column_names'
    /usr/local/rvm/gems/ruby-1.9.3-p194/gems/activerecord-3.2.8/lib/active_record/fixtures.rb:652:in `timestamp_column_names'
    /usr/local/rvm/gems/ruby-1.9.3-p194/gems/activerecord-3.2.8/lib/active_record/fixtures.rb:585:in `block in table_rows'
    /usr/local/rvm/gems/ruby-1.9.3-p194/gems/activerecord-3.2.8/lib/active_record/fixtures.rb:579:in `each'
    /usr/local/rvm/gems/ruby-1.9.3-p194/gems/activerecord-3.2.8/lib/active_record/fixtures.rb:579:in `map'
    /usr/local/rvm/gems/ruby-1.9.3-p194/gems/activerecord-3.2.8/lib/active_record/fixtures.rb:579:in `table_rows'
    /usr/local/rvm/gems/ruby-1.9.3-p194/gems/activerecord-3.2.8/lib/active_record/fixtures.rb:494:in `block (3 levels) in create_fixtures'
    /usr/local/rvm/gems/ruby-1.9.3-p194/gems/activerecord-3.2.8/lib/active_record/fixtures.rb:492:in `each'
    /usr/local/rvm/gems/ruby-1.9.3-p194/gems/activerecord-3.2.8/lib/active_record/fixtures.rb:492:in `block (2 levels) in create_fixtures'
    /usr/local/rvm/gems/ruby-1.9.3-p194/gems/activerecord-3.2.8/lib/active_record/connection_adapters/abstract/database_statements.rb:192:in `transaction'
    /usr/local/rvm/gems/ruby-1.9.3-p194/gems/activerecord-3.2.8/lib/active_record/fixtures.rb:491:in `block in create_fixtures'
    /usr/local/rvm/gems/ruby-1.9.3-p194/gems/activerecord-3.2.8/lib/active_record/connection_adapters/abstract_adapter.rb:168:in `disable_referential_integrity'
    /usr/local/rvm/gems/ruby-1.9.3-p194/gems/activerecord-3.2.8/lib/active_record/fixtures.rb:476:in `create_fixtures'
    /usr/local/rvm/gems/ruby-1.9.3-p194/gems/activerecord-3.2.8/lib/active_record/fixtures.rb:895:in `load_fixtures'
    /usr/local/rvm/gems/ruby-1.9.3-p194/gems/activerecord-3.2.8/lib/active_record/fixtures.rb:849:in `setup_fixtures'
    /usr/local/rvm/gems/ruby-1.9.3-p194/gems/activesupport-3.2.8/lib/active_support/callbacks.rb:429:in `_run__910159474__setup__184191054__callbacks'
    /usr/local/rvm/gems/ruby-1.9.3-p194/gems/activesupport-3.2.8/lib/active_support/callbacks.rb:405:in `__run_callback'
    /usr/local/rvm/gems/ruby-1.9.3-p194/gems/activesupport-3.2.8/lib/active_support/callbacks.rb:385:in `_run_setup_callbacks'
    /usr/local/rvm/gems/ruby-1.9.3-p194/gems/activesupport-3.2.8/lib/active_support/callbacks.rb:81:in `run_callbacks'
    /usr/local/rvm/gems/ruby-1.9.3-p194/gems/activesupport-3.2.8/lib/active_support/testing/setup_and_teardown.rb:35:in `run'

  5) Error:
test_should_get_new(MicropostsControllerTest):
ActiveRecord::StatementInvalid: Could not find table 'users'
    /usr/local/rvm/gems/ruby-1.9.3-p194/gems/activerecord-3.2.8/lib/active_record/connection_adapters/sqlite_adapter.rb:472:in `table_structure'
    /usr/local/rvm/gems/ruby-1.9.3-p194/gems/activerecord-3.2.8/lib/active_record/connection_adapters/sqlite_adapter.rb:346:in `columns'
    /usr/local/rvm/gems/ruby-1.9.3-p194/gems/activerecord-3.2.8/lib/active_record/fixtures.rb:660:in `column_names'
    /usr/local/rvm/gems/ruby-1.9.3-p194/gems/activerecord-3.2.8/lib/active_record/fixtures.rb:652:in `timestamp_column_names'
    /usr/local/rvm/gems/ruby-1.9.3-p194/gems/activerecord-3.2.8/lib/active_record/fixtures.rb:585:in `block in table_rows'
    /usr/local/rvm/gems/ruby-1.9.3-p194/gems/activerecord-3.2.8/lib/active_record/fixtures.rb:579:in `each'
    /usr/local/rvm/gems/ruby-1.9.3-p194/gems/activerecord-3.2.8/lib/active_record/fixtures.rb:579:in `map'
    /usr/local/rvm/gems/ruby-1.9.3-p194/gems/activerecord-3.2.8/lib/active_record/fixtures.rb:579:in `table_rows'
    /usr/local/rvm/gems/ruby-1.9.3-p194/gems/activerecord-3.2.8/lib/active_record/fixtures.rb:494:in `block (3 levels) in create_fixtures'
    /usr/local/rvm/gems/ruby-1.9.3-p194/gems/activerecord-3.2.8/lib/active_record/fixtures.rb:492:in `each'
    /usr/local/rvm/gems/ruby-1.9.3-p194/gems/activerecord-3.2.8/lib/active_record/fixtures.rb:492:in `block (2 levels) in create_fixtures'
    /usr/local/rvm/gems/ruby-1.9.3-p194/gems/activerecord-3.2.8/lib/active_record/connection_adapters/abstract/database_statements.rb:192:in `transaction'
    /usr/local/rvm/gems/ruby-1.9.3-p194/gems/activerecord-3.2.8/lib/active_record/fixtures.rb:491:in `block in create_fixtures'
    /usr/local/rvm/gems/ruby-1.9.3-p194/gems/activerecord-3.2.8/lib/active_record/connection_adapters/abstract_adapter.rb:168:in `disable_referential_integrity'
    /usr/local/rvm/gems/ruby-1.9.3-p194/gems/activerecord-3.2.8/lib/active_record/fixtures.rb:476:in `create_fixtures'
    /usr/local/rvm/gems/ruby-1.9.3-p194/gems/activerecord-3.2.8/lib/active_record/fixtures.rb:895:in `load_fixtures'
    /usr/local/rvm/gems/ruby-1.9.3-p194/gems/activerecord-3.2.8/lib/active_record/fixtures.rb:849:in `setup_fixtures'
    /usr/local/rvm/gems/ruby-1.9.3-p194/gems/activesupport-3.2.8/lib/active_support/callbacks.rb:429:in `_run__910159474__setup__184191054__callbacks'
    /usr/local/rvm/gems/ruby-1.9.3-p194/gems/activesupport-3.2.8/lib/active_support/callbacks.rb:405:in `__run_callback'
    /usr/local/rvm/gems/ruby-1.9.3-p194/gems/activesupport-3.2.8/lib/active_support/callbacks.rb:385:in `_run_setup_callbacks'
    /usr/local/rvm/gems/ruby-1.9.3-p194/gems/activesupport-3.2.8/lib/active_support/callbacks.rb:81:in `run_callbacks'
    /usr/local/rvm/gems/ruby-1.9.3-p194/gems/activesupport-3.2.8/lib/active_support/testing/setup_and_teardown.rb:35:in `run'

  6) Error:
test_should_show_micropost(MicropostsControllerTest):
ActiveRecord::StatementInvalid: Could not find table 'users'
    /usr/local/rvm/gems/ruby-1.9.3-p194/gems/activerecord-3.2.8/lib/active_record/connection_adapters/sqlite_adapter.rb:472:in `table_structure'
    /usr/local/rvm/gems/ruby-1.9.3-p194/gems/activerecord-3.2.8/lib/active_record/connection_adapters/sqlite_adapter.rb:346:in `columns'
    /usr/local/rvm/gems/ruby-1.9.3-p194/gems/activerecord-3.2.8/lib/active_record/fixtures.rb:660:in `column_names'
    /usr/local/rvm/gems/ruby-1.9.3-p194/gems/activerecord-3.2.8/lib/active_record/fixtures.rb:652:in `timestamp_column_names'
    /usr/local/rvm/gems/ruby-1.9.3-p194/gems/activerecord-3.2.8/lib/active_record/fixtures.rb:585:in `block in table_rows'
    /usr/local/rvm/gems/ruby-1.9.3-p194/gems/activerecord-3.2.8/lib/active_record/fixtures.rb:579:in `each'
    /usr/local/rvm/gems/ruby-1.9.3-p194/gems/activerecord-3.2.8/lib/active_record/fixtures.rb:579:in `map'
    /usr/local/rvm/gems/ruby-1.9.3-p194/gems/activerecord-3.2.8/lib/active_record/fixtures.rb:579:in `table_rows'
    /usr/local/rvm/gems/ruby-1.9.3-p194/gems/activerecord-3.2.8/lib/active_record/fixtures.rb:494:in `block (3 levels) in create_fixtures'
    /usr/local/rvm/gems/ruby-1.9.3-p194/gems/activerecord-3.2.8/lib/active_record/fixtures.rb:492:in `each'
    /usr/local/rvm/gems/ruby-1.9.3-p194/gems/activerecord-3.2.8/lib/active_record/fixtures.rb:492:in `block (2 levels) in create_fixtures'
    /usr/local/rvm/gems/ruby-1.9.3-p194/gems/activerecord-3.2.8/lib/active_record/connection_adapters/abstract/database_statements.rb:192:in `transaction'
    /usr/local/rvm/gems/ruby-1.9.3-p194/gems/activerecord-3.2.8/lib/active_record/fixtures.rb:491:in `block in create_fixtures'
    /usr/local/rvm/gems/ruby-1.9.3-p194/gems/activerecord-3.2.8/lib/active_record/connection_adapters/abstract_adapter.rb:168:in `disable_referential_integrity'
    /usr/local/rvm/gems/ruby-1.9.3-p194/gems/activerecord-3.2.8/lib/active_record/fixtures.rb:476:in `create_fixtures'
    /usr/local/rvm/gems/ruby-1.9.3-p194/gems/activerecord-3.2.8/lib/active_record/fixtures.rb:895:in `load_fixtures'
    /usr/local/rvm/gems/ruby-1.9.3-p194/gems/activerecord-3.2.8/lib/active_record/fixtures.rb:849:in `setup_fixtures'
    /usr/local/rvm/gems/ruby-1.9.3-p194/gems/activesupport-3.2.8/lib/active_support/callbacks.rb:429:in `_run__910159474__setup__184191054__callbacks'
    /usr/local/rvm/gems/ruby-1.9.3-p194/gems/activesupport-3.2.8/lib/active_support/callbacks.rb:405:in `__run_callback'
    /usr/local/rvm/gems/ruby-1.9.3-p194/gems/activesupport-3.2.8/lib/active_support/callbacks.rb:385:in `_run_setup_callbacks'
    /usr/local/rvm/gems/ruby-1.9.3-p194/gems/activesupport-3.2.8/lib/active_support/callbacks.rb:81:in `run_callbacks'
    /usr/local/rvm/gems/ruby-1.9.3-p194/gems/activesupport-3.2.8/lib/active_support/testing/setup_and_teardown.rb:35:in `run'

  7) Error:
test_should_update_micropost(MicropostsControllerTest):
ActiveRecord::StatementInvalid: Could not find table 'users'
    /usr/local/rvm/gems/ruby-1.9.3-p194/gems/activerecord-3.2.8/lib/active_record/connection_adapters/sqlite_adapter.rb:472:in `table_structure'
    /usr/local/rvm/gems/ruby-1.9.3-p194/gems/activerecord-3.2.8/lib/active_record/connection_adapters/sqlite_adapter.rb:346:in `columns'
    /usr/local/rvm/gems/ruby-1.9.3-p194/gems/activerecord-3.2.8/lib/active_record/fixtures.rb:660:in `column_names'
    /usr/local/rvm/gems/ruby-1.9.3-p194/gems/activerecord-3.2.8/lib/active_record/fixtures.rb:652:in `timestamp_column_names'
    /usr/local/rvm/gems/ruby-1.9.3-p194/gems/activerecord-3.2.8/lib/active_record/fixtures.rb:585:in `block in table_rows'
    /usr/local/rvm/gems/ruby-1.9.3-p194/gems/activerecord-3.2.8/lib/active_record/fixtures.rb:579:in `each'
    /usr/local/rvm/gems/ruby-1.9.3-p194/gems/activerecord-3.2.8/lib/active_record/fixtures.rb:579:in `map'
    /usr/local/rvm/gems/ruby-1.9.3-p194/gems/activerecord-3.2.8/lib/active_record/fixtures.rb:579:in `table_rows'
    /usr/local/rvm/gems/ruby-1.9.3-p194/gems/activerecord-3.2.8/lib/active_record/fixtures.rb:494:in `block (3 levels) in create_fixtures'
    /usr/local/rvm/gems/ruby-1.9.3-p194/gems/activerecord-3.2.8/lib/active_record/fixtures.rb:492:in `each'
    /usr/local/rvm/gems/ruby-1.9.3-p194/gems/activerecord-3.2.8/lib/active_record/fixtures.rb:492:in `block (2 levels) in create_fixtures'
    /usr/local/rvm/gems/ruby-1.9.3-p194/gems/activerecord-3.2.8/lib/active_record/connection_adapters/abstract/database_statements.rb:192:in `transaction'
    /usr/local/rvm/gems/ruby-1.9.3-p194/gems/activerecord-3.2.8/lib/active_record/fixtures.rb:491:in `block in create_fixtures'
    /usr/local/rvm/gems/ruby-1.9.3-p194/gems/activerecord-3.2.8/lib/active_record/connection_adapters/abstract_adapter.rb:168:in `disable_referential_integrity'
    /usr/local/rvm/gems/ruby-1.9.3-p194/gems/activerecord-3.2.8/lib/active_record/fixtures.rb:476:in `create_fixtures'
    /usr/local/rvm/gems/ruby-1.9.3-p194/gems/activerecord-3.2.8/lib/active_record/fixtures.rb:895:in `load_fixtures'
    /usr/local/rvm/gems/ruby-1.9.3-p194/gems/activerecord-3.2.8/lib/active_record/fixtures.rb:849:in `setup_fixtures'
    /usr/local/rvm/gems/ruby-1.9.3-p194/gems/activesupport-3.2.8/lib/active_support/callbacks.rb:429:in `_run__910159474__setup__184191054__callbacks'
    /usr/local/rvm/gems/ruby-1.9.3-p194/gems/activesupport-3.2.8/lib/active_support/callbacks.rb:405:in `__run_callback'
    /usr/local/rvm/gems/ruby-1.9.3-p194/gems/activesupport-3.2.8/lib/active_support/callbacks.rb:385:in `_run_setup_callbacks'
    /usr/local/rvm/gems/ruby-1.9.3-p194/gems/activesupport-3.2.8/lib/active_support/callbacks.rb:81:in `run_callbacks'
    /usr/local/rvm/gems/ruby-1.9.3-p194/gems/activesupport-3.2.8/lib/active_support/testing/setup_and_teardown.rb:35:in `run'

7 tests, 0 assertions, 0 failures, 7 errors, 0 skips
Run options: -n "/^(test_should_create_user|test_should_destroy_user|test_should_get_edit|test_should_get_index|test_should_get_new|test_should_show_user|test_should_update_user)$/"

# Running tests:

EEEEEEE

Finished tests in 0.114689s, 61.0347 tests/s, 0.0000 assertions/s.

  1) Error:
test_should_create_user(UsersControllerTest):
ActiveRecord::StatementInvalid: Could not find table 'users'
    /usr/local/rvm/gems/ruby-1.9.3-p194/gems/activerecord-3.2.8/lib/active_record/connection_adapters/sqlite_adapter.rb:472:in `table_structure'
    /usr/local/rvm/gems/ruby-1.9.3-p194/gems/activerecord-3.2.8/lib/active_record/connection_adapters/sqlite_adapter.rb:346:in `columns'
    /usr/local/rvm/gems/ruby-1.9.3-p194/gems/activerecord-3.2.8/lib/active_record/fixtures.rb:660:in `column_names'
    /usr/local/rvm/gems/ruby-1.9.3-p194/gems/activerecord-3.2.8/lib/active_record/fixtures.rb:652:in `timestamp_column_names'
    /usr/local/rvm/gems/ruby-1.9.3-p194/gems/activerecord-3.2.8/lib/active_record/fixtures.rb:585:in `block in table_rows'
    /usr/local/rvm/gems/ruby-1.9.3-p194/gems/activerecord-3.2.8/lib/active_record/fixtures.rb:579:in `each'
    /usr/local/rvm/gems/ruby-1.9.3-p194/gems/activerecord-3.2.8/lib/active_record/fixtures.rb:579:in `map'
    /usr/local/rvm/gems/ruby-1.9.3-p194/gems/activerecord-3.2.8/lib/active_record/fixtures.rb:579:in `table_rows'
    /usr/local/rvm/gems/ruby-1.9.3-p194/gems/activerecord-3.2.8/lib/active_record/fixtures.rb:494:in `block (3 levels) in create_fixtures'
    /usr/local/rvm/gems/ruby-1.9.3-p194/gems/activerecord-3.2.8/lib/active_record/fixtures.rb:492:in `each'
    /usr/local/rvm/gems/ruby-1.9.3-p194/gems/activerecord-3.2.8/lib/active_record/fixtures.rb:492:in `block (2 levels) in create_fixtures'
    /usr/local/rvm/gems/ruby-1.9.3-p194/gems/activerecord-3.2.8/lib/active_record/connection_adapters/abstract/database_statements.rb:192:in `transaction'
    /usr/local/rvm/gems/ruby-1.9.3-p194/gems/activerecord-3.2.8/lib/active_record/fixtures.rb:491:in `block in create_fixtures'
    /usr/local/rvm/gems/ruby-1.9.3-p194/gems/activerecord-3.2.8/lib/active_record/connection_adapters/abstract_adapter.rb:168:in `disable_referential_integrity'
    /usr/local/rvm/gems/ruby-1.9.3-p194/gems/activerecord-3.2.8/lib/active_record/fixtures.rb:476:in `create_fixtures'
    /usr/local/rvm/gems/ruby-1.9.3-p194/gems/activerecord-3.2.8/lib/active_record/fixtures.rb:895:in `load_fixtures'
    /usr/local/rvm/gems/ruby-1.9.3-p194/gems/activerecord-3.2.8/lib/active_record/fixtures.rb:849:in `setup_fixtures'
    /usr/local/rvm/gems/ruby-1.9.3-p194/gems/activesupport-3.2.8/lib/active_support/callbacks.rb:429:in `_run__909431452__setup__874153177__callbacks'
    /usr/local/rvm/gems/ruby-1.9.3-p194/gems/activesupport-3.2.8/lib/active_support/callbacks.rb:405:in `__run_callback'
    /usr/local/rvm/gems/ruby-1.9.3-p194/gems/activesupport-3.2.8/lib/active_support/callbacks.rb:385:in `_run_setup_callbacks'
    /usr/local/rvm/gems/ruby-1.9.3-p194/gems/activesupport-3.2.8/lib/active_support/callbacks.rb:81:in `run_callbacks'
    /usr/local/rvm/gems/ruby-1.9.3-p194/gems/activesupport-3.2.8/lib/active_support/testing/setup_and_teardown.rb:35:in `run'

  2) Error:
test_should_destroy_user(UsersControllerTest):
ActiveRecord::StatementInvalid: Could not find table 'users'
    /usr/local/rvm/gems/ruby-1.9.3-p194/gems/activerecord-3.2.8/lib/active_record/connection_adapters/sqlite_adapter.rb:472:in `table_structure'
    /usr/local/rvm/gems/ruby-1.9.3-p194/gems/activerecord-3.2.8/lib/active_record/connection_adapters/sqlite_adapter.rb:346:in `columns'
    /usr/local/rvm/gems/ruby-1.9.3-p194/gems/activerecord-3.2.8/lib/active_record/fixtures.rb:660:in `column_names'
    /usr/local/rvm/gems/ruby-1.9.3-p194/gems/activerecord-3.2.8/lib/active_record/fixtures.rb:652:in `timestamp_column_names'
    /usr/local/rvm/gems/ruby-1.9.3-p194/gems/activerecord-3.2.8/lib/active_record/fixtures.rb:585:in `block in table_rows'
    /usr/local/rvm/gems/ruby-1.9.3-p194/gems/activerecord-3.2.8/lib/active_record/fixtures.rb:579:in `each'
    /usr/local/rvm/gems/ruby-1.9.3-p194/gems/activerecord-3.2.8/lib/active_record/fixtures.rb:579:in `map'
    /usr/local/rvm/gems/ruby-1.9.3-p194/gems/activerecord-3.2.8/lib/active_record/fixtures.rb:579:in `table_rows'
    /usr/local/rvm/gems/ruby-1.9.3-p194/gems/activerecord-3.2.8/lib/active_record/fixtures.rb:494:in `block (3 levels) in create_fixtures'
    /usr/local/rvm/gems/ruby-1.9.3-p194/gems/activerecord-3.2.8/lib/active_record/fixtures.rb:492:in `each'
    /usr/local/rvm/gems/ruby-1.9.3-p194/gems/activerecord-3.2.8/lib/active_record/fixtures.rb:492:in `block (2 levels) in create_fixtures'
    /usr/local/rvm/gems/ruby-1.9.3-p194/gems/activerecord-3.2.8/lib/active_record/connection_adapters/abstract/database_statements.rb:192:in `transaction'
    /usr/local/rvm/gems/ruby-1.9.3-p194/gems/activerecord-3.2.8/lib/active_record/fixtures.rb:491:in `block in create_fixtures'
    /usr/local/rvm/gems/ruby-1.9.3-p194/gems/activerecord-3.2.8/lib/active_record/connection_adapters/abstract_adapter.rb:168:in `disable_referential_integrity'
    /usr/local/rvm/gems/ruby-1.9.3-p194/gems/activerecord-3.2.8/lib/active_record/fixtures.rb:476:in `create_fixtures'
    /usr/local/rvm/gems/ruby-1.9.3-p194/gems/activerecord-3.2.8/lib/active_record/fixtures.rb:895:in `load_fixtures'
    /usr/local/rvm/gems/ruby-1.9.3-p194/gems/activerecord-3.2.8/lib/active_record/fixtures.rb:849:in `setup_fixtures'
    /usr/local/rvm/gems/ruby-1.9.3-p194/gems/activesupport-3.2.8/lib/active_support/callbacks.rb:429:in `_run__909431452__setup__874153177__callbacks'
    /usr/local/rvm/gems/ruby-1.9.3-p194/gems/activesupport-3.2.8/lib/active_support/callbacks.rb:405:in `__run_callback'
    /usr/local/rvm/gems/ruby-1.9.3-p194/gems/activesupport-3.2.8/lib/active_support/callbacks.rb:385:in `_run_setup_callbacks'
    /usr/local/rvm/gems/ruby-1.9.3-p194/gems/activesupport-3.2.8/lib/active_support/callbacks.rb:81:in `run_callbacks'
    /usr/local/rvm/gems/ruby-1.9.3-p194/gems/activesupport-3.2.8/lib/active_support/testing/setup_and_teardown.rb:35:in `run'

  3) Error:
test_should_get_edit(UsersControllerTest):
ActiveRecord::StatementInvalid: Could not find table 'users'
    /usr/local/rvm/gems/ruby-1.9.3-p194/gems/activerecord-3.2.8/lib/active_record/connection_adapters/sqlite_adapter.rb:472:in `table_structure'
    /usr/local/rvm/gems/ruby-1.9.3-p194/gems/activerecord-3.2.8/lib/active_record/connection_adapters/sqlite_adapter.rb:346:in `columns'
    /usr/local/rvm/gems/ruby-1.9.3-p194/gems/activerecord-3.2.8/lib/active_record/fixtures.rb:660:in `column_names'
    /usr/local/rvm/gems/ruby-1.9.3-p194/gems/activerecord-3.2.8/lib/active_record/fixtures.rb:652:in `timestamp_column_names'
    /usr/local/rvm/gems/ruby-1.9.3-p194/gems/activerecord-3.2.8/lib/active_record/fixtures.rb:585:in `block in table_rows'
    /usr/local/rvm/gems/ruby-1.9.3-p194/gems/activerecord-3.2.8/lib/active_record/fixtures.rb:579:in `each'
    /usr/local/rvm/gems/ruby-1.9.3-p194/gems/activerecord-3.2.8/lib/active_record/fixtures.rb:579:in `map'
    /usr/local/rvm/gems/ruby-1.9.3-p194/gems/activerecord-3.2.8/lib/active_record/fixtures.rb:579:in `table_rows'
    /usr/local/rvm/gems/ruby-1.9.3-p194/gems/activerecord-3.2.8/lib/active_record/fixtures.rb:494:in `block (3 levels) in create_fixtures'
    /usr/local/rvm/gems/ruby-1.9.3-p194/gems/activerecord-3.2.8/lib/active_record/fixtures.rb:492:in `each'
    /usr/local/rvm/gems/ruby-1.9.3-p194/gems/activerecord-3.2.8/lib/active_record/fixtures.rb:492:in `block (2 levels) in create_fixtures'
    /usr/local/rvm/gems/ruby-1.9.3-p194/gems/activerecord-3.2.8/lib/active_record/connection_adapters/abstract/database_statements.rb:192:in `transaction'
    /usr/local/rvm/gems/ruby-1.9.3-p194/gems/activerecord-3.2.8/lib/active_record/fixtures.rb:491:in `block in create_fixtures'
    /usr/local/rvm/gems/ruby-1.9.3-p194/gems/activerecord-3.2.8/lib/active_record/connection_adapters/abstract_adapter.rb:168:in `disable_referential_integrity'
    /usr/local/rvm/gems/ruby-1.9.3-p194/gems/activerecord-3.2.8/lib/active_record/fixtures.rb:476:in `create_fixtures'
    /usr/local/rvm/gems/ruby-1.9.3-p194/gems/activerecord-3.2.8/lib/active_record/fixtures.rb:895:in `load_fixtures'
    /usr/local/rvm/gems/ruby-1.9.3-p194/gems/activerecord-3.2.8/lib/active_record/fixtures.rb:849:in `setup_fixtures'
    /usr/local/rvm/gems/ruby-1.9.3-p194/gems/activesupport-3.2.8/lib/active_support/callbacks.rb:429:in `_run__909431452__setup__874153177__callbacks'
    /usr/local/rvm/gems/ruby-1.9.3-p194/gems/activesupport-3.2.8/lib/active_support/callbacks.rb:405:in `__run_callback'
    /usr/local/rvm/gems/ruby-1.9.3-p194/gems/activesupport-3.2.8/lib/active_support/callbacks.rb:385:in `_run_setup_callbacks'
    /usr/local/rvm/gems/ruby-1.9.3-p194/gems/activesupport-3.2.8/lib/active_support/callbacks.rb:81:in `run_callbacks'
    /usr/local/rvm/gems/ruby-1.9.3-p194/gems/activesupport-3.2.8/lib/active_support/testing/setup_and_teardown.rb:35:in `run'

  4) Error:
test_should_get_index(UsersControllerTest):
ActiveRecord::StatementInvalid: Could not find table 'users'
    /usr/local/rvm/gems/ruby-1.9.3-p194/gems/activerecord-3.2.8/lib/active_record/connection_adapters/sqlite_adapter.rb:472:in `table_structure'
    /usr/local/rvm/gems/ruby-1.9.3-p194/gems/activerecord-3.2.8/lib/active_record/connection_adapters/sqlite_adapter.rb:346:in `columns'
    /usr/local/rvm/gems/ruby-1.9.3-p194/gems/activerecord-3.2.8/lib/active_record/fixtures.rb:660:in `column_names'
    /usr/local/rvm/gems/ruby-1.9.3-p194/gems/activerecord-3.2.8/lib/active_record/fixtures.rb:652:in `timestamp_column_names'
    /usr/local/rvm/gems/ruby-1.9.3-p194/gems/activerecord-3.2.8/lib/active_record/fixtures.rb:585:in `block in table_rows'
    /usr/local/rvm/gems/ruby-1.9.3-p194/gems/activerecord-3.2.8/lib/active_record/fixtures.rb:579:in `each'
    /usr/local/rvm/gems/ruby-1.9.3-p194/gems/activerecord-3.2.8/lib/active_record/fixtures.rb:579:in `map'
    /usr/local/rvm/gems/ruby-1.9.3-p194/gems/activerecord-3.2.8/lib/active_record/fixtures.rb:579:in `table_rows'
    /usr/local/rvm/gems/ruby-1.9.3-p194/gems/activerecord-3.2.8/lib/active_record/fixtures.rb:494:in `block (3 levels) in create_fixtures'
    /usr/local/rvm/gems/ruby-1.9.3-p194/gems/activerecord-3.2.8/lib/active_record/fixtures.rb:492:in `each'
    /usr/local/rvm/gems/ruby-1.9.3-p194/gems/activerecord-3.2.8/lib/active_record/fixtures.rb:492:in `block (2 levels) in create_fixtures'
    /usr/local/rvm/gems/ruby-1.9.3-p194/gems/activerecord-3.2.8/lib/active_record/connection_adapters/abstract/database_statements.rb:192:in `transaction'
    /usr/local/rvm/gems/ruby-1.9.3-p194/gems/activerecord-3.2.8/lib/active_record/fixtures.rb:491:in `block in create_fixtures'
    /usr/local/rvm/gems/ruby-1.9.3-p194/gems/activerecord-3.2.8/lib/active_record/connection_adapters/abstract_adapter.rb:168:in `disable_referential_integrity'
    /usr/local/rvm/gems/ruby-1.9.3-p194/gems/activerecord-3.2.8/lib/active_record/fixtures.rb:476:in `create_fixtures'
    /usr/local/rvm/gems/ruby-1.9.3-p194/gems/activerecord-3.2.8/lib/active_record/fixtures.rb:895:in `load_fixtures'
    /usr/local/rvm/gems/ruby-1.9.3-p194/gems/activerecord-3.2.8/lib/active_record/fixtures.rb:849:in `setup_fixtures'
    /usr/local/rvm/gems/ruby-1.9.3-p194/gems/activesupport-3.2.8/lib/active_support/callbacks.rb:429:in `_run__909431452__setup__874153177__callbacks'
    /usr/local/rvm/gems/ruby-1.9.3-p194/gems/activesupport-3.2.8/lib/active_support/callbacks.rb:405:in `__run_callback'
    /usr/local/rvm/gems/ruby-1.9.3-p194/gems/activesupport-3.2.8/lib/active_support/callbacks.rb:385:in `_run_setup_callbacks'
    /usr/local/rvm/gems/ruby-1.9.3-p194/gems/activesupport-3.2.8/lib/active_support/callbacks.rb:81:in `run_callbacks'
    /usr/local/rvm/gems/ruby-1.9.3-p194/gems/activesupport-3.2.8/lib/active_support/testing/setup_and_teardown.rb:35:in `run'

  5) Error:
test_should_get_new(UsersControllerTest):
ActiveRecord::StatementInvalid: Could not find table 'users'
    /usr/local/rvm/gems/ruby-1.9.3-p194/gems/activerecord-3.2.8/lib/active_record/connection_adapters/sqlite_adapter.rb:472:in `table_structure'
    /usr/local/rvm/gems/ruby-1.9.3-p194/gems/activerecord-3.2.8/lib/active_record/connection_adapters/sqlite_adapter.rb:346:in `columns'
    /usr/local/rvm/gems/ruby-1.9.3-p194/gems/activerecord-3.2.8/lib/active_record/fixtures.rb:660:in `column_names'
    /usr/local/rvm/gems/ruby-1.9.3-p194/gems/activerecord-3.2.8/lib/active_record/fixtures.rb:652:in `timestamp_column_names'
    /usr/local/rvm/gems/ruby-1.9.3-p194/gems/activerecord-3.2.8/lib/active_record/fixtures.rb:585:in `block in table_rows'
    /usr/local/rvm/gems/ruby-1.9.3-p194/gems/activerecord-3.2.8/lib/active_record/fixtures.rb:579:in `each'
    /usr/local/rvm/gems/ruby-1.9.3-p194/gems/activerecord-3.2.8/lib/active_record/fixtures.rb:579:in `map'
    /usr/local/rvm/gems/ruby-1.9.3-p194/gems/activerecord-3.2.8/lib/active_record/fixtures.rb:579:in `table_rows'
    /usr/local/rvm/gems/ruby-1.9.3-p194/gems/activerecord-3.2.8/lib/active_record/fixtures.rb:494:in `block (3 levels) in create_fixtures'
    /usr/local/rvm/gems/ruby-1.9.3-p194/gems/activerecord-3.2.8/lib/active_record/fixtures.rb:492:in `each'
    /usr/local/rvm/gems/ruby-1.9.3-p194/gems/activerecord-3.2.8/lib/active_record/fixtures.rb:492:in `block (2 levels) in create_fixtures'
    /usr/local/rvm/gems/ruby-1.9.3-p194/gems/activerecord-3.2.8/lib/active_record/connection_adapters/abstract/database_statements.rb:192:in `transaction'
    /usr/local/rvm/gems/ruby-1.9.3-p194/gems/activerecord-3.2.8/lib/active_record/fixtures.rb:491:in `block in create_fixtures'
    /usr/local/rvm/gems/ruby-1.9.3-p194/gems/activerecord-3.2.8/lib/active_record/connection_adapters/abstract_adapter.rb:168:in `disable_referential_integrity'
    /usr/local/rvm/gems/ruby-1.9.3-p194/gems/activerecord-3.2.8/lib/active_record/fixtures.rb:476:in `create_fixtures'
    /usr/local/rvm/gems/ruby-1.9.3-p194/gems/activerecord-3.2.8/lib/active_record/fixtures.rb:895:in `load_fixtures'
    /usr/local/rvm/gems/ruby-1.9.3-p194/gems/activerecord-3.2.8/lib/active_record/fixtures.rb:849:in `setup_fixtures'
    /usr/local/rvm/gems/ruby-1.9.3-p194/gems/activesupport-3.2.8/lib/active_support/callbacks.rb:429:in `_run__909431452__setup__874153177__callbacks'
    /usr/local/rvm/gems/ruby-1.9.3-p194/gems/activesupport-3.2.8/lib/active_support/callbacks.rb:405:in `__run_callback'
    /usr/local/rvm/gems/ruby-1.9.3-p194/gems/activesupport-3.2.8/lib/active_support/callbacks.rb:385:in `_run_setup_callbacks'
    /usr/local/rvm/gems/ruby-1.9.3-p194/gems/activesupport-3.2.8/lib/active_support/callbacks.rb:81:in `run_callbacks'
    /usr/local/rvm/gems/ruby-1.9.3-p194/gems/activesupport-3.2.8/lib/active_support/testing/setup_and_teardown.rb:35:in `run'

  6) Error:
test_should_show_user(UsersControllerTest):
ActiveRecord::StatementInvalid: Could not find table 'users'
    /usr/local/rvm/gems/ruby-1.9.3-p194/gems/activerecord-3.2.8/lib/active_record/connection_adapters/sqlite_adapter.rb:472:in `table_structure'
    /usr/local/rvm/gems/ruby-1.9.3-p194/gems/activerecord-3.2.8/lib/active_record/connection_adapters/sqlite_adapter.rb:346:in `columns'
    /usr/local/rvm/gems/ruby-1.9.3-p194/gems/activerecord-3.2.8/lib/active_record/fixtures.rb:660:in `column_names'
    /usr/local/rvm/gems/ruby-1.9.3-p194/gems/activerecord-3.2.8/lib/active_record/fixtures.rb:652:in `timestamp_column_names'
    /usr/local/rvm/gems/ruby-1.9.3-p194/gems/activerecord-3.2.8/lib/active_record/fixtures.rb:585:in `block in table_rows'
    /usr/local/rvm/gems/ruby-1.9.3-p194/gems/activerecord-3.2.8/lib/active_record/fixtures.rb:579:in `each'
    /usr/local/rvm/gems/ruby-1.9.3-p194/gems/activerecord-3.2.8/lib/active_record/fixtures.rb:579:in `map'
    /usr/local/rvm/gems/ruby-1.9.3-p194/gems/activerecord-3.2.8/lib/active_record/fixtures.rb:579:in `table_rows'
    /usr/local/rvm/gems/ruby-1.9.3-p194/gems/activerecord-3.2.8/lib/active_record/fixtures.rb:494:in `block (3 levels) in create_fixtures'
    /usr/local/rvm/gems/ruby-1.9.3-p194/gems/activerecord-3.2.8/lib/active_record/fixtures.rb:492:in `each'
    /usr/local/rvm/gems/ruby-1.9.3-p194/gems/activerecord-3.2.8/lib/active_record/fixtures.rb:492:in `block (2 levels) in create_fixtures'
    /usr/local/rvm/gems/ruby-1.9.3-p194/gems/activerecord-3.2.8/lib/active_record/connection_adapters/abstract/database_statements.rb:192:in `transaction'
    /usr/local/rvm/gems/ruby-1.9.3-p194/gems/activerecord-3.2.8/lib/active_record/fixtures.rb:491:in `block in create_fixtures'
    /usr/local/rvm/gems/ruby-1.9.3-p194/gems/activerecord-3.2.8/lib/active_record/connection_adapters/abstract_adapter.rb:168:in `disable_referential_integrity'
    /usr/local/rvm/gems/ruby-1.9.3-p194/gems/activerecord-3.2.8/lib/active_record/fixtures.rb:476:in `create_fixtures'
    /usr/local/rvm/gems/ruby-1.9.3-p194/gems/activerecord-3.2.8/lib/active_record/fixtures.rb:895:in `load_fixtures'
    /usr/local/rvm/gems/ruby-1.9.3-p194/gems/activerecord-3.2.8/lib/active_record/fixtures.rb:849:in `setup_fixtures'
    /usr/local/rvm/gems/ruby-1.9.3-p194/gems/activesupport-3.2.8/lib/active_support/callbacks.rb:429:in `_run__909431452__setup__874153177__callbacks'
    /usr/local/rvm/gems/ruby-1.9.3-p194/gems/activesupport-3.2.8/lib/active_support/callbacks.rb:405:in `__run_callback'
    /usr/local/rvm/gems/ruby-1.9.3-p194/gems/activesupport-3.2.8/lib/active_support/callbacks.rb:385:in `_run_setup_callbacks'
    /usr/local/rvm/gems/ruby-1.9.3-p194/gems/activesupport-3.2.8/lib/active_support/callbacks.rb:81:in `run_callbacks'
    /usr/local/rvm/gems/ruby-1.9.3-p194/gems/activesupport-3.2.8/lib/active_support/testing/setup_and_teardown.rb:35:in `run'

  7) Error:
test_should_update_user(UsersControllerTest):
ActiveRecord::StatementInvalid: Could not find table 'users'
    /usr/local/rvm/gems/ruby-1.9.3-p194/gems/activerecord-3.2.8/lib/active_record/connection_adapters/sqlite_adapter.rb:472:in `table_structure'
    /usr/local/rvm/gems/ruby-1.9.3-p194/gems/activerecord-3.2.8/lib/active_record/connection_adapters/sqlite_adapter.rb:346:in `columns'
    /usr/local/rvm/gems/ruby-1.9.3-p194/gems/activerecord-3.2.8/lib/active_record/fixtures.rb:660:in `column_names'
    /usr/local/rvm/gems/ruby-1.9.3-p194/gems/activerecord-3.2.8/lib/active_record/fixtures.rb:652:in `timestamp_column_names'
    /usr/local/rvm/gems/ruby-1.9.3-p194/gems/activerecord-3.2.8/lib/active_record/fixtures.rb:585:in `block in table_rows'
    /usr/local/rvm/gems/ruby-1.9.3-p194/gems/activerecord-3.2.8/lib/active_record/fixtures.rb:579:in `each'
    /usr/local/rvm/gems/ruby-1.9.3-p194/gems/activerecord-3.2.8/lib/active_record/fixtures.rb:579:in `map'
    /usr/local/rvm/gems/ruby-1.9.3-p194/gems/activerecord-3.2.8/lib/active_record/fixtures.rb:579:in `table_rows'
    /usr/local/rvm/gems/ruby-1.9.3-p194/gems/activerecord-3.2.8/lib/active_record/fixtures.rb:494:in `block (3 levels) in create_fixtures'
    /usr/local/rvm/gems/ruby-1.9.3-p194/gems/activerecord-3.2.8/lib/active_record/fixtures.rb:492:in `each'
    /usr/local/rvm/gems/ruby-1.9.3-p194/gems/activerecord-3.2.8/lib/active_record/fixtures.rb:492:in `block (2 levels) in create_fixtures'
    /usr/local/rvm/gems/ruby-1.9.3-p194/gems/activerecord-3.2.8/lib/active_record/connection_adapters/abstract/database_statements.rb:192:in `transaction'
    /usr/local/rvm/gems/ruby-1.9.3-p194/gems/activerecord-3.2.8/lib/active_record/fixtures.rb:491:in `block in create_fixtures'
    /usr/local/rvm/gems/ruby-1.9.3-p194/gems/activerecord-3.2.8/lib/active_record/connection_adapters/abstract_adapter.rb:168:in `disable_referential_integrity'
    /usr/local/rvm/gems/ruby-1.9.3-p194/gems/activerecord-3.2.8/lib/active_record/fixtures.rb:476:in `create_fixtures'
    /usr/local/rvm/gems/ruby-1.9.3-p194/gems/activerecord-3.2.8/lib/active_record/fixtures.rb:895:in `load_fixtures'
    /usr/local/rvm/gems/ruby-1.9.3-p194/gems/activerecord-3.2.8/lib/active_record/fixtures.rb:849:in `setup_fixtures'
    /usr/local/rvm/gems/ruby-1.9.3-p194/gems/activesupport-3.2.8/lib/active_support/callbacks.rb:429:in `_run__909431452__setup__874153177__callbacks'
    /usr/local/rvm/gems/ruby-1.9.3-p194/gems/activesupport-3.2.8/lib/active_support/callbacks.rb:405:in `__run_callback'
    /usr/local/rvm/gems/ruby-1.9.3-p194/gems/activesupport-3.2.8/lib/active_support/callbacks.rb:385:in `_run_setup_callbacks'
    /usr/local/rvm/gems/ruby-1.9.3-p194/gems/activesupport-3.2.8/lib/active_support/callbacks.rb:81:in `run_callbacks'
    /usr/local/rvm/gems/ruby-1.9.3-p194/gems/activesupport-3.2.8/lib/active_support/testing/setup_and_teardown.rb:35:in `run'

7 tests, 0 assertions, 0 failures, 7 errors, 0 skips
/usr/local/rvm/rubies/ruby-1.9.3-p194/bin/ruby -I.:lib:test -rubygems test/functional/pages_controller_test.rb -n "/^(test_should_get_contact|test_should_get_home)$/"; /usr/local/rvm/rubies/ruby-1.9.3-p194/bin/ruby -I.:lib:test -rubygems test/functional/microposts_controller_test.rb -n "/^(test_should_create_micropost|test_should_destroy_micropost|test_should_get_edit|test_should_get_index|test_should_get_new|test_should_show_micropost|test_should_update_micropost)$/"; /usr/local/rvm/rubies/ruby-1.9.3-p194/bin/ruby -I.:lib:test -rubygems test/functional/users_controller_test.rb -n "/^(test_should_create_user|test_should_destroy_user|test_should_get_edit|test_should_get_index|test_should_get_new|test_should_show_user|test_should_update_user)$/"
Run options: -n "/^(test_should_get_contact|test_should_get_home)$/"

# Running tests:

EE

Finished tests in 0.045771s, 43.6962 tests/s, 0.0000 assertions/s.

  1) Error:
test_should_get_contact(PagesControllerTest):
ActiveRecord::StatementInvalid: Could not find table 'users'
    /usr/local/rvm/gems/ruby-1.9.3-p194/gems/activerecord-3.2.8/lib/active_record/connection_adapters/sqlite_adapter.rb:472:in `table_structure'
    /usr/local/rvm/gems/ruby-1.9.3-p194/gems/activerecord-3.2.8/lib/active_record/connection_adapters/sqlite_adapter.rb:346:in `columns'
    /usr/local/rvm/gems/ruby-1.9.3-p194/gems/activerecord-3.2.8/lib/active_record/fixtures.rb:660:in `column_names'
    /usr/local/rvm/gems/ruby-1.9.3-p194/gems/activerecord-3.2.8/lib/active_record/fixtures.rb:652:in `timestamp_column_names'
    /usr/local/rvm/gems/ruby-1.9.3-p194/gems/activerecord-3.2.8/lib/active_record/fixtures.rb:585:in `block in table_rows'
    /usr/local/rvm/gems/ruby-1.9.3-p194/gems/activerecord-3.2.8/lib/active_record/fixtures.rb:579:in `each'
    /usr/local/rvm/gems/ruby-1.9.3-p194/gems/activerecord-3.2.8/lib/active_record/fixtures.rb:579:in `map'
    /usr/local/rvm/gems/ruby-1.9.3-p194/gems/activerecord-3.2.8/lib/active_record/fixtures.rb:579:in `table_rows'
    /usr/local/rvm/gems/ruby-1.9.3-p194/gems/activerecord-3.2.8/lib/active_record/fixtures.rb:494:in `block (3 levels) in create_fixtures'
    /usr/local/rvm/gems/ruby-1.9.3-p194/gems/activerecord-3.2.8/lib/active_record/fixtures.rb:492:in `each'
    /usr/local/rvm/gems/ruby-1.9.3-p194/gems/activerecord-3.2.8/lib/active_record/fixtures.rb:492:in `block (2 levels) in create_fixtures'
    /usr/local/rvm/gems/ruby-1.9.3-p194/gems/activerecord-3.2.8/lib/active_record/connection_adapters/abstract/database_statements.rb:192:in `transaction'
    /usr/local/rvm/gems/ruby-1.9.3-p194/gems/activerecord-3.2.8/lib/active_record/fixtures.rb:491:in `block in create_fixtures'
    /usr/local/rvm/gems/ruby-1.9.3-p194/gems/activerecord-3.2.8/lib/active_record/connection_adapters/abstract_adapter.rb:168:in `disable_referential_integrity'
    /usr/local/rvm/gems/ruby-1.9.3-p194/gems/activerecord-3.2.8/lib/active_record/fixtures.rb:476:in `create_fixtures'
    /usr/local/rvm/gems/ruby-1.9.3-p194/gems/activerecord-3.2.8/lib/active_record/fixtures.rb:895:in `load_fixtures'
    /usr/local/rvm/gems/ruby-1.9.3-p194/gems/activerecord-3.2.8/lib/active_record/fixtures.rb:849:in `setup_fixtures'
    /usr/local/rvm/gems/ruby-1.9.3-p194/gems/activesupport-3.2.8/lib/active_support/callbacks.rb:429:in `_run__10745795__setup__224693221__callbacks'
    /usr/local/rvm/gems/ruby-1.9.3-p194/gems/activesupport-3.2.8/lib/active_support/callbacks.rb:405:in `__run_callback'
    /usr/local/rvm/gems/ruby-1.9.3-p194/gems/activesupport-3.2.8/lib/active_support/callbacks.rb:385:in `_run_setup_callbacks'
    /usr/local/rvm/gems/ruby-1.9.3-p194/gems/activesupport-3.2.8/lib/active_support/callbacks.rb:81:in `run_callbacks'
    /usr/local/rvm/gems/ruby-1.9.3-p194/gems/activesupport-3.2.8/lib/active_support/testing/setup_and_teardown.rb:35:in `run'

  2) Error:
test_should_get_home(PagesControllerTest):
ActiveRecord::StatementInvalid: Could not find table 'users'
    /usr/local/rvm/gems/ruby-1.9.3-p194/gems/activerecord-3.2.8/lib/active_record/connection_adapters/sqlite_adapter.rb:472:in `table_structure'
    /usr/local/rvm/gems/ruby-1.9.3-p194/gems/activerecord-3.2.8/lib/active_record/connection_adapters/sqlite_adapter.rb:346:in `columns'
    /usr/local/rvm/gems/ruby-1.9.3-p194/gems/activerecord-3.2.8/lib/active_record/fixtures.rb:660:in `column_names'
    /usr/local/rvm/gems/ruby-1.9.3-p194/gems/activerecord-3.2.8/lib/active_record/fixtures.rb:652:in `timestamp_column_names'
    /usr/local/rvm/gems/ruby-1.9.3-p194/gems/activerecord-3.2.8/lib/active_record/fixtures.rb:585:in `block in table_rows'
    /usr/local/rvm/gems/ruby-1.9.3-p194/gems/activerecord-3.2.8/lib/active_record/fixtures.rb:579:in `each'
    /usr/local/rvm/gems/ruby-1.9.3-p194/gems/activerecord-3.2.8/lib/active_record/fixtures.rb:579:in `map'
    /usr/local/rvm/gems/ruby-1.9.3-p194/gems/activerecord-3.2.8/lib/active_record/fixtures.rb:579:in `table_rows'
    /usr/local/rvm/gems/ruby-1.9.3-p194/gems/activerecord-3.2.8/lib/active_record/fixtures.rb:494:in `block (3 levels) in create_fixtures'
    /usr/local/rvm/gems/ruby-1.9.3-p194/gems/activerecord-3.2.8/lib/active_record/fixtures.rb:492:in `each'
    /usr/local/rvm/gems/ruby-1.9.3-p194/gems/activerecord-3.2.8/lib/active_record/fixtures.rb:492:in `block (2 levels) in create_fixtures'
    /usr/local/rvm/gems/ruby-1.9.3-p194/gems/activerecord-3.2.8/lib/active_record/connection_adapters/abstract/database_statements.rb:192:in `transaction'
    /usr/local/rvm/gems/ruby-1.9.3-p194/gems/activerecord-3.2.8/lib/active_record/fixtures.rb:491:in `block in create_fixtures'
    /usr/local/rvm/gems/ruby-1.9.3-p194/gems/activerecord-3.2.8/lib/active_record/connection_adapters/abstract_adapter.rb:168:in `disable_referential_integrity'
    /usr/local/rvm/gems/ruby-1.9.3-p194/gems/activerecord-3.2.8/lib/active_record/fixtures.rb:476:in `create_fixtures'
    /usr/local/rvm/gems/ruby-1.9.3-p194/gems/activerecord-3.2.8/lib/active_record/fixtures.rb:895:in `load_fixtures'
    /usr/local/rvm/gems/ruby-1.9.3-p194/gems/activerecord-3.2.8/lib/active_record/fixtures.rb:849:in `setup_fixtures'
    /usr/local/rvm/gems/ruby-1.9.3-p194/gems/activesupport-3.2.8/lib/active_support/callbacks.rb:429:in `_run__10745795__setup__224693221__callbacks'
    /usr/local/rvm/gems/ruby-1.9.3-p194/gems/activesupport-3.2.8/lib/active_support/callbacks.rb:405:in `__run_callback'
    /usr/local/rvm/gems/ruby-1.9.3-p194/gems/activesupport-3.2.8/lib/active_support/callbacks.rb:385:in `_run_setup_callbacks'
    /usr/local/rvm/gems/ruby-1.9.3-p194/gems/activesupport-3.2.8/lib/active_support/callbacks.rb:81:in `run_callbacks'
    /usr/local/rvm/gems/ruby-1.9.3-p194/gems/activesupport-3.2.8/lib/active_support/testing/setup_and_teardown.rb:35:in `run'

2 tests, 0 assertions, 0 failures, 2 errors, 0 skips
Run options: -n "/^(test_should_create_micropost|test_should_destroy_micropost|test_should_get_edit|test_should_get_index|test_should_get_new|test_should_show_micropost|test_should_update_micropost)$/"

# Running tests:

EEEEEEE

Finished tests in 0.103118s, 67.8837 tests/s, 0.0000 assertions/s.

  1) Error:
test_should_create_micropost(MicropostsControllerTest):
ActiveRecord::StatementInvalid: Could not find table 'users'
    /usr/local/rvm/gems/ruby-1.9.3-p194/gems/activerecord-3.2.8/lib/active_record/connection_adapters/sqlite_adapter.rb:472:in `table_structure'
    /usr/local/rvm/gems/ruby-1.9.3-p194/gems/activerecord-3.2.8/lib/active_record/connection_adapters/sqlite_adapter.rb:346:in `columns'
    /usr/local/rvm/gems/ruby-1.9.3-p194/gems/activerecord-3.2.8/lib/active_record/fixtures.rb:660:in `column_names'
    /usr/local/rvm/gems/ruby-1.9.3-p194/gems/activerecord-3.2.8/lib/active_record/fixtures.rb:652:in `timestamp_column_names'
    /usr/local/rvm/gems/ruby-1.9.3-p194/gems/activerecord-3.2.8/lib/active_record/fixtures.rb:585:in `block in table_rows'
    /usr/local/rvm/gems/ruby-1.9.3-p194/gems/activerecord-3.2.8/lib/active_record/fixtures.rb:579:in `each'
    /usr/local/rvm/gems/ruby-1.9.3-p194/gems/activerecord-3.2.8/lib/active_record/fixtures.rb:579:in `map'
    /usr/local/rvm/gems/ruby-1.9.3-p194/gems/activerecord-3.2.8/lib/active_record/fixtures.rb:579:in `table_rows'
    /usr/local/rvm/gems/ruby-1.9.3-p194/gems/activerecord-3.2.8/lib/active_record/fixtures.rb:494:in `block (3 levels) in create_fixtures'
    /usr/local/rvm/gems/ruby-1.9.3-p194/gems/activerecord-3.2.8/lib/active_record/fixtures.rb:492:in `each'
    /usr/local/rvm/gems/ruby-1.9.3-p194/gems/activerecord-3.2.8/lib/active_record/fixtures.rb:492:in `block (2 levels) in create_fixtures'
    /usr/local/rvm/gems/ruby-1.9.3-p194/gems/activerecord-3.2.8/lib/active_record/connection_adapters/abstract/database_statements.rb:192:in `transaction'
    /usr/local/rvm/gems/ruby-1.9.3-p194/gems/activerecord-3.2.8/lib/active_record/fixtures.rb:491:in `block in create_fixtures'
    /usr/local/rvm/gems/ruby-1.9.3-p194/gems/activerecord-3.2.8/lib/active_record/connection_adapters/abstract_adapter.rb:168:in `disable_referential_integrity'
    /usr/local/rvm/gems/ruby-1.9.3-p194/gems/activerecord-3.2.8/lib/active_record/fixtures.rb:476:in `create_fixtures'
    /usr/local/rvm/gems/ruby-1.9.3-p194/gems/activerecord-3.2.8/lib/active_record/fixtures.rb:895:in `load_fixtures'
    /usr/local/rvm/gems/ruby-1.9.3-p194/gems/activerecord-3.2.8/lib/active_record/fixtures.rb:849:in `setup_fixtures'
    /usr/local/rvm/gems/ruby-1.9.3-p194/gems/activesupport-3.2.8/lib/active_support/callbacks.rb:429:in `_run__310665927__setup__227297931__callbacks'
    /usr/local/rvm/gems/ruby-1.9.3-p194/gems/activesupport-3.2.8/lib/active_support/callbacks.rb:405:in `__run_callback'
    /usr/local/rvm/gems/ruby-1.9.3-p194/gems/activesupport-3.2.8/lib/active_support/callbacks.rb:385:in `_run_setup_callbacks'
    /usr/local/rvm/gems/ruby-1.9.3-p194/gems/activesupport-3.2.8/lib/active_support/callbacks.rb:81:in `run_callbacks'
    /usr/local/rvm/gems/ruby-1.9.3-p194/gems/activesupport-3.2.8/lib/active_support/testing/setup_and_teardown.rb:35:in `run'

  2) Error:
test_should_destroy_micropost(MicropostsControllerTest):
ActiveRecord::StatementInvalid: Could not find table 'users'
    /usr/local/rvm/gems/ruby-1.9.3-p194/gems/activerecord-3.2.8/lib/active_record/connection_adapters/sqlite_adapter.rb:472:in `table_structure'
    /usr/local/rvm/gems/ruby-1.9.3-p194/gems/activerecord-3.2.8/lib/active_record/connection_adapters/sqlite_adapter.rb:346:in `columns'
    /usr/local/rvm/gems/ruby-1.9.3-p194/gems/activerecord-3.2.8/lib/active_record/fixtures.rb:660:in `column_names'
    /usr/local/rvm/gems/ruby-1.9.3-p194/gems/activerecord-3.2.8/lib/active_record/fixtures.rb:652:in `timestamp_column_names'
    /usr/local/rvm/gems/ruby-1.9.3-p194/gems/activerecord-3.2.8/lib/active_record/fixtures.rb:585:in `block in table_rows'
    /usr/local/rvm/gems/ruby-1.9.3-p194/gems/activerecord-3.2.8/lib/active_record/fixtures.rb:579:in `each'
    /usr/local/rvm/gems/ruby-1.9.3-p194/gems/activerecord-3.2.8/lib/active_record/fixtures.rb:579:in `map'
    /usr/local/rvm/gems/ruby-1.9.3-p194/gems/activerecord-3.2.8/lib/active_record/fixtures.rb:579:in `table_rows'
    /usr/local/rvm/gems/ruby-1.9.3-p194/gems/activerecord-3.2.8/lib/active_record/fixtures.rb:494:in `block (3 levels) in create_fixtures'
    /usr/local/rvm/gems/ruby-1.9.3-p194/gems/activerecord-3.2.8/lib/active_record/fixtures.rb:492:in `each'
    /usr/local/rvm/gems/ruby-1.9.3-p194/gems/activerecord-3.2.8/lib/active_record/fixtures.rb:492:in `block (2 levels) in create_fixtures'
    /usr/local/rvm/gems/ruby-1.9.3-p194/gems/activerecord-3.2.8/lib/active_record/connection_adapters/abstract/database_statements.rb:192:in `transaction'
    /usr/local/rvm/gems/ruby-1.9.3-p194/gems/activerecord-3.2.8/lib/active_record/fixtures.rb:491:in `block in create_fixtures'
    /usr/local/rvm/gems/ruby-1.9.3-p194/gems/activerecord-3.2.8/lib/active_record/connection_adapters/abstract_adapter.rb:168:in `disable_referential_integrity'
    /usr/local/rvm/gems/ruby-1.9.3-p194/gems/activerecord-3.2.8/lib/active_record/fixtures.rb:476:in `create_fixtures'
    /usr/local/rvm/gems/ruby-1.9.3-p194/gems/activerecord-3.2.8/lib/active_record/fixtures.rb:895:in `load_fixtures'
    /usr/local/rvm/gems/ruby-1.9.3-p194/gems/activerecord-3.2.8/lib/active_record/fixtures.rb:849:in `setup_fixtures'
    /usr/local/rvm/gems/ruby-1.9.3-p194/gems/activesupport-3.2.8/lib/active_support/callbacks.rb:429:in `_run__310665927__setup__227297931__callbacks'
    /usr/local/rvm/gems/ruby-1.9.3-p194/gems/activesupport-3.2.8/lib/active_support/callbacks.rb:405:in `__run_callback'
    /usr/local/rvm/gems/ruby-1.9.3-p194/gems/activesupport-3.2.8/lib/active_support/callbacks.rb:385:in `_run_setup_callbacks'
    /usr/local/rvm/gems/ruby-1.9.3-p194/gems/activesupport-3.2.8/lib/active_support/callbacks.rb:81:in `run_callbacks'
    /usr/local/rvm/gems/ruby-1.9.3-p194/gems/activesupport-3.2.8/lib/active_support/testing/setup_and_teardown.rb:35:in `run'

  3) Error:
test_should_get_edit(MicropostsControllerTest):
ActiveRecord::StatementInvalid: Could not find table 'users'
    /usr/local/rvm/gems/ruby-1.9.3-p194/gems/activerecord-3.2.8/lib/active_record/connection_adapters/sqlite_adapter.rb:472:in `table_structure'
    /usr/local/rvm/gems/ruby-1.9.3-p194/gems/activerecord-3.2.8/lib/active_record/connection_adapters/sqlite_adapter.rb:346:in `columns'
    /usr/local/rvm/gems/ruby-1.9.3-p194/gems/activerecord-3.2.8/lib/active_record/fixtures.rb:660:in `column_names'
    /usr/local/rvm/gems/ruby-1.9.3-p194/gems/activerecord-3.2.8/lib/active_record/fixtures.rb:652:in `timestamp_column_names'
    /usr/local/rvm/gems/ruby-1.9.3-p194/gems/activerecord-3.2.8/lib/active_record/fixtures.rb:585:in `block in table_rows'
    /usr/local/rvm/gems/ruby-1.9.3-p194/gems/activerecord-3.2.8/lib/active_record/fixtures.rb:579:in `each'
    /usr/local/rvm/gems/ruby-1.9.3-p194/gems/activerecord-3.2.8/lib/active_record/fixtures.rb:579:in `map'
    /usr/local/rvm/gems/ruby-1.9.3-p194/gems/activerecord-3.2.8/lib/active_record/fixtures.rb:579:in `table_rows'
    /usr/local/rvm/gems/ruby-1.9.3-p194/gems/activerecord-3.2.8/lib/active_record/fixtures.rb:494:in `block (3 levels) in create_fixtures'
    /usr/local/rvm/gems/ruby-1.9.3-p194/gems/activerecord-3.2.8/lib/active_record/fixtures.rb:492:in `each'
    /usr/local/rvm/gems/ruby-1.9.3-p194/gems/activerecord-3.2.8/lib/active_record/fixtures.rb:492:in `block (2 levels) in create_fixtures'
    /usr/local/rvm/gems/ruby-1.9.3-p194/gems/activerecord-3.2.8/lib/active_record/connection_adapters/abstract/database_statements.rb:192:in `transaction'
    /usr/local/rvm/gems/ruby-1.9.3-p194/gems/activerecord-3.2.8/lib/active_record/fixtures.rb:491:in `block in create_fixtures'
    /usr/local/rvm/gems/ruby-1.9.3-p194/gems/activerecord-3.2.8/lib/active_record/connection_adapters/abstract_adapter.rb:168:in `disable_referential_integrity'
    /usr/local/rvm/gems/ruby-1.9.3-p194/gems/activerecord-3.2.8/lib/active_record/fixtures.rb:476:in `create_fixtures'
    /usr/local/rvm/gems/ruby-1.9.3-p194/gems/activerecord-3.2.8/lib/active_record/fixtures.rb:895:in `load_fixtures'
    /usr/local/rvm/gems/ruby-1.9.3-p194/gems/activerecord-3.2.8/lib/active_record/fixtures.rb:849:in `setup_fixtures'
    /usr/local/rvm/gems/ruby-1.9.3-p194/gems/activesupport-3.2.8/lib/active_support/callbacks.rb:429:in `_run__310665927__setup__227297931__callbacks'
    /usr/local/rvm/gems/ruby-1.9.3-p194/gems/activesupport-3.2.8/lib/active_support/callbacks.rb:405:in `__run_callback'
    /usr/local/rvm/gems/ruby-1.9.3-p194/gems/activesupport-3.2.8/lib/active_support/callbacks.rb:385:in `_run_setup_callbacks'
    /usr/local/rvm/gems/ruby-1.9.3-p194/gems/activesupport-3.2.8/lib/active_support/callbacks.rb:81:in `run_callbacks'
    /usr/local/rvm/gems/ruby-1.9.3-p194/gems/activesupport-3.2.8/lib/active_support/testing/setup_and_teardown.rb:35:in `run'

  4) Error:
test_should_get_index(MicropostsControllerTest):
ActiveRecord::StatementInvalid: Could not find table 'users'
    /usr/local/rvm/gems/ruby-1.9.3-p194/gems/activerecord-3.2.8/lib/active_record/connection_adapters/sqlite_adapter.rb:472:in `table_structure'
    /usr/local/rvm/gems/ruby-1.9.3-p194/gems/activerecord-3.2.8/lib/active_record/connection_adapters/sqlite_adapter.rb:346:in `columns'
    /usr/local/rvm/gems/ruby-1.9.3-p194/gems/activerecord-3.2.8/lib/active_record/fixtures.rb:660:in `column_names'
    /usr/local/rvm/gems/ruby-1.9.3-p194/gems/activerecord-3.2.8/lib/active_record/fixtures.rb:652:in `timestamp_column_names'
    /usr/local/rvm/gems/ruby-1.9.3-p194/gems/activerecord-3.2.8/lib/active_record/fixtures.rb:585:in `block in table_rows'
    /usr/local/rvm/gems/ruby-1.9.3-p194/gems/activerecord-3.2.8/lib/active_record/fixtures.rb:579:in `each'
    /usr/local/rvm/gems/ruby-1.9.3-p194/gems/activerecord-3.2.8/lib/active_record/fixtures.rb:579:in `map'
    /usr/local/rvm/gems/ruby-1.9.3-p194/gems/activerecord-3.2.8/lib/active_record/fixtures.rb:579:in `table_rows'
    /usr/local/rvm/gems/ruby-1.9.3-p194/gems/activerecord-3.2.8/lib/active_record/fixtures.rb:494:in `block (3 levels) in create_fixtures'
    /usr/local/rvm/gems/ruby-1.9.3-p194/gems/activerecord-3.2.8/lib/active_record/fixtures.rb:492:in `each'
    /usr/local/rvm/gems/ruby-1.9.3-p194/gems/activerecord-3.2.8/lib/active_record/fixtures.rb:492:in `block (2 levels) in create_fixtures'
    /usr/local/rvm/gems/ruby-1.9.3-p194/gems/activerecord-3.2.8/lib/active_record/connection_adapters/abstract/database_statements.rb:192:in `transaction'
    /usr/local/rvm/gems/ruby-1.9.3-p194/gems/activerecord-3.2.8/lib/active_record/fixtures.rb:491:in `block in create_fixtures'
    /usr/local/rvm/gems/ruby-1.9.3-p194/gems/activerecord-3.2.8/lib/active_record/connection_adapters/abstract_adapter.rb:168:in `disable_referential_integrity'
    /usr/local/rvm/gems/ruby-1.9.3-p194/gems/activerecord-3.2.8/lib/active_record/fixtures.rb:476:in `create_fixtures'
    /usr/local/rvm/gems/ruby-1.9.3-p194/gems/activerecord-3.2.8/lib/active_record/fixtures.rb:895:in `load_fixtures'
    /usr/local/rvm/gems/ruby-1.9.3-p194/gems/activerecord-3.2.8/lib/active_record/fixtures.rb:849:in `setup_fixtures'
    /usr/local/rvm/gems/ruby-1.9.3-p194/gems/activesupport-3.2.8/lib/active_support/callbacks.rb:429:in `_run__310665927__setup__227297931__callbacks'
    /usr/local/rvm/gems/ruby-1.9.3-p194/gems/activesupport-3.2.8/lib/active_support/callbacks.rb:405:in `__run_callback'
    /usr/local/rvm/gems/ruby-1.9.3-p194/gems/activesupport-3.2.8/lib/active_support/callbacks.rb:385:in `_run_setup_callbacks'
    /usr/local/rvm/gems/ruby-1.9.3-p194/gems/activesupport-3.2.8/lib/active_support/callbacks.rb:81:in `run_callbacks'
    /usr/local/rvm/gems/ruby-1.9.3-p194/gems/activesupport-3.2.8/lib/active_support/testing/setup_and_teardown.rb:35:in `run'

  5) Error:
test_should_get_new(MicropostsControllerTest):
ActiveRecord::StatementInvalid: Could not find table 'users'
    /usr/local/rvm/gems/ruby-1.9.3-p194/gems/activerecord-3.2.8/lib/active_record/connection_adapters/sqlite_adapter.rb:472:in `table_structure'
    /usr/local/rvm/gems/ruby-1.9.3-p194/gems/activerecord-3.2.8/lib/active_record/connection_adapters/sqlite_adapter.rb:346:in `columns'
    /usr/local/rvm/gems/ruby-1.9.3-p194/gems/activerecord-3.2.8/lib/active_record/fixtures.rb:660:in `column_names'
    /usr/local/rvm/gems/ruby-1.9.3-p194/gems/activerecord-3.2.8/lib/active_record/fixtures.rb:652:in `timestamp_column_names'
    /usr/local/rvm/gems/ruby-1.9.3-p194/gems/activerecord-3.2.8/lib/active_record/fixtures.rb:585:in `block in table_rows'
    /usr/local/rvm/gems/ruby-1.9.3-p194/gems/activerecord-3.2.8/lib/active_record/fixtures.rb:579:in `each'
    /usr/local/rvm/gems/ruby-1.9.3-p194/gems/activerecord-3.2.8/lib/active_record/fixtures.rb:579:in `map'
    /usr/local/rvm/gems/ruby-1.9.3-p194/gems/activerecord-3.2.8/lib/active_record/fixtures.rb:579:in `table_rows'
    /usr/local/rvm/gems/ruby-1.9.3-p194/gems/activerecord-3.2.8/lib/active_record/fixtures.rb:494:in `block (3 levels) in create_fixtures'
    /usr/local/rvm/gems/ruby-1.9.3-p194/gems/activerecord-3.2.8/lib/active_record/fixtures.rb:492:in `each'
    /usr/local/rvm/gems/ruby-1.9.3-p194/gems/activerecord-3.2.8/lib/active_record/fixtures.rb:492:in `block (2 levels) in create_fixtures'
    /usr/local/rvm/gems/ruby-1.9.3-p194/gems/activerecord-3.2.8/lib/active_record/connection_adapters/abstract/database_statements.rb:192:in `transaction'
    /usr/local/rvm/gems/ruby-1.9.3-p194/gems/activerecord-3.2.8/lib/active_record/fixtures.rb:491:in `block in create_fixtures'
    /usr/local/rvm/gems/ruby-1.9.3-p194/gems/activerecord-3.2.8/lib/active_record/connection_adapters/abstract_adapter.rb:168:in `disable_referential_integrity'
    /usr/local/rvm/gems/ruby-1.9.3-p194/gems/activerecord-3.2.8/lib/active_record/fixtures.rb:476:in `create_fixtures'
    /usr/local/rvm/gems/ruby-1.9.3-p194/gems/activerecord-3.2.8/lib/active_record/fixtures.rb:895:in `load_fixtures'
    /usr/local/rvm/gems/ruby-1.9.3-p194/gems/activerecord-3.2.8/lib/active_record/fixtures.rb:849:in `setup_fixtures'
    /usr/local/rvm/gems/ruby-1.9.3-p194/gems/activesupport-3.2.8/lib/active_support/callbacks.rb:429:in `_run__310665927__setup__227297931__callbacks'
    /usr/local/rvm/gems/ruby-1.9.3-p194/gems/activesupport-3.2.8/lib/active_support/callbacks.rb:405:in `__run_callback'
    /usr/local/rvm/gems/ruby-1.9.3-p194/gems/activesupport-3.2.8/lib/active_support/callbacks.rb:385:in `_run_setup_callbacks'
    /usr/local/rvm/gems/ruby-1.9.3-p194/gems/activesupport-3.2.8/lib/active_support/callbacks.rb:81:in `run_callbacks'
    /usr/local/rvm/gems/ruby-1.9.3-p194/gems/activesupport-3.2.8/lib/active_support/testing/setup_and_teardown.rb:35:in `run'

  6) Error:
test_should_show_micropost(MicropostsControllerTest):
ActiveRecord::StatementInvalid: Could not find table 'users'
    /usr/local/rvm/gems/ruby-1.9.3-p194/gems/activerecord-3.2.8/lib/active_record/connection_adapters/sqlite_adapter.rb:472:in `table_structure'
    /usr/local/rvm/gems/ruby-1.9.3-p194/gems/activerecord-3.2.8/lib/active_record/connection_adapters/sqlite_adapter.rb:346:in `columns'
    /usr/local/rvm/gems/ruby-1.9.3-p194/gems/activerecord-3.2.8/lib/active_record/fixtures.rb:660:in `column_names'
    /usr/local/rvm/gems/ruby-1.9.3-p194/gems/activerecord-3.2.8/lib/active_record/fixtures.rb:652:in `timestamp_column_names'
    /usr/local/rvm/gems/ruby-1.9.3-p194/gems/activerecord-3.2.8/lib/active_record/fixtures.rb:585:in `block in table_rows'
    /usr/local/rvm/gems/ruby-1.9.3-p194/gems/activerecord-3.2.8/lib/active_record/fixtures.rb:579:in `each'
    /usr/local/rvm/gems/ruby-1.9.3-p194/gems/activerecord-3.2.8/lib/active_record/fixtures.rb:579:in `map'
    /usr/local/rvm/gems/ruby-1.9.3-p194/gems/activerecord-3.2.8/lib/active_record/fixtures.rb:579:in `table_rows'
    /usr/local/rvm/gems/ruby-1.9.3-p194/gems/activerecord-3.2.8/lib/active_record/fixtures.rb:494:in `block (3 levels) in create_fixtures'
    /usr/local/rvm/gems/ruby-1.9.3-p194/gems/activerecord-3.2.8/lib/active_record/fixtures.rb:492:in `each'
    /usr/local/rvm/gems/ruby-1.9.3-p194/gems/activerecord-3.2.8/lib/active_record/fixtures.rb:492:in `block (2 levels) in create_fixtures'
    /usr/local/rvm/gems/ruby-1.9.3-p194/gems/activerecord-3.2.8/lib/active_record/connection_adapters/abstract/database_statements.rb:192:in `transaction'
    /usr/local/rvm/gems/ruby-1.9.3-p194/gems/activerecord-3.2.8/lib/active_record/fixtures.rb:491:in `block in create_fixtures'
    /usr/local/rvm/gems/ruby-1.9.3-p194/gems/activerecord-3.2.8/lib/active_record/connection_adapters/abstract_adapter.rb:168:in `disable_referential_integrity'
    /usr/local/rvm/gems/ruby-1.9.3-p194/gems/activerecord-3.2.8/lib/active_record/fixtures.rb:476:in `create_fixtures'
    /usr/local/rvm/gems/ruby-1.9.3-p194/gems/activerecord-3.2.8/lib/active_record/fixtures.rb:895:in `load_fixtures'
    /usr/local/rvm/gems/ruby-1.9.3-p194/gems/activerecord-3.2.8/lib/active_record/fixtures.rb:849:in `setup_fixtures'
    /usr/local/rvm/gems/ruby-1.9.3-p194/gems/activesupport-3.2.8/lib/active_support/callbacks.rb:429:in `_run__310665927__setup__227297931__callbacks'
    /usr/local/rvm/gems/ruby-1.9.3-p194/gems/activesupport-3.2.8/lib/active_support/callbacks.rb:405:in `__run_callback'
    /usr/local/rvm/gems/ruby-1.9.3-p194/gems/activesupport-3.2.8/lib/active_support/callbacks.rb:385:in `_run_setup_callbacks'
    /usr/local/rvm/gems/ruby-1.9.3-p194/gems/activesupport-3.2.8/lib/active_support/callbacks.rb:81:in `run_callbacks'
    /usr/local/rvm/gems/ruby-1.9.3-p194/gems/activesupport-3.2.8/lib/active_support/testing/setup_and_teardown.rb:35:in `run'

  7) Error:
test_should_update_micropost(MicropostsControllerTest):
ActiveRecord::StatementInvalid: Could not find table 'users'
    /usr/local/rvm/gems/ruby-1.9.3-p194/gems/activerecord-3.2.8/lib/active_record/connection_adapters/sqlite_adapter.rb:472:in `table_structure'
    /usr/local/rvm/gems/ruby-1.9.3-p194/gems/activerecord-3.2.8/lib/active_record/connection_adapters/sqlite_adapter.rb:346:in `columns'
    /usr/local/rvm/gems/ruby-1.9.3-p194/gems/activerecord-3.2.8/lib/active_record/fixtures.rb:660:in `column_names'
    /usr/local/rvm/gems/ruby-1.9.3-p194/gems/activerecord-3.2.8/lib/active_record/fixtures.rb:652:in `timestamp_column_names'
    /usr/local/rvm/gems/ruby-1.9.3-p194/gems/activerecord-3.2.8/lib/active_record/fixtures.rb:585:in `block in table_rows'
    /usr/local/rvm/gems/ruby-1.9.3-p194/gems/activerecord-3.2.8/lib/active_record/fixtures.rb:579:in `each'
    /usr/local/rvm/gems/ruby-1.9.3-p194/gems/activerecord-3.2.8/lib/active_record/fixtures.rb:579:in `map'
    /usr/local/rvm/gems/ruby-1.9.3-p194/gems/activerecord-3.2.8/lib/active_record/fixtures.rb:579:in `table_rows'
    /usr/local/rvm/gems/ruby-1.9.3-p194/gems/activerecord-3.2.8/lib/active_record/fixtures.rb:494:in `block (3 levels) in create_fixtures'
    /usr/local/rvm/gems/ruby-1.9.3-p194/gems/activerecord-3.2.8/lib/active_record/fixtures.rb:492:in `each'
    /usr/local/rvm/gems/ruby-1.9.3-p194/gems/activerecord-3.2.8/lib/active_record/fixtures.rb:492:in `block (2 levels) in create_fixtures'
    /usr/local/rvm/gems/ruby-1.9.3-p194/gems/activerecord-3.2.8/lib/active_record/connection_adapters/abstract/database_statements.rb:192:in `transaction'
    /usr/local/rvm/gems/ruby-1.9.3-p194/gems/activerecord-3.2.8/lib/active_record/fixtures.rb:491:in `block in create_fixtures'
    /usr/local/rvm/gems/ruby-1.9.3-p194/gems/activerecord-3.2.8/lib/active_record/connection_adapters/abstract_adapter.rb:168:in `disable_referential_integrity'
    /usr/local/rvm/gems/ruby-1.9.3-p194/gems/activerecord-3.2.8/lib/active_record/fixtures.rb:476:in `create_fixtures'
    /usr/local/rvm/gems/ruby-1.9.3-p194/gems/activerecord-3.2.8/lib/active_record/fixtures.rb:895:in `load_fixtures'
    /usr/local/rvm/gems/ruby-1.9.3-p194/gems/activerecord-3.2.8/lib/active_record/fixtures.rb:849:in `setup_fixtures'
    /usr/local/rvm/gems/ruby-1.9.3-p194/gems/activesupport-3.2.8/lib/active_support/callbacks.rb:429:in `_run__310665927__setup__227297931__callbacks'
    /usr/local/rvm/gems/ruby-1.9.3-p194/gems/activesupport-3.2.8/lib/active_support/callbacks.rb:405:in `__run_callback'
    /usr/local/rvm/gems/ruby-1.9.3-p194/gems/activesupport-3.2.8/lib/active_support/callbacks.rb:385:in `_run_setup_callbacks'
    /usr/local/rvm/gems/ruby-1.9.3-p194/gems/activesupport-3.2.8/lib/active_support/callbacks.rb:81:in `run_callbacks'
    /usr/local/rvm/gems/ruby-1.9.3-p194/gems/activesupport-3.2.8/lib/active_support/testing/setup_and_teardown.rb:35:in `run'

7 tests, 0 assertions, 0 failures, 7 errors, 0 skips
Run options: -n "/^(test_should_create_user|test_should_destroy_user|test_should_get_edit|test_should_get_index|test_should_get_new|test_should_show_user|test_should_update_user)$/"

# Running tests:

EEEEEEE

Finished tests in 0.107617s, 65.0455 tests/s, 0.0000 assertions/s.

  1) Error:
test_should_create_user(UsersControllerTest):
ActiveRecord::StatementInvalid: Could not find table 'users'
    /usr/local/rvm/gems/ruby-1.9.3-p194/gems/activerecord-3.2.8/lib/active_record/connection_adapters/sqlite_adapter.rb:472:in `table_structure'
    /usr/local/rvm/gems/ruby-1.9.3-p194/gems/activerecord-3.2.8/lib/active_record/connection_adapters/sqlite_adapter.rb:346:in `columns'
    /usr/local/rvm/gems/ruby-1.9.3-p194/gems/activerecord-3.2.8/lib/active_record/fixtures.rb:660:in `column_names'
    /usr/local/rvm/gems/ruby-1.9.3-p194/gems/activerecord-3.2.8/lib/active_record/fixtures.rb:652:in `timestamp_column_names'
    /usr/local/rvm/gems/ruby-1.9.3-p194/gems/activerecord-3.2.8/lib/active_record/fixtures.rb:585:in `block in table_rows'
    /usr/local/rvm/gems/ruby-1.9.3-p194/gems/activerecord-3.2.8/lib/active_record/fixtures.rb:579:in `each'
    /usr/local/rvm/gems/ruby-1.9.3-p194/gems/activerecord-3.2.8/lib/active_record/fixtures.rb:579:in `map'
    /usr/local/rvm/gems/ruby-1.9.3-p194/gems/activerecord-3.2.8/lib/active_record/fixtures.rb:579:in `table_rows'
    /usr/local/rvm/gems/ruby-1.9.3-p194/gems/activerecord-3.2.8/lib/active_record/fixtures.rb:494:in `block (3 levels) in create_fixtures'
    /usr/local/rvm/gems/ruby-1.9.3-p194/gems/activerecord-3.2.8/lib/active_record/fixtures.rb:492:in `each'
    /usr/local/rvm/gems/ruby-1.9.3-p194/gems/activerecord-3.2.8/lib/active_record/fixtures.rb:492:in `block (2 levels) in create_fixtures'
    /usr/local/rvm/gems/ruby-1.9.3-p194/gems/activerecord-3.2.8/lib/active_record/connection_adapters/abstract/database_statements.rb:192:in `transaction'
    /usr/local/rvm/gems/ruby-1.9.3-p194/gems/activerecord-3.2.8/lib/active_record/fixtures.rb:491:in `block in create_fixtures'
    /usr/local/rvm/gems/ruby-1.9.3-p194/gems/activerecord-3.2.8/lib/active_record/connection_adapters/abstract_adapter.rb:168:in `disable_referential_integrity'
    /usr/local/rvm/gems/ruby-1.9.3-p194/gems/activerecord-3.2.8/lib/active_record/fixtures.rb:476:in `create_fixtures'
    /usr/local/rvm/gems/ruby-1.9.3-p194/gems/activerecord-3.2.8/lib/active_record/fixtures.rb:895:in `load_fixtures'
    /usr/local/rvm/gems/ruby-1.9.3-p194/gems/activerecord-3.2.8/lib/active_record/fixtures.rb:849:in `setup_fixtures'
    /usr/local/rvm/gems/ruby-1.9.3-p194/gems/activesupport-3.2.8/lib/active_support/callbacks.rb:429:in `_run__603562797__setup__522287249__callbacks'
    /usr/local/rvm/gems/ruby-1.9.3-p194/gems/activesupport-3.2.8/lib/active_support/callbacks.rb:405:in `__run_callback'
    /usr/local/rvm/gems/ruby-1.9.3-p194/gems/activesupport-3.2.8/lib/active_support/callbacks.rb:385:in `_run_setup_callbacks'
    /usr/local/rvm/gems/ruby-1.9.3-p194/gems/activesupport-3.2.8/lib/active_support/callbacks.rb:81:in `run_callbacks'
    /usr/local/rvm/gems/ruby-1.9.3-p194/gems/activesupport-3.2.8/lib/active_support/testing/setup_and_teardown.rb:35:in `run'

  2) Error:
test_should_destroy_user(UsersControllerTest):
ActiveRecord::StatementInvalid: Could not find table 'users'
    /usr/local/rvm/gems/ruby-1.9.3-p194/gems/activerecord-3.2.8/lib/active_record/connection_adapters/sqlite_adapter.rb:472:in `table_structure'
    /usr/local/rvm/gems/ruby-1.9.3-p194/gems/activerecord-3.2.8/lib/active_record/connection_adapters/sqlite_adapter.rb:346:in `columns'
    /usr/local/rvm/gems/ruby-1.9.3-p194/gems/activerecord-3.2.8/lib/active_record/fixtures.rb:660:in `column_names'
    /usr/local/rvm/gems/ruby-1.9.3-p194/gems/activerecord-3.2.8/lib/active_record/fixtures.rb:652:in `timestamp_column_names'
    /usr/local/rvm/gems/ruby-1.9.3-p194/gems/activerecord-3.2.8/lib/active_record/fixtures.rb:585:in `block in table_rows'
    /usr/local/rvm/gems/ruby-1.9.3-p194/gems/activerecord-3.2.8/lib/active_record/fixtures.rb:579:in `each'
    /usr/local/rvm/gems/ruby-1.9.3-p194/gems/activerecord-3.2.8/lib/active_record/fixtures.rb:579:in `map'
    /usr/local/rvm/gems/ruby-1.9.3-p194/gems/activerecord-3.2.8/lib/active_record/fixtures.rb:579:in `table_rows'
    /usr/local/rvm/gems/ruby-1.9.3-p194/gems/activerecord-3.2.8/lib/active_record/fixtures.rb:494:in `block (3 levels) in create_fixtures'
    /usr/local/rvm/gems/ruby-1.9.3-p194/gems/activerecord-3.2.8/lib/active_record/fixtures.rb:492:in `each'
    /usr/local/rvm/gems/ruby-1.9.3-p194/gems/activerecord-3.2.8/lib/active_record/fixtures.rb:492:in `block (2 levels) in create_fixtures'
    /usr/local/rvm/gems/ruby-1.9.3-p194/gems/activerecord-3.2.8/lib/active_record/connection_adapters/abstract/database_statements.rb:192:in `transaction'
    /usr/local/rvm/gems/ruby-1.9.3-p194/gems/activerecord-3.2.8/lib/active_record/fixtures.rb:491:in `block in create_fixtures'
    /usr/local/rvm/gems/ruby-1.9.3-p194/gems/activerecord-3.2.8/lib/active_record/connection_adapters/abstract_adapter.rb:168:in `disable_referential_integrity'
    /usr/local/rvm/gems/ruby-1.9.3-p194/gems/activerecord-3.2.8/lib/active_record/fixtures.rb:476:in `create_fixtures'
    /usr/local/rvm/gems/ruby-1.9.3-p194/gems/activerecord-3.2.8/lib/active_record/fixtures.rb:895:in `load_fixtures'
    /usr/local/rvm/gems/ruby-1.9.3-p194/gems/activerecord-3.2.8/lib/active_record/fixtures.rb:849:in `setup_fixtures'
    /usr/local/rvm/gems/ruby-1.9.3-p194/gems/activesupport-3.2.8/lib/active_support/callbacks.rb:429:in `_run__603562797__setup__522287249__callbacks'
    /usr/local/rvm/gems/ruby-1.9.3-p194/gems/activesupport-3.2.8/lib/active_support/callbacks.rb:405:in `__run_callback'
    /usr/local/rvm/gems/ruby-1.9.3-p194/gems/activesupport-3.2.8/lib/active_support/callbacks.rb:385:in `_run_setup_callbacks'
    /usr/local/rvm/gems/ruby-1.9.3-p194/gems/activesupport-3.2.8/lib/active_support/callbacks.rb:81:in `run_callbacks'
    /usr/local/rvm/gems/ruby-1.9.3-p194/gems/activesupport-3.2.8/lib/active_support/testing/setup_and_teardown.rb:35:in `run'

  3) Error:
test_should_get_edit(UsersControllerTest):
ActiveRecord::StatementInvalid: Could not find table 'users'
    /usr/local/rvm/gems/ruby-1.9.3-p194/gems/activerecord-3.2.8/lib/active_record/connection_adapters/sqlite_adapter.rb:472:in `table_structure'
    /usr/local/rvm/gems/ruby-1.9.3-p194/gems/activerecord-3.2.8/lib/active_record/connection_adapters/sqlite_adapter.rb:346:in `columns'
    /usr/local/rvm/gems/ruby-1.9.3-p194/gems/activerecord-3.2.8/lib/active_record/fixtures.rb:660:in `column_names'
    /usr/local/rvm/gems/ruby-1.9.3-p194/gems/activerecord-3.2.8/lib/active_record/fixtures.rb:652:in `timestamp_column_names'
    /usr/local/rvm/gems/ruby-1.9.3-p194/gems/activerecord-3.2.8/lib/active_record/fixtures.rb:585:in `block in table_rows'
    /usr/local/rvm/gems/ruby-1.9.3-p194/gems/activerecord-3.2.8/lib/active_record/fixtures.rb:579:in `each'
    /usr/local/rvm/gems/ruby-1.9.3-p194/gems/activerecord-3.2.8/lib/active_record/fixtures.rb:579:in `map'
    /usr/local/rvm/gems/ruby-1.9.3-p194/gems/activerecord-3.2.8/lib/active_record/fixtures.rb:579:in `table_rows'
    /usr/local/rvm/gems/ruby-1.9.3-p194/gems/activerecord-3.2.8/lib/active_record/fixtures.rb:494:in `block (3 levels) in create_fixtures'
    /usr/local/rvm/gems/ruby-1.9.3-p194/gems/activerecord-3.2.8/lib/active_record/fixtures.rb:492:in `each'
    /usr/local/rvm/gems/ruby-1.9.3-p194/gems/activerecord-3.2.8/lib/active_record/fixtures.rb:492:in `block (2 levels) in create_fixtures'
    /usr/local/rvm/gems/ruby-1.9.3-p194/gems/activerecord-3.2.8/lib/active_record/connection_adapters/abstract/database_statements.rb:192:in `transaction'
    /usr/local/rvm/gems/ruby-1.9.3-p194/gems/activerecord-3.2.8/lib/active_record/fixtures.rb:491:in `block in create_fixtures'
    /usr/local/rvm/gems/ruby-1.9.3-p194/gems/activerecord-3.2.8/lib/active_record/connection_adapters/abstract_adapter.rb:168:in `disable_referential_integrity'
    /usr/local/rvm/gems/ruby-1.9.3-p194/gems/activerecord-3.2.8/lib/active_record/fixtures.rb:476:in `create_fixtures'
    /usr/local/rvm/gems/ruby-1.9.3-p194/gems/activerecord-3.2.8/lib/active_record/fixtures.rb:895:in `load_fixtures'
    /usr/local/rvm/gems/ruby-1.9.3-p194/gems/activerecord-3.2.8/lib/active_record/fixtures.rb:849:in `setup_fixtures'
    /usr/local/rvm/gems/ruby-1.9.3-p194/gems/activesupport-3.2.8/lib/active_support/callbacks.rb:429:in `_run__603562797__setup__522287249__callbacks'
    /usr/local/rvm/gems/ruby-1.9.3-p194/gems/activesupport-3.2.8/lib/active_support/callbacks.rb:405:in `__run_callback'
    /usr/local/rvm/gems/ruby-1.9.3-p194/gems/activesupport-3.2.8/lib/active_support/callbacks.rb:385:in `_run_setup_callbacks'
    /usr/local/rvm/gems/ruby-1.9.3-p194/gems/activesupport-3.2.8/lib/active_support/callbacks.rb:81:in `run_callbacks'
    /usr/local/rvm/gems/ruby-1.9.3-p194/gems/activesupport-3.2.8/lib/active_support/testing/setup_and_teardown.rb:35:in `run'

  4) Error:
test_should_get_index(UsersControllerTest):
ActiveRecord::StatementInvalid: Could not find table 'users'
    /usr/local/rvm/gems/ruby-1.9.3-p194/gems/activerecord-3.2.8/lib/active_record/connection_adapters/sqlite_adapter.rb:472:in `table_structure'
    /usr/local/rvm/gems/ruby-1.9.3-p194/gems/activerecord-3.2.8/lib/active_record/connection_adapters/sqlite_adapter.rb:346:in `columns'
    /usr/local/rvm/gems/ruby-1.9.3-p194/gems/activerecord-3.2.8/lib/active_record/fixtures.rb:660:in `column_names'
    /usr/local/rvm/gems/ruby-1.9.3-p194/gems/activerecord-3.2.8/lib/active_record/fixtures.rb:652:in `timestamp_column_names'
    /usr/local/rvm/gems/ruby-1.9.3-p194/gems/activerecord-3.2.8/lib/active_record/fixtures.rb:585:in `block in table_rows'
    /usr/local/rvm/gems/ruby-1.9.3-p194/gems/activerecord-3.2.8/lib/active_record/fixtures.rb:579:in `each'
    /usr/local/rvm/gems/ruby-1.9.3-p194/gems/activerecord-3.2.8/lib/active_record/fixtures.rb:579:in `map'
    /usr/local/rvm/gems/ruby-1.9.3-p194/gems/activerecord-3.2.8/lib/active_record/fixtures.rb:579:in `table_rows'
    /usr/local/rvm/gems/ruby-1.9.3-p194/gems/activerecord-3.2.8/lib/active_record/fixtures.rb:494:in `block (3 levels) in create_fixtures'
    /usr/local/rvm/gems/ruby-1.9.3-p194/gems/activerecord-3.2.8/lib/active_record/fixtures.rb:492:in `each'
    /usr/local/rvm/gems/ruby-1.9.3-p194/gems/activerecord-3.2.8/lib/active_record/fixtures.rb:492:in `block (2 levels) in create_fixtures'
    /usr/local/rvm/gems/ruby-1.9.3-p194/gems/activerecord-3.2.8/lib/active_record/connection_adapters/abstract/database_statements.rb:192:in `transaction'
    /usr/local/rvm/gems/ruby-1.9.3-p194/gems/activerecord-3.2.8/lib/active_record/fixtures.rb:491:in `block in create_fixtures'
    /usr/local/rvm/gems/ruby-1.9.3-p194/gems/activerecord-3.2.8/lib/active_record/connection_adapters/abstract_adapter.rb:168:in `disable_referential_integrity'
    /usr/local/rvm/gems/ruby-1.9.3-p194/gems/activerecord-3.2.8/lib/active_record/fixtures.rb:476:in `create_fixtures'
    /usr/local/rvm/gems/ruby-1.9.3-p194/gems/activerecord-3.2.8/lib/active_record/fixtures.rb:895:in `load_fixtures'
    /usr/local/rvm/gems/ruby-1.9.3-p194/gems/activerecord-3.2.8/lib/active_record/fixtures.rb:849:in `setup_fixtures'
    /usr/local/rvm/gems/ruby-1.9.3-p194/gems/activesupport-3.2.8/lib/active_support/callbacks.rb:429:in `_run__603562797__setup__522287249__callbacks'
    /usr/local/rvm/gems/ruby-1.9.3-p194/gems/activesupport-3.2.8/lib/active_support/callbacks.rb:405:in `__run_callback'
    /usr/local/rvm/gems/ruby-1.9.3-p194/gems/activesupport-3.2.8/lib/active_support/callbacks.rb:385:in `_run_setup_callbacks'
    /usr/local/rvm/gems/ruby-1.9.3-p194/gems/activesupport-3.2.8/lib/active_support/callbacks.rb:81:in `run_callbacks'
    /usr/local/rvm/gems/ruby-1.9.3-p194/gems/activesupport-3.2.8/lib/active_support/testing/setup_and_teardown.rb:35:in `run'

  5) Error:
test_should_get_new(UsersControllerTest):
ActiveRecord::StatementInvalid: Could not find table 'users'
    /usr/local/rvm/gems/ruby-1.9.3-p194/gems/activerecord-3.2.8/lib/active_record/connection_adapters/sqlite_adapter.rb:472:in `table_structure'
    /usr/local/rvm/gems/ruby-1.9.3-p194/gems/activerecord-3.2.8/lib/active_record/connection_adapters/sqlite_adapter.rb:346:in `columns'
    /usr/local/rvm/gems/ruby-1.9.3-p194/gems/activerecord-3.2.8/lib/active_record/fixtures.rb:660:in `column_names'
    /usr/local/rvm/gems/ruby-1.9.3-p194/gems/activerecord-3.2.8/lib/active_record/fixtures.rb:652:in `timestamp_column_names'
    /usr/local/rvm/gems/ruby-1.9.3-p194/gems/activerecord-3.2.8/lib/active_record/fixtures.rb:585:in `block in table_rows'
    /usr/local/rvm/gems/ruby-1.9.3-p194/gems/activerecord-3.2.8/lib/active_record/fixtures.rb:579:in `each'
    /usr/local/rvm/gems/ruby-1.9.3-p194/gems/activerecord-3.2.8/lib/active_record/fixtures.rb:579:in `map'
    /usr/local/rvm/gems/ruby-1.9.3-p194/gems/activerecord-3.2.8/lib/active_record/fixtures.rb:579:in `table_rows'
    /usr/local/rvm/gems/ruby-1.9.3-p194/gems/activerecord-3.2.8/lib/active_record/fixtures.rb:494:in `block (3 levels) in create_fixtures'
    /usr/local/rvm/gems/ruby-1.9.3-p194/gems/activerecord-3.2.8/lib/active_record/fixtures.rb:492:in `each'
    /usr/local/rvm/gems/ruby-1.9.3-p194/gems/activerecord-3.2.8/lib/active_record/fixtures.rb:492:in `block (2 levels) in create_fixtures'
    /usr/local/rvm/gems/ruby-1.9.3-p194/gems/activerecord-3.2.8/lib/active_record/connection_adapters/abstract/database_statements.rb:192:in `transaction'
    /usr/local/rvm/gems/ruby-1.9.3-p194/gems/activerecord-3.2.8/lib/active_record/fixtures.rb:491:in `block in create_fixtures'
    /usr/local/rvm/gems/ruby-1.9.3-p194/gems/activerecord-3.2.8/lib/active_record/connection_adapters/abstract_adapter.rb:168:in `disable_referential_integrity'
    /usr/local/rvm/gems/ruby-1.9.3-p194/gems/activerecord-3.2.8/lib/active_record/fixtures.rb:476:in `create_fixtures'
    /usr/local/rvm/gems/ruby-1.9.3-p194/gems/activerecord-3.2.8/lib/active_record/fixtures.rb:895:in `load_fixtures'
    /usr/local/rvm/gems/ruby-1.9.3-p194/gems/activerecord-3.2.8/lib/active_record/fixtures.rb:849:in `setup_fixtures'
    /usr/local/rvm/gems/ruby-1.9.3-p194/gems/activesupport-3.2.8/lib/active_support/callbacks.rb:429:in `_run__603562797__setup__522287249__callbacks'
    /usr/local/rvm/gems/ruby-1.9.3-p194/gems/activesupport-3.2.8/lib/active_support/callbacks.rb:405:in `__run_callback'
    /usr/local/rvm/gems/ruby-1.9.3-p194/gems/activesupport-3.2.8/lib/active_support/callbacks.rb:385:in `_run_setup_callbacks'
    /usr/local/rvm/gems/ruby-1.9.3-p194/gems/activesupport-3.2.8/lib/active_support/callbacks.rb:81:in `run_callbacks'
    /usr/local/rvm/gems/ruby-1.9.3-p194/gems/activesupport-3.2.8/lib/active_support/testing/setup_and_teardown.rb:35:in `run'

  6) Error:
test_should_show_user(UsersControllerTest):
ActiveRecord::StatementInvalid: Could not find table 'users'
    /usr/local/rvm/gems/ruby-1.9.3-p194/gems/activerecord-3.2.8/lib/active_record/connection_adapters/sqlite_adapter.rb:472:in `table_structure'
    /usr/local/rvm/gems/ruby-1.9.3-p194/gems/activerecord-3.2.8/lib/active_record/connection_adapters/sqlite_adapter.rb:346:in `columns'
    /usr/local/rvm/gems/ruby-1.9.3-p194/gems/activerecord-3.2.8/lib/active_record/fixtures.rb:660:in `column_names'
    /usr/local/rvm/gems/ruby-1.9.3-p194/gems/activerecord-3.2.8/lib/active_record/fixtures.rb:652:in `timestamp_column_names'
    /usr/local/rvm/gems/ruby-1.9.3-p194/gems/activerecord-3.2.8/lib/active_record/fixtures.rb:585:in `block in table_rows'
    /usr/local/rvm/gems/ruby-1.9.3-p194/gems/activerecord-3.2.8/lib/active_record/fixtures.rb:579:in `each'
    /usr/local/rvm/gems/ruby-1.9.3-p194/gems/activerecord-3.2.8/lib/active_record/fixtures.rb:579:in `map'
    /usr/local/rvm/gems/ruby-1.9.3-p194/gems/activerecord-3.2.8/lib/active_record/fixtures.rb:579:in `table_rows'
    /usr/local/rvm/gems/ruby-1.9.3-p194/gems/activerecord-3.2.8/lib/active_record/fixtures.rb:494:in `block (3 levels) in create_fixtures'
    /usr/local/rvm/gems/ruby-1.9.3-p194/gems/activerecord-3.2.8/lib/active_record/fixtures.rb:492:in `each'
    /usr/local/rvm/gems/ruby-1.9.3-p194/gems/activerecord-3.2.8/lib/active_record/fixtures.rb:492:in `block (2 levels) in create_fixtures'
    /usr/local/rvm/gems/ruby-1.9.3-p194/gems/activerecord-3.2.8/lib/active_record/connection_adapters/abstract/database_statements.rb:192:in `transaction'
    /usr/local/rvm/gems/ruby-1.9.3-p194/gems/activerecord-3.2.8/lib/active_record/fixtures.rb:491:in `block in create_fixtures'
    /usr/local/rvm/gems/ruby-1.9.3-p194/gems/activerecord-3.2.8/lib/active_record/connection_adapters/abstract_adapter.rb:168:in `disable_referential_integrity'
    /usr/local/rvm/gems/ruby-1.9.3-p194/gems/activerecord-3.2.8/lib/active_record/fixtures.rb:476:in `create_fixtures'
    /usr/local/rvm/gems/ruby-1.9.3-p194/gems/activerecord-3.2.8/lib/active_record/fixtures.rb:895:in `load_fixtures'
    /usr/local/rvm/gems/ruby-1.9.3-p194/gems/activerecord-3.2.8/lib/active_record/fixtures.rb:849:in `setup_fixtures'
    /usr/local/rvm/gems/ruby-1.9.3-p194/gems/activesupport-3.2.8/lib/active_support/callbacks.rb:429:in `_run__603562797__setup__522287249__callbacks'
    /usr/local/rvm/gems/ruby-1.9.3-p194/gems/activesupport-3.2.8/lib/active_support/callbacks.rb:405:in `__run_callback'
    /usr/local/rvm/gems/ruby-1.9.3-p194/gems/activesupport-3.2.8/lib/active_support/callbacks.rb:385:in `_run_setup_callbacks'
    /usr/local/rvm/gems/ruby-1.9.3-p194/gems/activesupport-3.2.8/lib/active_support/callbacks.rb:81:in `run_callbacks'
    /usr/local/rvm/gems/ruby-1.9.3-p194/gems/activesupport-3.2.8/lib/active_support/testing/setup_and_teardown.rb:35:in `run'

  7) Error:
test_should_update_user(UsersControllerTest):
ActiveRecord::StatementInvalid: Could not find table 'users'
    /usr/local/rvm/gems/ruby-1.9.3-p194/gems/activerecord-3.2.8/lib/active_record/connection_adapters/sqlite_adapter.rb:472:in `table_structure'
    /usr/local/rvm/gems/ruby-1.9.3-p194/gems/activerecord-3.2.8/lib/active_record/connection_adapters/sqlite_adapter.rb:346:in `columns'
    /usr/local/rvm/gems/ruby-1.9.3-p194/gems/activerecord-3.2.8/lib/active_record/fixtures.rb:660:in `column_names'
    /usr/local/rvm/gems/ruby-1.9.3-p194/gems/activerecord-3.2.8/lib/active_record/fixtures.rb:652:in `timestamp_column_names'
    /usr/local/rvm/gems/ruby-1.9.3-p194/gems/activerecord-3.2.8/lib/active_record/fixtures.rb:585:in `block in table_rows'
    /usr/local/rvm/gems/ruby-1.9.3-p194/gems/activerecord-3.2.8/lib/active_record/fixtures.rb:579:in `each'
    /usr/local/rvm/gems/ruby-1.9.3-p194/gems/activerecord-3.2.8/lib/active_record/fixtures.rb:579:in `map'
    /usr/local/rvm/gems/ruby-1.9.3-p194/gems/activerecord-3.2.8/lib/active_record/fixtures.rb:579:in `table_rows'
    /usr/local/rvm/gems/ruby-1.9.3-p194/gems/activerecord-3.2.8/lib/active_record/fixtures.rb:494:in `block (3 levels) in create_fixtures'
    /usr/local/rvm/gems/ruby-1.9.3-p194/gems/activerecord-3.2.8/lib/active_record/fixtures.rb:492:in `each'
    /usr/local/rvm/gems/ruby-1.9.3-p194/gems/activerecord-3.2.8/lib/active_record/fixtures.rb:492:in `block (2 levels) in create_fixtures'
    /usr/local/rvm/gems/ruby-1.9.3-p194/gems/activerecord-3.2.8/lib/active_record/connection_adapters/abstract/database_statements.rb:192:in `transaction'
    /usr/local/rvm/gems/ruby-1.9.3-p194/gems/activerecord-3.2.8/lib/active_record/fixtures.rb:491:in `block in create_fixtures'
    /usr/local/rvm/gems/ruby-1.9.3-p194/gems/activerecord-3.2.8/lib/active_record/connection_adapters/abstract_adapter.rb:168:in `disable_referential_integrity'
    /usr/local/rvm/gems/ruby-1.9.3-p194/gems/activerecord-3.2.8/lib/active_record/fixtures.rb:476:in `create_fixtures'
    /usr/local/rvm/gems/ruby-1.9.3-p194/gems/activerecord-3.2.8/lib/active_record/fixtures.rb:895:in `load_fixtures'
    /usr/local/rvm/gems/ruby-1.9.3-p194/gems/activerecord-3.2.8/lib/active_record/fixtures.rb:849:in `setup_fixtures'
    /usr/local/rvm/gems/ruby-1.9.3-p194/gems/activesupport-3.2.8/lib/active_support/callbacks.rb:429:in `_run__603562797__setup__522287249__callbacks'
    /usr/local/rvm/gems/ruby-1.9.3-p194/gems/activesupport-3.2.8/lib/active_support/callbacks.rb:405:in `__run_callback'
    /usr/local/rvm/gems/ruby-1.9.3-p194/gems/activesupport-3.2.8/lib/active_support/callbacks.rb:385:in `_run_setup_callbacks'
    /usr/local/rvm/gems/ruby-1.9.3-p194/gems/activesupport-3.2.8/lib/active_support/callbacks.rb:81:in `run_callbacks'
    /usr/local/rvm/gems/ruby-1.9.3-p194/gems/activesupport-3.2.8/lib/active_support/testing/setup_and_teardown.rb:35:in `run'

7 tests, 0 assertions, 0 failures, 7 errors, 0 skips
/usr/local/rvm/rubies/ruby-1.9.3-p194/bin/ruby -I.:lib:test -rubygems test/functional/pages_controller_test.rb -n "/^(test_should_get_contact|test_should_get_home)$/"; /usr/local/rvm/rubies/ruby-1.9.3-p194/bin/ruby -I.:lib:test -rubygems test/functional/users_controller_test.rb -n "/^(test_should_create_user|test_should_destroy_user|test_should_get_edit|test_should_get_index|test_should_get_new|test_should_show_user|test_should_update_user)$/"; /usr/local/rvm/rubies/ruby-1.9.3-p194/bin/ruby -I.:lib:test -rubygems test/functional/microposts_controller_test.rb -n "/^(test_should_create_micropost|test_should_destroy_micropost|test_should_get_edit|test_should_get_index|test_should_get_new|test_should_show_micropost|test_should_update_micropost)$/"
Run options: -n "/^(test_should_get_contact|test_should_get_home)$/"

# Running tests:

EE

Finished tests in 0.051780s, 38.6249 tests/s, 0.0000 assertions/s.

  1) Error:
test_should_get_contact(PagesControllerTest):
ActiveRecord::StatementInvalid: Could not find table 'users'
    /usr/local/rvm/gems/ruby-1.9.3-p194/gems/activerecord-3.2.8/lib/active_record/connection_adapters/sqlite_adapter.rb:472:in `table_structure'
    /usr/local/rvm/gems/ruby-1.9.3-p194/gems/activerecord-3.2.8/lib/active_record/connection_adapters/sqlite_adapter.rb:346:in `columns'
    /usr/local/rvm/gems/ruby-1.9.3-p194/gems/activerecord-3.2.8/lib/active_record/fixtures.rb:660:in `column_names'
    /usr/local/rvm/gems/ruby-1.9.3-p194/gems/activerecord-3.2.8/lib/active_record/fixtures.rb:652:in `timestamp_column_names'
    /usr/local/rvm/gems/ruby-1.9.3-p194/gems/activerecord-3.2.8/lib/active_record/fixtures.rb:585:in `block in table_rows'
    /usr/local/rvm/gems/ruby-1.9.3-p194/gems/activerecord-3.2.8/lib/active_record/fixtures.rb:579:in `each'
    /usr/local/rvm/gems/ruby-1.9.3-p194/gems/activerecord-3.2.8/lib/active_record/fixtures.rb:579:in `map'
    /usr/local/rvm/gems/ruby-1.9.3-p194/gems/activerecord-3.2.8/lib/active_record/fixtures.rb:579:in `table_rows'
    /usr/local/rvm/gems/ruby-1.9.3-p194/gems/activerecord-3.2.8/lib/active_record/fixtures.rb:494:in `block (3 levels) in create_fixtures'
    /usr/local/rvm/gems/ruby-1.9.3-p194/gems/activerecord-3.2.8/lib/active_record/fixtures.rb:492:in `each'
    /usr/local/rvm/gems/ruby-1.9.3-p194/gems/activerecord-3.2.8/lib/active_record/fixtures.rb:492:in `block (2 levels) in create_fixtures'
    /usr/local/rvm/gems/ruby-1.9.3-p194/gems/activerecord-3.2.8/lib/active_record/connection_adapters/abstract/database_statements.rb:192:in `transaction'
    /usr/local/rvm/gems/ruby-1.9.3-p194/gems/activerecord-3.2.8/lib/active_record/fixtures.rb:491:in `block in create_fixtures'
    /usr/local/rvm/gems/ruby-1.9.3-p194/gems/activerecord-3.2.8/lib/active_record/connection_adapters/abstract_adapter.rb:168:in `disable_referential_integrity'
    /usr/local/rvm/gems/ruby-1.9.3-p194/gems/activerecord-3.2.8/lib/active_record/fixtures.rb:476:in `create_fixtures'
    /usr/local/rvm/gems/ruby-1.9.3-p194/gems/activerecord-3.2.8/lib/active_record/fixtures.rb:895:in `load_fixtures'
    /usr/local/rvm/gems/ruby-1.9.3-p194/gems/activerecord-3.2.8/lib/active_record/fixtures.rb:849:in `setup_fixtures'
    /usr/local/rvm/gems/ruby-1.9.3-p194/gems/activesupport-3.2.8/lib/active_support/callbacks.rb:429:in `_run__704783555__setup__83553756__callbacks'
    /usr/local/rvm/gems/ruby-1.9.3-p194/gems/activesupport-3.2.8/lib/active_support/callbacks.rb:405:in `__run_callback'
    /usr/local/rvm/gems/ruby-1.9.3-p194/gems/activesupport-3.2.8/lib/active_support/callbacks.rb:385:in `_run_setup_callbacks'
    /usr/local/rvm/gems/ruby-1.9.3-p194/gems/activesupport-3.2.8/lib/active_support/callbacks.rb:81:in `run_callbacks'
    /usr/local/rvm/gems/ruby-1.9.3-p194/gems/activesupport-3.2.8/lib/active_support/testing/setup_and_teardown.rb:35:in `run'

  2) Error:
test_should_get_home(PagesControllerTest):
ActiveRecord::StatementInvalid: Could not find table 'users'
    /usr/local/rvm/gems/ruby-1.9.3-p194/gems/activerecord-3.2.8/lib/active_record/connection_adapters/sqlite_adapter.rb:472:in `table_structure'
    /usr/local/rvm/gems/ruby-1.9.3-p194/gems/activerecord-3.2.8/lib/active_record/connection_adapters/sqlite_adapter.rb:346:in `columns'
    /usr/local/rvm/gems/ruby-1.9.3-p194/gems/activerecord-3.2.8/lib/active_record/fixtures.rb:660:in `column_names'
    /usr/local/rvm/gems/ruby-1.9.3-p194/gems/activerecord-3.2.8/lib/active_record/fixtures.rb:652:in `timestamp_column_names'
    /usr/local/rvm/gems/ruby-1.9.3-p194/gems/activerecord-3.2.8/lib/active_record/fixtures.rb:585:in `block in table_rows'
    /usr/local/rvm/gems/ruby-1.9.3-p194/gems/activerecord-3.2.8/lib/active_record/fixtures.rb:579:in `each'
    /usr/local/rvm/gems/ruby-1.9.3-p194/gems/activerecord-3.2.8/lib/active_record/fixtures.rb:579:in `map'
    /usr/local/rvm/gems/ruby-1.9.3-p194/gems/activerecord-3.2.8/lib/active_record/fixtures.rb:579:in `table_rows'
    /usr/local/rvm/gems/ruby-1.9.3-p194/gems/activerecord-3.2.8/lib/active_record/fixtures.rb:494:in `block (3 levels) in create_fixtures'
    /usr/local/rvm/gems/ruby-1.9.3-p194/gems/activerecord-3.2.8/lib/active_record/fixtures.rb:492:in `each'
    /usr/local/rvm/gems/ruby-1.9.3-p194/gems/activerecord-3.2.8/lib/active_record/fixtures.rb:492:in `block (2 levels) in create_fixtures'
    /usr/local/rvm/gems/ruby-1.9.3-p194/gems/activerecord-3.2.8/lib/active_record/connection_adapters/abstract/database_statements.rb:192:in `transaction'
    /usr/local/rvm/gems/ruby-1.9.3-p194/gems/activerecord-3.2.8/lib/active_record/fixtures.rb:491:in `block in create_fixtures'
    /usr/local/rvm/gems/ruby-1.9.3-p194/gems/activerecord-3.2.8/lib/active_record/connection_adapters/abstract_adapter.rb:168:in `disable_referential_integrity'
    /usr/local/rvm/gems/ruby-1.9.3-p194/gems/activerecord-3.2.8/lib/active_record/fixtures.rb:476:in `create_fixtures'
    /usr/local/rvm/gems/ruby-1.9.3-p194/gems/activerecord-3.2.8/lib/active_record/fixtures.rb:895:in `load_fixtures'
    /usr/local/rvm/gems/ruby-1.9.3-p194/gems/activerecord-3.2.8/lib/active_record/fixtures.rb:849:in `setup_fixtures'
    /usr/local/rvm/gems/ruby-1.9.3-p194/gems/activesupport-3.2.8/lib/active_support/callbacks.rb:429:in `_run__704783555__setup__83553756__callbacks'
    /usr/local/rvm/gems/ruby-1.9.3-p194/gems/activesupport-3.2.8/lib/active_support/callbacks.rb:405:in `__run_callback'
    /usr/local/rvm/gems/ruby-1.9.3-p194/gems/activesupport-3.2.8/lib/active_support/callbacks.rb:385:in `_run_setup_callbacks'
    /usr/local/rvm/gems/ruby-1.9.3-p194/gems/activesupport-3.2.8/lib/active_support/callbacks.rb:81:in `run_callbacks'
    /usr/local/rvm/gems/ruby-1.9.3-p194/gems/activesupport-3.2.8/lib/active_support/testing/setup_and_teardown.rb:35:in `run'

2 tests, 0 assertions, 0 failures, 2 errors, 0 skips
Run options: -n "/^(test_should_create_user|test_should_destroy_user|test_should_get_edit|test_should_get_index|test_should_get_new|test_should_show_user|test_should_update_user)$/"

# Running tests:

EEEEEEE

Finished tests in 0.103919s, 67.3603 tests/s, 0.0000 assertions/s.

  1) Error:
test_should_create_user(UsersControllerTest):
ActiveRecord::StatementInvalid: Could not find table 'users'
    /usr/local/rvm/gems/ruby-1.9.3-p194/gems/activerecord-3.2.8/lib/active_record/connection_adapters/sqlite_adapter.rb:472:in `table_structure'
    /usr/local/rvm/gems/ruby-1.9.3-p194/gems/activerecord-3.2.8/lib/active_record/connection_adapters/sqlite_adapter.rb:346:in `columns'
    /usr/local/rvm/gems/ruby-1.9.3-p194/gems/activerecord-3.2.8/lib/active_record/fixtures.rb:660:in `column_names'
    /usr/local/rvm/gems/ruby-1.9.3-p194/gems/activerecord-3.2.8/lib/active_record/fixtures.rb:652:in `timestamp_column_names'
    /usr/local/rvm/gems/ruby-1.9.3-p194/gems/activerecord-3.2.8/lib/active_record/fixtures.rb:585:in `block in table_rows'
    /usr/local/rvm/gems/ruby-1.9.3-p194/gems/activerecord-3.2.8/lib/active_record/fixtures.rb:579:in `each'
    /usr/local/rvm/gems/ruby-1.9.3-p194/gems/activerecord-3.2.8/lib/active_record/fixtures.rb:579:in `map'
    /usr/local/rvm/gems/ruby-1.9.3-p194/gems/activerecord-3.2.8/lib/active_record/fixtures.rb:579:in `table_rows'
    /usr/local/rvm/gems/ruby-1.9.3-p194/gems/activerecord-3.2.8/lib/active_record/fixtures.rb:494:in `block (3 levels) in create_fixtures'
    /usr/local/rvm/gems/ruby-1.9.3-p194/gems/activerecord-3.2.8/lib/active_record/fixtures.rb:492:in `each'
    /usr/local/rvm/gems/ruby-1.9.3-p194/gems/activerecord-3.2.8/lib/active_record/fixtures.rb:492:in `block (2 levels) in create_fixtures'
    /usr/local/rvm/gems/ruby-1.9.3-p194/gems/activerecord-3.2.8/lib/active_record/connection_adapters/abstract/database_statements.rb:192:in `transaction'
    /usr/local/rvm/gems/ruby-1.9.3-p194/gems/activerecord-3.2.8/lib/active_record/fixtures.rb:491:in `block in create_fixtures'
    /usr/local/rvm/gems/ruby-1.9.3-p194/gems/activerecord-3.2.8/lib/active_record/connection_adapters/abstract_adapter.rb:168:in `disable_referential_integrity'
    /usr/local/rvm/gems/ruby-1.9.3-p194/gems/activerecord-3.2.8/lib/active_record/fixtures.rb:476:in `create_fixtures'
    /usr/local/rvm/gems/ruby-1.9.3-p194/gems/activerecord-3.2.8/lib/active_record/fixtures.rb:895:in `load_fixtures'
    /usr/local/rvm/gems/ruby-1.9.3-p194/gems/activerecord-3.2.8/lib/active_record/fixtures.rb:849:in `setup_fixtures'
    /usr/local/rvm/gems/ruby-1.9.3-p194/gems/activesupport-3.2.8/lib/active_support/callbacks.rb:429:in `_run__396828826__setup__467975322__callbacks'
    /usr/local/rvm/gems/ruby-1.9.3-p194/gems/activesupport-3.2.8/lib/active_support/callbacks.rb:405:in `__run_callback'
    /usr/local/rvm/gems/ruby-1.9.3-p194/gems/activesupport-3.2.8/lib/active_support/callbacks.rb:385:in `_run_setup_callbacks'
    /usr/local/rvm/gems/ruby-1.9.3-p194/gems/activesupport-3.2.8/lib/active_support/callbacks.rb:81:in `run_callbacks'
    /usr/local/rvm/gems/ruby-1.9.3-p194/gems/activesupport-3.2.8/lib/active_support/testing/setup_and_teardown.rb:35:in `run'

  2) Error:
test_should_destroy_user(UsersControllerTest):
ActiveRecord::StatementInvalid: Could not find table 'users'
    /usr/local/rvm/gems/ruby-1.9.3-p194/gems/activerecord-3.2.8/lib/active_record/connection_adapters/sqlite_adapter.rb:472:in `table_structure'
    /usr/local/rvm/gems/ruby-1.9.3-p194/gems/activerecord-3.2.8/lib/active_record/connection_adapters/sqlite_adapter.rb:346:in `columns'
    /usr/local/rvm/gems/ruby-1.9.3-p194/gems/activerecord-3.2.8/lib/active_record/fixtures.rb:660:in `column_names'
    /usr/local/rvm/gems/ruby-1.9.3-p194/gems/activerecord-3.2.8/lib/active_record/fixtures.rb:652:in `timestamp_column_names'
    /usr/local/rvm/gems/ruby-1.9.3-p194/gems/activerecord-3.2.8/lib/active_record/fixtures.rb:585:in `block in table_rows'
    /usr/local/rvm/gems/ruby-1.9.3-p194/gems/activerecord-3.2.8/lib/active_record/fixtures.rb:579:in `each'
    /usr/local/rvm/gems/ruby-1.9.3-p194/gems/activerecord-3.2.8/lib/active_record/fixtures.rb:579:in `map'
    /usr/local/rvm/gems/ruby-1.9.3-p194/gems/activerecord-3.2.8/lib/active_record/fixtures.rb:579:in `table_rows'
    /usr/local/rvm/gems/ruby-1.9.3-p194/gems/activerecord-3.2.8/lib/active_record/fixtures.rb:494:in `block (3 levels) in create_fixtures'
    /usr/local/rvm/gems/ruby-1.9.3-p194/gems/activerecord-3.2.8/lib/active_record/fixtures.rb:492:in `each'
    /usr/local/rvm/gems/ruby-1.9.3-p194/gems/activerecord-3.2.8/lib/active_record/fixtures.rb:492:in `block (2 levels) in create_fixtures'
    /usr/local/rvm/gems/ruby-1.9.3-p194/gems/activerecord-3.2.8/lib/active_record/connection_adapters/abstract/database_statements.rb:192:in `transaction'
    /usr/local/rvm/gems/ruby-1.9.3-p194/gems/activerecord-3.2.8/lib/active_record/fixtures.rb:491:in `block in create_fixtures'
    /usr/local/rvm/gems/ruby-1.9.3-p194/gems/activerecord-3.2.8/lib/active_record/connection_adapters/abstract_adapter.rb:168:in `disable_referential_integrity'
    /usr/local/rvm/gems/ruby-1.9.3-p194/gems/activerecord-3.2.8/lib/active_record/fixtures.rb:476:in `create_fixtures'
    /usr/local/rvm/gems/ruby-1.9.3-p194/gems/activerecord-3.2.8/lib/active_record/fixtures.rb:895:in `load_fixtures'
    /usr/local/rvm/gems/ruby-1.9.3-p194/gems/activerecord-3.2.8/lib/active_record/fixtures.rb:849:in `setup_fixtures'
    /usr/local/rvm/gems/ruby-1.9.3-p194/gems/activesupport-3.2.8/lib/active_support/callbacks.rb:429:in `_run__396828826__setup__467975322__callbacks'
    /usr/local/rvm/gems/ruby-1.9.3-p194/gems/activesupport-3.2.8/lib/active_support/callbacks.rb:405:in `__run_callback'
    /usr/local/rvm/gems/ruby-1.9.3-p194/gems/activesupport-3.2.8/lib/active_support/callbacks.rb:385:in `_run_setup_callbacks'
    /usr/local/rvm/gems/ruby-1.9.3-p194/gems/activesupport-3.2.8/lib/active_support/callbacks.rb:81:in `run_callbacks'
    /usr/local/rvm/gems/ruby-1.9.3-p194/gems/activesupport-3.2.8/lib/active_support/testing/setup_and_teardown.rb:35:in `run'

  3) Error:
test_should_get_edit(UsersControllerTest):
ActiveRecord::StatementInvalid: Could not find table 'users'
    /usr/local/rvm/gems/ruby-1.9.3-p194/gems/activerecord-3.2.8/lib/active_record/connection_adapters/sqlite_adapter.rb:472:in `table_structure'
    /usr/local/rvm/gems/ruby-1.9.3-p194/gems/activerecord-3.2.8/lib/active_record/connection_adapters/sqlite_adapter.rb:346:in `columns'
    /usr/local/rvm/gems/ruby-1.9.3-p194/gems/activerecord-3.2.8/lib/active_record/fixtures.rb:660:in `column_names'
    /usr/local/rvm/gems/ruby-1.9.3-p194/gems/activerecord-3.2.8/lib/active_record/fixtures.rb:652:in `timestamp_column_names'
    /usr/local/rvm/gems/ruby-1.9.3-p194/gems/activerecord-3.2.8/lib/active_record/fixtures.rb:585:in `block in table_rows'
    /usr/local/rvm/gems/ruby-1.9.3-p194/gems/activerecord-3.2.8/lib/active_record/fixtures.rb:579:in `each'
    /usr/local/rvm/gems/ruby-1.9.3-p194/gems/activerecord-3.2.8/lib/active_record/fixtures.rb:579:in `map'
    /usr/local/rvm/gems/ruby-1.9.3-p194/gems/activerecord-3.2.8/lib/active_record/fixtures.rb:579:in `table_rows'
    /usr/local/rvm/gems/ruby-1.9.3-p194/gems/activerecord-3.2.8/lib/active_record/fixtures.rb:494:in `block (3 levels) in create_fixtures'
    /usr/local/rvm/gems/ruby-1.9.3-p194/gems/activerecord-3.2.8/lib/active_record/fixtures.rb:492:in `each'
    /usr/local/rvm/gems/ruby-1.9.3-p194/gems/activerecord-3.2.8/lib/active_record/fixtures.rb:492:in `block (2 levels) in create_fixtures'
    /usr/local/rvm/gems/ruby-1.9.3-p194/gems/activerecord-3.2.8/lib/active_record/connection_adapters/abstract/database_statements.rb:192:in `transaction'
    /usr/local/rvm/gems/ruby-1.9.3-p194/gems/activerecord-3.2.8/lib/active_record/fixtures.rb:491:in `block in create_fixtures'
    /usr/local/rvm/gems/ruby-1.9.3-p194/gems/activerecord-3.2.8/lib/active_record/connection_adapters/abstract_adapter.rb:168:in `disable_referential_integrity'
    /usr/local/rvm/gems/ruby-1.9.3-p194/gems/activerecord-3.2.8/lib/active_record/fixtures.rb:476:in `create_fixtures'
    /usr/local/rvm/gems/ruby-1.9.3-p194/gems/activerecord-3.2.8/lib/active_record/fixtures.rb:895:in `load_fixtures'
    /usr/local/rvm/gems/ruby-1.9.3-p194/gems/activerecord-3.2.8/lib/active_record/fixtures.rb:849:in `setup_fixtures'
    /usr/local/rvm/gems/ruby-1.9.3-p194/gems/activesupport-3.2.8/lib/active_support/callbacks.rb:429:in `_run__396828826__setup__467975322__callbacks'
    /usr/local/rvm/gems/ruby-1.9.3-p194/gems/activesupport-3.2.8/lib/active_support/callbacks.rb:405:in `__run_callback'
    /usr/local/rvm/gems/ruby-1.9.3-p194/gems/activesupport-3.2.8/lib/active_support/callbacks.rb:385:in `_run_setup_callbacks'
    /usr/local/rvm/gems/ruby-1.9.3-p194/gems/activesupport-3.2.8/lib/active_support/callbacks.rb:81:in `run_callbacks'
    /usr/local/rvm/gems/ruby-1.9.3-p194/gems/activesupport-3.2.8/lib/active_support/testing/setup_and_teardown.rb:35:in `run'

  4) Error:
test_should_get_index(UsersControllerTest):
ActiveRecord::StatementInvalid: Could not find table 'users'
    /usr/local/rvm/gems/ruby-1.9.3-p194/gems/activerecord-3.2.8/lib/active_record/connection_adapters/sqlite_adapter.rb:472:in `table_structure'
    /usr/local/rvm/gems/ruby-1.9.3-p194/gems/activerecord-3.2.8/lib/active_record/connection_adapters/sqlite_adapter.rb:346:in `columns'
    /usr/local/rvm/gems/ruby-1.9.3-p194/gems/activerecord-3.2.8/lib/active_record/fixtures.rb:660:in `column_names'
    /usr/local/rvm/gems/ruby-1.9.3-p194/gems/activerecord-3.2.8/lib/active_record/fixtures.rb:652:in `timestamp_column_names'
    /usr/local/rvm/gems/ruby-1.9.3-p194/gems/activerecord-3.2.8/lib/active_record/fixtures.rb:585:in `block in table_rows'
    /usr/local/rvm/gems/ruby-1.9.3-p194/gems/activerecord-3.2.8/lib/active_record/fixtures.rb:579:in `each'
    /usr/local/rvm/gems/ruby-1.9.3-p194/gems/activerecord-3.2.8/lib/active_record/fixtures.rb:579:in `map'
    /usr/local/rvm/gems/ruby-1.9.3-p194/gems/activerecord-3.2.8/lib/active_record/fixtures.rb:579:in `table_rows'
    /usr/local/rvm/gems/ruby-1.9.3-p194/gems/activerecord-3.2.8/lib/active_record/fixtures.rb:494:in `block (3 levels) in create_fixtures'
    /usr/local/rvm/gems/ruby-1.9.3-p194/gems/activerecord-3.2.8/lib/active_record/fixtures.rb:492:in `each'
    /usr/local/rvm/gems/ruby-1.9.3-p194/gems/activerecord-3.2.8/lib/active_record/fixtures.rb:492:in `block (2 levels) in create_fixtures'
    /usr/local/rvm/gems/ruby-1.9.3-p194/gems/activerecord-3.2.8/lib/active_record/connection_adapters/abstract/database_statements.rb:192:in `transaction'
    /usr/local/rvm/gems/ruby-1.9.3-p194/gems/activerecord-3.2.8/lib/active_record/fixtures.rb:491:in `block in create_fixtures'
    /usr/local/rvm/gems/ruby-1.9.3-p194/gems/activerecord-3.2.8/lib/active_record/connection_adapters/abstract_adapter.rb:168:in `disable_referential_integrity'
    /usr/local/rvm/gems/ruby-1.9.3-p194/gems/activerecord-3.2.8/lib/active_record/fixtures.rb:476:in `create_fixtures'
    /usr/local/rvm/gems/ruby-1.9.3-p194/gems/activerecord-3.2.8/lib/active_record/fixtures.rb:895:in `load_fixtures'
    /usr/local/rvm/gems/ruby-1.9.3-p194/gems/activerecord-3.2.8/lib/active_record/fixtures.rb:849:in `setup_fixtures'
    /usr/local/rvm/gems/ruby-1.9.3-p194/gems/activesupport-3.2.8/lib/active_support/callbacks.rb:429:in `_run__396828826__setup__467975322__callbacks'
    /usr/local/rvm/gems/ruby-1.9.3-p194/gems/activesupport-3.2.8/lib/active_support/callbacks.rb:405:in `__run_callback'
    /usr/local/rvm/gems/ruby-1.9.3-p194/gems/activesupport-3.2.8/lib/active_support/callbacks.rb:385:in `_run_setup_callbacks'
    /usr/local/rvm/gems/ruby-1.9.3-p194/gems/activesupport-3.2.8/lib/active_support/callbacks.rb:81:in `run_callbacks'
    /usr/local/rvm/gems/ruby-1.9.3-p194/gems/activesupport-3.2.8/lib/active_support/testing/setup_and_teardown.rb:35:in `run'

  5) Error:
test_should_get_new(UsersControllerTest):
ActiveRecord::StatementInvalid: Could not find table 'users'
    /usr/local/rvm/gems/ruby-1.9.3-p194/gems/activerecord-3.2.8/lib/active_record/connection_adapters/sqlite_adapter.rb:472:in `table_structure'
    /usr/local/rvm/gems/ruby-1.9.3-p194/gems/activerecord-3.2.8/lib/active_record/connection_adapters/sqlite_adapter.rb:346:in `columns'
    /usr/local/rvm/gems/ruby-1.9.3-p194/gems/activerecord-3.2.8/lib/active_record/fixtures.rb:660:in `column_names'
    /usr/local/rvm/gems/ruby-1.9.3-p194/gems/activerecord-3.2.8/lib/active_record/fixtures.rb:652:in `timestamp_column_names'
    /usr/local/rvm/gems/ruby-1.9.3-p194/gems/activerecord-3.2.8/lib/active_record/fixtures.rb:585:in `block in table_rows'
    /usr/local/rvm/gems/ruby-1.9.3-p194/gems/activerecord-3.2.8/lib/active_record/fixtures.rb:579:in `each'
    /usr/local/rvm/gems/ruby-1.9.3-p194/gems/activerecord-3.2.8/lib/active_record/fixtures.rb:579:in `map'
    /usr/local/rvm/gems/ruby-1.9.3-p194/gems/activerecord-3.2.8/lib/active_record/fixtures.rb:579:in `table_rows'
    /usr/local/rvm/gems/ruby-1.9.3-p194/gems/activerecord-3.2.8/lib/active_record/fixtures.rb:494:in `block (3 levels) in create_fixtures'
    /usr/local/rvm/gems/ruby-1.9.3-p194/gems/activerecord-3.2.8/lib/active_record/fixtures.rb:492:in `each'
    /usr/local/rvm/gems/ruby-1.9.3-p194/gems/activerecord-3.2.8/lib/active_record/fixtures.rb:492:in `block (2 levels) in create_fixtures'
    /usr/local/rvm/gems/ruby-1.9.3-p194/gems/activerecord-3.2.8/lib/active_record/connection_adapters/abstract/database_statements.rb:192:in `transaction'
    /usr/local/rvm/gems/ruby-1.9.3-p194/gems/activerecord-3.2.8/lib/active_record/fixtures.rb:491:in `block in create_fixtures'
    /usr/local/rvm/gems/ruby-1.9.3-p194/gems/activerecord-3.2.8/lib/active_record/connection_adapters/abstract_adapter.rb:168:in `disable_referential_integrity'
    /usr/local/rvm/gems/ruby-1.9.3-p194/gems/activerecord-3.2.8/lib/active_record/fixtures.rb:476:in `create_fixtures'
    /usr/local/rvm/gems/ruby-1.9.3-p194/gems/activerecord-3.2.8/lib/active_record/fixtures.rb:895:in `load_fixtures'
    /usr/local/rvm/gems/ruby-1.9.3-p194/gems/activerecord-3.2.8/lib/active_record/fixtures.rb:849:in `setup_fixtures'
    /usr/local/rvm/gems/ruby-1.9.3-p194/gems/activesupport-3.2.8/lib/active_support/callbacks.rb:429:in `_run__396828826__setup__467975322__callbacks'
    /usr/local/rvm/gems/ruby-1.9.3-p194/gems/activesupport-3.2.8/lib/active_support/callbacks.rb:405:in `__run_callback'
    /usr/local/rvm/gems/ruby-1.9.3-p194/gems/activesupport-3.2.8/lib/active_support/callbacks.rb:385:in `_run_setup_callbacks'
    /usr/local/rvm/gems/ruby-1.9.3-p194/gems/activesupport-3.2.8/lib/active_support/callbacks.rb:81:in `run_callbacks'
    /usr/local/rvm/gems/ruby-1.9.3-p194/gems/activesupport-3.2.8/lib/active_support/testing/setup_and_teardown.rb:35:in `run'

  6) Error:
test_should_show_user(UsersControllerTest):
ActiveRecord::StatementInvalid: Could not find table 'users'
    /usr/local/rvm/gems/ruby-1.9.3-p194/gems/activerecord-3.2.8/lib/active_record/connection_adapters/sqlite_adapter.rb:472:in `table_structure'
    /usr/local/rvm/gems/ruby-1.9.3-p194/gems/activerecord-3.2.8/lib/active_record/connection_adapters/sqlite_adapter.rb:346:in `columns'
    /usr/local/rvm/gems/ruby-1.9.3-p194/gems/activerecord-3.2.8/lib/active_record/fixtures.rb:660:in `column_names'
    /usr/local/rvm/gems/ruby-1.9.3-p194/gems/activerecord-3.2.8/lib/active_record/fixtures.rb:652:in `timestamp_column_names'
    /usr/local/rvm/gems/ruby-1.9.3-p194/gems/activerecord-3.2.8/lib/active_record/fixtures.rb:585:in `block in table_rows'
    /usr/local/rvm/gems/ruby-1.9.3-p194/gems/activerecord-3.2.8/lib/active_record/fixtures.rb:579:in `each'
    /usr/local/rvm/gems/ruby-1.9.3-p194/gems/activerecord-3.2.8/lib/active_record/fixtures.rb:579:in `map'
    /usr/local/rvm/gems/ruby-1.9.3-p194/gems/activerecord-3.2.8/lib/active_record/fixtures.rb:579:in `table_rows'
    /usr/local/rvm/gems/ruby-1.9.3-p194/gems/activerecord-3.2.8/lib/active_record/fixtures.rb:494:in `block (3 levels) in create_fixtures'
    /usr/local/rvm/gems/ruby-1.9.3-p194/gems/activerecord-3.2.8/lib/active_record/fixtures.rb:492:in `each'
    /usr/local/rvm/gems/ruby-1.9.3-p194/gems/activerecord-3.2.8/lib/active_record/fixtures.rb:492:in `block (2 levels) in create_fixtures'
    /usr/local/rvm/gems/ruby-1.9.3-p194/gems/activerecord-3.2.8/lib/active_record/connection_adapters/abstract/database_statements.rb:192:in `transaction'
    /usr/local/rvm/gems/ruby-1.9.3-p194/gems/activerecord-3.2.8/lib/active_record/fixtures.rb:491:in `block in create_fixtures'
    /usr/local/rvm/gems/ruby-1.9.3-p194/gems/activerecord-3.2.8/lib/active_record/connection_adapters/abstract_adapter.rb:168:in `disable_referential_integrity'
    /usr/local/rvm/gems/ruby-1.9.3-p194/gems/activerecord-3.2.8/lib/active_record/fixtures.rb:476:in `create_fixtures'
    /usr/local/rvm/gems/ruby-1.9.3-p194/gems/activerecord-3.2.8/lib/active_record/fixtures.rb:895:in `load_fixtures'
    /usr/local/rvm/gems/ruby-1.9.3-p194/gems/activerecord-3.2.8/lib/active_record/fixtures.rb:849:in `setup_fixtures'
    /usr/local/rvm/gems/ruby-1.9.3-p194/gems/activesupport-3.2.8/lib/active_support/callbacks.rb:429:in `_run__396828826__setup__467975322__callbacks'
    /usr/local/rvm/gems/ruby-1.9.3-p194/gems/activesupport-3.2.8/lib/active_support/callbacks.rb:405:in `__run_callback'
    /usr/local/rvm/gems/ruby-1.9.3-p194/gems/activesupport-3.2.8/lib/active_support/callbacks.rb:385:in `_run_setup_callbacks'
    /usr/local/rvm/gems/ruby-1.9.3-p194/gems/activesupport-3.2.8/lib/active_support/callbacks.rb:81:in `run_callbacks'
    /usr/local/rvm/gems/ruby-1.9.3-p194/gems/activesupport-3.2.8/lib/active_support/testing/setup_and_teardown.rb:35:in `run'

  7) Error:
test_should_update_user(UsersControllerTest):
ActiveRecord::StatementInvalid: Could not find table 'users'
    /usr/local/rvm/gems/ruby-1.9.3-p194/gems/activerecord-3.2.8/lib/active_record/connection_adapters/sqlite_adapter.rb:472:in `table_structure'
    /usr/local/rvm/gems/ruby-1.9.3-p194/gems/activerecord-3.2.8/lib/active_record/connection_adapters/sqlite_adapter.rb:346:in `columns'
    /usr/local/rvm/gems/ruby-1.9.3-p194/gems/activerecord-3.2.8/lib/active_record/fixtures.rb:660:in `column_names'
    /usr/local/rvm/gems/ruby-1.9.3-p194/gems/activerecord-3.2.8/lib/active_record/fixtures.rb:652:in `timestamp_column_names'
    /usr/local/rvm/gems/ruby-1.9.3-p194/gems/activerecord-3.2.8/lib/active_record/fixtures.rb:585:in `block in table_rows'
    /usr/local/rvm/gems/ruby-1.9.3-p194/gems/activerecord-3.2.8/lib/active_record/fixtures.rb:579:in `each'
    /usr/local/rvm/gems/ruby-1.9.3-p194/gems/activerecord-3.2.8/lib/active_record/fixtures.rb:579:in `map'
    /usr/local/rvm/gems/ruby-1.9.3-p194/gems/activerecord-3.2.8/lib/active_record/fixtures.rb:579:in `table_rows'
    /usr/local/rvm/gems/ruby-1.9.3-p194/gems/activerecord-3.2.8/lib/active_record/fixtures.rb:494:in `block (3 levels) in create_fixtures'
    /usr/local/rvm/gems/ruby-1.9.3-p194/gems/activerecord-3.2.8/lib/active_record/fixtures.rb:492:in `each'
    /usr/local/rvm/gems/ruby-1.9.3-p194/gems/activerecord-3.2.8/lib/active_record/fixtures.rb:492:in `block (2 levels) in create_fixtures'
    /usr/local/rvm/gems/ruby-1.9.3-p194/gems/activerecord-3.2.8/lib/active_record/connection_adapters/abstract/database_statements.rb:192:in `transaction'
    /usr/local/rvm/gems/ruby-1.9.3-p194/gems/activerecord-3.2.8/lib/active_record/fixtures.rb:491:in `block in create_fixtures'
    /usr/local/rvm/gems/ruby-1.9.3-p194/gems/activerecord-3.2.8/lib/active_record/connection_adapters/abstract_adapter.rb:168:in `disable_referential_integrity'
    /usr/local/rvm/gems/ruby-1.9.3-p194/gems/activerecord-3.2.8/lib/active_record/fixtures.rb:476:in `create_fixtures'
    /usr/local/rvm/gems/ruby-1.9.3-p194/gems/activerecord-3.2.8/lib/active_record/fixtures.rb:895:in `load_fixtures'
    /usr/local/rvm/gems/ruby-1.9.3-p194/gems/activerecord-3.2.8/lib/active_record/fixtures.rb:849:in `setup_fixtures'
    /usr/local/rvm/gems/ruby-1.9.3-p194/gems/activesupport-3.2.8/lib/active_support/callbacks.rb:429:in `_run__396828826__setup__467975322__callbacks'
    /usr/local/rvm/gems/ruby-1.9.3-p194/gems/activesupport-3.2.8/lib/active_support/callbacks.rb:405:in `__run_callback'
    /usr/local/rvm/gems/ruby-1.9.3-p194/gems/activesupport-3.2.8/lib/active_support/callbacks.rb:385:in `_run_setup_callbacks'
    /usr/local/rvm/gems/ruby-1.9.3-p194/gems/activesupport-3.2.8/lib/active_support/callbacks.rb:81:in `run_callbacks'
    /usr/local/rvm/gems/ruby-1.9.3-p194/gems/activesupport-3.2.8/lib/active_support/testing/setup_and_teardown.rb:35:in `run'

7 tests, 0 assertions, 0 failures, 7 errors, 0 skips
Run options: -n "/^(test_should_create_micropost|test_should_destroy_micropost|test_should_get_edit|test_should_get_index|test_should_get_new|test_should_show_micropost|test_should_update_micropost)$/"

# Running tests:

EEEEEEE

Finished tests in 0.106454s, 65.7559 tests/s, 0.0000 assertions/s.

  1) Error:
test_should_create_micropost(MicropostsControllerTest):
ActiveRecord::StatementInvalid: Could not find table 'users'
    /usr/local/rvm/gems/ruby-1.9.3-p194/gems/activerecord-3.2.8/lib/active_record/connection_adapters/sqlite_adapter.rb:472:in `table_structure'
    /usr/local/rvm/gems/ruby-1.9.3-p194/gems/activerecord-3.2.8/lib/active_record/connection_adapters/sqlite_adapter.rb:346:in `columns'
    /usr/local/rvm/gems/ruby-1.9.3-p194/gems/activerecord-3.2.8/lib/active_record/fixtures.rb:660:in `column_names'
    /usr/local/rvm/gems/ruby-1.9.3-p194/gems/activerecord-3.2.8/lib/active_record/fixtures.rb:652:in `timestamp_column_names'
    /usr/local/rvm/gems/ruby-1.9.3-p194/gems/activerecord-3.2.8/lib/active_record/fixtures.rb:585:in `block in table_rows'
    /usr/local/rvm/gems/ruby-1.9.3-p194/gems/activerecord-3.2.8/lib/active_record/fixtures.rb:579:in `each'
    /usr/local/rvm/gems/ruby-1.9.3-p194/gems/activerecord-3.2.8/lib/active_record/fixtures.rb:579:in `map'
    /usr/local/rvm/gems/ruby-1.9.3-p194/gems/activerecord-3.2.8/lib/active_record/fixtures.rb:579:in `table_rows'
    /usr/local/rvm/gems/ruby-1.9.3-p194/gems/activerecord-3.2.8/lib/active_record/fixtures.rb:494:in `block (3 levels) in create_fixtures'
    /usr/local/rvm/gems/ruby-1.9.3-p194/gems/activerecord-3.2.8/lib/active_record/fixtures.rb:492:in `each'
    /usr/local/rvm/gems/ruby-1.9.3-p194/gems/activerecord-3.2.8/lib/active_record/fixtures.rb:492:in `block (2 levels) in create_fixtures'
    /usr/local/rvm/gems/ruby-1.9.3-p194/gems/activerecord-3.2.8/lib/active_record/connection_adapters/abstract/database_statements.rb:192:in `transaction'
    /usr/local/rvm/gems/ruby-1.9.3-p194/gems/activerecord-3.2.8/lib/active_record/fixtures.rb:491:in `block in create_fixtures'
    /usr/local/rvm/gems/ruby-1.9.3-p194/gems/activerecord-3.2.8/lib/active_record/connection_adapters/abstract_adapter.rb:168:in `disable_referential_integrity'
    /usr/local/rvm/gems/ruby-1.9.3-p194/gems/activerecord-3.2.8/lib/active_record/fixtures.rb:476:in `create_fixtures'
    /usr/local/rvm/gems/ruby-1.9.3-p194/gems/activerecord-3.2.8/lib/active_record/fixtures.rb:895:in `load_fixtures'
    /usr/local/rvm/gems/ruby-1.9.3-p194/gems/activerecord-3.2.8/lib/active_record/fixtures.rb:849:in `setup_fixtures'
    /usr/local/rvm/gems/ruby-1.9.3-p194/gems/activesupport-3.2.8/lib/active_support/callbacks.rb:429:in `_run__909446698__setup__927856433__callbacks'
    /usr/local/rvm/gems/ruby-1.9.3-p194/gems/activesupport-3.2.8/lib/active_support/callbacks.rb:405:in `__run_callback'
    /usr/local/rvm/gems/ruby-1.9.3-p194/gems/activesupport-3.2.8/lib/active_support/callbacks.rb:385:in `_run_setup_callbacks'
    /usr/local/rvm/gems/ruby-1.9.3-p194/gems/activesupport-3.2.8/lib/active_support/callbacks.rb:81:in `run_callbacks'
    /usr/local/rvm/gems/ruby-1.9.3-p194/gems/activesupport-3.2.8/lib/active_support/testing/setup_and_teardown.rb:35:in `run'

  2) Error:
test_should_destroy_micropost(MicropostsControllerTest):
ActiveRecord::StatementInvalid: Could not find table 'users'
    /usr/local/rvm/gems/ruby-1.9.3-p194/gems/activerecord-3.2.8/lib/active_record/connection_adapters/sqlite_adapter.rb:472:in `table_structure'
    /usr/local/rvm/gems/ruby-1.9.3-p194/gems/activerecord-3.2.8/lib/active_record/connection_adapters/sqlite_adapter.rb:346:in `columns'
    /usr/local/rvm/gems/ruby-1.9.3-p194/gems/activerecord-3.2.8/lib/active_record/fixtures.rb:660:in `column_names'
    /usr/local/rvm/gems/ruby-1.9.3-p194/gems/activerecord-3.2.8/lib/active_record/fixtures.rb:652:in `timestamp_column_names'
    /usr/local/rvm/gems/ruby-1.9.3-p194/gems/activerecord-3.2.8/lib/active_record/fixtures.rb:585:in `block in table_rows'
    /usr/local/rvm/gems/ruby-1.9.3-p194/gems/activerecord-3.2.8/lib/active_record/fixtures.rb:579:in `each'
    /usr/local/rvm/gems/ruby-1.9.3-p194/gems/activerecord-3.2.8/lib/active_record/fixtures.rb:579:in `map'
    /usr/local/rvm/gems/ruby-1.9.3-p194/gems/activerecord-3.2.8/lib/active_record/fixtures.rb:579:in `table_rows'
    /usr/local/rvm/gems/ruby-1.9.3-p194/gems/activerecord-3.2.8/lib/active_record/fixtures.rb:494:in `block (3 levels) in create_fixtures'
    /usr/local/rvm/gems/ruby-1.9.3-p194/gems/activerecord-3.2.8/lib/active_record/fixtures.rb:492:in `each'
    /usr/local/rvm/gems/ruby-1.9.3-p194/gems/activerecord-3.2.8/lib/active_record/fixtures.rb:492:in `block (2 levels) in create_fixtures'
    /usr/local/rvm/gems/ruby-1.9.3-p194/gems/activerecord-3.2.8/lib/active_record/connection_adapters/abstract/database_statements.rb:192:in `transaction'
    /usr/local/rvm/gems/ruby-1.9.3-p194/gems/activerecord-3.2.8/lib/active_record/fixtures.rb:491:in `block in create_fixtures'
    /usr/local/rvm/gems/ruby-1.9.3-p194/gems/activerecord-3.2.8/lib/active_record/connection_adapters/abstract_adapter.rb:168:in `disable_referential_integrity'
    /usr/local/rvm/gems/ruby-1.9.3-p194/gems/activerecord-3.2.8/lib/active_record/fixtures.rb:476:in `create_fixtures'
    /usr/local/rvm/gems/ruby-1.9.3-p194/gems/activerecord-3.2.8/lib/active_record/fixtures.rb:895:in `load_fixtures'
    /usr/local/rvm/gems/ruby-1.9.3-p194/gems/activerecord-3.2.8/lib/active_record/fixtures.rb:849:in `setup_fixtures'
    /usr/local/rvm/gems/ruby-1.9.3-p194/gems/activesupport-3.2.8/lib/active_support/callbacks.rb:429:in `_run__909446698__setup__927856433__callbacks'
    /usr/local/rvm/gems/ruby-1.9.3-p194/gems/activesupport-3.2.8/lib/active_support/callbacks.rb:405:in `__run_callback'
    /usr/local/rvm/gems/ruby-1.9.3-p194/gems/activesupport-3.2.8/lib/active_support/callbacks.rb:385:in `_run_setup_callbacks'
    /usr/local/rvm/gems/ruby-1.9.3-p194/gems/activesupport-3.2.8/lib/active_support/callbacks.rb:81:in `run_callbacks'
    /usr/local/rvm/gems/ruby-1.9.3-p194/gems/activesupport-3.2.8/lib/active_support/testing/setup_and_teardown.rb:35:in `run'

  3) Error:
test_should_get_edit(MicropostsControllerTest):
ActiveRecord::StatementInvalid: Could not find table 'users'
    /usr/local/rvm/gems/ruby-1.9.3-p194/gems/activerecord-3.2.8/lib/active_record/connection_adapters/sqlite_adapter.rb:472:in `table_structure'
    /usr/local/rvm/gems/ruby-1.9.3-p194/gems/activerecord-3.2.8/lib/active_record/connection_adapters/sqlite_adapter.rb:346:in `columns'
    /usr/local/rvm/gems/ruby-1.9.3-p194/gems/activerecord-3.2.8/lib/active_record/fixtures.rb:660:in `column_names'
    /usr/local/rvm/gems/ruby-1.9.3-p194/gems/activerecord-3.2.8/lib/active_record/fixtures.rb:652:in `timestamp_column_names'
    /usr/local/rvm/gems/ruby-1.9.3-p194/gems/activerecord-3.2.8/lib/active_record/fixtures.rb:585:in `block in table_rows'
    /usr/local/rvm/gems/ruby-1.9.3-p194/gems/activerecord-3.2.8/lib/active_record/fixtures.rb:579:in `each'
    /usr/local/rvm/gems/ruby-1.9.3-p194/gems/activerecord-3.2.8/lib/active_record/fixtures.rb:579:in `map'
    /usr/local/rvm/gems/ruby-1.9.3-p194/gems/activerecord-3.2.8/lib/active_record/fixtures.rb:579:in `table_rows'
    /usr/local/rvm/gems/ruby-1.9.3-p194/gems/activerecord-3.2.8/lib/active_record/fixtures.rb:494:in `block (3 levels) in create_fixtures'
    /usr/local/rvm/gems/ruby-1.9.3-p194/gems/activerecord-3.2.8/lib/active_record/fixtures.rb:492:in `each'
    /usr/local/rvm/gems/ruby-1.9.3-p194/gems/activerecord-3.2.8/lib/active_record/fixtures.rb:492:in `block (2 levels) in create_fixtures'
    /usr/local/rvm/gems/ruby-1.9.3-p194/gems/activerecord-3.2.8/lib/active_record/connection_adapters/abstract/database_statements.rb:192:in `transaction'
    /usr/local/rvm/gems/ruby-1.9.3-p194/gems/activerecord-3.2.8/lib/active_record/fixtures.rb:491:in `block in create_fixtures'
    /usr/local/rvm/gems/ruby-1.9.3-p194/gems/activerecord-3.2.8/lib/active_record/connection_adapters/abstract_adapter.rb:168:in `disable_referential_integrity'
    /usr/local/rvm/gems/ruby-1.9.3-p194/gems/activerecord-3.2.8/lib/active_record/fixtures.rb:476:in `create_fixtures'
    /usr/local/rvm/gems/ruby-1.9.3-p194/gems/activerecord-3.2.8/lib/active_record/fixtures.rb:895:in `load_fixtures'
    /usr/local/rvm/gems/ruby-1.9.3-p194/gems/activerecord-3.2.8/lib/active_record/fixtures.rb:849:in `setup_fixtures'
    /usr/local/rvm/gems/ruby-1.9.3-p194/gems/activesupport-3.2.8/lib/active_support/callbacks.rb:429:in `_run__909446698__setup__927856433__callbacks'
    /usr/local/rvm/gems/ruby-1.9.3-p194/gems/activesupport-3.2.8/lib/active_support/callbacks.rb:405:in `__run_callback'
    /usr/local/rvm/gems/ruby-1.9.3-p194/gems/activesupport-3.2.8/lib/active_support/callbacks.rb:385:in `_run_setup_callbacks'
    /usr/local/rvm/gems/ruby-1.9.3-p194/gems/activesupport-3.2.8/lib/active_support/callbacks.rb:81:in `run_callbacks'
    /usr/local/rvm/gems/ruby-1.9.3-p194/gems/activesupport-3.2.8/lib/active_support/testing/setup_and_teardown.rb:35:in `run'

  4) Error:
test_should_get_index(MicropostsControllerTest):
ActiveRecord::StatementInvalid: Could not find table 'users'
    /usr/local/rvm/gems/ruby-1.9.3-p194/gems/activerecord-3.2.8/lib/active_record/connection_adapters/sqlite_adapter.rb:472:in `table_structure'
    /usr/local/rvm/gems/ruby-1.9.3-p194/gems/activerecord-3.2.8/lib/active_record/connection_adapters/sqlite_adapter.rb:346:in `columns'
    /usr/local/rvm/gems/ruby-1.9.3-p194/gems/activerecord-3.2.8/lib/active_record/fixtures.rb:660:in `column_names'
    /usr/local/rvm/gems/ruby-1.9.3-p194/gems/activerecord-3.2.8/lib/active_record/fixtures.rb:652:in `timestamp_column_names'
    /usr/local/rvm/gems/ruby-1.9.3-p194/gems/activerecord-3.2.8/lib/active_record/fixtures.rb:585:in `block in table_rows'
    /usr/local/rvm/gems/ruby-1.9.3-p194/gems/activerecord-3.2.8/lib/active_record/fixtures.rb:579:in `each'
    /usr/local/rvm/gems/ruby-1.9.3-p194/gems/activerecord-3.2.8/lib/active_record/fixtures.rb:579:in `map'
    /usr/local/rvm/gems/ruby-1.9.3-p194/gems/activerecord-3.2.8/lib/active_record/fixtures.rb:579:in `table_rows'
    /usr/local/rvm/gems/ruby-1.9.3-p194/gems/activerecord-3.2.8/lib/active_record/fixtures.rb:494:in `block (3 levels) in create_fixtures'
    /usr/local/rvm/gems/ruby-1.9.3-p194/gems/activerecord-3.2.8/lib/active_record/fixtures.rb:492:in `each'
    /usr/local/rvm/gems/ruby-1.9.3-p194/gems/activerecord-3.2.8/lib/active_record/fixtures.rb:492:in `block (2 levels) in create_fixtures'
    /usr/local/rvm/gems/ruby-1.9.3-p194/gems/activerecord-3.2.8/lib/active_record/connection_adapters/abstract/database_statements.rb:192:in `transaction'
    /usr/local/rvm/gems/ruby-1.9.3-p194/gems/activerecord-3.2.8/lib/active_record/fixtures.rb:491:in `block in create_fixtures'
    /usr/local/rvm/gems/ruby-1.9.3-p194/gems/activerecord-3.2.8/lib/active_record/connection_adapters/abstract_adapter.rb:168:in `disable_referential_integrity'
    /usr/local/rvm/gems/ruby-1.9.3-p194/gems/activerecord-3.2.8/lib/active_record/fixtures.rb:476:in `create_fixtures'
    /usr/local/rvm/gems/ruby-1.9.3-p194/gems/activerecord-3.2.8/lib/active_record/fixtures.rb:895:in `load_fixtures'
    /usr/local/rvm/gems/ruby-1.9.3-p194/gems/activerecord-3.2.8/lib/active_record/fixtures.rb:849:in `setup_fixtures'
    /usr/local/rvm/gems/ruby-1.9.3-p194/gems/activesupport-3.2.8/lib/active_support/callbacks.rb:429:in `_run__909446698__setup__927856433__callbacks'
    /usr/local/rvm/gems/ruby-1.9.3-p194/gems/activesupport-3.2.8/lib/active_support/callbacks.rb:405:in `__run_callback'
    /usr/local/rvm/gems/ruby-1.9.3-p194/gems/activesupport-3.2.8/lib/active_support/callbacks.rb:385:in `_run_setup_callbacks'
    /usr/local/rvm/gems/ruby-1.9.3-p194/gems/activesupport-3.2.8/lib/active_support/callbacks.rb:81:in `run_callbacks'
    /usr/local/rvm/gems/ruby-1.9.3-p194/gems/activesupport-3.2.8/lib/active_support/testing/setup_and_teardown.rb:35:in `run'

  5) Error:
test_should_get_new(MicropostsControllerTest):
ActiveRecord::StatementInvalid: Could not find table 'users'
    /usr/local/rvm/gems/ruby-1.9.3-p194/gems/activerecord-3.2.8/lib/active_record/connection_adapters/sqlite_adapter.rb:472:in `table_structure'
    /usr/local/rvm/gems/ruby-1.9.3-p194/gems/activerecord-3.2.8/lib/active_record/connection_adapters/sqlite_adapter.rb:346:in `columns'
    /usr/local/rvm/gems/ruby-1.9.3-p194/gems/activerecord-3.2.8/lib/active_record/fixtures.rb:660:in `column_names'
    /usr/local/rvm/gems/ruby-1.9.3-p194/gems/activerecord-3.2.8/lib/active_record/fixtures.rb:652:in `timestamp_column_names'
    /usr/local/rvm/gems/ruby-1.9.3-p194/gems/activerecord-3.2.8/lib/active_record/fixtures.rb:585:in `block in table_rows'
    /usr/local/rvm/gems/ruby-1.9.3-p194/gems/activerecord-3.2.8/lib/active_record/fixtures.rb:579:in `each'
    /usr/local/rvm/gems/ruby-1.9.3-p194/gems/activerecord-3.2.8/lib/active_record/fixtures.rb:579:in `map'
    /usr/local/rvm/gems/ruby-1.9.3-p194/gems/activerecord-3.2.8/lib/active_record/fixtures.rb:579:in `table_rows'
    /usr/local/rvm/gems/ruby-1.9.3-p194/gems/activerecord-3.2.8/lib/active_record/fixtures.rb:494:in `block (3 levels) in create_fixtures'
    /usr/local/rvm/gems/ruby-1.9.3-p194/gems/activerecord-3.2.8/lib/active_record/fixtures.rb:492:in `each'
    /usr/local/rvm/gems/ruby-1.9.3-p194/gems/activerecord-3.2.8/lib/active_record/fixtures.rb:492:in `block (2 levels) in create_fixtures'
    /usr/local/rvm/gems/ruby-1.9.3-p194/gems/activerecord-3.2.8/lib/active_record/connection_adapters/abstract/database_statements.rb:192:in `transaction'
    /usr/local/rvm/gems/ruby-1.9.3-p194/gems/activerecord-3.2.8/lib/active_record/fixtures.rb:491:in `block in create_fixtures'
    /usr/local/rvm/gems/ruby-1.9.3-p194/gems/activerecord-3.2.8/lib/active_record/connection_adapters/abstract_adapter.rb:168:in `disable_referential_integrity'
    /usr/local/rvm/gems/ruby-1.9.3-p194/gems/activerecord-3.2.8/lib/active_record/fixtures.rb:476:in `create_fixtures'
    /usr/local/rvm/gems/ruby-1.9.3-p194/gems/activerecord-3.2.8/lib/active_record/fixtures.rb:895:in `load_fixtures'
    /usr/local/rvm/gems/ruby-1.9.3-p194/gems/activerecord-3.2.8/lib/active_record/fixtures.rb:849:in `setup_fixtures'
    /usr/local/rvm/gems/ruby-1.9.3-p194/gems/activesupport-3.2.8/lib/active_support/callbacks.rb:429:in `_run__909446698__setup__927856433__callbacks'
    /usr/local/rvm/gems/ruby-1.9.3-p194/gems/activesupport-3.2.8/lib/active_support/callbacks.rb:405:in `__run_callback'
    /usr/local/rvm/gems/ruby-1.9.3-p194/gems/activesupport-3.2.8/lib/active_support/callbacks.rb:385:in `_run_setup_callbacks'
    /usr/local/rvm/gems/ruby-1.9.3-p194/gems/activesupport-3.2.8/lib/active_support/callbacks.rb:81:in `run_callbacks'
    /usr/local/rvm/gems/ruby-1.9.3-p194/gems/activesupport-3.2.8/lib/active_support/testing/setup_and_teardown.rb:35:in `run'

  6) Error:
test_should_show_micropost(MicropostsControllerTest):
ActiveRecord::StatementInvalid: Could not find table 'users'
    /usr/local/rvm/gems/ruby-1.9.3-p194/gems/activerecord-3.2.8/lib/active_record/connection_adapters/sqlite_adapter.rb:472:in `table_structure'
    /usr/local/rvm/gems/ruby-1.9.3-p194/gems/activerecord-3.2.8/lib/active_record/connection_adapters/sqlite_adapter.rb:346:in `columns'
    /usr/local/rvm/gems/ruby-1.9.3-p194/gems/activerecord-3.2.8/lib/active_record/fixtures.rb:660:in `column_names'
    /usr/local/rvm/gems/ruby-1.9.3-p194/gems/activerecord-3.2.8/lib/active_record/fixtures.rb:652:in `timestamp_column_names'
    /usr/local/rvm/gems/ruby-1.9.3-p194/gems/activerecord-3.2.8/lib/active_record/fixtures.rb:585:in `block in table_rows'
    /usr/local/rvm/gems/ruby-1.9.3-p194/gems/activerecord-3.2.8/lib/active_record/fixtures.rb:579:in `each'
    /usr/local/rvm/gems/ruby-1.9.3-p194/gems/activerecord-3.2.8/lib/active_record/fixtures.rb:579:in `map'
    /usr/local/rvm/gems/ruby-1.9.3-p194/gems/activerecord-3.2.8/lib/active_record/fixtures.rb:579:in `table_rows'
    /usr/local/rvm/gems/ruby-1.9.3-p194/gems/activerecord-3.2.8/lib/active_record/fixtures.rb:494:in `block (3 levels) in create_fixtures'
    /usr/local/rvm/gems/ruby-1.9.3-p194/gems/activerecord-3.2.8/lib/active_record/fixtures.rb:492:in `each'
    /usr/local/rvm/gems/ruby-1.9.3-p194/gems/activerecord-3.2.8/lib/active_record/fixtures.rb:492:in `block (2 levels) in create_fixtures'
    /usr/local/rvm/gems/ruby-1.9.3-p194/gems/activerecord-3.2.8/lib/active_record/connection_adapters/abstract/database_statements.rb:192:in `transaction'
    /usr/local/rvm/gems/ruby-1.9.3-p194/gems/activerecord-3.2.8/lib/active_record/fixtures.rb:491:in `block in create_fixtures'
    /usr/local/rvm/gems/ruby-1.9.3-p194/gems/activerecord-3.2.8/lib/active_record/connection_adapters/abstract_adapter.rb:168:in `disable_referential_integrity'
    /usr/local/rvm/gems/ruby-1.9.3-p194/gems/activerecord-3.2.8/lib/active_record/fixtures.rb:476:in `create_fixtures'
    /usr/local/rvm/gems/ruby-1.9.3-p194/gems/activerecord-3.2.8/lib/active_record/fixtures.rb:895:in `load_fixtures'
    /usr/local/rvm/gems/ruby-1.9.3-p194/gems/activerecord-3.2.8/lib/active_record/fixtures.rb:849:in `setup_fixtures'
    /usr/local/rvm/gems/ruby-1.9.3-p194/gems/activesupport-3.2.8/lib/active_support/callbacks.rb:429:in `_run__909446698__setup__927856433__callbacks'
    /usr/local/rvm/gems/ruby-1.9.3-p194/gems/activesupport-3.2.8/lib/active_support/callbacks.rb:405:in `__run_callback'
    /usr/local/rvm/gems/ruby-1.9.3-p194/gems/activesupport-3.2.8/lib/active_support/callbacks.rb:385:in `_run_setup_callbacks'
    /usr/local/rvm/gems/ruby-1.9.3-p194/gems/activesupport-3.2.8/lib/active_support/callbacks.rb:81:in `run_callbacks'
    /usr/local/rvm/gems/ruby-1.9.3-p194/gems/activesupport-3.2.8/lib/active_support/testing/setup_and_teardown.rb:35:in `run'

  7) Error:
test_should_update_micropost(MicropostsControllerTest):
ActiveRecord::StatementInvalid: Could not find table 'users'
    /usr/local/rvm/gems/ruby-1.9.3-p194/gems/activerecord-3.2.8/lib/active_record/connection_adapters/sqlite_adapter.rb:472:in `table_structure'
    /usr/local/rvm/gems/ruby-1.9.3-p194/gems/activerecord-3.2.8/lib/active_record/connection_adapters/sqlite_adapter.rb:346:in `columns'
    /usr/local/rvm/gems/ruby-1.9.3-p194/gems/activerecord-3.2.8/lib/active_record/fixtures.rb:660:in `column_names'
    /usr/local/rvm/gems/ruby-1.9.3-p194/gems/activerecord-3.2.8/lib/active_record/fixtures.rb:652:in `timestamp_column_names'
    /usr/local/rvm/gems/ruby-1.9.3-p194/gems/activerecord-3.2.8/lib/active_record/fixtures.rb:585:in `block in table_rows'
    /usr/local/rvm/gems/ruby-1.9.3-p194/gems/activerecord-3.2.8/lib/active_record/fixtures.rb:579:in `each'
    /usr/local/rvm/gems/ruby-1.9.3-p194/gems/activerecord-3.2.8/lib/active_record/fixtures.rb:579:in `map'
    /usr/local/rvm/gems/ruby-1.9.3-p194/gems/activerecord-3.2.8/lib/active_record/fixtures.rb:579:in `table_rows'
    /usr/local/rvm/gems/ruby-1.9.3-p194/gems/activerecord-3.2.8/lib/active_record/fixtures.rb:494:in `block (3 levels) in create_fixtures'
    /usr/local/rvm/gems/ruby-1.9.3-p194/gems/activerecord-3.2.8/lib/active_record/fixtures.rb:492:in `each'
    /usr/local/rvm/gems/ruby-1.9.3-p194/gems/activerecord-3.2.8/lib/active_record/fixtures.rb:492:in `block (2 levels) in create_fixtures'
    /usr/local/rvm/gems/ruby-1.9.3-p194/gems/activerecord-3.2.8/lib/active_record/connection_adapters/abstract/database_statements.rb:192:in `transaction'
    /usr/local/rvm/gems/ruby-1.9.3-p194/gems/activerecord-3.2.8/lib/active_record/fixtures.rb:491:in `block in create_fixtures'
    /usr/local/rvm/gems/ruby-1.9.3-p194/gems/activerecord-3.2.8/lib/active_record/connection_adapters/abstract_adapter.rb:168:in `disable_referential_integrity'
    /usr/local/rvm/gems/ruby-1.9.3-p194/gems/activerecord-3.2.8/lib/active_record/fixtures.rb:476:in `create_fixtures'
    /usr/local/rvm/gems/ruby-1.9.3-p194/gems/activerecord-3.2.8/lib/active_record/fixtures.rb:895:in `load_fixtures'
    /usr/local/rvm/gems/ruby-1.9.3-p194/gems/activerecord-3.2.8/lib/active_record/fixtures.rb:849:in `setup_fixtures'
    /usr/local/rvm/gems/ruby-1.9.3-p194/gems/activesupport-3.2.8/lib/active_support/callbacks.rb:429:in `_run__909446698__setup__927856433__callbacks'
    /usr/local/rvm/gems/ruby-1.9.3-p194/gems/activesupport-3.2.8/lib/active_support/callbacks.rb:405:in `__run_callback'
    /usr/local/rvm/gems/ruby-1.9.3-p194/gems/activesupport-3.2.8/lib/active_support/callbacks.rb:385:in `_run_setup_callbacks'
    /usr/local/rvm/gems/ruby-1.9.3-p194/gems/activesupport-3.2.8/lib/active_support/callbacks.rb:81:in `run_callbacks'
    /usr/local/rvm/gems/ruby-1.9.3-p194/gems/activesupport-3.2.8/lib/active_support/testing/setup_and_teardown.rb:35:in `run'

7 tests, 0 assertions, 0 failures, 7 errors, 0 skips
/usr/local/rvm/rubies/ruby-1.9.3-p194/bin/ruby -I.:lib:test -rubygems test/functional/users_controller_test.rb -n "/^(test_should_create_user|test_should_destroy_user|test_should_get_edit|test_should_get_index|test_should_get_new|test_should_show_user|test_should_update_user)$/"; /usr/local/rvm/rubies/ruby-1.9.3-p194/bin/ruby -I.:lib:test -rubygems test/functional/pages_controller_test.rb -n "/^(test_should_get_contact|test_should_get_home)$/"; /usr/local/rvm/rubies/ruby-1.9.3-p194/bin/ruby -I.:lib:test -rubygems test/functional/microposts_controller_test.rb -n "/^(test_should_create_micropost|test_should_destroy_micropost|test_should_get_edit|test_should_get_index|test_should_get_new|test_should_show_micropost|test_should_update_micropost)$/"
Run options: -n "/^(test_should_create_user|test_should_destroy_user|test_should_get_edit|test_should_get_index|test_should_get_new|test_should_show_user|test_should_update_user)$/"

# Running tests:

EEEEEEE

Finished tests in 0.110275s, 63.4777 tests/s, 0.0000 assertions/s.

  1) Error:
test_should_create_user(UsersControllerTest):
ActiveRecord::StatementInvalid: Could not find table 'users'
    /usr/local/rvm/gems/ruby-1.9.3-p194/gems/activerecord-3.2.8/lib/active_record/connection_adapters/sqlite_adapter.rb:472:in `table_structure'
    /usr/local/rvm/gems/ruby-1.9.3-p194/gems/activerecord-3.2.8/lib/active_record/connection_adapters/sqlite_adapter.rb:346:in `columns'
    /usr/local/rvm/gems/ruby-1.9.3-p194/gems/activerecord-3.2.8/lib/active_record/fixtures.rb:660:in `column_names'
    /usr/local/rvm/gems/ruby-1.9.3-p194/gems/activerecord-3.2.8/lib/active_record/fixtures.rb:652:in `timestamp_column_names'
    /usr/local/rvm/gems/ruby-1.9.3-p194/gems/activerecord-3.2.8/lib/active_record/fixtures.rb:585:in `block in table_rows'
    /usr/local/rvm/gems/ruby-1.9.3-p194/gems/activerecord-3.2.8/lib/active_record/fixtures.rb:579:in `each'
    /usr/local/rvm/gems/ruby-1.9.3-p194/gems/activerecord-3.2.8/lib/active_record/fixtures.rb:579:in `map'
    /usr/local/rvm/gems/ruby-1.9.3-p194/gems/activerecord-3.2.8/lib/active_record/fixtures.rb:579:in `table_rows'
    /usr/local/rvm/gems/ruby-1.9.3-p194/gems/activerecord-3.2.8/lib/active_record/fixtures.rb:494:in `block (3 levels) in create_fixtures'
    /usr/local/rvm/gems/ruby-1.9.3-p194/gems/activerecord-3.2.8/lib/active_record/fixtures.rb:492:in `each'
    /usr/local/rvm/gems/ruby-1.9.3-p194/gems/activerecord-3.2.8/lib/active_record/fixtures.rb:492:in `block (2 levels) in create_fixtures'
    /usr/local/rvm/gems/ruby-1.9.3-p194/gems/activerecord-3.2.8/lib/active_record/connection_adapters/abstract/database_statements.rb:192:in `transaction'
    /usr/local/rvm/gems/ruby-1.9.3-p194/gems/activerecord-3.2.8/lib/active_record/fixtures.rb:491:in `block in create_fixtures'
    /usr/local/rvm/gems/ruby-1.9.3-p194/gems/activerecord-3.2.8/lib/active_record/connection_adapters/abstract_adapter.rb:168:in `disable_referential_integrity'
    /usr/local/rvm/gems/ruby-1.9.3-p194/gems/activerecord-3.2.8/lib/active_record/fixtures.rb:476:in `create_fixtures'
    /usr/local/rvm/gems/ruby-1.9.3-p194/gems/activerecord-3.2.8/lib/active_record/fixtures.rb:895:in `load_fixtures'
    /usr/local/rvm/gems/ruby-1.9.3-p194/gems/activerecord-3.2.8/lib/active_record/fixtures.rb:849:in `setup_fixtures'
    /usr/local/rvm/gems/ruby-1.9.3-p194/gems/activesupport-3.2.8/lib/active_support/callbacks.rb:429:in `_run__155398092__setup__53828295__callbacks'
    /usr/local/rvm/gems/ruby-1.9.3-p194/gems/activesupport-3.2.8/lib/active_support/callbacks.rb:405:in `__run_callback'
    /usr/local/rvm/gems/ruby-1.9.3-p194/gems/activesupport-3.2.8/lib/active_support/callbacks.rb:385:in `_run_setup_callbacks'
    /usr/local/rvm/gems/ruby-1.9.3-p194/gems/activesupport-3.2.8/lib/active_support/callbacks.rb:81:in `run_callbacks'
    /usr/local/rvm/gems/ruby-1.9.3-p194/gems/activesupport-3.2.8/lib/active_support/testing/setup_and_teardown.rb:35:in `run'

  2) Error:
test_should_destroy_user(UsersControllerTest):
ActiveRecord::StatementInvalid: Could not find table 'users'
    /usr/local/rvm/gems/ruby-1.9.3-p194/gems/activerecord-3.2.8/lib/active_record/connection_adapters/sqlite_adapter.rb:472:in `table_structure'
    /usr/local/rvm/gems/ruby-1.9.3-p194/gems/activerecord-3.2.8/lib/active_record/connection_adapters/sqlite_adapter.rb:346:in `columns'
    /usr/local/rvm/gems/ruby-1.9.3-p194/gems/activerecord-3.2.8/lib/active_record/fixtures.rb:660:in `column_names'
    /usr/local/rvm/gems/ruby-1.9.3-p194/gems/activerecord-3.2.8/lib/active_record/fixtures.rb:652:in `timestamp_column_names'
    /usr/local/rvm/gems/ruby-1.9.3-p194/gems/activerecord-3.2.8/lib/active_record/fixtures.rb:585:in `block in table_rows'
    /usr/local/rvm/gems/ruby-1.9.3-p194/gems/activerecord-3.2.8/lib/active_record/fixtures.rb:579:in `each'
    /usr/local/rvm/gems/ruby-1.9.3-p194/gems/activerecord-3.2.8/lib/active_record/fixtures.rb:579:in `map'
    /usr/local/rvm/gems/ruby-1.9.3-p194/gems/activerecord-3.2.8/lib/active_record/fixtures.rb:579:in `table_rows'
    /usr/local/rvm/gems/ruby-1.9.3-p194/gems/activerecord-3.2.8/lib/active_record/fixtures.rb:494:in `block (3 levels) in create_fixtures'
    /usr/local/rvm/gems/ruby-1.9.3-p194/gems/activerecord-3.2.8/lib/active_record/fixtures.rb:492:in `each'
    /usr/local/rvm/gems/ruby-1.9.3-p194/gems/activerecord-3.2.8/lib/active_record/fixtures.rb:492:in `block (2 levels) in create_fixtures'
    /usr/local/rvm/gems/ruby-1.9.3-p194/gems/activerecord-3.2.8/lib/active_record/connection_adapters/abstract/database_statements.rb:192:in `transaction'
    /usr/local/rvm/gems/ruby-1.9.3-p194/gems/activerecord-3.2.8/lib/active_record/fixtures.rb:491:in `block in create_fixtures'
    /usr/local/rvm/gems/ruby-1.9.3-p194/gems/activerecord-3.2.8/lib/active_record/connection_adapters/abstract_adapter.rb:168:in `disable_referential_integrity'
    /usr/local/rvm/gems/ruby-1.9.3-p194/gems/activerecord-3.2.8/lib/active_record/fixtures.rb:476:in `create_fixtures'
    /usr/local/rvm/gems/ruby-1.9.3-p194/gems/activerecord-3.2.8/lib/active_record/fixtures.rb:895:in `load_fixtures'
    /usr/local/rvm/gems/ruby-1.9.3-p194/gems/activerecord-3.2.8/lib/active_record/fixtures.rb:849:in `setup_fixtures'
    /usr/local/rvm/gems/ruby-1.9.3-p194/gems/activesupport-3.2.8/lib/active_support/callbacks.rb:429:in `_run__155398092__setup__53828295__callbacks'
    /usr/local/rvm/gems/ruby-1.9.3-p194/gems/activesupport-3.2.8/lib/active_support/callbacks.rb:405:in `__run_callback'
    /usr/local/rvm/gems/ruby-1.9.3-p194/gems/activesupport-3.2.8/lib/active_support/callbacks.rb:385:in `_run_setup_callbacks'
    /usr/local/rvm/gems/ruby-1.9.3-p194/gems/activesupport-3.2.8/lib/active_support/callbacks.rb:81:in `run_callbacks'
    /usr/local/rvm/gems/ruby-1.9.3-p194/gems/activesupport-3.2.8/lib/active_support/testing/setup_and_teardown.rb:35:in `run'

  3) Error:
test_should_get_edit(UsersControllerTest):
ActiveRecord::StatementInvalid: Could not find table 'users'
    /usr/local/rvm/gems/ruby-1.9.3-p194/gems/activerecord-3.2.8/lib/active_record/connection_adapters/sqlite_adapter.rb:472:in `table_structure'
    /usr/local/rvm/gems/ruby-1.9.3-p194/gems/activerecord-3.2.8/lib/active_record/connection_adapters/sqlite_adapter.rb:346:in `columns'
    /usr/local/rvm/gems/ruby-1.9.3-p194/gems/activerecord-3.2.8/lib/active_record/fixtures.rb:660:in `column_names'
    /usr/local/rvm/gems/ruby-1.9.3-p194/gems/activerecord-3.2.8/lib/active_record/fixtures.rb:652:in `timestamp_column_names'
    /usr/local/rvm/gems/ruby-1.9.3-p194/gems/activerecord-3.2.8/lib/active_record/fixtures.rb:585:in `block in table_rows'
    /usr/local/rvm/gems/ruby-1.9.3-p194/gems/activerecord-3.2.8/lib/active_record/fixtures.rb:579:in `each'
    /usr/local/rvm/gems/ruby-1.9.3-p194/gems/activerecord-3.2.8/lib/active_record/fixtures.rb:579:in `map'
    /usr/local/rvm/gems/ruby-1.9.3-p194/gems/activerecord-3.2.8/lib/active_record/fixtures.rb:579:in `table_rows'
    /usr/local/rvm/gems/ruby-1.9.3-p194/gems/activerecord-3.2.8/lib/active_record/fixtures.rb:494:in `block (3 levels) in create_fixtures'
    /usr/local/rvm/gems/ruby-1.9.3-p194/gems/activerecord-3.2.8/lib/active_record/fixtures.rb:492:in `each'
    /usr/local/rvm/gems/ruby-1.9.3-p194/gems/activerecord-3.2.8/lib/active_record/fixtures.rb:492:in `block (2 levels) in create_fixtures'
    /usr/local/rvm/gems/ruby-1.9.3-p194/gems/activerecord-3.2.8/lib/active_record/connection_adapters/abstract/database_statements.rb:192:in `transaction'
    /usr/local/rvm/gems/ruby-1.9.3-p194/gems/activerecord-3.2.8/lib/active_record/fixtures.rb:491:in `block in create_fixtures'
    /usr/local/rvm/gems/ruby-1.9.3-p194/gems/activerecord-3.2.8/lib/active_record/connection_adapters/abstract_adapter.rb:168:in `disable_referential_integrity'
    /usr/local/rvm/gems/ruby-1.9.3-p194/gems/activerecord-3.2.8/lib/active_record/fixtures.rb:476:in `create_fixtures'
    /usr/local/rvm/gems/ruby-1.9.3-p194/gems/activerecord-3.2.8/lib/active_record/fixtures.rb:895:in `load_fixtures'
    /usr/local/rvm/gems/ruby-1.9.3-p194/gems/activerecord-3.2.8/lib/active_record/fixtures.rb:849:in `setup_fixtures'
    /usr/local/rvm/gems/ruby-1.9.3-p194/gems/activesupport-3.2.8/lib/active_support/callbacks.rb:429:in `_run__155398092__setup__53828295__callbacks'
    /usr/local/rvm/gems/ruby-1.9.3-p194/gems/activesupport-3.2.8/lib/active_support/callbacks.rb:405:in `__run_callback'
    /usr/local/rvm/gems/ruby-1.9.3-p194/gems/activesupport-3.2.8/lib/active_support/callbacks.rb:385:in `_run_setup_callbacks'
    /usr/local/rvm/gems/ruby-1.9.3-p194/gems/activesupport-3.2.8/lib/active_support/callbacks.rb:81:in `run_callbacks'
    /usr/local/rvm/gems/ruby-1.9.3-p194/gems/activesupport-3.2.8/lib/active_support/testing/setup_and_teardown.rb:35:in `run'

  4) Error:
test_should_get_index(UsersControllerTest):
ActiveRecord::StatementInvalid: Could not find table 'users'
    /usr/local/rvm/gems/ruby-1.9.3-p194/gems/activerecord-3.2.8/lib/active_record/connection_adapters/sqlite_adapter.rb:472:in `table_structure'
    /usr/local/rvm/gems/ruby-1.9.3-p194/gems/activerecord-3.2.8/lib/active_record/connection_adapters/sqlite_adapter.rb:346:in `columns'
    /usr/local/rvm/gems/ruby-1.9.3-p194/gems/activerecord-3.2.8/lib/active_record/fixtures.rb:660:in `column_names'
    /usr/local/rvm/gems/ruby-1.9.3-p194/gems/activerecord-3.2.8/lib/active_record/fixtures.rb:652:in `timestamp_column_names'
    /usr/local/rvm/gems/ruby-1.9.3-p194/gems/activerecord-3.2.8/lib/active_record/fixtures.rb:585:in `block in table_rows'
    /usr/local/rvm/gems/ruby-1.9.3-p194/gems/activerecord-3.2.8/lib/active_record/fixtures.rb:579:in `each'
    /usr/local/rvm/gems/ruby-1.9.3-p194/gems/activerecord-3.2.8/lib/active_record/fixtures.rb:579:in `map'
    /usr/local/rvm/gems/ruby-1.9.3-p194/gems/activerecord-3.2.8/lib/active_record/fixtures.rb:579:in `table_rows'
    /usr/local/rvm/gems/ruby-1.9.3-p194/gems/activerecord-3.2.8/lib/active_record/fixtures.rb:494:in `block (3 levels) in create_fixtures'
    /usr/local/rvm/gems/ruby-1.9.3-p194/gems/activerecord-3.2.8/lib/active_record/fixtures.rb:492:in `each'
    /usr/local/rvm/gems/ruby-1.9.3-p194/gems/activerecord-3.2.8/lib/active_record/fixtures.rb:492:in `block (2 levels) in create_fixtures'
    /usr/local/rvm/gems/ruby-1.9.3-p194/gems/activerecord-3.2.8/lib/active_record/connection_adapters/abstract/database_statements.rb:192:in `transaction'
    /usr/local/rvm/gems/ruby-1.9.3-p194/gems/activerecord-3.2.8/lib/active_record/fixtures.rb:491:in `block in create_fixtures'
    /usr/local/rvm/gems/ruby-1.9.3-p194/gems/activerecord-3.2.8/lib/active_record/connection_adapters/abstract_adapter.rb:168:in `disable_referential_integrity'
    /usr/local/rvm/gems/ruby-1.9.3-p194/gems/activerecord-3.2.8/lib/active_record/fixtures.rb:476:in `create_fixtures'
    /usr/local/rvm/gems/ruby-1.9.3-p194/gems/activerecord-3.2.8/lib/active_record/fixtures.rb:895:in `load_fixtures'
    /usr/local/rvm/gems/ruby-1.9.3-p194/gems/activerecord-3.2.8/lib/active_record/fixtures.rb:849:in `setup_fixtures'
    /usr/local/rvm/gems/ruby-1.9.3-p194/gems/activesupport-3.2.8/lib/active_support/callbacks.rb:429:in `_run__155398092__setup__53828295__callbacks'
    /usr/local/rvm/gems/ruby-1.9.3-p194/gems/activesupport-3.2.8/lib/active_support/callbacks.rb:405:in `__run_callback'
    /usr/local/rvm/gems/ruby-1.9.3-p194/gems/activesupport-3.2.8/lib/active_support/callbacks.rb:385:in `_run_setup_callbacks'
    /usr/local/rvm/gems/ruby-1.9.3-p194/gems/activesupport-3.2.8/lib/active_support/callbacks.rb:81:in `run_callbacks'
    /usr/local/rvm/gems/ruby-1.9.3-p194/gems/activesupport-3.2.8/lib/active_support/testing/setup_and_teardown.rb:35:in `run'

  5) Error:
test_should_get_new(UsersControllerTest):
ActiveRecord::StatementInvalid: Could not find table 'users'
    /usr/local/rvm/gems/ruby-1.9.3-p194/gems/activerecord-3.2.8/lib/active_record/connection_adapters/sqlite_adapter.rb:472:in `table_structure'
    /usr/local/rvm/gems/ruby-1.9.3-p194/gems/activerecord-3.2.8/lib/active_record/connection_adapters/sqlite_adapter.rb:346:in `columns'
    /usr/local/rvm/gems/ruby-1.9.3-p194/gems/activerecord-3.2.8/lib/active_record/fixtures.rb:660:in `column_names'
    /usr/local/rvm/gems/ruby-1.9.3-p194/gems/activerecord-3.2.8/lib/active_record/fixtures.rb:652:in `timestamp_column_names'
    /usr/local/rvm/gems/ruby-1.9.3-p194/gems/activerecord-3.2.8/lib/active_record/fixtures.rb:585:in `block in table_rows'
    /usr/local/rvm/gems/ruby-1.9.3-p194/gems/activerecord-3.2.8/lib/active_record/fixtures.rb:579:in `each'
    /usr/local/rvm/gems/ruby-1.9.3-p194/gems/activerecord-3.2.8/lib/active_record/fixtures.rb:579:in `map'
    /usr/local/rvm/gems/ruby-1.9.3-p194/gems/activerecord-3.2.8/lib/active_record/fixtures.rb:579:in `table_rows'
    /usr/local/rvm/gems/ruby-1.9.3-p194/gems/activerecord-3.2.8/lib/active_record/fixtures.rb:494:in `block (3 levels) in create_fixtures'
    /usr/local/rvm/gems/ruby-1.9.3-p194/gems/activerecord-3.2.8/lib/active_record/fixtures.rb:492:in `each'
    /usr/local/rvm/gems/ruby-1.9.3-p194/gems/activerecord-3.2.8/lib/active_record/fixtures.rb:492:in `block (2 levels) in create_fixtures'
    /usr/local/rvm/gems/ruby-1.9.3-p194/gems/activerecord-3.2.8/lib/active_record/connection_adapters/abstract/database_statements.rb:192:in `transaction'
    /usr/local/rvm/gems/ruby-1.9.3-p194/gems/activerecord-3.2.8/lib/active_record/fixtures.rb:491:in `block in create_fixtures'
    /usr/local/rvm/gems/ruby-1.9.3-p194/gems/activerecord-3.2.8/lib/active_record/connection_adapters/abstract_adapter.rb:168:in `disable_referential_integrity'
    /usr/local/rvm/gems/ruby-1.9.3-p194/gems/activerecord-3.2.8/lib/active_record/fixtures.rb:476:in `create_fixtures'
    /usr/local/rvm/gems/ruby-1.9.3-p194/gems/activerecord-3.2.8/lib/active_record/fixtures.rb:895:in `load_fixtures'
    /usr/local/rvm/gems/ruby-1.9.3-p194/gems/activerecord-3.2.8/lib/active_record/fixtures.rb:849:in `setup_fixtures'
    /usr/local/rvm/gems/ruby-1.9.3-p194/gems/activesupport-3.2.8/lib/active_support/callbacks.rb:429:in `_run__155398092__setup__53828295__callbacks'
    /usr/local/rvm/gems/ruby-1.9.3-p194/gems/activesupport-3.2.8/lib/active_support/callbacks.rb:405:in `__run_callback'
    /usr/local/rvm/gems/ruby-1.9.3-p194/gems/activesupport-3.2.8/lib/active_support/callbacks.rb:385:in `_run_setup_callbacks'
    /usr/local/rvm/gems/ruby-1.9.3-p194/gems/activesupport-3.2.8/lib/active_support/callbacks.rb:81:in `run_callbacks'
    /usr/local/rvm/gems/ruby-1.9.3-p194/gems/activesupport-3.2.8/lib/active_support/testing/setup_and_teardown.rb:35:in `run'

  6) Error:
test_should_show_user(UsersControllerTest):
ActiveRecord::StatementInvalid: Could not find table 'users'
    /usr/local/rvm/gems/ruby-1.9.3-p194/gems/activerecord-3.2.8/lib/active_record/connection_adapters/sqlite_adapter.rb:472:in `table_structure'
    /usr/local/rvm/gems/ruby-1.9.3-p194/gems/activerecord-3.2.8/lib/active_record/connection_adapters/sqlite_adapter.rb:346:in `columns'
    /usr/local/rvm/gems/ruby-1.9.3-p194/gems/activerecord-3.2.8/lib/active_record/fixtures.rb:660:in `column_names'
    /usr/local/rvm/gems/ruby-1.9.3-p194/gems/activerecord-3.2.8/lib/active_record/fixtures.rb:652:in `timestamp_column_names'
    /usr/local/rvm/gems/ruby-1.9.3-p194/gems/activerecord-3.2.8/lib/active_record/fixtures.rb:585:in `block in table_rows'
    /usr/local/rvm/gems/ruby-1.9.3-p194/gems/activerecord-3.2.8/lib/active_record/fixtures.rb:579:in `each'
    /usr/local/rvm/gems/ruby-1.9.3-p194/gems/activerecord-3.2.8/lib/active_record/fixtures.rb:579:in `map'
    /usr/local/rvm/gems/ruby-1.9.3-p194/gems/activerecord-3.2.8/lib/active_record/fixtures.rb:579:in `table_rows'
    /usr/local/rvm/gems/ruby-1.9.3-p194/gems/activerecord-3.2.8/lib/active_record/fixtures.rb:494:in `block (3 levels) in create_fixtures'
    /usr/local/rvm/gems/ruby-1.9.3-p194/gems/activerecord-3.2.8/lib/active_record/fixtures.rb:492:in `each'
    /usr/local/rvm/gems/ruby-1.9.3-p194/gems/activerecord-3.2.8/lib/active_record/fixtures.rb:492:in `block (2 levels) in create_fixtures'
    /usr/local/rvm/gems/ruby-1.9.3-p194/gems/activerecord-3.2.8/lib/active_record/connection_adapters/abstract/database_statements.rb:192:in `transaction'
    /usr/local/rvm/gems/ruby-1.9.3-p194/gems/activerecord-3.2.8/lib/active_record/fixtures.rb:491:in `block in create_fixtures'
    /usr/local/rvm/gems/ruby-1.9.3-p194/gems/activerecord-3.2.8/lib/active_record/connection_adapters/abstract_adapter.rb:168:in `disable_referential_integrity'
    /usr/local/rvm/gems/ruby-1.9.3-p194/gems/activerecord-3.2.8/lib/active_record/fixtures.rb:476:in `create_fixtures'
    /usr/local/rvm/gems/ruby-1.9.3-p194/gems/activerecord-3.2.8/lib/active_record/fixtures.rb:895:in `load_fixtures'
    /usr/local/rvm/gems/ruby-1.9.3-p194/gems/activerecord-3.2.8/lib/active_record/fixtures.rb:849:in `setup_fixtures'
    /usr/local/rvm/gems/ruby-1.9.3-p194/gems/activesupport-3.2.8/lib/active_support/callbacks.rb:429:in `_run__155398092__setup__53828295__callbacks'
    /usr/local/rvm/gems/ruby-1.9.3-p194/gems/activesupport-3.2.8/lib/active_support/callbacks.rb:405:in `__run_callback'
    /usr/local/rvm/gems/ruby-1.9.3-p194/gems/activesupport-3.2.8/lib/active_support/callbacks.rb:385:in `_run_setup_callbacks'
    /usr/local/rvm/gems/ruby-1.9.3-p194/gems/activesupport-3.2.8/lib/active_support/callbacks.rb:81:in `run_callbacks'
    /usr/local/rvm/gems/ruby-1.9.3-p194/gems/activesupport-3.2.8/lib/active_support/testing/setup_and_teardown.rb:35:in `run'

  7) Error:
test_should_update_user(UsersControllerTest):
ActiveRecord::StatementInvalid: Could not find table 'users'
    /usr/local/rvm/gems/ruby-1.9.3-p194/gems/activerecord-3.2.8/lib/active_record/connection_adapters/sqlite_adapter.rb:472:in `table_structure'
    /usr/local/rvm/gems/ruby-1.9.3-p194/gems/activerecord-3.2.8/lib/active_record/connection_adapters/sqlite_adapter.rb:346:in `columns'
    /usr/local/rvm/gems/ruby-1.9.3-p194/gems/activerecord-3.2.8/lib/active_record/fixtures.rb:660:in `column_names'
    /usr/local/rvm/gems/ruby-1.9.3-p194/gems/activerecord-3.2.8/lib/active_record/fixtures.rb:652:in `timestamp_column_names'
    /usr/local/rvm/gems/ruby-1.9.3-p194/gems/activerecord-3.2.8/lib/active_record/fixtures.rb:585:in `block in table_rows'
    /usr/local/rvm/gems/ruby-1.9.3-p194/gems/activerecord-3.2.8/lib/active_record/fixtures.rb:579:in `each'
    /usr/local/rvm/gems/ruby-1.9.3-p194/gems/activerecord-3.2.8/lib/active_record/fixtures.rb:579:in `map'
    /usr/local/rvm/gems/ruby-1.9.3-p194/gems/activerecord-3.2.8/lib/active_record/fixtures.rb:579:in `table_rows'
    /usr/local/rvm/gems/ruby-1.9.3-p194/gems/activerecord-3.2.8/lib/active_record/fixtures.rb:494:in `block (3 levels) in create_fixtures'
    /usr/local/rvm/gems/ruby-1.9.3-p194/gems/activerecord-3.2.8/lib/active_record/fixtures.rb:492:in `each'
    /usr/local/rvm/gems/ruby-1.9.3-p194/gems/activerecord-3.2.8/lib/active_record/fixtures.rb:492:in `block (2 levels) in create_fixtures'
    /usr/local/rvm/gems/ruby-1.9.3-p194/gems/activerecord-3.2.8/lib/active_record/connection_adapters/abstract/database_statements.rb:192:in `transaction'
    /usr/local/rvm/gems/ruby-1.9.3-p194/gems/activerecord-3.2.8/lib/active_record/fixtures.rb:491:in `block in create_fixtures'
    /usr/local/rvm/gems/ruby-1.9.3-p194/gems/activerecord-3.2.8/lib/active_record/connection_adapters/abstract_adapter.rb:168:in `disable_referential_integrity'
    /usr/local/rvm/gems/ruby-1.9.3-p194/gems/activerecord-3.2.8/lib/active_record/fixtures.rb:476:in `create_fixtures'
    /usr/local/rvm/gems/ruby-1.9.3-p194/gems/activerecord-3.2.8/lib/active_record/fixtures.rb:895:in `load_fixtures'
    /usr/local/rvm/gems/ruby-1.9.3-p194/gems/activerecord-3.2.8/lib/active_record/fixtures.rb:849:in `setup_fixtures'
    /usr/local/rvm/gems/ruby-1.9.3-p194/gems/activesupport-3.2.8/lib/active_support/callbacks.rb:429:in `_run__155398092__setup__53828295__callbacks'
    /usr/local/rvm/gems/ruby-1.9.3-p194/gems/activesupport-3.2.8/lib/active_support/callbacks.rb:405:in `__run_callback'
    /usr/local/rvm/gems/ruby-1.9.3-p194/gems/activesupport-3.2.8/lib/active_support/callbacks.rb:385:in `_run_setup_callbacks'
    /usr/local/rvm/gems/ruby-1.9.3-p194/gems/activesupport-3.2.8/lib/active_support/callbacks.rb:81:in `run_callbacks'
    /usr/local/rvm/gems/ruby-1.9.3-p194/gems/activesupport-3.2.8/lib/active_support/testing/setup_and_teardown.rb:35:in `run'

7 tests, 0 assertions, 0 failures, 7 errors, 0 skips
Run options: -n "/^(test_should_get_contact|test_should_get_home)$/"

# Running tests:

EE

Finished tests in 0.051213s, 39.0526 tests/s, 0.0000 assertions/s.

  1) Error:
test_should_get_contact(PagesControllerTest):
ActiveRecord::StatementInvalid: Could not find table 'users'
    /usr/local/rvm/gems/ruby-1.9.3-p194/gems/activerecord-3.2.8/lib/active_record/connection_adapters/sqlite_adapter.rb:472:in `table_structure'
    /usr/local/rvm/gems/ruby-1.9.3-p194/gems/activerecord-3.2.8/lib/active_record/connection_adapters/sqlite_adapter.rb:346:in `columns'
    /usr/local/rvm/gems/ruby-1.9.3-p194/gems/activerecord-3.2.8/lib/active_record/fixtures.rb:660:in `column_names'
    /usr/local/rvm/gems/ruby-1.9.3-p194/gems/activerecord-3.2.8/lib/active_record/fixtures.rb:652:in `timestamp_column_names'
    /usr/local/rvm/gems/ruby-1.9.3-p194/gems/activerecord-3.2.8/lib/active_record/fixtures.rb:585:in `block in table_rows'
    /usr/local/rvm/gems/ruby-1.9.3-p194/gems/activerecord-3.2.8/lib/active_record/fixtures.rb:579:in `each'
    /usr/local/rvm/gems/ruby-1.9.3-p194/gems/activerecord-3.2.8/lib/active_record/fixtures.rb:579:in `map'
    /usr/local/rvm/gems/ruby-1.9.3-p194/gems/activerecord-3.2.8/lib/active_record/fixtures.rb:579:in `table_rows'
    /usr/local/rvm/gems/ruby-1.9.3-p194/gems/activerecord-3.2.8/lib/active_record/fixtures.rb:494:in `block (3 levels) in create_fixtures'
    /usr/local/rvm/gems/ruby-1.9.3-p194/gems/activerecord-3.2.8/lib/active_record/fixtures.rb:492:in `each'
    /usr/local/rvm/gems/ruby-1.9.3-p194/gems/activerecord-3.2.8/lib/active_record/fixtures.rb:492:in `block (2 levels) in create_fixtures'
    /usr/local/rvm/gems/ruby-1.9.3-p194/gems/activerecord-3.2.8/lib/active_record/connection_adapters/abstract/database_statements.rb:192:in `transaction'
    /usr/local/rvm/gems/ruby-1.9.3-p194/gems/activerecord-3.2.8/lib/active_record/fixtures.rb:491:in `block in create_fixtures'
    /usr/local/rvm/gems/ruby-1.9.3-p194/gems/activerecord-3.2.8/lib/active_record/connection_adapters/abstract_adapter.rb:168:in `disable_referential_integrity'
    /usr/local/rvm/gems/ruby-1.9.3-p194/gems/activerecord-3.2.8/lib/active_record/fixtures.rb:476:in `create_fixtures'
    /usr/local/rvm/gems/ruby-1.9.3-p194/gems/activerecord-3.2.8/lib/active_record/fixtures.rb:895:in `load_fixtures'
    /usr/local/rvm/gems/ruby-1.9.3-p194/gems/activerecord-3.2.8/lib/active_record/fixtures.rb:849:in `setup_fixtures'
    /usr/local/rvm/gems/ruby-1.9.3-p194/gems/activesupport-3.2.8/lib/active_support/callbacks.rb:429:in `_run__239439869__setup__76809084__callbacks'
    /usr/local/rvm/gems/ruby-1.9.3-p194/gems/activesupport-3.2.8/lib/active_support/callbacks.rb:405:in `__run_callback'
    /usr/local/rvm/gems/ruby-1.9.3-p194/gems/activesupport-3.2.8/lib/active_support/callbacks.rb:385:in `_run_setup_callbacks'
    /usr/local/rvm/gems/ruby-1.9.3-p194/gems/activesupport-3.2.8/lib/active_support/callbacks.rb:81:in `run_callbacks'
    /usr/local/rvm/gems/ruby-1.9.3-p194/gems/activesupport-3.2.8/lib/active_support/testing/setup_and_teardown.rb:35:in `run'

  2) Error:
test_should_get_home(PagesControllerTest):
ActiveRecord::StatementInvalid: Could not find table 'users'
    /usr/local/rvm/gems/ruby-1.9.3-p194/gems/activerecord-3.2.8/lib/active_record/connection_adapters/sqlite_adapter.rb:472:in `table_structure'
    /usr/local/rvm/gems/ruby-1.9.3-p194/gems/activerecord-3.2.8/lib/active_record/connection_adapters/sqlite_adapter.rb:346:in `columns'
    /usr/local/rvm/gems/ruby-1.9.3-p194/gems/activerecord-3.2.8/lib/active_record/fixtures.rb:660:in `column_names'
    /usr/local/rvm/gems/ruby-1.9.3-p194/gems/activerecord-3.2.8/lib/active_record/fixtures.rb:652:in `timestamp_column_names'
    /usr/local/rvm/gems/ruby-1.9.3-p194/gems/activerecord-3.2.8/lib/active_record/fixtures.rb:585:in `block in table_rows'
    /usr/local/rvm/gems/ruby-1.9.3-p194/gems/activerecord-3.2.8/lib/active_record/fixtures.rb:579:in `each'
    /usr/local/rvm/gems/ruby-1.9.3-p194/gems/activerecord-3.2.8/lib/active_record/fixtures.rb:579:in `map'
    /usr/local/rvm/gems/ruby-1.9.3-p194/gems/activerecord-3.2.8/lib/active_record/fixtures.rb:579:in `table_rows'
    /usr/local/rvm/gems/ruby-1.9.3-p194/gems/activerecord-3.2.8/lib/active_record/fixtures.rb:494:in `block (3 levels) in create_fixtures'
    /usr/local/rvm/gems/ruby-1.9.3-p194/gems/activerecord-3.2.8/lib/active_record/fixtures.rb:492:in `each'
    /usr/local/rvm/gems/ruby-1.9.3-p194/gems/activerecord-3.2.8/lib/active_record/fixtures.rb:492:in `block (2 levels) in create_fixtures'
    /usr/local/rvm/gems/ruby-1.9.3-p194/gems/activerecord-3.2.8/lib/active_record/connection_adapters/abstract/database_statements.rb:192:in `transaction'
    /usr/local/rvm/gems/ruby-1.9.3-p194/gems/activerecord-3.2.8/lib/active_record/fixtures.rb:491:in `block in create_fixtures'
    /usr/local/rvm/gems/ruby-1.9.3-p194/gems/activerecord-3.2.8/lib/active_record/connection_adapters/abstract_adapter.rb:168:in `disable_referential_integrity'
    /usr/local/rvm/gems/ruby-1.9.3-p194/gems/activerecord-3.2.8/lib/active_record/fixtures.rb:476:in `create_fixtures'
    /usr/local/rvm/gems/ruby-1.9.3-p194/gems/activerecord-3.2.8/lib/active_record/fixtures.rb:895:in `load_fixtures'
    /usr/local/rvm/gems/ruby-1.9.3-p194/gems/activerecord-3.2.8/lib/active_record/fixtures.rb:849:in `setup_fixtures'
    /usr/local/rvm/gems/ruby-1.9.3-p194/gems/activesupport-3.2.8/lib/active_support/callbacks.rb:429:in `_run__239439869__setup__76809084__callbacks'
    /usr/local/rvm/gems/ruby-1.9.3-p194/gems/activesupport-3.2.8/lib/active_support/callbacks.rb:405:in `__run_callback'
    /usr/local/rvm/gems/ruby-1.9.3-p194/gems/activesupport-3.2.8/lib/active_support/callbacks.rb:385:in `_run_setup_callbacks'
    /usr/local/rvm/gems/ruby-1.9.3-p194/gems/activesupport-3.2.8/lib/active_support/callbacks.rb:81:in `run_callbacks'
    /usr/local/rvm/gems/ruby-1.9.3-p194/gems/activesupport-3.2.8/lib/active_support/testing/setup_and_teardown.rb:35:in `run'

2 tests, 0 assertions, 0 failures, 2 errors, 0 skips
Run options: -n "/^(test_should_create_micropost|test_should_destroy_micropost|test_should_get_edit|test_should_get_index|test_should_get_new|test_should_show_micropost|test_should_update_micropost)$/"

# Running tests:

EEEEEEE

Finished tests in 0.097802s, 71.5731 tests/s, 0.0000 assertions/s.

  1) Error:
test_should_create_micropost(MicropostsControllerTest):
ActiveRecord::StatementInvalid: Could not find table 'users'
    /usr/local/rvm/gems/ruby-1.9.3-p194/gems/activerecord-3.2.8/lib/active_record/connection_adapters/sqlite_adapter.rb:472:in `table_structure'
    /usr/local/rvm/gems/ruby-1.9.3-p194/gems/activerecord-3.2.8/lib/active_record/connection_adapters/sqlite_adapter.rb:346:in `columns'
    /usr/local/rvm/gems/ruby-1.9.3-p194/gems/activerecord-3.2.8/lib/active_record/fixtures.rb:660:in `column_names'
    /usr/local/rvm/gems/ruby-1.9.3-p194/gems/activerecord-3.2.8/lib/active_record/fixtures.rb:652:in `timestamp_column_names'
    /usr/local/rvm/gems/ruby-1.9.3-p194/gems/activerecord-3.2.8/lib/active_record/fixtures.rb:585:in `block in table_rows'
    /usr/local/rvm/gems/ruby-1.9.3-p194/gems/activerecord-3.2.8/lib/active_record/fixtures.rb:579:in `each'
    /usr/local/rvm/gems/ruby-1.9.3-p194/gems/activerecord-3.2.8/lib/active_record/fixtures.rb:579:in `map'
    /usr/local/rvm/gems/ruby-1.9.3-p194/gems/activerecord-3.2.8/lib/active_record/fixtures.rb:579:in `table_rows'
    /usr/local/rvm/gems/ruby-1.9.3-p194/gems/activerecord-3.2.8/lib/active_record/fixtures.rb:494:in `block (3 levels) in create_fixtures'
    /usr/local/rvm/gems/ruby-1.9.3-p194/gems/activerecord-3.2.8/lib/active_record/fixtures.rb:492:in `each'
    /usr/local/rvm/gems/ruby-1.9.3-p194/gems/activerecord-3.2.8/lib/active_record/fixtures.rb:492:in `block (2 levels) in create_fixtures'
    /usr/local/rvm/gems/ruby-1.9.3-p194/gems/activerecord-3.2.8/lib/active_record/connection_adapters/abstract/database_statements.rb:192:in `transaction'
    /usr/local/rvm/gems/ruby-1.9.3-p194/gems/activerecord-3.2.8/lib/active_record/fixtures.rb:491:in `block in create_fixtures'
    /usr/local/rvm/gems/ruby-1.9.3-p194/gems/activerecord-3.2.8/lib/active_record/connection_adapters/abstract_adapter.rb:168:in `disable_referential_integrity'
    /usr/local/rvm/gems/ruby-1.9.3-p194/gems/activerecord-3.2.8/lib/active_record/fixtures.rb:476:in `create_fixtures'
    /usr/local/rvm/gems/ruby-1.9.3-p194/gems/activerecord-3.2.8/lib/active_record/fixtures.rb:895:in `load_fixtures'
    /usr/local/rvm/gems/ruby-1.9.3-p194/gems/activerecord-3.2.8/lib/active_record/fixtures.rb:849:in `setup_fixtures'
    /usr/local/rvm/gems/ruby-1.9.3-p194/gems/activesupport-3.2.8/lib/active_support/callbacks.rb:429:in `_run__452914406__setup__450017864__callbacks'
    /usr/local/rvm/gems/ruby-1.9.3-p194/gems/activesupport-3.2.8/lib/active_support/callbacks.rb:405:in `__run_callback'
    /usr/local/rvm/gems/ruby-1.9.3-p194/gems/activesupport-3.2.8/lib/active_support/callbacks.rb:385:in `_run_setup_callbacks'
    /usr/local/rvm/gems/ruby-1.9.3-p194/gems/activesupport-3.2.8/lib/active_support/callbacks.rb:81:in `run_callbacks'
    /usr/local/rvm/gems/ruby-1.9.3-p194/gems/activesupport-3.2.8/lib/active_support/testing/setup_and_teardown.rb:35:in `run'

  2) Error:
test_should_destroy_micropost(MicropostsControllerTest):
ActiveRecord::StatementInvalid: Could not find table 'users'
    /usr/local/rvm/gems/ruby-1.9.3-p194/gems/activerecord-3.2.8/lib/active_record/connection_adapters/sqlite_adapter.rb:472:in `table_structure'
    /usr/local/rvm/gems/ruby-1.9.3-p194/gems/activerecord-3.2.8/lib/active_record/connection_adapters/sqlite_adapter.rb:346:in `columns'
    /usr/local/rvm/gems/ruby-1.9.3-p194/gems/activerecord-3.2.8/lib/active_record/fixtures.rb:660:in `column_names'
    /usr/local/rvm/gems/ruby-1.9.3-p194/gems/activerecord-3.2.8/lib/active_record/fixtures.rb:652:in `timestamp_column_names'
    /usr/local/rvm/gems/ruby-1.9.3-p194/gems/activerecord-3.2.8/lib/active_record/fixtures.rb:585:in `block in table_rows'
    /usr/local/rvm/gems/ruby-1.9.3-p194/gems/activerecord-3.2.8/lib/active_record/fixtures.rb:579:in `each'
    /usr/local/rvm/gems/ruby-1.9.3-p194/gems/activerecord-3.2.8/lib/active_record/fixtures.rb:579:in `map'
    /usr/local/rvm/gems/ruby-1.9.3-p194/gems/activerecord-3.2.8/lib/active_record/fixtures.rb:579:in `table_rows'
    /usr/local/rvm/gems/ruby-1.9.3-p194/gems/activerecord-3.2.8/lib/active_record/fixtures.rb:494:in `block (3 levels) in create_fixtures'
    /usr/local/rvm/gems/ruby-1.9.3-p194/gems/activerecord-3.2.8/lib/active_record/fixtures.rb:492:in `each'
    /usr/local/rvm/gems/ruby-1.9.3-p194/gems/activerecord-3.2.8/lib/active_record/fixtures.rb:492:in `block (2 levels) in create_fixtures'
    /usr/local/rvm/gems/ruby-1.9.3-p194/gems/activerecord-3.2.8/lib/active_record/connection_adapters/abstract/database_statements.rb:192:in `transaction'
    /usr/local/rvm/gems/ruby-1.9.3-p194/gems/activerecord-3.2.8/lib/active_record/fixtures.rb:491:in `block in create_fixtures'
    /usr/local/rvm/gems/ruby-1.9.3-p194/gems/activerecord-3.2.8/lib/active_record/connection_adapters/abstract_adapter.rb:168:in `disable_referential_integrity'
    /usr/local/rvm/gems/ruby-1.9.3-p194/gems/activerecord-3.2.8/lib/active_record/fixtures.rb:476:in `create_fixtures'
    /usr/local/rvm/gems/ruby-1.9.3-p194/gems/activerecord-3.2.8/lib/active_record/fixtures.rb:895:in `load_fixtures'
    /usr/local/rvm/gems/ruby-1.9.3-p194/gems/activerecord-3.2.8/lib/active_record/fixtures.rb:849:in `setup_fixtures'
    /usr/local/rvm/gems/ruby-1.9.3-p194/gems/activesupport-3.2.8/lib/active_support/callbacks.rb:429:in `_run__452914406__setup__450017864__callbacks'
    /usr/local/rvm/gems/ruby-1.9.3-p194/gems/activesupport-3.2.8/lib/active_support/callbacks.rb:405:in `__run_callback'
    /usr/local/rvm/gems/ruby-1.9.3-p194/gems/activesupport-3.2.8/lib/active_support/callbacks.rb:385:in `_run_setup_callbacks'
    /usr/local/rvm/gems/ruby-1.9.3-p194/gems/activesupport-3.2.8/lib/active_support/callbacks.rb:81:in `run_callbacks'
    /usr/local/rvm/gems/ruby-1.9.3-p194/gems/activesupport-3.2.8/lib/active_support/testing/setup_and_teardown.rb:35:in `run'

  3) Error:
test_should_get_edit(MicropostsControllerTest):
ActiveRecord::StatementInvalid: Could not find table 'users'
    /usr/local/rvm/gems/ruby-1.9.3-p194/gems/activerecord-3.2.8/lib/active_record/connection_adapters/sqlite_adapter.rb:472:in `table_structure'
    /usr/local/rvm/gems/ruby-1.9.3-p194/gems/activerecord-3.2.8/lib/active_record/connection_adapters/sqlite_adapter.rb:346:in `columns'
    /usr/local/rvm/gems/ruby-1.9.3-p194/gems/activerecord-3.2.8/lib/active_record/fixtures.rb:660:in `column_names'
    /usr/local/rvm/gems/ruby-1.9.3-p194/gems/activerecord-3.2.8/lib/active_record/fixtures.rb:652:in `timestamp_column_names'
    /usr/local/rvm/gems/ruby-1.9.3-p194/gems/activerecord-3.2.8/lib/active_record/fixtures.rb:585:in `block in table_rows'
    /usr/local/rvm/gems/ruby-1.9.3-p194/gems/activerecord-3.2.8/lib/active_record/fixtures.rb:579:in `each'
    /usr/local/rvm/gems/ruby-1.9.3-p194/gems/activerecord-3.2.8/lib/active_record/fixtures.rb:579:in `map'
    /usr/local/rvm/gems/ruby-1.9.3-p194/gems/activerecord-3.2.8/lib/active_record/fixtures.rb:579:in `table_rows'
    /usr/local/rvm/gems/ruby-1.9.3-p194/gems/activerecord-3.2.8/lib/active_record/fixtures.rb:494:in `block (3 levels) in create_fixtures'
    /usr/local/rvm/gems/ruby-1.9.3-p194/gems/activerecord-3.2.8/lib/active_record/fixtures.rb:492:in `each'
    /usr/local/rvm/gems/ruby-1.9.3-p194/gems/activerecord-3.2.8/lib/active_record/fixtures.rb:492:in `block (2 levels) in create_fixtures'
    /usr/local/rvm/gems/ruby-1.9.3-p194/gems/activerecord-3.2.8/lib/active_record/connection_adapters/abstract/database_statements.rb:192:in `transaction'
    /usr/local/rvm/gems/ruby-1.9.3-p194/gems/activerecord-3.2.8/lib/active_record/fixtures.rb:491:in `block in create_fixtures'
    /usr/local/rvm/gems/ruby-1.9.3-p194/gems/activerecord-3.2.8/lib/active_record/connection_adapters/abstract_adapter.rb:168:in `disable_referential_integrity'
    /usr/local/rvm/gems/ruby-1.9.3-p194/gems/activerecord-3.2.8/lib/active_record/fixtures.rb:476:in `create_fixtures'
    /usr/local/rvm/gems/ruby-1.9.3-p194/gems/activerecord-3.2.8/lib/active_record/fixtures.rb:895:in `load_fixtures'
    /usr/local/rvm/gems/ruby-1.9.3-p194/gems/activerecord-3.2.8/lib/active_record/fixtures.rb:849:in `setup_fixtures'
    /usr/local/rvm/gems/ruby-1.9.3-p194/gems/activesupport-3.2.8/lib/active_support/callbacks.rb:429:in `_run__452914406__setup__450017864__callbacks'
    /usr/local/rvm/gems/ruby-1.9.3-p194/gems/activesupport-3.2.8/lib/active_support/callbacks.rb:405:in `__run_callback'
    /usr/local/rvm/gems/ruby-1.9.3-p194/gems/activesupport-3.2.8/lib/active_support/callbacks.rb:385:in `_run_setup_callbacks'
    /usr/local/rvm/gems/ruby-1.9.3-p194/gems/activesupport-3.2.8/lib/active_support/callbacks.rb:81:in `run_callbacks'
    /usr/local/rvm/gems/ruby-1.9.3-p194/gems/activesupport-3.2.8/lib/active_support/testing/setup_and_teardown.rb:35:in `run'

  4) Error:
test_should_get_index(MicropostsControllerTest):
ActiveRecord::StatementInvalid: Could not find table 'users'
    /usr/local/rvm/gems/ruby-1.9.3-p194/gems/activerecord-3.2.8/lib/active_record/connection_adapters/sqlite_adapter.rb:472:in `table_structure'
    /usr/local/rvm/gems/ruby-1.9.3-p194/gems/activerecord-3.2.8/lib/active_record/connection_adapters/sqlite_adapter.rb:346:in `columns'
    /usr/local/rvm/gems/ruby-1.9.3-p194/gems/activerecord-3.2.8/lib/active_record/fixtures.rb:660:in `column_names'
    /usr/local/rvm/gems/ruby-1.9.3-p194/gems/activerecord-3.2.8/lib/active_record/fixtures.rb:652:in `timestamp_column_names'
    /usr/local/rvm/gems/ruby-1.9.3-p194/gems/activerecord-3.2.8/lib/active_record/fixtures.rb:585:in `block in table_rows'
    /usr/local/rvm/gems/ruby-1.9.3-p194/gems/activerecord-3.2.8/lib/active_record/fixtures.rb:579:in `each'
    /usr/local/rvm/gems/ruby-1.9.3-p194/gems/activerecord-3.2.8/lib/active_record/fixtures.rb:579:in `map'
    /usr/local/rvm/gems/ruby-1.9.3-p194/gems/activerecord-3.2.8/lib/active_record/fixtures.rb:579:in `table_rows'
    /usr/local/rvm/gems/ruby-1.9.3-p194/gems/activerecord-3.2.8/lib/active_record/fixtures.rb:494:in `block (3 levels) in create_fixtures'
    /usr/local/rvm/gems/ruby-1.9.3-p194/gems/activerecord-3.2.8/lib/active_record/fixtures.rb:492:in `each'
    /usr/local/rvm/gems/ruby-1.9.3-p194/gems/activerecord-3.2.8/lib/active_record/fixtures.rb:492:in `block (2 levels) in create_fixtures'
    /usr/local/rvm/gems/ruby-1.9.3-p194/gems/activerecord-3.2.8/lib/active_record/connection_adapters/abstract/database_statements.rb:192:in `transaction'
    /usr/local/rvm/gems/ruby-1.9.3-p194/gems/activerecord-3.2.8/lib/active_record/fixtures.rb:491:in `block in create_fixtures'
    /usr/local/rvm/gems/ruby-1.9.3-p194/gems/activerecord-3.2.8/lib/active_record/connection_adapters/abstract_adapter.rb:168:in `disable_referential_integrity'
    /usr/local/rvm/gems/ruby-1.9.3-p194/gems/activerecord-3.2.8/lib/active_record/fixtures.rb:476:in `create_fixtures'
    /usr/local/rvm/gems/ruby-1.9.3-p194/gems/activerecord-3.2.8/lib/active_record/fixtures.rb:895:in `load_fixtures'
    /usr/local/rvm/gems/ruby-1.9.3-p194/gems/activerecord-3.2.8/lib/active_record/fixtures.rb:849:in `setup_fixtures'
    /usr/local/rvm/gems/ruby-1.9.3-p194/gems/activesupport-3.2.8/lib/active_support/callbacks.rb:429:in `_run__452914406__setup__450017864__callbacks'
    /usr/local/rvm/gems/ruby-1.9.3-p194/gems/activesupport-3.2.8/lib/active_support/callbacks.rb:405:in `__run_callback'
    /usr/local/rvm/gems/ruby-1.9.3-p194/gems/activesupport-3.2.8/lib/active_support/callbacks.rb:385:in `_run_setup_callbacks'
    /usr/local/rvm/gems/ruby-1.9.3-p194/gems/activesupport-3.2.8/lib/active_support/callbacks.rb:81:in `run_callbacks'
    /usr/local/rvm/gems/ruby-1.9.3-p194/gems/activesupport-3.2.8/lib/active_support/testing/setup_and_teardown.rb:35:in `run'

  5) Error:
test_should_get_new(MicropostsControllerTest):
ActiveRecord::StatementInvalid: Could not find table 'users'
    /usr/local/rvm/gems/ruby-1.9.3-p194/gems/activerecord-3.2.8/lib/active_record/connection_adapters/sqlite_adapter.rb:472:in `table_structure'
    /usr/local/rvm/gems/ruby-1.9.3-p194/gems/activerecord-3.2.8/lib/active_record/connection_adapters/sqlite_adapter.rb:346:in `columns'
    /usr/local/rvm/gems/ruby-1.9.3-p194/gems/activerecord-3.2.8/lib/active_record/fixtures.rb:660:in `column_names'
    /usr/local/rvm/gems/ruby-1.9.3-p194/gems/activerecord-3.2.8/lib/active_record/fixtures.rb:652:in `timestamp_column_names'
    /usr/local/rvm/gems/ruby-1.9.3-p194/gems/activerecord-3.2.8/lib/active_record/fixtures.rb:585:in `block in table_rows'
    /usr/local/rvm/gems/ruby-1.9.3-p194/gems/activerecord-3.2.8/lib/active_record/fixtures.rb:579:in `each'
    /usr/local/rvm/gems/ruby-1.9.3-p194/gems/activerecord-3.2.8/lib/active_record/fixtures.rb:579:in `map'
    /usr/local/rvm/gems/ruby-1.9.3-p194/gems/activerecord-3.2.8/lib/active_record/fixtures.rb:579:in `table_rows'
    /usr/local/rvm/gems/ruby-1.9.3-p194/gems/activerecord-3.2.8/lib/active_record/fixtures.rb:494:in `block (3 levels) in create_fixtures'
    /usr/local/rvm/gems/ruby-1.9.3-p194/gems/activerecord-3.2.8/lib/active_record/fixtures.rb:492:in `each'
    /usr/local/rvm/gems/ruby-1.9.3-p194/gems/activerecord-3.2.8/lib/active_record/fixtures.rb:492:in `block (2 levels) in create_fixtures'
    /usr/local/rvm/gems/ruby-1.9.3-p194/gems/activerecord-3.2.8/lib/active_record/connection_adapters/abstract/database_statements.rb:192:in `transaction'
    /usr/local/rvm/gems/ruby-1.9.3-p194/gems/activerecord-3.2.8/lib/active_record/fixtures.rb:491:in `block in create_fixtures'
    /usr/local/rvm/gems/ruby-1.9.3-p194/gems/activerecord-3.2.8/lib/active_record/connection_adapters/abstract_adapter.rb:168:in `disable_referential_integrity'
    /usr/local/rvm/gems/ruby-1.9.3-p194/gems/activerecord-3.2.8/lib/active_record/fixtures.rb:476:in `create_fixtures'
    /usr/local/rvm/gems/ruby-1.9.3-p194/gems/activerecord-3.2.8/lib/active_record/fixtures.rb:895:in `load_fixtures'
    /usr/local/rvm/gems/ruby-1.9.3-p194/gems/activerecord-3.2.8/lib/active_record/fixtures.rb:849:in `setup_fixtures'
    /usr/local/rvm/gems/ruby-1.9.3-p194/gems/activesupport-3.2.8/lib/active_support/callbacks.rb:429:in `_run__452914406__setup__450017864__callbacks'
    /usr/local/rvm/gems/ruby-1.9.3-p194/gems/activesupport-3.2.8/lib/active_support/callbacks.rb:405:in `__run_callback'
    /usr/local/rvm/gems/ruby-1.9.3-p194/gems/activesupport-3.2.8/lib/active_support/callbacks.rb:385:in `_run_setup_callbacks'
    /usr/local/rvm/gems/ruby-1.9.3-p194/gems/activesupport-3.2.8/lib/active_support/callbacks.rb:81:in `run_callbacks'
    /usr/local/rvm/gems/ruby-1.9.3-p194/gems/activesupport-3.2.8/lib/active_support/testing/setup_and_teardown.rb:35:in `run'

  6) Error:
test_should_show_micropost(MicropostsControllerTest):
ActiveRecord::StatementInvalid: Could not find table 'users'
    /usr/local/rvm/gems/ruby-1.9.3-p194/gems/activerecord-3.2.8/lib/active_record/connection_adapters/sqlite_adapter.rb:472:in `table_structure'
    /usr/local/rvm/gems/ruby-1.9.3-p194/gems/activerecord-3.2.8/lib/active_record/connection_adapters/sqlite_adapter.rb:346:in `columns'
    /usr/local/rvm/gems/ruby-1.9.3-p194/gems/activerecord-3.2.8/lib/active_record/fixtures.rb:660:in `column_names'
    /usr/local/rvm/gems/ruby-1.9.3-p194/gems/activerecord-3.2.8/lib/active_record/fixtures.rb:652:in `timestamp_column_names'
    /usr/local/rvm/gems/ruby-1.9.3-p194/gems/activerecord-3.2.8/lib/active_record/fixtures.rb:585:in `block in table_rows'
    /usr/local/rvm/gems/ruby-1.9.3-p194/gems/activerecord-3.2.8/lib/active_record/fixtures.rb:579:in `each'
    /usr/local/rvm/gems/ruby-1.9.3-p194/gems/activerecord-3.2.8/lib/active_record/fixtures.rb:579:in `map'
    /usr/local/rvm/gems/ruby-1.9.3-p194/gems/activerecord-3.2.8/lib/active_record/fixtures.rb:579:in `table_rows'
    /usr/local/rvm/gems/ruby-1.9.3-p194/gems/activerecord-3.2.8/lib/active_record/fixtures.rb:494:in `block (3 levels) in create_fixtures'
    /usr/local/rvm/gems/ruby-1.9.3-p194/gems/activerecord-3.2.8/lib/active_record/fixtures.rb:492:in `each'
    /usr/local/rvm/gems/ruby-1.9.3-p194/gems/activerecord-3.2.8/lib/active_record/fixtures.rb:492:in `block (2 levels) in create_fixtures'
    /usr/local/rvm/gems/ruby-1.9.3-p194/gems/activerecord-3.2.8/lib/active_record/connection_adapters/abstract/database_statements.rb:192:in `transaction'
    /usr/local/rvm/gems/ruby-1.9.3-p194/gems/activerecord-3.2.8/lib/active_record/fixtures.rb:491:in `block in create_fixtures'
    /usr/local/rvm/gems/ruby-1.9.3-p194/gems/activerecord-3.2.8/lib/active_record/connection_adapters/abstract_adapter.rb:168:in `disable_referential_integrity'
    /usr/local/rvm/gems/ruby-1.9.3-p194/gems/activerecord-3.2.8/lib/active_record/fixtures.rb:476:in `create_fixtures'
    /usr/local/rvm/gems/ruby-1.9.3-p194/gems/activerecord-3.2.8/lib/active_record/fixtures.rb:895:in `load_fixtures'
    /usr/local/rvm/gems/ruby-1.9.3-p194/gems/activerecord-3.2.8/lib/active_record/fixtures.rb:849:in `setup_fixtures'
    /usr/local/rvm/gems/ruby-1.9.3-p194/gems/activesupport-3.2.8/lib/active_support/callbacks.rb:429:in `_run__452914406__setup__450017864__callbacks'
    /usr/local/rvm/gems/ruby-1.9.3-p194/gems/activesupport-3.2.8/lib/active_support/callbacks.rb:405:in `__run_callback'
    /usr/local/rvm/gems/ruby-1.9.3-p194/gems/activesupport-3.2.8/lib/active_support/callbacks.rb:385:in `_run_setup_callbacks'
    /usr/local/rvm/gems/ruby-1.9.3-p194/gems/activesupport-3.2.8/lib/active_support/callbacks.rb:81:in `run_callbacks'
    /usr/local/rvm/gems/ruby-1.9.3-p194/gems/activesupport-3.2.8/lib/active_support/testing/setup_and_teardown.rb:35:in `run'

  7) Error:
test_should_update_micropost(MicropostsControllerTest):
ActiveRecord::StatementInvalid: Could not find table 'users'
    /usr/local/rvm/gems/ruby-1.9.3-p194/gems/activerecord-3.2.8/lib/active_record/connection_adapters/sqlite_adapter.rb:472:in `table_structure'
    /usr/local/rvm/gems/ruby-1.9.3-p194/gems/activerecord-3.2.8/lib/active_record/connection_adapters/sqlite_adapter.rb:346:in `columns'
    /usr/local/rvm/gems/ruby-1.9.3-p194/gems/activerecord-3.2.8/lib/active_record/fixtures.rb:660:in `column_names'
    /usr/local/rvm/gems/ruby-1.9.3-p194/gems/activerecord-3.2.8/lib/active_record/fixtures.rb:652:in `timestamp_column_names'
    /usr/local/rvm/gems/ruby-1.9.3-p194/gems/activerecord-3.2.8/lib/active_record/fixtures.rb:585:in `block in table_rows'
    /usr/local/rvm/gems/ruby-1.9.3-p194/gems/activerecord-3.2.8/lib/active_record/fixtures.rb:579:in `each'
    /usr/local/rvm/gems/ruby-1.9.3-p194/gems/activerecord-3.2.8/lib/active_record/fixtures.rb:579:in `map'
    /usr/local/rvm/gems/ruby-1.9.3-p194/gems/activerecord-3.2.8/lib/active_record/fixtures.rb:579:in `table_rows'
    /usr/local/rvm/gems/ruby-1.9.3-p194/gems/activerecord-3.2.8/lib/active_record/fixtures.rb:494:in `block (3 levels) in create_fixtures'
    /usr/local/rvm/gems/ruby-1.9.3-p194/gems/activerecord-3.2.8/lib/active_record/fixtures.rb:492:in `each'
    /usr/local/rvm/gems/ruby-1.9.3-p194/gems/activerecord-3.2.8/lib/active_record/fixtures.rb:492:in `block (2 levels) in create_fixtures'
    /usr/local/rvm/gems/ruby-1.9.3-p194/gems/activerecord-3.2.8/lib/active_record/connection_adapters/abstract/database_statements.rb:192:in `transaction'
    /usr/local/rvm/gems/ruby-1.9.3-p194/gems/activerecord-3.2.8/lib/active_record/fixtures.rb:491:in `block in create_fixtures'
    /usr/local/rvm/gems/ruby-1.9.3-p194/gems/activerecord-3.2.8/lib/active_record/connection_adapters/abstract_adapter.rb:168:in `disable_referential_integrity'
    /usr/local/rvm/gems/ruby-1.9.3-p194/gems/activerecord-3.2.8/lib/active_record/fixtures.rb:476:in `create_fixtures'
    /usr/local/rvm/gems/ruby-1.9.3-p194/gems/activerecord-3.2.8/lib/active_record/fixtures.rb:895:in `load_fixtures'
    /usr/local/rvm/gems/ruby-1.9.3-p194/gems/activerecord-3.2.8/lib/active_record/fixtures.rb:849:in `setup_fixtures'
    /usr/local/rvm/gems/ruby-1.9.3-p194/gems/activesupport-3.2.8/lib/active_support/callbacks.rb:429:in `_run__452914406__setup__450017864__callbacks'
    /usr/local/rvm/gems/ruby-1.9.3-p194/gems/activesupport-3.2.8/lib/active_support/callbacks.rb:405:in `__run_callback'
    /usr/local/rvm/gems/ruby-1.9.3-p194/gems/activesupport-3.2.8/lib/active_support/callbacks.rb:385:in `_run_setup_callbacks'
    /usr/local/rvm/gems/ruby-1.9.3-p194/gems/activesupport-3.2.8/lib/active_support/callbacks.rb:81:in `run_callbacks'
    /usr/local/rvm/gems/ruby-1.9.3-p194/gems/activesupport-3.2.8/lib/active_support/testing/setup_and_teardown.rb:35:in `run'

7 tests, 0 assertions, 0 failures, 7 errors, 0 skips
/usr/local/rvm/rubies/ruby-1.9.3-p194/bin/ruby -I.:lib:test -rubygems test/functional/users_controller_test.rb -n "/^(test_should_create_user|test_should_destroy_user|test_should_get_edit|test_should_get_index|test_should_get_new|test_should_show_user|test_should_update_user)$/"; /usr/local/rvm/rubies/ruby-1.9.3-p194/bin/ruby -I.:lib:test -rubygems test/functional/microposts_controller_test.rb -n "/^(test_should_create_micropost|test_should_destroy_micropost|test_should_get_edit|test_should_get_index|test_should_get_new|test_should_show_micropost|test_should_update_micropost)$/"; /usr/local/rvm/rubies/ruby-1.9.3-p194/bin/ruby -I.:lib:test -rubygems test/functional/pages_controller_test.rb -n "/^(test_should_get_contact|test_should_get_home)$/"
Run options: -n "/^(test_should_create_user|test_should_destroy_user|test_should_get_edit|test_should_get_index|test_should_get_new|test_should_show_user|test_should_update_user)$/"

# Running tests:

EEEEEEE

Finished tests in 0.101229s, 69.1503 tests/s, 0.0000 assertions/s.

  1) Error:
test_should_create_user(UsersControllerTest):
ActiveRecord::StatementInvalid: Could not find table 'users'
    /usr/local/rvm/gems/ruby-1.9.3-p194/gems/activerecord-3.2.8/lib/active_record/connection_adapters/sqlite_adapter.rb:472:in `table_structure'
    /usr/local/rvm/gems/ruby-1.9.3-p194/gems/activerecord-3.2.8/lib/active_record/connection_adapters/sqlite_adapter.rb:346:in `columns'
    /usr/local/rvm/gems/ruby-1.9.3-p194/gems/activerecord-3.2.8/lib/active_record/fixtures.rb:660:in `column_names'
    /usr/local/rvm/gems/ruby-1.9.3-p194/gems/activerecord-3.2.8/lib/active_record/fixtures.rb:652:in `timestamp_column_names'
    /usr/local/rvm/gems/ruby-1.9.3-p194/gems/activerecord-3.2.8/lib/active_record/fixtures.rb:585:in `block in table_rows'
    /usr/local/rvm/gems/ruby-1.9.3-p194/gems/activerecord-3.2.8/lib/active_record/fixtures.rb:579:in `each'
    /usr/local/rvm/gems/ruby-1.9.3-p194/gems/activerecord-3.2.8/lib/active_record/fixtures.rb:579:in `map'
    /usr/local/rvm/gems/ruby-1.9.3-p194/gems/activerecord-3.2.8/lib/active_record/fixtures.rb:579:in `table_rows'
    /usr/local/rvm/gems/ruby-1.9.3-p194/gems/activerecord-3.2.8/lib/active_record/fixtures.rb:494:in `block (3 levels) in create_fixtures'
    /usr/local/rvm/gems/ruby-1.9.3-p194/gems/activerecord-3.2.8/lib/active_record/fixtures.rb:492:in `each'
    /usr/local/rvm/gems/ruby-1.9.3-p194/gems/activerecord-3.2.8/lib/active_record/fixtures.rb:492:in `block (2 levels) in create_fixtures'
    /usr/local/rvm/gems/ruby-1.9.3-p194/gems/activerecord-3.2.8/lib/active_record/connection_adapters/abstract/database_statements.rb:192:in `transaction'
    /usr/local/rvm/gems/ruby-1.9.3-p194/gems/activerecord-3.2.8/lib/active_record/fixtures.rb:491:in `block in create_fixtures'
    /usr/local/rvm/gems/ruby-1.9.3-p194/gems/activerecord-3.2.8/lib/active_record/connection_adapters/abstract_adapter.rb:168:in `disable_referential_integrity'
    /usr/local/rvm/gems/ruby-1.9.3-p194/gems/activerecord-3.2.8/lib/active_record/fixtures.rb:476:in `create_fixtures'
    /usr/local/rvm/gems/ruby-1.9.3-p194/gems/activerecord-3.2.8/lib/active_record/fixtures.rb:895:in `load_fixtures'
    /usr/local/rvm/gems/ruby-1.9.3-p194/gems/activerecord-3.2.8/lib/active_record/fixtures.rb:849:in `setup_fixtures'
    /usr/local/rvm/gems/ruby-1.9.3-p194/gems/activesupport-3.2.8/lib/active_support/callbacks.rb:429:in `_run__823653934__setup__291130305__callbacks'
    /usr/local/rvm/gems/ruby-1.9.3-p194/gems/activesupport-3.2.8/lib/active_support/callbacks.rb:405:in `__run_callback'
    /usr/local/rvm/gems/ruby-1.9.3-p194/gems/activesupport-3.2.8/lib/active_support/callbacks.rb:385:in `_run_setup_callbacks'
    /usr/local/rvm/gems/ruby-1.9.3-p194/gems/activesupport-3.2.8/lib/active_support/callbacks.rb:81:in `run_callbacks'
    /usr/local/rvm/gems/ruby-1.9.3-p194/gems/activesupport-3.2.8/lib/active_support/testing/setup_and_teardown.rb:35:in `run'

  2) Error:
test_should_destroy_user(UsersControllerTest):
ActiveRecord::StatementInvalid: Could not find table 'users'
    /usr/local/rvm/gems/ruby-1.9.3-p194/gems/activerecord-3.2.8/lib/active_record/connection_adapters/sqlite_adapter.rb:472:in `table_structure'
    /usr/local/rvm/gems/ruby-1.9.3-p194/gems/activerecord-3.2.8/lib/active_record/connection_adapters/sqlite_adapter.rb:346:in `columns'
    /usr/local/rvm/gems/ruby-1.9.3-p194/gems/activerecord-3.2.8/lib/active_record/fixtures.rb:660:in `column_names'
    /usr/local/rvm/gems/ruby-1.9.3-p194/gems/activerecord-3.2.8/lib/active_record/fixtures.rb:652:in `timestamp_column_names'
    /usr/local/rvm/gems/ruby-1.9.3-p194/gems/activerecord-3.2.8/lib/active_record/fixtures.rb:585:in `block in table_rows'
    /usr/local/rvm/gems/ruby-1.9.3-p194/gems/activerecord-3.2.8/lib/active_record/fixtures.rb:579:in `each'
    /usr/local/rvm/gems/ruby-1.9.3-p194/gems/activerecord-3.2.8/lib/active_record/fixtures.rb:579:in `map'
    /usr/local/rvm/gems/ruby-1.9.3-p194/gems/activerecord-3.2.8/lib/active_record/fixtures.rb:579:in `table_rows'
    /usr/local/rvm/gems/ruby-1.9.3-p194/gems/activerecord-3.2.8/lib/active_record/fixtures.rb:494:in `block (3 levels) in create_fixtures'
    /usr/local/rvm/gems/ruby-1.9.3-p194/gems/activerecord-3.2.8/lib/active_record/fixtures.rb:492:in `each'
    /usr/local/rvm/gems/ruby-1.9.3-p194/gems/activerecord-3.2.8/lib/active_record/fixtures.rb:492:in `block (2 levels) in create_fixtures'
    /usr/local/rvm/gems/ruby-1.9.3-p194/gems/activerecord-3.2.8/lib/active_record/connection_adapters/abstract/database_statements.rb:192:in `transaction'
    /usr/local/rvm/gems/ruby-1.9.3-p194/gems/activerecord-3.2.8/lib/active_record/fixtures.rb:491:in `block in create_fixtures'
    /usr/local/rvm/gems/ruby-1.9.3-p194/gems/activerecord-3.2.8/lib/active_record/connection_adapters/abstract_adapter.rb:168:in `disable_referential_integrity'
    /usr/local/rvm/gems/ruby-1.9.3-p194/gems/activerecord-3.2.8/lib/active_record/fixtures.rb:476:in `create_fixtures'
    /usr/local/rvm/gems/ruby-1.9.3-p194/gems/activerecord-3.2.8/lib/active_record/fixtures.rb:895:in `load_fixtures'
    /usr/local/rvm/gems/ruby-1.9.3-p194/gems/activerecord-3.2.8/lib/active_record/fixtures.rb:849:in `setup_fixtures'
    /usr/local/rvm/gems/ruby-1.9.3-p194/gems/activesupport-3.2.8/lib/active_support/callbacks.rb:429:in `_run__823653934__setup__291130305__callbacks'
    /usr/local/rvm/gems/ruby-1.9.3-p194/gems/activesupport-3.2.8/lib/active_support/callbacks.rb:405:in `__run_callback'
    /usr/local/rvm/gems/ruby-1.9.3-p194/gems/activesupport-3.2.8/lib/active_support/callbacks.rb:385:in `_run_setup_callbacks'
    /usr/local/rvm/gems/ruby-1.9.3-p194/gems/activesupport-3.2.8/lib/active_support/callbacks.rb:81:in `run_callbacks'
    /usr/local/rvm/gems/ruby-1.9.3-p194/gems/activesupport-3.2.8/lib/active_support/testing/setup_and_teardown.rb:35:in `run'

  3) Error:
test_should_get_edit(UsersControllerTest):
ActiveRecord::StatementInvalid: Could not find table 'users'
    /usr/local/rvm/gems/ruby-1.9.3-p194/gems/activerecord-3.2.8/lib/active_record/connection_adapters/sqlite_adapter.rb:472:in `table_structure'
    /usr/local/rvm/gems/ruby-1.9.3-p194/gems/activerecord-3.2.8/lib/active_record/connection_adapters/sqlite_adapter.rb:346:in `columns'
    /usr/local/rvm/gems/ruby-1.9.3-p194/gems/activerecord-3.2.8/lib/active_record/fixtures.rb:660:in `column_names'
    /usr/local/rvm/gems/ruby-1.9.3-p194/gems/activerecord-3.2.8/lib/active_record/fixtures.rb:652:in `timestamp_column_names'
    /usr/local/rvm/gems/ruby-1.9.3-p194/gems/activerecord-3.2.8/lib/active_record/fixtures.rb:585:in `block in table_rows'
    /usr/local/rvm/gems/ruby-1.9.3-p194/gems/activerecord-3.2.8/lib/active_record/fixtures.rb:579:in `each'
    /usr/local/rvm/gems/ruby-1.9.3-p194/gems/activerecord-3.2.8/lib/active_record/fixtures.rb:579:in `map'
    /usr/local/rvm/gems/ruby-1.9.3-p194/gems/activerecord-3.2.8/lib/active_record/fixtures.rb:579:in `table_rows'
    /usr/local/rvm/gems/ruby-1.9.3-p194/gems/activerecord-3.2.8/lib/active_record/fixtures.rb:494:in `block (3 levels) in create_fixtures'
    /usr/local/rvm/gems/ruby-1.9.3-p194/gems/activerecord-3.2.8/lib/active_record/fixtures.rb:492:in `each'
    /usr/local/rvm/gems/ruby-1.9.3-p194/gems/activerecord-3.2.8/lib/active_record/fixtures.rb:492:in `block (2 levels) in create_fixtures'
    /usr/local/rvm/gems/ruby-1.9.3-p194/gems/activerecord-3.2.8/lib/active_record/connection_adapters/abstract/database_statements.rb:192:in `transaction'
    /usr/local/rvm/gems/ruby-1.9.3-p194/gems/activerecord-3.2.8/lib/active_record/fixtures.rb:491:in `block in create_fixtures'
    /usr/local/rvm/gems/ruby-1.9.3-p194/gems/activerecord-3.2.8/lib/active_record/connection_adapters/abstract_adapter.rb:168:in `disable_referential_integrity'
    /usr/local/rvm/gems/ruby-1.9.3-p194/gems/activerecord-3.2.8/lib/active_record/fixtures.rb:476:in `create_fixtures'
    /usr/local/rvm/gems/ruby-1.9.3-p194/gems/activerecord-3.2.8/lib/active_record/fixtures.rb:895:in `load_fixtures'
    /usr/local/rvm/gems/ruby-1.9.3-p194/gems/activerecord-3.2.8/lib/active_record/fixtures.rb:849:in `setup_fixtures'
    /usr/local/rvm/gems/ruby-1.9.3-p194/gems/activesupport-3.2.8/lib/active_support/callbacks.rb:429:in `_run__823653934__setup__291130305__callbacks'
    /usr/local/rvm/gems/ruby-1.9.3-p194/gems/activesupport-3.2.8/lib/active_support/callbacks.rb:405:in `__run_callback'
    /usr/local/rvm/gems/ruby-1.9.3-p194/gems/activesupport-3.2.8/lib/active_support/callbacks.rb:385:in `_run_setup_callbacks'
    /usr/local/rvm/gems/ruby-1.9.3-p194/gems/activesupport-3.2.8/lib/active_support/callbacks.rb:81:in `run_callbacks'
    /usr/local/rvm/gems/ruby-1.9.3-p194/gems/activesupport-3.2.8/lib/active_support/testing/setup_and_teardown.rb:35:in `run'

  4) Error:
test_should_get_index(UsersControllerTest):
ActiveRecord::StatementInvalid: Could not find table 'users'
    /usr/local/rvm/gems/ruby-1.9.3-p194/gems/activerecord-3.2.8/lib/active_record/connection_adapters/sqlite_adapter.rb:472:in `table_structure'
    /usr/local/rvm/gems/ruby-1.9.3-p194/gems/activerecord-3.2.8/lib/active_record/connection_adapters/sqlite_adapter.rb:346:in `columns'
    /usr/local/rvm/gems/ruby-1.9.3-p194/gems/activerecord-3.2.8/lib/active_record/fixtures.rb:660:in `column_names'
    /usr/local/rvm/gems/ruby-1.9.3-p194/gems/activerecord-3.2.8/lib/active_record/fixtures.rb:652:in `timestamp_column_names'
    /usr/local/rvm/gems/ruby-1.9.3-p194/gems/activerecord-3.2.8/lib/active_record/fixtures.rb:585:in `block in table_rows'
    /usr/local/rvm/gems/ruby-1.9.3-p194/gems/activerecord-3.2.8/lib/active_record/fixtures.rb:579:in `each'
    /usr/local/rvm/gems/ruby-1.9.3-p194/gems/activerecord-3.2.8/lib/active_record/fixtures.rb:579:in `map'
    /usr/local/rvm/gems/ruby-1.9.3-p194/gems/activerecord-3.2.8/lib/active_record/fixtures.rb:579:in `table_rows'
    /usr/local/rvm/gems/ruby-1.9.3-p194/gems/activerecord-3.2.8/lib/active_record/fixtures.rb:494:in `block (3 levels) in create_fixtures'
    /usr/local/rvm/gems/ruby-1.9.3-p194/gems/activerecord-3.2.8/lib/active_record/fixtures.rb:492:in `each'
    /usr/local/rvm/gems/ruby-1.9.3-p194/gems/activerecord-3.2.8/lib/active_record/fixtures.rb:492:in `block (2 levels) in create_fixtures'
    /usr/local/rvm/gems/ruby-1.9.3-p194/gems/activerecord-3.2.8/lib/active_record/connection_adapters/abstract/database_statements.rb:192:in `transaction'
    /usr/local/rvm/gems/ruby-1.9.3-p194/gems/activerecord-3.2.8/lib/active_record/fixtures.rb:491:in `block in create_fixtures'
    /usr/local/rvm/gems/ruby-1.9.3-p194/gems/activerecord-3.2.8/lib/active_record/connection_adapters/abstract_adapter.rb:168:in `disable_referential_integrity'
    /usr/local/rvm/gems/ruby-1.9.3-p194/gems/activerecord-3.2.8/lib/active_record/fixtures.rb:476:in `create_fixtures'
    /usr/local/rvm/gems/ruby-1.9.3-p194/gems/activerecord-3.2.8/lib/active_record/fixtures.rb:895:in `load_fixtures'
    /usr/local/rvm/gems/ruby-1.9.3-p194/gems/activerecord-3.2.8/lib/active_record/fixtures.rb:849:in `setup_fixtures'
    /usr/local/rvm/gems/ruby-1.9.3-p194/gems/activesupport-3.2.8/lib/active_support/callbacks.rb:429:in `_run__823653934__setup__291130305__callbacks'
    /usr/local/rvm/gems/ruby-1.9.3-p194/gems/activesupport-3.2.8/lib/active_support/callbacks.rb:405:in `__run_callback'
    /usr/local/rvm/gems/ruby-1.9.3-p194/gems/activesupport-3.2.8/lib/active_support/callbacks.rb:385:in `_run_setup_callbacks'
    /usr/local/rvm/gems/ruby-1.9.3-p194/gems/activesupport-3.2.8/lib/active_support/callbacks.rb:81:in `run_callbacks'
    /usr/local/rvm/gems/ruby-1.9.3-p194/gems/activesupport-3.2.8/lib/active_support/testing/setup_and_teardown.rb:35:in `run'

  5) Error:
test_should_get_new(UsersControllerTest):
ActiveRecord::StatementInvalid: Could not find table 'users'
    /usr/local/rvm/gems/ruby-1.9.3-p194/gems/activerecord-3.2.8/lib/active_record/connection_adapters/sqlite_adapter.rb:472:in `table_structure'
    /usr/local/rvm/gems/ruby-1.9.3-p194/gems/activerecord-3.2.8/lib/active_record/connection_adapters/sqlite_adapter.rb:346:in `columns'
    /usr/local/rvm/gems/ruby-1.9.3-p194/gems/activerecord-3.2.8/lib/active_record/fixtures.rb:660:in `column_names'
    /usr/local/rvm/gems/ruby-1.9.3-p194/gems/activerecord-3.2.8/lib/active_record/fixtures.rb:652:in `timestamp_column_names'
    /usr/local/rvm/gems/ruby-1.9.3-p194/gems/activerecord-3.2.8/lib/active_record/fixtures.rb:585:in `block in table_rows'
    /usr/local/rvm/gems/ruby-1.9.3-p194/gems/activerecord-3.2.8/lib/active_record/fixtures.rb:579:in `each'
    /usr/local/rvm/gems/ruby-1.9.3-p194/gems/activerecord-3.2.8/lib/active_record/fixtures.rb:579:in `map'
    /usr/local/rvm/gems/ruby-1.9.3-p194/gems/activerecord-3.2.8/lib/active_record/fixtures.rb:579:in `table_rows'
    /usr/local/rvm/gems/ruby-1.9.3-p194/gems/activerecord-3.2.8/lib/active_record/fixtures.rb:494:in `block (3 levels) in create_fixtures'
    /usr/local/rvm/gems/ruby-1.9.3-p194/gems/activerecord-3.2.8/lib/active_record/fixtures.rb:492:in `each'
    /usr/local/rvm/gems/ruby-1.9.3-p194/gems/activerecord-3.2.8/lib/active_record/fixtures.rb:492:in `block (2 levels) in create_fixtures'
    /usr/local/rvm/gems/ruby-1.9.3-p194/gems/activerecord-3.2.8/lib/active_record/connection_adapters/abstract/database_statements.rb:192:in `transaction'
    /usr/local/rvm/gems/ruby-1.9.3-p194/gems/activerecord-3.2.8/lib/active_record/fixtures.rb:491:in `block in create_fixtures'
    /usr/local/rvm/gems/ruby-1.9.3-p194/gems/activerecord-3.2.8/lib/active_record/connection_adapters/abstract_adapter.rb:168:in `disable_referential_integrity'
    /usr/local/rvm/gems/ruby-1.9.3-p194/gems/activerecord-3.2.8/lib/active_record/fixtures.rb:476:in `create_fixtures'
    /usr/local/rvm/gems/ruby-1.9.3-p194/gems/activerecord-3.2.8/lib/active_record/fixtures.rb:895:in `load_fixtures'
    /usr/local/rvm/gems/ruby-1.9.3-p194/gems/activerecord-3.2.8/lib/active_record/fixtures.rb:849:in `setup_fixtures'
    /usr/local/rvm/gems/ruby-1.9.3-p194/gems/activesupport-3.2.8/lib/active_support/callbacks.rb:429:in `_run__823653934__setup__291130305__callbacks'
    /usr/local/rvm/gems/ruby-1.9.3-p194/gems/activesupport-3.2.8/lib/active_support/callbacks.rb:405:in `__run_callback'
    /usr/local/rvm/gems/ruby-1.9.3-p194/gems/activesupport-3.2.8/lib/active_support/callbacks.rb:385:in `_run_setup_callbacks'
    /usr/local/rvm/gems/ruby-1.9.3-p194/gems/activesupport-3.2.8/lib/active_support/callbacks.rb:81:in `run_callbacks'
    /usr/local/rvm/gems/ruby-1.9.3-p194/gems/activesupport-3.2.8/lib/active_support/testing/setup_and_teardown.rb:35:in `run'

  6) Error:
test_should_show_user(UsersControllerTest):
ActiveRecord::StatementInvalid: Could not find table 'users'
    /usr/local/rvm/gems/ruby-1.9.3-p194/gems/activerecord-3.2.8/lib/active_record/connection_adapters/sqlite_adapter.rb:472:in `table_structure'
    /usr/local/rvm/gems/ruby-1.9.3-p194/gems/activerecord-3.2.8/lib/active_record/connection_adapters/sqlite_adapter.rb:346:in `columns'
    /usr/local/rvm/gems/ruby-1.9.3-p194/gems/activerecord-3.2.8/lib/active_record/fixtures.rb:660:in `column_names'
    /usr/local/rvm/gems/ruby-1.9.3-p194/gems/activerecord-3.2.8/lib/active_record/fixtures.rb:652:in `timestamp_column_names'
    /usr/local/rvm/gems/ruby-1.9.3-p194/gems/activerecord-3.2.8/lib/active_record/fixtures.rb:585:in `block in table_rows'
    /usr/local/rvm/gems/ruby-1.9.3-p194/gems/activerecord-3.2.8/lib/active_record/fixtures.rb:579:in `each'
    /usr/local/rvm/gems/ruby-1.9.3-p194/gems/activerecord-3.2.8/lib/active_record/fixtures.rb:579:in `map'
    /usr/local/rvm/gems/ruby-1.9.3-p194/gems/activerecord-3.2.8/lib/active_record/fixtures.rb:579:in `table_rows'
    /usr/local/rvm/gems/ruby-1.9.3-p194/gems/activerecord-3.2.8/lib/active_record/fixtures.rb:494:in `block (3 levels) in create_fixtures'
    /usr/local/rvm/gems/ruby-1.9.3-p194/gems/activerecord-3.2.8/lib/active_record/fixtures.rb:492:in `each'
    /usr/local/rvm/gems/ruby-1.9.3-p194/gems/activerecord-3.2.8/lib/active_record/fixtures.rb:492:in `block (2 levels) in create_fixtures'
    /usr/local/rvm/gems/ruby-1.9.3-p194/gems/activerecord-3.2.8/lib/active_record/connection_adapters/abstract/database_statements.rb:192:in `transaction'
    /usr/local/rvm/gems/ruby-1.9.3-p194/gems/activerecord-3.2.8/lib/active_record/fixtures.rb:491:in `block in create_fixtures'
    /usr/local/rvm/gems/ruby-1.9.3-p194/gems/activerecord-3.2.8/lib/active_record/connection_adapters/abstract_adapter.rb:168:in `disable_referential_integrity'
    /usr/local/rvm/gems/ruby-1.9.3-p194/gems/activerecord-3.2.8/lib/active_record/fixtures.rb:476:in `create_fixtures'
    /usr/local/rvm/gems/ruby-1.9.3-p194/gems/activerecord-3.2.8/lib/active_record/fixtures.rb:895:in `load_fixtures'
    /usr/local/rvm/gems/ruby-1.9.3-p194/gems/activerecord-3.2.8/lib/active_record/fixtures.rb:849:in `setup_fixtures'
    /usr/local/rvm/gems/ruby-1.9.3-p194/gems/activesupport-3.2.8/lib/active_support/callbacks.rb:429:in `_run__823653934__setup__291130305__callbacks'
    /usr/local/rvm/gems/ruby-1.9.3-p194/gems/activesupport-3.2.8/lib/active_support/callbacks.rb:405:in `__run_callback'
    /usr/local/rvm/gems/ruby-1.9.3-p194/gems/activesupport-3.2.8/lib/active_support/callbacks.rb:385:in `_run_setup_callbacks'
    /usr/local/rvm/gems/ruby-1.9.3-p194/gems/activesupport-3.2.8/lib/active_support/callbacks.rb:81:in `run_callbacks'
    /usr/local/rvm/gems/ruby-1.9.3-p194/gems/activesupport-3.2.8/lib/active_support/testing/setup_and_teardown.rb:35:in `run'

  7) Error:
test_should_update_user(UsersControllerTest):
ActiveRecord::StatementInvalid: Could not find table 'users'
    /usr/local/rvm/gems/ruby-1.9.3-p194/gems/activerecord-3.2.8/lib/active_record/connection_adapters/sqlite_adapter.rb:472:in `table_structure'
    /usr/local/rvm/gems/ruby-1.9.3-p194/gems/activerecord-3.2.8/lib/active_record/connection_adapters/sqlite_adapter.rb:346:in `columns'
    /usr/local/rvm/gems/ruby-1.9.3-p194/gems/activerecord-3.2.8/lib/active_record/fixtures.rb:660:in `column_names'
    /usr/local/rvm/gems/ruby-1.9.3-p194/gems/activerecord-3.2.8/lib/active_record/fixtures.rb:652:in `timestamp_column_names'
    /usr/local/rvm/gems/ruby-1.9.3-p194/gems/activerecord-3.2.8/lib/active_record/fixtures.rb:585:in `block in table_rows'
    /usr/local/rvm/gems/ruby-1.9.3-p194/gems/activerecord-3.2.8/lib/active_record/fixtures.rb:579:in `each'
    /usr/local/rvm/gems/ruby-1.9.3-p194/gems/activerecord-3.2.8/lib/active_record/fixtures.rb:579:in `map'
    /usr/local/rvm/gems/ruby-1.9.3-p194/gems/activerecord-3.2.8/lib/active_record/fixtures.rb:579:in `table_rows'
    /usr/local/rvm/gems/ruby-1.9.3-p194/gems/activerecord-3.2.8/lib/active_record/fixtures.rb:494:in `block (3 levels) in create_fixtures'
    /usr/local/rvm/gems/ruby-1.9.3-p194/gems/activerecord-3.2.8/lib/active_record/fixtures.rb:492:in `each'
    /usr/local/rvm/gems/ruby-1.9.3-p194/gems/activerecord-3.2.8/lib/active_record/fixtures.rb:492:in `block (2 levels) in create_fixtures'
    /usr/local/rvm/gems/ruby-1.9.3-p194/gems/activerecord-3.2.8/lib/active_record/connection_adapters/abstract/database_statements.rb:192:in `transaction'
    /usr/local/rvm/gems/ruby-1.9.3-p194/gems/activerecord-3.2.8/lib/active_record/fixtures.rb:491:in `block in create_fixtures'
    /usr/local/rvm/gems/ruby-1.9.3-p194/gems/activerecord-3.2.8/lib/active_record/connection_adapters/abstract_adapter.rb:168:in `disable_referential_integrity'
    /usr/local/rvm/gems/ruby-1.9.3-p194/gems/activerecord-3.2.8/lib/active_record/fixtures.rb:476:in `create_fixtures'
    /usr/local/rvm/gems/ruby-1.9.3-p194/gems/activerecord-3.2.8/lib/active_record/fixtures.rb:895:in `load_fixtures'
    /usr/local/rvm/gems/ruby-1.9.3-p194/gems/activerecord-3.2.8/lib/active_record/fixtures.rb:849:in `setup_fixtures'
    /usr/local/rvm/gems/ruby-1.9.3-p194/gems/activesupport-3.2.8/lib/active_support/callbacks.rb:429:in `_run__823653934__setup__291130305__callbacks'
    /usr/local/rvm/gems/ruby-1.9.3-p194/gems/activesupport-3.2.8/lib/active_support/callbacks.rb:405:in `__run_callback'
    /usr/local/rvm/gems/ruby-1.9.3-p194/gems/activesupport-3.2.8/lib/active_support/callbacks.rb:385:in `_run_setup_callbacks'
    /usr/local/rvm/gems/ruby-1.9.3-p194/gems/activesupport-3.2.8/lib/active_support/callbacks.rb:81:in `run_callbacks'
    /usr/local/rvm/gems/ruby-1.9.3-p194/gems/activesupport-3.2.8/lib/active_support/testing/setup_and_teardown.rb:35:in `run'

7 tests, 0 assertions, 0 failures, 7 errors, 0 skips
Run options: -n "/^(test_should_create_micropost|test_should_destroy_micropost|test_should_get_edit|test_should_get_index|test_should_get_new|test_should_show_micropost|test_should_update_micropost)$/"

# Running tests:

EEEEEEE

Finished tests in 0.111453s, 62.8069 tests/s, 0.0000 assertions/s.

  1) Error:
test_should_create_micropost(MicropostsControllerTest):
ActiveRecord::StatementInvalid: Could not find table 'users'
    /usr/local/rvm/gems/ruby-1.9.3-p194/gems/activerecord-3.2.8/lib/active_record/connection_adapters/sqlite_adapter.rb:472:in `table_structure'
    /usr/local/rvm/gems/ruby-1.9.3-p194/gems/activerecord-3.2.8/lib/active_record/connection_adapters/sqlite_adapter.rb:346:in `columns'
    /usr/local/rvm/gems/ruby-1.9.3-p194/gems/activerecord-3.2.8/lib/active_record/fixtures.rb:660:in `column_names'
    /usr/local/rvm/gems/ruby-1.9.3-p194/gems/activerecord-3.2.8/lib/active_record/fixtures.rb:652:in `timestamp_column_names'
    /usr/local/rvm/gems/ruby-1.9.3-p194/gems/activerecord-3.2.8/lib/active_record/fixtures.rb:585:in `block in table_rows'
    /usr/local/rvm/gems/ruby-1.9.3-p194/gems/activerecord-3.2.8/lib/active_record/fixtures.rb:579:in `each'
    /usr/local/rvm/gems/ruby-1.9.3-p194/gems/activerecord-3.2.8/lib/active_record/fixtures.rb:579:in `map'
    /usr/local/rvm/gems/ruby-1.9.3-p194/gems/activerecord-3.2.8/lib/active_record/fixtures.rb:579:in `table_rows'
    /usr/local/rvm/gems/ruby-1.9.3-p194/gems/activerecord-3.2.8/lib/active_record/fixtures.rb:494:in `block (3 levels) in create_fixtures'
    /usr/local/rvm/gems/ruby-1.9.3-p194/gems/activerecord-3.2.8/lib/active_record/fixtures.rb:492:in `each'
    /usr/local/rvm/gems/ruby-1.9.3-p194/gems/activerecord-3.2.8/lib/active_record/fixtures.rb:492:in `block (2 levels) in create_fixtures'
    /usr/local/rvm/gems/ruby-1.9.3-p194/gems/activerecord-3.2.8/lib/active_record/connection_adapters/abstract/database_statements.rb:192:in `transaction'
    /usr/local/rvm/gems/ruby-1.9.3-p194/gems/activerecord-3.2.8/lib/active_record/fixtures.rb:491:in `block in create_fixtures'
    /usr/local/rvm/gems/ruby-1.9.3-p194/gems/activerecord-3.2.8/lib/active_record/connection_adapters/abstract_adapter.rb:168:in `disable_referential_integrity'
    /usr/local/rvm/gems/ruby-1.9.3-p194/gems/activerecord-3.2.8/lib/active_record/fixtures.rb:476:in `create_fixtures'
    /usr/local/rvm/gems/ruby-1.9.3-p194/gems/activerecord-3.2.8/lib/active_record/fixtures.rb:895:in `load_fixtures'
    /usr/local/rvm/gems/ruby-1.9.3-p194/gems/activerecord-3.2.8/lib/active_record/fixtures.rb:849:in `setup_fixtures'
    /usr/local/rvm/gems/ruby-1.9.3-p194/gems/activesupport-3.2.8/lib/active_support/callbacks.rb:429:in `_run__940926200__setup__814940032__callbacks'
    /usr/local/rvm/gems/ruby-1.9.3-p194/gems/activesupport-3.2.8/lib/active_support/callbacks.rb:405:in `__run_callback'
    /usr/local/rvm/gems/ruby-1.9.3-p194/gems/activesupport-3.2.8/lib/active_support/callbacks.rb:385:in `_run_setup_callbacks'
    /usr/local/rvm/gems/ruby-1.9.3-p194/gems/activesupport-3.2.8/lib/active_support/callbacks.rb:81:in `run_callbacks'
    /usr/local/rvm/gems/ruby-1.9.3-p194/gems/activesupport-3.2.8/lib/active_support/testing/setup_and_teardown.rb:35:in `run'

  2) Error:
test_should_destroy_micropost(MicropostsControllerTest):
ActiveRecord::StatementInvalid: Could not find table 'users'
    /usr/local/rvm/gems/ruby-1.9.3-p194/gems/activerecord-3.2.8/lib/active_record/connection_adapters/sqlite_adapter.rb:472:in `table_structure'
    /usr/local/rvm/gems/ruby-1.9.3-p194/gems/activerecord-3.2.8/lib/active_record/connection_adapters/sqlite_adapter.rb:346:in `columns'
    /usr/local/rvm/gems/ruby-1.9.3-p194/gems/activerecord-3.2.8/lib/active_record/fixtures.rb:660:in `column_names'
    /usr/local/rvm/gems/ruby-1.9.3-p194/gems/activerecord-3.2.8/lib/active_record/fixtures.rb:652:in `timestamp_column_names'
    /usr/local/rvm/gems/ruby-1.9.3-p194/gems/activerecord-3.2.8/lib/active_record/fixtures.rb:585:in `block in table_rows'
    /usr/local/rvm/gems/ruby-1.9.3-p194/gems/activerecord-3.2.8/lib/active_record/fixtures.rb:579:in `each'
    /usr/local/rvm/gems/ruby-1.9.3-p194/gems/activerecord-3.2.8/lib/active_record/fixtures.rb:579:in `map'
    /usr/local/rvm/gems/ruby-1.9.3-p194/gems/activerecord-3.2.8/lib/active_record/fixtures.rb:579:in `table_rows'
    /usr/local/rvm/gems/ruby-1.9.3-p194/gems/activerecord-3.2.8/lib/active_record/fixtures.rb:494:in `block (3 levels) in create_fixtures'
    /usr/local/rvm/gems/ruby-1.9.3-p194/gems/activerecord-3.2.8/lib/active_record/fixtures.rb:492:in `each'
    /usr/local/rvm/gems/ruby-1.9.3-p194/gems/activerecord-3.2.8/lib/active_record/fixtures.rb:492:in `block (2 levels) in create_fixtures'
    /usr/local/rvm/gems/ruby-1.9.3-p194/gems/activerecord-3.2.8/lib/active_record/connection_adapters/abstract/database_statements.rb:192:in `transaction'
    /usr/local/rvm/gems/ruby-1.9.3-p194/gems/activerecord-3.2.8/lib/active_record/fixtures.rb:491:in `block in create_fixtures'
    /usr/local/rvm/gems/ruby-1.9.3-p194/gems/activerecord-3.2.8/lib/active_record/connection_adapters/abstract_adapter.rb:168:in `disable_referential_integrity'
    /usr/local/rvm/gems/ruby-1.9.3-p194/gems/activerecord-3.2.8/lib/active_record/fixtures.rb:476:in `create_fixtures'
    /usr/local/rvm/gems/ruby-1.9.3-p194/gems/activerecord-3.2.8/lib/active_record/fixtures.rb:895:in `load_fixtures'
    /usr/local/rvm/gems/ruby-1.9.3-p194/gems/activerecord-3.2.8/lib/active_record/fixtures.rb:849:in `setup_fixtures'
    /usr/local/rvm/gems/ruby-1.9.3-p194/gems/activesupport-3.2.8/lib/active_support/callbacks.rb:429:in `_run__940926200__setup__814940032__callbacks'
    /usr/local/rvm/gems/ruby-1.9.3-p194/gems/activesupport-3.2.8/lib/active_support/callbacks.rb:405:in `__run_callback'
    /usr/local/rvm/gems/ruby-1.9.3-p194/gems/activesupport-3.2.8/lib/active_support/callbacks.rb:385:in `_run_setup_callbacks'
    /usr/local/rvm/gems/ruby-1.9.3-p194/gems/activesupport-3.2.8/lib/active_support/callbacks.rb:81:in `run_callbacks'
    /usr/local/rvm/gems/ruby-1.9.3-p194/gems/activesupport-3.2.8/lib/active_support/testing/setup_and_teardown.rb:35:in `run'

  3) Error:
test_should_get_edit(MicropostsControllerTest):
ActiveRecord::StatementInvalid: Could not find table 'users'
    /usr/local/rvm/gems/ruby-1.9.3-p194/gems/activerecord-3.2.8/lib/active_record/connection_adapters/sqlite_adapter.rb:472:in `table_structure'
    /usr/local/rvm/gems/ruby-1.9.3-p194/gems/activerecord-3.2.8/lib/active_record/connection_adapters/sqlite_adapter.rb:346:in `columns'
    /usr/local/rvm/gems/ruby-1.9.3-p194/gems/activerecord-3.2.8/lib/active_record/fixtures.rb:660:in `column_names'
    /usr/local/rvm/gems/ruby-1.9.3-p194/gems/activerecord-3.2.8/lib/active_record/fixtures.rb:652:in `timestamp_column_names'
    /usr/local/rvm/gems/ruby-1.9.3-p194/gems/activerecord-3.2.8/lib/active_record/fixtures.rb:585:in `block in table_rows'
    /usr/local/rvm/gems/ruby-1.9.3-p194/gems/activerecord-3.2.8/lib/active_record/fixtures.rb:579:in `each'
    /usr/local/rvm/gems/ruby-1.9.3-p194/gems/activerecord-3.2.8/lib/active_record/fixtures.rb:579:in `map'
    /usr/local/rvm/gems/ruby-1.9.3-p194/gems/activerecord-3.2.8/lib/active_record/fixtures.rb:579:in `table_rows'
    /usr/local/rvm/gems/ruby-1.9.3-p194/gems/activerecord-3.2.8/lib/active_record/fixtures.rb:494:in `block (3 levels) in create_fixtures'
    /usr/local/rvm/gems/ruby-1.9.3-p194/gems/activerecord-3.2.8/lib/active_record/fixtures.rb:492:in `each'
    /usr/local/rvm/gems/ruby-1.9.3-p194/gems/activerecord-3.2.8/lib/active_record/fixtures.rb:492:in `block (2 levels) in create_fixtures'
    /usr/local/rvm/gems/ruby-1.9.3-p194/gems/activerecord-3.2.8/lib/active_record/connection_adapters/abstract/database_statements.rb:192:in `transaction'
    /usr/local/rvm/gems/ruby-1.9.3-p194/gems/activerecord-3.2.8/lib/active_record/fixtures.rb:491:in `block in create_fixtures'
    /usr/local/rvm/gems/ruby-1.9.3-p194/gems/activerecord-3.2.8/lib/active_record/connection_adapters/abstract_adapter.rb:168:in `disable_referential_integrity'
    /usr/local/rvm/gems/ruby-1.9.3-p194/gems/activerecord-3.2.8/lib/active_record/fixtures.rb:476:in `create_fixtures'
    /usr/local/rvm/gems/ruby-1.9.3-p194/gems/activerecord-3.2.8/lib/active_record/fixtures.rb:895:in `load_fixtures'
    /usr/local/rvm/gems/ruby-1.9.3-p194/gems/activerecord-3.2.8/lib/active_record/fixtures.rb:849:in `setup_fixtures'
    /usr/local/rvm/gems/ruby-1.9.3-p194/gems/activesupport-3.2.8/lib/active_support/callbacks.rb:429:in `_run__940926200__setup__814940032__callbacks'
    /usr/local/rvm/gems/ruby-1.9.3-p194/gems/activesupport-3.2.8/lib/active_support/callbacks.rb:405:in `__run_callback'
    /usr/local/rvm/gems/ruby-1.9.3-p194/gems/activesupport-3.2.8/lib/active_support/callbacks.rb:385:in `_run_setup_callbacks'
    /usr/local/rvm/gems/ruby-1.9.3-p194/gems/activesupport-3.2.8/lib/active_support/callbacks.rb:81:in `run_callbacks'
    /usr/local/rvm/gems/ruby-1.9.3-p194/gems/activesupport-3.2.8/lib/active_support/testing/setup_and_teardown.rb:35:in `run'

  4) Error:
test_should_get_index(MicropostsControllerTest):
ActiveRecord::StatementInvalid: Could not find table 'users'
    /usr/local/rvm/gems/ruby-1.9.3-p194/gems/activerecord-3.2.8/lib/active_record/connection_adapters/sqlite_adapter.rb:472:in `table_structure'
    /usr/local/rvm/gems/ruby-1.9.3-p194/gems/activerecord-3.2.8/lib/active_record/connection_adapters/sqlite_adapter.rb:346:in `columns'
    /usr/local/rvm/gems/ruby-1.9.3-p194/gems/activerecord-3.2.8/lib/active_record/fixtures.rb:660:in `column_names'
    /usr/local/rvm/gems/ruby-1.9.3-p194/gems/activerecord-3.2.8/lib/active_record/fixtures.rb:652:in `timestamp_column_names'
    /usr/local/rvm/gems/ruby-1.9.3-p194/gems/activerecord-3.2.8/lib/active_record/fixtures.rb:585:in `block in table_rows'
    /usr/local/rvm/gems/ruby-1.9.3-p194/gems/activerecord-3.2.8/lib/active_record/fixtures.rb:579:in `each'
    /usr/local/rvm/gems/ruby-1.9.3-p194/gems/activerecord-3.2.8/lib/active_record/fixtures.rb:579:in `map'
    /usr/local/rvm/gems/ruby-1.9.3-p194/gems/activerecord-3.2.8/lib/active_record/fixtures.rb:579:in `table_rows'
    /usr/local/rvm/gems/ruby-1.9.3-p194/gems/activerecord-3.2.8/lib/active_record/fixtures.rb:494:in `block (3 levels) in create_fixtures'
    /usr/local/rvm/gems/ruby-1.9.3-p194/gems/activerecord-3.2.8/lib/active_record/fixtures.rb:492:in `each'
    /usr/local/rvm/gems/ruby-1.9.3-p194/gems/activerecord-3.2.8/lib/active_record/fixtures.rb:492:in `block (2 levels) in create_fixtures'
    /usr/local/rvm/gems/ruby-1.9.3-p194/gems/activerecord-3.2.8/lib/active_record/connection_adapters/abstract/database_statements.rb:192:in `transaction'
    /usr/local/rvm/gems/ruby-1.9.3-p194/gems/activerecord-3.2.8/lib/active_record/fixtures.rb:491:in `block in create_fixtures'
    /usr/local/rvm/gems/ruby-1.9.3-p194/gems/activerecord-3.2.8/lib/active_record/connection_adapters/abstract_adapter.rb:168:in `disable_referential_integrity'
    /usr/local/rvm/gems/ruby-1.9.3-p194/gems/activerecord-3.2.8/lib/active_record/fixtures.rb:476:in `create_fixtures'
    /usr/local/rvm/gems/ruby-1.9.3-p194/gems/activerecord-3.2.8/lib/active_record/fixtures.rb:895:in `load_fixtures'
    /usr/local/rvm/gems/ruby-1.9.3-p194/gems/activerecord-3.2.8/lib/active_record/fixtures.rb:849:in `setup_fixtures'
    /usr/local/rvm/gems/ruby-1.9.3-p194/gems/activesupport-3.2.8/lib/active_support/callbacks.rb:429:in `_run__940926200__setup__814940032__callbacks'
    /usr/local/rvm/gems/ruby-1.9.3-p194/gems/activesupport-3.2.8/lib/active_support/callbacks.rb:405:in `__run_callback'
    /usr/local/rvm/gems/ruby-1.9.3-p194/gems/activesupport-3.2.8/lib/active_support/callbacks.rb:385:in `_run_setup_callbacks'
    /usr/local/rvm/gems/ruby-1.9.3-p194/gems/activesupport-3.2.8/lib/active_support/callbacks.rb:81:in `run_callbacks'
    /usr/local/rvm/gems/ruby-1.9.3-p194/gems/activesupport-3.2.8/lib/active_support/testing/setup_and_teardown.rb:35:in `run'

  5) Error:
test_should_get_new(MicropostsControllerTest):
ActiveRecord::StatementInvalid: Could not find table 'users'
    /usr/local/rvm/gems/ruby-1.9.3-p194/gems/activerecord-3.2.8/lib/active_record/connection_adapters/sqlite_adapter.rb:472:in `table_structure'
    /usr/local/rvm/gems/ruby-1.9.3-p194/gems/activerecord-3.2.8/lib/active_record/connection_adapters/sqlite_adapter.rb:346:in `columns'
    /usr/local/rvm/gems/ruby-1.9.3-p194/gems/activerecord-3.2.8/lib/active_record/fixtures.rb:660:in `column_names'
    /usr/local/rvm/gems/ruby-1.9.3-p194/gems/activerecord-3.2.8/lib/active_record/fixtures.rb:652:in `timestamp_column_names'
    /usr/local/rvm/gems/ruby-1.9.3-p194/gems/activerecord-3.2.8/lib/active_record/fixtures.rb:585:in `block in table_rows'
    /usr/local/rvm/gems/ruby-1.9.3-p194/gems/activerecord-3.2.8/lib/active_record/fixtures.rb:579:in `each'
    /usr/local/rvm/gems/ruby-1.9.3-p194/gems/activerecord-3.2.8/lib/active_record/fixtures.rb:579:in `map'
    /usr/local/rvm/gems/ruby-1.9.3-p194/gems/activerecord-3.2.8/lib/active_record/fixtures.rb:579:in `table_rows'
    /usr/local/rvm/gems/ruby-1.9.3-p194/gems/activerecord-3.2.8/lib/active_record/fixtures.rb:494:in `block (3 levels) in create_fixtures'
    /usr/local/rvm/gems/ruby-1.9.3-p194/gems/activerecord-3.2.8/lib/active_record/fixtures.rb:492:in `each'
    /usr/local/rvm/gems/ruby-1.9.3-p194/gems/activerecord-3.2.8/lib/active_record/fixtures.rb:492:in `block (2 levels) in create_fixtures'
    /usr/local/rvm/gems/ruby-1.9.3-p194/gems/activerecord-3.2.8/lib/active_record/connection_adapters/abstract/database_statements.rb:192:in `transaction'
    /usr/local/rvm/gems/ruby-1.9.3-p194/gems/activerecord-3.2.8/lib/active_record/fixtures.rb:491:in `block in create_fixtures'
    /usr/local/rvm/gems/ruby-1.9.3-p194/gems/activerecord-3.2.8/lib/active_record/connection_adapters/abstract_adapter.rb:168:in `disable_referential_integrity'
    /usr/local/rvm/gems/ruby-1.9.3-p194/gems/activerecord-3.2.8/lib/active_record/fixtures.rb:476:in `create_fixtures'
    /usr/local/rvm/gems/ruby-1.9.3-p194/gems/activerecord-3.2.8/lib/active_record/fixtures.rb:895:in `load_fixtures'
    /usr/local/rvm/gems/ruby-1.9.3-p194/gems/activerecord-3.2.8/lib/active_record/fixtures.rb:849:in `setup_fixtures'
    /usr/local/rvm/gems/ruby-1.9.3-p194/gems/activesupport-3.2.8/lib/active_support/callbacks.rb:429:in `_run__940926200__setup__814940032__callbacks'
    /usr/local/rvm/gems/ruby-1.9.3-p194/gems/activesupport-3.2.8/lib/active_support/callbacks.rb:405:in `__run_callback'
    /usr/local/rvm/gems/ruby-1.9.3-p194/gems/activesupport-3.2.8/lib/active_support/callbacks.rb:385:in `_run_setup_callbacks'
    /usr/local/rvm/gems/ruby-1.9.3-p194/gems/activesupport-3.2.8/lib/active_support/callbacks.rb:81:in `run_callbacks'
    /usr/local/rvm/gems/ruby-1.9.3-p194/gems/activesupport-3.2.8/lib/active_support/testing/setup_and_teardown.rb:35:in `run'

  6) Error:
test_should_show_micropost(MicropostsControllerTest):
ActiveRecord::StatementInvalid: Could not find table 'users'
    /usr/local/rvm/gems/ruby-1.9.3-p194/gems/activerecord-3.2.8/lib/active_record/connection_adapters/sqlite_adapter.rb:472:in `table_structure'
    /usr/local/rvm/gems/ruby-1.9.3-p194/gems/activerecord-3.2.8/lib/active_record/connection_adapters/sqlite_adapter.rb:346:in `columns'
    /usr/local/rvm/gems/ruby-1.9.3-p194/gems/activerecord-3.2.8/lib/active_record/fixtures.rb:660:in `column_names'
    /usr/local/rvm/gems/ruby-1.9.3-p194/gems/activerecord-3.2.8/lib/active_record/fixtures.rb:652:in `timestamp_column_names'
    /usr/local/rvm/gems/ruby-1.9.3-p194/gems/activerecord-3.2.8/lib/active_record/fixtures.rb:585:in `block in table_rows'
    /usr/local/rvm/gems/ruby-1.9.3-p194/gems/activerecord-3.2.8/lib/active_record/fixtures.rb:579:in `each'
    /usr/local/rvm/gems/ruby-1.9.3-p194/gems/activerecord-3.2.8/lib/active_record/fixtures.rb:579:in `map'
    /usr/local/rvm/gems/ruby-1.9.3-p194/gems/activerecord-3.2.8/lib/active_record/fixtures.rb:579:in `table_rows'
    /usr/local/rvm/gems/ruby-1.9.3-p194/gems/activerecord-3.2.8/lib/active_record/fixtures.rb:494:in `block (3 levels) in create_fixtures'
    /usr/local/rvm/gems/ruby-1.9.3-p194/gems/activerecord-3.2.8/lib/active_record/fixtures.rb:492:in `each'
    /usr/local/rvm/gems/ruby-1.9.3-p194/gems/activerecord-3.2.8/lib/active_record/fixtures.rb:492:in `block (2 levels) in create_fixtures'
    /usr/local/rvm/gems/ruby-1.9.3-p194/gems/activerecord-3.2.8/lib/active_record/connection_adapters/abstract/database_statements.rb:192:in `transaction'
    /usr/local/rvm/gems/ruby-1.9.3-p194/gems/activerecord-3.2.8/lib/active_record/fixtures.rb:491:in `block in create_fixtures'
    /usr/local/rvm/gems/ruby-1.9.3-p194/gems/activerecord-3.2.8/lib/active_record/connection_adapters/abstract_adapter.rb:168:in `disable_referential_integrity'
    /usr/local/rvm/gems/ruby-1.9.3-p194/gems/activerecord-3.2.8/lib/active_record/fixtures.rb:476:in `create_fixtures'
    /usr/local/rvm/gems/ruby-1.9.3-p194/gems/activerecord-3.2.8/lib/active_record/fixtures.rb:895:in `load_fixtures'
    /usr/local/rvm/gems/ruby-1.9.3-p194/gems/activerecord-3.2.8/lib/active_record/fixtures.rb:849:in `setup_fixtures'
    /usr/local/rvm/gems/ruby-1.9.3-p194/gems/activesupport-3.2.8/lib/active_support/callbacks.rb:429:in `_run__940926200__setup__814940032__callbacks'
    /usr/local/rvm/gems/ruby-1.9.3-p194/gems/activesupport-3.2.8/lib/active_support/callbacks.rb:405:in `__run_callback'
    /usr/local/rvm/gems/ruby-1.9.3-p194/gems/activesupport-3.2.8/lib/active_support/callbacks.rb:385:in `_run_setup_callbacks'
    /usr/local/rvm/gems/ruby-1.9.3-p194/gems/activesupport-3.2.8/lib/active_support/callbacks.rb:81:in `run_callbacks'
    /usr/local/rvm/gems/ruby-1.9.3-p194/gems/activesupport-3.2.8/lib/active_support/testing/setup_and_teardown.rb:35:in `run'

  7) Error:
test_should_update_micropost(MicropostsControllerTest):
ActiveRecord::StatementInvalid: Could not find table 'users'
    /usr/local/rvm/gems/ruby-1.9.3-p194/gems/activerecord-3.2.8/lib/active_record/connection_adapters/sqlite_adapter.rb:472:in `table_structure'
    /usr/local/rvm/gems/ruby-1.9.3-p194/gems/activerecord-3.2.8/lib/active_record/connection_adapters/sqlite_adapter.rb:346:in `columns'
    /usr/local/rvm/gems/ruby-1.9.3-p194/gems/activerecord-3.2.8/lib/active_record/fixtures.rb:660:in `column_names'
    /usr/local/rvm/gems/ruby-1.9.3-p194/gems/activerecord-3.2.8/lib/active_record/fixtures.rb:652:in `timestamp_column_names'
    /usr/local/rvm/gems/ruby-1.9.3-p194/gems/activerecord-3.2.8/lib/active_record/fixtures.rb:585:in `block in table_rows'
    /usr/local/rvm/gems/ruby-1.9.3-p194/gems/activerecord-3.2.8/lib/active_record/fixtures.rb:579:in `each'
    /usr/local/rvm/gems/ruby-1.9.3-p194/gems/activerecord-3.2.8/lib/active_record/fixtures.rb:579:in `map'
    /usr/local/rvm/gems/ruby-1.9.3-p194/gems/activerecord-3.2.8/lib/active_record/fixtures.rb:579:in `table_rows'
    /usr/local/rvm/gems/ruby-1.9.3-p194/gems/activerecord-3.2.8/lib/active_record/fixtures.rb:494:in `block (3 levels) in create_fixtures'
    /usr/local/rvm/gems/ruby-1.9.3-p194/gems/activerecord-3.2.8/lib/active_record/fixtures.rb:492:in `each'
    /usr/local/rvm/gems/ruby-1.9.3-p194/gems/activerecord-3.2.8/lib/active_record/fixtures.rb:492:in `block (2 levels) in create_fixtures'
    /usr/local/rvm/gems/ruby-1.9.3-p194/gems/activerecord-3.2.8/lib/active_record/connection_adapters/abstract/database_statements.rb:192:in `transaction'
    /usr/local/rvm/gems/ruby-1.9.3-p194/gems/activerecord-3.2.8/lib/active_record/fixtures.rb:491:in `block in create_fixtures'
    /usr/local/rvm/gems/ruby-1.9.3-p194/gems/activerecord-3.2.8/lib/active_record/connection_adapters/abstract_adapter.rb:168:in `disable_referential_integrity'
    /usr/local/rvm/gems/ruby-1.9.3-p194/gems/activerecord-3.2.8/lib/active_record/fixtures.rb:476:in `create_fixtures'
    /usr/local/rvm/gems/ruby-1.9.3-p194/gems/activerecord-3.2.8/lib/active_record/fixtures.rb:895:in `load_fixtures'
    /usr/local/rvm/gems/ruby-1.9.3-p194/gems/activerecord-3.2.8/lib/active_record/fixtures.rb:849:in `setup_fixtures'
    /usr/local/rvm/gems/ruby-1.9.3-p194/gems/activesupport-3.2.8/lib/active_support/callbacks.rb:429:in `_run__940926200__setup__814940032__callbacks'
    /usr/local/rvm/gems/ruby-1.9.3-p194/gems/activesupport-3.2.8/lib/active_support/callbacks.rb:405:in `__run_callback'
    /usr/local/rvm/gems/ruby-1.9.3-p194/gems/activesupport-3.2.8/lib/active_support/callbacks.rb:385:in `_run_setup_callbacks'
    /usr/local/rvm/gems/ruby-1.9.3-p194/gems/activesupport-3.2.8/lib/active_support/callbacks.rb:81:in `run_callbacks'
    /usr/local/rvm/gems/ruby-1.9.3-p194/gems/activesupport-3.2.8/lib/active_support/testing/setup_and_teardown.rb:35:in `run'

7 tests, 0 assertions, 0 failures, 7 errors, 0 skips
Run options: -n "/^(test_should_get_contact|test_should_get_home)$/"

# Running tests:

EE

Finished tests in 0.050931s, 39.2690 tests/s, 0.0000 assertions/s.

  1) Error:
test_should_get_contact(PagesControllerTest):
ActiveRecord::StatementInvalid: Could not find table 'users'
    /usr/local/rvm/gems/ruby-1.9.3-p194/gems/activerecord-3.2.8/lib/active_record/connection_adapters/sqlite_adapter.rb:472:in `table_structure'
    /usr/local/rvm/gems/ruby-1.9.3-p194/gems/activerecord-3.2.8/lib/active_record/connection_adapters/sqlite_adapter.rb:346:in `columns'
    /usr/local/rvm/gems/ruby-1.9.3-p194/gems/activerecord-3.2.8/lib/active_record/fixtures.rb:660:in `column_names'
    /usr/local/rvm/gems/ruby-1.9.3-p194/gems/activerecord-3.2.8/lib/active_record/fixtures.rb:652:in `timestamp_column_names'
    /usr/local/rvm/gems/ruby-1.9.3-p194/gems/activerecord-3.2.8/lib/active_record/fixtures.rb:585:in `block in table_rows'
    /usr/local/rvm/gems/ruby-1.9.3-p194/gems/activerecord-3.2.8/lib/active_record/fixtures.rb:579:in `each'
    /usr/local/rvm/gems/ruby-1.9.3-p194/gems/activerecord-3.2.8/lib/active_record/fixtures.rb:579:in `map'
    /usr/local/rvm/gems/ruby-1.9.3-p194/gems/activerecord-3.2.8/lib/active_record/fixtures.rb:579:in `table_rows'
    /usr/local/rvm/gems/ruby-1.9.3-p194/gems/activerecord-3.2.8/lib/active_record/fixtures.rb:494:in `block (3 levels) in create_fixtures'
    /usr/local/rvm/gems/ruby-1.9.3-p194/gems/activerecord-3.2.8/lib/active_record/fixtures.rb:492:in `each'
    /usr/local/rvm/gems/ruby-1.9.3-p194/gems/activerecord-3.2.8/lib/active_record/fixtures.rb:492:in `block (2 levels) in create_fixtures'
    /usr/local/rvm/gems/ruby-1.9.3-p194/gems/activerecord-3.2.8/lib/active_record/connection_adapters/abstract/database_statements.rb:192:in `transaction'
    /usr/local/rvm/gems/ruby-1.9.3-p194/gems/activerecord-3.2.8/lib/active_record/fixtures.rb:491:in `block in create_fixtures'
    /usr/local/rvm/gems/ruby-1.9.3-p194/gems/activerecord-3.2.8/lib/active_record/connection_adapters/abstract_adapter.rb:168:in `disable_referential_integrity'
    /usr/local/rvm/gems/ruby-1.9.3-p194/gems/activerecord-3.2.8/lib/active_record/fixtures.rb:476:in `create_fixtures'
    /usr/local/rvm/gems/ruby-1.9.3-p194/gems/activerecord-3.2.8/lib/active_record/fixtures.rb:895:in `load_fixtures'
    /usr/local/rvm/gems/ruby-1.9.3-p194/gems/activerecord-3.2.8/lib/active_record/fixtures.rb:849:in `setup_fixtures'
    /usr/local/rvm/gems/ruby-1.9.3-p194/gems/activesupport-3.2.8/lib/active_support/callbacks.rb:429:in `_run__818510244__setup__707054384__callbacks'
    /usr/local/rvm/gems/ruby-1.9.3-p194/gems/activesupport-3.2.8/lib/active_support/callbacks.rb:405:in `__run_callback'
    /usr/local/rvm/gems/ruby-1.9.3-p194/gems/activesupport-3.2.8/lib/active_support/callbacks.rb:385:in `_run_setup_callbacks'
    /usr/local/rvm/gems/ruby-1.9.3-p194/gems/activesupport-3.2.8/lib/active_support/callbacks.rb:81:in `run_callbacks'
    /usr/local/rvm/gems/ruby-1.9.3-p194/gems/activesupport-3.2.8/lib/active_support/testing/setup_and_teardown.rb:35:in `run'

  2) Error:
test_should_get_home(PagesControllerTest):
ActiveRecord::StatementInvalid: Could not find table 'users'
    /usr/local/rvm/gems/ruby-1.9.3-p194/gems/activerecord-3.2.8/lib/active_record/connection_adapters/sqlite_adapter.rb:472:in `table_structure'
    /usr/local/rvm/gems/ruby-1.9.3-p194/gems/activerecord-3.2.8/lib/active_record/connection_adapters/sqlite_adapter.rb:346:in `columns'
    /usr/local/rvm/gems/ruby-1.9.3-p194/gems/activerecord-3.2.8/lib/active_record/fixtures.rb:660:in `column_names'
    /usr/local/rvm/gems/ruby-1.9.3-p194/gems/activerecord-3.2.8/lib/active_record/fixtures.rb:652:in `timestamp_column_names'
    /usr/local/rvm/gems/ruby-1.9.3-p194/gems/activerecord-3.2.8/lib/active_record/fixtures.rb:585:in `block in table_rows'
    /usr/local/rvm/gems/ruby-1.9.3-p194/gems/activerecord-3.2.8/lib/active_record/fixtures.rb:579:in `each'
    /usr/local/rvm/gems/ruby-1.9.3-p194/gems/activerecord-3.2.8/lib/active_record/fixtures.rb:579:in `map'
    /usr/local/rvm/gems/ruby-1.9.3-p194/gems/activerecord-3.2.8/lib/active_record/fixtures.rb:579:in `table_rows'
    /usr/local/rvm/gems/ruby-1.9.3-p194/gems/activerecord-3.2.8/lib/active_record/fixtures.rb:494:in `block (3 levels) in create_fixtures'
    /usr/local/rvm/gems/ruby-1.9.3-p194/gems/activerecord-3.2.8/lib/active_record/fixtures.rb:492:in `each'
    /usr/local/rvm/gems/ruby-1.9.3-p194/gems/activerecord-3.2.8/lib/active_record/fixtures.rb:492:in `block (2 levels) in create_fixtures'
    /usr/local/rvm/gems/ruby-1.9.3-p194/gems/activerecord-3.2.8/lib/active_record/connection_adapters/abstract/database_statements.rb:192:in `transaction'
    /usr/local/rvm/gems/ruby-1.9.3-p194/gems/activerecord-3.2.8/lib/active_record/fixtures.rb:491:in `block in create_fixtures'
    /usr/local/rvm/gems/ruby-1.9.3-p194/gems/activerecord-3.2.8/lib/active_record/connection_adapters/abstract_adapter.rb:168:in `disable_referential_integrity'
    /usr/local/rvm/gems/ruby-1.9.3-p194/gems/activerecord-3.2.8/lib/active_record/fixtures.rb:476:in `create_fixtures'
    /usr/local/rvm/gems/ruby-1.9.3-p194/gems/activerecord-3.2.8/lib/active_record/fixtures.rb:895:in `load_fixtures'
    /usr/local/rvm/gems/ruby-1.9.3-p194/gems/activerecord-3.2.8/lib/active_record/fixtures.rb:849:in `setup_fixtures'
    /usr/local/rvm/gems/ruby-1.9.3-p194/gems/activesupport-3.2.8/lib/active_support/callbacks.rb:429:in `_run__818510244__setup__707054384__callbacks'
    /usr/local/rvm/gems/ruby-1.9.3-p194/gems/activesupport-3.2.8/lib/active_support/callbacks.rb:405:in `__run_callback'
    /usr/local/rvm/gems/ruby-1.9.3-p194/gems/activesupport-3.2.8/lib/active_support/callbacks.rb:385:in `_run_setup_callbacks'
    /usr/local/rvm/gems/ruby-1.9.3-p194/gems/activesupport-3.2.8/lib/active_support/callbacks.rb:81:in `run_callbacks'
    /usr/local/rvm/gems/ruby-1.9.3-p194/gems/activesupport-3.2.8/lib/active_support/testing/setup_and_teardown.rb:35:in `run'

2 tests, 0 assertions, 0 failures, 2 errors, 0 skips
/usr/local/rvm/rubies/ruby-1.9.3-p194/bin/ruby -I.:lib:test -rubygems test/functional/users_controller_test.rb -n "/^(test_should_create_user|test_should_destroy_user|test_should_get_edit|test_should_get_index|test_should_get_new|test_should_show_user|test_should_update_user)$/"; /usr/local/rvm/rubies/ruby-1.9.3-p194/bin/ruby -I.:lib:test -rubygems test/functional/pages_controller_test.rb -n "/^(test_should_get_contact|test_should_get_home)$/"; /usr/local/rvm/rubies/ruby-1.9.3-p194/bin/ruby -I.:lib:test -rubygems test/functional/microposts_controller_test.rb -n "/^(test_should_create_micropost|test_should_destroy_micropost|test_should_get_edit|test_should_get_index|test_should_get_new|test_should_show_micropost|test_should_update_micropost)$/"
Run options: -n "/^(test_should_create_user|test_should_destroy_user|test_should_get_edit|test_should_get_index|test_should_get_new|test_should_show_user|test_should_update_user)$/"

# Running tests:

EEEEEEE

Finished tests in 0.107799s, 64.9354 tests/s, 0.0000 assertions/s.

  1) Error:
test_should_create_user(UsersControllerTest):
ActiveRecord::StatementInvalid: Could not find table 'users'
    /usr/local/rvm/gems/ruby-1.9.3-p194/gems/activerecord-3.2.8/lib/active_record/connection_adapters/sqlite_adapter.rb:472:in `table_structure'
    /usr/local/rvm/gems/ruby-1.9.3-p194/gems/activerecord-3.2.8/lib/active_record/connection_adapters/sqlite_adapter.rb:346:in `columns'
    /usr/local/rvm/gems/ruby-1.9.3-p194/gems/activerecord-3.2.8/lib/active_record/fixtures.rb:660:in `column_names'
    /usr/local/rvm/gems/ruby-1.9.3-p194/gems/activerecord-3.2.8/lib/active_record/fixtures.rb:652:in `timestamp_column_names'
    /usr/local/rvm/gems/ruby-1.9.3-p194/gems/activerecord-3.2.8/lib/active_record/fixtures.rb:585:in `block in table_rows'
    /usr/local/rvm/gems/ruby-1.9.3-p194/gems/activerecord-3.2.8/lib/active_record/fixtures.rb:579:in `each'
    /usr/local/rvm/gems/ruby-1.9.3-p194/gems/activerecord-3.2.8/lib/active_record/fixtures.rb:579:in `map'
    /usr/local/rvm/gems/ruby-1.9.3-p194/gems/activerecord-3.2.8/lib/active_record/fixtures.rb:579:in `table_rows'
    /usr/local/rvm/gems/ruby-1.9.3-p194/gems/activerecord-3.2.8/lib/active_record/fixtures.rb:494:in `block (3 levels) in create_fixtures'
    /usr/local/rvm/gems/ruby-1.9.3-p194/gems/activerecord-3.2.8/lib/active_record/fixtures.rb:492:in `each'
    /usr/local/rvm/gems/ruby-1.9.3-p194/gems/activerecord-3.2.8/lib/active_record/fixtures.rb:492:in `block (2 levels) in create_fixtures'
    /usr/local/rvm/gems/ruby-1.9.3-p194/gems/activerecord-3.2.8/lib/active_record/connection_adapters/abstract/database_statements.rb:192:in `transaction'
    /usr/local/rvm/gems/ruby-1.9.3-p194/gems/activerecord-3.2.8/lib/active_record/fixtures.rb:491:in `block in create_fixtures'
    /usr/local/rvm/gems/ruby-1.9.3-p194/gems/activerecord-3.2.8/lib/active_record/connection_adapters/abstract_adapter.rb:168:in `disable_referential_integrity'
    /usr/local/rvm/gems/ruby-1.9.3-p194/gems/activerecord-3.2.8/lib/active_record/fixtures.rb:476:in `create_fixtures'
    /usr/local/rvm/gems/ruby-1.9.3-p194/gems/activerecord-3.2.8/lib/active_record/fixtures.rb:895:in `load_fixtures'
    /usr/local/rvm/gems/ruby-1.9.3-p194/gems/activerecord-3.2.8/lib/active_record/fixtures.rb:849:in `setup_fixtures'
    /usr/local/rvm/gems/ruby-1.9.3-p194/gems/activesupport-3.2.8/lib/active_support/callbacks.rb:429:in `_run__912451175__setup__785167866__callbacks'
    /usr/local/rvm/gems/ruby-1.9.3-p194/gems/activesupport-3.2.8/lib/active_support/callbacks.rb:405:in `__run_callback'
    /usr/local/rvm/gems/ruby-1.9.3-p194/gems/activesupport-3.2.8/lib/active_support/callbacks.rb:385:in `_run_setup_callbacks'
    /usr/local/rvm/gems/ruby-1.9.3-p194/gems/activesupport-3.2.8/lib/active_support/callbacks.rb:81:in `run_callbacks'
    /usr/local/rvm/gems/ruby-1.9.3-p194/gems/activesupport-3.2.8/lib/active_support/testing/setup_and_teardown.rb:35:in `run'

  2) Error:
test_should_destroy_user(UsersControllerTest):
ActiveRecord::StatementInvalid: Could not find table 'users'
    /usr/local/rvm/gems/ruby-1.9.3-p194/gems/activerecord-3.2.8/lib/active_record/connection_adapters/sqlite_adapter.rb:472:in `table_structure'
    /usr/local/rvm/gems/ruby-1.9.3-p194/gems/activerecord-3.2.8/lib/active_record/connection_adapters/sqlite_adapter.rb:346:in `columns'
    /usr/local/rvm/gems/ruby-1.9.3-p194/gems/activerecord-3.2.8/lib/active_record/fixtures.rb:660:in `column_names'
    /usr/local/rvm/gems/ruby-1.9.3-p194/gems/activerecord-3.2.8/lib/active_record/fixtures.rb:652:in `timestamp_column_names'
    /usr/local/rvm/gems/ruby-1.9.3-p194/gems/activerecord-3.2.8/lib/active_record/fixtures.rb:585:in `block in table_rows'
    /usr/local/rvm/gems/ruby-1.9.3-p194/gems/activerecord-3.2.8/lib/active_record/fixtures.rb:579:in `each'
    /usr/local/rvm/gems/ruby-1.9.3-p194/gems/activerecord-3.2.8/lib/active_record/fixtures.rb:579:in `map'
    /usr/local/rvm/gems/ruby-1.9.3-p194/gems/activerecord-3.2.8/lib/active_record/fixtures.rb:579:in `table_rows'
    /usr/local/rvm/gems/ruby-1.9.3-p194/gems/activerecord-3.2.8/lib/active_record/fixtures.rb:494:in `block (3 levels) in create_fixtures'
    /usr/local/rvm/gems/ruby-1.9.3-p194/gems/activerecord-3.2.8/lib/active_record/fixtures.rb:492:in `each'
    /usr/local/rvm/gems/ruby-1.9.3-p194/gems/activerecord-3.2.8/lib/active_record/fixtures.rb:492:in `block (2 levels) in create_fixtures'
    /usr/local/rvm/gems/ruby-1.9.3-p194/gems/activerecord-3.2.8/lib/active_record/connection_adapters/abstract/database_statements.rb:192:in `transaction'
    /usr/local/rvm/gems/ruby-1.9.3-p194/gems/activerecord-3.2.8/lib/active_record/fixtures.rb:491:in `block in create_fixtures'
    /usr/local/rvm/gems/ruby-1.9.3-p194/gems/activerecord-3.2.8/lib/active_record/connection_adapters/abstract_adapter.rb:168:in `disable_referential_integrity'
    /usr/local/rvm/gems/ruby-1.9.3-p194/gems/activerecord-3.2.8/lib/active_record/fixtures.rb:476:in `create_fixtures'
    /usr/local/rvm/gems/ruby-1.9.3-p194/gems/activerecord-3.2.8/lib/active_record/fixtures.rb:895:in `load_fixtures'
    /usr/local/rvm/gems/ruby-1.9.3-p194/gems/activerecord-3.2.8/lib/active_record/fixtures.rb:849:in `setup_fixtures'
    /usr/local/rvm/gems/ruby-1.9.3-p194/gems/activesupport-3.2.8/lib/active_support/callbacks.rb:429:in `_run__912451175__setup__785167866__callbacks'
    /usr/local/rvm/gems/ruby-1.9.3-p194/gems/activesupport-3.2.8/lib/active_support/callbacks.rb:405:in `__run_callback'
    /usr/local/rvm/gems/ruby-1.9.3-p194/gems/activesupport-3.2.8/lib/active_support/callbacks.rb:385:in `_run_setup_callbacks'
    /usr/local/rvm/gems/ruby-1.9.3-p194/gems/activesupport-3.2.8/lib/active_support/callbacks.rb:81:in `run_callbacks'
    /usr/local/rvm/gems/ruby-1.9.3-p194/gems/activesupport-3.2.8/lib/active_support/testing/setup_and_teardown.rb:35:in `run'

  3) Error:
test_should_get_edit(UsersControllerTest):
ActiveRecord::StatementInvalid: Could not find table 'users'
    /usr/local/rvm/gems/ruby-1.9.3-p194/gems/activerecord-3.2.8/lib/active_record/connection_adapters/sqlite_adapter.rb:472:in `table_structure'
    /usr/local/rvm/gems/ruby-1.9.3-p194/gems/activerecord-3.2.8/lib/active_record/connection_adapters/sqlite_adapter.rb:346:in `columns'
    /usr/local/rvm/gems/ruby-1.9.3-p194/gems/activerecord-3.2.8/lib/active_record/fixtures.rb:660:in `column_names'
    /usr/local/rvm/gems/ruby-1.9.3-p194/gems/activerecord-3.2.8/lib/active_record/fixtures.rb:652:in `timestamp_column_names'
    /usr/local/rvm/gems/ruby-1.9.3-p194/gems/activerecord-3.2.8/lib/active_record/fixtures.rb:585:in `block in table_rows'
    /usr/local/rvm/gems/ruby-1.9.3-p194/gems/activerecord-3.2.8/lib/active_record/fixtures.rb:579:in `each'
    /usr/local/rvm/gems/ruby-1.9.3-p194/gems/activerecord-3.2.8/lib/active_record/fixtures.rb:579:in `map'
    /usr/local/rvm/gems/ruby-1.9.3-p194/gems/activerecord-3.2.8/lib/active_record/fixtures.rb:579:in `table_rows'
    /usr/local/rvm/gems/ruby-1.9.3-p194/gems/activerecord-3.2.8/lib/active_record/fixtures.rb:494:in `block (3 levels) in create_fixtures'
    /usr/local/rvm/gems/ruby-1.9.3-p194/gems/activerecord-3.2.8/lib/active_record/fixtures.rb:492:in `each'
    /usr/local/rvm/gems/ruby-1.9.3-p194/gems/activerecord-3.2.8/lib/active_record/fixtures.rb:492:in `block (2 levels) in create_fixtures'
    /usr/local/rvm/gems/ruby-1.9.3-p194/gems/activerecord-3.2.8/lib/active_record/connection_adapters/abstract/database_statements.rb:192:in `transaction'
    /usr/local/rvm/gems/ruby-1.9.3-p194/gems/activerecord-3.2.8/lib/active_record/fixtures.rb:491:in `block in create_fixtures'
    /usr/local/rvm/gems/ruby-1.9.3-p194/gems/activerecord-3.2.8/lib/active_record/connection_adapters/abstract_adapter.rb:168:in `disable_referential_integrity'
    /usr/local/rvm/gems/ruby-1.9.3-p194/gems/activerecord-3.2.8/lib/active_record/fixtures.rb:476:in `create_fixtures'
    /usr/local/rvm/gems/ruby-1.9.3-p194/gems/activerecord-3.2.8/lib/active_record/fixtures.rb:895:in `load_fixtures'
    /usr/local/rvm/gems/ruby-1.9.3-p194/gems/activerecord-3.2.8/lib/active_record/fixtures.rb:849:in `setup_fixtures'
    /usr/local/rvm/gems/ruby-1.9.3-p194/gems/activesupport-3.2.8/lib/active_support/callbacks.rb:429:in `_run__912451175__setup__785167866__callbacks'
    /usr/local/rvm/gems/ruby-1.9.3-p194/gems/activesupport-3.2.8/lib/active_support/callbacks.rb:405:in `__run_callback'
    /usr/local/rvm/gems/ruby-1.9.3-p194/gems/activesupport-3.2.8/lib/active_support/callbacks.rb:385:in `_run_setup_callbacks'
    /usr/local/rvm/gems/ruby-1.9.3-p194/gems/activesupport-3.2.8/lib/active_support/callbacks.rb:81:in `run_callbacks'
    /usr/local/rvm/gems/ruby-1.9.3-p194/gems/activesupport-3.2.8/lib/active_support/testing/setup_and_teardown.rb:35:in `run'

  4) Error:
test_should_get_index(UsersControllerTest):
ActiveRecord::StatementInvalid: Could not find table 'users'
    /usr/local/rvm/gems/ruby-1.9.3-p194/gems/activerecord-3.2.8/lib/active_record/connection_adapters/sqlite_adapter.rb:472:in `table_structure'
    /usr/local/rvm/gems/ruby-1.9.3-p194/gems/activerecord-3.2.8/lib/active_record/connection_adapters/sqlite_adapter.rb:346:in `columns'
    /usr/local/rvm/gems/ruby-1.9.3-p194/gems/activerecord-3.2.8/lib/active_record/fixtures.rb:660:in `column_names'
    /usr/local/rvm/gems/ruby-1.9.3-p194/gems/activerecord-3.2.8/lib/active_record/fixtures.rb:652:in `timestamp_column_names'
    /usr/local/rvm/gems/ruby-1.9.3-p194/gems/activerecord-3.2.8/lib/active_record/fixtures.rb:585:in `block in table_rows'
    /usr/local/rvm/gems/ruby-1.9.3-p194/gems/activerecord-3.2.8/lib/active_record/fixtures.rb:579:in `each'
    /usr/local/rvm/gems/ruby-1.9.3-p194/gems/activerecord-3.2.8/lib/active_record/fixtures.rb:579:in `map'
    /usr/local/rvm/gems/ruby-1.9.3-p194/gems/activerecord-3.2.8/lib/active_record/fixtures.rb:579:in `table_rows'
    /usr/local/rvm/gems/ruby-1.9.3-p194/gems/activerecord-3.2.8/lib/active_record/fixtures.rb:494:in `block (3 levels) in create_fixtures'
    /usr/local/rvm/gems/ruby-1.9.3-p194/gems/activerecord-3.2.8/lib/active_record/fixtures.rb:492:in `each'
    /usr/local/rvm/gems/ruby-1.9.3-p194/gems/activerecord-3.2.8/lib/active_record/fixtures.rb:492:in `block (2 levels) in create_fixtures'
    /usr/local/rvm/gems/ruby-1.9.3-p194/gems/activerecord-3.2.8/lib/active_record/connection_adapters/abstract/database_statements.rb:192:in `transaction'
    /usr/local/rvm/gems/ruby-1.9.3-p194/gems/activerecord-3.2.8/lib/active_record/fixtures.rb:491:in `block in create_fixtures'
    /usr/local/rvm/gems/ruby-1.9.3-p194/gems/activerecord-3.2.8/lib/active_record/connection_adapters/abstract_adapter.rb:168:in `disable_referential_integrity'
    /usr/local/rvm/gems/ruby-1.9.3-p194/gems/activerecord-3.2.8/lib/active_record/fixtures.rb:476:in `create_fixtures'
    /usr/local/rvm/gems/ruby-1.9.3-p194/gems/activerecord-3.2.8/lib/active_record/fixtures.rb:895:in `load_fixtures'
    /usr/local/rvm/gems/ruby-1.9.3-p194/gems/activerecord-3.2.8/lib/active_record/fixtures.rb:849:in `setup_fixtures'
    /usr/local/rvm/gems/ruby-1.9.3-p194/gems/activesupport-3.2.8/lib/active_support/callbacks.rb:429:in `_run__912451175__setup__785167866__callbacks'
    /usr/local/rvm/gems/ruby-1.9.3-p194/gems/activesupport-3.2.8/lib/active_support/callbacks.rb:405:in `__run_callback'
    /usr/local/rvm/gems/ruby-1.9.3-p194/gems/activesupport-3.2.8/lib/active_support/callbacks.rb:385:in `_run_setup_callbacks'
    /usr/local/rvm/gems/ruby-1.9.3-p194/gems/activesupport-3.2.8/lib/active_support/callbacks.rb:81:in `run_callbacks'
    /usr/local/rvm/gems/ruby-1.9.3-p194/gems/activesupport-3.2.8/lib/active_support/testing/setup_and_teardown.rb:35:in `run'

  5) Error:
test_should_get_new(UsersControllerTest):
ActiveRecord::StatementInvalid: Could not find table 'users'
    /usr/local/rvm/gems/ruby-1.9.3-p194/gems/activerecord-3.2.8/lib/active_record/connection_adapters/sqlite_adapter.rb:472:in `table_structure'
    /usr/local/rvm/gems/ruby-1.9.3-p194/gems/activerecord-3.2.8/lib/active_record/connection_adapters/sqlite_adapter.rb:346:in `columns'
    /usr/local/rvm/gems/ruby-1.9.3-p194/gems/activerecord-3.2.8/lib/active_record/fixtures.rb:660:in `column_names'
    /usr/local/rvm/gems/ruby-1.9.3-p194/gems/activerecord-3.2.8/lib/active_record/fixtures.rb:652:in `timestamp_column_names'
    /usr/local/rvm/gems/ruby-1.9.3-p194/gems/activerecord-3.2.8/lib/active_record/fixtures.rb:585:in `block in table_rows'
    /usr/local/rvm/gems/ruby-1.9.3-p194/gems/activerecord-3.2.8/lib/active_record/fixtures.rb:579:in `each'
    /usr/local/rvm/gems/ruby-1.9.3-p194/gems/activerecord-3.2.8/lib/active_record/fixtures.rb:579:in `map'
    /usr/local/rvm/gems/ruby-1.9.3-p194/gems/activerecord-3.2.8/lib/active_record/fixtures.rb:579:in `table_rows'
    /usr/local/rvm/gems/ruby-1.9.3-p194/gems/activerecord-3.2.8/lib/active_record/fixtures.rb:494:in `block (3 levels) in create_fixtures'
    /usr/local/rvm/gems/ruby-1.9.3-p194/gems/activerecord-3.2.8/lib/active_record/fixtures.rb:492:in `each'
    /usr/local/rvm/gems/ruby-1.9.3-p194/gems/activerecord-3.2.8/lib/active_record/fixtures.rb:492:in `block (2 levels) in create_fixtures'
    /usr/local/rvm/gems/ruby-1.9.3-p194/gems/activerecord-3.2.8/lib/active_record/connection_adapters/abstract/database_statements.rb:192:in `transaction'
    /usr/local/rvm/gems/ruby-1.9.3-p194/gems/activerecord-3.2.8/lib/active_record/fixtures.rb:491:in `block in create_fixtures'
    /usr/local/rvm/gems/ruby-1.9.3-p194/gems/activerecord-3.2.8/lib/active_record/connection_adapters/abstract_adapter.rb:168:in `disable_referential_integrity'
    /usr/local/rvm/gems/ruby-1.9.3-p194/gems/activerecord-3.2.8/lib/active_record/fixtures.rb:476:in `create_fixtures'
    /usr/local/rvm/gems/ruby-1.9.3-p194/gems/activerecord-3.2.8/lib/active_record/fixtures.rb:895:in `load_fixtures'
    /usr/local/rvm/gems/ruby-1.9.3-p194/gems/activerecord-3.2.8/lib/active_record/fixtures.rb:849:in `setup_fixtures'
    /usr/local/rvm/gems/ruby-1.9.3-p194/gems/activesupport-3.2.8/lib/active_support/callbacks.rb:429:in `_run__912451175__setup__785167866__callbacks'
    /usr/local/rvm/gems/ruby-1.9.3-p194/gems/activesupport-3.2.8/lib/active_support/callbacks.rb:405:in `__run_callback'
    /usr/local/rvm/gems/ruby-1.9.3-p194/gems/activesupport-3.2.8/lib/active_support/callbacks.rb:385:in `_run_setup_callbacks'
    /usr/local/rvm/gems/ruby-1.9.3-p194/gems/activesupport-3.2.8/lib/active_support/callbacks.rb:81:in `run_callbacks'
    /usr/local/rvm/gems/ruby-1.9.3-p194/gems/activesupport-3.2.8/lib/active_support/testing/setup_and_teardown.rb:35:in `run'

  6) Error:
test_should_show_user(UsersControllerTest):
ActiveRecord::StatementInvalid: Could not find table 'users'
    /usr/local/rvm/gems/ruby-1.9.3-p194/gems/activerecord-3.2.8/lib/active_record/connection_adapters/sqlite_adapter.rb:472:in `table_structure'
    /usr/local/rvm/gems/ruby-1.9.3-p194/gems/activerecord-3.2.8/lib/active_record/connection_adapters/sqlite_adapter.rb:346:in `columns'
    /usr/local/rvm/gems/ruby-1.9.3-p194/gems/activerecord-3.2.8/lib/active_record/fixtures.rb:660:in `column_names'
    /usr/local/rvm/gems/ruby-1.9.3-p194/gems/activerecord-3.2.8/lib/active_record/fixtures.rb:652:in `timestamp_column_names'
    /usr/local/rvm/gems/ruby-1.9.3-p194/gems/activerecord-3.2.8/lib/active_record/fixtures.rb:585:in `block in table_rows'
    /usr/local/rvm/gems/ruby-1.9.3-p194/gems/activerecord-3.2.8/lib/active_record/fixtures.rb:579:in `each'
    /usr/local/rvm/gems/ruby-1.9.3-p194/gems/activerecord-3.2.8/lib/active_record/fixtures.rb:579:in `map'
    /usr/local/rvm/gems/ruby-1.9.3-p194/gems/activerecord-3.2.8/lib/active_record/fixtures.rb:579:in `table_rows'
    /usr/local/rvm/gems/ruby-1.9.3-p194/gems/activerecord-3.2.8/lib/active_record/fixtures.rb:494:in `block (3 levels) in create_fixtures'
    /usr/local/rvm/gems/ruby-1.9.3-p194/gems/activerecord-3.2.8/lib/active_record/fixtures.rb:492:in `each'
    /usr/local/rvm/gems/ruby-1.9.3-p194/gems/activerecord-3.2.8/lib/active_record/fixtures.rb:492:in `block (2 levels) in create_fixtures'
    /usr/local/rvm/gems/ruby-1.9.3-p194/gems/activerecord-3.2.8/lib/active_record/connection_adapters/abstract/database_statements.rb:192:in `transaction'
    /usr/local/rvm/gems/ruby-1.9.3-p194/gems/activerecord-3.2.8/lib/active_record/fixtures.rb:491:in `block in create_fixtures'
    /usr/local/rvm/gems/ruby-1.9.3-p194/gems/activerecord-3.2.8/lib/active_record/connection_adapters/abstract_adapter.rb:168:in `disable_referential_integrity'
    /usr/local/rvm/gems/ruby-1.9.3-p194/gems/activerecord-3.2.8/lib/active_record/fixtures.rb:476:in `create_fixtures'
    /usr/local/rvm/gems/ruby-1.9.3-p194/gems/activerecord-3.2.8/lib/active_record/fixtures.rb:895:in `load_fixtures'
    /usr/local/rvm/gems/ruby-1.9.3-p194/gems/activerecord-3.2.8/lib/active_record/fixtures.rb:849:in `setup_fixtures'
    /usr/local/rvm/gems/ruby-1.9.3-p194/gems/activesupport-3.2.8/lib/active_support/callbacks.rb:429:in `_run__912451175__setup__785167866__callbacks'
    /usr/local/rvm/gems/ruby-1.9.3-p194/gems/activesupport-3.2.8/lib/active_support/callbacks.rb:405:in `__run_callback'
    /usr/local/rvm/gems/ruby-1.9.3-p194/gems/activesupport-3.2.8/lib/active_support/callbacks.rb:385:in `_run_setup_callbacks'
    /usr/local/rvm/gems/ruby-1.9.3-p194/gems/activesupport-3.2.8/lib/active_support/callbacks.rb:81:in `run_callbacks'
    /usr/local/rvm/gems/ruby-1.9.3-p194/gems/activesupport-3.2.8/lib/active_support/testing/setup_and_teardown.rb:35:in `run'

  7) Error:
test_should_update_user(UsersControllerTest):
ActiveRecord::StatementInvalid: Could not find table 'users'
    /usr/local/rvm/gems/ruby-1.9.3-p194/gems/activerecord-3.2.8/lib/active_record/connection_adapters/sqlite_adapter.rb:472:in `table_structure'
    /usr/local/rvm/gems/ruby-1.9.3-p194/gems/activerecord-3.2.8/lib/active_record/connection_adapters/sqlite_adapter.rb:346:in `columns'
    /usr/local/rvm/gems/ruby-1.9.3-p194/gems/activerecord-3.2.8/lib/active_record/fixtures.rb:660:in `column_names'
    /usr/local/rvm/gems/ruby-1.9.3-p194/gems/activerecord-3.2.8/lib/active_record/fixtures.rb:652:in `timestamp_column_names'
    /usr/local/rvm/gems/ruby-1.9.3-p194/gems/activerecord-3.2.8/lib/active_record/fixtures.rb:585:in `block in table_rows'
    /usr/local/rvm/gems/ruby-1.9.3-p194/gems/activerecord-3.2.8/lib/active_record/fixtures.rb:579:in `each'
    /usr/local/rvm/gems/ruby-1.9.3-p194/gems/activerecord-3.2.8/lib/active_record/fixtures.rb:579:in `map'
    /usr/local/rvm/gems/ruby-1.9.3-p194/gems/activerecord-3.2.8/lib/active_record/fixtures.rb:579:in `table_rows'
    /usr/local/rvm/gems/ruby-1.9.3-p194/gems/activerecord-3.2.8/lib/active_record/fixtures.rb:494:in `block (3 levels) in create_fixtures'
    /usr/local/rvm/gems/ruby-1.9.3-p194/gems/activerecord-3.2.8/lib/active_record/fixtures.rb:492:in `each'
    /usr/local/rvm/gems/ruby-1.9.3-p194/gems/activerecord-3.2.8/lib/active_record/fixtures.rb:492:in `block (2 levels) in create_fixtures'
    /usr/local/rvm/gems/ruby-1.9.3-p194/gems/activerecord-3.2.8/lib/active_record/connection_adapters/abstract/database_statements.rb:192:in `transaction'
    /usr/local/rvm/gems/ruby-1.9.3-p194/gems/activerecord-3.2.8/lib/active_record/fixtures.rb:491:in `block in create_fixtures'
    /usr/local/rvm/gems/ruby-1.9.3-p194/gems/activerecord-3.2.8/lib/active_record/connection_adapters/abstract_adapter.rb:168:in `disable_referential_integrity'
    /usr/local/rvm/gems/ruby-1.9.3-p194/gems/activerecord-3.2.8/lib/active_record/fixtures.rb:476:in `create_fixtures'
    /usr/local/rvm/gems/ruby-1.9.3-p194/gems/activerecord-3.2.8/lib/active_record/fixtures.rb:895:in `load_fixtures'
    /usr/local/rvm/gems/ruby-1.9.3-p194/gems/activerecord-3.2.8/lib/active_record/fixtures.rb:849:in `setup_fixtures'
    /usr/local/rvm/gems/ruby-1.9.3-p194/gems/activesupport-3.2.8/lib/active_support/callbacks.rb:429:in `_run__912451175__setup__785167866__callbacks'
    /usr/local/rvm/gems/ruby-1.9.3-p194/gems/activesupport-3.2.8/lib/active_support/callbacks.rb:405:in `__run_callback'
    /usr/local/rvm/gems/ruby-1.9.3-p194/gems/activesupport-3.2.8/lib/active_support/callbacks.rb:385:in `_run_setup_callbacks'
    /usr/local/rvm/gems/ruby-1.9.3-p194/gems/activesupport-3.2.8/lib/active_support/callbacks.rb:81:in `run_callbacks'
    /usr/local/rvm/gems/ruby-1.9.3-p194/gems/activesupport-3.2.8/lib/active_support/testing/setup_and_teardown.rb:35:in `run'

7 tests, 0 assertions, 0 failures, 7 errors, 0 skips
Run options: -n "/^(test_should_get_contact|test_should_get_home)$/"

# Running tests:

EE

Finished tests in 0.046865s, 42.6761 tests/s, 0.0000 assertions/s.

  1) Error:
test_should_get_contact(PagesControllerTest):
ActiveRecord::StatementInvalid: Could not find table 'users'
    /usr/local/rvm/gems/ruby-1.9.3-p194/gems/activerecord-3.2.8/lib/active_record/connection_adapters/sqlite_adapter.rb:472:in `table_structure'
    /usr/local/rvm/gems/ruby-1.9.3-p194/gems/activerecord-3.2.8/lib/active_record/connection_adapters/sqlite_adapter.rb:346:in `columns'
    /usr/local/rvm/gems/ruby-1.9.3-p194/gems/activerecord-3.2.8/lib/active_record/fixtures.rb:660:in `column_names'
    /usr/local/rvm/gems/ruby-1.9.3-p194/gems/activerecord-3.2.8/lib/active_record/fixtures.rb:652:in `timestamp_column_names'
    /usr/local/rvm/gems/ruby-1.9.3-p194/gems/activerecord-3.2.8/lib/active_record/fixtures.rb:585:in `block in table_rows'
    /usr/local/rvm/gems/ruby-1.9.3-p194/gems/activerecord-3.2.8/lib/active_record/fixtures.rb:579:in `each'
    /usr/local/rvm/gems/ruby-1.9.3-p194/gems/activerecord-3.2.8/lib/active_record/fixtures.rb:579:in `map'
    /usr/local/rvm/gems/ruby-1.9.3-p194/gems/activerecord-3.2.8/lib/active_record/fixtures.rb:579:in `table_rows'
    /usr/local/rvm/gems/ruby-1.9.3-p194/gems/activerecord-3.2.8/lib/active_record/fixtures.rb:494:in `block (3 levels) in create_fixtures'
    /usr/local/rvm/gems/ruby-1.9.3-p194/gems/activerecord-3.2.8/lib/active_record/fixtures.rb:492:in `each'
    /usr/local/rvm/gems/ruby-1.9.3-p194/gems/activerecord-3.2.8/lib/active_record/fixtures.rb:492:in `block (2 levels) in create_fixtures'
    /usr/local/rvm/gems/ruby-1.9.3-p194/gems/activerecord-3.2.8/lib/active_record/connection_adapters/abstract/database_statements.rb:192:in `transaction'
    /usr/local/rvm/gems/ruby-1.9.3-p194/gems/activerecord-3.2.8/lib/active_record/fixtures.rb:491:in `block in create_fixtures'
    /usr/local/rvm/gems/ruby-1.9.3-p194/gems/activerecord-3.2.8/lib/active_record/connection_adapters/abstract_adapter.rb:168:in `disable_referential_integrity'
    /usr/local/rvm/gems/ruby-1.9.3-p194/gems/activerecord-3.2.8/lib/active_record/fixtures.rb:476:in `create_fixtures'
    /usr/local/rvm/gems/ruby-1.9.3-p194/gems/activerecord-3.2.8/lib/active_record/fixtures.rb:895:in `load_fixtures'
    /usr/local/rvm/gems/ruby-1.9.3-p194/gems/activerecord-3.2.8/lib/active_record/fixtures.rb:849:in `setup_fixtures'
    /usr/local/rvm/gems/ruby-1.9.3-p194/gems/activesupport-3.2.8/lib/active_support/callbacks.rb:429:in `_run__108694653__setup__427549419__callbacks'
    /usr/local/rvm/gems/ruby-1.9.3-p194/gems/activesupport-3.2.8/lib/active_support/callbacks.rb:405:in `__run_callback'
    /usr/local/rvm/gems/ruby-1.9.3-p194/gems/activesupport-3.2.8/lib/active_support/callbacks.rb:385:in `_run_setup_callbacks'
    /usr/local/rvm/gems/ruby-1.9.3-p194/gems/activesupport-3.2.8/lib/active_support/callbacks.rb:81:in `run_callbacks'
    /usr/local/rvm/gems/ruby-1.9.3-p194/gems/activesupport-3.2.8/lib/active_support/testing/setup_and_teardown.rb:35:in `run'

  2) Error:
test_should_get_home(PagesControllerTest):
ActiveRecord::StatementInvalid: Could not find table 'users'
    /usr/local/rvm/gems/ruby-1.9.3-p194/gems/activerecord-3.2.8/lib/active_record/connection_adapters/sqlite_adapter.rb:472:in `table_structure'
    /usr/local/rvm/gems/ruby-1.9.3-p194/gems/activerecord-3.2.8/lib/active_record/connection_adapters/sqlite_adapter.rb:346:in `columns'
    /usr/local/rvm/gems/ruby-1.9.3-p194/gems/activerecord-3.2.8/lib/active_record/fixtures.rb:660:in `column_names'
    /usr/local/rvm/gems/ruby-1.9.3-p194/gems/activerecord-3.2.8/lib/active_record/fixtures.rb:652:in `timestamp_column_names'
    /usr/local/rvm/gems/ruby-1.9.3-p194/gems/activerecord-3.2.8/lib/active_record/fixtures.rb:585:in `block in table_rows'
    /usr/local/rvm/gems/ruby-1.9.3-p194/gems/activerecord-3.2.8/lib/active_record/fixtures.rb:579:in `each'
    /usr/local/rvm/gems/ruby-1.9.3-p194/gems/activerecord-3.2.8/lib/active_record/fixtures.rb:579:in `map'
    /usr/local/rvm/gems/ruby-1.9.3-p194/gems/activerecord-3.2.8/lib/active_record/fixtures.rb:579:in `table_rows'
    /usr/local/rvm/gems/ruby-1.9.3-p194/gems/activerecord-3.2.8/lib/active_record/fixtures.rb:494:in `block (3 levels) in create_fixtures'
    /usr/local/rvm/gems/ruby-1.9.3-p194/gems/activerecord-3.2.8/lib/active_record/fixtures.rb:492:in `each'
    /usr/local/rvm/gems/ruby-1.9.3-p194/gems/activerecord-3.2.8/lib/active_record/fixtures.rb:492:in `block (2 levels) in create_fixtures'
    /usr/local/rvm/gems/ruby-1.9.3-p194/gems/activerecord-3.2.8/lib/active_record/connection_adapters/abstract/database_statements.rb:192:in `transaction'
    /usr/local/rvm/gems/ruby-1.9.3-p194/gems/activerecord-3.2.8/lib/active_record/fixtures.rb:491:in `block in create_fixtures'
    /usr/local/rvm/gems/ruby-1.9.3-p194/gems/activerecord-3.2.8/lib/active_record/connection_adapters/abstract_adapter.rb:168:in `disable_referential_integrity'
    /usr/local/rvm/gems/ruby-1.9.3-p194/gems/activerecord-3.2.8/lib/active_record/fixtures.rb:476:in `create_fixtures'
    /usr/local/rvm/gems/ruby-1.9.3-p194/gems/activerecord-3.2.8/lib/active_record/fixtures.rb:895:in `load_fixtures'
    /usr/local/rvm/gems/ruby-1.9.3-p194/gems/activerecord-3.2.8/lib/active_record/fixtures.rb:849:in `setup_fixtures'
    /usr/local/rvm/gems/ruby-1.9.3-p194/gems/activesupport-3.2.8/lib/active_support/callbacks.rb:429:in `_run__108694653__setup__427549419__callbacks'
    /usr/local/rvm/gems/ruby-1.9.3-p194/gems/activesupport-3.2.8/lib/active_support/callbacks.rb:405:in `__run_callback'
    /usr/local/rvm/gems/ruby-1.9.3-p194/gems/activesupport-3.2.8/lib/active_support/callbacks.rb:385:in `_run_setup_callbacks'
    /usr/local/rvm/gems/ruby-1.9.3-p194/gems/activesupport-3.2.8/lib/active_support/callbacks.rb:81:in `run_callbacks'
    /usr/local/rvm/gems/ruby-1.9.3-p194/gems/activesupport-3.2.8/lib/active_support/testing/setup_and_teardown.rb:35:in `run'

2 tests, 0 assertions, 0 failures, 2 errors, 0 skips
Run options: -n "/^(test_should_create_micropost|test_should_destroy_micropost|test_should_get_edit|test_should_get_index|test_should_get_new|test_should_show_micropost|test_should_update_micropost)$/"

# Running tests:

EEEEEEE

Finished tests in 0.105394s, 66.4177 tests/s, 0.0000 assertions/s.

  1) Error:
test_should_create_micropost(MicropostsControllerTest):
ActiveRecord::StatementInvalid: Could not find table 'users'
    /usr/local/rvm/gems/ruby-1.9.3-p194/gems/activerecord-3.2.8/lib/active_record/connection_adapters/sqlite_adapter.rb:472:in `table_structure'
    /usr/local/rvm/gems/ruby-1.9.3-p194/gems/activerecord-3.2.8/lib/active_record/connection_adapters/sqlite_adapter.rb:346:in `columns'
    /usr/local/rvm/gems/ruby-1.9.3-p194/gems/activerecord-3.2.8/lib/active_record/fixtures.rb:660:in `column_names'
    /usr/local/rvm/gems/ruby-1.9.3-p194/gems/activerecord-3.2.8/lib/active_record/fixtures.rb:652:in `timestamp_column_names'
    /usr/local/rvm/gems/ruby-1.9.3-p194/gems/activerecord-3.2.8/lib/active_record/fixtures.rb:585:in `block in table_rows'
    /usr/local/rvm/gems/ruby-1.9.3-p194/gems/activerecord-3.2.8/lib/active_record/fixtures.rb:579:in `each'
    /usr/local/rvm/gems/ruby-1.9.3-p194/gems/activerecord-3.2.8/lib/active_record/fixtures.rb:579:in `map'
    /usr/local/rvm/gems/ruby-1.9.3-p194/gems/activerecord-3.2.8/lib/active_record/fixtures.rb:579:in `table_rows'
    /usr/local/rvm/gems/ruby-1.9.3-p194/gems/activerecord-3.2.8/lib/active_record/fixtures.rb:494:in `block (3 levels) in create_fixtures'
    /usr/local/rvm/gems/ruby-1.9.3-p194/gems/activerecord-3.2.8/lib/active_record/fixtures.rb:492:in `each'
    /usr/local/rvm/gems/ruby-1.9.3-p194/gems/activerecord-3.2.8/lib/active_record/fixtures.rb:492:in `block (2 levels) in create_fixtures'
    /usr/local/rvm/gems/ruby-1.9.3-p194/gems/activerecord-3.2.8/lib/active_record/connection_adapters/abstract/database_statements.rb:192:in `transaction'
    /usr/local/rvm/gems/ruby-1.9.3-p194/gems/activerecord-3.2.8/lib/active_record/fixtures.rb:491:in `block in create_fixtures'
    /usr/local/rvm/gems/ruby-1.9.3-p194/gems/activerecord-3.2.8/lib/active_record/connection_adapters/abstract_adapter.rb:168:in `disable_referential_integrity'
    /usr/local/rvm/gems/ruby-1.9.3-p194/gems/activerecord-3.2.8/lib/active_record/fixtures.rb:476:in `create_fixtures'
    /usr/local/rvm/gems/ruby-1.9.3-p194/gems/activerecord-3.2.8/lib/active_record/fixtures.rb:895:in `load_fixtures'
    /usr/local/rvm/gems/ruby-1.9.3-p194/gems/activerecord-3.2.8/lib/active_record/fixtures.rb:849:in `setup_fixtures'
    /usr/local/rvm/gems/ruby-1.9.3-p194/gems/activesupport-3.2.8/lib/active_support/callbacks.rb:429:in `_run__900218552__setup__149722005__callbacks'
    /usr/local/rvm/gems/ruby-1.9.3-p194/gems/activesupport-3.2.8/lib/active_support/callbacks.rb:405:in `__run_callback'
    /usr/local/rvm/gems/ruby-1.9.3-p194/gems/activesupport-3.2.8/lib/active_support/callbacks.rb:385:in `_run_setup_callbacks'
    /usr/local/rvm/gems/ruby-1.9.3-p194/gems/activesupport-3.2.8/lib/active_support/callbacks.rb:81:in `run_callbacks'
    /usr/local/rvm/gems/ruby-1.9.3-p194/gems/activesupport-3.2.8/lib/active_support/testing/setup_and_teardown.rb:35:in `run'

  2) Error:
test_should_destroy_micropost(MicropostsControllerTest):
ActiveRecord::StatementInvalid: Could not find table 'users'
    /usr/local/rvm/gems/ruby-1.9.3-p194/gems/activerecord-3.2.8/lib/active_record/connection_adapters/sqlite_adapter.rb:472:in `table_structure'
    /usr/local/rvm/gems/ruby-1.9.3-p194/gems/activerecord-3.2.8/lib/active_record/connection_adapters/sqlite_adapter.rb:346:in `columns'
    /usr/local/rvm/gems/ruby-1.9.3-p194/gems/activerecord-3.2.8/lib/active_record/fixtures.rb:660:in `column_names'
    /usr/local/rvm/gems/ruby-1.9.3-p194/gems/activerecord-3.2.8/lib/active_record/fixtures.rb:652:in `timestamp_column_names'
    /usr/local/rvm/gems/ruby-1.9.3-p194/gems/activerecord-3.2.8/lib/active_record/fixtures.rb:585:in `block in table_rows'
    /usr/local/rvm/gems/ruby-1.9.3-p194/gems/activerecord-3.2.8/lib/active_record/fixtures.rb:579:in `each'
    /usr/local/rvm/gems/ruby-1.9.3-p194/gems/activerecord-3.2.8/lib/active_record/fixtures.rb:579:in `map'
    /usr/local/rvm/gems/ruby-1.9.3-p194/gems/activerecord-3.2.8/lib/active_record/fixtures.rb:579:in `table_rows'
    /usr/local/rvm/gems/ruby-1.9.3-p194/gems/activerecord-3.2.8/lib/active_record/fixtures.rb:494:in `block (3 levels) in create_fixtures'
    /usr/local/rvm/gems/ruby-1.9.3-p194/gems/activerecord-3.2.8/lib/active_record/fixtures.rb:492:in `each'
    /usr/local/rvm/gems/ruby-1.9.3-p194/gems/activerecord-3.2.8/lib/active_record/fixtures.rb:492:in `block (2 levels) in create_fixtures'
    /usr/local/rvm/gems/ruby-1.9.3-p194/gems/activerecord-3.2.8/lib/active_record/connection_adapters/abstract/database_statements.rb:192:in `transaction'
    /usr/local/rvm/gems/ruby-1.9.3-p194/gems/activerecord-3.2.8/lib/active_record/fixtures.rb:491:in `block in create_fixtures'
    /usr/local/rvm/gems/ruby-1.9.3-p194/gems/activerecord-3.2.8/lib/active_record/connection_adapters/abstract_adapter.rb:168:in `disable_referential_integrity'
    /usr/local/rvm/gems/ruby-1.9.3-p194/gems/activerecord-3.2.8/lib/active_record/fixtures.rb:476:in `create_fixtures'
    /usr/local/rvm/gems/ruby-1.9.3-p194/gems/activerecord-3.2.8/lib/active_record/fixtures.rb:895:in `load_fixtures'
    /usr/local/rvm/gems/ruby-1.9.3-p194/gems/activerecord-3.2.8/lib/active_record/fixtures.rb:849:in `setup_fixtures'
    /usr/local/rvm/gems/ruby-1.9.3-p194/gems/activesupport-3.2.8/lib/active_support/callbacks.rb:429:in `_run__900218552__setup__149722005__callbacks'
    /usr/local/rvm/gems/ruby-1.9.3-p194/gems/activesupport-3.2.8/lib/active_support/callbacks.rb:405:in `__run_callback'
    /usr/local/rvm/gems/ruby-1.9.3-p194/gems/activesupport-3.2.8/lib/active_support/callbacks.rb:385:in `_run_setup_callbacks'
    /usr/local/rvm/gems/ruby-1.9.3-p194/gems/activesupport-3.2.8/lib/active_support/callbacks.rb:81:in `run_callbacks'
    /usr/local/rvm/gems/ruby-1.9.3-p194/gems/activesupport-3.2.8/lib/active_support/testing/setup_and_teardown.rb:35:in `run'

  3) Error:
test_should_get_edit(MicropostsControllerTest):
ActiveRecord::StatementInvalid: Could not find table 'users'
    /usr/local/rvm/gems/ruby-1.9.3-p194/gems/activerecord-3.2.8/lib/active_record/connection_adapters/sqlite_adapter.rb:472:in `table_structure'
    /usr/local/rvm/gems/ruby-1.9.3-p194/gems/activerecord-3.2.8/lib/active_record/connection_adapters/sqlite_adapter.rb:346:in `columns'
    /usr/local/rvm/gems/ruby-1.9.3-p194/gems/activerecord-3.2.8/lib/active_record/fixtures.rb:660:in `column_names'
    /usr/local/rvm/gems/ruby-1.9.3-p194/gems/activerecord-3.2.8/lib/active_record/fixtures.rb:652:in `timestamp_column_names'
    /usr/local/rvm/gems/ruby-1.9.3-p194/gems/activerecord-3.2.8/lib/active_record/fixtures.rb:585:in `block in table_rows'
    /usr/local/rvm/gems/ruby-1.9.3-p194/gems/activerecord-3.2.8/lib/active_record/fixtures.rb:579:in `each'
    /usr/local/rvm/gems/ruby-1.9.3-p194/gems/activerecord-3.2.8/lib/active_record/fixtures.rb:579:in `map'
    /usr/local/rvm/gems/ruby-1.9.3-p194/gems/activerecord-3.2.8/lib/active_record/fixtures.rb:579:in `table_rows'
    /usr/local/rvm/gems/ruby-1.9.3-p194/gems/activerecord-3.2.8/lib/active_record/fixtures.rb:494:in `block (3 levels) in create_fixtures'
    /usr/local/rvm/gems/ruby-1.9.3-p194/gems/activerecord-3.2.8/lib/active_record/fixtures.rb:492:in `each'
    /usr/local/rvm/gems/ruby-1.9.3-p194/gems/activerecord-3.2.8/lib/active_record/fixtures.rb:492:in `block (2 levels) in create_fixtures'
    /usr/local/rvm/gems/ruby-1.9.3-p194/gems/activerecord-3.2.8/lib/active_record/connection_adapters/abstract/database_statements.rb:192:in `transaction'
    /usr/local/rvm/gems/ruby-1.9.3-p194/gems/activerecord-3.2.8/lib/active_record/fixtures.rb:491:in `block in create_fixtures'
    /usr/local/rvm/gems/ruby-1.9.3-p194/gems/activerecord-3.2.8/lib/active_record/connection_adapters/abstract_adapter.rb:168:in `disable_referential_integrity'
    /usr/local/rvm/gems/ruby-1.9.3-p194/gems/activerecord-3.2.8/lib/active_record/fixtures.rb:476:in `create_fixtures'
    /usr/local/rvm/gems/ruby-1.9.3-p194/gems/activerecord-3.2.8/lib/active_record/fixtures.rb:895:in `load_fixtures'
    /usr/local/rvm/gems/ruby-1.9.3-p194/gems/activerecord-3.2.8/lib/active_record/fixtures.rb:849:in `setup_fixtures'
    /usr/local/rvm/gems/ruby-1.9.3-p194/gems/activesupport-3.2.8/lib/active_support/callbacks.rb:429:in `_run__900218552__setup__149722005__callbacks'
    /usr/local/rvm/gems/ruby-1.9.3-p194/gems/activesupport-3.2.8/lib/active_support/callbacks.rb:405:in `__run_callback'
    /usr/local/rvm/gems/ruby-1.9.3-p194/gems/activesupport-3.2.8/lib/active_support/callbacks.rb:385:in `_run_setup_callbacks'
    /usr/local/rvm/gems/ruby-1.9.3-p194/gems/activesupport-3.2.8/lib/active_support/callbacks.rb:81:in `run_callbacks'
    /usr/local/rvm/gems/ruby-1.9.3-p194/gems/activesupport-3.2.8/lib/active_support/testing/setup_and_teardown.rb:35:in `run'

  4) Error:
test_should_get_index(MicropostsControllerTest):
ActiveRecord::StatementInvalid: Could not find table 'users'
    /usr/local/rvm/gems/ruby-1.9.3-p194/gems/activerecord-3.2.8/lib/active_record/connection_adapters/sqlite_adapter.rb:472:in `table_structure'
    /usr/local/rvm/gems/ruby-1.9.3-p194/gems/activerecord-3.2.8/lib/active_record/connection_adapters/sqlite_adapter.rb:346:in `columns'
    /usr/local/rvm/gems/ruby-1.9.3-p194/gems/activerecord-3.2.8/lib/active_record/fixtures.rb:660:in `column_names'
    /usr/local/rvm/gems/ruby-1.9.3-p194/gems/activerecord-3.2.8/lib/active_record/fixtures.rb:652:in `timestamp_column_names'
    /usr/local/rvm/gems/ruby-1.9.3-p194/gems/activerecord-3.2.8/lib/active_record/fixtures.rb:585:in `block in table_rows'
    /usr/local/rvm/gems/ruby-1.9.3-p194/gems/activerecord-3.2.8/lib/active_record/fixtures.rb:579:in `each'
    /usr/local/rvm/gems/ruby-1.9.3-p194/gems/activerecord-3.2.8/lib/active_record/fixtures.rb:579:in `map'
    /usr/local/rvm/gems/ruby-1.9.3-p194/gems/activerecord-3.2.8/lib/active_record/fixtures.rb:579:in `table_rows'
    /usr/local/rvm/gems/ruby-1.9.3-p194/gems/activerecord-3.2.8/lib/active_record/fixtures.rb:494:in `block (3 levels) in create_fixtures'
    /usr/local/rvm/gems/ruby-1.9.3-p194/gems/activerecord-3.2.8/lib/active_record/fixtures.rb:492:in `each'
    /usr/local/rvm/gems/ruby-1.9.3-p194/gems/activerecord-3.2.8/lib/active_record/fixtures.rb:492:in `block (2 levels) in create_fixtures'
    /usr/local/rvm/gems/ruby-1.9.3-p194/gems/activerecord-3.2.8/lib/active_record/connection_adapters/abstract/database_statements.rb:192:in `transaction'
    /usr/local/rvm/gems/ruby-1.9.3-p194/gems/activerecord-3.2.8/lib/active_record/fixtures.rb:491:in `block in create_fixtures'
    /usr/local/rvm/gems/ruby-1.9.3-p194/gems/activerecord-3.2.8/lib/active_record/connection_adapters/abstract_adapter.rb:168:in `disable_referential_integrity'
    /usr/local/rvm/gems/ruby-1.9.3-p194/gems/activerecord-3.2.8/lib/active_record/fixtures.rb:476:in `create_fixtures'
    /usr/local/rvm/gems/ruby-1.9.3-p194/gems/activerecord-3.2.8/lib/active_record/fixtures.rb:895:in `load_fixtures'
    /usr/local/rvm/gems/ruby-1.9.3-p194/gems/activerecord-3.2.8/lib/active_record/fixtures.rb:849:in `setup_fixtures'
    /usr/local/rvm/gems/ruby-1.9.3-p194/gems/activesupport-3.2.8/lib/active_support/callbacks.rb:429:in `_run__900218552__setup__149722005__callbacks'
    /usr/local/rvm/gems/ruby-1.9.3-p194/gems/activesupport-3.2.8/lib/active_support/callbacks.rb:405:in `__run_callback'
    /usr/local/rvm/gems/ruby-1.9.3-p194/gems/activesupport-3.2.8/lib/active_support/callbacks.rb:385:in `_run_setup_callbacks'
    /usr/local/rvm/gems/ruby-1.9.3-p194/gems/activesupport-3.2.8/lib/active_support/callbacks.rb:81:in `run_callbacks'
    /usr/local/rvm/gems/ruby-1.9.3-p194/gems/activesupport-3.2.8/lib/active_support/testing/setup_and_teardown.rb:35:in `run'

  5) Error:
test_should_get_new(MicropostsControllerTest):
ActiveRecord::StatementInvalid: Could not find table 'users'
    /usr/local/rvm/gems/ruby-1.9.3-p194/gems/activerecord-3.2.8/lib/active_record/connection_adapters/sqlite_adapter.rb:472:in `table_structure'
    /usr/local/rvm/gems/ruby-1.9.3-p194/gems/activerecord-3.2.8/lib/active_record/connection_adapters/sqlite_adapter.rb:346:in `columns'
    /usr/local/rvm/gems/ruby-1.9.3-p194/gems/activerecord-3.2.8/lib/active_record/fixtures.rb:660:in `column_names'
    /usr/local/rvm/gems/ruby-1.9.3-p194/gems/activerecord-3.2.8/lib/active_record/fixtures.rb:652:in `timestamp_column_names'
    /usr/local/rvm/gems/ruby-1.9.3-p194/gems/activerecord-3.2.8/lib/active_record/fixtures.rb:585:in `block in table_rows'
    /usr/local/rvm/gems/ruby-1.9.3-p194/gems/activerecord-3.2.8/lib/active_record/fixtures.rb:579:in `each'
    /usr/local/rvm/gems/ruby-1.9.3-p194/gems/activerecord-3.2.8/lib/active_record/fixtures.rb:579:in `map'
    /usr/local/rvm/gems/ruby-1.9.3-p194/gems/activerecord-3.2.8/lib/active_record/fixtures.rb:579:in `table_rows'
    /usr/local/rvm/gems/ruby-1.9.3-p194/gems/activerecord-3.2.8/lib/active_record/fixtures.rb:494:in `block (3 levels) in create_fixtures'
    /usr/local/rvm/gems/ruby-1.9.3-p194/gems/activerecord-3.2.8/lib/active_record/fixtures.rb:492:in `each'
    /usr/local/rvm/gems/ruby-1.9.3-p194/gems/activerecord-3.2.8/lib/active_record/fixtures.rb:492:in `block (2 levels) in create_fixtures'
    /usr/local/rvm/gems/ruby-1.9.3-p194/gems/activerecord-3.2.8/lib/active_record/connection_adapters/abstract/database_statements.rb:192:in `transaction'
    /usr/local/rvm/gems/ruby-1.9.3-p194/gems/activerecord-3.2.8/lib/active_record/fixtures.rb:491:in `block in create_fixtures'
    /usr/local/rvm/gems/ruby-1.9.3-p194/gems/activerecord-3.2.8/lib/active_record/connection_adapters/abstract_adapter.rb:168:in `disable_referential_integrity'
    /usr/local/rvm/gems/ruby-1.9.3-p194/gems/activerecord-3.2.8/lib/active_record/fixtures.rb:476:in `create_fixtures'
    /usr/local/rvm/gems/ruby-1.9.3-p194/gems/activerecord-3.2.8/lib/active_record/fixtures.rb:895:in `load_fixtures'
    /usr/local/rvm/gems/ruby-1.9.3-p194/gems/activerecord-3.2.8/lib/active_record/fixtures.rb:849:in `setup_fixtures'
    /usr/local/rvm/gems/ruby-1.9.3-p194/gems/activesupport-3.2.8/lib/active_support/callbacks.rb:429:in `_run__900218552__setup__149722005__callbacks'
    /usr/local/rvm/gems/ruby-1.9.3-p194/gems/activesupport-3.2.8/lib/active_support/callbacks.rb:405:in `__run_callback'
    /usr/local/rvm/gems/ruby-1.9.3-p194/gems/activesupport-3.2.8/lib/active_support/callbacks.rb:385:in `_run_setup_callbacks'
    /usr/local/rvm/gems/ruby-1.9.3-p194/gems/activesupport-3.2.8/lib/active_support/callbacks.rb:81:in `run_callbacks'
    /usr/local/rvm/gems/ruby-1.9.3-p194/gems/activesupport-3.2.8/lib/active_support/testing/setup_and_teardown.rb:35:in `run'

  6) Error:
test_should_show_micropost(MicropostsControllerTest):
ActiveRecord::StatementInvalid: Could not find table 'users'
    /usr/local/rvm/gems/ruby-1.9.3-p194/gems/activerecord-3.2.8/lib/active_record/connection_adapters/sqlite_adapter.rb:472:in `table_structure'
    /usr/local/rvm/gems/ruby-1.9.3-p194/gems/activerecord-3.2.8/lib/active_record/connection_adapters/sqlite_adapter.rb:346:in `columns'
    /usr/local/rvm/gems/ruby-1.9.3-p194/gems/activerecord-3.2.8/lib/active_record/fixtures.rb:660:in `column_names'
    /usr/local/rvm/gems/ruby-1.9.3-p194/gems/activerecord-3.2.8/lib/active_record/fixtures.rb:652:in `timestamp_column_names'
    /usr/local/rvm/gems/ruby-1.9.3-p194/gems/activerecord-3.2.8/lib/active_record/fixtures.rb:585:in `block in table_rows'
    /usr/local/rvm/gems/ruby-1.9.3-p194/gems/activerecord-3.2.8/lib/active_record/fixtures.rb:579:in `each'
    /usr/local/rvm/gems/ruby-1.9.3-p194/gems/activerecord-3.2.8/lib/active_record/fixtures.rb:579:in `map'
    /usr/local/rvm/gems/ruby-1.9.3-p194/gems/activerecord-3.2.8/lib/active_record/fixtures.rb:579:in `table_rows'
    /usr/local/rvm/gems/ruby-1.9.3-p194/gems/activerecord-3.2.8/lib/active_record/fixtures.rb:494:in `block (3 levels) in create_fixtures'
    /usr/local/rvm/gems/ruby-1.9.3-p194/gems/activerecord-3.2.8/lib/active_record/fixtures.rb:492:in `each'
    /usr/local/rvm/gems/ruby-1.9.3-p194/gems/activerecord-3.2.8/lib/active_record/fixtures.rb:492:in `block (2 levels) in create_fixtures'
    /usr/local/rvm/gems/ruby-1.9.3-p194/gems/activerecord-3.2.8/lib/active_record/connection_adapters/abstract/database_statements.rb:192:in `transaction'
    /usr/local/rvm/gems/ruby-1.9.3-p194/gems/activerecord-3.2.8/lib/active_record/fixtures.rb:491:in `block in create_fixtures'
    /usr/local/rvm/gems/ruby-1.9.3-p194/gems/activerecord-3.2.8/lib/active_record/connection_adapters/abstract_adapter.rb:168:in `disable_referential_integrity'
    /usr/local/rvm/gems/ruby-1.9.3-p194/gems/activerecord-3.2.8/lib/active_record/fixtures.rb:476:in `create_fixtures'
    /usr/local/rvm/gems/ruby-1.9.3-p194/gems/activerecord-3.2.8/lib/active_record/fixtures.rb:895:in `load_fixtures'
    /usr/local/rvm/gems/ruby-1.9.3-p194/gems/activerecord-3.2.8/lib/active_record/fixtures.rb:849:in `setup_fixtures'
    /usr/local/rvm/gems/ruby-1.9.3-p194/gems/activesupport-3.2.8/lib/active_support/callbacks.rb:429:in `_run__900218552__setup__149722005__callbacks'
    /usr/local/rvm/gems/ruby-1.9.3-p194/gems/activesupport-3.2.8/lib/active_support/callbacks.rb:405:in `__run_callback'
    /usr/local/rvm/gems/ruby-1.9.3-p194/gems/activesupport-3.2.8/lib/active_support/callbacks.rb:385:in `_run_setup_callbacks'
    /usr/local/rvm/gems/ruby-1.9.3-p194/gems/activesupport-3.2.8/lib/active_support/callbacks.rb:81:in `run_callbacks'
    /usr/local/rvm/gems/ruby-1.9.3-p194/gems/activesupport-3.2.8/lib/active_support/testing/setup_and_teardown.rb:35:in `run'

  7) Error:
test_should_update_micropost(MicropostsControllerTest):
ActiveRecord::StatementInvalid: Could not find table 'users'
    /usr/local/rvm/gems/ruby-1.9.3-p194/gems/activerecord-3.2.8/lib/active_record/connection_adapters/sqlite_adapter.rb:472:in `table_structure'
    /usr/local/rvm/gems/ruby-1.9.3-p194/gems/activerecord-3.2.8/lib/active_record/connection_adapters/sqlite_adapter.rb:346:in `columns'
    /usr/local/rvm/gems/ruby-1.9.3-p194/gems/activerecord-3.2.8/lib/active_record/fixtures.rb:660:in `column_names'
    /usr/local/rvm/gems/ruby-1.9.3-p194/gems/activerecord-3.2.8/lib/active_record/fixtures.rb:652:in `timestamp_column_names'
    /usr/local/rvm/gems/ruby-1.9.3-p194/gems/activerecord-3.2.8/lib/active_record/fixtures.rb:585:in `block in table_rows'
    /usr/local/rvm/gems/ruby-1.9.3-p194/gems/activerecord-3.2.8/lib/active_record/fixtures.rb:579:in `each'
    /usr/local/rvm/gems/ruby-1.9.3-p194/gems/activerecord-3.2.8/lib/active_record/fixtures.rb:579:in `map'
    /usr/local/rvm/gems/ruby-1.9.3-p194/gems/activerecord-3.2.8/lib/active_record/fixtures.rb:579:in `table_rows'
    /usr/local/rvm/gems/ruby-1.9.3-p194/gems/activerecord-3.2.8/lib/active_record/fixtures.rb:494:in `block (3 levels) in create_fixtures'
    /usr/local/rvm/gems/ruby-1.9.3-p194/gems/activerecord-3.2.8/lib/active_record/fixtures.rb:492:in `each'
    /usr/local/rvm/gems/ruby-1.9.3-p194/gems/activerecord-3.2.8/lib/active_record/fixtures.rb:492:in `block (2 levels) in create_fixtures'
    /usr/local/rvm/gems/ruby-1.9.3-p194/gems/activerecord-3.2.8/lib/active_record/connection_adapters/abstract/database_statements.rb:192:in `transaction'
    /usr/local/rvm/gems/ruby-1.9.3-p194/gems/activerecord-3.2.8/lib/active_record/fixtures.rb:491:in `block in create_fixtures'
    /usr/local/rvm/gems/ruby-1.9.3-p194/gems/activerecord-3.2.8/lib/active_record/connection_adapters/abstract_adapter.rb:168:in `disable_referential_integrity'
    /usr/local/rvm/gems/ruby-1.9.3-p194/gems/activerecord-3.2.8/lib/active_record/fixtures.rb:476:in `create_fixtures'
    /usr/local/rvm/gems/ruby-1.9.3-p194/gems/activerecord-3.2.8/lib/active_record/fixtures.rb:895:in `load_fixtures'
    /usr/local/rvm/gems/ruby-1.9.3-p194/gems/activerecord-3.2.8/lib/active_record/fixtures.rb:849:in `setup_fixtures'
    /usr/local/rvm/gems/ruby-1.9.3-p194/gems/activesupport-3.2.8/lib/active_support/callbacks.rb:429:in `_run__900218552__setup__149722005__callbacks'
    /usr/local/rvm/gems/ruby-1.9.3-p194/gems/activesupport-3.2.8/lib/active_support/callbacks.rb:405:in `__run_callback'
    /usr/local/rvm/gems/ruby-1.9.3-p194/gems/activesupport-3.2.8/lib/active_support/callbacks.rb:385:in `_run_setup_callbacks'
    /usr/local/rvm/gems/ruby-1.9.3-p194/gems/activesupport-3.2.8/lib/active_support/callbacks.rb:81:in `run_callbacks'
    /usr/local/rvm/gems/ruby-1.9.3-p194/gems/activesupport-3.2.8/lib/active_support/testing/setup_and_teardown.rb:35:in `run'

7 tests, 0 assertions, 0 failures, 7 errors, 0 skips
/usr/local/rvm/rubies/ruby-1.9.3-p194/bin/ruby -I.:lib:test -rubygems -e "%w[test/unit test/unit/user_test.rb test/unit/micropost_test.rb].each { |f| require f }"; /usr/local/rvm/rubies/ruby-1.9.3-p194/bin/ruby -I.:lib:test -rubygems test/functional/users_controller_test.rb -n "/^(test_should_create_user|test_should_destroy_user|test_should_get_edit|test_should_get_index|test_should_get_new|test_should_show_user|test_should_update_user)$/"; /usr/local/rvm/rubies/ruby-1.9.3-p194/bin/ruby -I.:lib:test -rubygems test/functional/pages_controller_test.rb -n "/^(test_should_get_contact|test_should_get_home)$/"; /usr/local/rvm/rubies/ruby-1.9.3-p194/bin/ruby -I.:lib:test -rubygems test/functional/microposts_controller_test.rb -n "/^(test_should_create_micropost|test_should_destroy_micropost|test_should_get_edit|test_should_get_index|test_should_get_new|test_should_show_micropost|test_should_update_micropost)$/"
Run options: 

# Running tests:



Finished tests in 0.002115s, 0.0000 tests/s, 0.0000 assertions/s.

0 tests, 0 assertions, 0 failures, 0 errors, 0 skips
Run options: -n "/^(test_should_create_user|test_should_destroy_user|test_should_get_edit|test_should_get_index|test_should_get_new|test_should_show_user|test_should_update_user)$/"

# Running tests:

EEEEEEE

Finished tests in 0.111008s, 63.0584 tests/s, 0.0000 assertions/s.

  1) Error:
test_should_create_user(UsersControllerTest):
ActiveRecord::StatementInvalid: Could not find table 'users'
    /usr/local/rvm/gems/ruby-1.9.3-p194/gems/activerecord-3.2.8/lib/active_record/connection_adapters/sqlite_adapter.rb:472:in `table_structure'
    /usr/local/rvm/gems/ruby-1.9.3-p194/gems/activerecord-3.2.8/lib/active_record/connection_adapters/sqlite_adapter.rb:346:in `columns'
    /usr/local/rvm/gems/ruby-1.9.3-p194/gems/activerecord-3.2.8/lib/active_record/fixtures.rb:660:in `column_names'
    /usr/local/rvm/gems/ruby-1.9.3-p194/gems/activerecord-3.2.8/lib/active_record/fixtures.rb:652:in `timestamp_column_names'
    /usr/local/rvm/gems/ruby-1.9.3-p194/gems/activerecord-3.2.8/lib/active_record/fixtures.rb:585:in `block in table_rows'
    /usr/local/rvm/gems/ruby-1.9.3-p194/gems/activerecord-3.2.8/lib/active_record/fixtures.rb:579:in `each'
    /usr/local/rvm/gems/ruby-1.9.3-p194/gems/activerecord-3.2.8/lib/active_record/fixtures.rb:579:in `map'
    /usr/local/rvm/gems/ruby-1.9.3-p194/gems/activerecord-3.2.8/lib/active_record/fixtures.rb:579:in `table_rows'
    /usr/local/rvm/gems/ruby-1.9.3-p194/gems/activerecord-3.2.8/lib/active_record/fixtures.rb:494:in `block (3 levels) in create_fixtures'
    /usr/local/rvm/gems/ruby-1.9.3-p194/gems/activerecord-3.2.8/lib/active_record/fixtures.rb:492:in `each'
    /usr/local/rvm/gems/ruby-1.9.3-p194/gems/activerecord-3.2.8/lib/active_record/fixtures.rb:492:in `block (2 levels) in create_fixtures'
    /usr/local/rvm/gems/ruby-1.9.3-p194/gems/activerecord-3.2.8/lib/active_record/connection_adapters/abstract/database_statements.rb:192:in `transaction'
    /usr/local/rvm/gems/ruby-1.9.3-p194/gems/activerecord-3.2.8/lib/active_record/fixtures.rb:491:in `block in create_fixtures'
    /usr/local/rvm/gems/ruby-1.9.3-p194/gems/activerecord-3.2.8/lib/active_record/connection_adapters/abstract_adapter.rb:168:in `disable_referential_integrity'
    /usr/local/rvm/gems/ruby-1.9.3-p194/gems/activerecord-3.2.8/lib/active_record/fixtures.rb:476:in `create_fixtures'
    /usr/local/rvm/gems/ruby-1.9.3-p194/gems/activerecord-3.2.8/lib/active_record/fixtures.rb:895:in `load_fixtures'
    /usr/local/rvm/gems/ruby-1.9.3-p194/gems/activerecord-3.2.8/lib/active_record/fixtures.rb:849:in `setup_fixtures'
    /usr/local/rvm/gems/ruby-1.9.3-p194/gems/activesupport-3.2.8/lib/active_support/callbacks.rb:429:in `_run__190242525__setup__964690958__callbacks'
    /usr/local/rvm/gems/ruby-1.9.3-p194/gems/activesupport-3.2.8/lib/active_support/callbacks.rb:405:in `__run_callback'
    /usr/local/rvm/gems/ruby-1.9.3-p194/gems/activesupport-3.2.8/lib/active_support/callbacks.rb:385:in `_run_setup_callbacks'
    /usr/local/rvm/gems/ruby-1.9.3-p194/gems/activesupport-3.2.8/lib/active_support/callbacks.rb:81:in `run_callbacks'
    /usr/local/rvm/gems/ruby-1.9.3-p194/gems/activesupport-3.2.8/lib/active_support/testing/setup_and_teardown.rb:35:in `run'

  2) Error:
test_should_destroy_user(UsersControllerTest):
ActiveRecord::StatementInvalid: Could not find table 'users'
    /usr/local/rvm/gems/ruby-1.9.3-p194/gems/activerecord-3.2.8/lib/active_record/connection_adapters/sqlite_adapter.rb:472:in `table_structure'
    /usr/local/rvm/gems/ruby-1.9.3-p194/gems/activerecord-3.2.8/lib/active_record/connection_adapters/sqlite_adapter.rb:346:in `columns'
    /usr/local/rvm/gems/ruby-1.9.3-p194/gems/activerecord-3.2.8/lib/active_record/fixtures.rb:660:in `column_names'
    /usr/local/rvm/gems/ruby-1.9.3-p194/gems/activerecord-3.2.8/lib/active_record/fixtures.rb:652:in `timestamp_column_names'
    /usr/local/rvm/gems/ruby-1.9.3-p194/gems/activerecord-3.2.8/lib/active_record/fixtures.rb:585:in `block in table_rows'
    /usr/local/rvm/gems/ruby-1.9.3-p194/gems/activerecord-3.2.8/lib/active_record/fixtures.rb:579:in `each'
    /usr/local/rvm/gems/ruby-1.9.3-p194/gems/activerecord-3.2.8/lib/active_record/fixtures.rb:579:in `map'
    /usr/local/rvm/gems/ruby-1.9.3-p194/gems/activerecord-3.2.8/lib/active_record/fixtures.rb:579:in `table_rows'
    /usr/local/rvm/gems/ruby-1.9.3-p194/gems/activerecord-3.2.8/lib/active_record/fixtures.rb:494:in `block (3 levels) in create_fixtures'
    /usr/local/rvm/gems/ruby-1.9.3-p194/gems/activerecord-3.2.8/lib/active_record/fixtures.rb:492:in `each'
    /usr/local/rvm/gems/ruby-1.9.3-p194/gems/activerecord-3.2.8/lib/active_record/fixtures.rb:492:in `block (2 levels) in create_fixtures'
    /usr/local/rvm/gems/ruby-1.9.3-p194/gems/activerecord-3.2.8/lib/active_record/connection_adapters/abstract/database_statements.rb:192:in `transaction'
    /usr/local/rvm/gems/ruby-1.9.3-p194/gems/activerecord-3.2.8/lib/active_record/fixtures.rb:491:in `block in create_fixtures'
    /usr/local/rvm/gems/ruby-1.9.3-p194/gems/activerecord-3.2.8/lib/active_record/connection_adapters/abstract_adapter.rb:168:in `disable_referential_integrity'
    /usr/local/rvm/gems/ruby-1.9.3-p194/gems/activerecord-3.2.8/lib/active_record/fixtures.rb:476:in `create_fixtures'
    /usr/local/rvm/gems/ruby-1.9.3-p194/gems/activerecord-3.2.8/lib/active_record/fixtures.rb:895:in `load_fixtures'
    /usr/local/rvm/gems/ruby-1.9.3-p194/gems/activerecord-3.2.8/lib/active_record/fixtures.rb:849:in `setup_fixtures'
    /usr/local/rvm/gems/ruby-1.9.3-p194/gems/activesupport-3.2.8/lib/active_support/callbacks.rb:429:in `_run__190242525__setup__964690958__callbacks'
    /usr/local/rvm/gems/ruby-1.9.3-p194/gems/activesupport-3.2.8/lib/active_support/callbacks.rb:405:in `__run_callback'
    /usr/local/rvm/gems/ruby-1.9.3-p194/gems/activesupport-3.2.8/lib/active_support/callbacks.rb:385:in `_run_setup_callbacks'
    /usr/local/rvm/gems/ruby-1.9.3-p194/gems/activesupport-3.2.8/lib/active_support/callbacks.rb:81:in `run_callbacks'
    /usr/local/rvm/gems/ruby-1.9.3-p194/gems/activesupport-3.2.8/lib/active_support/testing/setup_and_teardown.rb:35:in `run'

  3) Error:
test_should_get_edit(UsersControllerTest):
ActiveRecord::StatementInvalid: Could not find table 'users'
    /usr/local/rvm/gems/ruby-1.9.3-p194/gems/activerecord-3.2.8/lib/active_record/connection_adapters/sqlite_adapter.rb:472:in `table_structure'
    /usr/local/rvm/gems/ruby-1.9.3-p194/gems/activerecord-3.2.8/lib/active_record/connection_adapters/sqlite_adapter.rb:346:in `columns'
    /usr/local/rvm/gems/ruby-1.9.3-p194/gems/activerecord-3.2.8/lib/active_record/fixtures.rb:660:in `column_names'
    /usr/local/rvm/gems/ruby-1.9.3-p194/gems/activerecord-3.2.8/lib/active_record/fixtures.rb:652:in `timestamp_column_names'
    /usr/local/rvm/gems/ruby-1.9.3-p194/gems/activerecord-3.2.8/lib/active_record/fixtures.rb:585:in `block in table_rows'
    /usr/local/rvm/gems/ruby-1.9.3-p194/gems/activerecord-3.2.8/lib/active_record/fixtures.rb:579:in `each'
    /usr/local/rvm/gems/ruby-1.9.3-p194/gems/activerecord-3.2.8/lib/active_record/fixtures.rb:579:in `map'
    /usr/local/rvm/gems/ruby-1.9.3-p194/gems/activerecord-3.2.8/lib/active_record/fixtures.rb:579:in `table_rows'
    /usr/local/rvm/gems/ruby-1.9.3-p194/gems/activerecord-3.2.8/lib/active_record/fixtures.rb:494:in `block (3 levels) in create_fixtures'
    /usr/local/rvm/gems/ruby-1.9.3-p194/gems/activerecord-3.2.8/lib/active_record/fixtures.rb:492:in `each'
    /usr/local/rvm/gems/ruby-1.9.3-p194/gems/activerecord-3.2.8/lib/active_record/fixtures.rb:492:in `block (2 levels) in create_fixtures'
    /usr/local/rvm/gems/ruby-1.9.3-p194/gems/activerecord-3.2.8/lib/active_record/connection_adapters/abstract/database_statements.rb:192:in `transaction'
    /usr/local/rvm/gems/ruby-1.9.3-p194/gems/activerecord-3.2.8/lib/active_record/fixtures.rb:491:in `block in create_fixtures'
    /usr/local/rvm/gems/ruby-1.9.3-p194/gems/activerecord-3.2.8/lib/active_record/connection_adapters/abstract_adapter.rb:168:in `disable_referential_integrity'
    /usr/local/rvm/gems/ruby-1.9.3-p194/gems/activerecord-3.2.8/lib/active_record/fixtures.rb:476:in `create_fixtures'
    /usr/local/rvm/gems/ruby-1.9.3-p194/gems/activerecord-3.2.8/lib/active_record/fixtures.rb:895:in `load_fixtures'
    /usr/local/rvm/gems/ruby-1.9.3-p194/gems/activerecord-3.2.8/lib/active_record/fixtures.rb:849:in `setup_fixtures'
    /usr/local/rvm/gems/ruby-1.9.3-p194/gems/activesupport-3.2.8/lib/active_support/callbacks.rb:429:in `_run__190242525__setup__964690958__callbacks'
    /usr/local/rvm/gems/ruby-1.9.3-p194/gems/activesupport-3.2.8/lib/active_support/callbacks.rb:405:in `__run_callback'
    /usr/local/rvm/gems/ruby-1.9.3-p194/gems/activesupport-3.2.8/lib/active_support/callbacks.rb:385:in `_run_setup_callbacks'
    /usr/local/rvm/gems/ruby-1.9.3-p194/gems/activesupport-3.2.8/lib/active_support/callbacks.rb:81:in `run_callbacks'
    /usr/local/rvm/gems/ruby-1.9.3-p194/gems/activesupport-3.2.8/lib/active_support/testing/setup_and_teardown.rb:35:in `run'

  4) Error:
test_should_get_index(UsersControllerTest):
ActiveRecord::StatementInvalid: Could not find table 'users'
    /usr/local/rvm/gems/ruby-1.9.3-p194/gems/activerecord-3.2.8/lib/active_record/connection_adapters/sqlite_adapter.rb:472:in `table_structure'
    /usr/local/rvm/gems/ruby-1.9.3-p194/gems/activerecord-3.2.8/lib/active_record/connection_adapters/sqlite_adapter.rb:346:in `columns'
    /usr/local/rvm/gems/ruby-1.9.3-p194/gems/activerecord-3.2.8/lib/active_record/fixtures.rb:660:in `column_names'
    /usr/local/rvm/gems/ruby-1.9.3-p194/gems/activerecord-3.2.8/lib/active_record/fixtures.rb:652:in `timestamp_column_names'
    /usr/local/rvm/gems/ruby-1.9.3-p194/gems/activerecord-3.2.8/lib/active_record/fixtures.rb:585:in `block in table_rows'
    /usr/local/rvm/gems/ruby-1.9.3-p194/gems/activerecord-3.2.8/lib/active_record/fixtures.rb:579:in `each'
    /usr/local/rvm/gems/ruby-1.9.3-p194/gems/activerecord-3.2.8/lib/active_record/fixtures.rb:579:in `map'
    /usr/local/rvm/gems/ruby-1.9.3-p194/gems/activerecord-3.2.8/lib/active_record/fixtures.rb:579:in `table_rows'
    /usr/local/rvm/gems/ruby-1.9.3-p194/gems/activerecord-3.2.8/lib/active_record/fixtures.rb:494:in `block (3 levels) in create_fixtures'
    /usr/local/rvm/gems/ruby-1.9.3-p194/gems/activerecord-3.2.8/lib/active_record/fixtures.rb:492:in `each'
    /usr/local/rvm/gems/ruby-1.9.3-p194/gems/activerecord-3.2.8/lib/active_record/fixtures.rb:492:in `block (2 levels) in create_fixtures'
    /usr/local/rvm/gems/ruby-1.9.3-p194/gems/activerecord-3.2.8/lib/active_record/connection_adapters/abstract/database_statements.rb:192:in `transaction'
    /usr/local/rvm/gems/ruby-1.9.3-p194/gems/activerecord-3.2.8/lib/active_record/fixtures.rb:491:in `block in create_fixtures'
    /usr/local/rvm/gems/ruby-1.9.3-p194/gems/activerecord-3.2.8/lib/active_record/connection_adapters/abstract_adapter.rb:168:in `disable_referential_integrity'
    /usr/local/rvm/gems/ruby-1.9.3-p194/gems/activerecord-3.2.8/lib/active_record/fixtures.rb:476:in `create_fixtures'
    /usr/local/rvm/gems/ruby-1.9.3-p194/gems/activerecord-3.2.8/lib/active_record/fixtures.rb:895:in `load_fixtures'
    /usr/local/rvm/gems/ruby-1.9.3-p194/gems/activerecord-3.2.8/lib/active_record/fixtures.rb:849:in `setup_fixtures'
    /usr/local/rvm/gems/ruby-1.9.3-p194/gems/activesupport-3.2.8/lib/active_support/callbacks.rb:429:in `_run__190242525__setup__964690958__callbacks'
    /usr/local/rvm/gems/ruby-1.9.3-p194/gems/activesupport-3.2.8/lib/active_support/callbacks.rb:405:in `__run_callback'
    /usr/local/rvm/gems/ruby-1.9.3-p194/gems/activesupport-3.2.8/lib/active_support/callbacks.rb:385:in `_run_setup_callbacks'
    /usr/local/rvm/gems/ruby-1.9.3-p194/gems/activesupport-3.2.8/lib/active_support/callbacks.rb:81:in `run_callbacks'
    /usr/local/rvm/gems/ruby-1.9.3-p194/gems/activesupport-3.2.8/lib/active_support/testing/setup_and_teardown.rb:35:in `run'

  5) Error:
test_should_get_new(UsersControllerTest):
ActiveRecord::StatementInvalid: Could not find table 'users'
    /usr/local/rvm/gems/ruby-1.9.3-p194/gems/activerecord-3.2.8/lib/active_record/connection_adapters/sqlite_adapter.rb:472:in `table_structure'
    /usr/local/rvm/gems/ruby-1.9.3-p194/gems/activerecord-3.2.8/lib/active_record/connection_adapters/sqlite_adapter.rb:346:in `columns'
    /usr/local/rvm/gems/ruby-1.9.3-p194/gems/activerecord-3.2.8/lib/active_record/fixtures.rb:660:in `column_names'
    /usr/local/rvm/gems/ruby-1.9.3-p194/gems/activerecord-3.2.8/lib/active_record/fixtures.rb:652:in `timestamp_column_names'
    /usr/local/rvm/gems/ruby-1.9.3-p194/gems/activerecord-3.2.8/lib/active_record/fixtures.rb:585:in `block in table_rows'
    /usr/local/rvm/gems/ruby-1.9.3-p194/gems/activerecord-3.2.8/lib/active_record/fixtures.rb:579:in `each'
    /usr/local/rvm/gems/ruby-1.9.3-p194/gems/activerecord-3.2.8/lib/active_record/fixtures.rb:579:in `map'
    /usr/local/rvm/gems/ruby-1.9.3-p194/gems/activerecord-3.2.8/lib/active_record/fixtures.rb:579:in `table_rows'
    /usr/local/rvm/gems/ruby-1.9.3-p194/gems/activerecord-3.2.8/lib/active_record/fixtures.rb:494:in `block (3 levels) in create_fixtures'
    /usr/local/rvm/gems/ruby-1.9.3-p194/gems/activerecord-3.2.8/lib/active_record/fixtures.rb:492:in `each'
    /usr/local/rvm/gems/ruby-1.9.3-p194/gems/activerecord-3.2.8/lib/active_record/fixtures.rb:492:in `block (2 levels) in create_fixtures'
    /usr/local/rvm/gems/ruby-1.9.3-p194/gems/activerecord-3.2.8/lib/active_record/connection_adapters/abstract/database_statements.rb:192:in `transaction'
    /usr/local/rvm/gems/ruby-1.9.3-p194/gems/activerecord-3.2.8/lib/active_record/fixtures.rb:491:in `block in create_fixtures'
    /usr/local/rvm/gems/ruby-1.9.3-p194/gems/activerecord-3.2.8/lib/active_record/connection_adapters/abstract_adapter.rb:168:in `disable_referential_integrity'
    /usr/local/rvm/gems/ruby-1.9.3-p194/gems/activerecord-3.2.8/lib/active_record/fixtures.rb:476:in `create_fixtures'
    /usr/local/rvm/gems/ruby-1.9.3-p194/gems/activerecord-3.2.8/lib/active_record/fixtures.rb:895:in `load_fixtures'
    /usr/local/rvm/gems/ruby-1.9.3-p194/gems/activerecord-3.2.8/lib/active_record/fixtures.rb:849:in `setup_fixtures'
    /usr/local/rvm/gems/ruby-1.9.3-p194/gems/activesupport-3.2.8/lib/active_support/callbacks.rb:429:in `_run__190242525__setup__964690958__callbacks'
    /usr/local/rvm/gems/ruby-1.9.3-p194/gems/activesupport-3.2.8/lib/active_support/callbacks.rb:405:in `__run_callback'
    /usr/local/rvm/gems/ruby-1.9.3-p194/gems/activesupport-3.2.8/lib/active_support/callbacks.rb:385:in `_run_setup_callbacks'
    /usr/local/rvm/gems/ruby-1.9.3-p194/gems/activesupport-3.2.8/lib/active_support/callbacks.rb:81:in `run_callbacks'
    /usr/local/rvm/gems/ruby-1.9.3-p194/gems/activesupport-3.2.8/lib/active_support/testing/setup_and_teardown.rb:35:in `run'

  6) Error:
test_should_show_user(UsersControllerTest):
ActiveRecord::StatementInvalid: Could not find table 'users'
    /usr/local/rvm/gems/ruby-1.9.3-p194/gems/activerecord-3.2.8/lib/active_record/connection_adapters/sqlite_adapter.rb:472:in `table_structure'
    /usr/local/rvm/gems/ruby-1.9.3-p194/gems/activerecord-3.2.8/lib/active_record/connection_adapters/sqlite_adapter.rb:346:in `columns'
    /usr/local/rvm/gems/ruby-1.9.3-p194/gems/activerecord-3.2.8/lib/active_record/fixtures.rb:660:in `column_names'
    /usr/local/rvm/gems/ruby-1.9.3-p194/gems/activerecord-3.2.8/lib/active_record/fixtures.rb:652:in `timestamp_column_names'
    /usr/local/rvm/gems/ruby-1.9.3-p194/gems/activerecord-3.2.8/lib/active_record/fixtures.rb:585:in `block in table_rows'
    /usr/local/rvm/gems/ruby-1.9.3-p194/gems/activerecord-3.2.8/lib/active_record/fixtures.rb:579:in `each'
    /usr/local/rvm/gems/ruby-1.9.3-p194/gems/activerecord-3.2.8/lib/active_record/fixtures.rb:579:in `map'
    /usr/local/rvm/gems/ruby-1.9.3-p194/gems/activerecord-3.2.8/lib/active_record/fixtures.rb:579:in `table_rows'
    /usr/local/rvm/gems/ruby-1.9.3-p194/gems/activerecord-3.2.8/lib/active_record/fixtures.rb:494:in `block (3 levels) in create_fixtures'
    /usr/local/rvm/gems/ruby-1.9.3-p194/gems/activerecord-3.2.8/lib/active_record/fixtures.rb:492:in `each'
    /usr/local/rvm/gems/ruby-1.9.3-p194/gems/activerecord-3.2.8/lib/active_record/fixtures.rb:492:in `block (2 levels) in create_fixtures'
    /usr/local/rvm/gems/ruby-1.9.3-p194/gems/activerecord-3.2.8/lib/active_record/connection_adapters/abstract/database_statements.rb:192:in `transaction'
    /usr/local/rvm/gems/ruby-1.9.3-p194/gems/activerecord-3.2.8/lib/active_record/fixtures.rb:491:in `block in create_fixtures'
    /usr/local/rvm/gems/ruby-1.9.3-p194/gems/activerecord-3.2.8/lib/active_record/connection_adapters/abstract_adapter.rb:168:in `disable_referential_integrity'
    /usr/local/rvm/gems/ruby-1.9.3-p194/gems/activerecord-3.2.8/lib/active_record/fixtures.rb:476:in `create_fixtures'
    /usr/local/rvm/gems/ruby-1.9.3-p194/gems/activerecord-3.2.8/lib/active_record/fixtures.rb:895:in `load_fixtures'
    /usr/local/rvm/gems/ruby-1.9.3-p194/gems/activerecord-3.2.8/lib/active_record/fixtures.rb:849:in `setup_fixtures'
    /usr/local/rvm/gems/ruby-1.9.3-p194/gems/activesupport-3.2.8/lib/active_support/callbacks.rb:429:in `_run__190242525__setup__964690958__callbacks'
    /usr/local/rvm/gems/ruby-1.9.3-p194/gems/activesupport-3.2.8/lib/active_support/callbacks.rb:405:in `__run_callback'
    /usr/local/rvm/gems/ruby-1.9.3-p194/gems/activesupport-3.2.8/lib/active_support/callbacks.rb:385:in `_run_setup_callbacks'
    /usr/local/rvm/gems/ruby-1.9.3-p194/gems/activesupport-3.2.8/lib/active_support/callbacks.rb:81:in `run_callbacks'
    /usr/local/rvm/gems/ruby-1.9.3-p194/gems/activesupport-3.2.8/lib/active_support/testing/setup_and_teardown.rb:35:in `run'

  7) Error:
test_should_update_user(UsersControllerTest):
ActiveRecord::StatementInvalid: Could not find table 'users'
    /usr/local/rvm/gems/ruby-1.9.3-p194/gems/activerecord-3.2.8/lib/active_record/connection_adapters/sqlite_adapter.rb:472:in `table_structure'
    /usr/local/rvm/gems/ruby-1.9.3-p194/gems/activerecord-3.2.8/lib/active_record/connection_adapters/sqlite_adapter.rb:346:in `columns'
    /usr/local/rvm/gems/ruby-1.9.3-p194/gems/activerecord-3.2.8/lib/active_record/fixtures.rb:660:in `column_names'
    /usr/local/rvm/gems/ruby-1.9.3-p194/gems/activerecord-3.2.8/lib/active_record/fixtures.rb:652:in `timestamp_column_names'
    /usr/local/rvm/gems/ruby-1.9.3-p194/gems/activerecord-3.2.8/lib/active_record/fixtures.rb:585:in `block in table_rows'
    /usr/local/rvm/gems/ruby-1.9.3-p194/gems/activerecord-3.2.8/lib/active_record/fixtures.rb:579:in `each'
    /usr/local/rvm/gems/ruby-1.9.3-p194/gems/activerecord-3.2.8/lib/active_record/fixtures.rb:579:in `map'
    /usr/local/rvm/gems/ruby-1.9.3-p194/gems/activerecord-3.2.8/lib/active_record/fixtures.rb:579:in `table_rows'
    /usr/local/rvm/gems/ruby-1.9.3-p194/gems/activerecord-3.2.8/lib/active_record/fixtures.rb:494:in `block (3 levels) in create_fixtures'
    /usr/local/rvm/gems/ruby-1.9.3-p194/gems/activerecord-3.2.8/lib/active_record/fixtures.rb:492:in `each'
    /usr/local/rvm/gems/ruby-1.9.3-p194/gems/activerecord-3.2.8/lib/active_record/fixtures.rb:492:in `block (2 levels) in create_fixtures'
    /usr/local/rvm/gems/ruby-1.9.3-p194/gems/activerecord-3.2.8/lib/active_record/connection_adapters/abstract/database_statements.rb:192:in `transaction'
    /usr/local/rvm/gems/ruby-1.9.3-p194/gems/activerecord-3.2.8/lib/active_record/fixtures.rb:491:in `block in create_fixtures'
    /usr/local/rvm/gems/ruby-1.9.3-p194/gems/activerecord-3.2.8/lib/active_record/connection_adapters/abstract_adapter.rb:168:in `disable_referential_integrity'
    /usr/local/rvm/gems/ruby-1.9.3-p194/gems/activerecord-3.2.8/lib/active_record/fixtures.rb:476:in `create_fixtures'
    /usr/local/rvm/gems/ruby-1.9.3-p194/gems/activerecord-3.2.8/lib/active_record/fixtures.rb:895:in `load_fixtures'
    /usr/local/rvm/gems/ruby-1.9.3-p194/gems/activerecord-3.2.8/lib/active_record/fixtures.rb:849:in `setup_fixtures'
    /usr/local/rvm/gems/ruby-1.9.3-p194/gems/activesupport-3.2.8/lib/active_support/callbacks.rb:429:in `_run__190242525__setup__964690958__callbacks'
    /usr/local/rvm/gems/ruby-1.9.3-p194/gems/activesupport-3.2.8/lib/active_support/callbacks.rb:405:in `__run_callback'
    /usr/local/rvm/gems/ruby-1.9.3-p194/gems/activesupport-3.2.8/lib/active_support/callbacks.rb:385:in `_run_setup_callbacks'
    /usr/local/rvm/gems/ruby-1.9.3-p194/gems/activesupport-3.2.8/lib/active_support/callbacks.rb:81:in `run_callbacks'
    /usr/local/rvm/gems/ruby-1.9.3-p194/gems/activesupport-3.2.8/lib/active_support/testing/setup_and_teardown.rb:35:in `run'

7 tests, 0 assertions, 0 failures, 7 errors, 0 skips
Run options: -n "/^(test_should_get_contact|test_should_get_home)$/"

# Running tests:

EE

Finished tests in 0.047127s, 42.4383 tests/s, 0.0000 assertions/s.

  1) Error:
test_should_get_contact(PagesControllerTest):
ActiveRecord::StatementInvalid: Could not find table 'users'
    /usr/local/rvm/gems/ruby-1.9.3-p194/gems/activerecord-3.2.8/lib/active_record/connection_adapters/sqlite_adapter.rb:472:in `table_structure'
    /usr/local/rvm/gems/ruby-1.9.3-p194/gems/activerecord-3.2.8/lib/active_record/connection_adapters/sqlite_adapter.rb:346:in `columns'
    /usr/local/rvm/gems/ruby-1.9.3-p194/gems/activerecord-3.2.8/lib/active_record/fixtures.rb:660:in `column_names'
    /usr/local/rvm/gems/ruby-1.9.3-p194/gems/activerecord-3.2.8/lib/active_record/fixtures.rb:652:in `timestamp_column_names'
    /usr/local/rvm/gems/ruby-1.9.3-p194/gems/activerecord-3.2.8/lib/active_record/fixtures.rb:585:in `block in table_rows'
    /usr/local/rvm/gems/ruby-1.9.3-p194/gems/activerecord-3.2.8/lib/active_record/fixtures.rb:579:in `each'
    /usr/local/rvm/gems/ruby-1.9.3-p194/gems/activerecord-3.2.8/lib/active_record/fixtures.rb:579:in `map'
    /usr/local/rvm/gems/ruby-1.9.3-p194/gems/activerecord-3.2.8/lib/active_record/fixtures.rb:579:in `table_rows'
    /usr/local/rvm/gems/ruby-1.9.3-p194/gems/activerecord-3.2.8/lib/active_record/fixtures.rb:494:in `block (3 levels) in create_fixtures'
    /usr/local/rvm/gems/ruby-1.9.3-p194/gems/activerecord-3.2.8/lib/active_record/fixtures.rb:492:in `each'
    /usr/local/rvm/gems/ruby-1.9.3-p194/gems/activerecord-3.2.8/lib/active_record/fixtures.rb:492:in `block (2 levels) in create_fixtures'
    /usr/local/rvm/gems/ruby-1.9.3-p194/gems/activerecord-3.2.8/lib/active_record/connection_adapters/abstract/database_statements.rb:192:in `transaction'
    /usr/local/rvm/gems/ruby-1.9.3-p194/gems/activerecord-3.2.8/lib/active_record/fixtures.rb:491:in `block in create_fixtures'
    /usr/local/rvm/gems/ruby-1.9.3-p194/gems/activerecord-3.2.8/lib/active_record/connection_adapters/abstract_adapter.rb:168:in `disable_referential_integrity'
    /usr/local/rvm/gems/ruby-1.9.3-p194/gems/activerecord-3.2.8/lib/active_record/fixtures.rb:476:in `create_fixtures'
    /usr/local/rvm/gems/ruby-1.9.3-p194/gems/activerecord-3.2.8/lib/active_record/fixtures.rb:895:in `load_fixtures'
    /usr/local/rvm/gems/ruby-1.9.3-p194/gems/activerecord-3.2.8/lib/active_record/fixtures.rb:849:in `setup_fixtures'
    /usr/local/rvm/gems/ruby-1.9.3-p194/gems/activesupport-3.2.8/lib/active_support/callbacks.rb:429:in `_run__104751782__setup__374382792__callbacks'
    /usr/local/rvm/gems/ruby-1.9.3-p194/gems/activesupport-3.2.8/lib/active_support/callbacks.rb:405:in `__run_callback'
    /usr/local/rvm/gems/ruby-1.9.3-p194/gems/activesupport-3.2.8/lib/active_support/callbacks.rb:385:in `_run_setup_callbacks'
    /usr/local/rvm/gems/ruby-1.9.3-p194/gems/activesupport-3.2.8/lib/active_support/callbacks.rb:81:in `run_callbacks'
    /usr/local/rvm/gems/ruby-1.9.3-p194/gems/activesupport-3.2.8/lib/active_support/testing/setup_and_teardown.rb:35:in `run'

  2) Error:
test_should_get_home(PagesControllerTest):
ActiveRecord::StatementInvalid: Could not find table 'users'
    /usr/local/rvm/gems/ruby-1.9.3-p194/gems/activerecord-3.2.8/lib/active_record/connection_adapters/sqlite_adapter.rb:472:in `table_structure'
    /usr/local/rvm/gems/ruby-1.9.3-p194/gems/activerecord-3.2.8/lib/active_record/connection_adapters/sqlite_adapter.rb:346:in `columns'
    /usr/local/rvm/gems/ruby-1.9.3-p194/gems/activerecord-3.2.8/lib/active_record/fixtures.rb:660:in `column_names'
    /usr/local/rvm/gems/ruby-1.9.3-p194/gems/activerecord-3.2.8/lib/active_record/fixtures.rb:652:in `timestamp_column_names'
    /usr/local/rvm/gems/ruby-1.9.3-p194/gems/activerecord-3.2.8/lib/active_record/fixtures.rb:585:in `block in table_rows'
    /usr/local/rvm/gems/ruby-1.9.3-p194/gems/activerecord-3.2.8/lib/active_record/fixtures.rb:579:in `each'
    /usr/local/rvm/gems/ruby-1.9.3-p194/gems/activerecord-3.2.8/lib/active_record/fixtures.rb:579:in `map'
    /usr/local/rvm/gems/ruby-1.9.3-p194/gems/activerecord-3.2.8/lib/active_record/fixtures.rb:579:in `table_rows'
    /usr/local/rvm/gems/ruby-1.9.3-p194/gems/activerecord-3.2.8/lib/active_record/fixtures.rb:494:in `block (3 levels) in create_fixtures'
    /usr/local/rvm/gems/ruby-1.9.3-p194/gems/activerecord-3.2.8/lib/active_record/fixtures.rb:492:in `each'
    /usr/local/rvm/gems/ruby-1.9.3-p194/gems/activerecord-3.2.8/lib/active_record/fixtures.rb:492:in `block (2 levels) in create_fixtures'
    /usr/local/rvm/gems/ruby-1.9.3-p194/gems/activerecord-3.2.8/lib/active_record/connection_adapters/abstract/database_statements.rb:192:in `transaction'
    /usr/local/rvm/gems/ruby-1.9.3-p194/gems/activerecord-3.2.8/lib/active_record/fixtures.rb:491:in `block in create_fixtures'
    /usr/local/rvm/gems/ruby-1.9.3-p194/gems/activerecord-3.2.8/lib/active_record/connection_adapters/abstract_adapter.rb:168:in `disable_referential_integrity'
    /usr/local/rvm/gems/ruby-1.9.3-p194/gems/activerecord-3.2.8/lib/active_record/fixtures.rb:476:in `create_fixtures'
    /usr/local/rvm/gems/ruby-1.9.3-p194/gems/activerecord-3.2.8/lib/active_record/fixtures.rb:895:in `load_fixtures'
    /usr/local/rvm/gems/ruby-1.9.3-p194/gems/activerecord-3.2.8/lib/active_record/fixtures.rb:849:in `setup_fixtures'
    /usr/local/rvm/gems/ruby-1.9.3-p194/gems/activesupport-3.2.8/lib/active_support/callbacks.rb:429:in `_run__104751782__setup__374382792__callbacks'
    /usr/local/rvm/gems/ruby-1.9.3-p194/gems/activesupport-3.2.8/lib/active_support/callbacks.rb:405:in `__run_callback'
    /usr/local/rvm/gems/ruby-1.9.3-p194/gems/activesupport-3.2.8/lib/active_support/callbacks.rb:385:in `_run_setup_callbacks'
    /usr/local/rvm/gems/ruby-1.9.3-p194/gems/activesupport-3.2.8/lib/active_support/callbacks.rb:81:in `run_callbacks'
    /usr/local/rvm/gems/ruby-1.9.3-p194/gems/activesupport-3.2.8/lib/active_support/testing/setup_and_teardown.rb:35:in `run'

2 tests, 0 assertions, 0 failures, 2 errors, 0 skips
Run options: -n "/^(test_should_create_micropost|test_should_destroy_micropost|test_should_get_edit|test_should_get_index|test_should_get_new|test_should_show_micropost|test_should_update_micropost)$/"

# Running tests:

EEEEEEE

Finished tests in 0.106914s, 65.4733 tests/s, 0.0000 assertions/s.

  1) Error:
test_should_create_micropost(MicropostsControllerTest):
ActiveRecord::StatementInvalid: Could not find table 'users'
    /usr/local/rvm/gems/ruby-1.9.3-p194/gems/activerecord-3.2.8/lib/active_record/connection_adapters/sqlite_adapter.rb:472:in `table_structure'
    /usr/local/rvm/gems/ruby-1.9.3-p194/gems/activerecord-3.2.8/lib/active_record/connection_adapters/sqlite_adapter.rb:346:in `columns'
    /usr/local/rvm/gems/ruby-1.9.3-p194/gems/activerecord-3.2.8/lib/active_record/fixtures.rb:660:in `column_names'
    /usr/local/rvm/gems/ruby-1.9.3-p194/gems/activerecord-3.2.8/lib/active_record/fixtures.rb:652:in `timestamp_column_names'
    /usr/local/rvm/gems/ruby-1.9.3-p194/gems/activerecord-3.2.8/lib/active_record/fixtures.rb:585:in `block in table_rows'
    /usr/local/rvm/gems/ruby-1.9.3-p194/gems/activerecord-3.2.8/lib/active_record/fixtures.rb:579:in `each'
    /usr/local/rvm/gems/ruby-1.9.3-p194/gems/activerecord-3.2.8/lib/active_record/fixtures.rb:579:in `map'
    /usr/local/rvm/gems/ruby-1.9.3-p194/gems/activerecord-3.2.8/lib/active_record/fixtures.rb:579:in `table_rows'
    /usr/local/rvm/gems/ruby-1.9.3-p194/gems/activerecord-3.2.8/lib/active_record/fixtures.rb:494:in `block (3 levels) in create_fixtures'
    /usr/local/rvm/gems/ruby-1.9.3-p194/gems/activerecord-3.2.8/lib/active_record/fixtures.rb:492:in `each'
    /usr/local/rvm/gems/ruby-1.9.3-p194/gems/activerecord-3.2.8/lib/active_record/fixtures.rb:492:in `block (2 levels) in create_fixtures'
    /usr/local/rvm/gems/ruby-1.9.3-p194/gems/activerecord-3.2.8/lib/active_record/connection_adapters/abstract/database_statements.rb:192:in `transaction'
    /usr/local/rvm/gems/ruby-1.9.3-p194/gems/activerecord-3.2.8/lib/active_record/fixtures.rb:491:in `block in create_fixtures'
    /usr/local/rvm/gems/ruby-1.9.3-p194/gems/activerecord-3.2.8/lib/active_record/connection_adapters/abstract_adapter.rb:168:in `disable_referential_integrity'
    /usr/local/rvm/gems/ruby-1.9.3-p194/gems/activerecord-3.2.8/lib/active_record/fixtures.rb:476:in `create_fixtures'
    /usr/local/rvm/gems/ruby-1.9.3-p194/gems/activerecord-3.2.8/lib/active_record/fixtures.rb:895:in `load_fixtures'
    /usr/local/rvm/gems/ruby-1.9.3-p194/gems/activerecord-3.2.8/lib/active_record/fixtures.rb:849:in `setup_fixtures'
    /usr/local/rvm/gems/ruby-1.9.3-p194/gems/activesupport-3.2.8/lib/active_support/callbacks.rb:429:in `_run__325574898__setup__402110357__callbacks'
    /usr/local/rvm/gems/ruby-1.9.3-p194/gems/activesupport-3.2.8/lib/active_support/callbacks.rb:405:in `__run_callback'
    /usr/local/rvm/gems/ruby-1.9.3-p194/gems/activesupport-3.2.8/lib/active_support/callbacks.rb:385:in `_run_setup_callbacks'
    /usr/local/rvm/gems/ruby-1.9.3-p194/gems/activesupport-3.2.8/lib/active_support/callbacks.rb:81:in `run_callbacks'
    /usr/local/rvm/gems/ruby-1.9.3-p194/gems/activesupport-3.2.8/lib/active_support/testing/setup_and_teardown.rb:35:in `run'

  2) Error:
test_should_destroy_micropost(MicropostsControllerTest):
ActiveRecord::StatementInvalid: Could not find table 'users'
    /usr/local/rvm/gems/ruby-1.9.3-p194/gems/activerecord-3.2.8/lib/active_record/connection_adapters/sqlite_adapter.rb:472:in `table_structure'
    /usr/local/rvm/gems/ruby-1.9.3-p194/gems/activerecord-3.2.8/lib/active_record/connection_adapters/sqlite_adapter.rb:346:in `columns'
    /usr/local/rvm/gems/ruby-1.9.3-p194/gems/activerecord-3.2.8/lib/active_record/fixtures.rb:660:in `column_names'
    /usr/local/rvm/gems/ruby-1.9.3-p194/gems/activerecord-3.2.8/lib/active_record/fixtures.rb:652:in `timestamp_column_names'
    /usr/local/rvm/gems/ruby-1.9.3-p194/gems/activerecord-3.2.8/lib/active_record/fixtures.rb:585:in `block in table_rows'
    /usr/local/rvm/gems/ruby-1.9.3-p194/gems/activerecord-3.2.8/lib/active_record/fixtures.rb:579:in `each'
    /usr/local/rvm/gems/ruby-1.9.3-p194/gems/activerecord-3.2.8/lib/active_record/fixtures.rb:579:in `map'
    /usr/local/rvm/gems/ruby-1.9.3-p194/gems/activerecord-3.2.8/lib/active_record/fixtures.rb:579:in `table_rows'
    /usr/local/rvm/gems/ruby-1.9.3-p194/gems/activerecord-3.2.8/lib/active_record/fixtures.rb:494:in `block (3 levels) in create_fixtures'
    /usr/local/rvm/gems/ruby-1.9.3-p194/gems/activerecord-3.2.8/lib/active_record/fixtures.rb:492:in `each'
    /usr/local/rvm/gems/ruby-1.9.3-p194/gems/activerecord-3.2.8/lib/active_record/fixtures.rb:492:in `block (2 levels) in create_fixtures'
    /usr/local/rvm/gems/ruby-1.9.3-p194/gems/activerecord-3.2.8/lib/active_record/connection_adapters/abstract/database_statements.rb:192:in `transaction'
    /usr/local/rvm/gems/ruby-1.9.3-p194/gems/activerecord-3.2.8/lib/active_record/fixtures.rb:491:in `block in create_fixtures'
    /usr/local/rvm/gems/ruby-1.9.3-p194/gems/activerecord-3.2.8/lib/active_record/connection_adapters/abstract_adapter.rb:168:in `disable_referential_integrity'
    /usr/local/rvm/gems/ruby-1.9.3-p194/gems/activerecord-3.2.8/lib/active_record/fixtures.rb:476:in `create_fixtures'
    /usr/local/rvm/gems/ruby-1.9.3-p194/gems/activerecord-3.2.8/lib/active_record/fixtures.rb:895:in `load_fixtures'
    /usr/local/rvm/gems/ruby-1.9.3-p194/gems/activerecord-3.2.8/lib/active_record/fixtures.rb:849:in `setup_fixtures'
    /usr/local/rvm/gems/ruby-1.9.3-p194/gems/activesupport-3.2.8/lib/active_support/callbacks.rb:429:in `_run__325574898__setup__402110357__callbacks'
    /usr/local/rvm/gems/ruby-1.9.3-p194/gems/activesupport-3.2.8/lib/active_support/callbacks.rb:405:in `__run_callback'
    /usr/local/rvm/gems/ruby-1.9.3-p194/gems/activesupport-3.2.8/lib/active_support/callbacks.rb:385:in `_run_setup_callbacks'
    /usr/local/rvm/gems/ruby-1.9.3-p194/gems/activesupport-3.2.8/lib/active_support/callbacks.rb:81:in `run_callbacks'
    /usr/local/rvm/gems/ruby-1.9.3-p194/gems/activesupport-3.2.8/lib/active_support/testing/setup_and_teardown.rb:35:in `run'

  3) Error:
test_should_get_edit(MicropostsControllerTest):
ActiveRecord::StatementInvalid: Could not find table 'users'
    /usr/local/rvm/gems/ruby-1.9.3-p194/gems/activerecord-3.2.8/lib/active_record/connection_adapters/sqlite_adapter.rb:472:in `table_structure'
    /usr/local/rvm/gems/ruby-1.9.3-p194/gems/activerecord-3.2.8/lib/active_record/connection_adapters/sqlite_adapter.rb:346:in `columns'
    /usr/local/rvm/gems/ruby-1.9.3-p194/gems/activerecord-3.2.8/lib/active_record/fixtures.rb:660:in `column_names'
    /usr/local/rvm/gems/ruby-1.9.3-p194/gems/activerecord-3.2.8/lib/active_record/fixtures.rb:652:in `timestamp_column_names'
    /usr/local/rvm/gems/ruby-1.9.3-p194/gems/activerecord-3.2.8/lib/active_record/fixtures.rb:585:in `block in table_rows'
    /usr/local/rvm/gems/ruby-1.9.3-p194/gems/activerecord-3.2.8/lib/active_record/fixtures.rb:579:in `each'
    /usr/local/rvm/gems/ruby-1.9.3-p194/gems/activerecord-3.2.8/lib/active_record/fixtures.rb:579:in `map'
    /usr/local/rvm/gems/ruby-1.9.3-p194/gems/activerecord-3.2.8/lib/active_record/fixtures.rb:579:in `table_rows'
    /usr/local/rvm/gems/ruby-1.9.3-p194/gems/activerecord-3.2.8/lib/active_record/fixtures.rb:494:in `block (3 levels) in create_fixtures'
    /usr/local/rvm/gems/ruby-1.9.3-p194/gems/activerecord-3.2.8/lib/active_record/fixtures.rb:492:in `each'
    /usr/local/rvm/gems/ruby-1.9.3-p194/gems/activerecord-3.2.8/lib/active_record/fixtures.rb:492:in `block (2 levels) in create_fixtures'
    /usr/local/rvm/gems/ruby-1.9.3-p194/gems/activerecord-3.2.8/lib/active_record/connection_adapters/abstract/database_statements.rb:192:in `transaction'
    /usr/local/rvm/gems/ruby-1.9.3-p194/gems/activerecord-3.2.8/lib/active_record/fixtures.rb:491:in `block in create_fixtures'
    /usr/local/rvm/gems/ruby-1.9.3-p194/gems/activerecord-3.2.8/lib/active_record/connection_adapters/abstract_adapter.rb:168:in `disable_referential_integrity'
    /usr/local/rvm/gems/ruby-1.9.3-p194/gems/activerecord-3.2.8/lib/active_record/fixtures.rb:476:in `create_fixtures'
    /usr/local/rvm/gems/ruby-1.9.3-p194/gems/activerecord-3.2.8/lib/active_record/fixtures.rb:895:in `load_fixtures'
    /usr/local/rvm/gems/ruby-1.9.3-p194/gems/activerecord-3.2.8/lib/active_record/fixtures.rb:849:in `setup_fixtures'
    /usr/local/rvm/gems/ruby-1.9.3-p194/gems/activesupport-3.2.8/lib/active_support/callbacks.rb:429:in `_run__325574898__setup__402110357__callbacks'
    /usr/local/rvm/gems/ruby-1.9.3-p194/gems/activesupport-3.2.8/lib/active_support/callbacks.rb:405:in `__run_callback'
    /usr/local/rvm/gems/ruby-1.9.3-p194/gems/activesupport-3.2.8/lib/active_support/callbacks.rb:385:in `_run_setup_callbacks'
    /usr/local/rvm/gems/ruby-1.9.3-p194/gems/activesupport-3.2.8/lib/active_support/callbacks.rb:81:in `run_callbacks'
    /usr/local/rvm/gems/ruby-1.9.3-p194/gems/activesupport-3.2.8/lib/active_support/testing/setup_and_teardown.rb:35:in `run'

  4) Error:
test_should_get_index(MicropostsControllerTest):
ActiveRecord::StatementInvalid: Could not find table 'users'
    /usr/local/rvm/gems/ruby-1.9.3-p194/gems/activerecord-3.2.8/lib/active_record/connection_adapters/sqlite_adapter.rb:472:in `table_structure'
    /usr/local/rvm/gems/ruby-1.9.3-p194/gems/activerecord-3.2.8/lib/active_record/connection_adapters/sqlite_adapter.rb:346:in `columns'
    /usr/local/rvm/gems/ruby-1.9.3-p194/gems/activerecord-3.2.8/lib/active_record/fixtures.rb:660:in `column_names'
    /usr/local/rvm/gems/ruby-1.9.3-p194/gems/activerecord-3.2.8/lib/active_record/fixtures.rb:652:in `timestamp_column_names'
    /usr/local/rvm/gems/ruby-1.9.3-p194/gems/activerecord-3.2.8/lib/active_record/fixtures.rb:585:in `block in table_rows'
    /usr/local/rvm/gems/ruby-1.9.3-p194/gems/activerecord-3.2.8/lib/active_record/fixtures.rb:579:in `each'
    /usr/local/rvm/gems/ruby-1.9.3-p194/gems/activerecord-3.2.8/lib/active_record/fixtures.rb:579:in `map'
    /usr/local/rvm/gems/ruby-1.9.3-p194/gems/activerecord-3.2.8/lib/active_record/fixtures.rb:579:in `table_rows'
    /usr/local/rvm/gems/ruby-1.9.3-p194/gems/activerecord-3.2.8/lib/active_record/fixtures.rb:494:in `block (3 levels) in create_fixtures'
    /usr/local/rvm/gems/ruby-1.9.3-p194/gems/activerecord-3.2.8/lib/active_record/fixtures.rb:492:in `each'
    /usr/local/rvm/gems/ruby-1.9.3-p194/gems/activerecord-3.2.8/lib/active_record/fixtures.rb:492:in `block (2 levels) in create_fixtures'
    /usr/local/rvm/gems/ruby-1.9.3-p194/gems/activerecord-3.2.8/lib/active_record/connection_adapters/abstract/database_statements.rb:192:in `transaction'
    /usr/local/rvm/gems/ruby-1.9.3-p194/gems/activerecord-3.2.8/lib/active_record/fixtures.rb:491:in `block in create_fixtures'
    /usr/local/rvm/gems/ruby-1.9.3-p194/gems/activerecord-3.2.8/lib/active_record/connection_adapters/abstract_adapter.rb:168:in `disable_referential_integrity'
    /usr/local/rvm/gems/ruby-1.9.3-p194/gems/activerecord-3.2.8/lib/active_record/fixtures.rb:476:in `create_fixtures'
    /usr/local/rvm/gems/ruby-1.9.3-p194/gems/activerecord-3.2.8/lib/active_record/fixtures.rb:895:in `load_fixtures'
    /usr/local/rvm/gems/ruby-1.9.3-p194/gems/activerecord-3.2.8/lib/active_record/fixtures.rb:849:in `setup_fixtures'
    /usr/local/rvm/gems/ruby-1.9.3-p194/gems/activesupport-3.2.8/lib/active_support/callbacks.rb:429:in `_run__325574898__setup__402110357__callbacks'
    /usr/local/rvm/gems/ruby-1.9.3-p194/gems/activesupport-3.2.8/lib/active_support/callbacks.rb:405:in `__run_callback'
    /usr/local/rvm/gems/ruby-1.9.3-p194/gems/activesupport-3.2.8/lib/active_support/callbacks.rb:385:in `_run_setup_callbacks'
    /usr/local/rvm/gems/ruby-1.9.3-p194/gems/activesupport-3.2.8/lib/active_support/callbacks.rb:81:in `run_callbacks'
    /usr/local/rvm/gems/ruby-1.9.3-p194/gems/activesupport-3.2.8/lib/active_support/testing/setup_and_teardown.rb:35:in `run'

  5) Error:
test_should_get_new(MicropostsControllerTest):
ActiveRecord::StatementInvalid: Could not find table 'users'
    /usr/local/rvm/gems/ruby-1.9.3-p194/gems/activerecord-3.2.8/lib/active_record/connection_adapters/sqlite_adapter.rb:472:in `table_structure'
    /usr/local/rvm/gems/ruby-1.9.3-p194/gems/activerecord-3.2.8/lib/active_record/connection_adapters/sqlite_adapter.rb:346:in `columns'
    /usr/local/rvm/gems/ruby-1.9.3-p194/gems/activerecord-3.2.8/lib/active_record/fixtures.rb:660:in `column_names'
    /usr/local/rvm/gems/ruby-1.9.3-p194/gems/activerecord-3.2.8/lib/active_record/fixtures.rb:652:in `timestamp_column_names'
    /usr/local/rvm/gems/ruby-1.9.3-p194/gems/activerecord-3.2.8/lib/active_record/fixtures.rb:585:in `block in table_rows'
    /usr/local/rvm/gems/ruby-1.9.3-p194/gems/activerecord-3.2.8/lib/active_record/fixtures.rb:579:in `each'
    /usr/local/rvm/gems/ruby-1.9.3-p194/gems/activerecord-3.2.8/lib/active_record/fixtures.rb:579:in `map'
    /usr/local/rvm/gems/ruby-1.9.3-p194/gems/activerecord-3.2.8/lib/active_record/fixtures.rb:579:in `table_rows'
    /usr/local/rvm/gems/ruby-1.9.3-p194/gems/activerecord-3.2.8/lib/active_record/fixtures.rb:494:in `block (3 levels) in create_fixtures'
    /usr/local/rvm/gems/ruby-1.9.3-p194/gems/activerecord-3.2.8/lib/active_record/fixtures.rb:492:in `each'
    /usr/local/rvm/gems/ruby-1.9.3-p194/gems/activerecord-3.2.8/lib/active_record/fixtures.rb:492:in `block (2 levels) in create_fixtures'
    /usr/local/rvm/gems/ruby-1.9.3-p194/gems/activerecord-3.2.8/lib/active_record/connection_adapters/abstract/database_statements.rb:192:in `transaction'
    /usr/local/rvm/gems/ruby-1.9.3-p194/gems/activerecord-3.2.8/lib/active_record/fixtures.rb:491:in `block in create_fixtures'
    /usr/local/rvm/gems/ruby-1.9.3-p194/gems/activerecord-3.2.8/lib/active_record/connection_adapters/abstract_adapter.rb:168:in `disable_referential_integrity'
    /usr/local/rvm/gems/ruby-1.9.3-p194/gems/activerecord-3.2.8/lib/active_record/fixtures.rb:476:in `create_fixtures'
    /usr/local/rvm/gems/ruby-1.9.3-p194/gems/activerecord-3.2.8/lib/active_record/fixtures.rb:895:in `load_fixtures'
    /usr/local/rvm/gems/ruby-1.9.3-p194/gems/activerecord-3.2.8/lib/active_record/fixtures.rb:849:in `setup_fixtures'
    /usr/local/rvm/gems/ruby-1.9.3-p194/gems/activesupport-3.2.8/lib/active_support/callbacks.rb:429:in `_run__325574898__setup__402110357__callbacks'
    /usr/local/rvm/gems/ruby-1.9.3-p194/gems/activesupport-3.2.8/lib/active_support/callbacks.rb:405:in `__run_callback'
    /usr/local/rvm/gems/ruby-1.9.3-p194/gems/activesupport-3.2.8/lib/active_support/callbacks.rb:385:in `_run_setup_callbacks'
    /usr/local/rvm/gems/ruby-1.9.3-p194/gems/activesupport-3.2.8/lib/active_support/callbacks.rb:81:in `run_callbacks'
    /usr/local/rvm/gems/ruby-1.9.3-p194/gems/activesupport-3.2.8/lib/active_support/testing/setup_and_teardown.rb:35:in `run'

  6) Error:
test_should_show_micropost(MicropostsControllerTest):
ActiveRecord::StatementInvalid: Could not find table 'users'
    /usr/local/rvm/gems/ruby-1.9.3-p194/gems/activerecord-3.2.8/lib/active_record/connection_adapters/sqlite_adapter.rb:472:in `table_structure'
    /usr/local/rvm/gems/ruby-1.9.3-p194/gems/activerecord-3.2.8/lib/active_record/connection_adapters/sqlite_adapter.rb:346:in `columns'
    /usr/local/rvm/gems/ruby-1.9.3-p194/gems/activerecord-3.2.8/lib/active_record/fixtures.rb:660:in `column_names'
    /usr/local/rvm/gems/ruby-1.9.3-p194/gems/activerecord-3.2.8/lib/active_record/fixtures.rb:652:in `timestamp_column_names'
    /usr/local/rvm/gems/ruby-1.9.3-p194/gems/activerecord-3.2.8/lib/active_record/fixtures.rb:585:in `block in table_rows'
    /usr/local/rvm/gems/ruby-1.9.3-p194/gems/activerecord-3.2.8/lib/active_record/fixtures.rb:579:in `each'
    /usr/local/rvm/gems/ruby-1.9.3-p194/gems/activerecord-3.2.8/lib/active_record/fixtures.rb:579:in `map'
    /usr/local/rvm/gems/ruby-1.9.3-p194/gems/activerecord-3.2.8/lib/active_record/fixtures.rb:579:in `table_rows'
    /usr/local/rvm/gems/ruby-1.9.3-p194/gems/activerecord-3.2.8/lib/active_record/fixtures.rb:494:in `block (3 levels) in create_fixtures'
    /usr/local/rvm/gems/ruby-1.9.3-p194/gems/activerecord-3.2.8/lib/active_record/fixtures.rb:492:in `each'
    /usr/local/rvm/gems/ruby-1.9.3-p194/gems/activerecord-3.2.8/lib/active_record/fixtures.rb:492:in `block (2 levels) in create_fixtures'
    /usr/local/rvm/gems/ruby-1.9.3-p194/gems/activerecord-3.2.8/lib/active_record/connection_adapters/abstract/database_statements.rb:192:in `transaction'
    /usr/local/rvm/gems/ruby-1.9.3-p194/gems/activerecord-3.2.8/lib/active_record/fixtures.rb:491:in `block in create_fixtures'
    /usr/local/rvm/gems/ruby-1.9.3-p194/gems/activerecord-3.2.8/lib/active_record/connection_adapters/abstract_adapter.rb:168:in `disable_referential_integrity'
    /usr/local/rvm/gems/ruby-1.9.3-p194/gems/activerecord-3.2.8/lib/active_record/fixtures.rb:476:in `create_fixtures'
    /usr/local/rvm/gems/ruby-1.9.3-p194/gems/activerecord-3.2.8/lib/active_record/fixtures.rb:895:in `load_fixtures'
    /usr/local/rvm/gems/ruby-1.9.3-p194/gems/activerecord-3.2.8/lib/active_record/fixtures.rb:849:in `setup_fixtures'
    /usr/local/rvm/gems/ruby-1.9.3-p194/gems/activesupport-3.2.8/lib/active_support/callbacks.rb:429:in `_run__325574898__setup__402110357__callbacks'
    /usr/local/rvm/gems/ruby-1.9.3-p194/gems/activesupport-3.2.8/lib/active_support/callbacks.rb:405:in `__run_callback'
    /usr/local/rvm/gems/ruby-1.9.3-p194/gems/activesupport-3.2.8/lib/active_support/callbacks.rb:385:in `_run_setup_callbacks'
    /usr/local/rvm/gems/ruby-1.9.3-p194/gems/activesupport-3.2.8/lib/active_support/callbacks.rb:81:in `run_callbacks'
    /usr/local/rvm/gems/ruby-1.9.3-p194/gems/activesupport-3.2.8/lib/active_support/testing/setup_and_teardown.rb:35:in `run'

  7) Error:
test_should_update_micropost(MicropostsControllerTest):
ActiveRecord::StatementInvalid: Could not find table 'users'
    /usr/local/rvm/gems/ruby-1.9.3-p194/gems/activerecord-3.2.8/lib/active_record/connection_adapters/sqlite_adapter.rb:472:in `table_structure'
    /usr/local/rvm/gems/ruby-1.9.3-p194/gems/activerecord-3.2.8/lib/active_record/connection_adapters/sqlite_adapter.rb:346:in `columns'
    /usr/local/rvm/gems/ruby-1.9.3-p194/gems/activerecord-3.2.8/lib/active_record/fixtures.rb:660:in `column_names'
    /usr/local/rvm/gems/ruby-1.9.3-p194/gems/activerecord-3.2.8/lib/active_record/fixtures.rb:652:in `timestamp_column_names'
    /usr/local/rvm/gems/ruby-1.9.3-p194/gems/activerecord-3.2.8/lib/active_record/fixtures.rb:585:in `block in table_rows'
    /usr/local/rvm/gems/ruby-1.9.3-p194/gems/activerecord-3.2.8/lib/active_record/fixtures.rb:579:in `each'
    /usr/local/rvm/gems/ruby-1.9.3-p194/gems/activerecord-3.2.8/lib/active_record/fixtures.rb:579:in `map'
    /usr/local/rvm/gems/ruby-1.9.3-p194/gems/activerecord-3.2.8/lib/active_record/fixtures.rb:579:in `table_rows'
    /usr/local/rvm/gems/ruby-1.9.3-p194/gems/activerecord-3.2.8/lib/active_record/fixtures.rb:494:in `block (3 levels) in create_fixtures'
    /usr/local/rvm/gems/ruby-1.9.3-p194/gems/activerecord-3.2.8/lib/active_record/fixtures.rb:492:in `each'
    /usr/local/rvm/gems/ruby-1.9.3-p194/gems/activerecord-3.2.8/lib/active_record/fixtures.rb:492:in `block (2 levels) in create_fixtures'
    /usr/local/rvm/gems/ruby-1.9.3-p194/gems/activerecord-3.2.8/lib/active_record/connection_adapters/abstract/database_statements.rb:192:in `transaction'
    /usr/local/rvm/gems/ruby-1.9.3-p194/gems/activerecord-3.2.8/lib/active_record/fixtures.rb:491:in `block in create_fixtures'
    /usr/local/rvm/gems/ruby-1.9.3-p194/gems/activerecord-3.2.8/lib/active_record/connection_adapters/abstract_adapter.rb:168:in `disable_referential_integrity'
    /usr/local/rvm/gems/ruby-1.9.3-p194/gems/activerecord-3.2.8/lib/active_record/fixtures.rb:476:in `create_fixtures'
    /usr/local/rvm/gems/ruby-1.9.3-p194/gems/activerecord-3.2.8/lib/active_record/fixtures.rb:895:in `load_fixtures'
    /usr/local/rvm/gems/ruby-1.9.3-p194/gems/activerecord-3.2.8/lib/active_record/fixtures.rb:849:in `setup_fixtures'
    /usr/local/rvm/gems/ruby-1.9.3-p194/gems/activesupport-3.2.8/lib/active_support/callbacks.rb:429:in `_run__325574898__setup__402110357__callbacks'
    /usr/local/rvm/gems/ruby-1.9.3-p194/gems/activesupport-3.2.8/lib/active_support/callbacks.rb:405:in `__run_callback'
    /usr/local/rvm/gems/ruby-1.9.3-p194/gems/activesupport-3.2.8/lib/active_support/callbacks.rb:385:in `_run_setup_callbacks'
    /usr/local/rvm/gems/ruby-1.9.3-p194/gems/activesupport-3.2.8/lib/active_support/callbacks.rb:81:in `run_callbacks'
    /usr/local/rvm/gems/ruby-1.9.3-p194/gems/activesupport-3.2.8/lib/active_support/testing/setup_and_teardown.rb:35:in `run'

7 tests, 0 assertions, 0 failures, 7 errors, 0 skips
/usr/local/rvm/rubies/ruby-1.9.3-p194/bin/ruby -I.:lib:test -rubygems -e "%w[test/unit test/unit/micropost_test.rb test/unit/helpers/pages_helper_test.rb test/unit/helpers/microposts_helper_test.rb test/unit/helpers/users_helper_test.rb test/unit/user_test.rb].each { |f| require f }"; /usr/local/rvm/rubies/ruby-1.9.3-p194/bin/ruby -I.:lib:test -rubygems test/functional/microposts_controller_test.rb -n "/^(test_should_create_micropost|test_should_destroy_micropost|test_should_get_edit|test_should_get_index|test_should_get_new|test_should_show_micropost|test_should_update_micropost)$/"; /usr/local/rvm/rubies/ruby-1.9.3-p194/bin/ruby -I.:lib:test -rubygems test/functional/users_controller_test.rb -n "/^(test_should_create_user|test_should_destroy_user|test_should_get_edit|test_should_get_index|test_should_get_new|test_should_show_user|test_should_update_user)$/"; /usr/local/rvm/rubies/ruby-1.9.3-p194/bin/ruby -I.:lib:test -rubygems test/functional/pages_controller_test.rb -n "/^(test_should_get_contact|test_should_get_home)$/"
Run options: 

# Running tests:



Finished tests in 0.003676s, 0.0000 tests/s, 0.0000 assertions/s.

0 tests, 0 assertions, 0 failures, 0 errors, 0 skips
Run options: -n "/^(test_should_create_micropost|test_should_destroy_micropost|test_should_get_edit|test_should_get_index|test_should_get_new|test_should_show_micropost|test_should_update_micropost)$/"

# Running tests:

EEEEEEE

Finished tests in 0.105396s, 66.4165 tests/s, 0.0000 assertions/s.

  1) Error:
test_should_create_micropost(MicropostsControllerTest):
ActiveRecord::StatementInvalid: Could not find table 'users'
    /usr/local/rvm/gems/ruby-1.9.3-p194/gems/activerecord-3.2.8/lib/active_record/connection_adapters/sqlite_adapter.rb:472:in `table_structure'
    /usr/local/rvm/gems/ruby-1.9.3-p194/gems/activerecord-3.2.8/lib/active_record/connection_adapters/sqlite_adapter.rb:346:in `columns'
    /usr/local/rvm/gems/ruby-1.9.3-p194/gems/activerecord-3.2.8/lib/active_record/fixtures.rb:660:in `column_names'
    /usr/local/rvm/gems/ruby-1.9.3-p194/gems/activerecord-3.2.8/lib/active_record/fixtures.rb:652:in `timestamp_column_names'
    /usr/local/rvm/gems/ruby-1.9.3-p194/gems/activerecord-3.2.8/lib/active_record/fixtures.rb:585:in `block in table_rows'
    /usr/local/rvm/gems/ruby-1.9.3-p194/gems/activerecord-3.2.8/lib/active_record/fixtures.rb:579:in `each'
    /usr/local/rvm/gems/ruby-1.9.3-p194/gems/activerecord-3.2.8/lib/active_record/fixtures.rb:579:in `map'
    /usr/local/rvm/gems/ruby-1.9.3-p194/gems/activerecord-3.2.8/lib/active_record/fixtures.rb:579:in `table_rows'
    /usr/local/rvm/gems/ruby-1.9.3-p194/gems/activerecord-3.2.8/lib/active_record/fixtures.rb:494:in `block (3 levels) in create_fixtures'
    /usr/local/rvm/gems/ruby-1.9.3-p194/gems/activerecord-3.2.8/lib/active_record/fixtures.rb:492:in `each'
    /usr/local/rvm/gems/ruby-1.9.3-p194/gems/activerecord-3.2.8/lib/active_record/fixtures.rb:492:in `block (2 levels) in create_fixtures'
    /usr/local/rvm/gems/ruby-1.9.3-p194/gems/activerecord-3.2.8/lib/active_record/connection_adapters/abstract/database_statements.rb:192:in `transaction'
    /usr/local/rvm/gems/ruby-1.9.3-p194/gems/activerecord-3.2.8/lib/active_record/fixtures.rb:491:in `block in create_fixtures'
    /usr/local/rvm/gems/ruby-1.9.3-p194/gems/activerecord-3.2.8/lib/active_record/connection_adapters/abstract_adapter.rb:168:in `disable_referential_integrity'
    /usr/local/rvm/gems/ruby-1.9.3-p194/gems/activerecord-3.2.8/lib/active_record/fixtures.rb:476:in `create_fixtures'
    /usr/local/rvm/gems/ruby-1.9.3-p194/gems/activerecord-3.2.8/lib/active_record/fixtures.rb:895:in `load_fixtures'
    /usr/local/rvm/gems/ruby-1.9.3-p194/gems/activerecord-3.2.8/lib/active_record/fixtures.rb:849:in `setup_fixtures'
    /usr/local/rvm/gems/ruby-1.9.3-p194/gems/activesupport-3.2.8/lib/active_support/callbacks.rb:429:in `_run__12948843__setup__459910__callbacks'
    /usr/local/rvm/gems/ruby-1.9.3-p194/gems/activesupport-3.2.8/lib/active_support/callbacks.rb:405:in `__run_callback'
    /usr/local/rvm/gems/ruby-1.9.3-p194/gems/activesupport-3.2.8/lib/active_support/callbacks.rb:385:in `_run_setup_callbacks'
    /usr/local/rvm/gems/ruby-1.9.3-p194/gems/activesupport-3.2.8/lib/active_support/callbacks.rb:81:in `run_callbacks'
    /usr/local/rvm/gems/ruby-1.9.3-p194/gems/activesupport-3.2.8/lib/active_support/testing/setup_and_teardown.rb:35:in `run'

  2) Error:
test_should_destroy_micropost(MicropostsControllerTest):
ActiveRecord::StatementInvalid: Could not find table 'users'
    /usr/local/rvm/gems/ruby-1.9.3-p194/gems/activerecord-3.2.8/lib/active_record/connection_adapters/sqlite_adapter.rb:472:in `table_structure'
    /usr/local/rvm/gems/ruby-1.9.3-p194/gems/activerecord-3.2.8/lib/active_record/connection_adapters/sqlite_adapter.rb:346:in `columns'
    /usr/local/rvm/gems/ruby-1.9.3-p194/gems/activerecord-3.2.8/lib/active_record/fixtures.rb:660:in `column_names'
    /usr/local/rvm/gems/ruby-1.9.3-p194/gems/activerecord-3.2.8/lib/active_record/fixtures.rb:652:in `timestamp_column_names'
    /usr/local/rvm/gems/ruby-1.9.3-p194/gems/activerecord-3.2.8/lib/active_record/fixtures.rb:585:in `block in table_rows'
    /usr/local/rvm/gems/ruby-1.9.3-p194/gems/activerecord-3.2.8/lib/active_record/fixtures.rb:579:in `each'
    /usr/local/rvm/gems/ruby-1.9.3-p194/gems/activerecord-3.2.8/lib/active_record/fixtures.rb:579:in `map'
    /usr/local/rvm/gems/ruby-1.9.3-p194/gems/activerecord-3.2.8/lib/active_record/fixtures.rb:579:in `table_rows'
    /usr/local/rvm/gems/ruby-1.9.3-p194/gems/activerecord-3.2.8/lib/active_record/fixtures.rb:494:in `block (3 levels) in create_fixtures'
    /usr/local/rvm/gems/ruby-1.9.3-p194/gems/activerecord-3.2.8/lib/active_record/fixtures.rb:492:in `each'
    /usr/local/rvm/gems/ruby-1.9.3-p194/gems/activerecord-3.2.8/lib/active_record/fixtures.rb:492:in `block (2 levels) in create_fixtures'
    /usr/local/rvm/gems/ruby-1.9.3-p194/gems/activerecord-3.2.8/lib/active_record/connection_adapters/abstract/database_statements.rb:192:in `transaction'
    /usr/local/rvm/gems/ruby-1.9.3-p194/gems/activerecord-3.2.8/lib/active_record/fixtures.rb:491:in `block in create_fixtures'
    /usr/local/rvm/gems/ruby-1.9.3-p194/gems/activerecord-3.2.8/lib/active_record/connection_adapters/abstract_adapter.rb:168:in `disable_referential_integrity'
    /usr/local/rvm/gems/ruby-1.9.3-p194/gems/activerecord-3.2.8/lib/active_record/fixtures.rb:476:in `create_fixtures'
    /usr/local/rvm/gems/ruby-1.9.3-p194/gems/activerecord-3.2.8/lib/active_record/fixtures.rb:895:in `load_fixtures'
    /usr/local/rvm/gems/ruby-1.9.3-p194/gems/activerecord-3.2.8/lib/active_record/fixtures.rb:849:in `setup_fixtures'
    /usr/local/rvm/gems/ruby-1.9.3-p194/gems/activesupport-3.2.8/lib/active_support/callbacks.rb:429:in `_run__12948843__setup__459910__callbacks'
    /usr/local/rvm/gems/ruby-1.9.3-p194/gems/activesupport-3.2.8/lib/active_support/callbacks.rb:405:in `__run_callback'
    /usr/local/rvm/gems/ruby-1.9.3-p194/gems/activesupport-3.2.8/lib/active_support/callbacks.rb:385:in `_run_setup_callbacks'
    /usr/local/rvm/gems/ruby-1.9.3-p194/gems/activesupport-3.2.8/lib/active_support/callbacks.rb:81:in `run_callbacks'
    /usr/local/rvm/gems/ruby-1.9.3-p194/gems/activesupport-3.2.8/lib/active_support/testing/setup_and_teardown.rb:35:in `run'

  3) Error:
test_should_get_edit(MicropostsControllerTest):
ActiveRecord::StatementInvalid: Could not find table 'users'
    /usr/local/rvm/gems/ruby-1.9.3-p194/gems/activerecord-3.2.8/lib/active_record/connection_adapters/sqlite_adapter.rb:472:in `table_structure'
    /usr/local/rvm/gems/ruby-1.9.3-p194/gems/activerecord-3.2.8/lib/active_record/connection_adapters/sqlite_adapter.rb:346:in `columns'
    /usr/local/rvm/gems/ruby-1.9.3-p194/gems/activerecord-3.2.8/lib/active_record/fixtures.rb:660:in `column_names'
    /usr/local/rvm/gems/ruby-1.9.3-p194/gems/activerecord-3.2.8/lib/active_record/fixtures.rb:652:in `timestamp_column_names'
    /usr/local/rvm/gems/ruby-1.9.3-p194/gems/activerecord-3.2.8/lib/active_record/fixtures.rb:585:in `block in table_rows'
    /usr/local/rvm/gems/ruby-1.9.3-p194/gems/activerecord-3.2.8/lib/active_record/fixtures.rb:579:in `each'
    /usr/local/rvm/gems/ruby-1.9.3-p194/gems/activerecord-3.2.8/lib/active_record/fixtures.rb:579:in `map'
    /usr/local/rvm/gems/ruby-1.9.3-p194/gems/activerecord-3.2.8/lib/active_record/fixtures.rb:579:in `table_rows'
    /usr/local/rvm/gems/ruby-1.9.3-p194/gems/activerecord-3.2.8/lib/active_record/fixtures.rb:494:in `block (3 levels) in create_fixtures'
    /usr/local/rvm/gems/ruby-1.9.3-p194/gems/activerecord-3.2.8/lib/active_record/fixtures.rb:492:in `each'
    /usr/local/rvm/gems/ruby-1.9.3-p194/gems/activerecord-3.2.8/lib/active_record/fixtures.rb:492:in `block (2 levels) in create_fixtures'
    /usr/local/rvm/gems/ruby-1.9.3-p194/gems/activerecord-3.2.8/lib/active_record/connection_adapters/abstract/database_statements.rb:192:in `transaction'
    /usr/local/rvm/gems/ruby-1.9.3-p194/gems/activerecord-3.2.8/lib/active_record/fixtures.rb:491:in `block in create_fixtures'
    /usr/local/rvm/gems/ruby-1.9.3-p194/gems/activerecord-3.2.8/lib/active_record/connection_adapters/abstract_adapter.rb:168:in `disable_referential_integrity'
    /usr/local/rvm/gems/ruby-1.9.3-p194/gems/activerecord-3.2.8/lib/active_record/fixtures.rb:476:in `create_fixtures'
    /usr/local/rvm/gems/ruby-1.9.3-p194/gems/activerecord-3.2.8/lib/active_record/fixtures.rb:895:in `load_fixtures'
    /usr/local/rvm/gems/ruby-1.9.3-p194/gems/activerecord-3.2.8/lib/active_record/fixtures.rb:849:in `setup_fixtures'
    /usr/local/rvm/gems/ruby-1.9.3-p194/gems/activesupport-3.2.8/lib/active_support/callbacks.rb:429:in `_run__12948843__setup__459910__callbacks'
    /usr/local/rvm/gems/ruby-1.9.3-p194/gems/activesupport-3.2.8/lib/active_support/callbacks.rb:405:in `__run_callback'
    /usr/local/rvm/gems/ruby-1.9.3-p194/gems/activesupport-3.2.8/lib/active_support/callbacks.rb:385:in `_run_setup_callbacks'
    /usr/local/rvm/gems/ruby-1.9.3-p194/gems/activesupport-3.2.8/lib/active_support/callbacks.rb:81:in `run_callbacks'
    /usr/local/rvm/gems/ruby-1.9.3-p194/gems/activesupport-3.2.8/lib/active_support/testing/setup_and_teardown.rb:35:in `run'

  4) Error:
test_should_get_index(MicropostsControllerTest):
ActiveRecord::StatementInvalid: Could not find table 'users'
    /usr/local/rvm/gems/ruby-1.9.3-p194/gems/activerecord-3.2.8/lib/active_record/connection_adapters/sqlite_adapter.rb:472:in `table_structure'
    /usr/local/rvm/gems/ruby-1.9.3-p194/gems/activerecord-3.2.8/lib/active_record/connection_adapters/sqlite_adapter.rb:346:in `columns'
    /usr/local/rvm/gems/ruby-1.9.3-p194/gems/activerecord-3.2.8/lib/active_record/fixtures.rb:660:in `column_names'
    /usr/local/rvm/gems/ruby-1.9.3-p194/gems/activerecord-3.2.8/lib/active_record/fixtures.rb:652:in `timestamp_column_names'
    /usr/local/rvm/gems/ruby-1.9.3-p194/gems/activerecord-3.2.8/lib/active_record/fixtures.rb:585:in `block in table_rows'
    /usr/local/rvm/gems/ruby-1.9.3-p194/gems/activerecord-3.2.8/lib/active_record/fixtures.rb:579:in `each'
    /usr/local/rvm/gems/ruby-1.9.3-p194/gems/activerecord-3.2.8/lib/active_record/fixtures.rb:579:in `map'
    /usr/local/rvm/gems/ruby-1.9.3-p194/gems/activerecord-3.2.8/lib/active_record/fixtures.rb:579:in `table_rows'
    /usr/local/rvm/gems/ruby-1.9.3-p194/gems/activerecord-3.2.8/lib/active_record/fixtures.rb:494:in `block (3 levels) in create_fixtures'
    /usr/local/rvm/gems/ruby-1.9.3-p194/gems/activerecord-3.2.8/lib/active_record/fixtures.rb:492:in `each'
    /usr/local/rvm/gems/ruby-1.9.3-p194/gems/activerecord-3.2.8/lib/active_record/fixtures.rb:492:in `block (2 levels) in create_fixtures'
    /usr/local/rvm/gems/ruby-1.9.3-p194/gems/activerecord-3.2.8/lib/active_record/connection_adapters/abstract/database_statements.rb:192:in `transaction'
    /usr/local/rvm/gems/ruby-1.9.3-p194/gems/activerecord-3.2.8/lib/active_record/fixtures.rb:491:in `block in create_fixtures'
    /usr/local/rvm/gems/ruby-1.9.3-p194/gems/activerecord-3.2.8/lib/active_record/connection_adapters/abstract_adapter.rb:168:in `disable_referential_integrity'
    /usr/local/rvm/gems/ruby-1.9.3-p194/gems/activerecord-3.2.8/lib/active_record/fixtures.rb:476:in `create_fixtures'
    /usr/local/rvm/gems/ruby-1.9.3-p194/gems/activerecord-3.2.8/lib/active_record/fixtures.rb:895:in `load_fixtures'
    /usr/local/rvm/gems/ruby-1.9.3-p194/gems/activerecord-3.2.8/lib/active_record/fixtures.rb:849:in `setup_fixtures'
    /usr/local/rvm/gems/ruby-1.9.3-p194/gems/activesupport-3.2.8/lib/active_support/callbacks.rb:429:in `_run__12948843__setup__459910__callbacks'
    /usr/local/rvm/gems/ruby-1.9.3-p194/gems/activesupport-3.2.8/lib/active_support/callbacks.rb:405:in `__run_callback'
    /usr/local/rvm/gems/ruby-1.9.3-p194/gems/activesupport-3.2.8/lib/active_support/callbacks.rb:385:in `_run_setup_callbacks'
    /usr/local/rvm/gems/ruby-1.9.3-p194/gems/activesupport-3.2.8/lib/active_support/callbacks.rb:81:in `run_callbacks'
    /usr/local/rvm/gems/ruby-1.9.3-p194/gems/activesupport-3.2.8/lib/active_support/testing/setup_and_teardown.rb:35:in `run'

  5) Error:
test_should_get_new(MicropostsControllerTest):
ActiveRecord::StatementInvalid: Could not find table 'users'
    /usr/local/rvm/gems/ruby-1.9.3-p194/gems/activerecord-3.2.8/lib/active_record/connection_adapters/sqlite_adapter.rb:472:in `table_structure'
    /usr/local/rvm/gems/ruby-1.9.3-p194/gems/activerecord-3.2.8/lib/active_record/connection_adapters/sqlite_adapter.rb:346:in `columns'
    /usr/local/rvm/gems/ruby-1.9.3-p194/gems/activerecord-3.2.8/lib/active_record/fixtures.rb:660:in `column_names'
    /usr/local/rvm/gems/ruby-1.9.3-p194/gems/activerecord-3.2.8/lib/active_record/fixtures.rb:652:in `timestamp_column_names'
    /usr/local/rvm/gems/ruby-1.9.3-p194/gems/activerecord-3.2.8/lib/active_record/fixtures.rb:585:in `block in table_rows'
    /usr/local/rvm/gems/ruby-1.9.3-p194/gems/activerecord-3.2.8/lib/active_record/fixtures.rb:579:in `each'
    /usr/local/rvm/gems/ruby-1.9.3-p194/gems/activerecord-3.2.8/lib/active_record/fixtures.rb:579:in `map'
    /usr/local/rvm/gems/ruby-1.9.3-p194/gems/activerecord-3.2.8/lib/active_record/fixtures.rb:579:in `table_rows'
    /usr/local/rvm/gems/ruby-1.9.3-p194/gems/activerecord-3.2.8/lib/active_record/fixtures.rb:494:in `block (3 levels) in create_fixtures'
    /usr/local/rvm/gems/ruby-1.9.3-p194/gems/activerecord-3.2.8/lib/active_record/fixtures.rb:492:in `each'
    /usr/local/rvm/gems/ruby-1.9.3-p194/gems/activerecord-3.2.8/lib/active_record/fixtures.rb:492:in `block (2 levels) in create_fixtures'
    /usr/local/rvm/gems/ruby-1.9.3-p194/gems/activerecord-3.2.8/lib/active_record/connection_adapters/abstract/database_statements.rb:192:in `transaction'
    /usr/local/rvm/gems/ruby-1.9.3-p194/gems/activerecord-3.2.8/lib/active_record/fixtures.rb:491:in `block in create_fixtures'
    /usr/local/rvm/gems/ruby-1.9.3-p194/gems/activerecord-3.2.8/lib/active_record/connection_adapters/abstract_adapter.rb:168:in `disable_referential_integrity'
    /usr/local/rvm/gems/ruby-1.9.3-p194/gems/activerecord-3.2.8/lib/active_record/fixtures.rb:476:in `create_fixtures'
    /usr/local/rvm/gems/ruby-1.9.3-p194/gems/activerecord-3.2.8/lib/active_record/fixtures.rb:895:in `load_fixtures'
    /usr/local/rvm/gems/ruby-1.9.3-p194/gems/activerecord-3.2.8/lib/active_record/fixtures.rb:849:in `setup_fixtures'
    /usr/local/rvm/gems/ruby-1.9.3-p194/gems/activesupport-3.2.8/lib/active_support/callbacks.rb:429:in `_run__12948843__setup__459910__callbacks'
    /usr/local/rvm/gems/ruby-1.9.3-p194/gems/activesupport-3.2.8/lib/active_support/callbacks.rb:405:in `__run_callback'
    /usr/local/rvm/gems/ruby-1.9.3-p194/gems/activesupport-3.2.8/lib/active_support/callbacks.rb:385:in `_run_setup_callbacks'
    /usr/local/rvm/gems/ruby-1.9.3-p194/gems/activesupport-3.2.8/lib/active_support/callbacks.rb:81:in `run_callbacks'
    /usr/local/rvm/gems/ruby-1.9.3-p194/gems/activesupport-3.2.8/lib/active_support/testing/setup_and_teardown.rb:35:in `run'

  6) Error:
test_should_show_micropost(MicropostsControllerTest):
ActiveRecord::StatementInvalid: Could not find table 'users'
    /usr/local/rvm/gems/ruby-1.9.3-p194/gems/activerecord-3.2.8/lib/active_record/connection_adapters/sqlite_adapter.rb:472:in `table_structure'
    /usr/local/rvm/gems/ruby-1.9.3-p194/gems/activerecord-3.2.8/lib/active_record/connection_adapters/sqlite_adapter.rb:346:in `columns'
    /usr/local/rvm/gems/ruby-1.9.3-p194/gems/activerecord-3.2.8/lib/active_record/fixtures.rb:660:in `column_names'
    /usr/local/rvm/gems/ruby-1.9.3-p194/gems/activerecord-3.2.8/lib/active_record/fixtures.rb:652:in `timestamp_column_names'
    /usr/local/rvm/gems/ruby-1.9.3-p194/gems/activerecord-3.2.8/lib/active_record/fixtures.rb:585:in `block in table_rows'
    /usr/local/rvm/gems/ruby-1.9.3-p194/gems/activerecord-3.2.8/lib/active_record/fixtures.rb:579:in `each'
    /usr/local/rvm/gems/ruby-1.9.3-p194/gems/activerecord-3.2.8/lib/active_record/fixtures.rb:579:in `map'
    /usr/local/rvm/gems/ruby-1.9.3-p194/gems/activerecord-3.2.8/lib/active_record/fixtures.rb:579:in `table_rows'
    /usr/local/rvm/gems/ruby-1.9.3-p194/gems/activerecord-3.2.8/lib/active_record/fixtures.rb:494:in `block (3 levels) in create_fixtures'
    /usr/local/rvm/gems/ruby-1.9.3-p194/gems/activerecord-3.2.8/lib/active_record/fixtures.rb:492:in `each'
    /usr/local/rvm/gems/ruby-1.9.3-p194/gems/activerecord-3.2.8/lib/active_record/fixtures.rb:492:in `block (2 levels) in create_fixtures'
    /usr/local/rvm/gems/ruby-1.9.3-p194/gems/activerecord-3.2.8/lib/active_record/connection_adapters/abstract/database_statements.rb:192:in `transaction'
    /usr/local/rvm/gems/ruby-1.9.3-p194/gems/activerecord-3.2.8/lib/active_record/fixtures.rb:491:in `block in create_fixtures'
    /usr/local/rvm/gems/ruby-1.9.3-p194/gems/activerecord-3.2.8/lib/active_record/connection_adapters/abstract_adapter.rb:168:in `disable_referential_integrity'
    /usr/local/rvm/gems/ruby-1.9.3-p194/gems/activerecord-3.2.8/lib/active_record/fixtures.rb:476:in `create_fixtures'
    /usr/local/rvm/gems/ruby-1.9.3-p194/gems/activerecord-3.2.8/lib/active_record/fixtures.rb:895:in `load_fixtures'
    /usr/local/rvm/gems/ruby-1.9.3-p194/gems/activerecord-3.2.8/lib/active_record/fixtures.rb:849:in `setup_fixtures'
    /usr/local/rvm/gems/ruby-1.9.3-p194/gems/activesupport-3.2.8/lib/active_support/callbacks.rb:429:in `_run__12948843__setup__459910__callbacks'
    /usr/local/rvm/gems/ruby-1.9.3-p194/gems/activesupport-3.2.8/lib/active_support/callbacks.rb:405:in `__run_callback'
    /usr/local/rvm/gems/ruby-1.9.3-p194/gems/activesupport-3.2.8/lib/active_support/callbacks.rb:385:in `_run_setup_callbacks'
    /usr/local/rvm/gems/ruby-1.9.3-p194/gems/activesupport-3.2.8/lib/active_support/callbacks.rb:81:in `run_callbacks'
    /usr/local/rvm/gems/ruby-1.9.3-p194/gems/activesupport-3.2.8/lib/active_support/testing/setup_and_teardown.rb:35:in `run'

  7) Error:
test_should_update_micropost(MicropostsControllerTest):
ActiveRecord::StatementInvalid: Could not find table 'users'
    /usr/local/rvm/gems/ruby-1.9.3-p194/gems/activerecord-3.2.8/lib/active_record/connection_adapters/sqlite_adapter.rb:472:in `table_structure'
    /usr/local/rvm/gems/ruby-1.9.3-p194/gems/activerecord-3.2.8/lib/active_record/connection_adapters/sqlite_adapter.rb:346:in `columns'
    /usr/local/rvm/gems/ruby-1.9.3-p194/gems/activerecord-3.2.8/lib/active_record/fixtures.rb:660:in `column_names'
    /usr/local/rvm/gems/ruby-1.9.3-p194/gems/activerecord-3.2.8/lib/active_record/fixtures.rb:652:in `timestamp_column_names'
    /usr/local/rvm/gems/ruby-1.9.3-p194/gems/activerecord-3.2.8/lib/active_record/fixtures.rb:585:in `block in table_rows'
    /usr/local/rvm/gems/ruby-1.9.3-p194/gems/activerecord-3.2.8/lib/active_record/fixtures.rb:579:in `each'
    /usr/local/rvm/gems/ruby-1.9.3-p194/gems/activerecord-3.2.8/lib/active_record/fixtures.rb:579:in `map'
    /usr/local/rvm/gems/ruby-1.9.3-p194/gems/activerecord-3.2.8/lib/active_record/fixtures.rb:579:in `table_rows'
    /usr/local/rvm/gems/ruby-1.9.3-p194/gems/activerecord-3.2.8/lib/active_record/fixtures.rb:494:in `block (3 levels) in create_fixtures'
    /usr/local/rvm/gems/ruby-1.9.3-p194/gems/activerecord-3.2.8/lib/active_record/fixtures.rb:492:in `each'
    /usr/local/rvm/gems/ruby-1.9.3-p194/gems/activerecord-3.2.8/lib/active_record/fixtures.rb:492:in `block (2 levels) in create_fixtures'
    /usr/local/rvm/gems/ruby-1.9.3-p194/gems/activerecord-3.2.8/lib/active_record/connection_adapters/abstract/database_statements.rb:192:in `transaction'
    /usr/local/rvm/gems/ruby-1.9.3-p194/gems/activerecord-3.2.8/lib/active_record/fixtures.rb:491:in `block in create_fixtures'
    /usr/local/rvm/gems/ruby-1.9.3-p194/gems/activerecord-3.2.8/lib/active_record/connection_adapters/abstract_adapter.rb:168:in `disable_referential_integrity'
    /usr/local/rvm/gems/ruby-1.9.3-p194/gems/activerecord-3.2.8/lib/active_record/fixtures.rb:476:in `create_fixtures'
    /usr/local/rvm/gems/ruby-1.9.3-p194/gems/activerecord-3.2.8/lib/active_record/fixtures.rb:895:in `load_fixtures'
    /usr/local/rvm/gems/ruby-1.9.3-p194/gems/activerecord-3.2.8/lib/active_record/fixtures.rb:849:in `setup_fixtures'
    /usr/local/rvm/gems/ruby-1.9.3-p194/gems/activesupport-3.2.8/lib/active_support/callbacks.rb:429:in `_run__12948843__setup__459910__callbacks'
    /usr/local/rvm/gems/ruby-1.9.3-p194/gems/activesupport-3.2.8/lib/active_support/callbacks.rb:405:in `__run_callback'
    /usr/local/rvm/gems/ruby-1.9.3-p194/gems/activesupport-3.2.8/lib/active_support/callbacks.rb:385:in `_run_setup_callbacks'
    /usr/local/rvm/gems/ruby-1.9.3-p194/gems/activesupport-3.2.8/lib/active_support/callbacks.rb:81:in `run_callbacks'
    /usr/local/rvm/gems/ruby-1.9.3-p194/gems/activesupport-3.2.8/lib/active_support/testing/setup_and_teardown.rb:35:in `run'

7 tests, 0 assertions, 0 failures, 7 errors, 0 skips
Run options: -n "/^(test_should_create_user|test_should_destroy_user|test_should_get_edit|test_should_get_index|test_should_get_new|test_should_show_user|test_should_update_user)$/"

# Running tests:

EEEEEEE

Finished tests in 0.120091s, 58.2893 tests/s, 0.0000 assertions/s.

  1) Error:
test_should_create_user(UsersControllerTest):
ActiveRecord::StatementInvalid: Could not find table 'users'
    /usr/local/rvm/gems/ruby-1.9.3-p194/gems/activerecord-3.2.8/lib/active_record/connection_adapters/sqlite_adapter.rb:472:in `table_structure'
    /usr/local/rvm/gems/ruby-1.9.3-p194/gems/activerecord-3.2.8/lib/active_record/connection_adapters/sqlite_adapter.rb:346:in `columns'
    /usr/local/rvm/gems/ruby-1.9.3-p194/gems/activerecord-3.2.8/lib/active_record/fixtures.rb:660:in `column_names'
    /usr/local/rvm/gems/ruby-1.9.3-p194/gems/activerecord-3.2.8/lib/active_record/fixtures.rb:652:in `timestamp_column_names'
    /usr/local/rvm/gems/ruby-1.9.3-p194/gems/activerecord-3.2.8/lib/active_record/fixtures.rb:585:in `block in table_rows'
    /usr/local/rvm/gems/ruby-1.9.3-p194/gems/activerecord-3.2.8/lib/active_record/fixtures.rb:579:in `each'
    /usr/local/rvm/gems/ruby-1.9.3-p194/gems/activerecord-3.2.8/lib/active_record/fixtures.rb:579:in `map'
    /usr/local/rvm/gems/ruby-1.9.3-p194/gems/activerecord-3.2.8/lib/active_record/fixtures.rb:579:in `table_rows'
    /usr/local/rvm/gems/ruby-1.9.3-p194/gems/activerecord-3.2.8/lib/active_record/fixtures.rb:494:in `block (3 levels) in create_fixtures'
    /usr/local/rvm/gems/ruby-1.9.3-p194/gems/activerecord-3.2.8/lib/active_record/fixtures.rb:492:in `each'
    /usr/local/rvm/gems/ruby-1.9.3-p194/gems/activerecord-3.2.8/lib/active_record/fixtures.rb:492:in `block (2 levels) in create_fixtures'
    /usr/local/rvm/gems/ruby-1.9.3-p194/gems/activerecord-3.2.8/lib/active_record/connection_adapters/abstract/database_statements.rb:192:in `transaction'
    /usr/local/rvm/gems/ruby-1.9.3-p194/gems/activerecord-3.2.8/lib/active_record/fixtures.rb:491:in `block in create_fixtures'
    /usr/local/rvm/gems/ruby-1.9.3-p194/gems/activerecord-3.2.8/lib/active_record/connection_adapters/abstract_adapter.rb:168:in `disable_referential_integrity'
    /usr/local/rvm/gems/ruby-1.9.3-p194/gems/activerecord-3.2.8/lib/active_record/fixtures.rb:476:in `create_fixtures'
    /usr/local/rvm/gems/ruby-1.9.3-p194/gems/activerecord-3.2.8/lib/active_record/fixtures.rb:895:in `load_fixtures'
    /usr/local/rvm/gems/ruby-1.9.3-p194/gems/activerecord-3.2.8/lib/active_record/fixtures.rb:849:in `setup_fixtures'
    /usr/local/rvm/gems/ruby-1.9.3-p194/gems/activesupport-3.2.8/lib/active_support/callbacks.rb:429:in `_run__600123670__setup__647545009__callbacks'
    /usr/local/rvm/gems/ruby-1.9.3-p194/gems/activesupport-3.2.8/lib/active_support/callbacks.rb:405:in `__run_callback'
    /usr/local/rvm/gems/ruby-1.9.3-p194/gems/activesupport-3.2.8/lib/active_support/callbacks.rb:385:in `_run_setup_callbacks'
    /usr/local/rvm/gems/ruby-1.9.3-p194/gems/activesupport-3.2.8/lib/active_support/callbacks.rb:81:in `run_callbacks'
    /usr/local/rvm/gems/ruby-1.9.3-p194/gems/activesupport-3.2.8/lib/active_support/testing/setup_and_teardown.rb:35:in `run'

  2) Error:
test_should_destroy_user(UsersControllerTest):
ActiveRecord::StatementInvalid: Could not find table 'users'
    /usr/local/rvm/gems/ruby-1.9.3-p194/gems/activerecord-3.2.8/lib/active_record/connection_adapters/sqlite_adapter.rb:472:in `table_structure'
    /usr/local/rvm/gems/ruby-1.9.3-p194/gems/activerecord-3.2.8/lib/active_record/connection_adapters/sqlite_adapter.rb:346:in `columns'
    /usr/local/rvm/gems/ruby-1.9.3-p194/gems/activerecord-3.2.8/lib/active_record/fixtures.rb:660:in `column_names'
    /usr/local/rvm/gems/ruby-1.9.3-p194/gems/activerecord-3.2.8/lib/active_record/fixtures.rb:652:in `timestamp_column_names'
    /usr/local/rvm/gems/ruby-1.9.3-p194/gems/activerecord-3.2.8/lib/active_record/fixtures.rb:585:in `block in table_rows'
    /usr/local/rvm/gems/ruby-1.9.3-p194/gems/activerecord-3.2.8/lib/active_record/fixtures.rb:579:in `each'
    /usr/local/rvm/gems/ruby-1.9.3-p194/gems/activerecord-3.2.8/lib/active_record/fixtures.rb:579:in `map'
    /usr/local/rvm/gems/ruby-1.9.3-p194/gems/activerecord-3.2.8/lib/active_record/fixtures.rb:579:in `table_rows'
    /usr/local/rvm/gems/ruby-1.9.3-p194/gems/activerecord-3.2.8/lib/active_record/fixtures.rb:494:in `block (3 levels) in create_fixtures'
    /usr/local/rvm/gems/ruby-1.9.3-p194/gems/activerecord-3.2.8/lib/active_record/fixtures.rb:492:in `each'
    /usr/local/rvm/gems/ruby-1.9.3-p194/gems/activerecord-3.2.8/lib/active_record/fixtures.rb:492:in `block (2 levels) in create_fixtures'
    /usr/local/rvm/gems/ruby-1.9.3-p194/gems/activerecord-3.2.8/lib/active_record/connection_adapters/abstract/database_statements.rb:192:in `transaction'
    /usr/local/rvm/gems/ruby-1.9.3-p194/gems/activerecord-3.2.8/lib/active_record/fixtures.rb:491:in `block in create_fixtures'
    /usr/local/rvm/gems/ruby-1.9.3-p194/gems/activerecord-3.2.8/lib/active_record/connection_adapters/abstract_adapter.rb:168:in `disable_referential_integrity'
    /usr/local/rvm/gems/ruby-1.9.3-p194/gems/activerecord-3.2.8/lib/active_record/fixtures.rb:476:in `create_fixtures'
    /usr/local/rvm/gems/ruby-1.9.3-p194/gems/activerecord-3.2.8/lib/active_record/fixtures.rb:895:in `load_fixtures'
    /usr/local/rvm/gems/ruby-1.9.3-p194/gems/activerecord-3.2.8/lib/active_record/fixtures.rb:849:in `setup_fixtures'
    /usr/local/rvm/gems/ruby-1.9.3-p194/gems/activesupport-3.2.8/lib/active_support/callbacks.rb:429:in `_run__600123670__setup__647545009__callbacks'
    /usr/local/rvm/gems/ruby-1.9.3-p194/gems/activesupport-3.2.8/lib/active_support/callbacks.rb:405:in `__run_callback'
    /usr/local/rvm/gems/ruby-1.9.3-p194/gems/activesupport-3.2.8/lib/active_support/callbacks.rb:385:in `_run_setup_callbacks'
    /usr/local/rvm/gems/ruby-1.9.3-p194/gems/activesupport-3.2.8/lib/active_support/callbacks.rb:81:in `run_callbacks'
    /usr/local/rvm/gems/ruby-1.9.3-p194/gems/activesupport-3.2.8/lib/active_support/testing/setup_and_teardown.rb:35:in `run'

  3) Error:
test_should_get_edit(UsersControllerTest):
ActiveRecord::StatementInvalid: Could not find table 'users'
    /usr/local/rvm/gems/ruby-1.9.3-p194/gems/activerecord-3.2.8/lib/active_record/connection_adapters/sqlite_adapter.rb:472:in `table_structure'
    /usr/local/rvm/gems/ruby-1.9.3-p194/gems/activerecord-3.2.8/lib/active_record/connection_adapters/sqlite_adapter.rb:346:in `columns'
    /usr/local/rvm/gems/ruby-1.9.3-p194/gems/activerecord-3.2.8/lib/active_record/fixtures.rb:660:in `column_names'
    /usr/local/rvm/gems/ruby-1.9.3-p194/gems/activerecord-3.2.8/lib/active_record/fixtures.rb:652:in `timestamp_column_names'
    /usr/local/rvm/gems/ruby-1.9.3-p194/gems/activerecord-3.2.8/lib/active_record/fixtures.rb:585:in `block in table_rows'
    /usr/local/rvm/gems/ruby-1.9.3-p194/gems/activerecord-3.2.8/lib/active_record/fixtures.rb:579:in `each'
    /usr/local/rvm/gems/ruby-1.9.3-p194/gems/activerecord-3.2.8/lib/active_record/fixtures.rb:579:in `map'
    /usr/local/rvm/gems/ruby-1.9.3-p194/gems/activerecord-3.2.8/lib/active_record/fixtures.rb:579:in `table_rows'
    /usr/local/rvm/gems/ruby-1.9.3-p194/gems/activerecord-3.2.8/lib/active_record/fixtures.rb:494:in `block (3 levels) in create_fixtures'
    /usr/local/rvm/gems/ruby-1.9.3-p194/gems/activerecord-3.2.8/lib/active_record/fixtures.rb:492:in `each'
    /usr/local/rvm/gems/ruby-1.9.3-p194/gems/activerecord-3.2.8/lib/active_record/fixtures.rb:492:in `block (2 levels) in create_fixtures'
    /usr/local/rvm/gems/ruby-1.9.3-p194/gems/activerecord-3.2.8/lib/active_record/connection_adapters/abstract/database_statements.rb:192:in `transaction'
    /usr/local/rvm/gems/ruby-1.9.3-p194/gems/activerecord-3.2.8/lib/active_record/fixtures.rb:491:in `block in create_fixtures'
    /usr/local/rvm/gems/ruby-1.9.3-p194/gems/activerecord-3.2.8/lib/active_record/connection_adapters/abstract_adapter.rb:168:in `disable_referential_integrity'
    /usr/local/rvm/gems/ruby-1.9.3-p194/gems/activerecord-3.2.8/lib/active_record/fixtures.rb:476:in `create_fixtures'
    /usr/local/rvm/gems/ruby-1.9.3-p194/gems/activerecord-3.2.8/lib/active_record/fixtures.rb:895:in `load_fixtures'
    /usr/local/rvm/gems/ruby-1.9.3-p194/gems/activerecord-3.2.8/lib/active_record/fixtures.rb:849:in `setup_fixtures'
    /usr/local/rvm/gems/ruby-1.9.3-p194/gems/activesupport-3.2.8/lib/active_support/callbacks.rb:429:in `_run__600123670__setup__647545009__callbacks'
    /usr/local/rvm/gems/ruby-1.9.3-p194/gems/activesupport-3.2.8/lib/active_support/callbacks.rb:405:in `__run_callback'
    /usr/local/rvm/gems/ruby-1.9.3-p194/gems/activesupport-3.2.8/lib/active_support/callbacks.rb:385:in `_run_setup_callbacks'
    /usr/local/rvm/gems/ruby-1.9.3-p194/gems/activesupport-3.2.8/lib/active_support/callbacks.rb:81:in `run_callbacks'
    /usr/local/rvm/gems/ruby-1.9.3-p194/gems/activesupport-3.2.8/lib/active_support/testing/setup_and_teardown.rb:35:in `run'

  4) Error:
test_should_get_index(UsersControllerTest):
ActiveRecord::StatementInvalid: Could not find table 'users'
    /usr/local/rvm/gems/ruby-1.9.3-p194/gems/activerecord-3.2.8/lib/active_record/connection_adapters/sqlite_adapter.rb:472:in `table_structure'
    /usr/local/rvm/gems/ruby-1.9.3-p194/gems/activerecord-3.2.8/lib/active_record/connection_adapters/sqlite_adapter.rb:346:in `columns'
    /usr/local/rvm/gems/ruby-1.9.3-p194/gems/activerecord-3.2.8/lib/active_record/fixtures.rb:660:in `column_names'
    /usr/local/rvm/gems/ruby-1.9.3-p194/gems/activerecord-3.2.8/lib/active_record/fixtures.rb:652:in `timestamp_column_names'
    /usr/local/rvm/gems/ruby-1.9.3-p194/gems/activerecord-3.2.8/lib/active_record/fixtures.rb:585:in `block in table_rows'
    /usr/local/rvm/gems/ruby-1.9.3-p194/gems/activerecord-3.2.8/lib/active_record/fixtures.rb:579:in `each'
    /usr/local/rvm/gems/ruby-1.9.3-p194/gems/activerecord-3.2.8/lib/active_record/fixtures.rb:579:in `map'
    /usr/local/rvm/gems/ruby-1.9.3-p194/gems/activerecord-3.2.8/lib/active_record/fixtures.rb:579:in `table_rows'
    /usr/local/rvm/gems/ruby-1.9.3-p194/gems/activerecord-3.2.8/lib/active_record/fixtures.rb:494:in `block (3 levels) in create_fixtures'
    /usr/local/rvm/gems/ruby-1.9.3-p194/gems/activerecord-3.2.8/lib/active_record/fixtures.rb:492:in `each'
    /usr/local/rvm/gems/ruby-1.9.3-p194/gems/activerecord-3.2.8/lib/active_record/fixtures.rb:492:in `block (2 levels) in create_fixtures'
    /usr/local/rvm/gems/ruby-1.9.3-p194/gems/activerecord-3.2.8/lib/active_record/connection_adapters/abstract/database_statements.rb:192:in `transaction'
    /usr/local/rvm/gems/ruby-1.9.3-p194/gems/activerecord-3.2.8/lib/active_record/fixtures.rb:491:in `block in create_fixtures'
    /usr/local/rvm/gems/ruby-1.9.3-p194/gems/activerecord-3.2.8/lib/active_record/connection_adapters/abstract_adapter.rb:168:in `disable_referential_integrity'
    /usr/local/rvm/gems/ruby-1.9.3-p194/gems/activerecord-3.2.8/lib/active_record/fixtures.rb:476:in `create_fixtures'
    /usr/local/rvm/gems/ruby-1.9.3-p194/gems/activerecord-3.2.8/lib/active_record/fixtures.rb:895:in `load_fixtures'
    /usr/local/rvm/gems/ruby-1.9.3-p194/gems/activerecord-3.2.8/lib/active_record/fixtures.rb:849:in `setup_fixtures'
    /usr/local/rvm/gems/ruby-1.9.3-p194/gems/activesupport-3.2.8/lib/active_support/callbacks.rb:429:in `_run__600123670__setup__647545009__callbacks'
    /usr/local/rvm/gems/ruby-1.9.3-p194/gems/activesupport-3.2.8/lib/active_support/callbacks.rb:405:in `__run_callback'
    /usr/local/rvm/gems/ruby-1.9.3-p194/gems/activesupport-3.2.8/lib/active_support/callbacks.rb:385:in `_run_setup_callbacks'
    /usr/local/rvm/gems/ruby-1.9.3-p194/gems/activesupport-3.2.8/lib/active_support/callbacks.rb:81:in `run_callbacks'
    /usr/local/rvm/gems/ruby-1.9.3-p194/gems/activesupport-3.2.8/lib/active_support/testing/setup_and_teardown.rb:35:in `run'

  5) Error:
test_should_get_new(UsersControllerTest):
ActiveRecord::StatementInvalid: Could not find table 'users'
    /usr/local/rvm/gems/ruby-1.9.3-p194/gems/activerecord-3.2.8/lib/active_record/connection_adapters/sqlite_adapter.rb:472:in `table_structure'
    /usr/local/rvm/gems/ruby-1.9.3-p194/gems/activerecord-3.2.8/lib/active_record/connection_adapters/sqlite_adapter.rb:346:in `columns'
    /usr/local/rvm/gems/ruby-1.9.3-p194/gems/activerecord-3.2.8/lib/active_record/fixtures.rb:660:in `column_names'
    /usr/local/rvm/gems/ruby-1.9.3-p194/gems/activerecord-3.2.8/lib/active_record/fixtures.rb:652:in `timestamp_column_names'
    /usr/local/rvm/gems/ruby-1.9.3-p194/gems/activerecord-3.2.8/lib/active_record/fixtures.rb:585:in `block in table_rows'
    /usr/local/rvm/gems/ruby-1.9.3-p194/gems/activerecord-3.2.8/lib/active_record/fixtures.rb:579:in `each'
    /usr/local/rvm/gems/ruby-1.9.3-p194/gems/activerecord-3.2.8/lib/active_record/fixtures.rb:579:in `map'
    /usr/local/rvm/gems/ruby-1.9.3-p194/gems/activerecord-3.2.8/lib/active_record/fixtures.rb:579:in `table_rows'
    /usr/local/rvm/gems/ruby-1.9.3-p194/gems/activerecord-3.2.8/lib/active_record/fixtures.rb:494:in `block (3 levels) in create_fixtures'
    /usr/local/rvm/gems/ruby-1.9.3-p194/gems/activerecord-3.2.8/lib/active_record/fixtures.rb:492:in `each'
    /usr/local/rvm/gems/ruby-1.9.3-p194/gems/activerecord-3.2.8/lib/active_record/fixtures.rb:492:in `block (2 levels) in create_fixtures'
    /usr/local/rvm/gems/ruby-1.9.3-p194/gems/activerecord-3.2.8/lib/active_record/connection_adapters/abstract/database_statements.rb:192:in `transaction'
    /usr/local/rvm/gems/ruby-1.9.3-p194/gems/activerecord-3.2.8/lib/active_record/fixtures.rb:491:in `block in create_fixtures'
    /usr/local/rvm/gems/ruby-1.9.3-p194/gems/activerecord-3.2.8/lib/active_record/connection_adapters/abstract_adapter.rb:168:in `disable_referential_integrity'
    /usr/local/rvm/gems/ruby-1.9.3-p194/gems/activerecord-3.2.8/lib/active_record/fixtures.rb:476:in `create_fixtures'
    /usr/local/rvm/gems/ruby-1.9.3-p194/gems/activerecord-3.2.8/lib/active_record/fixtures.rb:895:in `load_fixtures'
    /usr/local/rvm/gems/ruby-1.9.3-p194/gems/activerecord-3.2.8/lib/active_record/fixtures.rb:849:in `setup_fixtures'
    /usr/local/rvm/gems/ruby-1.9.3-p194/gems/activesupport-3.2.8/lib/active_support/callbacks.rb:429:in `_run__600123670__setup__647545009__callbacks'
    /usr/local/rvm/gems/ruby-1.9.3-p194/gems/activesupport-3.2.8/lib/active_support/callbacks.rb:405:in `__run_callback'
    /usr/local/rvm/gems/ruby-1.9.3-p194/gems/activesupport-3.2.8/lib/active_support/callbacks.rb:385:in `_run_setup_callbacks'
    /usr/local/rvm/gems/ruby-1.9.3-p194/gems/activesupport-3.2.8/lib/active_support/callbacks.rb:81:in `run_callbacks'
    /usr/local/rvm/gems/ruby-1.9.3-p194/gems/activesupport-3.2.8/lib/active_support/testing/setup_and_teardown.rb:35:in `run'

  6) Error:
test_should_show_user(UsersControllerTest):
ActiveRecord::StatementInvalid: Could not find table 'users'
    /usr/local/rvm/gems/ruby-1.9.3-p194/gems/activerecord-3.2.8/lib/active_record/connection_adapters/sqlite_adapter.rb:472:in `table_structure'
    /usr/local/rvm/gems/ruby-1.9.3-p194/gems/activerecord-3.2.8/lib/active_record/connection_adapters/sqlite_adapter.rb:346:in `columns'
    /usr/local/rvm/gems/ruby-1.9.3-p194/gems/activerecord-3.2.8/lib/active_record/fixtures.rb:660:in `column_names'
    /usr/local/rvm/gems/ruby-1.9.3-p194/gems/activerecord-3.2.8/lib/active_record/fixtures.rb:652:in `timestamp_column_names'
    /usr/local/rvm/gems/ruby-1.9.3-p194/gems/activerecord-3.2.8/lib/active_record/fixtures.rb:585:in `block in table_rows'
    /usr/local/rvm/gems/ruby-1.9.3-p194/gems/activerecord-3.2.8/lib/active_record/fixtures.rb:579:in `each'
    /usr/local/rvm/gems/ruby-1.9.3-p194/gems/activerecord-3.2.8/lib/active_record/fixtures.rb:579:in `map'
    /usr/local/rvm/gems/ruby-1.9.3-p194/gems/activerecord-3.2.8/lib/active_record/fixtures.rb:579:in `table_rows'
    /usr/local/rvm/gems/ruby-1.9.3-p194/gems/activerecord-3.2.8/lib/active_record/fixtures.rb:494:in `block (3 levels) in create_fixtures'
    /usr/local/rvm/gems/ruby-1.9.3-p194/gems/activerecord-3.2.8/lib/active_record/fixtures.rb:492:in `each'
    /usr/local/rvm/gems/ruby-1.9.3-p194/gems/activerecord-3.2.8/lib/active_record/fixtures.rb:492:in `block (2 levels) in create_fixtures'
    /usr/local/rvm/gems/ruby-1.9.3-p194/gems/activerecord-3.2.8/lib/active_record/connection_adapters/abstract/database_statements.rb:192:in `transaction'
    /usr/local/rvm/gems/ruby-1.9.3-p194/gems/activerecord-3.2.8/lib/active_record/fixtures.rb:491:in `block in create_fixtures'
    /usr/local/rvm/gems/ruby-1.9.3-p194/gems/activerecord-3.2.8/lib/active_record/connection_adapters/abstract_adapter.rb:168:in `disable_referential_integrity'
    /usr/local/rvm/gems/ruby-1.9.3-p194/gems/activerecord-3.2.8/lib/active_record/fixtures.rb:476:in `create_fixtures'
    /usr/local/rvm/gems/ruby-1.9.3-p194/gems/activerecord-3.2.8/lib/active_record/fixtures.rb:895:in `load_fixtures'
    /usr/local/rvm/gems/ruby-1.9.3-p194/gems/activerecord-3.2.8/lib/active_record/fixtures.rb:849:in `setup_fixtures'
    /usr/local/rvm/gems/ruby-1.9.3-p194/gems/activesupport-3.2.8/lib/active_support/callbacks.rb:429:in `_run__600123670__setup__647545009__callbacks'
    /usr/local/rvm/gems/ruby-1.9.3-p194/gems/activesupport-3.2.8/lib/active_support/callbacks.rb:405:in `__run_callback'
    /usr/local/rvm/gems/ruby-1.9.3-p194/gems/activesupport-3.2.8/lib/active_support/callbacks.rb:385:in `_run_setup_callbacks'
    /usr/local/rvm/gems/ruby-1.9.3-p194/gems/activesupport-3.2.8/lib/active_support/callbacks.rb:81:in `run_callbacks'
    /usr/local/rvm/gems/ruby-1.9.3-p194/gems/activesupport-3.2.8/lib/active_support/testing/setup_and_teardown.rb:35:in `run'

  7) Error:
test_should_update_user(UsersControllerTest):
ActiveRecord::StatementInvalid: Could not find table 'users'
    /usr/local/rvm/gems/ruby-1.9.3-p194/gems/activerecord-3.2.8/lib/active_record/connection_adapters/sqlite_adapter.rb:472:in `table_structure'
    /usr/local/rvm/gems/ruby-1.9.3-p194/gems/activerecord-3.2.8/lib/active_record/connection_adapters/sqlite_adapter.rb:346:in `columns'
    /usr/local/rvm/gems/ruby-1.9.3-p194/gems/activerecord-3.2.8/lib/active_record/fixtures.rb:660:in `column_names'
    /usr/local/rvm/gems/ruby-1.9.3-p194/gems/activerecord-3.2.8/lib/active_record/fixtures.rb:652:in `timestamp_column_names'
    /usr/local/rvm/gems/ruby-1.9.3-p194/gems/activerecord-3.2.8/lib/active_record/fixtures.rb:585:in `block in table_rows'
    /usr/local/rvm/gems/ruby-1.9.3-p194/gems/activerecord-3.2.8/lib/active_record/fixtures.rb:579:in `each'
    /usr/local/rvm/gems/ruby-1.9.3-p194/gems/activerecord-3.2.8/lib/active_record/fixtures.rb:579:in `map'
    /usr/local/rvm/gems/ruby-1.9.3-p194/gems/activerecord-3.2.8/lib/active_record/fixtures.rb:579:in `table_rows'
    /usr/local/rvm/gems/ruby-1.9.3-p194/gems/activerecord-3.2.8/lib/active_record/fixtures.rb:494:in `block (3 levels) in create_fixtures'
    /usr/local/rvm/gems/ruby-1.9.3-p194/gems/activerecord-3.2.8/lib/active_record/fixtures.rb:492:in `each'
    /usr/local/rvm/gems/ruby-1.9.3-p194/gems/activerecord-3.2.8/lib/active_record/fixtures.rb:492:in `block (2 levels) in create_fixtures'
    /usr/local/rvm/gems/ruby-1.9.3-p194/gems/activerecord-3.2.8/lib/active_record/connection_adapters/abstract/database_statements.rb:192:in `transaction'
    /usr/local/rvm/gems/ruby-1.9.3-p194/gems/activerecord-3.2.8/lib/active_record/fixtures.rb:491:in `block in create_fixtures'
    /usr/local/rvm/gems/ruby-1.9.3-p194/gems/activerecord-3.2.8/lib/active_record/connection_adapters/abstract_adapter.rb:168:in `disable_referential_integrity'
    /usr/local/rvm/gems/ruby-1.9.3-p194/gems/activerecord-3.2.8/lib/active_record/fixtures.rb:476:in `create_fixtures'
    /usr/local/rvm/gems/ruby-1.9.3-p194/gems/activerecord-3.2.8/lib/active_record/fixtures.rb:895:in `load_fixtures'
    /usr/local/rvm/gems/ruby-1.9.3-p194/gems/activerecord-3.2.8/lib/active_record/fixtures.rb:849:in `setup_fixtures'
    /usr/local/rvm/gems/ruby-1.9.3-p194/gems/activesupport-3.2.8/lib/active_support/callbacks.rb:429:in `_run__600123670__setup__647545009__callbacks'
    /usr/local/rvm/gems/ruby-1.9.3-p194/gems/activesupport-3.2.8/lib/active_support/callbacks.rb:405:in `__run_callback'
    /usr/local/rvm/gems/ruby-1.9.3-p194/gems/activesupport-3.2.8/lib/active_support/callbacks.rb:385:in `_run_setup_callbacks'
    /usr/local/rvm/gems/ruby-1.9.3-p194/gems/activesupport-3.2.8/lib/active_support/callbacks.rb:81:in `run_callbacks'
    /usr/local/rvm/gems/ruby-1.9.3-p194/gems/activesupport-3.2.8/lib/active_support/testing/setup_and_teardown.rb:35:in `run'

7 tests, 0 assertions, 0 failures, 7 errors, 0 skips
Run options: -n "/^(test_should_get_contact|test_should_get_home)$/"

# Running tests:

EE

Finished tests in 0.050455s, 39.6393 tests/s, 0.0000 assertions/s.

  1) Error:
test_should_get_contact(PagesControllerTest):
ActiveRecord::StatementInvalid: Could not find table 'users'
    /usr/local/rvm/gems/ruby-1.9.3-p194/gems/activerecord-3.2.8/lib/active_record/connection_adapters/sqlite_adapter.rb:472:in `table_structure'
    /usr/local/rvm/gems/ruby-1.9.3-p194/gems/activerecord-3.2.8/lib/active_record/connection_adapters/sqlite_adapter.rb:346:in `columns'
    /usr/local/rvm/gems/ruby-1.9.3-p194/gems/activerecord-3.2.8/lib/active_record/fixtures.rb:660:in `column_names'
    /usr/local/rvm/gems/ruby-1.9.3-p194/gems/activerecord-3.2.8/lib/active_record/fixtures.rb:652:in `timestamp_column_names'
    /usr/local/rvm/gems/ruby-1.9.3-p194/gems/activerecord-3.2.8/lib/active_record/fixtures.rb:585:in `block in table_rows'
    /usr/local/rvm/gems/ruby-1.9.3-p194/gems/activerecord-3.2.8/lib/active_record/fixtures.rb:579:in `each'
    /usr/local/rvm/gems/ruby-1.9.3-p194/gems/activerecord-3.2.8/lib/active_record/fixtures.rb:579:in `map'
    /usr/local/rvm/gems/ruby-1.9.3-p194/gems/activerecord-3.2.8/lib/active_record/fixtures.rb:579:in `table_rows'
    /usr/local/rvm/gems/ruby-1.9.3-p194/gems/activerecord-3.2.8/lib/active_record/fixtures.rb:494:in `block (3 levels) in create_fixtures'
    /usr/local/rvm/gems/ruby-1.9.3-p194/gems/activerecord-3.2.8/lib/active_record/fixtures.rb:492:in `each'
    /usr/local/rvm/gems/ruby-1.9.3-p194/gems/activerecord-3.2.8/lib/active_record/fixtures.rb:492:in `block (2 levels) in create_fixtures'
    /usr/local/rvm/gems/ruby-1.9.3-p194/gems/activerecord-3.2.8/lib/active_record/connection_adapters/abstract/database_statements.rb:192:in `transaction'
    /usr/local/rvm/gems/ruby-1.9.3-p194/gems/activerecord-3.2.8/lib/active_record/fixtures.rb:491:in `block in create_fixtures'
    /usr/local/rvm/gems/ruby-1.9.3-p194/gems/activerecord-3.2.8/lib/active_record/connection_adapters/abstract_adapter.rb:168:in `disable_referential_integrity'
    /usr/local/rvm/gems/ruby-1.9.3-p194/gems/activerecord-3.2.8/lib/active_record/fixtures.rb:476:in `create_fixtures'
    /usr/local/rvm/gems/ruby-1.9.3-p194/gems/activerecord-3.2.8/lib/active_record/fixtures.rb:895:in `load_fixtures'
    /usr/local/rvm/gems/ruby-1.9.3-p194/gems/activerecord-3.2.8/lib/active_record/fixtures.rb:849:in `setup_fixtures'
    /usr/local/rvm/gems/ruby-1.9.3-p194/gems/activesupport-3.2.8/lib/active_support/callbacks.rb:429:in `_run__988047376__setup__554373499__callbacks'
    /usr/local/rvm/gems/ruby-1.9.3-p194/gems/activesupport-3.2.8/lib/active_support/callbacks.rb:405:in `__run_callback'
    /usr/local/rvm/gems/ruby-1.9.3-p194/gems/activesupport-3.2.8/lib/active_support/callbacks.rb:385:in `_run_setup_callbacks'
    /usr/local/rvm/gems/ruby-1.9.3-p194/gems/activesupport-3.2.8/lib/active_support/callbacks.rb:81:in `run_callbacks'
    /usr/local/rvm/gems/ruby-1.9.3-p194/gems/activesupport-3.2.8/lib/active_support/testing/setup_and_teardown.rb:35:in `run'

  2) Error:
test_should_get_home(PagesControllerTest):
ActiveRecord::StatementInvalid: Could not find table 'users'
    /usr/local/rvm/gems/ruby-1.9.3-p194/gems/activerecord-3.2.8/lib/active_record/connection_adapters/sqlite_adapter.rb:472:in `table_structure'
    /usr/local/rvm/gems/ruby-1.9.3-p194/gems/activerecord-3.2.8/lib/active_record/connection_adapters/sqlite_adapter.rb:346:in `columns'
    /usr/local/rvm/gems/ruby-1.9.3-p194/gems/activerecord-3.2.8/lib/active_record/fixtures.rb:660:in `column_names'
    /usr/local/rvm/gems/ruby-1.9.3-p194/gems/activerecord-3.2.8/lib/active_record/fixtures.rb:652:in `timestamp_column_names'
    /usr/local/rvm/gems/ruby-1.9.3-p194/gems/activerecord-3.2.8/lib/active_record/fixtures.rb:585:in `block in table_rows'
    /usr/local/rvm/gems/ruby-1.9.3-p194/gems/activerecord-3.2.8/lib/active_record/fixtures.rb:579:in `each'
    /usr/local/rvm/gems/ruby-1.9.3-p194/gems/activerecord-3.2.8/lib/active_record/fixtures.rb:579:in `map'
    /usr/local/rvm/gems/ruby-1.9.3-p194/gems/activerecord-3.2.8/lib/active_record/fixtures.rb:579:in `table_rows'
    /usr/local/rvm/gems/ruby-1.9.3-p194/gems/activerecord-3.2.8/lib/active_record/fixtures.rb:494:in `block (3 levels) in create_fixtures'
    /usr/local/rvm/gems/ruby-1.9.3-p194/gems/activerecord-3.2.8/lib/active_record/fixtures.rb:492:in `each'
    /usr/local/rvm/gems/ruby-1.9.3-p194/gems/activerecord-3.2.8/lib/active_record/fixtures.rb:492:in `block (2 levels) in create_fixtures'
    /usr/local/rvm/gems/ruby-1.9.3-p194/gems/activerecord-3.2.8/lib/active_record/connection_adapters/abstract/database_statements.rb:192:in `transaction'
    /usr/local/rvm/gems/ruby-1.9.3-p194/gems/activerecord-3.2.8/lib/active_record/fixtures.rb:491:in `block in create_fixtures'
    /usr/local/rvm/gems/ruby-1.9.3-p194/gems/activerecord-3.2.8/lib/active_record/connection_adapters/abstract_adapter.rb:168:in `disable_referential_integrity'
    /usr/local/rvm/gems/ruby-1.9.3-p194/gems/activerecord-3.2.8/lib/active_record/fixtures.rb:476:in `create_fixtures'
    /usr/local/rvm/gems/ruby-1.9.3-p194/gems/activerecord-3.2.8/lib/active_record/fixtures.rb:895:in `load_fixtures'
    /usr/local/rvm/gems/ruby-1.9.3-p194/gems/activerecord-3.2.8/lib/active_record/fixtures.rb:849:in `setup_fixtures'
    /usr/local/rvm/gems/ruby-1.9.3-p194/gems/activesupport-3.2.8/lib/active_support/callbacks.rb:429:in `_run__988047376__setup__554373499__callbacks'
    /usr/local/rvm/gems/ruby-1.9.3-p194/gems/activesupport-3.2.8/lib/active_support/callbacks.rb:405:in `__run_callback'
    /usr/local/rvm/gems/ruby-1.9.3-p194/gems/activesupport-3.2.8/lib/active_support/callbacks.rb:385:in `_run_setup_callbacks'
    /usr/local/rvm/gems/ruby-1.9.3-p194/gems/activesupport-3.2.8/lib/active_support/callbacks.rb:81:in `run_callbacks'
    /usr/local/rvm/gems/ruby-1.9.3-p194/gems/activesupport-3.2.8/lib/active_support/testing/setup_and_teardown.rb:35:in `run'

2 tests, 0 assertions, 0 failures, 2 errors, 0 skips
/usr/local/rvm/rubies/ruby-1.9.3-p194/bin/ruby -I.:lib:test -rubygems -e "%w[test/unit test/unit/helpers/users_helper_test.rb test/unit/micropost_test.rb test/unit/helpers/microposts_helper_test.rb test/unit/helpers/pages_helper_test.rb test/unit/user_test.rb].each { |f| require f }"; /usr/local/rvm/rubies/ruby-1.9.3-p194/bin/ruby -I.:lib:test -rubygems test/functional/users_controller_test.rb -n "/^(test_should_create_user|test_should_destroy_user|test_should_get_edit|test_should_get_index|test_should_get_new|test_should_show_user|test_should_update_user)$/"; /usr/local/rvm/rubies/ruby-1.9.3-p194/bin/ruby -I.:lib:test -rubygems test/functional/microposts_controller_test.rb -n "/^(test_should_create_micropost|test_should_destroy_micropost|test_should_get_edit|test_should_get_index|test_should_get_new|test_should_show_micropost|test_should_update_micropost)$/"; /usr/local/rvm/rubies/ruby-1.9.3-p194/bin/ruby -I.:lib:test -rubygems test/functional/pages_controller_test.rb -n "/^(test_should_get_contact|test_should_get_home)$/"
Run options: 

# Running tests:



Finished tests in 0.006655s, 0.0000 tests/s, 0.0000 assertions/s.

0 tests, 0 assertions, 0 failures, 0 errors, 0 skips
Run options: -n "/^(test_should_create_user|test_should_destroy_user|test_should_get_edit|test_should_get_index|test_should_get_new|test_should_show_user|test_should_update_user)$/"

# Running tests:

EEEEEEE

Finished tests in 0.110093s, 63.5824 tests/s, 0.0000 assertions/s.

  1) Error:
test_should_create_user(UsersControllerTest):
ActiveRecord::StatementInvalid: Could not find table 'users'
    /usr/local/rvm/gems/ruby-1.9.3-p194/gems/activerecord-3.2.8/lib/active_record/connection_adapters/sqlite_adapter.rb:472:in `table_structure'
    /usr/local/rvm/gems/ruby-1.9.3-p194/gems/activerecord-3.2.8/lib/active_record/connection_adapters/sqlite_adapter.rb:346:in `columns'
    /usr/local/rvm/gems/ruby-1.9.3-p194/gems/activerecord-3.2.8/lib/active_record/fixtures.rb:660:in `column_names'
    /usr/local/rvm/gems/ruby-1.9.3-p194/gems/activerecord-3.2.8/lib/active_record/fixtures.rb:652:in `timestamp_column_names'
    /usr/local/rvm/gems/ruby-1.9.3-p194/gems/activerecord-3.2.8/lib/active_record/fixtures.rb:585:in `block in table_rows'
    /usr/local/rvm/gems/ruby-1.9.3-p194/gems/activerecord-3.2.8/lib/active_record/fixtures.rb:579:in `each'
    /usr/local/rvm/gems/ruby-1.9.3-p194/gems/activerecord-3.2.8/lib/active_record/fixtures.rb:579:in `map'
    /usr/local/rvm/gems/ruby-1.9.3-p194/gems/activerecord-3.2.8/lib/active_record/fixtures.rb:579:in `table_rows'
    /usr/local/rvm/gems/ruby-1.9.3-p194/gems/activerecord-3.2.8/lib/active_record/fixtures.rb:494:in `block (3 levels) in create_fixtures'
    /usr/local/rvm/gems/ruby-1.9.3-p194/gems/activerecord-3.2.8/lib/active_record/fixtures.rb:492:in `each'
    /usr/local/rvm/gems/ruby-1.9.3-p194/gems/activerecord-3.2.8/lib/active_record/fixtures.rb:492:in `block (2 levels) in create_fixtures'
    /usr/local/rvm/gems/ruby-1.9.3-p194/gems/activerecord-3.2.8/lib/active_record/connection_adapters/abstract/database_statements.rb:192:in `transaction'
    /usr/local/rvm/gems/ruby-1.9.3-p194/gems/activerecord-3.2.8/lib/active_record/fixtures.rb:491:in `block in create_fixtures'
    /usr/local/rvm/gems/ruby-1.9.3-p194/gems/activerecord-3.2.8/lib/active_record/connection_adapters/abstract_adapter.rb:168:in `disable_referential_integrity'
    /usr/local/rvm/gems/ruby-1.9.3-p194/gems/activerecord-3.2.8/lib/active_record/fixtures.rb:476:in `create_fixtures'
    /usr/local/rvm/gems/ruby-1.9.3-p194/gems/activerecord-3.2.8/lib/active_record/fixtures.rb:895:in `load_fixtures'
    /usr/local/rvm/gems/ruby-1.9.3-p194/gems/activerecord-3.2.8/lib/active_record/fixtures.rb:849:in `setup_fixtures'
    /usr/local/rvm/gems/ruby-1.9.3-p194/gems/activesupport-3.2.8/lib/active_support/callbacks.rb:429:in `_run__144315790__setup__777027930__callbacks'
    /usr/local/rvm/gems/ruby-1.9.3-p194/gems/activesupport-3.2.8/lib/active_support/callbacks.rb:405:in `__run_callback'
    /usr/local/rvm/gems/ruby-1.9.3-p194/gems/activesupport-3.2.8/lib/active_support/callbacks.rb:385:in `_run_setup_callbacks'
    /usr/local/rvm/gems/ruby-1.9.3-p194/gems/activesupport-3.2.8/lib/active_support/callbacks.rb:81:in `run_callbacks'
    /usr/local/rvm/gems/ruby-1.9.3-p194/gems/activesupport-3.2.8/lib/active_support/testing/setup_and_teardown.rb:35:in `run'

  2) Error:
test_should_destroy_user(UsersControllerTest):
ActiveRecord::StatementInvalid: Could not find table 'users'
    /usr/local/rvm/gems/ruby-1.9.3-p194/gems/activerecord-3.2.8/lib/active_record/connection_adapters/sqlite_adapter.rb:472:in `table_structure'
    /usr/local/rvm/gems/ruby-1.9.3-p194/gems/activerecord-3.2.8/lib/active_record/connection_adapters/sqlite_adapter.rb:346:in `columns'
    /usr/local/rvm/gems/ruby-1.9.3-p194/gems/activerecord-3.2.8/lib/active_record/fixtures.rb:660:in `column_names'
    /usr/local/rvm/gems/ruby-1.9.3-p194/gems/activerecord-3.2.8/lib/active_record/fixtures.rb:652:in `timestamp_column_names'
    /usr/local/rvm/gems/ruby-1.9.3-p194/gems/activerecord-3.2.8/lib/active_record/fixtures.rb:585:in `block in table_rows'
    /usr/local/rvm/gems/ruby-1.9.3-p194/gems/activerecord-3.2.8/lib/active_record/fixtures.rb:579:in `each'
    /usr/local/rvm/gems/ruby-1.9.3-p194/gems/activerecord-3.2.8/lib/active_record/fixtures.rb:579:in `map'
    /usr/local/rvm/gems/ruby-1.9.3-p194/gems/activerecord-3.2.8/lib/active_record/fixtures.rb:579:in `table_rows'
    /usr/local/rvm/gems/ruby-1.9.3-p194/gems/activerecord-3.2.8/lib/active_record/fixtures.rb:494:in `block (3 levels) in create_fixtures'
    /usr/local/rvm/gems/ruby-1.9.3-p194/gems/activerecord-3.2.8/lib/active_record/fixtures.rb:492:in `each'
    /usr/local/rvm/gems/ruby-1.9.3-p194/gems/activerecord-3.2.8/lib/active_record/fixtures.rb:492:in `block (2 levels) in create_fixtures'
    /usr/local/rvm/gems/ruby-1.9.3-p194/gems/activerecord-3.2.8/lib/active_record/connection_adapters/abstract/database_statements.rb:192:in `transaction'
    /usr/local/rvm/gems/ruby-1.9.3-p194/gems/activerecord-3.2.8/lib/active_record/fixtures.rb:491:in `block in create_fixtures'
    /usr/local/rvm/gems/ruby-1.9.3-p194/gems/activerecord-3.2.8/lib/active_record/connection_adapters/abstract_adapter.rb:168:in `disable_referential_integrity'
    /usr/local/rvm/gems/ruby-1.9.3-p194/gems/activerecord-3.2.8/lib/active_record/fixtures.rb:476:in `create_fixtures'
    /usr/local/rvm/gems/ruby-1.9.3-p194/gems/activerecord-3.2.8/lib/active_record/fixtures.rb:895:in `load_fixtures'
    /usr/local/rvm/gems/ruby-1.9.3-p194/gems/activerecord-3.2.8/lib/active_record/fixtures.rb:849:in `setup_fixtures'
    /usr/local/rvm/gems/ruby-1.9.3-p194/gems/activesupport-3.2.8/lib/active_support/callbacks.rb:429:in `_run__144315790__setup__777027930__callbacks'
    /usr/local/rvm/gems/ruby-1.9.3-p194/gems/activesupport-3.2.8/lib/active_support/callbacks.rb:405:in `__run_callback'
    /usr/local/rvm/gems/ruby-1.9.3-p194/gems/activesupport-3.2.8/lib/active_support/callbacks.rb:385:in `_run_setup_callbacks'
    /usr/local/rvm/gems/ruby-1.9.3-p194/gems/activesupport-3.2.8/lib/active_support/callbacks.rb:81:in `run_callbacks'
    /usr/local/rvm/gems/ruby-1.9.3-p194/gems/activesupport-3.2.8/lib/active_support/testing/setup_and_teardown.rb:35:in `run'

  3) Error:
test_should_get_edit(UsersControllerTest):
ActiveRecord::StatementInvalid: Could not find table 'users'
    /usr/local/rvm/gems/ruby-1.9.3-p194/gems/activerecord-3.2.8/lib/active_record/connection_adapters/sqlite_adapter.rb:472:in `table_structure'
    /usr/local/rvm/gems/ruby-1.9.3-p194/gems/activerecord-3.2.8/lib/active_record/connection_adapters/sqlite_adapter.rb:346:in `columns'
    /usr/local/rvm/gems/ruby-1.9.3-p194/gems/activerecord-3.2.8/lib/active_record/fixtures.rb:660:in `column_names'
    /usr/local/rvm/gems/ruby-1.9.3-p194/gems/activerecord-3.2.8/lib/active_record/fixtures.rb:652:in `timestamp_column_names'
    /usr/local/rvm/gems/ruby-1.9.3-p194/gems/activerecord-3.2.8/lib/active_record/fixtures.rb:585:in `block in table_rows'
    /usr/local/rvm/gems/ruby-1.9.3-p194/gems/activerecord-3.2.8/lib/active_record/fixtures.rb:579:in `each'
    /usr/local/rvm/gems/ruby-1.9.3-p194/gems/activerecord-3.2.8/lib/active_record/fixtures.rb:579:in `map'
    /usr/local/rvm/gems/ruby-1.9.3-p194/gems/activerecord-3.2.8/lib/active_record/fixtures.rb:579:in `table_rows'
    /usr/local/rvm/gems/ruby-1.9.3-p194/gems/activerecord-3.2.8/lib/active_record/fixtures.rb:494:in `block (3 levels) in create_fixtures'
    /usr/local/rvm/gems/ruby-1.9.3-p194/gems/activerecord-3.2.8/lib/active_record/fixtures.rb:492:in `each'
    /usr/local/rvm/gems/ruby-1.9.3-p194/gems/activerecord-3.2.8/lib/active_record/fixtures.rb:492:in `block (2 levels) in create_fixtures'
    /usr/local/rvm/gems/ruby-1.9.3-p194/gems/activerecord-3.2.8/lib/active_record/connection_adapters/abstract/database_statements.rb:192:in `transaction'
    /usr/local/rvm/gems/ruby-1.9.3-p194/gems/activerecord-3.2.8/lib/active_record/fixtures.rb:491:in `block in create_fixtures'
    /usr/local/rvm/gems/ruby-1.9.3-p194/gems/activerecord-3.2.8/lib/active_record/connection_adapters/abstract_adapter.rb:168:in `disable_referential_integrity'
    /usr/local/rvm/gems/ruby-1.9.3-p194/gems/activerecord-3.2.8/lib/active_record/fixtures.rb:476:in `create_fixtures'
    /usr/local/rvm/gems/ruby-1.9.3-p194/gems/activerecord-3.2.8/lib/active_record/fixtures.rb:895:in `load_fixtures'
    /usr/local/rvm/gems/ruby-1.9.3-p194/gems/activerecord-3.2.8/lib/active_record/fixtures.rb:849:in `setup_fixtures'
    /usr/local/rvm/gems/ruby-1.9.3-p194/gems/activesupport-3.2.8/lib/active_support/callbacks.rb:429:in `_run__144315790__setup__777027930__callbacks'
    /usr/local/rvm/gems/ruby-1.9.3-p194/gems/activesupport-3.2.8/lib/active_support/callbacks.rb:405:in `__run_callback'
    /usr/local/rvm/gems/ruby-1.9.3-p194/gems/activesupport-3.2.8/lib/active_support/callbacks.rb:385:in `_run_setup_callbacks'
    /usr/local/rvm/gems/ruby-1.9.3-p194/gems/activesupport-3.2.8/lib/active_support/callbacks.rb:81:in `run_callbacks'
    /usr/local/rvm/gems/ruby-1.9.3-p194/gems/activesupport-3.2.8/lib/active_support/testing/setup_and_teardown.rb:35:in `run'

  4) Error:
test_should_get_index(UsersControllerTest):
ActiveRecord::StatementInvalid: Could not find table 'users'
    /usr/local/rvm/gems/ruby-1.9.3-p194/gems/activerecord-3.2.8/lib/active_record/connection_adapters/sqlite_adapter.rb:472:in `table_structure'
    /usr/local/rvm/gems/ruby-1.9.3-p194/gems/activerecord-3.2.8/lib/active_record/connection_adapters/sqlite_adapter.rb:346:in `columns'
    /usr/local/rvm/gems/ruby-1.9.3-p194/gems/activerecord-3.2.8/lib/active_record/fixtures.rb:660:in `column_names'
    /usr/local/rvm/gems/ruby-1.9.3-p194/gems/activerecord-3.2.8/lib/active_record/fixtures.rb:652:in `timestamp_column_names'
    /usr/local/rvm/gems/ruby-1.9.3-p194/gems/activerecord-3.2.8/lib/active_record/fixtures.rb:585:in `block in table_rows'
    /usr/local/rvm/gems/ruby-1.9.3-p194/gems/activerecord-3.2.8/lib/active_record/fixtures.rb:579:in `each'
    /usr/local/rvm/gems/ruby-1.9.3-p194/gems/activerecord-3.2.8/lib/active_record/fixtures.rb:579:in `map'
    /usr/local/rvm/gems/ruby-1.9.3-p194/gems/activerecord-3.2.8/lib/active_record/fixtures.rb:579:in `table_rows'
    /usr/local/rvm/gems/ruby-1.9.3-p194/gems/activerecord-3.2.8/lib/active_record/fixtures.rb:494:in `block (3 levels) in create_fixtures'
    /usr/local/rvm/gems/ruby-1.9.3-p194/gems/activerecord-3.2.8/lib/active_record/fixtures.rb:492:in `each'
    /usr/local/rvm/gems/ruby-1.9.3-p194/gems/activerecord-3.2.8/lib/active_record/fixtures.rb:492:in `block (2 levels) in create_fixtures'
    /usr/local/rvm/gems/ruby-1.9.3-p194/gems/activerecord-3.2.8/lib/active_record/connection_adapters/abstract/database_statements.rb:192:in `transaction'
    /usr/local/rvm/gems/ruby-1.9.3-p194/gems/activerecord-3.2.8/lib/active_record/fixtures.rb:491:in `block in create_fixtures'
    /usr/local/rvm/gems/ruby-1.9.3-p194/gems/activerecord-3.2.8/lib/active_record/connection_adapters/abstract_adapter.rb:168:in `disable_referential_integrity'
    /usr/local/rvm/gems/ruby-1.9.3-p194/gems/activerecord-3.2.8/lib/active_record/fixtures.rb:476:in `create_fixtures'
    /usr/local/rvm/gems/ruby-1.9.3-p194/gems/activerecord-3.2.8/lib/active_record/fixtures.rb:895:in `load_fixtures'
    /usr/local/rvm/gems/ruby-1.9.3-p194/gems/activerecord-3.2.8/lib/active_record/fixtures.rb:849:in `setup_fixtures'
    /usr/local/rvm/gems/ruby-1.9.3-p194/gems/activesupport-3.2.8/lib/active_support/callbacks.rb:429:in `_run__144315790__setup__777027930__callbacks'
    /usr/local/rvm/gems/ruby-1.9.3-p194/gems/activesupport-3.2.8/lib/active_support/callbacks.rb:405:in `__run_callback'
    /usr/local/rvm/gems/ruby-1.9.3-p194/gems/activesupport-3.2.8/lib/active_support/callbacks.rb:385:in `_run_setup_callbacks'
    /usr/local/rvm/gems/ruby-1.9.3-p194/gems/activesupport-3.2.8/lib/active_support/callbacks.rb:81:in `run_callbacks'
    /usr/local/rvm/gems/ruby-1.9.3-p194/gems/activesupport-3.2.8/lib/active_support/testing/setup_and_teardown.rb:35:in `run'

  5) Error:
test_should_get_new(UsersControllerTest):
ActiveRecord::StatementInvalid: Could not find table 'users'
    /usr/local/rvm/gems/ruby-1.9.3-p194/gems/activerecord-3.2.8/lib/active_record/connection_adapters/sqlite_adapter.rb:472:in `table_structure'
    /usr/local/rvm/gems/ruby-1.9.3-p194/gems/activerecord-3.2.8/lib/active_record/connection_adapters/sqlite_adapter.rb:346:in `columns'
    /usr/local/rvm/gems/ruby-1.9.3-p194/gems/activerecord-3.2.8/lib/active_record/fixtures.rb:660:in `column_names'
    /usr/local/rvm/gems/ruby-1.9.3-p194/gems/activerecord-3.2.8/lib/active_record/fixtures.rb:652:in `timestamp_column_names'
    /usr/local/rvm/gems/ruby-1.9.3-p194/gems/activerecord-3.2.8/lib/active_record/fixtures.rb:585:in `block in table_rows'
    /usr/local/rvm/gems/ruby-1.9.3-p194/gems/activerecord-3.2.8/lib/active_record/fixtures.rb:579:in `each'
    /usr/local/rvm/gems/ruby-1.9.3-p194/gems/activerecord-3.2.8/lib/active_record/fixtures.rb:579:in `map'
    /usr/local/rvm/gems/ruby-1.9.3-p194/gems/activerecord-3.2.8/lib/active_record/fixtures.rb:579:in `table_rows'
    /usr/local/rvm/gems/ruby-1.9.3-p194/gems/activerecord-3.2.8/lib/active_record/fixtures.rb:494:in `block (3 levels) in create_fixtures'
    /usr/local/rvm/gems/ruby-1.9.3-p194/gems/activerecord-3.2.8/lib/active_record/fixtures.rb:492:in `each'
    /usr/local/rvm/gems/ruby-1.9.3-p194/gems/activerecord-3.2.8/lib/active_record/fixtures.rb:492:in `block (2 levels) in create_fixtures'
    /usr/local/rvm/gems/ruby-1.9.3-p194/gems/activerecord-3.2.8/lib/active_record/connection_adapters/abstract/database_statements.rb:192:in `transaction'
    /usr/local/rvm/gems/ruby-1.9.3-p194/gems/activerecord-3.2.8/lib/active_record/fixtures.rb:491:in `block in create_fixtures'
    /usr/local/rvm/gems/ruby-1.9.3-p194/gems/activerecord-3.2.8/lib/active_record/connection_adapters/abstract_adapter.rb:168:in `disable_referential_integrity'
    /usr/local/rvm/gems/ruby-1.9.3-p194/gems/activerecord-3.2.8/lib/active_record/fixtures.rb:476:in `create_fixtures'
    /usr/local/rvm/gems/ruby-1.9.3-p194/gems/activerecord-3.2.8/lib/active_record/fixtures.rb:895:in `load_fixtures'
    /usr/local/rvm/gems/ruby-1.9.3-p194/gems/activerecord-3.2.8/lib/active_record/fixtures.rb:849:in `setup_fixtures'
    /usr/local/rvm/gems/ruby-1.9.3-p194/gems/activesupport-3.2.8/lib/active_support/callbacks.rb:429:in `_run__144315790__setup__777027930__callbacks'
    /usr/local/rvm/gems/ruby-1.9.3-p194/gems/activesupport-3.2.8/lib/active_support/callbacks.rb:405:in `__run_callback'
    /usr/local/rvm/gems/ruby-1.9.3-p194/gems/activesupport-3.2.8/lib/active_support/callbacks.rb:385:in `_run_setup_callbacks'
    /usr/local/rvm/gems/ruby-1.9.3-p194/gems/activesupport-3.2.8/lib/active_support/callbacks.rb:81:in `run_callbacks'
    /usr/local/rvm/gems/ruby-1.9.3-p194/gems/activesupport-3.2.8/lib/active_support/testing/setup_and_teardown.rb:35:in `run'

  6) Error:
test_should_show_user(UsersControllerTest):
ActiveRecord::StatementInvalid: Could not find table 'users'
    /usr/local/rvm/gems/ruby-1.9.3-p194/gems/activerecord-3.2.8/lib/active_record/connection_adapters/sqlite_adapter.rb:472:in `table_structure'
    /usr/local/rvm/gems/ruby-1.9.3-p194/gems/activerecord-3.2.8/lib/active_record/connection_adapters/sqlite_adapter.rb:346:in `columns'
    /usr/local/rvm/gems/ruby-1.9.3-p194/gems/activerecord-3.2.8/lib/active_record/fixtures.rb:660:in `column_names'
    /usr/local/rvm/gems/ruby-1.9.3-p194/gems/activerecord-3.2.8/lib/active_record/fixtures.rb:652:in `timestamp_column_names'
    /usr/local/rvm/gems/ruby-1.9.3-p194/gems/activerecord-3.2.8/lib/active_record/fixtures.rb:585:in `block in table_rows'
    /usr/local/rvm/gems/ruby-1.9.3-p194/gems/activerecord-3.2.8/lib/active_record/fixtures.rb:579:in `each'
    /usr/local/rvm/gems/ruby-1.9.3-p194/gems/activerecord-3.2.8/lib/active_record/fixtures.rb:579:in `map'
    /usr/local/rvm/gems/ruby-1.9.3-p194/gems/activerecord-3.2.8/lib/active_record/fixtures.rb:579:in `table_rows'
    /usr/local/rvm/gems/ruby-1.9.3-p194/gems/activerecord-3.2.8/lib/active_record/fixtures.rb:494:in `block (3 levels) in create_fixtures'
    /usr/local/rvm/gems/ruby-1.9.3-p194/gems/activerecord-3.2.8/lib/active_record/fixtures.rb:492:in `each'
    /usr/local/rvm/gems/ruby-1.9.3-p194/gems/activerecord-3.2.8/lib/active_record/fixtures.rb:492:in `block (2 levels) in create_fixtures'
    /usr/local/rvm/gems/ruby-1.9.3-p194/gems/activerecord-3.2.8/lib/active_record/connection_adapters/abstract/database_statements.rb:192:in `transaction'
    /usr/local/rvm/gems/ruby-1.9.3-p194/gems/activerecord-3.2.8/lib/active_record/fixtures.rb:491:in `block in create_fixtures'
    /usr/local/rvm/gems/ruby-1.9.3-p194/gems/activerecord-3.2.8/lib/active_record/connection_adapters/abstract_adapter.rb:168:in `disable_referential_integrity'
    /usr/local/rvm/gems/ruby-1.9.3-p194/gems/activerecord-3.2.8/lib/active_record/fixtures.rb:476:in `create_fixtures'
    /usr/local/rvm/gems/ruby-1.9.3-p194/gems/activerecord-3.2.8/lib/active_record/fixtures.rb:895:in `load_fixtures'
    /usr/local/rvm/gems/ruby-1.9.3-p194/gems/activerecord-3.2.8/lib/active_record/fixtures.rb:849:in `setup_fixtures'
    /usr/local/rvm/gems/ruby-1.9.3-p194/gems/activesupport-3.2.8/lib/active_support/callbacks.rb:429:in `_run__144315790__setup__777027930__callbacks'
    /usr/local/rvm/gems/ruby-1.9.3-p194/gems/activesupport-3.2.8/lib/active_support/callbacks.rb:405:in `__run_callback'
    /usr/local/rvm/gems/ruby-1.9.3-p194/gems/activesupport-3.2.8/lib/active_support/callbacks.rb:385:in `_run_setup_callbacks'
    /usr/local/rvm/gems/ruby-1.9.3-p194/gems/activesupport-3.2.8/lib/active_support/callbacks.rb:81:in `run_callbacks'
    /usr/local/rvm/gems/ruby-1.9.3-p194/gems/activesupport-3.2.8/lib/active_support/testing/setup_and_teardown.rb:35:in `run'

  7) Error:
test_should_update_user(UsersControllerTest):
ActiveRecord::StatementInvalid: Could not find table 'users'
    /usr/local/rvm/gems/ruby-1.9.3-p194/gems/activerecord-3.2.8/lib/active_record/connection_adapters/sqlite_adapter.rb:472:in `table_structure'
    /usr/local/rvm/gems/ruby-1.9.3-p194/gems/activerecord-3.2.8/lib/active_record/connection_adapters/sqlite_adapter.rb:346:in `columns'
    /usr/local/rvm/gems/ruby-1.9.3-p194/gems/activerecord-3.2.8/lib/active_record/fixtures.rb:660:in `column_names'
    /usr/local/rvm/gems/ruby-1.9.3-p194/gems/activerecord-3.2.8/lib/active_record/fixtures.rb:652:in `timestamp_column_names'
    /usr/local/rvm/gems/ruby-1.9.3-p194/gems/activerecord-3.2.8/lib/active_record/fixtures.rb:585:in `block in table_rows'
    /usr/local/rvm/gems/ruby-1.9.3-p194/gems/activerecord-3.2.8/lib/active_record/fixtures.rb:579:in `each'
    /usr/local/rvm/gems/ruby-1.9.3-p194/gems/activerecord-3.2.8/lib/active_record/fixtures.rb:579:in `map'
    /usr/local/rvm/gems/ruby-1.9.3-p194/gems/activerecord-3.2.8/lib/active_record/fixtures.rb:579:in `table_rows'
    /usr/local/rvm/gems/ruby-1.9.3-p194/gems/activerecord-3.2.8/lib/active_record/fixtures.rb:494:in `block (3 levels) in create_fixtures'
    /usr/local/rvm/gems/ruby-1.9.3-p194/gems/activerecord-3.2.8/lib/active_record/fixtures.rb:492:in `each'
    /usr/local/rvm/gems/ruby-1.9.3-p194/gems/activerecord-3.2.8/lib/active_record/fixtures.rb:492:in `block (2 levels) in create_fixtures'
    /usr/local/rvm/gems/ruby-1.9.3-p194/gems/activerecord-3.2.8/lib/active_record/connection_adapters/abstract/database_statements.rb:192:in `transaction'
    /usr/local/rvm/gems/ruby-1.9.3-p194/gems/activerecord-3.2.8/lib/active_record/fixtures.rb:491:in `block in create_fixtures'
    /usr/local/rvm/gems/ruby-1.9.3-p194/gems/activerecord-3.2.8/lib/active_record/connection_adapters/abstract_adapter.rb:168:in `disable_referential_integrity'
    /usr/local/rvm/gems/ruby-1.9.3-p194/gems/activerecord-3.2.8/lib/active_record/fixtures.rb:476:in `create_fixtures'
    /usr/local/rvm/gems/ruby-1.9.3-p194/gems/activerecord-3.2.8/lib/active_record/fixtures.rb:895:in `load_fixtures'
    /usr/local/rvm/gems/ruby-1.9.3-p194/gems/activerecord-3.2.8/lib/active_record/fixtures.rb:849:in `setup_fixtures'
    /usr/local/rvm/gems/ruby-1.9.3-p194/gems/activesupport-3.2.8/lib/active_support/callbacks.rb:429:in `_run__144315790__setup__777027930__callbacks'
    /usr/local/rvm/gems/ruby-1.9.3-p194/gems/activesupport-3.2.8/lib/active_support/callbacks.rb:405:in `__run_callback'
    /usr/local/rvm/gems/ruby-1.9.3-p194/gems/activesupport-3.2.8/lib/active_support/callbacks.rb:385:in `_run_setup_callbacks'
    /usr/local/rvm/gems/ruby-1.9.3-p194/gems/activesupport-3.2.8/lib/active_support/callbacks.rb:81:in `run_callbacks'
    /usr/local/rvm/gems/ruby-1.9.3-p194/gems/activesupport-3.2.8/lib/active_support/testing/setup_and_teardown.rb:35:in `run'

7 tests, 0 assertions, 0 failures, 7 errors, 0 skips
Run options: -n "/^(test_should_create_micropost|test_should_destroy_micropost|test_should_get_edit|test_should_get_index|test_should_get_new|test_should_show_micropost|test_should_update_micropost)$/"

# Running tests:

EEEEEEE

Finished tests in 0.117014s, 59.8219 tests/s, 0.0000 assertions/s.

  1) Error:
test_should_create_micropost(MicropostsControllerTest):
ActiveRecord::StatementInvalid: Could not find table 'users'
    /usr/local/rvm/gems/ruby-1.9.3-p194/gems/activerecord-3.2.8/lib/active_record/connection_adapters/sqlite_adapter.rb:472:in `table_structure'
    /usr/local/rvm/gems/ruby-1.9.3-p194/gems/activerecord-3.2.8/lib/active_record/connection_adapters/sqlite_adapter.rb:346:in `columns'
    /usr/local/rvm/gems/ruby-1.9.3-p194/gems/activerecord-3.2.8/lib/active_record/fixtures.rb:660:in `column_names'
    /usr/local/rvm/gems/ruby-1.9.3-p194/gems/activerecord-3.2.8/lib/active_record/fixtures.rb:652:in `timestamp_column_names'
    /usr/local/rvm/gems/ruby-1.9.3-p194/gems/activerecord-3.2.8/lib/active_record/fixtures.rb:585:in `block in table_rows'
    /usr/local/rvm/gems/ruby-1.9.3-p194/gems/activerecord-3.2.8/lib/active_record/fixtures.rb:579:in `each'
    /usr/local/rvm/gems/ruby-1.9.3-p194/gems/activerecord-3.2.8/lib/active_record/fixtures.rb:579:in `map'
    /usr/local/rvm/gems/ruby-1.9.3-p194/gems/activerecord-3.2.8/lib/active_record/fixtures.rb:579:in `table_rows'
    /usr/local/rvm/gems/ruby-1.9.3-p194/gems/activerecord-3.2.8/lib/active_record/fixtures.rb:494:in `block (3 levels) in create_fixtures'
    /usr/local/rvm/gems/ruby-1.9.3-p194/gems/activerecord-3.2.8/lib/active_record/fixtures.rb:492:in `each'
    /usr/local/rvm/gems/ruby-1.9.3-p194/gems/activerecord-3.2.8/lib/active_record/fixtures.rb:492:in `block (2 levels) in create_fixtures'
    /usr/local/rvm/gems/ruby-1.9.3-p194/gems/activerecord-3.2.8/lib/active_record/connection_adapters/abstract/database_statements.rb:192:in `transaction'
    /usr/local/rvm/gems/ruby-1.9.3-p194/gems/activerecord-3.2.8/lib/active_record/fixtures.rb:491:in `block in create_fixtures'
    /usr/local/rvm/gems/ruby-1.9.3-p194/gems/activerecord-3.2.8/lib/active_record/connection_adapters/abstract_adapter.rb:168:in `disable_referential_integrity'
    /usr/local/rvm/gems/ruby-1.9.3-p194/gems/activerecord-3.2.8/lib/active_record/fixtures.rb:476:in `create_fixtures'
    /usr/local/rvm/gems/ruby-1.9.3-p194/gems/activerecord-3.2.8/lib/active_record/fixtures.rb:895:in `load_fixtures'
    /usr/local/rvm/gems/ruby-1.9.3-p194/gems/activerecord-3.2.8/lib/active_record/fixtures.rb:849:in `setup_fixtures'
    /usr/local/rvm/gems/ruby-1.9.3-p194/gems/activesupport-3.2.8/lib/active_support/callbacks.rb:429:in `_run__684072920__setup__285175248__callbacks'
    /usr/local/rvm/gems/ruby-1.9.3-p194/gems/activesupport-3.2.8/lib/active_support/callbacks.rb:405:in `__run_callback'
    /usr/local/rvm/gems/ruby-1.9.3-p194/gems/activesupport-3.2.8/lib/active_support/callbacks.rb:385:in `_run_setup_callbacks'
    /usr/local/rvm/gems/ruby-1.9.3-p194/gems/activesupport-3.2.8/lib/active_support/callbacks.rb:81:in `run_callbacks'
    /usr/local/rvm/gems/ruby-1.9.3-p194/gems/activesupport-3.2.8/lib/active_support/testing/setup_and_teardown.rb:35:in `run'

  2) Error:
test_should_destroy_micropost(MicropostsControllerTest):
ActiveRecord::StatementInvalid: Could not find table 'users'
    /usr/local/rvm/gems/ruby-1.9.3-p194/gems/activerecord-3.2.8/lib/active_record/connection_adapters/sqlite_adapter.rb:472:in `table_structure'
    /usr/local/rvm/gems/ruby-1.9.3-p194/gems/activerecord-3.2.8/lib/active_record/connection_adapters/sqlite_adapter.rb:346:in `columns'
    /usr/local/rvm/gems/ruby-1.9.3-p194/gems/activerecord-3.2.8/lib/active_record/fixtures.rb:660:in `column_names'
    /usr/local/rvm/gems/ruby-1.9.3-p194/gems/activerecord-3.2.8/lib/active_record/fixtures.rb:652:in `timestamp_column_names'
    /usr/local/rvm/gems/ruby-1.9.3-p194/gems/activerecord-3.2.8/lib/active_record/fixtures.rb:585:in `block in table_rows'
    /usr/local/rvm/gems/ruby-1.9.3-p194/gems/activerecord-3.2.8/lib/active_record/fixtures.rb:579:in `each'
    /usr/local/rvm/gems/ruby-1.9.3-p194/gems/activerecord-3.2.8/lib/active_record/fixtures.rb:579:in `map'
    /usr/local/rvm/gems/ruby-1.9.3-p194/gems/activerecord-3.2.8/lib/active_record/fixtures.rb:579:in `table_rows'
    /usr/local/rvm/gems/ruby-1.9.3-p194/gems/activerecord-3.2.8/lib/active_record/fixtures.rb:494:in `block (3 levels) in create_fixtures'
    /usr/local/rvm/gems/ruby-1.9.3-p194/gems/activerecord-3.2.8/lib/active_record/fixtures.rb:492:in `each'
    /usr/local/rvm/gems/ruby-1.9.3-p194/gems/activerecord-3.2.8/lib/active_record/fixtures.rb:492:in `block (2 levels) in create_fixtures'
    /usr/local/rvm/gems/ruby-1.9.3-p194/gems/activerecord-3.2.8/lib/active_record/connection_adapters/abstract/database_statements.rb:192:in `transaction'
    /usr/local/rvm/gems/ruby-1.9.3-p194/gems/activerecord-3.2.8/lib/active_record/fixtures.rb:491:in `block in create_fixtures'
    /usr/local/rvm/gems/ruby-1.9.3-p194/gems/activerecord-3.2.8/lib/active_record/connection_adapters/abstract_adapter.rb:168:in `disable_referential_integrity'
    /usr/local/rvm/gems/ruby-1.9.3-p194/gems/activerecord-3.2.8/lib/active_record/fixtures.rb:476:in `create_fixtures'
    /usr/local/rvm/gems/ruby-1.9.3-p194/gems/activerecord-3.2.8/lib/active_record/fixtures.rb:895:in `load_fixtures'
    /usr/local/rvm/gems/ruby-1.9.3-p194/gems/activerecord-3.2.8/lib/active_record/fixtures.rb:849:in `setup_fixtures'
    /usr/local/rvm/gems/ruby-1.9.3-p194/gems/activesupport-3.2.8/lib/active_support/callbacks.rb:429:in `_run__684072920__setup__285175248__callbacks'
    /usr/local/rvm/gems/ruby-1.9.3-p194/gems/activesupport-3.2.8/lib/active_support/callbacks.rb:405:in `__run_callback'
    /usr/local/rvm/gems/ruby-1.9.3-p194/gems/activesupport-3.2.8/lib/active_support/callbacks.rb:385:in `_run_setup_callbacks'
    /usr/local/rvm/gems/ruby-1.9.3-p194/gems/activesupport-3.2.8/lib/active_support/callbacks.rb:81:in `run_callbacks'
    /usr/local/rvm/gems/ruby-1.9.3-p194/gems/activesupport-3.2.8/lib/active_support/testing/setup_and_teardown.rb:35:in `run'

  3) Error:
test_should_get_edit(MicropostsControllerTest):
ActiveRecord::StatementInvalid: Could not find table 'users'
    /usr/local/rvm/gems/ruby-1.9.3-p194/gems/activerecord-3.2.8/lib/active_record/connection_adapters/sqlite_adapter.rb:472:in `table_structure'
    /usr/local/rvm/gems/ruby-1.9.3-p194/gems/activerecord-3.2.8/lib/active_record/connection_adapters/sqlite_adapter.rb:346:in `columns'
    /usr/local/rvm/gems/ruby-1.9.3-p194/gems/activerecord-3.2.8/lib/active_record/fixtures.rb:660:in `column_names'
    /usr/local/rvm/gems/ruby-1.9.3-p194/gems/activerecord-3.2.8/lib/active_record/fixtures.rb:652:in `timestamp_column_names'
    /usr/local/rvm/gems/ruby-1.9.3-p194/gems/activerecord-3.2.8/lib/active_record/fixtures.rb:585:in `block in table_rows'
    /usr/local/rvm/gems/ruby-1.9.3-p194/gems/activerecord-3.2.8/lib/active_record/fixtures.rb:579:in `each'
    /usr/local/rvm/gems/ruby-1.9.3-p194/gems/activerecord-3.2.8/lib/active_record/fixtures.rb:579:in `map'
    /usr/local/rvm/gems/ruby-1.9.3-p194/gems/activerecord-3.2.8/lib/active_record/fixtures.rb:579:in `table_rows'
    /usr/local/rvm/gems/ruby-1.9.3-p194/gems/activerecord-3.2.8/lib/active_record/fixtures.rb:494:in `block (3 levels) in create_fixtures'
    /usr/local/rvm/gems/ruby-1.9.3-p194/gems/activerecord-3.2.8/lib/active_record/fixtures.rb:492:in `each'
    /usr/local/rvm/gems/ruby-1.9.3-p194/gems/activerecord-3.2.8/lib/active_record/fixtures.rb:492:in `block (2 levels) in create_fixtures'
    /usr/local/rvm/gems/ruby-1.9.3-p194/gems/activerecord-3.2.8/lib/active_record/connection_adapters/abstract/database_statements.rb:192:in `transaction'
    /usr/local/rvm/gems/ruby-1.9.3-p194/gems/activerecord-3.2.8/lib/active_record/fixtures.rb:491:in `block in create_fixtures'
    /usr/local/rvm/gems/ruby-1.9.3-p194/gems/activerecord-3.2.8/lib/active_record/connection_adapters/abstract_adapter.rb:168:in `disable_referential_integrity'
    /usr/local/rvm/gems/ruby-1.9.3-p194/gems/activerecord-3.2.8/lib/active_record/fixtures.rb:476:in `create_fixtures'
    /usr/local/rvm/gems/ruby-1.9.3-p194/gems/activerecord-3.2.8/lib/active_record/fixtures.rb:895:in `load_fixtures'
    /usr/local/rvm/gems/ruby-1.9.3-p194/gems/activerecord-3.2.8/lib/active_record/fixtures.rb:849:in `setup_fixtures'
    /usr/local/rvm/gems/ruby-1.9.3-p194/gems/activesupport-3.2.8/lib/active_support/callbacks.rb:429:in `_run__684072920__setup__285175248__callbacks'
    /usr/local/rvm/gems/ruby-1.9.3-p194/gems/activesupport-3.2.8/lib/active_support/callbacks.rb:405:in `__run_callback'
    /usr/local/rvm/gems/ruby-1.9.3-p194/gems/activesupport-3.2.8/lib/active_support/callbacks.rb:385:in `_run_setup_callbacks'
    /usr/local/rvm/gems/ruby-1.9.3-p194/gems/activesupport-3.2.8/lib/active_support/callbacks.rb:81:in `run_callbacks'
    /usr/local/rvm/gems/ruby-1.9.3-p194/gems/activesupport-3.2.8/lib/active_support/testing/setup_and_teardown.rb:35:in `run'

  4) Error:
test_should_get_index(MicropostsControllerTest):
ActiveRecord::StatementInvalid: Could not find table 'users'
    /usr/local/rvm/gems/ruby-1.9.3-p194/gems/activerecord-3.2.8/lib/active_record/connection_adapters/sqlite_adapter.rb:472:in `table_structure'
    /usr/local/rvm/gems/ruby-1.9.3-p194/gems/activerecord-3.2.8/lib/active_record/connection_adapters/sqlite_adapter.rb:346:in `columns'
    /usr/local/rvm/gems/ruby-1.9.3-p194/gems/activerecord-3.2.8/lib/active_record/fixtures.rb:660:in `column_names'
    /usr/local/rvm/gems/ruby-1.9.3-p194/gems/activerecord-3.2.8/lib/active_record/fixtures.rb:652:in `timestamp_column_names'
    /usr/local/rvm/gems/ruby-1.9.3-p194/gems/activerecord-3.2.8/lib/active_record/fixtures.rb:585:in `block in table_rows'
    /usr/local/rvm/gems/ruby-1.9.3-p194/gems/activerecord-3.2.8/lib/active_record/fixtures.rb:579:in `each'
    /usr/local/rvm/gems/ruby-1.9.3-p194/gems/activerecord-3.2.8/lib/active_record/fixtures.rb:579:in `map'
    /usr/local/rvm/gems/ruby-1.9.3-p194/gems/activerecord-3.2.8/lib/active_record/fixtures.rb:579:in `table_rows'
    /usr/local/rvm/gems/ruby-1.9.3-p194/gems/activerecord-3.2.8/lib/active_record/fixtures.rb:494:in `block (3 levels) in create_fixtures'
    /usr/local/rvm/gems/ruby-1.9.3-p194/gems/activerecord-3.2.8/lib/active_record/fixtures.rb:492:in `each'
    /usr/local/rvm/gems/ruby-1.9.3-p194/gems/activerecord-3.2.8/lib/active_record/fixtures.rb:492:in `block (2 levels) in create_fixtures'
    /usr/local/rvm/gems/ruby-1.9.3-p194/gems/activerecord-3.2.8/lib/active_record/connection_adapters/abstract/database_statements.rb:192:in `transaction'
    /usr/local/rvm/gems/ruby-1.9.3-p194/gems/activerecord-3.2.8/lib/active_record/fixtures.rb:491:in `block in create_fixtures'
    /usr/local/rvm/gems/ruby-1.9.3-p194/gems/activerecord-3.2.8/lib/active_record/connection_adapters/abstract_adapter.rb:168:in `disable_referential_integrity'
    /usr/local/rvm/gems/ruby-1.9.3-p194/gems/activerecord-3.2.8/lib/active_record/fixtures.rb:476:in `create_fixtures'
    /usr/local/rvm/gems/ruby-1.9.3-p194/gems/activerecord-3.2.8/lib/active_record/fixtures.rb:895:in `load_fixtures'
    /usr/local/rvm/gems/ruby-1.9.3-p194/gems/activerecord-3.2.8/lib/active_record/fixtures.rb:849:in `setup_fixtures'
    /usr/local/rvm/gems/ruby-1.9.3-p194/gems/activesupport-3.2.8/lib/active_support/callbacks.rb:429:in `_run__684072920__setup__285175248__callbacks'
    /usr/local/rvm/gems/ruby-1.9.3-p194/gems/activesupport-3.2.8/lib/active_support/callbacks.rb:405:in `__run_callback'
    /usr/local/rvm/gems/ruby-1.9.3-p194/gems/activesupport-3.2.8/lib/active_support/callbacks.rb:385:in `_run_setup_callbacks'
    /usr/local/rvm/gems/ruby-1.9.3-p194/gems/activesupport-3.2.8/lib/active_support/callbacks.rb:81:in `run_callbacks'
    /usr/local/rvm/gems/ruby-1.9.3-p194/gems/activesupport-3.2.8/lib/active_support/testing/setup_and_teardown.rb:35:in `run'

  5) Error:
test_should_get_new(MicropostsControllerTest):
ActiveRecord::StatementInvalid: Could not find table 'users'
    /usr/local/rvm/gems/ruby-1.9.3-p194/gems/activerecord-3.2.8/lib/active_record/connection_adapters/sqlite_adapter.rb:472:in `table_structure'
    /usr/local/rvm/gems/ruby-1.9.3-p194/gems/activerecord-3.2.8/lib/active_record/connection_adapters/sqlite_adapter.rb:346:in `columns'
    /usr/local/rvm/gems/ruby-1.9.3-p194/gems/activerecord-3.2.8/lib/active_record/fixtures.rb:660:in `column_names'
    /usr/local/rvm/gems/ruby-1.9.3-p194/gems/activerecord-3.2.8/lib/active_record/fixtures.rb:652:in `timestamp_column_names'
    /usr/local/rvm/gems/ruby-1.9.3-p194/gems/activerecord-3.2.8/lib/active_record/fixtures.rb:585:in `block in table_rows'
    /usr/local/rvm/gems/ruby-1.9.3-p194/gems/activerecord-3.2.8/lib/active_record/fixtures.rb:579:in `each'
    /usr/local/rvm/gems/ruby-1.9.3-p194/gems/activerecord-3.2.8/lib/active_record/fixtures.rb:579:in `map'
    /usr/local/rvm/gems/ruby-1.9.3-p194/gems/activerecord-3.2.8/lib/active_record/fixtures.rb:579:in `table_rows'
    /usr/local/rvm/gems/ruby-1.9.3-p194/gems/activerecord-3.2.8/lib/active_record/fixtures.rb:494:in `block (3 levels) in create_fixtures'
    /usr/local/rvm/gems/ruby-1.9.3-p194/gems/activerecord-3.2.8/lib/active_record/fixtures.rb:492:in `each'
    /usr/local/rvm/gems/ruby-1.9.3-p194/gems/activerecord-3.2.8/lib/active_record/fixtures.rb:492:in `block (2 levels) in create_fixtures'
    /usr/local/rvm/gems/ruby-1.9.3-p194/gems/activerecord-3.2.8/lib/active_record/connection_adapters/abstract/database_statements.rb:192:in `transaction'
    /usr/local/rvm/gems/ruby-1.9.3-p194/gems/activerecord-3.2.8/lib/active_record/fixtures.rb:491:in `block in create_fixtures'
    /usr/local/rvm/gems/ruby-1.9.3-p194/gems/activerecord-3.2.8/lib/active_record/connection_adapters/abstract_adapter.rb:168:in `disable_referential_integrity'
    /usr/local/rvm/gems/ruby-1.9.3-p194/gems/activerecord-3.2.8/lib/active_record/fixtures.rb:476:in `create_fixtures'
    /usr/local/rvm/gems/ruby-1.9.3-p194/gems/activerecord-3.2.8/lib/active_record/fixtures.rb:895:in `load_fixtures'
    /usr/local/rvm/gems/ruby-1.9.3-p194/gems/activerecord-3.2.8/lib/active_record/fixtures.rb:849:in `setup_fixtures'
    /usr/local/rvm/gems/ruby-1.9.3-p194/gems/activesupport-3.2.8/lib/active_support/callbacks.rb:429:in `_run__684072920__setup__285175248__callbacks'
    /usr/local/rvm/gems/ruby-1.9.3-p194/gems/activesupport-3.2.8/lib/active_support/callbacks.rb:405:in `__run_callback'
    /usr/local/rvm/gems/ruby-1.9.3-p194/gems/activesupport-3.2.8/lib/active_support/callbacks.rb:385:in `_run_setup_callbacks'
    /usr/local/rvm/gems/ruby-1.9.3-p194/gems/activesupport-3.2.8/lib/active_support/callbacks.rb:81:in `run_callbacks'
    /usr/local/rvm/gems/ruby-1.9.3-p194/gems/activesupport-3.2.8/lib/active_support/testing/setup_and_teardown.rb:35:in `run'

  6) Error:
test_should_show_micropost(MicropostsControllerTest):
ActiveRecord::StatementInvalid: Could not find table 'users'
    /usr/local/rvm/gems/ruby-1.9.3-p194/gems/activerecord-3.2.8/lib/active_record/connection_adapters/sqlite_adapter.rb:472:in `table_structure'
    /usr/local/rvm/gems/ruby-1.9.3-p194/gems/activerecord-3.2.8/lib/active_record/connection_adapters/sqlite_adapter.rb:346:in `columns'
    /usr/local/rvm/gems/ruby-1.9.3-p194/gems/activerecord-3.2.8/lib/active_record/fixtures.rb:660:in `column_names'
    /usr/local/rvm/gems/ruby-1.9.3-p194/gems/activerecord-3.2.8/lib/active_record/fixtures.rb:652:in `timestamp_column_names'
    /usr/local/rvm/gems/ruby-1.9.3-p194/gems/activerecord-3.2.8/lib/active_record/fixtures.rb:585:in `block in table_rows'
    /usr/local/rvm/gems/ruby-1.9.3-p194/gems/activerecord-3.2.8/lib/active_record/fixtures.rb:579:in `each'
    /usr/local/rvm/gems/ruby-1.9.3-p194/gems/activerecord-3.2.8/lib/active_record/fixtures.rb:579:in `map'
    /usr/local/rvm/gems/ruby-1.9.3-p194/gems/activerecord-3.2.8/lib/active_record/fixtures.rb:579:in `table_rows'
    /usr/local/rvm/gems/ruby-1.9.3-p194/gems/activerecord-3.2.8/lib/active_record/fixtures.rb:494:in `block (3 levels) in create_fixtures'
    /usr/local/rvm/gems/ruby-1.9.3-p194/gems/activerecord-3.2.8/lib/active_record/fixtures.rb:492:in `each'
    /usr/local/rvm/gems/ruby-1.9.3-p194/gems/activerecord-3.2.8/lib/active_record/fixtures.rb:492:in `block (2 levels) in create_fixtures'
    /usr/local/rvm/gems/ruby-1.9.3-p194/gems/activerecord-3.2.8/lib/active_record/connection_adapters/abstract/database_statements.rb:192:in `transaction'
    /usr/local/rvm/gems/ruby-1.9.3-p194/gems/activerecord-3.2.8/lib/active_record/fixtures.rb:491:in `block in create_fixtures'
    /usr/local/rvm/gems/ruby-1.9.3-p194/gems/activerecord-3.2.8/lib/active_record/connection_adapters/abstract_adapter.rb:168:in `disable_referential_integrity'
    /usr/local/rvm/gems/ruby-1.9.3-p194/gems/activerecord-3.2.8/lib/active_record/fixtures.rb:476:in `create_fixtures'
    /usr/local/rvm/gems/ruby-1.9.3-p194/gems/activerecord-3.2.8/lib/active_record/fixtures.rb:895:in `load_fixtures'
    /usr/local/rvm/gems/ruby-1.9.3-p194/gems/activerecord-3.2.8/lib/active_record/fixtures.rb:849:in `setup_fixtures'
    /usr/local/rvm/gems/ruby-1.9.3-p194/gems/activesupport-3.2.8/lib/active_support/callbacks.rb:429:in `_run__684072920__setup__285175248__callbacks'
    /usr/local/rvm/gems/ruby-1.9.3-p194/gems/activesupport-3.2.8/lib/active_support/callbacks.rb:405:in `__run_callback'
    /usr/local/rvm/gems/ruby-1.9.3-p194/gems/activesupport-3.2.8/lib/active_support/callbacks.rb:385:in `_run_setup_callbacks'
    /usr/local/rvm/gems/ruby-1.9.3-p194/gems/activesupport-3.2.8/lib/active_support/callbacks.rb:81:in `run_callbacks'
    /usr/local/rvm/gems/ruby-1.9.3-p194/gems/activesupport-3.2.8/lib/active_support/testing/setup_and_teardown.rb:35:in `run'

  7) Error:
test_should_update_micropost(MicropostsControllerTest):
ActiveRecord::StatementInvalid: Could not find table 'users'
    /usr/local/rvm/gems/ruby-1.9.3-p194/gems/activerecord-3.2.8/lib/active_record/connection_adapters/sqlite_adapter.rb:472:in `table_structure'
    /usr/local/rvm/gems/ruby-1.9.3-p194/gems/activerecord-3.2.8/lib/active_record/connection_adapters/sqlite_adapter.rb:346:in `columns'
    /usr/local/rvm/gems/ruby-1.9.3-p194/gems/activerecord-3.2.8/lib/active_record/fixtures.rb:660:in `column_names'
    /usr/local/rvm/gems/ruby-1.9.3-p194/gems/activerecord-3.2.8/lib/active_record/fixtures.rb:652:in `timestamp_column_names'
    /usr/local/rvm/gems/ruby-1.9.3-p194/gems/activerecord-3.2.8/lib/active_record/fixtures.rb:585:in `block in table_rows'
    /usr/local/rvm/gems/ruby-1.9.3-p194/gems/activerecord-3.2.8/lib/active_record/fixtures.rb:579:in `each'
    /usr/local/rvm/gems/ruby-1.9.3-p194/gems/activerecord-3.2.8/lib/active_record/fixtures.rb:579:in `map'
    /usr/local/rvm/gems/ruby-1.9.3-p194/gems/activerecord-3.2.8/lib/active_record/fixtures.rb:579:in `table_rows'
    /usr/local/rvm/gems/ruby-1.9.3-p194/gems/activerecord-3.2.8/lib/active_record/fixtures.rb:494:in `block (3 levels) in create_fixtures'
    /usr/local/rvm/gems/ruby-1.9.3-p194/gems/activerecord-3.2.8/lib/active_record/fixtures.rb:492:in `each'
    /usr/local/rvm/gems/ruby-1.9.3-p194/gems/activerecord-3.2.8/lib/active_record/fixtures.rb:492:in `block (2 levels) in create_fixtures'
    /usr/local/rvm/gems/ruby-1.9.3-p194/gems/activerecord-3.2.8/lib/active_record/connection_adapters/abstract/database_statements.rb:192:in `transaction'
    /usr/local/rvm/gems/ruby-1.9.3-p194/gems/activerecord-3.2.8/lib/active_record/fixtures.rb:491:in `block in create_fixtures'
    /usr/local/rvm/gems/ruby-1.9.3-p194/gems/activerecord-3.2.8/lib/active_record/connection_adapters/abstract_adapter.rb:168:in `disable_referential_integrity'
    /usr/local/rvm/gems/ruby-1.9.3-p194/gems/activerecord-3.2.8/lib/active_record/fixtures.rb:476:in `create_fixtures'
    /usr/local/rvm/gems/ruby-1.9.3-p194/gems/activerecord-3.2.8/lib/active_record/fixtures.rb:895:in `load_fixtures'
    /usr/local/rvm/gems/ruby-1.9.3-p194/gems/activerecord-3.2.8/lib/active_record/fixtures.rb:849:in `setup_fixtures'
    /usr/local/rvm/gems/ruby-1.9.3-p194/gems/activesupport-3.2.8/lib/active_support/callbacks.rb:429:in `_run__684072920__setup__285175248__callbacks'
    /usr/local/rvm/gems/ruby-1.9.3-p194/gems/activesupport-3.2.8/lib/active_support/callbacks.rb:405:in `__run_callback'
    /usr/local/rvm/gems/ruby-1.9.3-p194/gems/activesupport-3.2.8/lib/active_support/callbacks.rb:385:in `_run_setup_callbacks'
    /usr/local/rvm/gems/ruby-1.9.3-p194/gems/activesupport-3.2.8/lib/active_support/callbacks.rb:81:in `run_callbacks'
    /usr/local/rvm/gems/ruby-1.9.3-p194/gems/activesupport-3.2.8/lib/active_support/testing/setup_and_teardown.rb:35:in `run'

7 tests, 0 assertions, 0 failures, 7 errors, 0 skips
Run options: -n "/^(test_should_get_contact|test_should_get_home)$/"

# Running tests:

EE

Finished tests in 0.044838s, 44.6049 tests/s, 0.0000 assertions/s.

  1) Error:
test_should_get_contact(PagesControllerTest):
ActiveRecord::StatementInvalid: Could not find table 'users'
    /usr/local/rvm/gems/ruby-1.9.3-p194/gems/activerecord-3.2.8/lib/active_record/connection_adapters/sqlite_adapter.rb:472:in `table_structure'
    /usr/local/rvm/gems/ruby-1.9.3-p194/gems/activerecord-3.2.8/lib/active_record/connection_adapters/sqlite_adapter.rb:346:in `columns'
    /usr/local/rvm/gems/ruby-1.9.3-p194/gems/activerecord-3.2.8/lib/active_record/fixtures.rb:660:in `column_names'
    /usr/local/rvm/gems/ruby-1.9.3-p194/gems/activerecord-3.2.8/lib/active_record/fixtures.rb:652:in `timestamp_column_names'
    /usr/local/rvm/gems/ruby-1.9.3-p194/gems/activerecord-3.2.8/lib/active_record/fixtures.rb:585:in `block in table_rows'
    /usr/local/rvm/gems/ruby-1.9.3-p194/gems/activerecord-3.2.8/lib/active_record/fixtures.rb:579:in `each'
    /usr/local/rvm/gems/ruby-1.9.3-p194/gems/activerecord-3.2.8/lib/active_record/fixtures.rb:579:in `map'
    /usr/local/rvm/gems/ruby-1.9.3-p194/gems/activerecord-3.2.8/lib/active_record/fixtures.rb:579:in `table_rows'
    /usr/local/rvm/gems/ruby-1.9.3-p194/gems/activerecord-3.2.8/lib/active_record/fixtures.rb:494:in `block (3 levels) in create_fixtures'
    /usr/local/rvm/gems/ruby-1.9.3-p194/gems/activerecord-3.2.8/lib/active_record/fixtures.rb:492:in `each'
    /usr/local/rvm/gems/ruby-1.9.3-p194/gems/activerecord-3.2.8/lib/active_record/fixtures.rb:492:in `block (2 levels) in create_fixtures'
    /usr/local/rvm/gems/ruby-1.9.3-p194/gems/activerecord-3.2.8/lib/active_record/connection_adapters/abstract/database_statements.rb:192:in `transaction'
    /usr/local/rvm/gems/ruby-1.9.3-p194/gems/activerecord-3.2.8/lib/active_record/fixtures.rb:491:in `block in create_fixtures'
    /usr/local/rvm/gems/ruby-1.9.3-p194/gems/activerecord-3.2.8/lib/active_record/connection_adapters/abstract_adapter.rb:168:in `disable_referential_integrity'
    /usr/local/rvm/gems/ruby-1.9.3-p194/gems/activerecord-3.2.8/lib/active_record/fixtures.rb:476:in `create_fixtures'
    /usr/local/rvm/gems/ruby-1.9.3-p194/gems/activerecord-3.2.8/lib/active_record/fixtures.rb:895:in `load_fixtures'
    /usr/local/rvm/gems/ruby-1.9.3-p194/gems/activerecord-3.2.8/lib/active_record/fixtures.rb:849:in `setup_fixtures'
    /usr/local/rvm/gems/ruby-1.9.3-p194/gems/activesupport-3.2.8/lib/active_support/callbacks.rb:429:in `_run__2864712__setup__44734440__callbacks'
    /usr/local/rvm/gems/ruby-1.9.3-p194/gems/activesupport-3.2.8/lib/active_support/callbacks.rb:405:in `__run_callback'
    /usr/local/rvm/gems/ruby-1.9.3-p194/gems/activesupport-3.2.8/lib/active_support/callbacks.rb:385:in `_run_setup_callbacks'
    /usr/local/rvm/gems/ruby-1.9.3-p194/gems/activesupport-3.2.8/lib/active_support/callbacks.rb:81:in `run_callbacks'
    /usr/local/rvm/gems/ruby-1.9.3-p194/gems/activesupport-3.2.8/lib/active_support/testing/setup_and_teardown.rb:35:in `run'

  2) Error:
test_should_get_home(PagesControllerTest):
ActiveRecord::StatementInvalid: Could not find table 'users'
    /usr/local/rvm/gems/ruby-1.9.3-p194/gems/activerecord-3.2.8/lib/active_record/connection_adapters/sqlite_adapter.rb:472:in `table_structure'
    /usr/local/rvm/gems/ruby-1.9.3-p194/gems/activerecord-3.2.8/lib/active_record/connection_adapters/sqlite_adapter.rb:346:in `columns'
    /usr/local/rvm/gems/ruby-1.9.3-p194/gems/activerecord-3.2.8/lib/active_record/fixtures.rb:660:in `column_names'
    /usr/local/rvm/gems/ruby-1.9.3-p194/gems/activerecord-3.2.8/lib/active_record/fixtures.rb:652:in `timestamp_column_names'
    /usr/local/rvm/gems/ruby-1.9.3-p194/gems/activerecord-3.2.8/lib/active_record/fixtures.rb:585:in `block in table_rows'
    /usr/local/rvm/gems/ruby-1.9.3-p194/gems/activerecord-3.2.8/lib/active_record/fixtures.rb:579:in `each'
    /usr/local/rvm/gems/ruby-1.9.3-p194/gems/activerecord-3.2.8/lib/active_record/fixtures.rb:579:in `map'
    /usr/local/rvm/gems/ruby-1.9.3-p194/gems/activerecord-3.2.8/lib/active_record/fixtures.rb:579:in `table_rows'
    /usr/local/rvm/gems/ruby-1.9.3-p194/gems/activerecord-3.2.8/lib/active_record/fixtures.rb:494:in `block (3 levels) in create_fixtures'
    /usr/local/rvm/gems/ruby-1.9.3-p194/gems/activerecord-3.2.8/lib/active_record/fixtures.rb:492:in `each'
    /usr/local/rvm/gems/ruby-1.9.3-p194/gems/activerecord-3.2.8/lib/active_record/fixtures.rb:492:in `block (2 levels) in create_fixtures'
    /usr/local/rvm/gems/ruby-1.9.3-p194/gems/activerecord-3.2.8/lib/active_record/connection_adapters/abstract/database_statements.rb:192:in `transaction'
    /usr/local/rvm/gems/ruby-1.9.3-p194/gems/activerecord-3.2.8/lib/active_record/fixtures.rb:491:in `block in create_fixtures'
    /usr/local/rvm/gems/ruby-1.9.3-p194/gems/activerecord-3.2.8/lib/active_record/connection_adapters/abstract_adapter.rb:168:in `disable_referential_integrity'
    /usr/local/rvm/gems/ruby-1.9.3-p194/gems/activerecord-3.2.8/lib/active_record/fixtures.rb:476:in `create_fixtures'
    /usr/local/rvm/gems/ruby-1.9.3-p194/gems/activerecord-3.2.8/lib/active_record/fixtures.rb:895:in `load_fixtures'
    /usr/local/rvm/gems/ruby-1.9.3-p194/gems/activerecord-3.2.8/lib/active_record/fixtures.rb:849:in `setup_fixtures'
    /usr/local/rvm/gems/ruby-1.9.3-p194/gems/activesupport-3.2.8/lib/active_support/callbacks.rb:429:in `_run__2864712__setup__44734440__callbacks'
    /usr/local/rvm/gems/ruby-1.9.3-p194/gems/activesupport-3.2.8/lib/active_support/callbacks.rb:405:in `__run_callback'
    /usr/local/rvm/gems/ruby-1.9.3-p194/gems/activesupport-3.2.8/lib/active_support/callbacks.rb:385:in `_run_setup_callbacks'
    /usr/local/rvm/gems/ruby-1.9.3-p194/gems/activesupport-3.2.8/lib/active_support/callbacks.rb:81:in `run_callbacks'
    /usr/local/rvm/gems/ruby-1.9.3-p194/gems/activesupport-3.2.8/lib/active_support/testing/setup_and_teardown.rb:35:in `run'

2 tests, 0 assertions, 0 failures, 2 errors, 0 skips
/usr/local/rvm/rubies/ruby-1.9.3-p194/bin/ruby -I.:lib:test -rubygems test/functional/users_controller_test.rb -n "/^(test_should_create_user|test_should_destroy_user|test_should_get_edit|test_should_get_index|test_should_get_new|test_should_show_user|test_should_update_user)$/"; /usr/local/rvm/rubies/ruby-1.9.3-p194/bin/ruby -I.:lib:test -rubygems test/functional/pages_controller_test.rb -n "/^(test_should_get_contact|test_should_get_home)$/"; /usr/local/rvm/rubies/ruby-1.9.3-p194/bin/ruby -I.:lib:test -rubygems test/functional/microposts_controller_test.rb -n "/^(test_should_create_micropost|test_should_destroy_micropost|test_should_get_edit|test_should_get_index|test_should_get_new|test_should_show_micropost|test_should_update_micropost)$/"
Run options: -n "/^(test_should_create_user|test_should_destroy_user|test_should_get_edit|test_should_get_index|test_should_get_new|test_should_show_user|test_should_update_user)$/"

# Running tests:

EEEEEEE

Finished tests in 0.107103s, 65.3578 tests/s, 0.0000 assertions/s.

  1) Error:
test_should_create_user(UsersControllerTest):
ActiveRecord::StatementInvalid: Could not find table 'users'
    /usr/local/rvm/gems/ruby-1.9.3-p194/gems/activerecord-3.2.8/lib/active_record/connection_adapters/sqlite_adapter.rb:472:in `table_structure'
    /usr/local/rvm/gems/ruby-1.9.3-p194/gems/activerecord-3.2.8/lib/active_record/connection_adapters/sqlite_adapter.rb:346:in `columns'
    /usr/local/rvm/gems/ruby-1.9.3-p194/gems/activerecord-3.2.8/lib/active_record/fixtures.rb:660:in `column_names'
    /usr/local/rvm/gems/ruby-1.9.3-p194/gems/activerecord-3.2.8/lib/active_record/fixtures.rb:652:in `timestamp_column_names'
    /usr/local/rvm/gems/ruby-1.9.3-p194/gems/activerecord-3.2.8/lib/active_record/fixtures.rb:585:in `block in table_rows'
    /usr/local/rvm/gems/ruby-1.9.3-p194/gems/activerecord-3.2.8/lib/active_record/fixtures.rb:579:in `each'
    /usr/local/rvm/gems/ruby-1.9.3-p194/gems/activerecord-3.2.8/lib/active_record/fixtures.rb:579:in `map'
    /usr/local/rvm/gems/ruby-1.9.3-p194/gems/activerecord-3.2.8/lib/active_record/fixtures.rb:579:in `table_rows'
    /usr/local/rvm/gems/ruby-1.9.3-p194/gems/activerecord-3.2.8/lib/active_record/fixtures.rb:494:in `block (3 levels) in create_fixtures'
    /usr/local/rvm/gems/ruby-1.9.3-p194/gems/activerecord-3.2.8/lib/active_record/fixtures.rb:492:in `each'
    /usr/local/rvm/gems/ruby-1.9.3-p194/gems/activerecord-3.2.8/lib/active_record/fixtures.rb:492:in `block (2 levels) in create_fixtures'
    /usr/local/rvm/gems/ruby-1.9.3-p194/gems/activerecord-3.2.8/lib/active_record/connection_adapters/abstract/database_statements.rb:192:in `transaction'
    /usr/local/rvm/gems/ruby-1.9.3-p194/gems/activerecord-3.2.8/lib/active_record/fixtures.rb:491:in `block in create_fixtures'
    /usr/local/rvm/gems/ruby-1.9.3-p194/gems/activerecord-3.2.8/lib/active_record/connection_adapters/abstract_adapter.rb:168:in `disable_referential_integrity'
    /usr/local/rvm/gems/ruby-1.9.3-p194/gems/activerecord-3.2.8/lib/active_record/fixtures.rb:476:in `create_fixtures'
    /usr/local/rvm/gems/ruby-1.9.3-p194/gems/activerecord-3.2.8/lib/active_record/fixtures.rb:895:in `load_fixtures'
    /usr/local/rvm/gems/ruby-1.9.3-p194/gems/activerecord-3.2.8/lib/active_record/fixtures.rb:849:in `setup_fixtures'
    /usr/local/rvm/gems/ruby-1.9.3-p194/gems/activesupport-3.2.8/lib/active_support/callbacks.rb:429:in `_run__101909270__setup__279601473__callbacks'
    /usr/local/rvm/gems/ruby-1.9.3-p194/gems/activesupport-3.2.8/lib/active_support/callbacks.rb:405:in `__run_callback'
    /usr/local/rvm/gems/ruby-1.9.3-p194/gems/activesupport-3.2.8/lib/active_support/callbacks.rb:385:in `_run_setup_callbacks'
    /usr/local/rvm/gems/ruby-1.9.3-p194/gems/activesupport-3.2.8/lib/active_support/callbacks.rb:81:in `run_callbacks'
    /usr/local/rvm/gems/ruby-1.9.3-p194/gems/activesupport-3.2.8/lib/active_support/testing/setup_and_teardown.rb:35:in `run'

  2) Error:
test_should_destroy_user(UsersControllerTest):
ActiveRecord::StatementInvalid: Could not find table 'users'
    /usr/local/rvm/gems/ruby-1.9.3-p194/gems/activerecord-3.2.8/lib/active_record/connection_adapters/sqlite_adapter.rb:472:in `table_structure'
    /usr/local/rvm/gems/ruby-1.9.3-p194/gems/activerecord-3.2.8/lib/active_record/connection_adapters/sqlite_adapter.rb:346:in `columns'
    /usr/local/rvm/gems/ruby-1.9.3-p194/gems/activerecord-3.2.8/lib/active_record/fixtures.rb:660:in `column_names'
    /usr/local/rvm/gems/ruby-1.9.3-p194/gems/activerecord-3.2.8/lib/active_record/fixtures.rb:652:in `timestamp_column_names'
    /usr/local/rvm/gems/ruby-1.9.3-p194/gems/activerecord-3.2.8/lib/active_record/fixtures.rb:585:in `block in table_rows'
    /usr/local/rvm/gems/ruby-1.9.3-p194/gems/activerecord-3.2.8/lib/active_record/fixtures.rb:579:in `each'
    /usr/local/rvm/gems/ruby-1.9.3-p194/gems/activerecord-3.2.8/lib/active_record/fixtures.rb:579:in `map'
    /usr/local/rvm/gems/ruby-1.9.3-p194/gems/activerecord-3.2.8/lib/active_record/fixtures.rb:579:in `table_rows'
    /usr/local/rvm/gems/ruby-1.9.3-p194/gems/activerecord-3.2.8/lib/active_record/fixtures.rb:494:in `block (3 levels) in create_fixtures'
    /usr/local/rvm/gems/ruby-1.9.3-p194/gems/activerecord-3.2.8/lib/active_record/fixtures.rb:492:in `each'
    /usr/local/rvm/gems/ruby-1.9.3-p194/gems/activerecord-3.2.8/lib/active_record/fixtures.rb:492:in `block (2 levels) in create_fixtures'
    /usr/local/rvm/gems/ruby-1.9.3-p194/gems/activerecord-3.2.8/lib/active_record/connection_adapters/abstract/database_statements.rb:192:in `transaction'
    /usr/local/rvm/gems/ruby-1.9.3-p194/gems/activerecord-3.2.8/lib/active_record/fixtures.rb:491:in `block in create_fixtures'
    /usr/local/rvm/gems/ruby-1.9.3-p194/gems/activerecord-3.2.8/lib/active_record/connection_adapters/abstract_adapter.rb:168:in `disable_referential_integrity'
    /usr/local/rvm/gems/ruby-1.9.3-p194/gems/activerecord-3.2.8/lib/active_record/fixtures.rb:476:in `create_fixtures'
    /usr/local/rvm/gems/ruby-1.9.3-p194/gems/activerecord-3.2.8/lib/active_record/fixtures.rb:895:in `load_fixtures'
    /usr/local/rvm/gems/ruby-1.9.3-p194/gems/activerecord-3.2.8/lib/active_record/fixtures.rb:849:in `setup_fixtures'
    /usr/local/rvm/gems/ruby-1.9.3-p194/gems/activesupport-3.2.8/lib/active_support/callbacks.rb:429:in `_run__101909270__setup__279601473__callbacks'
    /usr/local/rvm/gems/ruby-1.9.3-p194/gems/activesupport-3.2.8/lib/active_support/callbacks.rb:405:in `__run_callback'
    /usr/local/rvm/gems/ruby-1.9.3-p194/gems/activesupport-3.2.8/lib/active_support/callbacks.rb:385:in `_run_setup_callbacks'
    /usr/local/rvm/gems/ruby-1.9.3-p194/gems/activesupport-3.2.8/lib/active_support/callbacks.rb:81:in `run_callbacks'
    /usr/local/rvm/gems/ruby-1.9.3-p194/gems/activesupport-3.2.8/lib/active_support/testing/setup_and_teardown.rb:35:in `run'

  3) Error:
test_should_get_edit(UsersControllerTest):
ActiveRecord::StatementInvalid: Could not find table 'users'
    /usr/local/rvm/gems/ruby-1.9.3-p194/gems/activerecord-3.2.8/lib/active_record/connection_adapters/sqlite_adapter.rb:472:in `table_structure'
    /usr/local/rvm/gems/ruby-1.9.3-p194/gems/activerecord-3.2.8/lib/active_record/connection_adapters/sqlite_adapter.rb:346:in `columns'
    /usr/local/rvm/gems/ruby-1.9.3-p194/gems/activerecord-3.2.8/lib/active_record/fixtures.rb:660:in `column_names'
    /usr/local/rvm/gems/ruby-1.9.3-p194/gems/activerecord-3.2.8/lib/active_record/fixtures.rb:652:in `timestamp_column_names'
    /usr/local/rvm/gems/ruby-1.9.3-p194/gems/activerecord-3.2.8/lib/active_record/fixtures.rb:585:in `block in table_rows'
    /usr/local/rvm/gems/ruby-1.9.3-p194/gems/activerecord-3.2.8/lib/active_record/fixtures.rb:579:in `each'
    /usr/local/rvm/gems/ruby-1.9.3-p194/gems/activerecord-3.2.8/lib/active_record/fixtures.rb:579:in `map'
    /usr/local/rvm/gems/ruby-1.9.3-p194/gems/activerecord-3.2.8/lib/active_record/fixtures.rb:579:in `table_rows'
    /usr/local/rvm/gems/ruby-1.9.3-p194/gems/activerecord-3.2.8/lib/active_record/fixtures.rb:494:in `block (3 levels) in create_fixtures'
    /usr/local/rvm/gems/ruby-1.9.3-p194/gems/activerecord-3.2.8/lib/active_record/fixtures.rb:492:in `each'
    /usr/local/rvm/gems/ruby-1.9.3-p194/gems/activerecord-3.2.8/lib/active_record/fixtures.rb:492:in `block (2 levels) in create_fixtures'
    /usr/local/rvm/gems/ruby-1.9.3-p194/gems/activerecord-3.2.8/lib/active_record/connection_adapters/abstract/database_statements.rb:192:in `transaction'
    /usr/local/rvm/gems/ruby-1.9.3-p194/gems/activerecord-3.2.8/lib/active_record/fixtures.rb:491:in `block in create_fixtures'
    /usr/local/rvm/gems/ruby-1.9.3-p194/gems/activerecord-3.2.8/lib/active_record/connection_adapters/abstract_adapter.rb:168:in `disable_referential_integrity'
    /usr/local/rvm/gems/ruby-1.9.3-p194/gems/activerecord-3.2.8/lib/active_record/fixtures.rb:476:in `create_fixtures'
    /usr/local/rvm/gems/ruby-1.9.3-p194/gems/activerecord-3.2.8/lib/active_record/fixtures.rb:895:in `load_fixtures'
    /usr/local/rvm/gems/ruby-1.9.3-p194/gems/activerecord-3.2.8/lib/active_record/fixtures.rb:849:in `setup_fixtures'
    /usr/local/rvm/gems/ruby-1.9.3-p194/gems/activesupport-3.2.8/lib/active_support/callbacks.rb:429:in `_run__101909270__setup__279601473__callbacks'
    /usr/local/rvm/gems/ruby-1.9.3-p194/gems/activesupport-3.2.8/lib/active_support/callbacks.rb:405:in `__run_callback'
    /usr/local/rvm/gems/ruby-1.9.3-p194/gems/activesupport-3.2.8/lib/active_support/callbacks.rb:385:in `_run_setup_callbacks'
    /usr/local/rvm/gems/ruby-1.9.3-p194/gems/activesupport-3.2.8/lib/active_support/callbacks.rb:81:in `run_callbacks'
    /usr/local/rvm/gems/ruby-1.9.3-p194/gems/activesupport-3.2.8/lib/active_support/testing/setup_and_teardown.rb:35:in `run'

  4) Error:
test_should_get_index(UsersControllerTest):
ActiveRecord::StatementInvalid: Could not find table 'users'
    /usr/local/rvm/gems/ruby-1.9.3-p194/gems/activerecord-3.2.8/lib/active_record/connection_adapters/sqlite_adapter.rb:472:in `table_structure'
    /usr/local/rvm/gems/ruby-1.9.3-p194/gems/activerecord-3.2.8/lib/active_record/connection_adapters/sqlite_adapter.rb:346:in `columns'
    /usr/local/rvm/gems/ruby-1.9.3-p194/gems/activerecord-3.2.8/lib/active_record/fixtures.rb:660:in `column_names'
    /usr/local/rvm/gems/ruby-1.9.3-p194/gems/activerecord-3.2.8/lib/active_record/fixtures.rb:652:in `timestamp_column_names'
    /usr/local/rvm/gems/ruby-1.9.3-p194/gems/activerecord-3.2.8/lib/active_record/fixtures.rb:585:in `block in table_rows'
    /usr/local/rvm/gems/ruby-1.9.3-p194/gems/activerecord-3.2.8/lib/active_record/fixtures.rb:579:in `each'
    /usr/local/rvm/gems/ruby-1.9.3-p194/gems/activerecord-3.2.8/lib/active_record/fixtures.rb:579:in `map'
    /usr/local/rvm/gems/ruby-1.9.3-p194/gems/activerecord-3.2.8/lib/active_record/fixtures.rb:579:in `table_rows'
    /usr/local/rvm/gems/ruby-1.9.3-p194/gems/activerecord-3.2.8/lib/active_record/fixtures.rb:494:in `block (3 levels) in create_fixtures'
    /usr/local/rvm/gems/ruby-1.9.3-p194/gems/activerecord-3.2.8/lib/active_record/fixtures.rb:492:in `each'
    /usr/local/rvm/gems/ruby-1.9.3-p194/gems/activerecord-3.2.8/lib/active_record/fixtures.rb:492:in `block (2 levels) in create_fixtures'
    /usr/local/rvm/gems/ruby-1.9.3-p194/gems/activerecord-3.2.8/lib/active_record/connection_adapters/abstract/database_statements.rb:192:in `transaction'
    /usr/local/rvm/gems/ruby-1.9.3-p194/gems/activerecord-3.2.8/lib/active_record/fixtures.rb:491:in `block in create_fixtures'
    /usr/local/rvm/gems/ruby-1.9.3-p194/gems/activerecord-3.2.8/lib/active_record/connection_adapters/abstract_adapter.rb:168:in `disable_referential_integrity'
    /usr/local/rvm/gems/ruby-1.9.3-p194/gems/activerecord-3.2.8/lib/active_record/fixtures.rb:476:in `create_fixtures'
    /usr/local/rvm/gems/ruby-1.9.3-p194/gems/activerecord-3.2.8/lib/active_record/fixtures.rb:895:in `load_fixtures'
    /usr/local/rvm/gems/ruby-1.9.3-p194/gems/activerecord-3.2.8/lib/active_record/fixtures.rb:849:in `setup_fixtures'
    /usr/local/rvm/gems/ruby-1.9.3-p194/gems/activesupport-3.2.8/lib/active_support/callbacks.rb:429:in `_run__101909270__setup__279601473__callbacks'
    /usr/local/rvm/gems/ruby-1.9.3-p194/gems/activesupport-3.2.8/lib/active_support/callbacks.rb:405:in `__run_callback'
    /usr/local/rvm/gems/ruby-1.9.3-p194/gems/activesupport-3.2.8/lib/active_support/callbacks.rb:385:in `_run_setup_callbacks'
    /usr/local/rvm/gems/ruby-1.9.3-p194/gems/activesupport-3.2.8/lib/active_support/callbacks.rb:81:in `run_callbacks'
    /usr/local/rvm/gems/ruby-1.9.3-p194/gems/activesupport-3.2.8/lib/active_support/testing/setup_and_teardown.rb:35:in `run'

  5) Error:
test_should_get_new(UsersControllerTest):
ActiveRecord::StatementInvalid: Could not find table 'users'
    /usr/local/rvm/gems/ruby-1.9.3-p194/gems/activerecord-3.2.8/lib/active_record/connection_adapters/sqlite_adapter.rb:472:in `table_structure'
    /usr/local/rvm/gems/ruby-1.9.3-p194/gems/activerecord-3.2.8/lib/active_record/connection_adapters/sqlite_adapter.rb:346:in `columns'
    /usr/local/rvm/gems/ruby-1.9.3-p194/gems/activerecord-3.2.8/lib/active_record/fixtures.rb:660:in `column_names'
    /usr/local/rvm/gems/ruby-1.9.3-p194/gems/activerecord-3.2.8/lib/active_record/fixtures.rb:652:in `timestamp_column_names'
    /usr/local/rvm/gems/ruby-1.9.3-p194/gems/activerecord-3.2.8/lib/active_record/fixtures.rb:585:in `block in table_rows'
    /usr/local/rvm/gems/ruby-1.9.3-p194/gems/activerecord-3.2.8/lib/active_record/fixtures.rb:579:in `each'
    /usr/local/rvm/gems/ruby-1.9.3-p194/gems/activerecord-3.2.8/lib/active_record/fixtures.rb:579:in `map'
    /usr/local/rvm/gems/ruby-1.9.3-p194/gems/activerecord-3.2.8/lib/active_record/fixtures.rb:579:in `table_rows'
    /usr/local/rvm/gems/ruby-1.9.3-p194/gems/activerecord-3.2.8/lib/active_record/fixtures.rb:494:in `block (3 levels) in create_fixtures'
    /usr/local/rvm/gems/ruby-1.9.3-p194/gems/activerecord-3.2.8/lib/active_record/fixtures.rb:492:in `each'
    /usr/local/rvm/gems/ruby-1.9.3-p194/gems/activerecord-3.2.8/lib/active_record/fixtures.rb:492:in `block (2 levels) in create_fixtures'
    /usr/local/rvm/gems/ruby-1.9.3-p194/gems/activerecord-3.2.8/lib/active_record/connection_adapters/abstract/database_statements.rb:192:in `transaction'
    /usr/local/rvm/gems/ruby-1.9.3-p194/gems/activerecord-3.2.8/lib/active_record/fixtures.rb:491:in `block in create_fixtures'
    /usr/local/rvm/gems/ruby-1.9.3-p194/gems/activerecord-3.2.8/lib/active_record/connection_adapters/abstract_adapter.rb:168:in `disable_referential_integrity'
    /usr/local/rvm/gems/ruby-1.9.3-p194/gems/activerecord-3.2.8/lib/active_record/fixtures.rb:476:in `create_fixtures'
    /usr/local/rvm/gems/ruby-1.9.3-p194/gems/activerecord-3.2.8/lib/active_record/fixtures.rb:895:in `load_fixtures'
    /usr/local/rvm/gems/ruby-1.9.3-p194/gems/activerecord-3.2.8/lib/active_record/fixtures.rb:849:in `setup_fixtures'
    /usr/local/rvm/gems/ruby-1.9.3-p194/gems/activesupport-3.2.8/lib/active_support/callbacks.rb:429:in `_run__101909270__setup__279601473__callbacks'
    /usr/local/rvm/gems/ruby-1.9.3-p194/gems/activesupport-3.2.8/lib/active_support/callbacks.rb:405:in `__run_callback'
    /usr/local/rvm/gems/ruby-1.9.3-p194/gems/activesupport-3.2.8/lib/active_support/callbacks.rb:385:in `_run_setup_callbacks'
    /usr/local/rvm/gems/ruby-1.9.3-p194/gems/activesupport-3.2.8/lib/active_support/callbacks.rb:81:in `run_callbacks'
    /usr/local/rvm/gems/ruby-1.9.3-p194/gems/activesupport-3.2.8/lib/active_support/testing/setup_and_teardown.rb:35:in `run'

  6) Error:
test_should_show_user(UsersControllerTest):
ActiveRecord::StatementInvalid: Could not find table 'users'
    /usr/local/rvm/gems/ruby-1.9.3-p194/gems/activerecord-3.2.8/lib/active_record/connection_adapters/sqlite_adapter.rb:472:in `table_structure'
    /usr/local/rvm/gems/ruby-1.9.3-p194/gems/activerecord-3.2.8/lib/active_record/connection_adapters/sqlite_adapter.rb:346:in `columns'
    /usr/local/rvm/gems/ruby-1.9.3-p194/gems/activerecord-3.2.8/lib/active_record/fixtures.rb:660:in `column_names'
    /usr/local/rvm/gems/ruby-1.9.3-p194/gems/activerecord-3.2.8/lib/active_record/fixtures.rb:652:in `timestamp_column_names'
    /usr/local/rvm/gems/ruby-1.9.3-p194/gems/activerecord-3.2.8/lib/active_record/fixtures.rb:585:in `block in table_rows'
    /usr/local/rvm/gems/ruby-1.9.3-p194/gems/activerecord-3.2.8/lib/active_record/fixtures.rb:579:in `each'
    /usr/local/rvm/gems/ruby-1.9.3-p194/gems/activerecord-3.2.8/lib/active_record/fixtures.rb:579:in `map'
    /usr/local/rvm/gems/ruby-1.9.3-p194/gems/activerecord-3.2.8/lib/active_record/fixtures.rb:579:in `table_rows'
    /usr/local/rvm/gems/ruby-1.9.3-p194/gems/activerecord-3.2.8/lib/active_record/fixtures.rb:494:in `block (3 levels) in create_fixtures'
    /usr/local/rvm/gems/ruby-1.9.3-p194/gems/activerecord-3.2.8/lib/active_record/fixtures.rb:492:in `each'
    /usr/local/rvm/gems/ruby-1.9.3-p194/gems/activerecord-3.2.8/lib/active_record/fixtures.rb:492:in `block (2 levels) in create_fixtures'
    /usr/local/rvm/gems/ruby-1.9.3-p194/gems/activerecord-3.2.8/lib/active_record/connection_adapters/abstract/database_statements.rb:192:in `transaction'
    /usr/local/rvm/gems/ruby-1.9.3-p194/gems/activerecord-3.2.8/lib/active_record/fixtures.rb:491:in `block in create_fixtures'
    /usr/local/rvm/gems/ruby-1.9.3-p194/gems/activerecord-3.2.8/lib/active_record/connection_adapters/abstract_adapter.rb:168:in `disable_referential_integrity'
    /usr/local/rvm/gems/ruby-1.9.3-p194/gems/activerecord-3.2.8/lib/active_record/fixtures.rb:476:in `create_fixtures'
    /usr/local/rvm/gems/ruby-1.9.3-p194/gems/activerecord-3.2.8/lib/active_record/fixtures.rb:895:in `load_fixtures'
    /usr/local/rvm/gems/ruby-1.9.3-p194/gems/activerecord-3.2.8/lib/active_record/fixtures.rb:849:in `setup_fixtures'
    /usr/local/rvm/gems/ruby-1.9.3-p194/gems/activesupport-3.2.8/lib/active_support/callbacks.rb:429:in `_run__101909270__setup__279601473__callbacks'
    /usr/local/rvm/gems/ruby-1.9.3-p194/gems/activesupport-3.2.8/lib/active_support/callbacks.rb:405:in `__run_callback'
    /usr/local/rvm/gems/ruby-1.9.3-p194/gems/activesupport-3.2.8/lib/active_support/callbacks.rb:385:in `_run_setup_callbacks'
    /usr/local/rvm/gems/ruby-1.9.3-p194/gems/activesupport-3.2.8/lib/active_support/callbacks.rb:81:in `run_callbacks'
    /usr/local/rvm/gems/ruby-1.9.3-p194/gems/activesupport-3.2.8/lib/active_support/testing/setup_and_teardown.rb:35:in `run'

  7) Error:
test_should_update_user(UsersControllerTest):
ActiveRecord::StatementInvalid: Could not find table 'users'
    /usr/local/rvm/gems/ruby-1.9.3-p194/gems/activerecord-3.2.8/lib/active_record/connection_adapters/sqlite_adapter.rb:472:in `table_structure'
    /usr/local/rvm/gems/ruby-1.9.3-p194/gems/activerecord-3.2.8/lib/active_record/connection_adapters/sqlite_adapter.rb:346:in `columns'
    /usr/local/rvm/gems/ruby-1.9.3-p194/gems/activerecord-3.2.8/lib/active_record/fixtures.rb:660:in `column_names'
    /usr/local/rvm/gems/ruby-1.9.3-p194/gems/activerecord-3.2.8/lib/active_record/fixtures.rb:652:in `timestamp_column_names'
    /usr/local/rvm/gems/ruby-1.9.3-p194/gems/activerecord-3.2.8/lib/active_record/fixtures.rb:585:in `block in table_rows'
    /usr/local/rvm/gems/ruby-1.9.3-p194/gems/activerecord-3.2.8/lib/active_record/fixtures.rb:579:in `each'
    /usr/local/rvm/gems/ruby-1.9.3-p194/gems/activerecord-3.2.8/lib/active_record/fixtures.rb:579:in `map'
    /usr/local/rvm/gems/ruby-1.9.3-p194/gems/activerecord-3.2.8/lib/active_record/fixtures.rb:579:in `table_rows'
    /usr/local/rvm/gems/ruby-1.9.3-p194/gems/activerecord-3.2.8/lib/active_record/fixtures.rb:494:in `block (3 levels) in create_fixtures'
    /usr/local/rvm/gems/ruby-1.9.3-p194/gems/activerecord-3.2.8/lib/active_record/fixtures.rb:492:in `each'
    /usr/local/rvm/gems/ruby-1.9.3-p194/gems/activerecord-3.2.8/lib/active_record/fixtures.rb:492:in `block (2 levels) in create_fixtures'
    /usr/local/rvm/gems/ruby-1.9.3-p194/gems/activerecord-3.2.8/lib/active_record/connection_adapters/abstract/database_statements.rb:192:in `transaction'
    /usr/local/rvm/gems/ruby-1.9.3-p194/gems/activerecord-3.2.8/lib/active_record/fixtures.rb:491:in `block in create_fixtures'
    /usr/local/rvm/gems/ruby-1.9.3-p194/gems/activerecord-3.2.8/lib/active_record/connection_adapters/abstract_adapter.rb:168:in `disable_referential_integrity'
    /usr/local/rvm/gems/ruby-1.9.3-p194/gems/activerecord-3.2.8/lib/active_record/fixtures.rb:476:in `create_fixtures'
    /usr/local/rvm/gems/ruby-1.9.3-p194/gems/activerecord-3.2.8/lib/active_record/fixtures.rb:895:in `load_fixtures'
    /usr/local/rvm/gems/ruby-1.9.3-p194/gems/activerecord-3.2.8/lib/active_record/fixtures.rb:849:in `setup_fixtures'
    /usr/local/rvm/gems/ruby-1.9.3-p194/gems/activesupport-3.2.8/lib/active_support/callbacks.rb:429:in `_run__101909270__setup__279601473__callbacks'
    /usr/local/rvm/gems/ruby-1.9.3-p194/gems/activesupport-3.2.8/lib/active_support/callbacks.rb:405:in `__run_callback'
    /usr/local/rvm/gems/ruby-1.9.3-p194/gems/activesupport-3.2.8/lib/active_support/callbacks.rb:385:in `_run_setup_callbacks'
    /usr/local/rvm/gems/ruby-1.9.3-p194/gems/activesupport-3.2.8/lib/active_support/callbacks.rb:81:in `run_callbacks'
    /usr/local/rvm/gems/ruby-1.9.3-p194/gems/activesupport-3.2.8/lib/active_support/testing/setup_and_teardown.rb:35:in `run'

7 tests, 0 assertions, 0 failures, 7 errors, 0 skips
Run options: -n "/^(test_should_get_contact|test_should_get_home)$/"

# Running tests:

EE

Finished tests in 0.052859s, 37.8365 tests/s, 0.0000 assertions/s.

  1) Error:
test_should_get_contact(PagesControllerTest):
ActiveRecord::StatementInvalid: Could not find table 'users'
    /usr/local/rvm/gems/ruby-1.9.3-p194/gems/activerecord-3.2.8/lib/active_record/connection_adapters/sqlite_adapter.rb:472:in `table_structure'
    /usr/local/rvm/gems/ruby-1.9.3-p194/gems/activerecord-3.2.8/lib/active_record/connection_adapters/sqlite_adapter.rb:346:in `columns'
    /usr/local/rvm/gems/ruby-1.9.3-p194/gems/activerecord-3.2.8/lib/active_record/fixtures.rb:660:in `column_names'
    /usr/local/rvm/gems/ruby-1.9.3-p194/gems/activerecord-3.2.8/lib/active_record/fixtures.rb:652:in `timestamp_column_names'
    /usr/local/rvm/gems/ruby-1.9.3-p194/gems/activerecord-3.2.8/lib/active_record/fixtures.rb:585:in `block in table_rows'
    /usr/local/rvm/gems/ruby-1.9.3-p194/gems/activerecord-3.2.8/lib/active_record/fixtures.rb:579:in `each'
    /usr/local/rvm/gems/ruby-1.9.3-p194/gems/activerecord-3.2.8/lib/active_record/fixtures.rb:579:in `map'
    /usr/local/rvm/gems/ruby-1.9.3-p194/gems/activerecord-3.2.8/lib/active_record/fixtures.rb:579:in `table_rows'
    /usr/local/rvm/gems/ruby-1.9.3-p194/gems/activerecord-3.2.8/lib/active_record/fixtures.rb:494:in `block (3 levels) in create_fixtures'
    /usr/local/rvm/gems/ruby-1.9.3-p194/gems/activerecord-3.2.8/lib/active_record/fixtures.rb:492:in `each'
    /usr/local/rvm/gems/ruby-1.9.3-p194/gems/activerecord-3.2.8/lib/active_record/fixtures.rb:492:in `block (2 levels) in create_fixtures'
    /usr/local/rvm/gems/ruby-1.9.3-p194/gems/activerecord-3.2.8/lib/active_record/connection_adapters/abstract/database_statements.rb:192:in `transaction'
    /usr/local/rvm/gems/ruby-1.9.3-p194/gems/activerecord-3.2.8/lib/active_record/fixtures.rb:491:in `block in create_fixtures'
    /usr/local/rvm/gems/ruby-1.9.3-p194/gems/activerecord-3.2.8/lib/active_record/connection_adapters/abstract_adapter.rb:168:in `disable_referential_integrity'
    /usr/local/rvm/gems/ruby-1.9.3-p194/gems/activerecord-3.2.8/lib/active_record/fixtures.rb:476:in `create_fixtures'
    /usr/local/rvm/gems/ruby-1.9.3-p194/gems/activerecord-3.2.8/lib/active_record/fixtures.rb:895:in `load_fixtures'
    /usr/local/rvm/gems/ruby-1.9.3-p194/gems/activerecord-3.2.8/lib/active_record/fixtures.rb:849:in `setup_fixtures'
    /usr/local/rvm/gems/ruby-1.9.3-p194/gems/activesupport-3.2.8/lib/active_support/callbacks.rb:429:in `_run__3495427__setup__264425125__callbacks'
    /usr/local/rvm/gems/ruby-1.9.3-p194/gems/activesupport-3.2.8/lib/active_support/callbacks.rb:405:in `__run_callback'
    /usr/local/rvm/gems/ruby-1.9.3-p194/gems/activesupport-3.2.8/lib/active_support/callbacks.rb:385:in `_run_setup_callbacks'
    /usr/local/rvm/gems/ruby-1.9.3-p194/gems/activesupport-3.2.8/lib/active_support/callbacks.rb:81:in `run_callbacks'
    /usr/local/rvm/gems/ruby-1.9.3-p194/gems/activesupport-3.2.8/lib/active_support/testing/setup_and_teardown.rb:35:in `run'

  2) Error:
test_should_get_home(PagesControllerTest):
ActiveRecord::StatementInvalid: Could not find table 'users'
    /usr/local/rvm/gems/ruby-1.9.3-p194/gems/activerecord-3.2.8/lib/active_record/connection_adapters/sqlite_adapter.rb:472:in `table_structure'
    /usr/local/rvm/gems/ruby-1.9.3-p194/gems/activerecord-3.2.8/lib/active_record/connection_adapters/sqlite_adapter.rb:346:in `columns'
    /usr/local/rvm/gems/ruby-1.9.3-p194/gems/activerecord-3.2.8/lib/active_record/fixtures.rb:660:in `column_names'
    /usr/local/rvm/gems/ruby-1.9.3-p194/gems/activerecord-3.2.8/lib/active_record/fixtures.rb:652:in `timestamp_column_names'
    /usr/local/rvm/gems/ruby-1.9.3-p194/gems/activerecord-3.2.8/lib/active_record/fixtures.rb:585:in `block in table_rows'
    /usr/local/rvm/gems/ruby-1.9.3-p194/gems/activerecord-3.2.8/lib/active_record/fixtures.rb:579:in `each'
    /usr/local/rvm/gems/ruby-1.9.3-p194/gems/activerecord-3.2.8/lib/active_record/fixtures.rb:579:in `map'
    /usr/local/rvm/gems/ruby-1.9.3-p194/gems/activerecord-3.2.8/lib/active_record/fixtures.rb:579:in `table_rows'
    /usr/local/rvm/gems/ruby-1.9.3-p194/gems/activerecord-3.2.8/lib/active_record/fixtures.rb:494:in `block (3 levels) in create_fixtures'
    /usr/local/rvm/gems/ruby-1.9.3-p194/gems/activerecord-3.2.8/lib/active_record/fixtures.rb:492:in `each'
    /usr/local/rvm/gems/ruby-1.9.3-p194/gems/activerecord-3.2.8/lib/active_record/fixtures.rb:492:in `block (2 levels) in create_fixtures'
    /usr/local/rvm/gems/ruby-1.9.3-p194/gems/activerecord-3.2.8/lib/active_record/connection_adapters/abstract/database_statements.rb:192:in `transaction'
    /usr/local/rvm/gems/ruby-1.9.3-p194/gems/activerecord-3.2.8/lib/active_record/fixtures.rb:491:in `block in create_fixtures'
    /usr/local/rvm/gems/ruby-1.9.3-p194/gems/activerecord-3.2.8/lib/active_record/connection_adapters/abstract_adapter.rb:168:in `disable_referential_integrity'
    /usr/local/rvm/gems/ruby-1.9.3-p194/gems/activerecord-3.2.8/lib/active_record/fixtures.rb:476:in `create_fixtures'
    /usr/local/rvm/gems/ruby-1.9.3-p194/gems/activerecord-3.2.8/lib/active_record/fixtures.rb:895:in `load_fixtures'
    /usr/local/rvm/gems/ruby-1.9.3-p194/gems/activerecord-3.2.8/lib/active_record/fixtures.rb:849:in `setup_fixtures'
    /usr/local/rvm/gems/ruby-1.9.3-p194/gems/activesupport-3.2.8/lib/active_support/callbacks.rb:429:in `_run__3495427__setup__264425125__callbacks'
    /usr/local/rvm/gems/ruby-1.9.3-p194/gems/activesupport-3.2.8/lib/active_support/callbacks.rb:405:in `__run_callback'
    /usr/local/rvm/gems/ruby-1.9.3-p194/gems/activesupport-3.2.8/lib/active_support/callbacks.rb:385:in `_run_setup_callbacks'
    /usr/local/rvm/gems/ruby-1.9.3-p194/gems/activesupport-3.2.8/lib/active_support/callbacks.rb:81:in `run_callbacks'
    /usr/local/rvm/gems/ruby-1.9.3-p194/gems/activesupport-3.2.8/lib/active_support/testing/setup_and_teardown.rb:35:in `run'

2 tests, 0 assertions, 0 failures, 2 errors, 0 skips
Run options: -n "/^(test_should_create_micropost|test_should_destroy_micropost|test_should_get_edit|test_should_get_index|test_should_get_new|test_should_show_micropost|test_should_update_micropost)$/"

# Running tests:

EEEEEEE

Finished tests in 0.100183s, 69.8724 tests/s, 0.0000 assertions/s.

  1) Error:
test_should_create_micropost(MicropostsControllerTest):
ActiveRecord::StatementInvalid: Could not find table 'users'
    /usr/local/rvm/gems/ruby-1.9.3-p194/gems/activerecord-3.2.8/lib/active_record/connection_adapters/sqlite_adapter.rb:472:in `table_structure'
    /usr/local/rvm/gems/ruby-1.9.3-p194/gems/activerecord-3.2.8/lib/active_record/connection_adapters/sqlite_adapter.rb:346:in `columns'
    /usr/local/rvm/gems/ruby-1.9.3-p194/gems/activerecord-3.2.8/lib/active_record/fixtures.rb:660:in `column_names'
    /usr/local/rvm/gems/ruby-1.9.3-p194/gems/activerecord-3.2.8/lib/active_record/fixtures.rb:652:in `timestamp_column_names'
    /usr/local/rvm/gems/ruby-1.9.3-p194/gems/activerecord-3.2.8/lib/active_record/fixtures.rb:585:in `block in table_rows'
    /usr/local/rvm/gems/ruby-1.9.3-p194/gems/activerecord-3.2.8/lib/active_record/fixtures.rb:579:in `each'
    /usr/local/rvm/gems/ruby-1.9.3-p194/gems/activerecord-3.2.8/lib/active_record/fixtures.rb:579:in `map'
    /usr/local/rvm/gems/ruby-1.9.3-p194/gems/activerecord-3.2.8/lib/active_record/fixtures.rb:579:in `table_rows'
    /usr/local/rvm/gems/ruby-1.9.3-p194/gems/activerecord-3.2.8/lib/active_record/fixtures.rb:494:in `block (3 levels) in create_fixtures'
    /usr/local/rvm/gems/ruby-1.9.3-p194/gems/activerecord-3.2.8/lib/active_record/fixtures.rb:492:in `each'
    /usr/local/rvm/gems/ruby-1.9.3-p194/gems/activerecord-3.2.8/lib/active_record/fixtures.rb:492:in `block (2 levels) in create_fixtures'
    /usr/local/rvm/gems/ruby-1.9.3-p194/gems/activerecord-3.2.8/lib/active_record/connection_adapters/abstract/database_statements.rb:192:in `transaction'
    /usr/local/rvm/gems/ruby-1.9.3-p194/gems/activerecord-3.2.8/lib/active_record/fixtures.rb:491:in `block in create_fixtures'
    /usr/local/rvm/gems/ruby-1.9.3-p194/gems/activerecord-3.2.8/lib/active_record/connection_adapters/abstract_adapter.rb:168:in `disable_referential_integrity'
    /usr/local/rvm/gems/ruby-1.9.3-p194/gems/activerecord-3.2.8/lib/active_record/fixtures.rb:476:in `create_fixtures'
    /usr/local/rvm/gems/ruby-1.9.3-p194/gems/activerecord-3.2.8/lib/active_record/fixtures.rb:895:in `load_fixtures'
    /usr/local/rvm/gems/ruby-1.9.3-p194/gems/activerecord-3.2.8/lib/active_record/fixtures.rb:849:in `setup_fixtures'
    /usr/local/rvm/gems/ruby-1.9.3-p194/gems/activesupport-3.2.8/lib/active_support/callbacks.rb:429:in `_run__477007722__setup__373612947__callbacks'
    /usr/local/rvm/gems/ruby-1.9.3-p194/gems/activesupport-3.2.8/lib/active_support/callbacks.rb:405:in `__run_callback'
    /usr/local/rvm/gems/ruby-1.9.3-p194/gems/activesupport-3.2.8/lib/active_support/callbacks.rb:385:in `_run_setup_callbacks'
    /usr/local/rvm/gems/ruby-1.9.3-p194/gems/activesupport-3.2.8/lib/active_support/callbacks.rb:81:in `run_callbacks'
    /usr/local/rvm/gems/ruby-1.9.3-p194/gems/activesupport-3.2.8/lib/active_support/testing/setup_and_teardown.rb:35:in `run'

  2) Error:
test_should_destroy_micropost(MicropostsControllerTest):
ActiveRecord::StatementInvalid: Could not find table 'users'
    /usr/local/rvm/gems/ruby-1.9.3-p194/gems/activerecord-3.2.8/lib/active_record/connection_adapters/sqlite_adapter.rb:472:in `table_structure'
    /usr/local/rvm/gems/ruby-1.9.3-p194/gems/activerecord-3.2.8/lib/active_record/connection_adapters/sqlite_adapter.rb:346:in `columns'
    /usr/local/rvm/gems/ruby-1.9.3-p194/gems/activerecord-3.2.8/lib/active_record/fixtures.rb:660:in `column_names'
    /usr/local/rvm/gems/ruby-1.9.3-p194/gems/activerecord-3.2.8/lib/active_record/fixtures.rb:652:in `timestamp_column_names'
    /usr/local/rvm/gems/ruby-1.9.3-p194/gems/activerecord-3.2.8/lib/active_record/fixtures.rb:585:in `block in table_rows'
    /usr/local/rvm/gems/ruby-1.9.3-p194/gems/activerecord-3.2.8/lib/active_record/fixtures.rb:579:in `each'
    /usr/local/rvm/gems/ruby-1.9.3-p194/gems/activerecord-3.2.8/lib/active_record/fixtures.rb:579:in `map'
    /usr/local/rvm/gems/ruby-1.9.3-p194/gems/activerecord-3.2.8/lib/active_record/fixtures.rb:579:in `table_rows'
    /usr/local/rvm/gems/ruby-1.9.3-p194/gems/activerecord-3.2.8/lib/active_record/fixtures.rb:494:in `block (3 levels) in create_fixtures'
    /usr/local/rvm/gems/ruby-1.9.3-p194/gems/activerecord-3.2.8/lib/active_record/fixtures.rb:492:in `each'
    /usr/local/rvm/gems/ruby-1.9.3-p194/gems/activerecord-3.2.8/lib/active_record/fixtures.rb:492:in `block (2 levels) in create_fixtures'
    /usr/local/rvm/gems/ruby-1.9.3-p194/gems/activerecord-3.2.8/lib/active_record/connection_adapters/abstract/database_statements.rb:192:in `transaction'
    /usr/local/rvm/gems/ruby-1.9.3-p194/gems/activerecord-3.2.8/lib/active_record/fixtures.rb:491:in `block in create_fixtures'
    /usr/local/rvm/gems/ruby-1.9.3-p194/gems/activerecord-3.2.8/lib/active_record/connection_adapters/abstract_adapter.rb:168:in `disable_referential_integrity'
    /usr/local/rvm/gems/ruby-1.9.3-p194/gems/activerecord-3.2.8/lib/active_record/fixtures.rb:476:in `create_fixtures'
    /usr/local/rvm/gems/ruby-1.9.3-p194/gems/activerecord-3.2.8/lib/active_record/fixtures.rb:895:in `load_fixtures'
    /usr/local/rvm/gems/ruby-1.9.3-p194/gems/activerecord-3.2.8/lib/active_record/fixtures.rb:849:in `setup_fixtures'
    /usr/local/rvm/gems/ruby-1.9.3-p194/gems/activesupport-3.2.8/lib/active_support/callbacks.rb:429:in `_run__477007722__setup__373612947__callbacks'
    /usr/local/rvm/gems/ruby-1.9.3-p194/gems/activesupport-3.2.8/lib/active_support/callbacks.rb:405:in `__run_callback'
    /usr/local/rvm/gems/ruby-1.9.3-p194/gems/activesupport-3.2.8/lib/active_support/callbacks.rb:385:in `_run_setup_callbacks'
    /usr/local/rvm/gems/ruby-1.9.3-p194/gems/activesupport-3.2.8/lib/active_support/callbacks.rb:81:in `run_callbacks'
    /usr/local/rvm/gems/ruby-1.9.3-p194/gems/activesupport-3.2.8/lib/active_support/testing/setup_and_teardown.rb:35:in `run'

  3) Error:
test_should_get_edit(MicropostsControllerTest):
ActiveRecord::StatementInvalid: Could not find table 'users'
    /usr/local/rvm/gems/ruby-1.9.3-p194/gems/activerecord-3.2.8/lib/active_record/connection_adapters/sqlite_adapter.rb:472:in `table_structure'
    /usr/local/rvm/gems/ruby-1.9.3-p194/gems/activerecord-3.2.8/lib/active_record/connection_adapters/sqlite_adapter.rb:346:in `columns'
    /usr/local/rvm/gems/ruby-1.9.3-p194/gems/activerecord-3.2.8/lib/active_record/fixtures.rb:660:in `column_names'
    /usr/local/rvm/gems/ruby-1.9.3-p194/gems/activerecord-3.2.8/lib/active_record/fixtures.rb:652:in `timestamp_column_names'
    /usr/local/rvm/gems/ruby-1.9.3-p194/gems/activerecord-3.2.8/lib/active_record/fixtures.rb:585:in `block in table_rows'
    /usr/local/rvm/gems/ruby-1.9.3-p194/gems/activerecord-3.2.8/lib/active_record/fixtures.rb:579:in `each'
    /usr/local/rvm/gems/ruby-1.9.3-p194/gems/activerecord-3.2.8/lib/active_record/fixtures.rb:579:in `map'
    /usr/local/rvm/gems/ruby-1.9.3-p194/gems/activerecord-3.2.8/lib/active_record/fixtures.rb:579:in `table_rows'
    /usr/local/rvm/gems/ruby-1.9.3-p194/gems/activerecord-3.2.8/lib/active_record/fixtures.rb:494:in `block (3 levels) in create_fixtures'
    /usr/local/rvm/gems/ruby-1.9.3-p194/gems/activerecord-3.2.8/lib/active_record/fixtures.rb:492:in `each'
    /usr/local/rvm/gems/ruby-1.9.3-p194/gems/activerecord-3.2.8/lib/active_record/fixtures.rb:492:in `block (2 levels) in create_fixtures'
    /usr/local/rvm/gems/ruby-1.9.3-p194/gems/activerecord-3.2.8/lib/active_record/connection_adapters/abstract/database_statements.rb:192:in `transaction'
    /usr/local/rvm/gems/ruby-1.9.3-p194/gems/activerecord-3.2.8/lib/active_record/fixtures.rb:491:in `block in create_fixtures'
    /usr/local/rvm/gems/ruby-1.9.3-p194/gems/activerecord-3.2.8/lib/active_record/connection_adapters/abstract_adapter.rb:168:in `disable_referential_integrity'
    /usr/local/rvm/gems/ruby-1.9.3-p194/gems/activerecord-3.2.8/lib/active_record/fixtures.rb:476:in `create_fixtures'
    /usr/local/rvm/gems/ruby-1.9.3-p194/gems/activerecord-3.2.8/lib/active_record/fixtures.rb:895:in `load_fixtures'
    /usr/local/rvm/gems/ruby-1.9.3-p194/gems/activerecord-3.2.8/lib/active_record/fixtures.rb:849:in `setup_fixtures'
    /usr/local/rvm/gems/ruby-1.9.3-p194/gems/activesupport-3.2.8/lib/active_support/callbacks.rb:429:in `_run__477007722__setup__373612947__callbacks'
    /usr/local/rvm/gems/ruby-1.9.3-p194/gems/activesupport-3.2.8/lib/active_support/callbacks.rb:405:in `__run_callback'
    /usr/local/rvm/gems/ruby-1.9.3-p194/gems/activesupport-3.2.8/lib/active_support/callbacks.rb:385:in `_run_setup_callbacks'
    /usr/local/rvm/gems/ruby-1.9.3-p194/gems/activesupport-3.2.8/lib/active_support/callbacks.rb:81:in `run_callbacks'
    /usr/local/rvm/gems/ruby-1.9.3-p194/gems/activesupport-3.2.8/lib/active_support/testing/setup_and_teardown.rb:35:in `run'

  4) Error:
test_should_get_index(MicropostsControllerTest):
ActiveRecord::StatementInvalid: Could not find table 'users'
    /usr/local/rvm/gems/ruby-1.9.3-p194/gems/activerecord-3.2.8/lib/active_record/connection_adapters/sqlite_adapter.rb:472:in `table_structure'
    /usr/local/rvm/gems/ruby-1.9.3-p194/gems/activerecord-3.2.8/lib/active_record/connection_adapters/sqlite_adapter.rb:346:in `columns'
    /usr/local/rvm/gems/ruby-1.9.3-p194/gems/activerecord-3.2.8/lib/active_record/fixtures.rb:660:in `column_names'
    /usr/local/rvm/gems/ruby-1.9.3-p194/gems/activerecord-3.2.8/lib/active_record/fixtures.rb:652:in `timestamp_column_names'
    /usr/local/rvm/gems/ruby-1.9.3-p194/gems/activerecord-3.2.8/lib/active_record/fixtures.rb:585:in `block in table_rows'
    /usr/local/rvm/gems/ruby-1.9.3-p194/gems/activerecord-3.2.8/lib/active_record/fixtures.rb:579:in `each'
    /usr/local/rvm/gems/ruby-1.9.3-p194/gems/activerecord-3.2.8/lib/active_record/fixtures.rb:579:in `map'
    /usr/local/rvm/gems/ruby-1.9.3-p194/gems/activerecord-3.2.8/lib/active_record/fixtures.rb:579:in `table_rows'
    /usr/local/rvm/gems/ruby-1.9.3-p194/gems/activerecord-3.2.8/lib/active_record/fixtures.rb:494:in `block (3 levels) in create_fixtures'
    /usr/local/rvm/gems/ruby-1.9.3-p194/gems/activerecord-3.2.8/lib/active_record/fixtures.rb:492:in `each'
    /usr/local/rvm/gems/ruby-1.9.3-p194/gems/activerecord-3.2.8/lib/active_record/fixtures.rb:492:in `block (2 levels) in create_fixtures'
    /usr/local/rvm/gems/ruby-1.9.3-p194/gems/activerecord-3.2.8/lib/active_record/connection_adapters/abstract/database_statements.rb:192:in `transaction'
    /usr/local/rvm/gems/ruby-1.9.3-p194/gems/activerecord-3.2.8/lib/active_record/fixtures.rb:491:in `block in create_fixtures'
    /usr/local/rvm/gems/ruby-1.9.3-p194/gems/activerecord-3.2.8/lib/active_record/connection_adapters/abstract_adapter.rb:168:in `disable_referential_integrity'
    /usr/local/rvm/gems/ruby-1.9.3-p194/gems/activerecord-3.2.8/lib/active_record/fixtures.rb:476:in `create_fixtures'
    /usr/local/rvm/gems/ruby-1.9.3-p194/gems/activerecord-3.2.8/lib/active_record/fixtures.rb:895:in `load_fixtures'
    /usr/local/rvm/gems/ruby-1.9.3-p194/gems/activerecord-3.2.8/lib/active_record/fixtures.rb:849:in `setup_fixtures'
    /usr/local/rvm/gems/ruby-1.9.3-p194/gems/activesupport-3.2.8/lib/active_support/callbacks.rb:429:in `_run__477007722__setup__373612947__callbacks'
    /usr/local/rvm/gems/ruby-1.9.3-p194/gems/activesupport-3.2.8/lib/active_support/callbacks.rb:405:in `__run_callback'
    /usr/local/rvm/gems/ruby-1.9.3-p194/gems/activesupport-3.2.8/lib/active_support/callbacks.rb:385:in `_run_setup_callbacks'
    /usr/local/rvm/gems/ruby-1.9.3-p194/gems/activesupport-3.2.8/lib/active_support/callbacks.rb:81:in `run_callbacks'
    /usr/local/rvm/gems/ruby-1.9.3-p194/gems/activesupport-3.2.8/lib/active_support/testing/setup_and_teardown.rb:35:in `run'

  5) Error:
test_should_get_new(MicropostsControllerTest):
ActiveRecord::StatementInvalid: Could not find table 'users'
    /usr/local/rvm/gems/ruby-1.9.3-p194/gems/activerecord-3.2.8/lib/active_record/connection_adapters/sqlite_adapter.rb:472:in `table_structure'
    /usr/local/rvm/gems/ruby-1.9.3-p194/gems/activerecord-3.2.8/lib/active_record/connection_adapters/sqlite_adapter.rb:346:in `columns'
    /usr/local/rvm/gems/ruby-1.9.3-p194/gems/activerecord-3.2.8/lib/active_record/fixtures.rb:660:in `column_names'
    /usr/local/rvm/gems/ruby-1.9.3-p194/gems/activerecord-3.2.8/lib/active_record/fixtures.rb:652:in `timestamp_column_names'
    /usr/local/rvm/gems/ruby-1.9.3-p194/gems/activerecord-3.2.8/lib/active_record/fixtures.rb:585:in `block in table_rows'
    /usr/local/rvm/gems/ruby-1.9.3-p194/gems/activerecord-3.2.8/lib/active_record/fixtures.rb:579:in `each'
    /usr/local/rvm/gems/ruby-1.9.3-p194/gems/activerecord-3.2.8/lib/active_record/fixtures.rb:579:in `map'
    /usr/local/rvm/gems/ruby-1.9.3-p194/gems/activerecord-3.2.8/lib/active_record/fixtures.rb:579:in `table_rows'
    /usr/local/rvm/gems/ruby-1.9.3-p194/gems/activerecord-3.2.8/lib/active_record/fixtures.rb:494:in `block (3 levels) in create_fixtures'
    /usr/local/rvm/gems/ruby-1.9.3-p194/gems/activerecord-3.2.8/lib/active_record/fixtures.rb:492:in `each'
    /usr/local/rvm/gems/ruby-1.9.3-p194/gems/activerecord-3.2.8/lib/active_record/fixtures.rb:492:in `block (2 levels) in create_fixtures'
    /usr/local/rvm/gems/ruby-1.9.3-p194/gems/activerecord-3.2.8/lib/active_record/connection_adapters/abstract/database_statements.rb:192:in `transaction'
    /usr/local/rvm/gems/ruby-1.9.3-p194/gems/activerecord-3.2.8/lib/active_record/fixtures.rb:491:in `block in create_fixtures'
    /usr/local/rvm/gems/ruby-1.9.3-p194/gems/activerecord-3.2.8/lib/active_record/connection_adapters/abstract_adapter.rb:168:in `disable_referential_integrity'
    /usr/local/rvm/gems/ruby-1.9.3-p194/gems/activerecord-3.2.8/lib/active_record/fixtures.rb:476:in `create_fixtures'
    /usr/local/rvm/gems/ruby-1.9.3-p194/gems/activerecord-3.2.8/lib/active_record/fixtures.rb:895:in `load_fixtures'
    /usr/local/rvm/gems/ruby-1.9.3-p194/gems/activerecord-3.2.8/lib/active_record/fixtures.rb:849:in `setup_fixtures'
    /usr/local/rvm/gems/ruby-1.9.3-p194/gems/activesupport-3.2.8/lib/active_support/callbacks.rb:429:in `_run__477007722__setup__373612947__callbacks'
    /usr/local/rvm/gems/ruby-1.9.3-p194/gems/activesupport-3.2.8/lib/active_support/callbacks.rb:405:in `__run_callback'
    /usr/local/rvm/gems/ruby-1.9.3-p194/gems/activesupport-3.2.8/lib/active_support/callbacks.rb:385:in `_run_setup_callbacks'
    /usr/local/rvm/gems/ruby-1.9.3-p194/gems/activesupport-3.2.8/lib/active_support/callbacks.rb:81:in `run_callbacks'
    /usr/local/rvm/gems/ruby-1.9.3-p194/gems/activesupport-3.2.8/lib/active_support/testing/setup_and_teardown.rb:35:in `run'

  6) Error:
test_should_show_micropost(MicropostsControllerTest):
ActiveRecord::StatementInvalid: Could not find table 'users'
    /usr/local/rvm/gems/ruby-1.9.3-p194/gems/activerecord-3.2.8/lib/active_record/connection_adapters/sqlite_adapter.rb:472:in `table_structure'
    /usr/local/rvm/gems/ruby-1.9.3-p194/gems/activerecord-3.2.8/lib/active_record/connection_adapters/sqlite_adapter.rb:346:in `columns'
    /usr/local/rvm/gems/ruby-1.9.3-p194/gems/activerecord-3.2.8/lib/active_record/fixtures.rb:660:in `column_names'
    /usr/local/rvm/gems/ruby-1.9.3-p194/gems/activerecord-3.2.8/lib/active_record/fixtures.rb:652:in `timestamp_column_names'
    /usr/local/rvm/gems/ruby-1.9.3-p194/gems/activerecord-3.2.8/lib/active_record/fixtures.rb:585:in `block in table_rows'
    /usr/local/rvm/gems/ruby-1.9.3-p194/gems/activerecord-3.2.8/lib/active_record/fixtures.rb:579:in `each'
    /usr/local/rvm/gems/ruby-1.9.3-p194/gems/activerecord-3.2.8/lib/active_record/fixtures.rb:579:in `map'
    /usr/local/rvm/gems/ruby-1.9.3-p194/gems/activerecord-3.2.8/lib/active_record/fixtures.rb:579:in `table_rows'
    /usr/local/rvm/gems/ruby-1.9.3-p194/gems/activerecord-3.2.8/lib/active_record/fixtures.rb:494:in `block (3 levels) in create_fixtures'
    /usr/local/rvm/gems/ruby-1.9.3-p194/gems/activerecord-3.2.8/lib/active_record/fixtures.rb:492:in `each'
    /usr/local/rvm/gems/ruby-1.9.3-p194/gems/activerecord-3.2.8/lib/active_record/fixtures.rb:492:in `block (2 levels) in create_fixtures'
    /usr/local/rvm/gems/ruby-1.9.3-p194/gems/activerecord-3.2.8/lib/active_record/connection_adapters/abstract/database_statements.rb:192:in `transaction'
    /usr/local/rvm/gems/ruby-1.9.3-p194/gems/activerecord-3.2.8/lib/active_record/fixtures.rb:491:in `block in create_fixtures'
    /usr/local/rvm/gems/ruby-1.9.3-p194/gems/activerecord-3.2.8/lib/active_record/connection_adapters/abstract_adapter.rb:168:in `disable_referential_integrity'
    /usr/local/rvm/gems/ruby-1.9.3-p194/gems/activerecord-3.2.8/lib/active_record/fixtures.rb:476:in `create_fixtures'
    /usr/local/rvm/gems/ruby-1.9.3-p194/gems/activerecord-3.2.8/lib/active_record/fixtures.rb:895:in `load_fixtures'
    /usr/local/rvm/gems/ruby-1.9.3-p194/gems/activerecord-3.2.8/lib/active_record/fixtures.rb:849:in `setup_fixtures'
    /usr/local/rvm/gems/ruby-1.9.3-p194/gems/activesupport-3.2.8/lib/active_support/callbacks.rb:429:in `_run__477007722__setup__373612947__callbacks'
    /usr/local/rvm/gems/ruby-1.9.3-p194/gems/activesupport-3.2.8/lib/active_support/callbacks.rb:405:in `__run_callback'
    /usr/local/rvm/gems/ruby-1.9.3-p194/gems/activesupport-3.2.8/lib/active_support/callbacks.rb:385:in `_run_setup_callbacks'
    /usr/local/rvm/gems/ruby-1.9.3-p194/gems/activesupport-3.2.8/lib/active_support/callbacks.rb:81:in `run_callbacks'
    /usr/local/rvm/gems/ruby-1.9.3-p194/gems/activesupport-3.2.8/lib/active_support/testing/setup_and_teardown.rb:35:in `run'

  7) Error:
test_should_update_micropost(MicropostsControllerTest):
ActiveRecord::StatementInvalid: Could not find table 'users'
    /usr/local/rvm/gems/ruby-1.9.3-p194/gems/activerecord-3.2.8/lib/active_record/connection_adapters/sqlite_adapter.rb:472:in `table_structure'
    /usr/local/rvm/gems/ruby-1.9.3-p194/gems/activerecord-3.2.8/lib/active_record/connection_adapters/sqlite_adapter.rb:346:in `columns'
    /usr/local/rvm/gems/ruby-1.9.3-p194/gems/activerecord-3.2.8/lib/active_record/fixtures.rb:660:in `column_names'
    /usr/local/rvm/gems/ruby-1.9.3-p194/gems/activerecord-3.2.8/lib/active_record/fixtures.rb:652:in `timestamp_column_names'
    /usr/local/rvm/gems/ruby-1.9.3-p194/gems/activerecord-3.2.8/lib/active_record/fixtures.rb:585:in `block in table_rows'
    /usr/local/rvm/gems/ruby-1.9.3-p194/gems/activerecord-3.2.8/lib/active_record/fixtures.rb:579:in `each'
    /usr/local/rvm/gems/ruby-1.9.3-p194/gems/activerecord-3.2.8/lib/active_record/fixtures.rb:579:in `map'
    /usr/local/rvm/gems/ruby-1.9.3-p194/gems/activerecord-3.2.8/lib/active_record/fixtures.rb:579:in `table_rows'
    /usr/local/rvm/gems/ruby-1.9.3-p194/gems/activerecord-3.2.8/lib/active_record/fixtures.rb:494:in `block (3 levels) in create_fixtures'
    /usr/local/rvm/gems/ruby-1.9.3-p194/gems/activerecord-3.2.8/lib/active_record/fixtures.rb:492:in `each'
    /usr/local/rvm/gems/ruby-1.9.3-p194/gems/activerecord-3.2.8/lib/active_record/fixtures.rb:492:in `block (2 levels) in create_fixtures'
    /usr/local/rvm/gems/ruby-1.9.3-p194/gems/activerecord-3.2.8/lib/active_record/connection_adapters/abstract/database_statements.rb:192:in `transaction'
    /usr/local/rvm/gems/ruby-1.9.3-p194/gems/activerecord-3.2.8/lib/active_record/fixtures.rb:491:in `block in create_fixtures'
    /usr/local/rvm/gems/ruby-1.9.3-p194/gems/activerecord-3.2.8/lib/active_record/connection_adapters/abstract_adapter.rb:168:in `disable_referential_integrity'
    /usr/local/rvm/gems/ruby-1.9.3-p194/gems/activerecord-3.2.8/lib/active_record/fixtures.rb:476:in `create_fixtures'
    /usr/local/rvm/gems/ruby-1.9.3-p194/gems/activerecord-3.2.8/lib/active_record/fixtures.rb:895:in `load_fixtures'
    /usr/local/rvm/gems/ruby-1.9.3-p194/gems/activerecord-3.2.8/lib/active_record/fixtures.rb:849:in `setup_fixtures'
    /usr/local/rvm/gems/ruby-1.9.3-p194/gems/activesupport-3.2.8/lib/active_support/callbacks.rb:429:in `_run__477007722__setup__373612947__callbacks'
    /usr/local/rvm/gems/ruby-1.9.3-p194/gems/activesupport-3.2.8/lib/active_support/callbacks.rb:405:in `__run_callback'
    /usr/local/rvm/gems/ruby-1.9.3-p194/gems/activesupport-3.2.8/lib/active_support/callbacks.rb:385:in `_run_setup_callbacks'
    /usr/local/rvm/gems/ruby-1.9.3-p194/gems/activesupport-3.2.8/lib/active_support/callbacks.rb:81:in `run_callbacks'
    /usr/local/rvm/gems/ruby-1.9.3-p194/gems/activesupport-3.2.8/lib/active_support/testing/setup_and_teardown.rb:35:in `run'

7 tests, 0 assertions, 0 failures, 7 errors, 0 skips
/usr/local/rvm/rubies/ruby-1.9.3-p194/bin/ruby -I.:lib:test -rubygems test/functional/users_controller_test.rb -n "/^(test_should_create_user|test_should_destroy_user|test_should_get_edit|test_should_get_index|test_should_get_new|test_should_show_user|test_should_update_user)$/"; /usr/local/rvm/rubies/ruby-1.9.3-p194/bin/ruby -I.:lib:test -rubygems test/functional/pages_controller_test.rb -n "/^(test_should_get_contact|test_should_get_home)$/"; /usr/local/rvm/rubies/ruby-1.9.3-p194/bin/ruby -I.:lib:test -rubygems test/functional/microposts_controller_test.rb -n "/^(test_should_create_micropost|test_should_destroy_micropost|test_should_get_edit|test_should_get_index|test_should_get_new|test_should_show_micropost|test_should_update_micropost)$/"
Run options: -n "/^(test_should_create_user|test_should_destroy_user|test_should_get_edit|test_should_get_index|test_should_get_new|test_should_show_user|test_should_update_user)$/"

# Running tests:

EEEEEEE

Finished tests in 0.110080s, 63.5902 tests/s, 0.0000 assertions/s.

  1) Error:
test_should_create_user(UsersControllerTest):
ActiveRecord::StatementInvalid: Could not find table 'users'
    /usr/local/rvm/gems/ruby-1.9.3-p194/gems/activerecord-3.2.8/lib/active_record/connection_adapters/sqlite_adapter.rb:472:in `table_structure'
    /usr/local/rvm/gems/ruby-1.9.3-p194/gems/activerecord-3.2.8/lib/active_record/connection_adapters/sqlite_adapter.rb:346:in `columns'
    /usr/local/rvm/gems/ruby-1.9.3-p194/gems/activerecord-3.2.8/lib/active_record/fixtures.rb:660:in `column_names'
    /usr/local/rvm/gems/ruby-1.9.3-p194/gems/activerecord-3.2.8/lib/active_record/fixtures.rb:652:in `timestamp_column_names'
    /usr/local/rvm/gems/ruby-1.9.3-p194/gems/activerecord-3.2.8/lib/active_record/fixtures.rb:585:in `block in table_rows'
    /usr/local/rvm/gems/ruby-1.9.3-p194/gems/activerecord-3.2.8/lib/active_record/fixtures.rb:579:in `each'
    /usr/local/rvm/gems/ruby-1.9.3-p194/gems/activerecord-3.2.8/lib/active_record/fixtures.rb:579:in `map'
    /usr/local/rvm/gems/ruby-1.9.3-p194/gems/activerecord-3.2.8/lib/active_record/fixtures.rb:579:in `table_rows'
    /usr/local/rvm/gems/ruby-1.9.3-p194/gems/activerecord-3.2.8/lib/active_record/fixtures.rb:494:in `block (3 levels) in create_fixtures'
    /usr/local/rvm/gems/ruby-1.9.3-p194/gems/activerecord-3.2.8/lib/active_record/fixtures.rb:492:in `each'
    /usr/local/rvm/gems/ruby-1.9.3-p194/gems/activerecord-3.2.8/lib/active_record/fixtures.rb:492:in `block (2 levels) in create_fixtures'
    /usr/local/rvm/gems/ruby-1.9.3-p194/gems/activerecord-3.2.8/lib/active_record/connection_adapters/abstract/database_statements.rb:192:in `transaction'
    /usr/local/rvm/gems/ruby-1.9.3-p194/gems/activerecord-3.2.8/lib/active_record/fixtures.rb:491:in `block in create_fixtures'
    /usr/local/rvm/gems/ruby-1.9.3-p194/gems/activerecord-3.2.8/lib/active_record/connection_adapters/abstract_adapter.rb:168:in `disable_referential_integrity'
    /usr/local/rvm/gems/ruby-1.9.3-p194/gems/activerecord-3.2.8/lib/active_record/fixtures.rb:476:in `create_fixtures'
    /usr/local/rvm/gems/ruby-1.9.3-p194/gems/activerecord-3.2.8/lib/active_record/fixtures.rb:895:in `load_fixtures'
    /usr/local/rvm/gems/ruby-1.9.3-p194/gems/activerecord-3.2.8/lib/active_record/fixtures.rb:849:in `setup_fixtures'
    /usr/local/rvm/gems/ruby-1.9.3-p194/gems/activesupport-3.2.8/lib/active_support/callbacks.rb:429:in `_run__527742869__setup__382932749__callbacks'
    /usr/local/rvm/gems/ruby-1.9.3-p194/gems/activesupport-3.2.8/lib/active_support/callbacks.rb:405:in `__run_callback'
    /usr/local/rvm/gems/ruby-1.9.3-p194/gems/activesupport-3.2.8/lib/active_support/callbacks.rb:385:in `_run_setup_callbacks'
    /usr/local/rvm/gems/ruby-1.9.3-p194/gems/activesupport-3.2.8/lib/active_support/callbacks.rb:81:in `run_callbacks'
    /usr/local/rvm/gems/ruby-1.9.3-p194/gems/activesupport-3.2.8/lib/active_support/testing/setup_and_teardown.rb:35:in `run'

  2) Error:
test_should_destroy_user(UsersControllerTest):
ActiveRecord::StatementInvalid: Could not find table 'users'
    /usr/local/rvm/gems/ruby-1.9.3-p194/gems/activerecord-3.2.8/lib/active_record/connection_adapters/sqlite_adapter.rb:472:in `table_structure'
    /usr/local/rvm/gems/ruby-1.9.3-p194/gems/activerecord-3.2.8/lib/active_record/connection_adapters/sqlite_adapter.rb:346:in `columns'
    /usr/local/rvm/gems/ruby-1.9.3-p194/gems/activerecord-3.2.8/lib/active_record/fixtures.rb:660:in `column_names'
    /usr/local/rvm/gems/ruby-1.9.3-p194/gems/activerecord-3.2.8/lib/active_record/fixtures.rb:652:in `timestamp_column_names'
    /usr/local/rvm/gems/ruby-1.9.3-p194/gems/activerecord-3.2.8/lib/active_record/fixtures.rb:585:in `block in table_rows'
    /usr/local/rvm/gems/ruby-1.9.3-p194/gems/activerecord-3.2.8/lib/active_record/fixtures.rb:579:in `each'
    /usr/local/rvm/gems/ruby-1.9.3-p194/gems/activerecord-3.2.8/lib/active_record/fixtures.rb:579:in `map'
    /usr/local/rvm/gems/ruby-1.9.3-p194/gems/activerecord-3.2.8/lib/active_record/fixtures.rb:579:in `table_rows'
    /usr/local/rvm/gems/ruby-1.9.3-p194/gems/activerecord-3.2.8/lib/active_record/fixtures.rb:494:in `block (3 levels) in create_fixtures'
    /usr/local/rvm/gems/ruby-1.9.3-p194/gems/activerecord-3.2.8/lib/active_record/fixtures.rb:492:in `each'
    /usr/local/rvm/gems/ruby-1.9.3-p194/gems/activerecord-3.2.8/lib/active_record/fixtures.rb:492:in `block (2 levels) in create_fixtures'
    /usr/local/rvm/gems/ruby-1.9.3-p194/gems/activerecord-3.2.8/lib/active_record/connection_adapters/abstract/database_statements.rb:192:in `transaction'
    /usr/local/rvm/gems/ruby-1.9.3-p194/gems/activerecord-3.2.8/lib/active_record/fixtures.rb:491:in `block in create_fixtures'
    /usr/local/rvm/gems/ruby-1.9.3-p194/gems/activerecord-3.2.8/lib/active_record/connection_adapters/abstract_adapter.rb:168:in `disable_referential_integrity'
    /usr/local/rvm/gems/ruby-1.9.3-p194/gems/activerecord-3.2.8/lib/active_record/fixtures.rb:476:in `create_fixtures'
    /usr/local/rvm/gems/ruby-1.9.3-p194/gems/activerecord-3.2.8/lib/active_record/fixtures.rb:895:in `load_fixtures'
    /usr/local/rvm/gems/ruby-1.9.3-p194/gems/activerecord-3.2.8/lib/active_record/fixtures.rb:849:in `setup_fixtures'
    /usr/local/rvm/gems/ruby-1.9.3-p194/gems/activesupport-3.2.8/lib/active_support/callbacks.rb:429:in `_run__527742869__setup__382932749__callbacks'
    /usr/local/rvm/gems/ruby-1.9.3-p194/gems/activesupport-3.2.8/lib/active_support/callbacks.rb:405:in `__run_callback'
    /usr/local/rvm/gems/ruby-1.9.3-p194/gems/activesupport-3.2.8/lib/active_support/callbacks.rb:385:in `_run_setup_callbacks'
    /usr/local/rvm/gems/ruby-1.9.3-p194/gems/activesupport-3.2.8/lib/active_support/callbacks.rb:81:in `run_callbacks'
    /usr/local/rvm/gems/ruby-1.9.3-p194/gems/activesupport-3.2.8/lib/active_support/testing/setup_and_teardown.rb:35:in `run'

  3) Error:
test_should_get_edit(UsersControllerTest):
ActiveRecord::StatementInvalid: Could not find table 'users'
    /usr/local/rvm/gems/ruby-1.9.3-p194/gems/activerecord-3.2.8/lib/active_record/connection_adapters/sqlite_adapter.rb:472:in `table_structure'
    /usr/local/rvm/gems/ruby-1.9.3-p194/gems/activerecord-3.2.8/lib/active_record/connection_adapters/sqlite_adapter.rb:346:in `columns'
    /usr/local/rvm/gems/ruby-1.9.3-p194/gems/activerecord-3.2.8/lib/active_record/fixtures.rb:660:in `column_names'
    /usr/local/rvm/gems/ruby-1.9.3-p194/gems/activerecord-3.2.8/lib/active_record/fixtures.rb:652:in `timestamp_column_names'
    /usr/local/rvm/gems/ruby-1.9.3-p194/gems/activerecord-3.2.8/lib/active_record/fixtures.rb:585:in `block in table_rows'
    /usr/local/rvm/gems/ruby-1.9.3-p194/gems/activerecord-3.2.8/lib/active_record/fixtures.rb:579:in `each'
    /usr/local/rvm/gems/ruby-1.9.3-p194/gems/activerecord-3.2.8/lib/active_record/fixtures.rb:579:in `map'
    /usr/local/rvm/gems/ruby-1.9.3-p194/gems/activerecord-3.2.8/lib/active_record/fixtures.rb:579:in `table_rows'
    /usr/local/rvm/gems/ruby-1.9.3-p194/gems/activerecord-3.2.8/lib/active_record/fixtures.rb:494:in `block (3 levels) in create_fixtures'
    /usr/local/rvm/gems/ruby-1.9.3-p194/gems/activerecord-3.2.8/lib/active_record/fixtures.rb:492:in `each'
    /usr/local/rvm/gems/ruby-1.9.3-p194/gems/activerecord-3.2.8/lib/active_record/fixtures.rb:492:in `block (2 levels) in create_fixtures'
    /usr/local/rvm/gems/ruby-1.9.3-p194/gems/activerecord-3.2.8/lib/active_record/connection_adapters/abstract/database_statements.rb:192:in `transaction'
    /usr/local/rvm/gems/ruby-1.9.3-p194/gems/activerecord-3.2.8/lib/active_record/fixtures.rb:491:in `block in create_fixtures'
    /usr/local/rvm/gems/ruby-1.9.3-p194/gems/activerecord-3.2.8/lib/active_record/connection_adapters/abstract_adapter.rb:168:in `disable_referential_integrity'
    /usr/local/rvm/gems/ruby-1.9.3-p194/gems/activerecord-3.2.8/lib/active_record/fixtures.rb:476:in `create_fixtures'
    /usr/local/rvm/gems/ruby-1.9.3-p194/gems/activerecord-3.2.8/lib/active_record/fixtures.rb:895:in `load_fixtures'
    /usr/local/rvm/gems/ruby-1.9.3-p194/gems/activerecord-3.2.8/lib/active_record/fixtures.rb:849:in `setup_fixtures'
    /usr/local/rvm/gems/ruby-1.9.3-p194/gems/activesupport-3.2.8/lib/active_support/callbacks.rb:429:in `_run__527742869__setup__382932749__callbacks'
    /usr/local/rvm/gems/ruby-1.9.3-p194/gems/activesupport-3.2.8/lib/active_support/callbacks.rb:405:in `__run_callback'
    /usr/local/rvm/gems/ruby-1.9.3-p194/gems/activesupport-3.2.8/lib/active_support/callbacks.rb:385:in `_run_setup_callbacks'
    /usr/local/rvm/gems/ruby-1.9.3-p194/gems/activesupport-3.2.8/lib/active_support/callbacks.rb:81:in `run_callbacks'
    /usr/local/rvm/gems/ruby-1.9.3-p194/gems/activesupport-3.2.8/lib/active_support/testing/setup_and_teardown.rb:35:in `run'

  4) Error:
test_should_get_index(UsersControllerTest):
ActiveRecord::StatementInvalid: Could not find table 'users'
    /usr/local/rvm/gems/ruby-1.9.3-p194/gems/activerecord-3.2.8/lib/active_record/connection_adapters/sqlite_adapter.rb:472:in `table_structure'
    /usr/local/rvm/gems/ruby-1.9.3-p194/gems/activerecord-3.2.8/lib/active_record/connection_adapters/sqlite_adapter.rb:346:in `columns'
    /usr/local/rvm/gems/ruby-1.9.3-p194/gems/activerecord-3.2.8/lib/active_record/fixtures.rb:660:in `column_names'
    /usr/local/rvm/gems/ruby-1.9.3-p194/gems/activerecord-3.2.8/lib/active_record/fixtures.rb:652:in `timestamp_column_names'
    /usr/local/rvm/gems/ruby-1.9.3-p194/gems/activerecord-3.2.8/lib/active_record/fixtures.rb:585:in `block in table_rows'
    /usr/local/rvm/gems/ruby-1.9.3-p194/gems/activerecord-3.2.8/lib/active_record/fixtures.rb:579:in `each'
    /usr/local/rvm/gems/ruby-1.9.3-p194/gems/activerecord-3.2.8/lib/active_record/fixtures.rb:579:in `map'
    /usr/local/rvm/gems/ruby-1.9.3-p194/gems/activerecord-3.2.8/lib/active_record/fixtures.rb:579:in `table_rows'
    /usr/local/rvm/gems/ruby-1.9.3-p194/gems/activerecord-3.2.8/lib/active_record/fixtures.rb:494:in `block (3 levels) in create_fixtures'
    /usr/local/rvm/gems/ruby-1.9.3-p194/gems/activerecord-3.2.8/lib/active_record/fixtures.rb:492:in `each'
    /usr/local/rvm/gems/ruby-1.9.3-p194/gems/activerecord-3.2.8/lib/active_record/fixtures.rb:492:in `block (2 levels) in create_fixtures'
    /usr/local/rvm/gems/ruby-1.9.3-p194/gems/activerecord-3.2.8/lib/active_record/connection_adapters/abstract/database_statements.rb:192:in `transaction'
    /usr/local/rvm/gems/ruby-1.9.3-p194/gems/activerecord-3.2.8/lib/active_record/fixtures.rb:491:in `block in create_fixtures'
    /usr/local/rvm/gems/ruby-1.9.3-p194/gems/activerecord-3.2.8/lib/active_record/connection_adapters/abstract_adapter.rb:168:in `disable_referential_integrity'
    /usr/local/rvm/gems/ruby-1.9.3-p194/gems/activerecord-3.2.8/lib/active_record/fixtures.rb:476:in `create_fixtures'
    /usr/local/rvm/gems/ruby-1.9.3-p194/gems/activerecord-3.2.8/lib/active_record/fixtures.rb:895:in `load_fixtures'
    /usr/local/rvm/gems/ruby-1.9.3-p194/gems/activerecord-3.2.8/lib/active_record/fixtures.rb:849:in `setup_fixtures'
    /usr/local/rvm/gems/ruby-1.9.3-p194/gems/activesupport-3.2.8/lib/active_support/callbacks.rb:429:in `_run__527742869__setup__382932749__callbacks'
    /usr/local/rvm/gems/ruby-1.9.3-p194/gems/activesupport-3.2.8/lib/active_support/callbacks.rb:405:in `__run_callback'
    /usr/local/rvm/gems/ruby-1.9.3-p194/gems/activesupport-3.2.8/lib/active_support/callbacks.rb:385:in `_run_setup_callbacks'
    /usr/local/rvm/gems/ruby-1.9.3-p194/gems/activesupport-3.2.8/lib/active_support/callbacks.rb:81:in `run_callbacks'
    /usr/local/rvm/gems/ruby-1.9.3-p194/gems/activesupport-3.2.8/lib/active_support/testing/setup_and_teardown.rb:35:in `run'

  5) Error:
test_should_get_new(UsersControllerTest):
ActiveRecord::StatementInvalid: Could not find table 'users'
    /usr/local/rvm/gems/ruby-1.9.3-p194/gems/activerecord-3.2.8/lib/active_record/connection_adapters/sqlite_adapter.rb:472:in `table_structure'
    /usr/local/rvm/gems/ruby-1.9.3-p194/gems/activerecord-3.2.8/lib/active_record/connection_adapters/sqlite_adapter.rb:346:in `columns'
    /usr/local/rvm/gems/ruby-1.9.3-p194/gems/activerecord-3.2.8/lib/active_record/fixtures.rb:660:in `column_names'
    /usr/local/rvm/gems/ruby-1.9.3-p194/gems/activerecord-3.2.8/lib/active_record/fixtures.rb:652:in `timestamp_column_names'
    /usr/local/rvm/gems/ruby-1.9.3-p194/gems/activerecord-3.2.8/lib/active_record/fixtures.rb:585:in `block in table_rows'
    /usr/local/rvm/gems/ruby-1.9.3-p194/gems/activerecord-3.2.8/lib/active_record/fixtures.rb:579:in `each'
    /usr/local/rvm/gems/ruby-1.9.3-p194/gems/activerecord-3.2.8/lib/active_record/fixtures.rb:579:in `map'
    /usr/local/rvm/gems/ruby-1.9.3-p194/gems/activerecord-3.2.8/lib/active_record/fixtures.rb:579:in `table_rows'
    /usr/local/rvm/gems/ruby-1.9.3-p194/gems/activerecord-3.2.8/lib/active_record/fixtures.rb:494:in `block (3 levels) in create_fixtures'
    /usr/local/rvm/gems/ruby-1.9.3-p194/gems/activerecord-3.2.8/lib/active_record/fixtures.rb:492:in `each'
    /usr/local/rvm/gems/ruby-1.9.3-p194/gems/activerecord-3.2.8/lib/active_record/fixtures.rb:492:in `block (2 levels) in create_fixtures'
    /usr/local/rvm/gems/ruby-1.9.3-p194/gems/activerecord-3.2.8/lib/active_record/connection_adapters/abstract/database_statements.rb:192:in `transaction'
    /usr/local/rvm/gems/ruby-1.9.3-p194/gems/activerecord-3.2.8/lib/active_record/fixtures.rb:491:in `block in create_fixtures'
    /usr/local/rvm/gems/ruby-1.9.3-p194/gems/activerecord-3.2.8/lib/active_record/connection_adapters/abstract_adapter.rb:168:in `disable_referential_integrity'
    /usr/local/rvm/gems/ruby-1.9.3-p194/gems/activerecord-3.2.8/lib/active_record/fixtures.rb:476:in `create_fixtures'
    /usr/local/rvm/gems/ruby-1.9.3-p194/gems/activerecord-3.2.8/lib/active_record/fixtures.rb:895:in `load_fixtures'
    /usr/local/rvm/gems/ruby-1.9.3-p194/gems/activerecord-3.2.8/lib/active_record/fixtures.rb:849:in `setup_fixtures'
    /usr/local/rvm/gems/ruby-1.9.3-p194/gems/activesupport-3.2.8/lib/active_support/callbacks.rb:429:in `_run__527742869__setup__382932749__callbacks'
    /usr/local/rvm/gems/ruby-1.9.3-p194/gems/activesupport-3.2.8/lib/active_support/callbacks.rb:405:in `__run_callback'
    /usr/local/rvm/gems/ruby-1.9.3-p194/gems/activesupport-3.2.8/lib/active_support/callbacks.rb:385:in `_run_setup_callbacks'
    /usr/local/rvm/gems/ruby-1.9.3-p194/gems/activesupport-3.2.8/lib/active_support/callbacks.rb:81:in `run_callbacks'
    /usr/local/rvm/gems/ruby-1.9.3-p194/gems/activesupport-3.2.8/lib/active_support/testing/setup_and_teardown.rb:35:in `run'

  6) Error:
test_should_show_user(UsersControllerTest):
ActiveRecord::StatementInvalid: Could not find table 'users'
    /usr/local/rvm/gems/ruby-1.9.3-p194/gems/activerecord-3.2.8/lib/active_record/connection_adapters/sqlite_adapter.rb:472:in `table_structure'
    /usr/local/rvm/gems/ruby-1.9.3-p194/gems/activerecord-3.2.8/lib/active_record/connection_adapters/sqlite_adapter.rb:346:in `columns'
    /usr/local/rvm/gems/ruby-1.9.3-p194/gems/activerecord-3.2.8/lib/active_record/fixtures.rb:660:in `column_names'
    /usr/local/rvm/gems/ruby-1.9.3-p194/gems/activerecord-3.2.8/lib/active_record/fixtures.rb:652:in `timestamp_column_names'
    /usr/local/rvm/gems/ruby-1.9.3-p194/gems/activerecord-3.2.8/lib/active_record/fixtures.rb:585:in `block in table_rows'
    /usr/local/rvm/gems/ruby-1.9.3-p194/gems/activerecord-3.2.8/lib/active_record/fixtures.rb:579:in `each'
    /usr/local/rvm/gems/ruby-1.9.3-p194/gems/activerecord-3.2.8/lib/active_record/fixtures.rb:579:in `map'
    /usr/local/rvm/gems/ruby-1.9.3-p194/gems/activerecord-3.2.8/lib/active_record/fixtures.rb:579:in `table_rows'
    /usr/local/rvm/gems/ruby-1.9.3-p194/gems/activerecord-3.2.8/lib/active_record/fixtures.rb:494:in `block (3 levels) in create_fixtures'
    /usr/local/rvm/gems/ruby-1.9.3-p194/gems/activerecord-3.2.8/lib/active_record/fixtures.rb:492:in `each'
    /usr/local/rvm/gems/ruby-1.9.3-p194/gems/activerecord-3.2.8/lib/active_record/fixtures.rb:492:in `block (2 levels) in create_fixtures'
    /usr/local/rvm/gems/ruby-1.9.3-p194/gems/activerecord-3.2.8/lib/active_record/connection_adapters/abstract/database_statements.rb:192:in `transaction'
    /usr/local/rvm/gems/ruby-1.9.3-p194/gems/activerecord-3.2.8/lib/active_record/fixtures.rb:491:in `block in create_fixtures'
    /usr/local/rvm/gems/ruby-1.9.3-p194/gems/activerecord-3.2.8/lib/active_record/connection_adapters/abstract_adapter.rb:168:in `disable_referential_integrity'
    /usr/local/rvm/gems/ruby-1.9.3-p194/gems/activerecord-3.2.8/lib/active_record/fixtures.rb:476:in `create_fixtures'
    /usr/local/rvm/gems/ruby-1.9.3-p194/gems/activerecord-3.2.8/lib/active_record/fixtures.rb:895:in `load_fixtures'
    /usr/local/rvm/gems/ruby-1.9.3-p194/gems/activerecord-3.2.8/lib/active_record/fixtures.rb:849:in `setup_fixtures'
    /usr/local/rvm/gems/ruby-1.9.3-p194/gems/activesupport-3.2.8/lib/active_support/callbacks.rb:429:in `_run__527742869__setup__382932749__callbacks'
    /usr/local/rvm/gems/ruby-1.9.3-p194/gems/activesupport-3.2.8/lib/active_support/callbacks.rb:405:in `__run_callback'
    /usr/local/rvm/gems/ruby-1.9.3-p194/gems/activesupport-3.2.8/lib/active_support/callbacks.rb:385:in `_run_setup_callbacks'
    /usr/local/rvm/gems/ruby-1.9.3-p194/gems/activesupport-3.2.8/lib/active_support/callbacks.rb:81:in `run_callbacks'
    /usr/local/rvm/gems/ruby-1.9.3-p194/gems/activesupport-3.2.8/lib/active_support/testing/setup_and_teardown.rb:35:in `run'

  7) Error:
test_should_update_user(UsersControllerTest):
ActiveRecord::StatementInvalid: Could not find table 'users'
    /usr/local/rvm/gems/ruby-1.9.3-p194/gems/activerecord-3.2.8/lib/active_record/connection_adapters/sqlite_adapter.rb:472:in `table_structure'
    /usr/local/rvm/gems/ruby-1.9.3-p194/gems/activerecord-3.2.8/lib/active_record/connection_adapters/sqlite_adapter.rb:346:in `columns'
    /usr/local/rvm/gems/ruby-1.9.3-p194/gems/activerecord-3.2.8/lib/active_record/fixtures.rb:660:in `column_names'
    /usr/local/rvm/gems/ruby-1.9.3-p194/gems/activerecord-3.2.8/lib/active_record/fixtures.rb:652:in `timestamp_column_names'
    /usr/local/rvm/gems/ruby-1.9.3-p194/gems/activerecord-3.2.8/lib/active_record/fixtures.rb:585:in `block in table_rows'
    /usr/local/rvm/gems/ruby-1.9.3-p194/gems/activerecord-3.2.8/lib/active_record/fixtures.rb:579:in `each'
    /usr/local/rvm/gems/ruby-1.9.3-p194/gems/activerecord-3.2.8/lib/active_record/fixtures.rb:579:in `map'
    /usr/local/rvm/gems/ruby-1.9.3-p194/gems/activerecord-3.2.8/lib/active_record/fixtures.rb:579:in `table_rows'
    /usr/local/rvm/gems/ruby-1.9.3-p194/gems/activerecord-3.2.8/lib/active_record/fixtures.rb:494:in `block (3 levels) in create_fixtures'
    /usr/local/rvm/gems/ruby-1.9.3-p194/gems/activerecord-3.2.8/lib/active_record/fixtures.rb:492:in `each'
    /usr/local/rvm/gems/ruby-1.9.3-p194/gems/activerecord-3.2.8/lib/active_record/fixtures.rb:492:in `block (2 levels) in create_fixtures'
    /usr/local/rvm/gems/ruby-1.9.3-p194/gems/activerecord-3.2.8/lib/active_record/connection_adapters/abstract/database_statements.rb:192:in `transaction'
    /usr/local/rvm/gems/ruby-1.9.3-p194/gems/activerecord-3.2.8/lib/active_record/fixtures.rb:491:in `block in create_fixtures'
    /usr/local/rvm/gems/ruby-1.9.3-p194/gems/activerecord-3.2.8/lib/active_record/connection_adapters/abstract_adapter.rb:168:in `disable_referential_integrity'
    /usr/local/rvm/gems/ruby-1.9.3-p194/gems/activerecord-3.2.8/lib/active_record/fixtures.rb:476:in `create_fixtures'
    /usr/local/rvm/gems/ruby-1.9.3-p194/gems/activerecord-3.2.8/lib/active_record/fixtures.rb:895:in `load_fixtures'
    /usr/local/rvm/gems/ruby-1.9.3-p194/gems/activerecord-3.2.8/lib/active_record/fixtures.rb:849:in `setup_fixtures'
    /usr/local/rvm/gems/ruby-1.9.3-p194/gems/activesupport-3.2.8/lib/active_support/callbacks.rb:429:in `_run__527742869__setup__382932749__callbacks'
    /usr/local/rvm/gems/ruby-1.9.3-p194/gems/activesupport-3.2.8/lib/active_support/callbacks.rb:405:in `__run_callback'
    /usr/local/rvm/gems/ruby-1.9.3-p194/gems/activesupport-3.2.8/lib/active_support/callbacks.rb:385:in `_run_setup_callbacks'
    /usr/local/rvm/gems/ruby-1.9.3-p194/gems/activesupport-3.2.8/lib/active_support/callbacks.rb:81:in `run_callbacks'
    /usr/local/rvm/gems/ruby-1.9.3-p194/gems/activesupport-3.2.8/lib/active_support/testing/setup_and_teardown.rb:35:in `run'

7 tests, 0 assertions, 0 failures, 7 errors, 0 skips
Run options: -n "/^(test_should_get_contact|test_should_get_home)$/"

# Running tests:

EE

Finished tests in 0.047194s, 42.3780 tests/s, 0.0000 assertions/s.

  1) Error:
test_should_get_contact(PagesControllerTest):
ActiveRecord::StatementInvalid: Could not find table 'users'
    /usr/local/rvm/gems/ruby-1.9.3-p194/gems/activerecord-3.2.8/lib/active_record/connection_adapters/sqlite_adapter.rb:472:in `table_structure'
    /usr/local/rvm/gems/ruby-1.9.3-p194/gems/activerecord-3.2.8/lib/active_record/connection_adapters/sqlite_adapter.rb:346:in `columns'
    /usr/local/rvm/gems/ruby-1.9.3-p194/gems/activerecord-3.2.8/lib/active_record/fixtures.rb:660:in `column_names'
    /usr/local/rvm/gems/ruby-1.9.3-p194/gems/activerecord-3.2.8/lib/active_record/fixtures.rb:652:in `timestamp_column_names'
    /usr/local/rvm/gems/ruby-1.9.3-p194/gems/activerecord-3.2.8/lib/active_record/fixtures.rb:585:in `block in table_rows'
    /usr/local/rvm/gems/ruby-1.9.3-p194/gems/activerecord-3.2.8/lib/active_record/fixtures.rb:579:in `each'
    /usr/local/rvm/gems/ruby-1.9.3-p194/gems/activerecord-3.2.8/lib/active_record/fixtures.rb:579:in `map'
    /usr/local/rvm/gems/ruby-1.9.3-p194/gems/activerecord-3.2.8/lib/active_record/fixtures.rb:579:in `table_rows'
    /usr/local/rvm/gems/ruby-1.9.3-p194/gems/activerecord-3.2.8/lib/active_record/fixtures.rb:494:in `block (3 levels) in create_fixtures'
    /usr/local/rvm/gems/ruby-1.9.3-p194/gems/activerecord-3.2.8/lib/active_record/fixtures.rb:492:in `each'
    /usr/local/rvm/gems/ruby-1.9.3-p194/gems/activerecord-3.2.8/lib/active_record/fixtures.rb:492:in `block (2 levels) in create_fixtures'
    /usr/local/rvm/gems/ruby-1.9.3-p194/gems/activerecord-3.2.8/lib/active_record/connection_adapters/abstract/database_statements.rb:192:in `transaction'
    /usr/local/rvm/gems/ruby-1.9.3-p194/gems/activerecord-3.2.8/lib/active_record/fixtures.rb:491:in `block in create_fixtures'
    /usr/local/rvm/gems/ruby-1.9.3-p194/gems/activerecord-3.2.8/lib/active_record/connection_adapters/abstract_adapter.rb:168:in `disable_referential_integrity'
    /usr/local/rvm/gems/ruby-1.9.3-p194/gems/activerecord-3.2.8/lib/active_record/fixtures.rb:476:in `create_fixtures'
    /usr/local/rvm/gems/ruby-1.9.3-p194/gems/activerecord-3.2.8/lib/active_record/fixtures.rb:895:in `load_fixtures'
    /usr/local/rvm/gems/ruby-1.9.3-p194/gems/activerecord-3.2.8/lib/active_record/fixtures.rb:849:in `setup_fixtures'
    /usr/local/rvm/gems/ruby-1.9.3-p194/gems/activesupport-3.2.8/lib/active_support/callbacks.rb:429:in `_run__954399400__setup__92057170__callbacks'
    /usr/local/rvm/gems/ruby-1.9.3-p194/gems/activesupport-3.2.8/lib/active_support/callbacks.rb:405:in `__run_callback'
    /usr/local/rvm/gems/ruby-1.9.3-p194/gems/activesupport-3.2.8/lib/active_support/callbacks.rb:385:in `_run_setup_callbacks'
    /usr/local/rvm/gems/ruby-1.9.3-p194/gems/activesupport-3.2.8/lib/active_support/callbacks.rb:81:in `run_callbacks'
    /usr/local/rvm/gems/ruby-1.9.3-p194/gems/activesupport-3.2.8/lib/active_support/testing/setup_and_teardown.rb:35:in `run'

  2) Error:
test_should_get_home(PagesControllerTest):
ActiveRecord::StatementInvalid: Could not find table 'users'
    /usr/local/rvm/gems/ruby-1.9.3-p194/gems/activerecord-3.2.8/lib/active_record/connection_adapters/sqlite_adapter.rb:472:in `table_structure'
    /usr/local/rvm/gems/ruby-1.9.3-p194/gems/activerecord-3.2.8/lib/active_record/connection_adapters/sqlite_adapter.rb:346:in `columns'
    /usr/local/rvm/gems/ruby-1.9.3-p194/gems/activerecord-3.2.8/lib/active_record/fixtures.rb:660:in `column_names'
    /usr/local/rvm/gems/ruby-1.9.3-p194/gems/activerecord-3.2.8/lib/active_record/fixtures.rb:652:in `timestamp_column_names'
    /usr/local/rvm/gems/ruby-1.9.3-p194/gems/activerecord-3.2.8/lib/active_record/fixtures.rb:585:in `block in table_rows'
    /usr/local/rvm/gems/ruby-1.9.3-p194/gems/activerecord-3.2.8/lib/active_record/fixtures.rb:579:in `each'
    /usr/local/rvm/gems/ruby-1.9.3-p194/gems/activerecord-3.2.8/lib/active_record/fixtures.rb:579:in `map'
    /usr/local/rvm/gems/ruby-1.9.3-p194/gems/activerecord-3.2.8/lib/active_record/fixtures.rb:579:in `table_rows'
    /usr/local/rvm/gems/ruby-1.9.3-p194/gems/activerecord-3.2.8/lib/active_record/fixtures.rb:494:in `block (3 levels) in create_fixtures'
    /usr/local/rvm/gems/ruby-1.9.3-p194/gems/activerecord-3.2.8/lib/active_record/fixtures.rb:492:in `each'
    /usr/local/rvm/gems/ruby-1.9.3-p194/gems/activerecord-3.2.8/lib/active_record/fixtures.rb:492:in `block (2 levels) in create_fixtures'
    /usr/local/rvm/gems/ruby-1.9.3-p194/gems/activerecord-3.2.8/lib/active_record/connection_adapters/abstract/database_statements.rb:192:in `transaction'
    /usr/local/rvm/gems/ruby-1.9.3-p194/gems/activerecord-3.2.8/lib/active_record/fixtures.rb:491:in `block in create_fixtures'
    /usr/local/rvm/gems/ruby-1.9.3-p194/gems/activerecord-3.2.8/lib/active_record/connection_adapters/abstract_adapter.rb:168:in `disable_referential_integrity'
    /usr/local/rvm/gems/ruby-1.9.3-p194/gems/activerecord-3.2.8/lib/active_record/fixtures.rb:476:in `create_fixtures'
    /usr/local/rvm/gems/ruby-1.9.3-p194/gems/activerecord-3.2.8/lib/active_record/fixtures.rb:895:in `load_fixtures'
    /usr/local/rvm/gems/ruby-1.9.3-p194/gems/activerecord-3.2.8/lib/active_record/fixtures.rb:849:in `setup_fixtures'
    /usr/local/rvm/gems/ruby-1.9.3-p194/gems/activesupport-3.2.8/lib/active_support/callbacks.rb:429:in `_run__954399400__setup__92057170__callbacks'
    /usr/local/rvm/gems/ruby-1.9.3-p194/gems/activesupport-3.2.8/lib/active_support/callbacks.rb:405:in `__run_callback'
    /usr/local/rvm/gems/ruby-1.9.3-p194/gems/activesupport-3.2.8/lib/active_support/callbacks.rb:385:in `_run_setup_callbacks'
    /usr/local/rvm/gems/ruby-1.9.3-p194/gems/activesupport-3.2.8/lib/active_support/callbacks.rb:81:in `run_callbacks'
    /usr/local/rvm/gems/ruby-1.9.3-p194/gems/activesupport-3.2.8/lib/active_support/testing/setup_and_teardown.rb:35:in `run'

2 tests, 0 assertions, 0 failures, 2 errors, 0 skips
Run options: -n "/^(test_should_create_micropost|test_should_destroy_micropost|test_should_get_edit|test_should_get_index|test_should_get_new|test_should_show_micropost|test_should_update_micropost)$/"

# Running tests:

EEEEEEE

Finished tests in 0.108656s, 64.4233 tests/s, 0.0000 assertions/s.

  1) Error:
test_should_create_micropost(MicropostsControllerTest):
ActiveRecord::StatementInvalid: Could not find table 'users'
    /usr/local/rvm/gems/ruby-1.9.3-p194/gems/activerecord-3.2.8/lib/active_record/connection_adapters/sqlite_adapter.rb:472:in `table_structure'
    /usr/local/rvm/gems/ruby-1.9.3-p194/gems/activerecord-3.2.8/lib/active_record/connection_adapters/sqlite_adapter.rb:346:in `columns'
    /usr/local/rvm/gems/ruby-1.9.3-p194/gems/activerecord-3.2.8/lib/active_record/fixtures.rb:660:in `column_names'
    /usr/local/rvm/gems/ruby-1.9.3-p194/gems/activerecord-3.2.8/lib/active_record/fixtures.rb:652:in `timestamp_column_names'
    /usr/local/rvm/gems/ruby-1.9.3-p194/gems/activerecord-3.2.8/lib/active_record/fixtures.rb:585:in `block in table_rows'
    /usr/local/rvm/gems/ruby-1.9.3-p194/gems/activerecord-3.2.8/lib/active_record/fixtures.rb:579:in `each'
    /usr/local/rvm/gems/ruby-1.9.3-p194/gems/activerecord-3.2.8/lib/active_record/fixtures.rb:579:in `map'
    /usr/local/rvm/gems/ruby-1.9.3-p194/gems/activerecord-3.2.8/lib/active_record/fixtures.rb:579:in `table_rows'
    /usr/local/rvm/gems/ruby-1.9.3-p194/gems/activerecord-3.2.8/lib/active_record/fixtures.rb:494:in `block (3 levels) in create_fixtures'
    /usr/local/rvm/gems/ruby-1.9.3-p194/gems/activerecord-3.2.8/lib/active_record/fixtures.rb:492:in `each'
    /usr/local/rvm/gems/ruby-1.9.3-p194/gems/activerecord-3.2.8/lib/active_record/fixtures.rb:492:in `block (2 levels) in create_fixtures'
    /usr/local/rvm/gems/ruby-1.9.3-p194/gems/activerecord-3.2.8/lib/active_record/connection_adapters/abstract/database_statements.rb:192:in `transaction'
    /usr/local/rvm/gems/ruby-1.9.3-p194/gems/activerecord-3.2.8/lib/active_record/fixtures.rb:491:in `block in create_fixtures'
    /usr/local/rvm/gems/ruby-1.9.3-p194/gems/activerecord-3.2.8/lib/active_record/connection_adapters/abstract_adapter.rb:168:in `disable_referential_integrity'
    /usr/local/rvm/gems/ruby-1.9.3-p194/gems/activerecord-3.2.8/lib/active_record/fixtures.rb:476:in `create_fixtures'
    /usr/local/rvm/gems/ruby-1.9.3-p194/gems/activerecord-3.2.8/lib/active_record/fixtures.rb:895:in `load_fixtures'
    /usr/local/rvm/gems/ruby-1.9.3-p194/gems/activerecord-3.2.8/lib/active_record/fixtures.rb:849:in `setup_fixtures'
    /usr/local/rvm/gems/ruby-1.9.3-p194/gems/activesupport-3.2.8/lib/active_support/callbacks.rb:429:in `_run__747179807__setup__81238819__callbacks'
    /usr/local/rvm/gems/ruby-1.9.3-p194/gems/activesupport-3.2.8/lib/active_support/callbacks.rb:405:in `__run_callback'
    /usr/local/rvm/gems/ruby-1.9.3-p194/gems/activesupport-3.2.8/lib/active_support/callbacks.rb:385:in `_run_setup_callbacks'
    /usr/local/rvm/gems/ruby-1.9.3-p194/gems/activesupport-3.2.8/lib/active_support/callbacks.rb:81:in `run_callbacks'
    /usr/local/rvm/gems/ruby-1.9.3-p194/gems/activesupport-3.2.8/lib/active_support/testing/setup_and_teardown.rb:35:in `run'

  2) Error:
test_should_destroy_micropost(MicropostsControllerTest):
ActiveRecord::StatementInvalid: Could not find table 'users'
    /usr/local/rvm/gems/ruby-1.9.3-p194/gems/activerecord-3.2.8/lib/active_record/connection_adapters/sqlite_adapter.rb:472:in `table_structure'
    /usr/local/rvm/gems/ruby-1.9.3-p194/gems/activerecord-3.2.8/lib/active_record/connection_adapters/sqlite_adapter.rb:346:in `columns'
    /usr/local/rvm/gems/ruby-1.9.3-p194/gems/activerecord-3.2.8/lib/active_record/fixtures.rb:660:in `column_names'
    /usr/local/rvm/gems/ruby-1.9.3-p194/gems/activerecord-3.2.8/lib/active_record/fixtures.rb:652:in `timestamp_column_names'
    /usr/local/rvm/gems/ruby-1.9.3-p194/gems/activerecord-3.2.8/lib/active_record/fixtures.rb:585:in `block in table_rows'
    /usr/local/rvm/gems/ruby-1.9.3-p194/gems/activerecord-3.2.8/lib/active_record/fixtures.rb:579:in `each'
    /usr/local/rvm/gems/ruby-1.9.3-p194/gems/activerecord-3.2.8/lib/active_record/fixtures.rb:579:in `map'
    /usr/local/rvm/gems/ruby-1.9.3-p194/gems/activerecord-3.2.8/lib/active_record/fixtures.rb:579:in `table_rows'
    /usr/local/rvm/gems/ruby-1.9.3-p194/gems/activerecord-3.2.8/lib/active_record/fixtures.rb:494:in `block (3 levels) in create_fixtures'
    /usr/local/rvm/gems/ruby-1.9.3-p194/gems/activerecord-3.2.8/lib/active_record/fixtures.rb:492:in `each'
    /usr/local/rvm/gems/ruby-1.9.3-p194/gems/activerecord-3.2.8/lib/active_record/fixtures.rb:492:in `block (2 levels) in create_fixtures'
    /usr/local/rvm/gems/ruby-1.9.3-p194/gems/activerecord-3.2.8/lib/active_record/connection_adapters/abstract/database_statements.rb:192:in `transaction'
    /usr/local/rvm/gems/ruby-1.9.3-p194/gems/activerecord-3.2.8/lib/active_record/fixtures.rb:491:in `block in create_fixtures'
    /usr/local/rvm/gems/ruby-1.9.3-p194/gems/activerecord-3.2.8/lib/active_record/connection_adapters/abstract_adapter.rb:168:in `disable_referential_integrity'
    /usr/local/rvm/gems/ruby-1.9.3-p194/gems/activerecord-3.2.8/lib/active_record/fixtures.rb:476:in `create_fixtures'
    /usr/local/rvm/gems/ruby-1.9.3-p194/gems/activerecord-3.2.8/lib/active_record/fixtures.rb:895:in `load_fixtures'
    /usr/local/rvm/gems/ruby-1.9.3-p194/gems/activerecord-3.2.8/lib/active_record/fixtures.rb:849:in `setup_fixtures'
    /usr/local/rvm/gems/ruby-1.9.3-p194/gems/activesupport-3.2.8/lib/active_support/callbacks.rb:429:in `_run__747179807__setup__81238819__callbacks'
    /usr/local/rvm/gems/ruby-1.9.3-p194/gems/activesupport-3.2.8/lib/active_support/callbacks.rb:405:in `__run_callback'
    /usr/local/rvm/gems/ruby-1.9.3-p194/gems/activesupport-3.2.8/lib/active_support/callbacks.rb:385:in `_run_setup_callbacks'
    /usr/local/rvm/gems/ruby-1.9.3-p194/gems/activesupport-3.2.8/lib/active_support/callbacks.rb:81:in `run_callbacks'
    /usr/local/rvm/gems/ruby-1.9.3-p194/gems/activesupport-3.2.8/lib/active_support/testing/setup_and_teardown.rb:35:in `run'

  3) Error:
test_should_get_edit(MicropostsControllerTest):
ActiveRecord::StatementInvalid: Could not find table 'users'
    /usr/local/rvm/gems/ruby-1.9.3-p194/gems/activerecord-3.2.8/lib/active_record/connection_adapters/sqlite_adapter.rb:472:in `table_structure'
    /usr/local/rvm/gems/ruby-1.9.3-p194/gems/activerecord-3.2.8/lib/active_record/connection_adapters/sqlite_adapter.rb:346:in `columns'
    /usr/local/rvm/gems/ruby-1.9.3-p194/gems/activerecord-3.2.8/lib/active_record/fixtures.rb:660:in `column_names'
    /usr/local/rvm/gems/ruby-1.9.3-p194/gems/activerecord-3.2.8/lib/active_record/fixtures.rb:652:in `timestamp_column_names'
    /usr/local/rvm/gems/ruby-1.9.3-p194/gems/activerecord-3.2.8/lib/active_record/fixtures.rb:585:in `block in table_rows'
    /usr/local/rvm/gems/ruby-1.9.3-p194/gems/activerecord-3.2.8/lib/active_record/fixtures.rb:579:in `each'
    /usr/local/rvm/gems/ruby-1.9.3-p194/gems/activerecord-3.2.8/lib/active_record/fixtures.rb:579:in `map'
    /usr/local/rvm/gems/ruby-1.9.3-p194/gems/activerecord-3.2.8/lib/active_record/fixtures.rb:579:in `table_rows'
    /usr/local/rvm/gems/ruby-1.9.3-p194/gems/activerecord-3.2.8/lib/active_record/fixtures.rb:494:in `block (3 levels) in create_fixtures'
    /usr/local/rvm/gems/ruby-1.9.3-p194/gems/activerecord-3.2.8/lib/active_record/fixtures.rb:492:in `each'
    /usr/local/rvm/gems/ruby-1.9.3-p194/gems/activerecord-3.2.8/lib/active_record/fixtures.rb:492:in `block (2 levels) in create_fixtures'
    /usr/local/rvm/gems/ruby-1.9.3-p194/gems/activerecord-3.2.8/lib/active_record/connection_adapters/abstract/database_statements.rb:192:in `transaction'
    /usr/local/rvm/gems/ruby-1.9.3-p194/gems/activerecord-3.2.8/lib/active_record/fixtures.rb:491:in `block in create_fixtures'
    /usr/local/rvm/gems/ruby-1.9.3-p194/gems/activerecord-3.2.8/lib/active_record/connection_adapters/abstract_adapter.rb:168:in `disable_referential_integrity'
    /usr/local/rvm/gems/ruby-1.9.3-p194/gems/activerecord-3.2.8/lib/active_record/fixtures.rb:476:in `create_fixtures'
    /usr/local/rvm/gems/ruby-1.9.3-p194/gems/activerecord-3.2.8/lib/active_record/fixtures.rb:895:in `load_fixtures'
    /usr/local/rvm/gems/ruby-1.9.3-p194/gems/activerecord-3.2.8/lib/active_record/fixtures.rb:849:in `setup_fixtures'
    /usr/local/rvm/gems/ruby-1.9.3-p194/gems/activesupport-3.2.8/lib/active_support/callbacks.rb:429:in `_run__747179807__setup__81238819__callbacks'
    /usr/local/rvm/gems/ruby-1.9.3-p194/gems/activesupport-3.2.8/lib/active_support/callbacks.rb:405:in `__run_callback'
    /usr/local/rvm/gems/ruby-1.9.3-p194/gems/activesupport-3.2.8/lib/active_support/callbacks.rb:385:in `_run_setup_callbacks'
    /usr/local/rvm/gems/ruby-1.9.3-p194/gems/activesupport-3.2.8/lib/active_support/callbacks.rb:81:in `run_callbacks'
    /usr/local/rvm/gems/ruby-1.9.3-p194/gems/activesupport-3.2.8/lib/active_support/testing/setup_and_teardown.rb:35:in `run'

  4) Error:
test_should_get_index(MicropostsControllerTest):
ActiveRecord::StatementInvalid: Could not find table 'users'
    /usr/local/rvm/gems/ruby-1.9.3-p194/gems/activerecord-3.2.8/lib/active_record/connection_adapters/sqlite_adapter.rb:472:in `table_structure'
    /usr/local/rvm/gems/ruby-1.9.3-p194/gems/activerecord-3.2.8/lib/active_record/connection_adapters/sqlite_adapter.rb:346:in `columns'
    /usr/local/rvm/gems/ruby-1.9.3-p194/gems/activerecord-3.2.8/lib/active_record/fixtures.rb:660:in `column_names'
    /usr/local/rvm/gems/ruby-1.9.3-p194/gems/activerecord-3.2.8/lib/active_record/fixtures.rb:652:in `timestamp_column_names'
    /usr/local/rvm/gems/ruby-1.9.3-p194/gems/activerecord-3.2.8/lib/active_record/fixtures.rb:585:in `block in table_rows'
    /usr/local/rvm/gems/ruby-1.9.3-p194/gems/activerecord-3.2.8/lib/active_record/fixtures.rb:579:in `each'
    /usr/local/rvm/gems/ruby-1.9.3-p194/gems/activerecord-3.2.8/lib/active_record/fixtures.rb:579:in `map'
    /usr/local/rvm/gems/ruby-1.9.3-p194/gems/activerecord-3.2.8/lib/active_record/fixtures.rb:579:in `table_rows'
    /usr/local/rvm/gems/ruby-1.9.3-p194/gems/activerecord-3.2.8/lib/active_record/fixtures.rb:494:in `block (3 levels) in create_fixtures'
    /usr/local/rvm/gems/ruby-1.9.3-p194/gems/activerecord-3.2.8/lib/active_record/fixtures.rb:492:in `each'
    /usr/local/rvm/gems/ruby-1.9.3-p194/gems/activerecord-3.2.8/lib/active_record/fixtures.rb:492:in `block (2 levels) in create_fixtures'
    /usr/local/rvm/gems/ruby-1.9.3-p194/gems/activerecord-3.2.8/lib/active_record/connection_adapters/abstract/database_statements.rb:192:in `transaction'
    /usr/local/rvm/gems/ruby-1.9.3-p194/gems/activerecord-3.2.8/lib/active_record/fixtures.rb:491:in `block in create_fixtures'
    /usr/local/rvm/gems/ruby-1.9.3-p194/gems/activerecord-3.2.8/lib/active_record/connection_adapters/abstract_adapter.rb:168:in `disable_referential_integrity'
    /usr/local/rvm/gems/ruby-1.9.3-p194/gems/activerecord-3.2.8/lib/active_record/fixtures.rb:476:in `create_fixtures'
    /usr/local/rvm/gems/ruby-1.9.3-p194/gems/activerecord-3.2.8/lib/active_record/fixtures.rb:895:in `load_fixtures'
    /usr/local/rvm/gems/ruby-1.9.3-p194/gems/activerecord-3.2.8/lib/active_record/fixtures.rb:849:in `setup_fixtures'
    /usr/local/rvm/gems/ruby-1.9.3-p194/gems/activesupport-3.2.8/lib/active_support/callbacks.rb:429:in `_run__747179807__setup__81238819__callbacks'
    /usr/local/rvm/gems/ruby-1.9.3-p194/gems/activesupport-3.2.8/lib/active_support/callbacks.rb:405:in `__run_callback'
    /usr/local/rvm/gems/ruby-1.9.3-p194/gems/activesupport-3.2.8/lib/active_support/callbacks.rb:385:in `_run_setup_callbacks'
    /usr/local/rvm/gems/ruby-1.9.3-p194/gems/activesupport-3.2.8/lib/active_support/callbacks.rb:81:in `run_callbacks'
    /usr/local/rvm/gems/ruby-1.9.3-p194/gems/activesupport-3.2.8/lib/active_support/testing/setup_and_teardown.rb:35:in `run'

  5) Error:
test_should_get_new(MicropostsControllerTest):
ActiveRecord::StatementInvalid: Could not find table 'users'
    /usr/local/rvm/gems/ruby-1.9.3-p194/gems/activerecord-3.2.8/lib/active_record/connection_adapters/sqlite_adapter.rb:472:in `table_structure'
    /usr/local/rvm/gems/ruby-1.9.3-p194/gems/activerecord-3.2.8/lib/active_record/connection_adapters/sqlite_adapter.rb:346:in `columns'
    /usr/local/rvm/gems/ruby-1.9.3-p194/gems/activerecord-3.2.8/lib/active_record/fixtures.rb:660:in `column_names'
    /usr/local/rvm/gems/ruby-1.9.3-p194/gems/activerecord-3.2.8/lib/active_record/fixtures.rb:652:in `timestamp_column_names'
    /usr/local/rvm/gems/ruby-1.9.3-p194/gems/activerecord-3.2.8/lib/active_record/fixtures.rb:585:in `block in table_rows'
    /usr/local/rvm/gems/ruby-1.9.3-p194/gems/activerecord-3.2.8/lib/active_record/fixtures.rb:579:in `each'
    /usr/local/rvm/gems/ruby-1.9.3-p194/gems/activerecord-3.2.8/lib/active_record/fixtures.rb:579:in `map'
    /usr/local/rvm/gems/ruby-1.9.3-p194/gems/activerecord-3.2.8/lib/active_record/fixtures.rb:579:in `table_rows'
    /usr/local/rvm/gems/ruby-1.9.3-p194/gems/activerecord-3.2.8/lib/active_record/fixtures.rb:494:in `block (3 levels) in create_fixtures'
    /usr/local/rvm/gems/ruby-1.9.3-p194/gems/activerecord-3.2.8/lib/active_record/fixtures.rb:492:in `each'
    /usr/local/rvm/gems/ruby-1.9.3-p194/gems/activerecord-3.2.8/lib/active_record/fixtures.rb:492:in `block (2 levels) in create_fixtures'
    /usr/local/rvm/gems/ruby-1.9.3-p194/gems/activerecord-3.2.8/lib/active_record/connection_adapters/abstract/database_statements.rb:192:in `transaction'
    /usr/local/rvm/gems/ruby-1.9.3-p194/gems/activerecord-3.2.8/lib/active_record/fixtures.rb:491:in `block in create_fixtures'
    /usr/local/rvm/gems/ruby-1.9.3-p194/gems/activerecord-3.2.8/lib/active_record/connection_adapters/abstract_adapter.rb:168:in `disable_referential_integrity'
    /usr/local/rvm/gems/ruby-1.9.3-p194/gems/activerecord-3.2.8/lib/active_record/fixtures.rb:476:in `create_fixtures'
    /usr/local/rvm/gems/ruby-1.9.3-p194/gems/activerecord-3.2.8/lib/active_record/fixtures.rb:895:in `load_fixtures'
    /usr/local/rvm/gems/ruby-1.9.3-p194/gems/activerecord-3.2.8/lib/active_record/fixtures.rb:849:in `setup_fixtures'
    /usr/local/rvm/gems/ruby-1.9.3-p194/gems/activesupport-3.2.8/lib/active_support/callbacks.rb:429:in `_run__747179807__setup__81238819__callbacks'
    /usr/local/rvm/gems/ruby-1.9.3-p194/gems/activesupport-3.2.8/lib/active_support/callbacks.rb:405:in `__run_callback'
    /usr/local/rvm/gems/ruby-1.9.3-p194/gems/activesupport-3.2.8/lib/active_support/callbacks.rb:385:in `_run_setup_callbacks'
    /usr/local/rvm/gems/ruby-1.9.3-p194/gems/activesupport-3.2.8/lib/active_support/callbacks.rb:81:in `run_callbacks'
    /usr/local/rvm/gems/ruby-1.9.3-p194/gems/activesupport-3.2.8/lib/active_support/testing/setup_and_teardown.rb:35:in `run'

  6) Error:
test_should_show_micropost(MicropostsControllerTest):
ActiveRecord::StatementInvalid: Could not find table 'users'
    /usr/local/rvm/gems/ruby-1.9.3-p194/gems/activerecord-3.2.8/lib/active_record/connection_adapters/sqlite_adapter.rb:472:in `table_structure'
    /usr/local/rvm/gems/ruby-1.9.3-p194/gems/activerecord-3.2.8/lib/active_record/connection_adapters/sqlite_adapter.rb:346:in `columns'
    /usr/local/rvm/gems/ruby-1.9.3-p194/gems/activerecord-3.2.8/lib/active_record/fixtures.rb:660:in `column_names'
    /usr/local/rvm/gems/ruby-1.9.3-p194/gems/activerecord-3.2.8/lib/active_record/fixtures.rb:652:in `timestamp_column_names'
    /usr/local/rvm/gems/ruby-1.9.3-p194/gems/activerecord-3.2.8/lib/active_record/fixtures.rb:585:in `block in table_rows'
    /usr/local/rvm/gems/ruby-1.9.3-p194/gems/activerecord-3.2.8/lib/active_record/fixtures.rb:579:in `each'
    /usr/local/rvm/gems/ruby-1.9.3-p194/gems/activerecord-3.2.8/lib/active_record/fixtures.rb:579:in `map'
    /usr/local/rvm/gems/ruby-1.9.3-p194/gems/activerecord-3.2.8/lib/active_record/fixtures.rb:579:in `table_rows'
    /usr/local/rvm/gems/ruby-1.9.3-p194/gems/activerecord-3.2.8/lib/active_record/fixtures.rb:494:in `block (3 levels) in create_fixtures'
    /usr/local/rvm/gems/ruby-1.9.3-p194/gems/activerecord-3.2.8/lib/active_record/fixtures.rb:492:in `each'
    /usr/local/rvm/gems/ruby-1.9.3-p194/gems/activerecord-3.2.8/lib/active_record/fixtures.rb:492:in `block (2 levels) in create_fixtures'
    /usr/local/rvm/gems/ruby-1.9.3-p194/gems/activerecord-3.2.8/lib/active_record/connection_adapters/abstract/database_statements.rb:192:in `transaction'
    /usr/local/rvm/gems/ruby-1.9.3-p194/gems/activerecord-3.2.8/lib/active_record/fixtures.rb:491:in `block in create_fixtures'
    /usr/local/rvm/gems/ruby-1.9.3-p194/gems/activerecord-3.2.8/lib/active_record/connection_adapters/abstract_adapter.rb:168:in `disable_referential_integrity'
    /usr/local/rvm/gems/ruby-1.9.3-p194/gems/activerecord-3.2.8/lib/active_record/fixtures.rb:476:in `create_fixtures'
    /usr/local/rvm/gems/ruby-1.9.3-p194/gems/activerecord-3.2.8/lib/active_record/fixtures.rb:895:in `load_fixtures'
    /usr/local/rvm/gems/ruby-1.9.3-p194/gems/activerecord-3.2.8/lib/active_record/fixtures.rb:849:in `setup_fixtures'
    /usr/local/rvm/gems/ruby-1.9.3-p194/gems/activesupport-3.2.8/lib/active_support/callbacks.rb:429:in `_run__747179807__setup__81238819__callbacks'
    /usr/local/rvm/gems/ruby-1.9.3-p194/gems/activesupport-3.2.8/lib/active_support/callbacks.rb:405:in `__run_callback'
    /usr/local/rvm/gems/ruby-1.9.3-p194/gems/activesupport-3.2.8/lib/active_support/callbacks.rb:385:in `_run_setup_callbacks'
    /usr/local/rvm/gems/ruby-1.9.3-p194/gems/activesupport-3.2.8/lib/active_support/callbacks.rb:81:in `run_callbacks'
    /usr/local/rvm/gems/ruby-1.9.3-p194/gems/activesupport-3.2.8/lib/active_support/testing/setup_and_teardown.rb:35:in `run'

  7) Error:
test_should_update_micropost(MicropostsControllerTest):
ActiveRecord::StatementInvalid: Could not find table 'users'
    /usr/local/rvm/gems/ruby-1.9.3-p194/gems/activerecord-3.2.8/lib/active_record/connection_adapters/sqlite_adapter.rb:472:in `table_structure'
    /usr/local/rvm/gems/ruby-1.9.3-p194/gems/activerecord-3.2.8/lib/active_record/connection_adapters/sqlite_adapter.rb:346:in `columns'
    /usr/local/rvm/gems/ruby-1.9.3-p194/gems/activerecord-3.2.8/lib/active_record/fixtures.rb:660:in `column_names'
    /usr/local/rvm/gems/ruby-1.9.3-p194/gems/activerecord-3.2.8/lib/active_record/fixtures.rb:652:in `timestamp_column_names'
    /usr/local/rvm/gems/ruby-1.9.3-p194/gems/activerecord-3.2.8/lib/active_record/fixtures.rb:585:in `block in table_rows'
    /usr/local/rvm/gems/ruby-1.9.3-p194/gems/activerecord-3.2.8/lib/active_record/fixtures.rb:579:in `each'
    /usr/local/rvm/gems/ruby-1.9.3-p194/gems/activerecord-3.2.8/lib/active_record/fixtures.rb:579:in `map'
    /usr/local/rvm/gems/ruby-1.9.3-p194/gems/activerecord-3.2.8/lib/active_record/fixtures.rb:579:in `table_rows'
    /usr/local/rvm/gems/ruby-1.9.3-p194/gems/activerecord-3.2.8/lib/active_record/fixtures.rb:494:in `block (3 levels) in create_fixtures'
    /usr/local/rvm/gems/ruby-1.9.3-p194/gems/activerecord-3.2.8/lib/active_record/fixtures.rb:492:in `each'
    /usr/local/rvm/gems/ruby-1.9.3-p194/gems/activerecord-3.2.8/lib/active_record/fixtures.rb:492:in `block (2 levels) in create_fixtures'
    /usr/local/rvm/gems/ruby-1.9.3-p194/gems/activerecord-3.2.8/lib/active_record/connection_adapters/abstract/database_statements.rb:192:in `transaction'
    /usr/local/rvm/gems/ruby-1.9.3-p194/gems/activerecord-3.2.8/lib/active_record/fixtures.rb:491:in `block in create_fixtures'
    /usr/local/rvm/gems/ruby-1.9.3-p194/gems/activerecord-3.2.8/lib/active_record/connection_adapters/abstract_adapter.rb:168:in `disable_referential_integrity'
    /usr/local/rvm/gems/ruby-1.9.3-p194/gems/activerecord-3.2.8/lib/active_record/fixtures.rb:476:in `create_fixtures'
    /usr/local/rvm/gems/ruby-1.9.3-p194/gems/activerecord-3.2.8/lib/active_record/fixtures.rb:895:in `load_fixtures'
    /usr/local/rvm/gems/ruby-1.9.3-p194/gems/activerecord-3.2.8/lib/active_record/fixtures.rb:849:in `setup_fixtures'
    /usr/local/rvm/gems/ruby-1.9.3-p194/gems/activesupport-3.2.8/lib/active_support/callbacks.rb:429:in `_run__747179807__setup__81238819__callbacks'
    /usr/local/rvm/gems/ruby-1.9.3-p194/gems/activesupport-3.2.8/lib/active_support/callbacks.rb:405:in `__run_callback'
    /usr/local/rvm/gems/ruby-1.9.3-p194/gems/activesupport-3.2.8/lib/active_support/callbacks.rb:385:in `_run_setup_callbacks'
    /usr/local/rvm/gems/ruby-1.9.3-p194/gems/activesupport-3.2.8/lib/active_support/callbacks.rb:81:in `run_callbacks'
    /usr/local/rvm/gems/ruby-1.9.3-p194/gems/activesupport-3.2.8/lib/active_support/testing/setup_and_teardown.rb:35:in `run'

7 tests, 0 assertions, 0 failures, 7 errors, 0 skips
/usr/local/rvm/rubies/ruby-1.9.3-p194/bin/ruby -I.:lib:test -rubygems test/functional/microposts_controller_test.rb -n "/^(test_should_create_micropost|test_should_destroy_micropost|test_should_get_edit|test_should_get_index|test_should_get_new|test_should_show_micropost|test_should_update_micropost)$/"; /usr/local/rvm/rubies/ruby-1.9.3-p194/bin/ruby -I.:lib:test -rubygems test/functional/pages_controller_test.rb -n "/^(test_should_get_contact|test_should_get_home)$/"; /usr/local/rvm/rubies/ruby-1.9.3-p194/bin/ruby -I.:lib:test -rubygems test/functional/users_controller_test.rb -n "/^(test_should_create_user|test_should_destroy_user|test_should_get_edit|test_should_get_index|test_should_get_new|test_should_show_user|test_should_update_user)$/"
Run options: -n "/^(test_should_create_micropost|test_should_destroy_micropost|test_should_get_edit|test_should_get_index|test_should_get_new|test_should_show_micropost|test_should_update_micropost)$/"

# Running tests:

EEEEEEE

Finished tests in 0.097024s, 72.1475 tests/s, 0.0000 assertions/s.

  1) Error:
test_should_create_micropost(MicropostsControllerTest):
ActiveRecord::StatementInvalid: Could not find table 'users'
    /usr/local/rvm/gems/ruby-1.9.3-p194/gems/activerecord-3.2.8/lib/active_record/connection_adapters/sqlite_adapter.rb:472:in `table_structure'
    /usr/local/rvm/gems/ruby-1.9.3-p194/gems/activerecord-3.2.8/lib/active_record/connection_adapters/sqlite_adapter.rb:346:in `columns'
    /usr/local/rvm/gems/ruby-1.9.3-p194/gems/activerecord-3.2.8/lib/active_record/fixtures.rb:660:in `column_names'
    /usr/local/rvm/gems/ruby-1.9.3-p194/gems/activerecord-3.2.8/lib/active_record/fixtures.rb:652:in `timestamp_column_names'
    /usr/local/rvm/gems/ruby-1.9.3-p194/gems/activerecord-3.2.8/lib/active_record/fixtures.rb:585:in `block in table_rows'
    /usr/local/rvm/gems/ruby-1.9.3-p194/gems/activerecord-3.2.8/lib/active_record/fixtures.rb:579:in `each'
    /usr/local/rvm/gems/ruby-1.9.3-p194/gems/activerecord-3.2.8/lib/active_record/fixtures.rb:579:in `map'
    /usr/local/rvm/gems/ruby-1.9.3-p194/gems/activerecord-3.2.8/lib/active_record/fixtures.rb:579:in `table_rows'
    /usr/local/rvm/gems/ruby-1.9.3-p194/gems/activerecord-3.2.8/lib/active_record/fixtures.rb:494:in `block (3 levels) in create_fixtures'
    /usr/local/rvm/gems/ruby-1.9.3-p194/gems/activerecord-3.2.8/lib/active_record/fixtures.rb:492:in `each'
    /usr/local/rvm/gems/ruby-1.9.3-p194/gems/activerecord-3.2.8/lib/active_record/fixtures.rb:492:in `block (2 levels) in create_fixtures'
    /usr/local/rvm/gems/ruby-1.9.3-p194/gems/activerecord-3.2.8/lib/active_record/connection_adapters/abstract/database_statements.rb:192:in `transaction'
    /usr/local/rvm/gems/ruby-1.9.3-p194/gems/activerecord-3.2.8/lib/active_record/fixtures.rb:491:in `block in create_fixtures'
    /usr/local/rvm/gems/ruby-1.9.3-p194/gems/activerecord-3.2.8/lib/active_record/connection_adapters/abstract_adapter.rb:168:in `disable_referential_integrity'
    /usr/local/rvm/gems/ruby-1.9.3-p194/gems/activerecord-3.2.8/lib/active_record/fixtures.rb:476:in `create_fixtures'
    /usr/local/rvm/gems/ruby-1.9.3-p194/gems/activerecord-3.2.8/lib/active_record/fixtures.rb:895:in `load_fixtures'
    /usr/local/rvm/gems/ruby-1.9.3-p194/gems/activerecord-3.2.8/lib/active_record/fixtures.rb:849:in `setup_fixtures'
    /usr/local/rvm/gems/ruby-1.9.3-p194/gems/activesupport-3.2.8/lib/active_support/callbacks.rb:429:in `_run__200693196__setup__1061096029__callbacks'
    /usr/local/rvm/gems/ruby-1.9.3-p194/gems/activesupport-3.2.8/lib/active_support/callbacks.rb:405:in `__run_callback'
    /usr/local/rvm/gems/ruby-1.9.3-p194/gems/activesupport-3.2.8/lib/active_support/callbacks.rb:385:in `_run_setup_callbacks'
    /usr/local/rvm/gems/ruby-1.9.3-p194/gems/activesupport-3.2.8/lib/active_support/callbacks.rb:81:in `run_callbacks'
    /usr/local/rvm/gems/ruby-1.9.3-p194/gems/activesupport-3.2.8/lib/active_support/testing/setup_and_teardown.rb:35:in `run'

  2) Error:
test_should_destroy_micropost(MicropostsControllerTest):
ActiveRecord::StatementInvalid: Could not find table 'users'
    /usr/local/rvm/gems/ruby-1.9.3-p194/gems/activerecord-3.2.8/lib/active_record/connection_adapters/sqlite_adapter.rb:472:in `table_structure'
    /usr/local/rvm/gems/ruby-1.9.3-p194/gems/activerecord-3.2.8/lib/active_record/connection_adapters/sqlite_adapter.rb:346:in `columns'
    /usr/local/rvm/gems/ruby-1.9.3-p194/gems/activerecord-3.2.8/lib/active_record/fixtures.rb:660:in `column_names'
    /usr/local/rvm/gems/ruby-1.9.3-p194/gems/activerecord-3.2.8/lib/active_record/fixtures.rb:652:in `timestamp_column_names'
    /usr/local/rvm/gems/ruby-1.9.3-p194/gems/activerecord-3.2.8/lib/active_record/fixtures.rb:585:in `block in table_rows'
    /usr/local/rvm/gems/ruby-1.9.3-p194/gems/activerecord-3.2.8/lib/active_record/fixtures.rb:579:in `each'
    /usr/local/rvm/gems/ruby-1.9.3-p194/gems/activerecord-3.2.8/lib/active_record/fixtures.rb:579:in `map'
    /usr/local/rvm/gems/ruby-1.9.3-p194/gems/activerecord-3.2.8/lib/active_record/fixtures.rb:579:in `table_rows'
    /usr/local/rvm/gems/ruby-1.9.3-p194/gems/activerecord-3.2.8/lib/active_record/fixtures.rb:494:in `block (3 levels) in create_fixtures'
    /usr/local/rvm/gems/ruby-1.9.3-p194/gems/activerecord-3.2.8/lib/active_record/fixtures.rb:492:in `each'
    /usr/local/rvm/gems/ruby-1.9.3-p194/gems/activerecord-3.2.8/lib/active_record/fixtures.rb:492:in `block (2 levels) in create_fixtures'
    /usr/local/rvm/gems/ruby-1.9.3-p194/gems/activerecord-3.2.8/lib/active_record/connection_adapters/abstract/database_statements.rb:192:in `transaction'
    /usr/local/rvm/gems/ruby-1.9.3-p194/gems/activerecord-3.2.8/lib/active_record/fixtures.rb:491:in `block in create_fixtures'
    /usr/local/rvm/gems/ruby-1.9.3-p194/gems/activerecord-3.2.8/lib/active_record/connection_adapters/abstract_adapter.rb:168:in `disable_referential_integrity'
    /usr/local/rvm/gems/ruby-1.9.3-p194/gems/activerecord-3.2.8/lib/active_record/fixtures.rb:476:in `create_fixtures'
    /usr/local/rvm/gems/ruby-1.9.3-p194/gems/activerecord-3.2.8/lib/active_record/fixtures.rb:895:in `load_fixtures'
    /usr/local/rvm/gems/ruby-1.9.3-p194/gems/activerecord-3.2.8/lib/active_record/fixtures.rb:849:in `setup_fixtures'
    /usr/local/rvm/gems/ruby-1.9.3-p194/gems/activesupport-3.2.8/lib/active_support/callbacks.rb:429:in `_run__200693196__setup__1061096029__callbacks'
    /usr/local/rvm/gems/ruby-1.9.3-p194/gems/activesupport-3.2.8/lib/active_support/callbacks.rb:405:in `__run_callback'
    /usr/local/rvm/gems/ruby-1.9.3-p194/gems/activesupport-3.2.8/lib/active_support/callbacks.rb:385:in `_run_setup_callbacks'
    /usr/local/rvm/gems/ruby-1.9.3-p194/gems/activesupport-3.2.8/lib/active_support/callbacks.rb:81:in `run_callbacks'
    /usr/local/rvm/gems/ruby-1.9.3-p194/gems/activesupport-3.2.8/lib/active_support/testing/setup_and_teardown.rb:35:in `run'

  3) Error:
test_should_get_edit(MicropostsControllerTest):
ActiveRecord::StatementInvalid: Could not find table 'users'
    /usr/local/rvm/gems/ruby-1.9.3-p194/gems/activerecord-3.2.8/lib/active_record/connection_adapters/sqlite_adapter.rb:472:in `table_structure'
    /usr/local/rvm/gems/ruby-1.9.3-p194/gems/activerecord-3.2.8/lib/active_record/connection_adapters/sqlite_adapter.rb:346:in `columns'
    /usr/local/rvm/gems/ruby-1.9.3-p194/gems/activerecord-3.2.8/lib/active_record/fixtures.rb:660:in `column_names'
    /usr/local/rvm/gems/ruby-1.9.3-p194/gems/activerecord-3.2.8/lib/active_record/fixtures.rb:652:in `timestamp_column_names'
    /usr/local/rvm/gems/ruby-1.9.3-p194/gems/activerecord-3.2.8/lib/active_record/fixtures.rb:585:in `block in table_rows'
    /usr/local/rvm/gems/ruby-1.9.3-p194/gems/activerecord-3.2.8/lib/active_record/fixtures.rb:579:in `each'
    /usr/local/rvm/gems/ruby-1.9.3-p194/gems/activerecord-3.2.8/lib/active_record/fixtures.rb:579:in `map'
    /usr/local/rvm/gems/ruby-1.9.3-p194/gems/activerecord-3.2.8/lib/active_record/fixtures.rb:579:in `table_rows'
    /usr/local/rvm/gems/ruby-1.9.3-p194/gems/activerecord-3.2.8/lib/active_record/fixtures.rb:494:in `block (3 levels) in create_fixtures'
    /usr/local/rvm/gems/ruby-1.9.3-p194/gems/activerecord-3.2.8/lib/active_record/fixtures.rb:492:in `each'
    /usr/local/rvm/gems/ruby-1.9.3-p194/gems/activerecord-3.2.8/lib/active_record/fixtures.rb:492:in `block (2 levels) in create_fixtures'
    /usr/local/rvm/gems/ruby-1.9.3-p194/gems/activerecord-3.2.8/lib/active_record/connection_adapters/abstract/database_statements.rb:192:in `transaction'
    /usr/local/rvm/gems/ruby-1.9.3-p194/gems/activerecord-3.2.8/lib/active_record/fixtures.rb:491:in `block in create_fixtures'
    /usr/local/rvm/gems/ruby-1.9.3-p194/gems/activerecord-3.2.8/lib/active_record/connection_adapters/abstract_adapter.rb:168:in `disable_referential_integrity'
    /usr/local/rvm/gems/ruby-1.9.3-p194/gems/activerecord-3.2.8/lib/active_record/fixtures.rb:476:in `create_fixtures'
    /usr/local/rvm/gems/ruby-1.9.3-p194/gems/activerecord-3.2.8/lib/active_record/fixtures.rb:895:in `load_fixtures'
    /usr/local/rvm/gems/ruby-1.9.3-p194/gems/activerecord-3.2.8/lib/active_record/fixtures.rb:849:in `setup_fixtures'
    /usr/local/rvm/gems/ruby-1.9.3-p194/gems/activesupport-3.2.8/lib/active_support/callbacks.rb:429:in `_run__200693196__setup__1061096029__callbacks'
    /usr/local/rvm/gems/ruby-1.9.3-p194/gems/activesupport-3.2.8/lib/active_support/callbacks.rb:405:in `__run_callback'
    /usr/local/rvm/gems/ruby-1.9.3-p194/gems/activesupport-3.2.8/lib/active_support/callbacks.rb:385:in `_run_setup_callbacks'
    /usr/local/rvm/gems/ruby-1.9.3-p194/gems/activesupport-3.2.8/lib/active_support/callbacks.rb:81:in `run_callbacks'
    /usr/local/rvm/gems/ruby-1.9.3-p194/gems/activesupport-3.2.8/lib/active_support/testing/setup_and_teardown.rb:35:in `run'

  4) Error:
test_should_get_index(MicropostsControllerTest):
ActiveRecord::StatementInvalid: Could not find table 'users'
    /usr/local/rvm/gems/ruby-1.9.3-p194/gems/activerecord-3.2.8/lib/active_record/connection_adapters/sqlite_adapter.rb:472:in `table_structure'
    /usr/local/rvm/gems/ruby-1.9.3-p194/gems/activerecord-3.2.8/lib/active_record/connection_adapters/sqlite_adapter.rb:346:in `columns'
    /usr/local/rvm/gems/ruby-1.9.3-p194/gems/activerecord-3.2.8/lib/active_record/fixtures.rb:660:in `column_names'
    /usr/local/rvm/gems/ruby-1.9.3-p194/gems/activerecord-3.2.8/lib/active_record/fixtures.rb:652:in `timestamp_column_names'
    /usr/local/rvm/gems/ruby-1.9.3-p194/gems/activerecord-3.2.8/lib/active_record/fixtures.rb:585:in `block in table_rows'
    /usr/local/rvm/gems/ruby-1.9.3-p194/gems/activerecord-3.2.8/lib/active_record/fixtures.rb:579:in `each'
    /usr/local/rvm/gems/ruby-1.9.3-p194/gems/activerecord-3.2.8/lib/active_record/fixtures.rb:579:in `map'
    /usr/local/rvm/gems/ruby-1.9.3-p194/gems/activerecord-3.2.8/lib/active_record/fixtures.rb:579:in `table_rows'
    /usr/local/rvm/gems/ruby-1.9.3-p194/gems/activerecord-3.2.8/lib/active_record/fixtures.rb:494:in `block (3 levels) in create_fixtures'
    /usr/local/rvm/gems/ruby-1.9.3-p194/gems/activerecord-3.2.8/lib/active_record/fixtures.rb:492:in `each'
    /usr/local/rvm/gems/ruby-1.9.3-p194/gems/activerecord-3.2.8/lib/active_record/fixtures.rb:492:in `block (2 levels) in create_fixtures'
    /usr/local/rvm/gems/ruby-1.9.3-p194/gems/activerecord-3.2.8/lib/active_record/connection_adapters/abstract/database_statements.rb:192:in `transaction'
    /usr/local/rvm/gems/ruby-1.9.3-p194/gems/activerecord-3.2.8/lib/active_record/fixtures.rb:491:in `block in create_fixtures'
    /usr/local/rvm/gems/ruby-1.9.3-p194/gems/activerecord-3.2.8/lib/active_record/connection_adapters/abstract_adapter.rb:168:in `disable_referential_integrity'
    /usr/local/rvm/gems/ruby-1.9.3-p194/gems/activerecord-3.2.8/lib/active_record/fixtures.rb:476:in `create_fixtures'
    /usr/local/rvm/gems/ruby-1.9.3-p194/gems/activerecord-3.2.8/lib/active_record/fixtures.rb:895:in `load_fixtures'
    /usr/local/rvm/gems/ruby-1.9.3-p194/gems/activerecord-3.2.8/lib/active_record/fixtures.rb:849:in `setup_fixtures'
    /usr/local/rvm/gems/ruby-1.9.3-p194/gems/activesupport-3.2.8/lib/active_support/callbacks.rb:429:in `_run__200693196__setup__1061096029__callbacks'
    /usr/local/rvm/gems/ruby-1.9.3-p194/gems/activesupport-3.2.8/lib/active_support/callbacks.rb:405:in `__run_callback'
    /usr/local/rvm/gems/ruby-1.9.3-p194/gems/activesupport-3.2.8/lib/active_support/callbacks.rb:385:in `_run_setup_callbacks'
    /usr/local/rvm/gems/ruby-1.9.3-p194/gems/activesupport-3.2.8/lib/active_support/callbacks.rb:81:in `run_callbacks'
    /usr/local/rvm/gems/ruby-1.9.3-p194/gems/activesupport-3.2.8/lib/active_support/testing/setup_and_teardown.rb:35:in `run'

  5) Error:
test_should_get_new(MicropostsControllerTest):
ActiveRecord::StatementInvalid: Could not find table 'users'
    /usr/local/rvm/gems/ruby-1.9.3-p194/gems/activerecord-3.2.8/lib/active_record/connection_adapters/sqlite_adapter.rb:472:in `table_structure'
    /usr/local/rvm/gems/ruby-1.9.3-p194/gems/activerecord-3.2.8/lib/active_record/connection_adapters/sqlite_adapter.rb:346:in `columns'
    /usr/local/rvm/gems/ruby-1.9.3-p194/gems/activerecord-3.2.8/lib/active_record/fixtures.rb:660:in `column_names'
    /usr/local/rvm/gems/ruby-1.9.3-p194/gems/activerecord-3.2.8/lib/active_record/fixtures.rb:652:in `timestamp_column_names'
    /usr/local/rvm/gems/ruby-1.9.3-p194/gems/activerecord-3.2.8/lib/active_record/fixtures.rb:585:in `block in table_rows'
    /usr/local/rvm/gems/ruby-1.9.3-p194/gems/activerecord-3.2.8/lib/active_record/fixtures.rb:579:in `each'
    /usr/local/rvm/gems/ruby-1.9.3-p194/gems/activerecord-3.2.8/lib/active_record/fixtures.rb:579:in `map'
    /usr/local/rvm/gems/ruby-1.9.3-p194/gems/activerecord-3.2.8/lib/active_record/fixtures.rb:579:in `table_rows'
    /usr/local/rvm/gems/ruby-1.9.3-p194/gems/activerecord-3.2.8/lib/active_record/fixtures.rb:494:in `block (3 levels) in create_fixtures'
    /usr/local/rvm/gems/ruby-1.9.3-p194/gems/activerecord-3.2.8/lib/active_record/fixtures.rb:492:in `each'
    /usr/local/rvm/gems/ruby-1.9.3-p194/gems/activerecord-3.2.8/lib/active_record/fixtures.rb:492:in `block (2 levels) in create_fixtures'
    /usr/local/rvm/gems/ruby-1.9.3-p194/gems/activerecord-3.2.8/lib/active_record/connection_adapters/abstract/database_statements.rb:192:in `transaction'
    /usr/local/rvm/gems/ruby-1.9.3-p194/gems/activerecord-3.2.8/lib/active_record/fixtures.rb:491:in `block in create_fixtures'
    /usr/local/rvm/gems/ruby-1.9.3-p194/gems/activerecord-3.2.8/lib/active_record/connection_adapters/abstract_adapter.rb:168:in `disable_referential_integrity'
    /usr/local/rvm/gems/ruby-1.9.3-p194/gems/activerecord-3.2.8/lib/active_record/fixtures.rb:476:in `create_fixtures'
    /usr/local/rvm/gems/ruby-1.9.3-p194/gems/activerecord-3.2.8/lib/active_record/fixtures.rb:895:in `load_fixtures'
    /usr/local/rvm/gems/ruby-1.9.3-p194/gems/activerecord-3.2.8/lib/active_record/fixtures.rb:849:in `setup_fixtures'
    /usr/local/rvm/gems/ruby-1.9.3-p194/gems/activesupport-3.2.8/lib/active_support/callbacks.rb:429:in `_run__200693196__setup__1061096029__callbacks'
    /usr/local/rvm/gems/ruby-1.9.3-p194/gems/activesupport-3.2.8/lib/active_support/callbacks.rb:405:in `__run_callback'
    /usr/local/rvm/gems/ruby-1.9.3-p194/gems/activesupport-3.2.8/lib/active_support/callbacks.rb:385:in `_run_setup_callbacks'
    /usr/local/rvm/gems/ruby-1.9.3-p194/gems/activesupport-3.2.8/lib/active_support/callbacks.rb:81:in `run_callbacks'
    /usr/local/rvm/gems/ruby-1.9.3-p194/gems/activesupport-3.2.8/lib/active_support/testing/setup_and_teardown.rb:35:in `run'

  6) Error:
test_should_show_micropost(MicropostsControllerTest):
ActiveRecord::StatementInvalid: Could not find table 'users'
    /usr/local/rvm/gems/ruby-1.9.3-p194/gems/activerecord-3.2.8/lib/active_record/connection_adapters/sqlite_adapter.rb:472:in `table_structure'
    /usr/local/rvm/gems/ruby-1.9.3-p194/gems/activerecord-3.2.8/lib/active_record/connection_adapters/sqlite_adapter.rb:346:in `columns'
    /usr/local/rvm/gems/ruby-1.9.3-p194/gems/activerecord-3.2.8/lib/active_record/fixtures.rb:660:in `column_names'
    /usr/local/rvm/gems/ruby-1.9.3-p194/gems/activerecord-3.2.8/lib/active_record/fixtures.rb:652:in `timestamp_column_names'
    /usr/local/rvm/gems/ruby-1.9.3-p194/gems/activerecord-3.2.8/lib/active_record/fixtures.rb:585:in `block in table_rows'
    /usr/local/rvm/gems/ruby-1.9.3-p194/gems/activerecord-3.2.8/lib/active_record/fixtures.rb:579:in `each'
    /usr/local/rvm/gems/ruby-1.9.3-p194/gems/activerecord-3.2.8/lib/active_record/fixtures.rb:579:in `map'
    /usr/local/rvm/gems/ruby-1.9.3-p194/gems/activerecord-3.2.8/lib/active_record/fixtures.rb:579:in `table_rows'
    /usr/local/rvm/gems/ruby-1.9.3-p194/gems/activerecord-3.2.8/lib/active_record/fixtures.rb:494:in `block (3 levels) in create_fixtures'
    /usr/local/rvm/gems/ruby-1.9.3-p194/gems/activerecord-3.2.8/lib/active_record/fixtures.rb:492:in `each'
    /usr/local/rvm/gems/ruby-1.9.3-p194/gems/activerecord-3.2.8/lib/active_record/fixtures.rb:492:in `block (2 levels) in create_fixtures'
    /usr/local/rvm/gems/ruby-1.9.3-p194/gems/activerecord-3.2.8/lib/active_record/connection_adapters/abstract/database_statements.rb:192:in `transaction'
    /usr/local/rvm/gems/ruby-1.9.3-p194/gems/activerecord-3.2.8/lib/active_record/fixtures.rb:491:in `block in create_fixtures'
    /usr/local/rvm/gems/ruby-1.9.3-p194/gems/activerecord-3.2.8/lib/active_record/connection_adapters/abstract_adapter.rb:168:in `disable_referential_integrity'
    /usr/local/rvm/gems/ruby-1.9.3-p194/gems/activerecord-3.2.8/lib/active_record/fixtures.rb:476:in `create_fixtures'
    /usr/local/rvm/gems/ruby-1.9.3-p194/gems/activerecord-3.2.8/lib/active_record/fixtures.rb:895:in `load_fixtures'
    /usr/local/rvm/gems/ruby-1.9.3-p194/gems/activerecord-3.2.8/lib/active_record/fixtures.rb:849:in `setup_fixtures'
    /usr/local/rvm/gems/ruby-1.9.3-p194/gems/activesupport-3.2.8/lib/active_support/callbacks.rb:429:in `_run__200693196__setup__1061096029__callbacks'
    /usr/local/rvm/gems/ruby-1.9.3-p194/gems/activesupport-3.2.8/lib/active_support/callbacks.rb:405:in `__run_callback'
    /usr/local/rvm/gems/ruby-1.9.3-p194/gems/activesupport-3.2.8/lib/active_support/callbacks.rb:385:in `_run_setup_callbacks'
    /usr/local/rvm/gems/ruby-1.9.3-p194/gems/activesupport-3.2.8/lib/active_support/callbacks.rb:81:in `run_callbacks'
    /usr/local/rvm/gems/ruby-1.9.3-p194/gems/activesupport-3.2.8/lib/active_support/testing/setup_and_teardown.rb:35:in `run'

  7) Error:
test_should_update_micropost(MicropostsControllerTest):
ActiveRecord::StatementInvalid: Could not find table 'users'
    /usr/local/rvm/gems/ruby-1.9.3-p194/gems/activerecord-3.2.8/lib/active_record/connection_adapters/sqlite_adapter.rb:472:in `table_structure'
    /usr/local/rvm/gems/ruby-1.9.3-p194/gems/activerecord-3.2.8/lib/active_record/connection_adapters/sqlite_adapter.rb:346:in `columns'
    /usr/local/rvm/gems/ruby-1.9.3-p194/gems/activerecord-3.2.8/lib/active_record/fixtures.rb:660:in `column_names'
    /usr/local/rvm/gems/ruby-1.9.3-p194/gems/activerecord-3.2.8/lib/active_record/fixtures.rb:652:in `timestamp_column_names'
    /usr/local/rvm/gems/ruby-1.9.3-p194/gems/activerecord-3.2.8/lib/active_record/fixtures.rb:585:in `block in table_rows'
    /usr/local/rvm/gems/ruby-1.9.3-p194/gems/activerecord-3.2.8/lib/active_record/fixtures.rb:579:in `each'
    /usr/local/rvm/gems/ruby-1.9.3-p194/gems/activerecord-3.2.8/lib/active_record/fixtures.rb:579:in `map'
    /usr/local/rvm/gems/ruby-1.9.3-p194/gems/activerecord-3.2.8/lib/active_record/fixtures.rb:579:in `table_rows'
    /usr/local/rvm/gems/ruby-1.9.3-p194/gems/activerecord-3.2.8/lib/active_record/fixtures.rb:494:in `block (3 levels) in create_fixtures'
    /usr/local/rvm/gems/ruby-1.9.3-p194/gems/activerecord-3.2.8/lib/active_record/fixtures.rb:492:in `each'
    /usr/local/rvm/gems/ruby-1.9.3-p194/gems/activerecord-3.2.8/lib/active_record/fixtures.rb:492:in `block (2 levels) in create_fixtures'
    /usr/local/rvm/gems/ruby-1.9.3-p194/gems/activerecord-3.2.8/lib/active_record/connection_adapters/abstract/database_statements.rb:192:in `transaction'
    /usr/local/rvm/gems/ruby-1.9.3-p194/gems/activerecord-3.2.8/lib/active_record/fixtures.rb:491:in `block in create_fixtures'
    /usr/local/rvm/gems/ruby-1.9.3-p194/gems/activerecord-3.2.8/lib/active_record/connection_adapters/abstract_adapter.rb:168:in `disable_referential_integrity'
    /usr/local/rvm/gems/ruby-1.9.3-p194/gems/activerecord-3.2.8/lib/active_record/fixtures.rb:476:in `create_fixtures'
    /usr/local/rvm/gems/ruby-1.9.3-p194/gems/activerecord-3.2.8/lib/active_record/fixtures.rb:895:in `load_fixtures'
    /usr/local/rvm/gems/ruby-1.9.3-p194/gems/activerecord-3.2.8/lib/active_record/fixtures.rb:849:in `setup_fixtures'
    /usr/local/rvm/gems/ruby-1.9.3-p194/gems/activesupport-3.2.8/lib/active_support/callbacks.rb:429:in `_run__200693196__setup__1061096029__callbacks'
    /usr/local/rvm/gems/ruby-1.9.3-p194/gems/activesupport-3.2.8/lib/active_support/callbacks.rb:405:in `__run_callback'
    /usr/local/rvm/gems/ruby-1.9.3-p194/gems/activesupport-3.2.8/lib/active_support/callbacks.rb:385:in `_run_setup_callbacks'
    /usr/local/rvm/gems/ruby-1.9.3-p194/gems/activesupport-3.2.8/lib/active_support/callbacks.rb:81:in `run_callbacks'
    /usr/local/rvm/gems/ruby-1.9.3-p194/gems/activesupport-3.2.8/lib/active_support/testing/setup_and_teardown.rb:35:in `run'

7 tests, 0 assertions, 0 failures, 7 errors, 0 skips
Run options: -n "/^(test_should_get_contact|test_should_get_home)$/"

# Running tests:

EE

Finished tests in 0.044364s, 45.0816 tests/s, 0.0000 assertions/s.

  1) Error:
test_should_get_contact(PagesControllerTest):
ActiveRecord::StatementInvalid: Could not find table 'users'
    /usr/local/rvm/gems/ruby-1.9.3-p194/gems/activerecord-3.2.8/lib/active_record/connection_adapters/sqlite_adapter.rb:472:in `table_structure'
    /usr/local/rvm/gems/ruby-1.9.3-p194/gems/activerecord-3.2.8/lib/active_record/connection_adapters/sqlite_adapter.rb:346:in `columns'
    /usr/local/rvm/gems/ruby-1.9.3-p194/gems/activerecord-3.2.8/lib/active_record/fixtures.rb:660:in `column_names'
    /usr/local/rvm/gems/ruby-1.9.3-p194/gems/activerecord-3.2.8/lib/active_record/fixtures.rb:652:in `timestamp_column_names'
    /usr/local/rvm/gems/ruby-1.9.3-p194/gems/activerecord-3.2.8/lib/active_record/fixtures.rb:585:in `block in table_rows'
    /usr/local/rvm/gems/ruby-1.9.3-p194/gems/activerecord-3.2.8/lib/active_record/fixtures.rb:579:in `each'
    /usr/local/rvm/gems/ruby-1.9.3-p194/gems/activerecord-3.2.8/lib/active_record/fixtures.rb:579:in `map'
    /usr/local/rvm/gems/ruby-1.9.3-p194/gems/activerecord-3.2.8/lib/active_record/fixtures.rb:579:in `table_rows'
    /usr/local/rvm/gems/ruby-1.9.3-p194/gems/activerecord-3.2.8/lib/active_record/fixtures.rb:494:in `block (3 levels) in create_fixtures'
    /usr/local/rvm/gems/ruby-1.9.3-p194/gems/activerecord-3.2.8/lib/active_record/fixtures.rb:492:in `each'
    /usr/local/rvm/gems/ruby-1.9.3-p194/gems/activerecord-3.2.8/lib/active_record/fixtures.rb:492:in `block (2 levels) in create_fixtures'
    /usr/local/rvm/gems/ruby-1.9.3-p194/gems/activerecord-3.2.8/lib/active_record/connection_adapters/abstract/database_statements.rb:192:in `transaction'
    /usr/local/rvm/gems/ruby-1.9.3-p194/gems/activerecord-3.2.8/lib/active_record/fixtures.rb:491:in `block in create_fixtures'
    /usr/local/rvm/gems/ruby-1.9.3-p194/gems/activerecord-3.2.8/lib/active_record/connection_adapters/abstract_adapter.rb:168:in `disable_referential_integrity'
    /usr/local/rvm/gems/ruby-1.9.3-p194/gems/activerecord-3.2.8/lib/active_record/fixtures.rb:476:in `create_fixtures'
    /usr/local/rvm/gems/ruby-1.9.3-p194/gems/activerecord-3.2.8/lib/active_record/fixtures.rb:895:in `load_fixtures'
    /usr/local/rvm/gems/ruby-1.9.3-p194/gems/activerecord-3.2.8/lib/active_record/fixtures.rb:849:in `setup_fixtures'
    /usr/local/rvm/gems/ruby-1.9.3-p194/gems/activesupport-3.2.8/lib/active_support/callbacks.rb:429:in `_run__890427147__setup__559563091__callbacks'
    /usr/local/rvm/gems/ruby-1.9.3-p194/gems/activesupport-3.2.8/lib/active_support/callbacks.rb:405:in `__run_callback'
    /usr/local/rvm/gems/ruby-1.9.3-p194/gems/activesupport-3.2.8/lib/active_support/callbacks.rb:385:in `_run_setup_callbacks'
    /usr/local/rvm/gems/ruby-1.9.3-p194/gems/activesupport-3.2.8/lib/active_support/callbacks.rb:81:in `run_callbacks'
    /usr/local/rvm/gems/ruby-1.9.3-p194/gems/activesupport-3.2.8/lib/active_support/testing/setup_and_teardown.rb:35:in `run'

  2) Error:
test_should_get_home(PagesControllerTest):
ActiveRecord::StatementInvalid: Could not find table 'users'
    /usr/local/rvm/gems/ruby-1.9.3-p194/gems/activerecord-3.2.8/lib/active_record/connection_adapters/sqlite_adapter.rb:472:in `table_structure'
    /usr/local/rvm/gems/ruby-1.9.3-p194/gems/activerecord-3.2.8/lib/active_record/connection_adapters/sqlite_adapter.rb:346:in `columns'
    /usr/local/rvm/gems/ruby-1.9.3-p194/gems/activerecord-3.2.8/lib/active_record/fixtures.rb:660:in `column_names'
    /usr/local/rvm/gems/ruby-1.9.3-p194/gems/activerecord-3.2.8/lib/active_record/fixtures.rb:652:in `timestamp_column_names'
    /usr/local/rvm/gems/ruby-1.9.3-p194/gems/activerecord-3.2.8/lib/active_record/fixtures.rb:585:in `block in table_rows'
    /usr/local/rvm/gems/ruby-1.9.3-p194/gems/activerecord-3.2.8/lib/active_record/fixtures.rb:579:in `each'
    /usr/local/rvm/gems/ruby-1.9.3-p194/gems/activerecord-3.2.8/lib/active_record/fixtures.rb:579:in `map'
    /usr/local/rvm/gems/ruby-1.9.3-p194/gems/activerecord-3.2.8/lib/active_record/fixtures.rb:579:in `table_rows'
    /usr/local/rvm/gems/ruby-1.9.3-p194/gems/activerecord-3.2.8/lib/active_record/fixtures.rb:494:in `block (3 levels) in create_fixtures'
    /usr/local/rvm/gems/ruby-1.9.3-p194/gems/activerecord-3.2.8/lib/active_record/fixtures.rb:492:in `each'
    /usr/local/rvm/gems/ruby-1.9.3-p194/gems/activerecord-3.2.8/lib/active_record/fixtures.rb:492:in `block (2 levels) in create_fixtures'
    /usr/local/rvm/gems/ruby-1.9.3-p194/gems/activerecord-3.2.8/lib/active_record/connection_adapters/abstract/database_statements.rb:192:in `transaction'
    /usr/local/rvm/gems/ruby-1.9.3-p194/gems/activerecord-3.2.8/lib/active_record/fixtures.rb:491:in `block in create_fixtures'
    /usr/local/rvm/gems/ruby-1.9.3-p194/gems/activerecord-3.2.8/lib/active_record/connection_adapters/abstract_adapter.rb:168:in `disable_referential_integrity'
    /usr/local/rvm/gems/ruby-1.9.3-p194/gems/activerecord-3.2.8/lib/active_record/fixtures.rb:476:in `create_fixtures'
    /usr/local/rvm/gems/ruby-1.9.3-p194/gems/activerecord-3.2.8/lib/active_record/fixtures.rb:895:in `load_fixtures'
    /usr/local/rvm/gems/ruby-1.9.3-p194/gems/activerecord-3.2.8/lib/active_record/fixtures.rb:849:in `setup_fixtures'
    /usr/local/rvm/gems/ruby-1.9.3-p194/gems/activesupport-3.2.8/lib/active_support/callbacks.rb:429:in `_run__890427147__setup__559563091__callbacks'
    /usr/local/rvm/gems/ruby-1.9.3-p194/gems/activesupport-3.2.8/lib/active_support/callbacks.rb:405:in `__run_callback'
    /usr/local/rvm/gems/ruby-1.9.3-p194/gems/activesupport-3.2.8/lib/active_support/callbacks.rb:385:in `_run_setup_callbacks'
    /usr/local/rvm/gems/ruby-1.9.3-p194/gems/activesupport-3.2.8/lib/active_support/callbacks.rb:81:in `run_callbacks'
    /usr/local/rvm/gems/ruby-1.9.3-p194/gems/activesupport-3.2.8/lib/active_support/testing/setup_and_teardown.rb:35:in `run'

2 tests, 0 assertions, 0 failures, 2 errors, 0 skips
Run options: -n "/^(test_should_create_user|test_should_destroy_user|test_should_get_edit|test_should_get_index|test_should_get_new|test_should_show_user|test_should_update_user)$/"

# Running tests:

EEEEEEE

Finished tests in 0.100757s, 69.4739 tests/s, 0.0000 assertions/s.

  1) Error:
test_should_create_user(UsersControllerTest):
ActiveRecord::StatementInvalid: Could not find table 'users'
    /usr/local/rvm/gems/ruby-1.9.3-p194/gems/activerecord-3.2.8/lib/active_record/connection_adapters/sqlite_adapter.rb:472:in `table_structure'
    /usr/local/rvm/gems/ruby-1.9.3-p194/gems/activerecord-3.2.8/lib/active_record/connection_adapters/sqlite_adapter.rb:346:in `columns'
    /usr/local/rvm/gems/ruby-1.9.3-p194/gems/activerecord-3.2.8/lib/active_record/fixtures.rb:660:in `column_names'
    /usr/local/rvm/gems/ruby-1.9.3-p194/gems/activerecord-3.2.8/lib/active_record/fixtures.rb:652:in `timestamp_column_names'
    /usr/local/rvm/gems/ruby-1.9.3-p194/gems/activerecord-3.2.8/lib/active_record/fixtures.rb:585:in `block in table_rows'
    /usr/local/rvm/gems/ruby-1.9.3-p194/gems/activerecord-3.2.8/lib/active_record/fixtures.rb:579:in `each'
    /usr/local/rvm/gems/ruby-1.9.3-p194/gems/activerecord-3.2.8/lib/active_record/fixtures.rb:579:in `map'
    /usr/local/rvm/gems/ruby-1.9.3-p194/gems/activerecord-3.2.8/lib/active_record/fixtures.rb:579:in `table_rows'
    /usr/local/rvm/gems/ruby-1.9.3-p194/gems/activerecord-3.2.8/lib/active_record/fixtures.rb:494:in `block (3 levels) in create_fixtures'
    /usr/local/rvm/gems/ruby-1.9.3-p194/gems/activerecord-3.2.8/lib/active_record/fixtures.rb:492:in `each'
    /usr/local/rvm/gems/ruby-1.9.3-p194/gems/activerecord-3.2.8/lib/active_record/fixtures.rb:492:in `block (2 levels) in create_fixtures'
    /usr/local/rvm/gems/ruby-1.9.3-p194/gems/activerecord-3.2.8/lib/active_record/connection_adapters/abstract/database_statements.rb:192:in `transaction'
    /usr/local/rvm/gems/ruby-1.9.3-p194/gems/activerecord-3.2.8/lib/active_record/fixtures.rb:491:in `block in create_fixtures'
    /usr/local/rvm/gems/ruby-1.9.3-p194/gems/activerecord-3.2.8/lib/active_record/connection_adapters/abstract_adapter.rb:168:in `disable_referential_integrity'
    /usr/local/rvm/gems/ruby-1.9.3-p194/gems/activerecord-3.2.8/lib/active_record/fixtures.rb:476:in `create_fixtures'
    /usr/local/rvm/gems/ruby-1.9.3-p194/gems/activerecord-3.2.8/lib/active_record/fixtures.rb:895:in `load_fixtures'
    /usr/local/rvm/gems/ruby-1.9.3-p194/gems/activerecord-3.2.8/lib/active_record/fixtures.rb:849:in `setup_fixtures'
    /usr/local/rvm/gems/ruby-1.9.3-p194/gems/activesupport-3.2.8/lib/active_support/callbacks.rb:429:in `_run__477976044__setup__145733762__callbacks'
    /usr/local/rvm/gems/ruby-1.9.3-p194/gems/activesupport-3.2.8/lib/active_support/callbacks.rb:405:in `__run_callback'
    /usr/local/rvm/gems/ruby-1.9.3-p194/gems/activesupport-3.2.8/lib/active_support/callbacks.rb:385:in `_run_setup_callbacks'
    /usr/local/rvm/gems/ruby-1.9.3-p194/gems/activesupport-3.2.8/lib/active_support/callbacks.rb:81:in `run_callbacks'
    /usr/local/rvm/gems/ruby-1.9.3-p194/gems/activesupport-3.2.8/lib/active_support/testing/setup_and_teardown.rb:35:in `run'

  2) Error:
test_should_destroy_user(UsersControllerTest):
ActiveRecord::StatementInvalid: Could not find table 'users'
    /usr/local/rvm/gems/ruby-1.9.3-p194/gems/activerecord-3.2.8/lib/active_record/connection_adapters/sqlite_adapter.rb:472:in `table_structure'
    /usr/local/rvm/gems/ruby-1.9.3-p194/gems/activerecord-3.2.8/lib/active_record/connection_adapters/sqlite_adapter.rb:346:in `columns'
    /usr/local/rvm/gems/ruby-1.9.3-p194/gems/activerecord-3.2.8/lib/active_record/fixtures.rb:660:in `column_names'
    /usr/local/rvm/gems/ruby-1.9.3-p194/gems/activerecord-3.2.8/lib/active_record/fixtures.rb:652:in `timestamp_column_names'
    /usr/local/rvm/gems/ruby-1.9.3-p194/gems/activerecord-3.2.8/lib/active_record/fixtures.rb:585:in `block in table_rows'
    /usr/local/rvm/gems/ruby-1.9.3-p194/gems/activerecord-3.2.8/lib/active_record/fixtures.rb:579:in `each'
    /usr/local/rvm/gems/ruby-1.9.3-p194/gems/activerecord-3.2.8/lib/active_record/fixtures.rb:579:in `map'
    /usr/local/rvm/gems/ruby-1.9.3-p194/gems/activerecord-3.2.8/lib/active_record/fixtures.rb:579:in `table_rows'
    /usr/local/rvm/gems/ruby-1.9.3-p194/gems/activerecord-3.2.8/lib/active_record/fixtures.rb:494:in `block (3 levels) in create_fixtures'
    /usr/local/rvm/gems/ruby-1.9.3-p194/gems/activerecord-3.2.8/lib/active_record/fixtures.rb:492:in `each'
    /usr/local/rvm/gems/ruby-1.9.3-p194/gems/activerecord-3.2.8/lib/active_record/fixtures.rb:492:in `block (2 levels) in create_fixtures'
    /usr/local/rvm/gems/ruby-1.9.3-p194/gems/activerecord-3.2.8/lib/active_record/connection_adapters/abstract/database_statements.rb:192:in `transaction'
    /usr/local/rvm/gems/ruby-1.9.3-p194/gems/activerecord-3.2.8/lib/active_record/fixtures.rb:491:in `block in create_fixtures'
    /usr/local/rvm/gems/ruby-1.9.3-p194/gems/activerecord-3.2.8/lib/active_record/connection_adapters/abstract_adapter.rb:168:in `disable_referential_integrity'
    /usr/local/rvm/gems/ruby-1.9.3-p194/gems/activerecord-3.2.8/lib/active_record/fixtures.rb:476:in `create_fixtures'
    /usr/local/rvm/gems/ruby-1.9.3-p194/gems/activerecord-3.2.8/lib/active_record/fixtures.rb:895:in `load_fixtures'
    /usr/local/rvm/gems/ruby-1.9.3-p194/gems/activerecord-3.2.8/lib/active_record/fixtures.rb:849:in `setup_fixtures'
    /usr/local/rvm/gems/ruby-1.9.3-p194/gems/activesupport-3.2.8/lib/active_support/callbacks.rb:429:in `_run__477976044__setup__145733762__callbacks'
    /usr/local/rvm/gems/ruby-1.9.3-p194/gems/activesupport-3.2.8/lib/active_support/callbacks.rb:405:in `__run_callback'
    /usr/local/rvm/gems/ruby-1.9.3-p194/gems/activesupport-3.2.8/lib/active_support/callbacks.rb:385:in `_run_setup_callbacks'
    /usr/local/rvm/gems/ruby-1.9.3-p194/gems/activesupport-3.2.8/lib/active_support/callbacks.rb:81:in `run_callbacks'
    /usr/local/rvm/gems/ruby-1.9.3-p194/gems/activesupport-3.2.8/lib/active_support/testing/setup_and_teardown.rb:35:in `run'

  3) Error:
test_should_get_edit(UsersControllerTest):
ActiveRecord::StatementInvalid: Could not find table 'users'
    /usr/local/rvm/gems/ruby-1.9.3-p194/gems/activerecord-3.2.8/lib/active_record/connection_adapters/sqlite_adapter.rb:472:in `table_structure'
    /usr/local/rvm/gems/ruby-1.9.3-p194/gems/activerecord-3.2.8/lib/active_record/connection_adapters/sqlite_adapter.rb:346:in `columns'
    /usr/local/rvm/gems/ruby-1.9.3-p194/gems/activerecord-3.2.8/lib/active_record/fixtures.rb:660:in `column_names'
    /usr/local/rvm/gems/ruby-1.9.3-p194/gems/activerecord-3.2.8/lib/active_record/fixtures.rb:652:in `timestamp_column_names'
    /usr/local/rvm/gems/ruby-1.9.3-p194/gems/activerecord-3.2.8/lib/active_record/fixtures.rb:585:in `block in table_rows'
    /usr/local/rvm/gems/ruby-1.9.3-p194/gems/activerecord-3.2.8/lib/active_record/fixtures.rb:579:in `each'
    /usr/local/rvm/gems/ruby-1.9.3-p194/gems/activerecord-3.2.8/lib/active_record/fixtures.rb:579:in `map'
    /usr/local/rvm/gems/ruby-1.9.3-p194/gems/activerecord-3.2.8/lib/active_record/fixtures.rb:579:in `table_rows'
    /usr/local/rvm/gems/ruby-1.9.3-p194/gems/activerecord-3.2.8/lib/active_record/fixtures.rb:494:in `block (3 levels) in create_fixtures'
    /usr/local/rvm/gems/ruby-1.9.3-p194/gems/activerecord-3.2.8/lib/active_record/fixtures.rb:492:in `each'
    /usr/local/rvm/gems/ruby-1.9.3-p194/gems/activerecord-3.2.8/lib/active_record/fixtures.rb:492:in `block (2 levels) in create_fixtures'
    /usr/local/rvm/gems/ruby-1.9.3-p194/gems/activerecord-3.2.8/lib/active_record/connection_adapters/abstract/database_statements.rb:192:in `transaction'
    /usr/local/rvm/gems/ruby-1.9.3-p194/gems/activerecord-3.2.8/lib/active_record/fixtures.rb:491:in `block in create_fixtures'
    /usr/local/rvm/gems/ruby-1.9.3-p194/gems/activerecord-3.2.8/lib/active_record/connection_adapters/abstract_adapter.rb:168:in `disable_referential_integrity'
    /usr/local/rvm/gems/ruby-1.9.3-p194/gems/activerecord-3.2.8/lib/active_record/fixtures.rb:476:in `create_fixtures'
    /usr/local/rvm/gems/ruby-1.9.3-p194/gems/activerecord-3.2.8/lib/active_record/fixtures.rb:895:in `load_fixtures'
    /usr/local/rvm/gems/ruby-1.9.3-p194/gems/activerecord-3.2.8/lib/active_record/fixtures.rb:849:in `setup_fixtures'
    /usr/local/rvm/gems/ruby-1.9.3-p194/gems/activesupport-3.2.8/lib/active_support/callbacks.rb:429:in `_run__477976044__setup__145733762__callbacks'
    /usr/local/rvm/gems/ruby-1.9.3-p194/gems/activesupport-3.2.8/lib/active_support/callbacks.rb:405:in `__run_callback'
    /usr/local/rvm/gems/ruby-1.9.3-p194/gems/activesupport-3.2.8/lib/active_support/callbacks.rb:385:in `_run_setup_callbacks'
    /usr/local/rvm/gems/ruby-1.9.3-p194/gems/activesupport-3.2.8/lib/active_support/callbacks.rb:81:in `run_callbacks'
    /usr/local/rvm/gems/ruby-1.9.3-p194/gems/activesupport-3.2.8/lib/active_support/testing/setup_and_teardown.rb:35:in `run'

  4) Error:
test_should_get_index(UsersControllerTest):
ActiveRecord::StatementInvalid: Could not find table 'users'
    /usr/local/rvm/gems/ruby-1.9.3-p194/gems/activerecord-3.2.8/lib/active_record/connection_adapters/sqlite_adapter.rb:472:in `table_structure'
    /usr/local/rvm/gems/ruby-1.9.3-p194/gems/activerecord-3.2.8/lib/active_record/connection_adapters/sqlite_adapter.rb:346:in `columns'
    /usr/local/rvm/gems/ruby-1.9.3-p194/gems/activerecord-3.2.8/lib/active_record/fixtures.rb:660:in `column_names'
    /usr/local/rvm/gems/ruby-1.9.3-p194/gems/activerecord-3.2.8/lib/active_record/fixtures.rb:652:in `timestamp_column_names'
    /usr/local/rvm/gems/ruby-1.9.3-p194/gems/activerecord-3.2.8/lib/active_record/fixtures.rb:585:in `block in table_rows'
    /usr/local/rvm/gems/ruby-1.9.3-p194/gems/activerecord-3.2.8/lib/active_record/fixtures.rb:579:in `each'
    /usr/local/rvm/gems/ruby-1.9.3-p194/gems/activerecord-3.2.8/lib/active_record/fixtures.rb:579:in `map'
    /usr/local/rvm/gems/ruby-1.9.3-p194/gems/activerecord-3.2.8/lib/active_record/fixtures.rb:579:in `table_rows'
    /usr/local/rvm/gems/ruby-1.9.3-p194/gems/activerecord-3.2.8/lib/active_record/fixtures.rb:494:in `block (3 levels) in create_fixtures'
    /usr/local/rvm/gems/ruby-1.9.3-p194/gems/activerecord-3.2.8/lib/active_record/fixtures.rb:492:in `each'
    /usr/local/rvm/gems/ruby-1.9.3-p194/gems/activerecord-3.2.8/lib/active_record/fixtures.rb:492:in `block (2 levels) in create_fixtures'
    /usr/local/rvm/gems/ruby-1.9.3-p194/gems/activerecord-3.2.8/lib/active_record/connection_adapters/abstract/database_statements.rb:192:in `transaction'
    /usr/local/rvm/gems/ruby-1.9.3-p194/gems/activerecord-3.2.8/lib/active_record/fixtures.rb:491:in `block in create_fixtures'
    /usr/local/rvm/gems/ruby-1.9.3-p194/gems/activerecord-3.2.8/lib/active_record/connection_adapters/abstract_adapter.rb:168:in `disable_referential_integrity'
    /usr/local/rvm/gems/ruby-1.9.3-p194/gems/activerecord-3.2.8/lib/active_record/fixtures.rb:476:in `create_fixtures'
    /usr/local/rvm/gems/ruby-1.9.3-p194/gems/activerecord-3.2.8/lib/active_record/fixtures.rb:895:in `load_fixtures'
    /usr/local/rvm/gems/ruby-1.9.3-p194/gems/activerecord-3.2.8/lib/active_record/fixtures.rb:849:in `setup_fixtures'
    /usr/local/rvm/gems/ruby-1.9.3-p194/gems/activesupport-3.2.8/lib/active_support/callbacks.rb:429:in `_run__477976044__setup__145733762__callbacks'
    /usr/local/rvm/gems/ruby-1.9.3-p194/gems/activesupport-3.2.8/lib/active_support/callbacks.rb:405:in `__run_callback'
    /usr/local/rvm/gems/ruby-1.9.3-p194/gems/activesupport-3.2.8/lib/active_support/callbacks.rb:385:in `_run_setup_callbacks'
    /usr/local/rvm/gems/ruby-1.9.3-p194/gems/activesupport-3.2.8/lib/active_support/callbacks.rb:81:in `run_callbacks'
    /usr/local/rvm/gems/ruby-1.9.3-p194/gems/activesupport-3.2.8/lib/active_support/testing/setup_and_teardown.rb:35:in `run'

  5) Error:
test_should_get_new(UsersControllerTest):
ActiveRecord::StatementInvalid: Could not find table 'users'
    /usr/local/rvm/gems/ruby-1.9.3-p194/gems/activerecord-3.2.8/lib/active_record/connection_adapters/sqlite_adapter.rb:472:in `table_structure'
    /usr/local/rvm/gems/ruby-1.9.3-p194/gems/activerecord-3.2.8/lib/active_record/connection_adapters/sqlite_adapter.rb:346:in `columns'
    /usr/local/rvm/gems/ruby-1.9.3-p194/gems/activerecord-3.2.8/lib/active_record/fixtures.rb:660:in `column_names'
    /usr/local/rvm/gems/ruby-1.9.3-p194/gems/activerecord-3.2.8/lib/active_record/fixtures.rb:652:in `timestamp_column_names'
    /usr/local/rvm/gems/ruby-1.9.3-p194/gems/activerecord-3.2.8/lib/active_record/fixtures.rb:585:in `block in table_rows'
    /usr/local/rvm/gems/ruby-1.9.3-p194/gems/activerecord-3.2.8/lib/active_record/fixtures.rb:579:in `each'
    /usr/local/rvm/gems/ruby-1.9.3-p194/gems/activerecord-3.2.8/lib/active_record/fixtures.rb:579:in `map'
    /usr/local/rvm/gems/ruby-1.9.3-p194/gems/activerecord-3.2.8/lib/active_record/fixtures.rb:579:in `table_rows'
    /usr/local/rvm/gems/ruby-1.9.3-p194/gems/activerecord-3.2.8/lib/active_record/fixtures.rb:494:in `block (3 levels) in create_fixtures'
    /usr/local/rvm/gems/ruby-1.9.3-p194/gems/activerecord-3.2.8/lib/active_record/fixtures.rb:492:in `each'
    /usr/local/rvm/gems/ruby-1.9.3-p194/gems/activerecord-3.2.8/lib/active_record/fixtures.rb:492:in `block (2 levels) in create_fixtures'
    /usr/local/rvm/gems/ruby-1.9.3-p194/gems/activerecord-3.2.8/lib/active_record/connection_adapters/abstract/database_statements.rb:192:in `transaction'
    /usr/local/rvm/gems/ruby-1.9.3-p194/gems/activerecord-3.2.8/lib/active_record/fixtures.rb:491:in `block in create_fixtures'
    /usr/local/rvm/gems/ruby-1.9.3-p194/gems/activerecord-3.2.8/lib/active_record/connection_adapters/abstract_adapter.rb:168:in `disable_referential_integrity'
    /usr/local/rvm/gems/ruby-1.9.3-p194/gems/activerecord-3.2.8/lib/active_record/fixtures.rb:476:in `create_fixtures'
    /usr/local/rvm/gems/ruby-1.9.3-p194/gems/activerecord-3.2.8/lib/active_record/fixtures.rb:895:in `load_fixtures'
    /usr/local/rvm/gems/ruby-1.9.3-p194/gems/activerecord-3.2.8/lib/active_record/fixtures.rb:849:in `setup_fixtures'
    /usr/local/rvm/gems/ruby-1.9.3-p194/gems/activesupport-3.2.8/lib/active_support/callbacks.rb:429:in `_run__477976044__setup__145733762__callbacks'
    /usr/local/rvm/gems/ruby-1.9.3-p194/gems/activesupport-3.2.8/lib/active_support/callbacks.rb:405:in `__run_callback'
    /usr/local/rvm/gems/ruby-1.9.3-p194/gems/activesupport-3.2.8/lib/active_support/callbacks.rb:385:in `_run_setup_callbacks'
    /usr/local/rvm/gems/ruby-1.9.3-p194/gems/activesupport-3.2.8/lib/active_support/callbacks.rb:81:in `run_callbacks'
    /usr/local/rvm/gems/ruby-1.9.3-p194/gems/activesupport-3.2.8/lib/active_support/testing/setup_and_teardown.rb:35:in `run'

  6) Error:
test_should_show_user(UsersControllerTest):
ActiveRecord::StatementInvalid: Could not find table 'users'
    /usr/local/rvm/gems/ruby-1.9.3-p194/gems/activerecord-3.2.8/lib/active_record/connection_adapters/sqlite_adapter.rb:472:in `table_structure'
    /usr/local/rvm/gems/ruby-1.9.3-p194/gems/activerecord-3.2.8/lib/active_record/connection_adapters/sqlite_adapter.rb:346:in `columns'
    /usr/local/rvm/gems/ruby-1.9.3-p194/gems/activerecord-3.2.8/lib/active_record/fixtures.rb:660:in `column_names'
    /usr/local/rvm/gems/ruby-1.9.3-p194/gems/activerecord-3.2.8/lib/active_record/fixtures.rb:652:in `timestamp_column_names'
    /usr/local/rvm/gems/ruby-1.9.3-p194/gems/activerecord-3.2.8/lib/active_record/fixtures.rb:585:in `block in table_rows'
    /usr/local/rvm/gems/ruby-1.9.3-p194/gems/activerecord-3.2.8/lib/active_record/fixtures.rb:579:in `each'
    /usr/local/rvm/gems/ruby-1.9.3-p194/gems/activerecord-3.2.8/lib/active_record/fixtures.rb:579:in `map'
    /usr/local/rvm/gems/ruby-1.9.3-p194/gems/activerecord-3.2.8/lib/active_record/fixtures.rb:579:in `table_rows'
    /usr/local/rvm/gems/ruby-1.9.3-p194/gems/activerecord-3.2.8/lib/active_record/fixtures.rb:494:in `block (3 levels) in create_fixtures'
    /usr/local/rvm/gems/ruby-1.9.3-p194/gems/activerecord-3.2.8/lib/active_record/fixtures.rb:492:in `each'
    /usr/local/rvm/gems/ruby-1.9.3-p194/gems/activerecord-3.2.8/lib/active_record/fixtures.rb:492:in `block (2 levels) in create_fixtures'
    /usr/local/rvm/gems/ruby-1.9.3-p194/gems/activerecord-3.2.8/lib/active_record/connection_adapters/abstract/database_statements.rb:192:in `transaction'
    /usr/local/rvm/gems/ruby-1.9.3-p194/gems/activerecord-3.2.8/lib/active_record/fixtures.rb:491:in `block in create_fixtures'
    /usr/local/rvm/gems/ruby-1.9.3-p194/gems/activerecord-3.2.8/lib/active_record/connection_adapters/abstract_adapter.rb:168:in `disable_referential_integrity'
    /usr/local/rvm/gems/ruby-1.9.3-p194/gems/activerecord-3.2.8/lib/active_record/fixtures.rb:476:in `create_fixtures'
    /usr/local/rvm/gems/ruby-1.9.3-p194/gems/activerecord-3.2.8/lib/active_record/fixtures.rb:895:in `load_fixtures'
    /usr/local/rvm/gems/ruby-1.9.3-p194/gems/activerecord-3.2.8/lib/active_record/fixtures.rb:849:in `setup_fixtures'
    /usr/local/rvm/gems/ruby-1.9.3-p194/gems/activesupport-3.2.8/lib/active_support/callbacks.rb:429:in `_run__477976044__setup__145733762__callbacks'
    /usr/local/rvm/gems/ruby-1.9.3-p194/gems/activesupport-3.2.8/lib/active_support/callbacks.rb:405:in `__run_callback'
    /usr/local/rvm/gems/ruby-1.9.3-p194/gems/activesupport-3.2.8/lib/active_support/callbacks.rb:385:in `_run_setup_callbacks'
    /usr/local/rvm/gems/ruby-1.9.3-p194/gems/activesupport-3.2.8/lib/active_support/callbacks.rb:81:in `run_callbacks'
    /usr/local/rvm/gems/ruby-1.9.3-p194/gems/activesupport-3.2.8/lib/active_support/testing/setup_and_teardown.rb:35:in `run'

  7) Error:
test_should_update_user(UsersControllerTest):
ActiveRecord::StatementInvalid: Could not find table 'users'
    /usr/local/rvm/gems/ruby-1.9.3-p194/gems/activerecord-3.2.8/lib/active_record/connection_adapters/sqlite_adapter.rb:472:in `table_structure'
    /usr/local/rvm/gems/ruby-1.9.3-p194/gems/activerecord-3.2.8/lib/active_record/connection_adapters/sqlite_adapter.rb:346:in `columns'
    /usr/local/rvm/gems/ruby-1.9.3-p194/gems/activerecord-3.2.8/lib/active_record/fixtures.rb:660:in `column_names'
    /usr/local/rvm/gems/ruby-1.9.3-p194/gems/activerecord-3.2.8/lib/active_record/fixtures.rb:652:in `timestamp_column_names'
    /usr/local/rvm/gems/ruby-1.9.3-p194/gems/activerecord-3.2.8/lib/active_record/fixtures.rb:585:in `block in table_rows'
    /usr/local/rvm/gems/ruby-1.9.3-p194/gems/activerecord-3.2.8/lib/active_record/fixtures.rb:579:in `each'
    /usr/local/rvm/gems/ruby-1.9.3-p194/gems/activerecord-3.2.8/lib/active_record/fixtures.rb:579:in `map'
    /usr/local/rvm/gems/ruby-1.9.3-p194/gems/activerecord-3.2.8/lib/active_record/fixtures.rb:579:in `table_rows'
    /usr/local/rvm/gems/ruby-1.9.3-p194/gems/activerecord-3.2.8/lib/active_record/fixtures.rb:494:in `block (3 levels) in create_fixtures'
    /usr/local/rvm/gems/ruby-1.9.3-p194/gems/activerecord-3.2.8/lib/active_record/fixtures.rb:492:in `each'
    /usr/local/rvm/gems/ruby-1.9.3-p194/gems/activerecord-3.2.8/lib/active_record/fixtures.rb:492:in `block (2 levels) in create_fixtures'
    /usr/local/rvm/gems/ruby-1.9.3-p194/gems/activerecord-3.2.8/lib/active_record/connection_adapters/abstract/database_statements.rb:192:in `transaction'
    /usr/local/rvm/gems/ruby-1.9.3-p194/gems/activerecord-3.2.8/lib/active_record/fixtures.rb:491:in `block in create_fixtures'
    /usr/local/rvm/gems/ruby-1.9.3-p194/gems/activerecord-3.2.8/lib/active_record/connection_adapters/abstract_adapter.rb:168:in `disable_referential_integrity'
    /usr/local/rvm/gems/ruby-1.9.3-p194/gems/activerecord-3.2.8/lib/active_record/fixtures.rb:476:in `create_fixtures'
    /usr/local/rvm/gems/ruby-1.9.3-p194/gems/activerecord-3.2.8/lib/active_record/fixtures.rb:895:in `load_fixtures'
    /usr/local/rvm/gems/ruby-1.9.3-p194/gems/activerecord-3.2.8/lib/active_record/fixtures.rb:849:in `setup_fixtures'
    /usr/local/rvm/gems/ruby-1.9.3-p194/gems/activesupport-3.2.8/lib/active_support/callbacks.rb:429:in `_run__477976044__setup__145733762__callbacks'
    /usr/local/rvm/gems/ruby-1.9.3-p194/gems/activesupport-3.2.8/lib/active_support/callbacks.rb:405:in `__run_callback'
    /usr/local/rvm/gems/ruby-1.9.3-p194/gems/activesupport-3.2.8/lib/active_support/callbacks.rb:385:in `_run_setup_callbacks'
    /usr/local/rvm/gems/ruby-1.9.3-p194/gems/activesupport-3.2.8/lib/active_support/callbacks.rb:81:in `run_callbacks'
    /usr/local/rvm/gems/ruby-1.9.3-p194/gems/activesupport-3.2.8/lib/active_support/testing/setup_and_teardown.rb:35:in `run'

7 tests, 0 assertions, 0 failures, 7 errors, 0 skips
/usr/local/rvm/rubies/ruby-1.9.3-p194/bin/ruby -I.:lib:test -rubygems test/functional/users_controller_test.rb -n "/^(test_should_create_user|test_should_destroy_user|test_should_get_edit|test_should_get_index|test_should_get_new|test_should_show_user|test_should_update_user)$/"; /usr/local/rvm/rubies/ruby-1.9.3-p194/bin/ruby -I.:lib:test -rubygems test/functional/pages_controller_test.rb -n "/^(test_should_get_contact|test_should_get_home)$/"; /usr/local/rvm/rubies/ruby-1.9.3-p194/bin/ruby -I.:lib:test -rubygems test/functional/microposts_controller_test.rb -n "/^(test_should_create_micropost|test_should_destroy_micropost|test_should_get_edit|test_should_get_index|test_should_get_new|test_should_show_micropost|test_should_update_micropost)$/"
Run options: -n "/^(test_should_create_user|test_should_destroy_user|test_should_get_edit|test_should_get_index|test_should_get_new|test_should_show_user|test_should_update_user)$/"

# Running tests:

EEEEEEE

Finished tests in 0.107819s, 64.9236 tests/s, 0.0000 assertions/s.

  1) Error:
test_should_create_user(UsersControllerTest):
ActiveRecord::StatementInvalid: Could not find table 'users'
    /usr/local/rvm/gems/ruby-1.9.3-p194/gems/activerecord-3.2.8/lib/active_record/connection_adapters/sqlite_adapter.rb:472:in `table_structure'
    /usr/local/rvm/gems/ruby-1.9.3-p194/gems/activerecord-3.2.8/lib/active_record/connection_adapters/sqlite_adapter.rb:346:in `columns'
    /usr/local/rvm/gems/ruby-1.9.3-p194/gems/activerecord-3.2.8/lib/active_record/fixtures.rb:660:in `column_names'
    /usr/local/rvm/gems/ruby-1.9.3-p194/gems/activerecord-3.2.8/lib/active_record/fixtures.rb:652:in `timestamp_column_names'
    /usr/local/rvm/gems/ruby-1.9.3-p194/gems/activerecord-3.2.8/lib/active_record/fixtures.rb:585:in `block in table_rows'
    /usr/local/rvm/gems/ruby-1.9.3-p194/gems/activerecord-3.2.8/lib/active_record/fixtures.rb:579:in `each'
    /usr/local/rvm/gems/ruby-1.9.3-p194/gems/activerecord-3.2.8/lib/active_record/fixtures.rb:579:in `map'
    /usr/local/rvm/gems/ruby-1.9.3-p194/gems/activerecord-3.2.8/lib/active_record/fixtures.rb:579:in `table_rows'
    /usr/local/rvm/gems/ruby-1.9.3-p194/gems/activerecord-3.2.8/lib/active_record/fixtures.rb:494:in `block (3 levels) in create_fixtures'
    /usr/local/rvm/gems/ruby-1.9.3-p194/gems/activerecord-3.2.8/lib/active_record/fixtures.rb:492:in `each'
    /usr/local/rvm/gems/ruby-1.9.3-p194/gems/activerecord-3.2.8/lib/active_record/fixtures.rb:492:in `block (2 levels) in create_fixtures'
    /usr/local/rvm/gems/ruby-1.9.3-p194/gems/activerecord-3.2.8/lib/active_record/connection_adapters/abstract/database_statements.rb:192:in `transaction'
    /usr/local/rvm/gems/ruby-1.9.3-p194/gems/activerecord-3.2.8/lib/active_record/fixtures.rb:491:in `block in create_fixtures'
    /usr/local/rvm/gems/ruby-1.9.3-p194/gems/activerecord-3.2.8/lib/active_record/connection_adapters/abstract_adapter.rb:168:in `disable_referential_integrity'
    /usr/local/rvm/gems/ruby-1.9.3-p194/gems/activerecord-3.2.8/lib/active_record/fixtures.rb:476:in `create_fixtures'
    /usr/local/rvm/gems/ruby-1.9.3-p194/gems/activerecord-3.2.8/lib/active_record/fixtures.rb:895:in `load_fixtures'
    /usr/local/rvm/gems/ruby-1.9.3-p194/gems/activerecord-3.2.8/lib/active_record/fixtures.rb:849:in `setup_fixtures'
    /usr/local/rvm/gems/ruby-1.9.3-p194/gems/activesupport-3.2.8/lib/active_support/callbacks.rb:429:in `_run__113750399__setup__895975304__callbacks'
    /usr/local/rvm/gems/ruby-1.9.3-p194/gems/activesupport-3.2.8/lib/active_support/callbacks.rb:405:in `__run_callback'
    /usr/local/rvm/gems/ruby-1.9.3-p194/gems/activesupport-3.2.8/lib/active_support/callbacks.rb:385:in `_run_setup_callbacks'
    /usr/local/rvm/gems/ruby-1.9.3-p194/gems/activesupport-3.2.8/lib/active_support/callbacks.rb:81:in `run_callbacks'
    /usr/local/rvm/gems/ruby-1.9.3-p194/gems/activesupport-3.2.8/lib/active_support/testing/setup_and_teardown.rb:35:in `run'

  2) Error:
test_should_destroy_user(UsersControllerTest):
ActiveRecord::StatementInvalid: Could not find table 'users'
    /usr/local/rvm/gems/ruby-1.9.3-p194/gems/activerecord-3.2.8/lib/active_record/connection_adapters/sqlite_adapter.rb:472:in `table_structure'
    /usr/local/rvm/gems/ruby-1.9.3-p194/gems/activerecord-3.2.8/lib/active_record/connection_adapters/sqlite_adapter.rb:346:in `columns'
    /usr/local/rvm/gems/ruby-1.9.3-p194/gems/activerecord-3.2.8/lib/active_record/fixtures.rb:660:in `column_names'
    /usr/local/rvm/gems/ruby-1.9.3-p194/gems/activerecord-3.2.8/lib/active_record/fixtures.rb:652:in `timestamp_column_names'
    /usr/local/rvm/gems/ruby-1.9.3-p194/gems/activerecord-3.2.8/lib/active_record/fixtures.rb:585:in `block in table_rows'
    /usr/local/rvm/gems/ruby-1.9.3-p194/gems/activerecord-3.2.8/lib/active_record/fixtures.rb:579:in `each'
    /usr/local/rvm/gems/ruby-1.9.3-p194/gems/activerecord-3.2.8/lib/active_record/fixtures.rb:579:in `map'
    /usr/local/rvm/gems/ruby-1.9.3-p194/gems/activerecord-3.2.8/lib/active_record/fixtures.rb:579:in `table_rows'
    /usr/local/rvm/gems/ruby-1.9.3-p194/gems/activerecord-3.2.8/lib/active_record/fixtures.rb:494:in `block (3 levels) in create_fixtures'
    /usr/local/rvm/gems/ruby-1.9.3-p194/gems/activerecord-3.2.8/lib/active_record/fixtures.rb:492:in `each'
    /usr/local/rvm/gems/ruby-1.9.3-p194/gems/activerecord-3.2.8/lib/active_record/fixtures.rb:492:in `block (2 levels) in create_fixtures'
    /usr/local/rvm/gems/ruby-1.9.3-p194/gems/activerecord-3.2.8/lib/active_record/connection_adapters/abstract/database_statements.rb:192:in `transaction'
    /usr/local/rvm/gems/ruby-1.9.3-p194/gems/activerecord-3.2.8/lib/active_record/fixtures.rb:491:in `block in create_fixtures'
    /usr/local/rvm/gems/ruby-1.9.3-p194/gems/activerecord-3.2.8/lib/active_record/connection_adapters/abstract_adapter.rb:168:in `disable_referential_integrity'
    /usr/local/rvm/gems/ruby-1.9.3-p194/gems/activerecord-3.2.8/lib/active_record/fixtures.rb:476:in `create_fixtures'
    /usr/local/rvm/gems/ruby-1.9.3-p194/gems/activerecord-3.2.8/lib/active_record/fixtures.rb:895:in `load_fixtures'
    /usr/local/rvm/gems/ruby-1.9.3-p194/gems/activerecord-3.2.8/lib/active_record/fixtures.rb:849:in `setup_fixtures'
    /usr/local/rvm/gems/ruby-1.9.3-p194/gems/activesupport-3.2.8/lib/active_support/callbacks.rb:429:in `_run__113750399__setup__895975304__callbacks'
    /usr/local/rvm/gems/ruby-1.9.3-p194/gems/activesupport-3.2.8/lib/active_support/callbacks.rb:405:in `__run_callback'
    /usr/local/rvm/gems/ruby-1.9.3-p194/gems/activesupport-3.2.8/lib/active_support/callbacks.rb:385:in `_run_setup_callbacks'
    /usr/local/rvm/gems/ruby-1.9.3-p194/gems/activesupport-3.2.8/lib/active_support/callbacks.rb:81:in `run_callbacks'
    /usr/local/rvm/gems/ruby-1.9.3-p194/gems/activesupport-3.2.8/lib/active_support/testing/setup_and_teardown.rb:35:in `run'

  3) Error:
test_should_get_edit(UsersControllerTest):
ActiveRecord::StatementInvalid: Could not find table 'users'
    /usr/local/rvm/gems/ruby-1.9.3-p194/gems/activerecord-3.2.8/lib/active_record/connection_adapters/sqlite_adapter.rb:472:in `table_structure'
    /usr/local/rvm/gems/ruby-1.9.3-p194/gems/activerecord-3.2.8/lib/active_record/connection_adapters/sqlite_adapter.rb:346:in `columns'
    /usr/local/rvm/gems/ruby-1.9.3-p194/gems/activerecord-3.2.8/lib/active_record/fixtures.rb:660:in `column_names'
    /usr/local/rvm/gems/ruby-1.9.3-p194/gems/activerecord-3.2.8/lib/active_record/fixtures.rb:652:in `timestamp_column_names'
    /usr/local/rvm/gems/ruby-1.9.3-p194/gems/activerecord-3.2.8/lib/active_record/fixtures.rb:585:in `block in table_rows'
    /usr/local/rvm/gems/ruby-1.9.3-p194/gems/activerecord-3.2.8/lib/active_record/fixtures.rb:579:in `each'
    /usr/local/rvm/gems/ruby-1.9.3-p194/gems/activerecord-3.2.8/lib/active_record/fixtures.rb:579:in `map'
    /usr/local/rvm/gems/ruby-1.9.3-p194/gems/activerecord-3.2.8/lib/active_record/fixtures.rb:579:in `table_rows'
    /usr/local/rvm/gems/ruby-1.9.3-p194/gems/activerecord-3.2.8/lib/active_record/fixtures.rb:494:in `block (3 levels) in create_fixtures'
    /usr/local/rvm/gems/ruby-1.9.3-p194/gems/activerecord-3.2.8/lib/active_record/fixtures.rb:492:in `each'
    /usr/local/rvm/gems/ruby-1.9.3-p194/gems/activerecord-3.2.8/lib/active_record/fixtures.rb:492:in `block (2 levels) in create_fixtures'
    /usr/local/rvm/gems/ruby-1.9.3-p194/gems/activerecord-3.2.8/lib/active_record/connection_adapters/abstract/database_statements.rb:192:in `transaction'
    /usr/local/rvm/gems/ruby-1.9.3-p194/gems/activerecord-3.2.8/lib/active_record/fixtures.rb:491:in `block in create_fixtures'
    /usr/local/rvm/gems/ruby-1.9.3-p194/gems/activerecord-3.2.8/lib/active_record/connection_adapters/abstract_adapter.rb:168:in `disable_referential_integrity'
    /usr/local/rvm/gems/ruby-1.9.3-p194/gems/activerecord-3.2.8/lib/active_record/fixtures.rb:476:in `create_fixtures'
    /usr/local/rvm/gems/ruby-1.9.3-p194/gems/activerecord-3.2.8/lib/active_record/fixtures.rb:895:in `load_fixtures'
    /usr/local/rvm/gems/ruby-1.9.3-p194/gems/activerecord-3.2.8/lib/active_record/fixtures.rb:849:in `setup_fixtures'
    /usr/local/rvm/gems/ruby-1.9.3-p194/gems/activesupport-3.2.8/lib/active_support/callbacks.rb:429:in `_run__113750399__setup__895975304__callbacks'
    /usr/local/rvm/gems/ruby-1.9.3-p194/gems/activesupport-3.2.8/lib/active_support/callbacks.rb:405:in `__run_callback'
    /usr/local/rvm/gems/ruby-1.9.3-p194/gems/activesupport-3.2.8/lib/active_support/callbacks.rb:385:in `_run_setup_callbacks'
    /usr/local/rvm/gems/ruby-1.9.3-p194/gems/activesupport-3.2.8/lib/active_support/callbacks.rb:81:in `run_callbacks'
    /usr/local/rvm/gems/ruby-1.9.3-p194/gems/activesupport-3.2.8/lib/active_support/testing/setup_and_teardown.rb:35:in `run'

  4) Error:
test_should_get_index(UsersControllerTest):
ActiveRecord::StatementInvalid: Could not find table 'users'
    /usr/local/rvm/gems/ruby-1.9.3-p194/gems/activerecord-3.2.8/lib/active_record/connection_adapters/sqlite_adapter.rb:472:in `table_structure'
    /usr/local/rvm/gems/ruby-1.9.3-p194/gems/activerecord-3.2.8/lib/active_record/connection_adapters/sqlite_adapter.rb:346:in `columns'
    /usr/local/rvm/gems/ruby-1.9.3-p194/gems/activerecord-3.2.8/lib/active_record/fixtures.rb:660:in `column_names'
    /usr/local/rvm/gems/ruby-1.9.3-p194/gems/activerecord-3.2.8/lib/active_record/fixtures.rb:652:in `timestamp_column_names'
    /usr/local/rvm/gems/ruby-1.9.3-p194/gems/activerecord-3.2.8/lib/active_record/fixtures.rb:585:in `block in table_rows'
    /usr/local/rvm/gems/ruby-1.9.3-p194/gems/activerecord-3.2.8/lib/active_record/fixtures.rb:579:in `each'
    /usr/local/rvm/gems/ruby-1.9.3-p194/gems/activerecord-3.2.8/lib/active_record/fixtures.rb:579:in `map'
    /usr/local/rvm/gems/ruby-1.9.3-p194/gems/activerecord-3.2.8/lib/active_record/fixtures.rb:579:in `table_rows'
    /usr/local/rvm/gems/ruby-1.9.3-p194/gems/activerecord-3.2.8/lib/active_record/fixtures.rb:494:in `block (3 levels) in create_fixtures'
    /usr/local/rvm/gems/ruby-1.9.3-p194/gems/activerecord-3.2.8/lib/active_record/fixtures.rb:492:in `each'
    /usr/local/rvm/gems/ruby-1.9.3-p194/gems/activerecord-3.2.8/lib/active_record/fixtures.rb:492:in `block (2 levels) in create_fixtures'
    /usr/local/rvm/gems/ruby-1.9.3-p194/gems/activerecord-3.2.8/lib/active_record/connection_adapters/abstract/database_statements.rb:192:in `transaction'
    /usr/local/rvm/gems/ruby-1.9.3-p194/gems/activerecord-3.2.8/lib/active_record/fixtures.rb:491:in `block in create_fixtures'
    /usr/local/rvm/gems/ruby-1.9.3-p194/gems/activerecord-3.2.8/lib/active_record/connection_adapters/abstract_adapter.rb:168:in `disable_referential_integrity'
    /usr/local/rvm/gems/ruby-1.9.3-p194/gems/activerecord-3.2.8/lib/active_record/fixtures.rb:476:in `create_fixtures'
    /usr/local/rvm/gems/ruby-1.9.3-p194/gems/activerecord-3.2.8/lib/active_record/fixtures.rb:895:in `load_fixtures'
    /usr/local/rvm/gems/ruby-1.9.3-p194/gems/activerecord-3.2.8/lib/active_record/fixtures.rb:849:in `setup_fixtures'
    /usr/local/rvm/gems/ruby-1.9.3-p194/gems/activesupport-3.2.8/lib/active_support/callbacks.rb:429:in `_run__113750399__setup__895975304__callbacks'
    /usr/local/rvm/gems/ruby-1.9.3-p194/gems/activesupport-3.2.8/lib/active_support/callbacks.rb:405:in `__run_callback'
    /usr/local/rvm/gems/ruby-1.9.3-p194/gems/activesupport-3.2.8/lib/active_support/callbacks.rb:385:in `_run_setup_callbacks'
    /usr/local/rvm/gems/ruby-1.9.3-p194/gems/activesupport-3.2.8/lib/active_support/callbacks.rb:81:in `run_callbacks'
    /usr/local/rvm/gems/ruby-1.9.3-p194/gems/activesupport-3.2.8/lib/active_support/testing/setup_and_teardown.rb:35:in `run'

  5) Error:
test_should_get_new(UsersControllerTest):
ActiveRecord::StatementInvalid: Could not find table 'users'
    /usr/local/rvm/gems/ruby-1.9.3-p194/gems/activerecord-3.2.8/lib/active_record/connection_adapters/sqlite_adapter.rb:472:in `table_structure'
    /usr/local/rvm/gems/ruby-1.9.3-p194/gems/activerecord-3.2.8/lib/active_record/connection_adapters/sqlite_adapter.rb:346:in `columns'
    /usr/local/rvm/gems/ruby-1.9.3-p194/gems/activerecord-3.2.8/lib/active_record/fixtures.rb:660:in `column_names'
    /usr/local/rvm/gems/ruby-1.9.3-p194/gems/activerecord-3.2.8/lib/active_record/fixtures.rb:652:in `timestamp_column_names'
    /usr/local/rvm/gems/ruby-1.9.3-p194/gems/activerecord-3.2.8/lib/active_record/fixtures.rb:585:in `block in table_rows'
    /usr/local/rvm/gems/ruby-1.9.3-p194/gems/activerecord-3.2.8/lib/active_record/fixtures.rb:579:in `each'
    /usr/local/rvm/gems/ruby-1.9.3-p194/gems/activerecord-3.2.8/lib/active_record/fixtures.rb:579:in `map'
    /usr/local/rvm/gems/ruby-1.9.3-p194/gems/activerecord-3.2.8/lib/active_record/fixtures.rb:579:in `table_rows'
    /usr/local/rvm/gems/ruby-1.9.3-p194/gems/activerecord-3.2.8/lib/active_record/fixtures.rb:494:in `block (3 levels) in create_fixtures'
    /usr/local/rvm/gems/ruby-1.9.3-p194/gems/activerecord-3.2.8/lib/active_record/fixtures.rb:492:in `each'
    /usr/local/rvm/gems/ruby-1.9.3-p194/gems/activerecord-3.2.8/lib/active_record/fixtures.rb:492:in `block (2 levels) in create_fixtures'
    /usr/local/rvm/gems/ruby-1.9.3-p194/gems/activerecord-3.2.8/lib/active_record/connection_adapters/abstract/database_statements.rb:192:in `transaction'
    /usr/local/rvm/gems/ruby-1.9.3-p194/gems/activerecord-3.2.8/lib/active_record/fixtures.rb:491:in `block in create_fixtures'
    /usr/local/rvm/gems/ruby-1.9.3-p194/gems/activerecord-3.2.8/lib/active_record/connection_adapters/abstract_adapter.rb:168:in `disable_referential_integrity'
    /usr/local/rvm/gems/ruby-1.9.3-p194/gems/activerecord-3.2.8/lib/active_record/fixtures.rb:476:in `create_fixtures'
    /usr/local/rvm/gems/ruby-1.9.3-p194/gems/activerecord-3.2.8/lib/active_record/fixtures.rb:895:in `load_fixtures'
    /usr/local/rvm/gems/ruby-1.9.3-p194/gems/activerecord-3.2.8/lib/active_record/fixtures.rb:849:in `setup_fixtures'
    /usr/local/rvm/gems/ruby-1.9.3-p194/gems/activesupport-3.2.8/lib/active_support/callbacks.rb:429:in `_run__113750399__setup__895975304__callbacks'
    /usr/local/rvm/gems/ruby-1.9.3-p194/gems/activesupport-3.2.8/lib/active_support/callbacks.rb:405:in `__run_callback'
    /usr/local/rvm/gems/ruby-1.9.3-p194/gems/activesupport-3.2.8/lib/active_support/callbacks.rb:385:in `_run_setup_callbacks'
    /usr/local/rvm/gems/ruby-1.9.3-p194/gems/activesupport-3.2.8/lib/active_support/callbacks.rb:81:in `run_callbacks'
    /usr/local/rvm/gems/ruby-1.9.3-p194/gems/activesupport-3.2.8/lib/active_support/testing/setup_and_teardown.rb:35:in `run'

  6) Error:
test_should_show_user(UsersControllerTest):
ActiveRecord::StatementInvalid: Could not find table 'users'
    /usr/local/rvm/gems/ruby-1.9.3-p194/gems/activerecord-3.2.8/lib/active_record/connection_adapters/sqlite_adapter.rb:472:in `table_structure'
    /usr/local/rvm/gems/ruby-1.9.3-p194/gems/activerecord-3.2.8/lib/active_record/connection_adapters/sqlite_adapter.rb:346:in `columns'
    /usr/local/rvm/gems/ruby-1.9.3-p194/gems/activerecord-3.2.8/lib/active_record/fixtures.rb:660:in `column_names'
    /usr/local/rvm/gems/ruby-1.9.3-p194/gems/activerecord-3.2.8/lib/active_record/fixtures.rb:652:in `timestamp_column_names'
    /usr/local/rvm/gems/ruby-1.9.3-p194/gems/activerecord-3.2.8/lib/active_record/fixtures.rb:585:in `block in table_rows'
    /usr/local/rvm/gems/ruby-1.9.3-p194/gems/activerecord-3.2.8/lib/active_record/fixtures.rb:579:in `each'
    /usr/local/rvm/gems/ruby-1.9.3-p194/gems/activerecord-3.2.8/lib/active_record/fixtures.rb:579:in `map'
    /usr/local/rvm/gems/ruby-1.9.3-p194/gems/activerecord-3.2.8/lib/active_record/fixtures.rb:579:in `table_rows'
    /usr/local/rvm/gems/ruby-1.9.3-p194/gems/activerecord-3.2.8/lib/active_record/fixtures.rb:494:in `block (3 levels) in create_fixtures'
    /usr/local/rvm/gems/ruby-1.9.3-p194/gems/activerecord-3.2.8/lib/active_record/fixtures.rb:492:in `each'
    /usr/local/rvm/gems/ruby-1.9.3-p194/gems/activerecord-3.2.8/lib/active_record/fixtures.rb:492:in `block (2 levels) in create_fixtures'
    /usr/local/rvm/gems/ruby-1.9.3-p194/gems/activerecord-3.2.8/lib/active_record/connection_adapters/abstract/database_statements.rb:192:in `transaction'
    /usr/local/rvm/gems/ruby-1.9.3-p194/gems/activerecord-3.2.8/lib/active_record/fixtures.rb:491:in `block in create_fixtures'
    /usr/local/rvm/gems/ruby-1.9.3-p194/gems/activerecord-3.2.8/lib/active_record/connection_adapters/abstract_adapter.rb:168:in `disable_referential_integrity'
    /usr/local/rvm/gems/ruby-1.9.3-p194/gems/activerecord-3.2.8/lib/active_record/fixtures.rb:476:in `create_fixtures'
    /usr/local/rvm/gems/ruby-1.9.3-p194/gems/activerecord-3.2.8/lib/active_record/fixtures.rb:895:in `load_fixtures'
    /usr/local/rvm/gems/ruby-1.9.3-p194/gems/activerecord-3.2.8/lib/active_record/fixtures.rb:849:in `setup_fixtures'
    /usr/local/rvm/gems/ruby-1.9.3-p194/gems/activesupport-3.2.8/lib/active_support/callbacks.rb:429:in `_run__113750399__setup__895975304__callbacks'
    /usr/local/rvm/gems/ruby-1.9.3-p194/gems/activesupport-3.2.8/lib/active_support/callbacks.rb:405:in `__run_callback'
    /usr/local/rvm/gems/ruby-1.9.3-p194/gems/activesupport-3.2.8/lib/active_support/callbacks.rb:385:in `_run_setup_callbacks'
    /usr/local/rvm/gems/ruby-1.9.3-p194/gems/activesupport-3.2.8/lib/active_support/callbacks.rb:81:in `run_callbacks'
    /usr/local/rvm/gems/ruby-1.9.3-p194/gems/activesupport-3.2.8/lib/active_support/testing/setup_and_teardown.rb:35:in `run'

  7) Error:
test_should_update_user(UsersControllerTest):
ActiveRecord::StatementInvalid: Could not find table 'users'
    /usr/local/rvm/gems/ruby-1.9.3-p194/gems/activerecord-3.2.8/lib/active_record/connection_adapters/sqlite_adapter.rb:472:in `table_structure'
    /usr/local/rvm/gems/ruby-1.9.3-p194/gems/activerecord-3.2.8/lib/active_record/connection_adapters/sqlite_adapter.rb:346:in `columns'
    /usr/local/rvm/gems/ruby-1.9.3-p194/gems/activerecord-3.2.8/lib/active_record/fixtures.rb:660:in `column_names'
    /usr/local/rvm/gems/ruby-1.9.3-p194/gems/activerecord-3.2.8/lib/active_record/fixtures.rb:652:in `timestamp_column_names'
    /usr/local/rvm/gems/ruby-1.9.3-p194/gems/activerecord-3.2.8/lib/active_record/fixtures.rb:585:in `block in table_rows'
    /usr/local/rvm/gems/ruby-1.9.3-p194/gems/activerecord-3.2.8/lib/active_record/fixtures.rb:579:in `each'
    /usr/local/rvm/gems/ruby-1.9.3-p194/gems/activerecord-3.2.8/lib/active_record/fixtures.rb:579:in `map'
    /usr/local/rvm/gems/ruby-1.9.3-p194/gems/activerecord-3.2.8/lib/active_record/fixtures.rb:579:in `table_rows'
    /usr/local/rvm/gems/ruby-1.9.3-p194/gems/activerecord-3.2.8/lib/active_record/fixtures.rb:494:in `block (3 levels) in create_fixtures'
    /usr/local/rvm/gems/ruby-1.9.3-p194/gems/activerecord-3.2.8/lib/active_record/fixtures.rb:492:in `each'
    /usr/local/rvm/gems/ruby-1.9.3-p194/gems/activerecord-3.2.8/lib/active_record/fixtures.rb:492:in `block (2 levels) in create_fixtures'
    /usr/local/rvm/gems/ruby-1.9.3-p194/gems/activerecord-3.2.8/lib/active_record/connection_adapters/abstract/database_statements.rb:192:in `transaction'
    /usr/local/rvm/gems/ruby-1.9.3-p194/gems/activerecord-3.2.8/lib/active_record/fixtures.rb:491:in `block in create_fixtures'
    /usr/local/rvm/gems/ruby-1.9.3-p194/gems/activerecord-3.2.8/lib/active_record/connection_adapters/abstract_adapter.rb:168:in `disable_referential_integrity'
    /usr/local/rvm/gems/ruby-1.9.3-p194/gems/activerecord-3.2.8/lib/active_record/fixtures.rb:476:in `create_fixtures'
    /usr/local/rvm/gems/ruby-1.9.3-p194/gems/activerecord-3.2.8/lib/active_record/fixtures.rb:895:in `load_fixtures'
    /usr/local/rvm/gems/ruby-1.9.3-p194/gems/activerecord-3.2.8/lib/active_record/fixtures.rb:849:in `setup_fixtures'
    /usr/local/rvm/gems/ruby-1.9.3-p194/gems/activesupport-3.2.8/lib/active_support/callbacks.rb:429:in `_run__113750399__setup__895975304__callbacks'
    /usr/local/rvm/gems/ruby-1.9.3-p194/gems/activesupport-3.2.8/lib/active_support/callbacks.rb:405:in `__run_callback'
    /usr/local/rvm/gems/ruby-1.9.3-p194/gems/activesupport-3.2.8/lib/active_support/callbacks.rb:385:in `_run_setup_callbacks'
    /usr/local/rvm/gems/ruby-1.9.3-p194/gems/activesupport-3.2.8/lib/active_support/callbacks.rb:81:in `run_callbacks'
    /usr/local/rvm/gems/ruby-1.9.3-p194/gems/activesupport-3.2.8/lib/active_support/testing/setup_and_teardown.rb:35:in `run'

7 tests, 0 assertions, 0 failures, 7 errors, 0 skips
Run options: -n "/^(test_should_get_contact|test_should_get_home)$/"

# Running tests:

EE

Finished tests in 0.045129s, 44.3169 tests/s, 0.0000 assertions/s.

  1) Error:
test_should_get_contact(PagesControllerTest):
ActiveRecord::StatementInvalid: Could not find table 'users'
    /usr/local/rvm/gems/ruby-1.9.3-p194/gems/activerecord-3.2.8/lib/active_record/connection_adapters/sqlite_adapter.rb:472:in `table_structure'
    /usr/local/rvm/gems/ruby-1.9.3-p194/gems/activerecord-3.2.8/lib/active_record/connection_adapters/sqlite_adapter.rb:346:in `columns'
    /usr/local/rvm/gems/ruby-1.9.3-p194/gems/activerecord-3.2.8/lib/active_record/fixtures.rb:660:in `column_names'
    /usr/local/rvm/gems/ruby-1.9.3-p194/gems/activerecord-3.2.8/lib/active_record/fixtures.rb:652:in `timestamp_column_names'
    /usr/local/rvm/gems/ruby-1.9.3-p194/gems/activerecord-3.2.8/lib/active_record/fixtures.rb:585:in `block in table_rows'
    /usr/local/rvm/gems/ruby-1.9.3-p194/gems/activerecord-3.2.8/lib/active_record/fixtures.rb:579:in `each'
    /usr/local/rvm/gems/ruby-1.9.3-p194/gems/activerecord-3.2.8/lib/active_record/fixtures.rb:579:in `map'
    /usr/local/rvm/gems/ruby-1.9.3-p194/gems/activerecord-3.2.8/lib/active_record/fixtures.rb:579:in `table_rows'
    /usr/local/rvm/gems/ruby-1.9.3-p194/gems/activerecord-3.2.8/lib/active_record/fixtures.rb:494:in `block (3 levels) in create_fixtures'
    /usr/local/rvm/gems/ruby-1.9.3-p194/gems/activerecord-3.2.8/lib/active_record/fixtures.rb:492:in `each'
    /usr/local/rvm/gems/ruby-1.9.3-p194/gems/activerecord-3.2.8/lib/active_record/fixtures.rb:492:in `block (2 levels) in create_fixtures'
    /usr/local/rvm/gems/ruby-1.9.3-p194/gems/activerecord-3.2.8/lib/active_record/connection_adapters/abstract/database_statements.rb:192:in `transaction'
    /usr/local/rvm/gems/ruby-1.9.3-p194/gems/activerecord-3.2.8/lib/active_record/fixtures.rb:491:in `block in create_fixtures'
    /usr/local/rvm/gems/ruby-1.9.3-p194/gems/activerecord-3.2.8/lib/active_record/connection_adapters/abstract_adapter.rb:168:in `disable_referential_integrity'
    /usr/local/rvm/gems/ruby-1.9.3-p194/gems/activerecord-3.2.8/lib/active_record/fixtures.rb:476:in `create_fixtures'
    /usr/local/rvm/gems/ruby-1.9.3-p194/gems/activerecord-3.2.8/lib/active_record/fixtures.rb:895:in `load_fixtures'
    /usr/local/rvm/gems/ruby-1.9.3-p194/gems/activerecord-3.2.8/lib/active_record/fixtures.rb:849:in `setup_fixtures'
    /usr/local/rvm/gems/ruby-1.9.3-p194/gems/activesupport-3.2.8/lib/active_support/callbacks.rb:429:in `_run__1030944137__setup__717644880__callbacks'
    /usr/local/rvm/gems/ruby-1.9.3-p194/gems/activesupport-3.2.8/lib/active_support/callbacks.rb:405:in `__run_callback'
    /usr/local/rvm/gems/ruby-1.9.3-p194/gems/activesupport-3.2.8/lib/active_support/callbacks.rb:385:in `_run_setup_callbacks'
    /usr/local/rvm/gems/ruby-1.9.3-p194/gems/activesupport-3.2.8/lib/active_support/callbacks.rb:81:in `run_callbacks'
    /usr/local/rvm/gems/ruby-1.9.3-p194/gems/activesupport-3.2.8/lib/active_support/testing/setup_and_teardown.rb:35:in `run'

  2) Error:
test_should_get_home(PagesControllerTest):
ActiveRecord::StatementInvalid: Could not find table 'users'
    /usr/local/rvm/gems/ruby-1.9.3-p194/gems/activerecord-3.2.8/lib/active_record/connection_adapters/sqlite_adapter.rb:472:in `table_structure'
    /usr/local/rvm/gems/ruby-1.9.3-p194/gems/activerecord-3.2.8/lib/active_record/connection_adapters/sqlite_adapter.rb:346:in `columns'
    /usr/local/rvm/gems/ruby-1.9.3-p194/gems/activerecord-3.2.8/lib/active_record/fixtures.rb:660:in `column_names'
    /usr/local/rvm/gems/ruby-1.9.3-p194/gems/activerecord-3.2.8/lib/active_record/fixtures.rb:652:in `timestamp_column_names'
    /usr/local/rvm/gems/ruby-1.9.3-p194/gems/activerecord-3.2.8/lib/active_record/fixtures.rb:585:in `block in table_rows'
    /usr/local/rvm/gems/ruby-1.9.3-p194/gems/activerecord-3.2.8/lib/active_record/fixtures.rb:579:in `each'
    /usr/local/rvm/gems/ruby-1.9.3-p194/gems/activerecord-3.2.8/lib/active_record/fixtures.rb:579:in `map'
    /usr/local/rvm/gems/ruby-1.9.3-p194/gems/activerecord-3.2.8/lib/active_record/fixtures.rb:579:in `table_rows'
    /usr/local/rvm/gems/ruby-1.9.3-p194/gems/activerecord-3.2.8/lib/active_record/fixtures.rb:494:in `block (3 levels) in create_fixtures'
    /usr/local/rvm/gems/ruby-1.9.3-p194/gems/activerecord-3.2.8/lib/active_record/fixtures.rb:492:in `each'
    /usr/local/rvm/gems/ruby-1.9.3-p194/gems/activerecord-3.2.8/lib/active_record/fixtures.rb:492:in `block (2 levels) in create_fixtures'
    /usr/local/rvm/gems/ruby-1.9.3-p194/gems/activerecord-3.2.8/lib/active_record/connection_adapters/abstract/database_statements.rb:192:in `transaction'
    /usr/local/rvm/gems/ruby-1.9.3-p194/gems/activerecord-3.2.8/lib/active_record/fixtures.rb:491:in `block in create_fixtures'
    /usr/local/rvm/gems/ruby-1.9.3-p194/gems/activerecord-3.2.8/lib/active_record/connection_adapters/abstract_adapter.rb:168:in `disable_referential_integrity'
    /usr/local/rvm/gems/ruby-1.9.3-p194/gems/activerecord-3.2.8/lib/active_record/fixtures.rb:476:in `create_fixtures'
    /usr/local/rvm/gems/ruby-1.9.3-p194/gems/activerecord-3.2.8/lib/active_record/fixtures.rb:895:in `load_fixtures'
    /usr/local/rvm/gems/ruby-1.9.3-p194/gems/activerecord-3.2.8/lib/active_record/fixtures.rb:849:in `setup_fixtures'
    /usr/local/rvm/gems/ruby-1.9.3-p194/gems/activesupport-3.2.8/lib/active_support/callbacks.rb:429:in `_run__1030944137__setup__717644880__callbacks'
    /usr/local/rvm/gems/ruby-1.9.3-p194/gems/activesupport-3.2.8/lib/active_support/callbacks.rb:405:in `__run_callback'
    /usr/local/rvm/gems/ruby-1.9.3-p194/gems/activesupport-3.2.8/lib/active_support/callbacks.rb:385:in `_run_setup_callbacks'
    /usr/local/rvm/gems/ruby-1.9.3-p194/gems/activesupport-3.2.8/lib/active_support/callbacks.rb:81:in `run_callbacks'
    /usr/local/rvm/gems/ruby-1.9.3-p194/gems/activesupport-3.2.8/lib/active_support/testing/setup_and_teardown.rb:35:in `run'

2 tests, 0 assertions, 0 failures, 2 errors, 0 skips
Run options: -n "/^(test_should_create_micropost|test_should_destroy_micropost|test_should_get_edit|test_should_get_index|test_should_get_new|test_should_show_micropost|test_should_update_micropost)$/"

# Running tests:

EEEEEEE

Finished tests in 0.102454s, 68.3231 tests/s, 0.0000 assertions/s.

  1) Error:
test_should_create_micropost(MicropostsControllerTest):
ActiveRecord::StatementInvalid: Could not find table 'users'
    /usr/local/rvm/gems/ruby-1.9.3-p194/gems/activerecord-3.2.8/lib/active_record/connection_adapters/sqlite_adapter.rb:472:in `table_structure'
    /usr/local/rvm/gems/ruby-1.9.3-p194/gems/activerecord-3.2.8/lib/active_record/connection_adapters/sqlite_adapter.rb:346:in `columns'
    /usr/local/rvm/gems/ruby-1.9.3-p194/gems/activerecord-3.2.8/lib/active_record/fixtures.rb:660:in `column_names'
    /usr/local/rvm/gems/ruby-1.9.3-p194/gems/activerecord-3.2.8/lib/active_record/fixtures.rb:652:in `timestamp_column_names'
    /usr/local/rvm/gems/ruby-1.9.3-p194/gems/activerecord-3.2.8/lib/active_record/fixtures.rb:585:in `block in table_rows'
    /usr/local/rvm/gems/ruby-1.9.3-p194/gems/activerecord-3.2.8/lib/active_record/fixtures.rb:579:in `each'
    /usr/local/rvm/gems/ruby-1.9.3-p194/gems/activerecord-3.2.8/lib/active_record/fixtures.rb:579:in `map'
    /usr/local/rvm/gems/ruby-1.9.3-p194/gems/activerecord-3.2.8/lib/active_record/fixtures.rb:579:in `table_rows'
    /usr/local/rvm/gems/ruby-1.9.3-p194/gems/activerecord-3.2.8/lib/active_record/fixtures.rb:494:in `block (3 levels) in create_fixtures'
    /usr/local/rvm/gems/ruby-1.9.3-p194/gems/activerecord-3.2.8/lib/active_record/fixtures.rb:492:in `each'
    /usr/local/rvm/gems/ruby-1.9.3-p194/gems/activerecord-3.2.8/lib/active_record/fixtures.rb:492:in `block (2 levels) in create_fixtures'
    /usr/local/rvm/gems/ruby-1.9.3-p194/gems/activerecord-3.2.8/lib/active_record/connection_adapters/abstract/database_statements.rb:192:in `transaction'
    /usr/local/rvm/gems/ruby-1.9.3-p194/gems/activerecord-3.2.8/lib/active_record/fixtures.rb:491:in `block in create_fixtures'
    /usr/local/rvm/gems/ruby-1.9.3-p194/gems/activerecord-3.2.8/lib/active_record/connection_adapters/abstract_adapter.rb:168:in `disable_referential_integrity'
    /usr/local/rvm/gems/ruby-1.9.3-p194/gems/activerecord-3.2.8/lib/active_record/fixtures.rb:476:in `create_fixtures'
    /usr/local/rvm/gems/ruby-1.9.3-p194/gems/activerecord-3.2.8/lib/active_record/fixtures.rb:895:in `load_fixtures'
    /usr/local/rvm/gems/ruby-1.9.3-p194/gems/activerecord-3.2.8/lib/active_record/fixtures.rb:849:in `setup_fixtures'
    /usr/local/rvm/gems/ruby-1.9.3-p194/gems/activesupport-3.2.8/lib/active_support/callbacks.rb:429:in `_run__524104221__setup__238375131__callbacks'
    /usr/local/rvm/gems/ruby-1.9.3-p194/gems/activesupport-3.2.8/lib/active_support/callbacks.rb:405:in `__run_callback'
    /usr/local/rvm/gems/ruby-1.9.3-p194/gems/activesupport-3.2.8/lib/active_support/callbacks.rb:385:in `_run_setup_callbacks'
    /usr/local/rvm/gems/ruby-1.9.3-p194/gems/activesupport-3.2.8/lib/active_support/callbacks.rb:81:in `run_callbacks'
    /usr/local/rvm/gems/ruby-1.9.3-p194/gems/activesupport-3.2.8/lib/active_support/testing/setup_and_teardown.rb:35:in `run'

  2) Error:
test_should_destroy_micropost(MicropostsControllerTest):
ActiveRecord::StatementInvalid: Could not find table 'users'
    /usr/local/rvm/gems/ruby-1.9.3-p194/gems/activerecord-3.2.8/lib/active_record/connection_adapters/sqlite_adapter.rb:472:in `table_structure'
    /usr/local/rvm/gems/ruby-1.9.3-p194/gems/activerecord-3.2.8/lib/active_record/connection_adapters/sqlite_adapter.rb:346:in `columns'
    /usr/local/rvm/gems/ruby-1.9.3-p194/gems/activerecord-3.2.8/lib/active_record/fixtures.rb:660:in `column_names'
    /usr/local/rvm/gems/ruby-1.9.3-p194/gems/activerecord-3.2.8/lib/active_record/fixtures.rb:652:in `timestamp_column_names'
    /usr/local/rvm/gems/ruby-1.9.3-p194/gems/activerecord-3.2.8/lib/active_record/fixtures.rb:585:in `block in table_rows'
    /usr/local/rvm/gems/ruby-1.9.3-p194/gems/activerecord-3.2.8/lib/active_record/fixtures.rb:579:in `each'
    /usr/local/rvm/gems/ruby-1.9.3-p194/gems/activerecord-3.2.8/lib/active_record/fixtures.rb:579:in `map'
    /usr/local/rvm/gems/ruby-1.9.3-p194/gems/activerecord-3.2.8/lib/active_record/fixtures.rb:579:in `table_rows'
    /usr/local/rvm/gems/ruby-1.9.3-p194/gems/activerecord-3.2.8/lib/active_record/fixtures.rb:494:in `block (3 levels) in create_fixtures'
    /usr/local/rvm/gems/ruby-1.9.3-p194/gems/activerecord-3.2.8/lib/active_record/fixtures.rb:492:in `each'
    /usr/local/rvm/gems/ruby-1.9.3-p194/gems/activerecord-3.2.8/lib/active_record/fixtures.rb:492:in `block (2 levels) in create_fixtures'
    /usr/local/rvm/gems/ruby-1.9.3-p194/gems/activerecord-3.2.8/lib/active_record/connection_adapters/abstract/database_statements.rb:192:in `transaction'
    /usr/local/rvm/gems/ruby-1.9.3-p194/gems/activerecord-3.2.8/lib/active_record/fixtures.rb:491:in `block in create_fixtures'
    /usr/local/rvm/gems/ruby-1.9.3-p194/gems/activerecord-3.2.8/lib/active_record/connection_adapters/abstract_adapter.rb:168:in `disable_referential_integrity'
    /usr/local/rvm/gems/ruby-1.9.3-p194/gems/activerecord-3.2.8/lib/active_record/fixtures.rb:476:in `create_fixtures'
    /usr/local/rvm/gems/ruby-1.9.3-p194/gems/activerecord-3.2.8/lib/active_record/fixtures.rb:895:in `load_fixtures'
    /usr/local/rvm/gems/ruby-1.9.3-p194/gems/activerecord-3.2.8/lib/active_record/fixtures.rb:849:in `setup_fixtures'
    /usr/local/rvm/gems/ruby-1.9.3-p194/gems/activesupport-3.2.8/lib/active_support/callbacks.rb:429:in `_run__524104221__setup__238375131__callbacks'
    /usr/local/rvm/gems/ruby-1.9.3-p194/gems/activesupport-3.2.8/lib/active_support/callbacks.rb:405:in `__run_callback'
    /usr/local/rvm/gems/ruby-1.9.3-p194/gems/activesupport-3.2.8/lib/active_support/callbacks.rb:385:in `_run_setup_callbacks'
    /usr/local/rvm/gems/ruby-1.9.3-p194/gems/activesupport-3.2.8/lib/active_support/callbacks.rb:81:in `run_callbacks'
    /usr/local/rvm/gems/ruby-1.9.3-p194/gems/activesupport-3.2.8/lib/active_support/testing/setup_and_teardown.rb:35:in `run'

  3) Error:
test_should_get_edit(MicropostsControllerTest):
ActiveRecord::StatementInvalid: Could not find table 'users'
    /usr/local/rvm/gems/ruby-1.9.3-p194/gems/activerecord-3.2.8/lib/active_record/connection_adapters/sqlite_adapter.rb:472:in `table_structure'
    /usr/local/rvm/gems/ruby-1.9.3-p194/gems/activerecord-3.2.8/lib/active_record/connection_adapters/sqlite_adapter.rb:346:in `columns'
    /usr/local/rvm/gems/ruby-1.9.3-p194/gems/activerecord-3.2.8/lib/active_record/fixtures.rb:660:in `column_names'
    /usr/local/rvm/gems/ruby-1.9.3-p194/gems/activerecord-3.2.8/lib/active_record/fixtures.rb:652:in `timestamp_column_names'
    /usr/local/rvm/gems/ruby-1.9.3-p194/gems/activerecord-3.2.8/lib/active_record/fixtures.rb:585:in `block in table_rows'
    /usr/local/rvm/gems/ruby-1.9.3-p194/gems/activerecord-3.2.8/lib/active_record/fixtures.rb:579:in `each'
    /usr/local/rvm/gems/ruby-1.9.3-p194/gems/activerecord-3.2.8/lib/active_record/fixtures.rb:579:in `map'
    /usr/local/rvm/gems/ruby-1.9.3-p194/gems/activerecord-3.2.8/lib/active_record/fixtures.rb:579:in `table_rows'
    /usr/local/rvm/gems/ruby-1.9.3-p194/gems/activerecord-3.2.8/lib/active_record/fixtures.rb:494:in `block (3 levels) in create_fixtures'
    /usr/local/rvm/gems/ruby-1.9.3-p194/gems/activerecord-3.2.8/lib/active_record/fixtures.rb:492:in `each'
    /usr/local/rvm/gems/ruby-1.9.3-p194/gems/activerecord-3.2.8/lib/active_record/fixtures.rb:492:in `block (2 levels) in create_fixtures'
    /usr/local/rvm/gems/ruby-1.9.3-p194/gems/activerecord-3.2.8/lib/active_record/connection_adapters/abstract/database_statements.rb:192:in `transaction'
    /usr/local/rvm/gems/ruby-1.9.3-p194/gems/activerecord-3.2.8/lib/active_record/fixtures.rb:491:in `block in create_fixtures'
    /usr/local/rvm/gems/ruby-1.9.3-p194/gems/activerecord-3.2.8/lib/active_record/connection_adapters/abstract_adapter.rb:168:in `disable_referential_integrity'
    /usr/local/rvm/gems/ruby-1.9.3-p194/gems/activerecord-3.2.8/lib/active_record/fixtures.rb:476:in `create_fixtures'
    /usr/local/rvm/gems/ruby-1.9.3-p194/gems/activerecord-3.2.8/lib/active_record/fixtures.rb:895:in `load_fixtures'
    /usr/local/rvm/gems/ruby-1.9.3-p194/gems/activerecord-3.2.8/lib/active_record/fixtures.rb:849:in `setup_fixtures'
    /usr/local/rvm/gems/ruby-1.9.3-p194/gems/activesupport-3.2.8/lib/active_support/callbacks.rb:429:in `_run__524104221__setup__238375131__callbacks'
    /usr/local/rvm/gems/ruby-1.9.3-p194/gems/activesupport-3.2.8/lib/active_support/callbacks.rb:405:in `__run_callback'
    /usr/local/rvm/gems/ruby-1.9.3-p194/gems/activesupport-3.2.8/lib/active_support/callbacks.rb:385:in `_run_setup_callbacks'
    /usr/local/rvm/gems/ruby-1.9.3-p194/gems/activesupport-3.2.8/lib/active_support/callbacks.rb:81:in `run_callbacks'
    /usr/local/rvm/gems/ruby-1.9.3-p194/gems/activesupport-3.2.8/lib/active_support/testing/setup_and_teardown.rb:35:in `run'

  4) Error:
test_should_get_index(MicropostsControllerTest):
ActiveRecord::StatementInvalid: Could not find table 'users'
    /usr/local/rvm/gems/ruby-1.9.3-p194/gems/activerecord-3.2.8/lib/active_record/connection_adapters/sqlite_adapter.rb:472:in `table_structure'
    /usr/local/rvm/gems/ruby-1.9.3-p194/gems/activerecord-3.2.8/lib/active_record/connection_adapters/sqlite_adapter.rb:346:in `columns'
    /usr/local/rvm/gems/ruby-1.9.3-p194/gems/activerecord-3.2.8/lib/active_record/fixtures.rb:660:in `column_names'
    /usr/local/rvm/gems/ruby-1.9.3-p194/gems/activerecord-3.2.8/lib/active_record/fixtures.rb:652:in `timestamp_column_names'
    /usr/local/rvm/gems/ruby-1.9.3-p194/gems/activerecord-3.2.8/lib/active_record/fixtures.rb:585:in `block in table_rows'
    /usr/local/rvm/gems/ruby-1.9.3-p194/gems/activerecord-3.2.8/lib/active_record/fixtures.rb:579:in `each'
    /usr/local/rvm/gems/ruby-1.9.3-p194/gems/activerecord-3.2.8/lib/active_record/fixtures.rb:579:in `map'
    /usr/local/rvm/gems/ruby-1.9.3-p194/gems/activerecord-3.2.8/lib/active_record/fixtures.rb:579:in `table_rows'
    /usr/local/rvm/gems/ruby-1.9.3-p194/gems/activerecord-3.2.8/lib/active_record/fixtures.rb:494:in `block (3 levels) in create_fixtures'
    /usr/local/rvm/gems/ruby-1.9.3-p194/gems/activerecord-3.2.8/lib/active_record/fixtures.rb:492:in `each'
    /usr/local/rvm/gems/ruby-1.9.3-p194/gems/activerecord-3.2.8/lib/active_record/fixtures.rb:492:in `block (2 levels) in create_fixtures'
    /usr/local/rvm/gems/ruby-1.9.3-p194/gems/activerecord-3.2.8/lib/active_record/connection_adapters/abstract/database_statements.rb:192:in `transaction'
    /usr/local/rvm/gems/ruby-1.9.3-p194/gems/activerecord-3.2.8/lib/active_record/fixtures.rb:491:in `block in create_fixtures'
    /usr/local/rvm/gems/ruby-1.9.3-p194/gems/activerecord-3.2.8/lib/active_record/connection_adapters/abstract_adapter.rb:168:in `disable_referential_integrity'
    /usr/local/rvm/gems/ruby-1.9.3-p194/gems/activerecord-3.2.8/lib/active_record/fixtures.rb:476:in `create_fixtures'
    /usr/local/rvm/gems/ruby-1.9.3-p194/gems/activerecord-3.2.8/lib/active_record/fixtures.rb:895:in `load_fixtures'
    /usr/local/rvm/gems/ruby-1.9.3-p194/gems/activerecord-3.2.8/lib/active_record/fixtures.rb:849:in `setup_fixtures'
    /usr/local/rvm/gems/ruby-1.9.3-p194/gems/activesupport-3.2.8/lib/active_support/callbacks.rb:429:in `_run__524104221__setup__238375131__callbacks'
    /usr/local/rvm/gems/ruby-1.9.3-p194/gems/activesupport-3.2.8/lib/active_support/callbacks.rb:405:in `__run_callback'
    /usr/local/rvm/gems/ruby-1.9.3-p194/gems/activesupport-3.2.8/lib/active_support/callbacks.rb:385:in `_run_setup_callbacks'
    /usr/local/rvm/gems/ruby-1.9.3-p194/gems/activesupport-3.2.8/lib/active_support/callbacks.rb:81:in `run_callbacks'
    /usr/local/rvm/gems/ruby-1.9.3-p194/gems/activesupport-3.2.8/lib/active_support/testing/setup_and_teardown.rb:35:in `run'

  5) Error:
test_should_get_new(MicropostsControllerTest):
ActiveRecord::StatementInvalid: Could not find table 'users'
    /usr/local/rvm/gems/ruby-1.9.3-p194/gems/activerecord-3.2.8/lib/active_record/connection_adapters/sqlite_adapter.rb:472:in `table_structure'
    /usr/local/rvm/gems/ruby-1.9.3-p194/gems/activerecord-3.2.8/lib/active_record/connection_adapters/sqlite_adapter.rb:346:in `columns'
    /usr/local/rvm/gems/ruby-1.9.3-p194/gems/activerecord-3.2.8/lib/active_record/fixtures.rb:660:in `column_names'
    /usr/local/rvm/gems/ruby-1.9.3-p194/gems/activerecord-3.2.8/lib/active_record/fixtures.rb:652:in `timestamp_column_names'
    /usr/local/rvm/gems/ruby-1.9.3-p194/gems/activerecord-3.2.8/lib/active_record/fixtures.rb:585:in `block in table_rows'
    /usr/local/rvm/gems/ruby-1.9.3-p194/gems/activerecord-3.2.8/lib/active_record/fixtures.rb:579:in `each'
    /usr/local/rvm/gems/ruby-1.9.3-p194/gems/activerecord-3.2.8/lib/active_record/fixtures.rb:579:in `map'
    /usr/local/rvm/gems/ruby-1.9.3-p194/gems/activerecord-3.2.8/lib/active_record/fixtures.rb:579:in `table_rows'
    /usr/local/rvm/gems/ruby-1.9.3-p194/gems/activerecord-3.2.8/lib/active_record/fixtures.rb:494:in `block (3 levels) in create_fixtures'
    /usr/local/rvm/gems/ruby-1.9.3-p194/gems/activerecord-3.2.8/lib/active_record/fixtures.rb:492:in `each'
    /usr/local/rvm/gems/ruby-1.9.3-p194/gems/activerecord-3.2.8/lib/active_record/fixtures.rb:492:in `block (2 levels) in create_fixtures'
    /usr/local/rvm/gems/ruby-1.9.3-p194/gems/activerecord-3.2.8/lib/active_record/connection_adapters/abstract/database_statements.rb:192:in `transaction'
    /usr/local/rvm/gems/ruby-1.9.3-p194/gems/activerecord-3.2.8/lib/active_record/fixtures.rb:491:in `block in create_fixtures'
    /usr/local/rvm/gems/ruby-1.9.3-p194/gems/activerecord-3.2.8/lib/active_record/connection_adapters/abstract_adapter.rb:168:in `disable_referential_integrity'
    /usr/local/rvm/gems/ruby-1.9.3-p194/gems/activerecord-3.2.8/lib/active_record/fixtures.rb:476:in `create_fixtures'
    /usr/local/rvm/gems/ruby-1.9.3-p194/gems/activerecord-3.2.8/lib/active_record/fixtures.rb:895:in `load_fixtures'
    /usr/local/rvm/gems/ruby-1.9.3-p194/gems/activerecord-3.2.8/lib/active_record/fixtures.rb:849:in `setup_fixtures'
    /usr/local/rvm/gems/ruby-1.9.3-p194/gems/activesupport-3.2.8/lib/active_support/callbacks.rb:429:in `_run__524104221__setup__238375131__callbacks'
    /usr/local/rvm/gems/ruby-1.9.3-p194/gems/activesupport-3.2.8/lib/active_support/callbacks.rb:405:in `__run_callback'
    /usr/local/rvm/gems/ruby-1.9.3-p194/gems/activesupport-3.2.8/lib/active_support/callbacks.rb:385:in `_run_setup_callbacks'
    /usr/local/rvm/gems/ruby-1.9.3-p194/gems/activesupport-3.2.8/lib/active_support/callbacks.rb:81:in `run_callbacks'
    /usr/local/rvm/gems/ruby-1.9.3-p194/gems/activesupport-3.2.8/lib/active_support/testing/setup_and_teardown.rb:35:in `run'

  6) Error:
test_should_show_micropost(MicropostsControllerTest):
ActiveRecord::StatementInvalid: Could not find table 'users'
    /usr/local/rvm/gems/ruby-1.9.3-p194/gems/activerecord-3.2.8/lib/active_record/connection_adapters/sqlite_adapter.rb:472:in `table_structure'
    /usr/local/rvm/gems/ruby-1.9.3-p194/gems/activerecord-3.2.8/lib/active_record/connection_adapters/sqlite_adapter.rb:346:in `columns'
    /usr/local/rvm/gems/ruby-1.9.3-p194/gems/activerecord-3.2.8/lib/active_record/fixtures.rb:660:in `column_names'
    /usr/local/rvm/gems/ruby-1.9.3-p194/gems/activerecord-3.2.8/lib/active_record/fixtures.rb:652:in `timestamp_column_names'
    /usr/local/rvm/gems/ruby-1.9.3-p194/gems/activerecord-3.2.8/lib/active_record/fixtures.rb:585:in `block in table_rows'
    /usr/local/rvm/gems/ruby-1.9.3-p194/gems/activerecord-3.2.8/lib/active_record/fixtures.rb:579:in `each'
    /usr/local/rvm/gems/ruby-1.9.3-p194/gems/activerecord-3.2.8/lib/active_record/fixtures.rb:579:in `map'
    /usr/local/rvm/gems/ruby-1.9.3-p194/gems/activerecord-3.2.8/lib/active_record/fixtures.rb:579:in `table_rows'
    /usr/local/rvm/gems/ruby-1.9.3-p194/gems/activerecord-3.2.8/lib/active_record/fixtures.rb:494:in `block (3 levels) in create_fixtures'
    /usr/local/rvm/gems/ruby-1.9.3-p194/gems/activerecord-3.2.8/lib/active_record/fixtures.rb:492:in `each'
    /usr/local/rvm/gems/ruby-1.9.3-p194/gems/activerecord-3.2.8/lib/active_record/fixtures.rb:492:in `block (2 levels) in create_fixtures'
    /usr/local/rvm/gems/ruby-1.9.3-p194/gems/activerecord-3.2.8/lib/active_record/connection_adapters/abstract/database_statements.rb:192:in `transaction'
    /usr/local/rvm/gems/ruby-1.9.3-p194/gems/activerecord-3.2.8/lib/active_record/fixtures.rb:491:in `block in create_fixtures'
    /usr/local/rvm/gems/ruby-1.9.3-p194/gems/activerecord-3.2.8/lib/active_record/connection_adapters/abstract_adapter.rb:168:in `disable_referential_integrity'
    /usr/local/rvm/gems/ruby-1.9.3-p194/gems/activerecord-3.2.8/lib/active_record/fixtures.rb:476:in `create_fixtures'
    /usr/local/rvm/gems/ruby-1.9.3-p194/gems/activerecord-3.2.8/lib/active_record/fixtures.rb:895:in `load_fixtures'
    /usr/local/rvm/gems/ruby-1.9.3-p194/gems/activerecord-3.2.8/lib/active_record/fixtures.rb:849:in `setup_fixtures'
    /usr/local/rvm/gems/ruby-1.9.3-p194/gems/activesupport-3.2.8/lib/active_support/callbacks.rb:429:in `_run__524104221__setup__238375131__callbacks'
    /usr/local/rvm/gems/ruby-1.9.3-p194/gems/activesupport-3.2.8/lib/active_support/callbacks.rb:405:in `__run_callback'
    /usr/local/rvm/gems/ruby-1.9.3-p194/gems/activesupport-3.2.8/lib/active_support/callbacks.rb:385:in `_run_setup_callbacks'
    /usr/local/rvm/gems/ruby-1.9.3-p194/gems/activesupport-3.2.8/lib/active_support/callbacks.rb:81:in `run_callbacks'
    /usr/local/rvm/gems/ruby-1.9.3-p194/gems/activesupport-3.2.8/lib/active_support/testing/setup_and_teardown.rb:35:in `run'

  7) Error:
test_should_update_micropost(MicropostsControllerTest):
ActiveRecord::StatementInvalid: Could not find table 'users'
    /usr/local/rvm/gems/ruby-1.9.3-p194/gems/activerecord-3.2.8/lib/active_record/connection_adapters/sqlite_adapter.rb:472:in `table_structure'
    /usr/local/rvm/gems/ruby-1.9.3-p194/gems/activerecord-3.2.8/lib/active_record/connection_adapters/sqlite_adapter.rb:346:in `columns'
    /usr/local/rvm/gems/ruby-1.9.3-p194/gems/activerecord-3.2.8/lib/active_record/fixtures.rb:660:in `column_names'
    /usr/local/rvm/gems/ruby-1.9.3-p194/gems/activerecord-3.2.8/lib/active_record/fixtures.rb:652:in `timestamp_column_names'
    /usr/local/rvm/gems/ruby-1.9.3-p194/gems/activerecord-3.2.8/lib/active_record/fixtures.rb:585:in `block in table_rows'
    /usr/local/rvm/gems/ruby-1.9.3-p194/gems/activerecord-3.2.8/lib/active_record/fixtures.rb:579:in `each'
    /usr/local/rvm/gems/ruby-1.9.3-p194/gems/activerecord-3.2.8/lib/active_record/fixtures.rb:579:in `map'
    /usr/local/rvm/gems/ruby-1.9.3-p194/gems/activerecord-3.2.8/lib/active_record/fixtures.rb:579:in `table_rows'
    /usr/local/rvm/gems/ruby-1.9.3-p194/gems/activerecord-3.2.8/lib/active_record/fixtures.rb:494:in `block (3 levels) in create_fixtures'
    /usr/local/rvm/gems/ruby-1.9.3-p194/gems/activerecord-3.2.8/lib/active_record/fixtures.rb:492:in `each'
    /usr/local/rvm/gems/ruby-1.9.3-p194/gems/activerecord-3.2.8/lib/active_record/fixtures.rb:492:in `block (2 levels) in create_fixtures'
    /usr/local/rvm/gems/ruby-1.9.3-p194/gems/activerecord-3.2.8/lib/active_record/connection_adapters/abstract/database_statements.rb:192:in `transaction'
    /usr/local/rvm/gems/ruby-1.9.3-p194/gems/activerecord-3.2.8/lib/active_record/fixtures.rb:491:in `block in create_fixtures'
    /usr/local/rvm/gems/ruby-1.9.3-p194/gems/activerecord-3.2.8/lib/active_record/connection_adapters/abstract_adapter.rb:168:in `disable_referential_integrity'
    /usr/local/rvm/gems/ruby-1.9.3-p194/gems/activerecord-3.2.8/lib/active_record/fixtures.rb:476:in `create_fixtures'
    /usr/local/rvm/gems/ruby-1.9.3-p194/gems/activerecord-3.2.8/lib/active_record/fixtures.rb:895:in `load_fixtures'
    /usr/local/rvm/gems/ruby-1.9.3-p194/gems/activerecord-3.2.8/lib/active_record/fixtures.rb:849:in `setup_fixtures'
    /usr/local/rvm/gems/ruby-1.9.3-p194/gems/activesupport-3.2.8/lib/active_support/callbacks.rb:429:in `_run__524104221__setup__238375131__callbacks'
    /usr/local/rvm/gems/ruby-1.9.3-p194/gems/activesupport-3.2.8/lib/active_support/callbacks.rb:405:in `__run_callback'
    /usr/local/rvm/gems/ruby-1.9.3-p194/gems/activesupport-3.2.8/lib/active_support/callbacks.rb:385:in `_run_setup_callbacks'
    /usr/local/rvm/gems/ruby-1.9.3-p194/gems/activesupport-3.2.8/lib/active_support/callbacks.rb:81:in `run_callbacks'
    /usr/local/rvm/gems/ruby-1.9.3-p194/gems/activesupport-3.2.8/lib/active_support/testing/setup_and_teardown.rb:35:in `run'

7 tests, 0 assertions, 0 failures, 7 errors, 0 skips
/usr/local/rvm/rubies/ruby-1.9.3-p194/bin/ruby -I.:lib:test -rubygems test/functional/pages_controller_test.rb -n "/^(test_should_get_contact|test_should_get_home)$/"; /usr/local/rvm/rubies/ruby-1.9.3-p194/bin/ruby -I.:lib:test -rubygems test/functional/users_controller_test.rb -n "/^(test_should_create_user|test_should_destroy_user|test_should_get_edit|test_should_get_index|test_should_get_new|test_should_show_user|test_should_update_user)$/"; /usr/local/rvm/rubies/ruby-1.9.3-p194/bin/ruby -I.:lib:test -rubygems test/functional/microposts_controller_test.rb -n "/^(test_should_create_micropost|test_should_destroy_micropost|test_should_get_edit|test_should_get_index|test_should_get_new|test_should_show_micropost|test_should_update_micropost)$/"
Run options: -n "/^(test_should_get_contact|test_should_get_home)$/"

# Running tests:

EE

Finished tests in 0.046142s, 43.3448 tests/s, 0.0000 assertions/s.

  1) Error:
test_should_get_contact(PagesControllerTest):
ActiveRecord::StatementInvalid: Could not find table 'users'
    /usr/local/rvm/gems/ruby-1.9.3-p194/gems/activerecord-3.2.8/lib/active_record/connection_adapters/sqlite_adapter.rb:472:in `table_structure'
    /usr/local/rvm/gems/ruby-1.9.3-p194/gems/activerecord-3.2.8/lib/active_record/connection_adapters/sqlite_adapter.rb:346:in `columns'
    /usr/local/rvm/gems/ruby-1.9.3-p194/gems/activerecord-3.2.8/lib/active_record/fixtures.rb:660:in `column_names'
    /usr/local/rvm/gems/ruby-1.9.3-p194/gems/activerecord-3.2.8/lib/active_record/fixtures.rb:652:in `timestamp_column_names'
    /usr/local/rvm/gems/ruby-1.9.3-p194/gems/activerecord-3.2.8/lib/active_record/fixtures.rb:585:in `block in table_rows'
    /usr/local/rvm/gems/ruby-1.9.3-p194/gems/activerecord-3.2.8/lib/active_record/fixtures.rb:579:in `each'
    /usr/local/rvm/gems/ruby-1.9.3-p194/gems/activerecord-3.2.8/lib/active_record/fixtures.rb:579:in `map'
    /usr/local/rvm/gems/ruby-1.9.3-p194/gems/activerecord-3.2.8/lib/active_record/fixtures.rb:579:in `table_rows'
    /usr/local/rvm/gems/ruby-1.9.3-p194/gems/activerecord-3.2.8/lib/active_record/fixtures.rb:494:in `block (3 levels) in create_fixtures'
    /usr/local/rvm/gems/ruby-1.9.3-p194/gems/activerecord-3.2.8/lib/active_record/fixtures.rb:492:in `each'
    /usr/local/rvm/gems/ruby-1.9.3-p194/gems/activerecord-3.2.8/lib/active_record/fixtures.rb:492:in `block (2 levels) in create_fixtures'
    /usr/local/rvm/gems/ruby-1.9.3-p194/gems/activerecord-3.2.8/lib/active_record/connection_adapters/abstract/database_statements.rb:192:in `transaction'
    /usr/local/rvm/gems/ruby-1.9.3-p194/gems/activerecord-3.2.8/lib/active_record/fixtures.rb:491:in `block in create_fixtures'
    /usr/local/rvm/gems/ruby-1.9.3-p194/gems/activerecord-3.2.8/lib/active_record/connection_adapters/abstract_adapter.rb:168:in `disable_referential_integrity'
    /usr/local/rvm/gems/ruby-1.9.3-p194/gems/activerecord-3.2.8/lib/active_record/fixtures.rb:476:in `create_fixtures'
    /usr/local/rvm/gems/ruby-1.9.3-p194/gems/activerecord-3.2.8/lib/active_record/fixtures.rb:895:in `load_fixtures'
    /usr/local/rvm/gems/ruby-1.9.3-p194/gems/activerecord-3.2.8/lib/active_record/fixtures.rb:849:in `setup_fixtures'
    /usr/local/rvm/gems/ruby-1.9.3-p194/gems/activesupport-3.2.8/lib/active_support/callbacks.rb:429:in `_run__292841026__setup__465456912__callbacks'
    /usr/local/rvm/gems/ruby-1.9.3-p194/gems/activesupport-3.2.8/lib/active_support/callbacks.rb:405:in `__run_callback'
    /usr/local/rvm/gems/ruby-1.9.3-p194/gems/activesupport-3.2.8/lib/active_support/callbacks.rb:385:in `_run_setup_callbacks'
    /usr/local/rvm/gems/ruby-1.9.3-p194/gems/activesupport-3.2.8/lib/active_support/callbacks.rb:81:in `run_callbacks'
    /usr/local/rvm/gems/ruby-1.9.3-p194/gems/activesupport-3.2.8/lib/active_support/testing/setup_and_teardown.rb:35:in `run'

  2) Error:
test_should_get_home(PagesControllerTest):
ActiveRecord::StatementInvalid: Could not find table 'users'
    /usr/local/rvm/gems/ruby-1.9.3-p194/gems/activerecord-3.2.8/lib/active_record/connection_adapters/sqlite_adapter.rb:472:in `table_structure'
    /usr/local/rvm/gems/ruby-1.9.3-p194/gems/activerecord-3.2.8/lib/active_record/connection_adapters/sqlite_adapter.rb:346:in `columns'
    /usr/local/rvm/gems/ruby-1.9.3-p194/gems/activerecord-3.2.8/lib/active_record/fixtures.rb:660:in `column_names'
    /usr/local/rvm/gems/ruby-1.9.3-p194/gems/activerecord-3.2.8/lib/active_record/fixtures.rb:652:in `timestamp_column_names'
    /usr/local/rvm/gems/ruby-1.9.3-p194/gems/activerecord-3.2.8/lib/active_record/fixtures.rb:585:in `block in table_rows'
    /usr/local/rvm/gems/ruby-1.9.3-p194/gems/activerecord-3.2.8/lib/active_record/fixtures.rb:579:in `each'
    /usr/local/rvm/gems/ruby-1.9.3-p194/gems/activerecord-3.2.8/lib/active_record/fixtures.rb:579:in `map'
    /usr/local/rvm/gems/ruby-1.9.3-p194/gems/activerecord-3.2.8/lib/active_record/fixtures.rb:579:in `table_rows'
    /usr/local/rvm/gems/ruby-1.9.3-p194/gems/activerecord-3.2.8/lib/active_record/fixtures.rb:494:in `block (3 levels) in create_fixtures'
    /usr/local/rvm/gems/ruby-1.9.3-p194/gems/activerecord-3.2.8/lib/active_record/fixtures.rb:492:in `each'
    /usr/local/rvm/gems/ruby-1.9.3-p194/gems/activerecord-3.2.8/lib/active_record/fixtures.rb:492:in `block (2 levels) in create_fixtures'
    /usr/local/rvm/gems/ruby-1.9.3-p194/gems/activerecord-3.2.8/lib/active_record/connection_adapters/abstract/database_statements.rb:192:in `transaction'
    /usr/local/rvm/gems/ruby-1.9.3-p194/gems/activerecord-3.2.8/lib/active_record/fixtures.rb:491:in `block in create_fixtures'
    /usr/local/rvm/gems/ruby-1.9.3-p194/gems/activerecord-3.2.8/lib/active_record/connection_adapters/abstract_adapter.rb:168:in `disable_referential_integrity'
    /usr/local/rvm/gems/ruby-1.9.3-p194/gems/activerecord-3.2.8/lib/active_record/fixtures.rb:476:in `create_fixtures'
    /usr/local/rvm/gems/ruby-1.9.3-p194/gems/activerecord-3.2.8/lib/active_record/fixtures.rb:895:in `load_fixtures'
    /usr/local/rvm/gems/ruby-1.9.3-p194/gems/activerecord-3.2.8/lib/active_record/fixtures.rb:849:in `setup_fixtures'
    /usr/local/rvm/gems/ruby-1.9.3-p194/gems/activesupport-3.2.8/lib/active_support/callbacks.rb:429:in `_run__292841026__setup__465456912__callbacks'
    /usr/local/rvm/gems/ruby-1.9.3-p194/gems/activesupport-3.2.8/lib/active_support/callbacks.rb:405:in `__run_callback'
    /usr/local/rvm/gems/ruby-1.9.3-p194/gems/activesupport-3.2.8/lib/active_support/callbacks.rb:385:in `_run_setup_callbacks'
    /usr/local/rvm/gems/ruby-1.9.3-p194/gems/activesupport-3.2.8/lib/active_support/callbacks.rb:81:in `run_callbacks'
    /usr/local/rvm/gems/ruby-1.9.3-p194/gems/activesupport-3.2.8/lib/active_support/testing/setup_and_teardown.rb:35:in `run'

2 tests, 0 assertions, 0 failures, 2 errors, 0 skips
Run options: -n "/^(test_should_create_user|test_should_destroy_user|test_should_get_edit|test_should_get_index|test_should_get_new|test_should_show_user|test_should_update_user)$/"

# Running tests:

EEEEEEE

Finished tests in 0.108607s, 64.4528 tests/s, 0.0000 assertions/s.

  1) Error:
test_should_create_user(UsersControllerTest):
ActiveRecord::StatementInvalid: Could not find table 'users'
    /usr/local/rvm/gems/ruby-1.9.3-p194/gems/activerecord-3.2.8/lib/active_record/connection_adapters/sqlite_adapter.rb:472:in `table_structure'
    /usr/local/rvm/gems/ruby-1.9.3-p194/gems/activerecord-3.2.8/lib/active_record/connection_adapters/sqlite_adapter.rb:346:in `columns'
    /usr/local/rvm/gems/ruby-1.9.3-p194/gems/activerecord-3.2.8/lib/active_record/fixtures.rb:660:in `column_names'
    /usr/local/rvm/gems/ruby-1.9.3-p194/gems/activerecord-3.2.8/lib/active_record/fixtures.rb:652:in `timestamp_column_names'
    /usr/local/rvm/gems/ruby-1.9.3-p194/gems/activerecord-3.2.8/lib/active_record/fixtures.rb:585:in `block in table_rows'
    /usr/local/rvm/gems/ruby-1.9.3-p194/gems/activerecord-3.2.8/lib/active_record/fixtures.rb:579:in `each'
    /usr/local/rvm/gems/ruby-1.9.3-p194/gems/activerecord-3.2.8/lib/active_record/fixtures.rb:579:in `map'
    /usr/local/rvm/gems/ruby-1.9.3-p194/gems/activerecord-3.2.8/lib/active_record/fixtures.rb:579:in `table_rows'
    /usr/local/rvm/gems/ruby-1.9.3-p194/gems/activerecord-3.2.8/lib/active_record/fixtures.rb:494:in `block (3 levels) in create_fixtures'
    /usr/local/rvm/gems/ruby-1.9.3-p194/gems/activerecord-3.2.8/lib/active_record/fixtures.rb:492:in `each'
    /usr/local/rvm/gems/ruby-1.9.3-p194/gems/activerecord-3.2.8/lib/active_record/fixtures.rb:492:in `block (2 levels) in create_fixtures'
    /usr/local/rvm/gems/ruby-1.9.3-p194/gems/activerecord-3.2.8/lib/active_record/connection_adapters/abstract/database_statements.rb:192:in `transaction'
    /usr/local/rvm/gems/ruby-1.9.3-p194/gems/activerecord-3.2.8/lib/active_record/fixtures.rb:491:in `block in create_fixtures'
    /usr/local/rvm/gems/ruby-1.9.3-p194/gems/activerecord-3.2.8/lib/active_record/connection_adapters/abstract_adapter.rb:168:in `disable_referential_integrity'
    /usr/local/rvm/gems/ruby-1.9.3-p194/gems/activerecord-3.2.8/lib/active_record/fixtures.rb:476:in `create_fixtures'
    /usr/local/rvm/gems/ruby-1.9.3-p194/gems/activerecord-3.2.8/lib/active_record/fixtures.rb:895:in `load_fixtures'
    /usr/local/rvm/gems/ruby-1.9.3-p194/gems/activerecord-3.2.8/lib/active_record/fixtures.rb:849:in `setup_fixtures'
    /usr/local/rvm/gems/ruby-1.9.3-p194/gems/activesupport-3.2.8/lib/active_support/callbacks.rb:429:in `_run__116277170__setup__873864277__callbacks'
    /usr/local/rvm/gems/ruby-1.9.3-p194/gems/activesupport-3.2.8/lib/active_support/callbacks.rb:405:in `__run_callback'
    /usr/local/rvm/gems/ruby-1.9.3-p194/gems/activesupport-3.2.8/lib/active_support/callbacks.rb:385:in `_run_setup_callbacks'
    /usr/local/rvm/gems/ruby-1.9.3-p194/gems/activesupport-3.2.8/lib/active_support/callbacks.rb:81:in `run_callbacks'
    /usr/local/rvm/gems/ruby-1.9.3-p194/gems/activesupport-3.2.8/lib/active_support/testing/setup_and_teardown.rb:35:in `run'

  2) Error:
test_should_destroy_user(UsersControllerTest):
ActiveRecord::StatementInvalid: Could not find table 'users'
    /usr/local/rvm/gems/ruby-1.9.3-p194/gems/activerecord-3.2.8/lib/active_record/connection_adapters/sqlite_adapter.rb:472:in `table_structure'
    /usr/local/rvm/gems/ruby-1.9.3-p194/gems/activerecord-3.2.8/lib/active_record/connection_adapters/sqlite_adapter.rb:346:in `columns'
    /usr/local/rvm/gems/ruby-1.9.3-p194/gems/activerecord-3.2.8/lib/active_record/fixtures.rb:660:in `column_names'
    /usr/local/rvm/gems/ruby-1.9.3-p194/gems/activerecord-3.2.8/lib/active_record/fixtures.rb:652:in `timestamp_column_names'
    /usr/local/rvm/gems/ruby-1.9.3-p194/gems/activerecord-3.2.8/lib/active_record/fixtures.rb:585:in `block in table_rows'
    /usr/local/rvm/gems/ruby-1.9.3-p194/gems/activerecord-3.2.8/lib/active_record/fixtures.rb:579:in `each'
    /usr/local/rvm/gems/ruby-1.9.3-p194/gems/activerecord-3.2.8/lib/active_record/fixtures.rb:579:in `map'
    /usr/local/rvm/gems/ruby-1.9.3-p194/gems/activerecord-3.2.8/lib/active_record/fixtures.rb:579:in `table_rows'
    /usr/local/rvm/gems/ruby-1.9.3-p194/gems/activerecord-3.2.8/lib/active_record/fixtures.rb:494:in `block (3 levels) in create_fixtures'
    /usr/local/rvm/gems/ruby-1.9.3-p194/gems/activerecord-3.2.8/lib/active_record/fixtures.rb:492:in `each'
    /usr/local/rvm/gems/ruby-1.9.3-p194/gems/activerecord-3.2.8/lib/active_record/fixtures.rb:492:in `block (2 levels) in create_fixtures'
    /usr/local/rvm/gems/ruby-1.9.3-p194/gems/activerecord-3.2.8/lib/active_record/connection_adapters/abstract/database_statements.rb:192:in `transaction'
    /usr/local/rvm/gems/ruby-1.9.3-p194/gems/activerecord-3.2.8/lib/active_record/fixtures.rb:491:in `block in create_fixtures'
    /usr/local/rvm/gems/ruby-1.9.3-p194/gems/activerecord-3.2.8/lib/active_record/connection_adapters/abstract_adapter.rb:168:in `disable_referential_integrity'
    /usr/local/rvm/gems/ruby-1.9.3-p194/gems/activerecord-3.2.8/lib/active_record/fixtures.rb:476:in `create_fixtures'
    /usr/local/rvm/gems/ruby-1.9.3-p194/gems/activerecord-3.2.8/lib/active_record/fixtures.rb:895:in `load_fixtures'
    /usr/local/rvm/gems/ruby-1.9.3-p194/gems/activerecord-3.2.8/lib/active_record/fixtures.rb:849:in `setup_fixtures'
    /usr/local/rvm/gems/ruby-1.9.3-p194/gems/activesupport-3.2.8/lib/active_support/callbacks.rb:429:in `_run__116277170__setup__873864277__callbacks'
    /usr/local/rvm/gems/ruby-1.9.3-p194/gems/activesupport-3.2.8/lib/active_support/callbacks.rb:405:in `__run_callback'
    /usr/local/rvm/gems/ruby-1.9.3-p194/gems/activesupport-3.2.8/lib/active_support/callbacks.rb:385:in `_run_setup_callbacks'
    /usr/local/rvm/gems/ruby-1.9.3-p194/gems/activesupport-3.2.8/lib/active_support/callbacks.rb:81:in `run_callbacks'
    /usr/local/rvm/gems/ruby-1.9.3-p194/gems/activesupport-3.2.8/lib/active_support/testing/setup_and_teardown.rb:35:in `run'

  3) Error:
test_should_get_edit(UsersControllerTest):
ActiveRecord::StatementInvalid: Could not find table 'users'
    /usr/local/rvm/gems/ruby-1.9.3-p194/gems/activerecord-3.2.8/lib/active_record/connection_adapters/sqlite_adapter.rb:472:in `table_structure'
    /usr/local/rvm/gems/ruby-1.9.3-p194/gems/activerecord-3.2.8/lib/active_record/connection_adapters/sqlite_adapter.rb:346:in `columns'
    /usr/local/rvm/gems/ruby-1.9.3-p194/gems/activerecord-3.2.8/lib/active_record/fixtures.rb:660:in `column_names'
    /usr/local/rvm/gems/ruby-1.9.3-p194/gems/activerecord-3.2.8/lib/active_record/fixtures.rb:652:in `timestamp_column_names'
    /usr/local/rvm/gems/ruby-1.9.3-p194/gems/activerecord-3.2.8/lib/active_record/fixtures.rb:585:in `block in table_rows'
    /usr/local/rvm/gems/ruby-1.9.3-p194/gems/activerecord-3.2.8/lib/active_record/fixtures.rb:579:in `each'
    /usr/local/rvm/gems/ruby-1.9.3-p194/gems/activerecord-3.2.8/lib/active_record/fixtures.rb:579:in `map'
    /usr/local/rvm/gems/ruby-1.9.3-p194/gems/activerecord-3.2.8/lib/active_record/fixtures.rb:579:in `table_rows'
    /usr/local/rvm/gems/ruby-1.9.3-p194/gems/activerecord-3.2.8/lib/active_record/fixtures.rb:494:in `block (3 levels) in create_fixtures'
    /usr/local/rvm/gems/ruby-1.9.3-p194/gems/activerecord-3.2.8/lib/active_record/fixtures.rb:492:in `each'
    /usr/local/rvm/gems/ruby-1.9.3-p194/gems/activerecord-3.2.8/lib/active_record/fixtures.rb:492:in `block (2 levels) in create_fixtures'
    /usr/local/rvm/gems/ruby-1.9.3-p194/gems/activerecord-3.2.8/lib/active_record/connection_adapters/abstract/database_statements.rb:192:in `transaction'
    /usr/local/rvm/gems/ruby-1.9.3-p194/gems/activerecord-3.2.8/lib/active_record/fixtures.rb:491:in `block in create_fixtures'
    /usr/local/rvm/gems/ruby-1.9.3-p194/gems/activerecord-3.2.8/lib/active_record/connection_adapters/abstract_adapter.rb:168:in `disable_referential_integrity'
    /usr/local/rvm/gems/ruby-1.9.3-p194/gems/activerecord-3.2.8/lib/active_record/fixtures.rb:476:in `create_fixtures'
    /usr/local/rvm/gems/ruby-1.9.3-p194/gems/activerecord-3.2.8/lib/active_record/fixtures.rb:895:in `load_fixtures'
    /usr/local/rvm/gems/ruby-1.9.3-p194/gems/activerecord-3.2.8/lib/active_record/fixtures.rb:849:in `setup_fixtures'
    /usr/local/rvm/gems/ruby-1.9.3-p194/gems/activesupport-3.2.8/lib/active_support/callbacks.rb:429:in `_run__116277170__setup__873864277__callbacks'
    /usr/local/rvm/gems/ruby-1.9.3-p194/gems/activesupport-3.2.8/lib/active_support/callbacks.rb:405:in `__run_callback'
    /usr/local/rvm/gems/ruby-1.9.3-p194/gems/activesupport-3.2.8/lib/active_support/callbacks.rb:385:in `_run_setup_callbacks'
    /usr/local/rvm/gems/ruby-1.9.3-p194/gems/activesupport-3.2.8/lib/active_support/callbacks.rb:81:in `run_callbacks'
    /usr/local/rvm/gems/ruby-1.9.3-p194/gems/activesupport-3.2.8/lib/active_support/testing/setup_and_teardown.rb:35:in `run'

  4) Error:
test_should_get_index(UsersControllerTest):
ActiveRecord::StatementInvalid: Could not find table 'users'
    /usr/local/rvm/gems/ruby-1.9.3-p194/gems/activerecord-3.2.8/lib/active_record/connection_adapters/sqlite_adapter.rb:472:in `table_structure'
    /usr/local/rvm/gems/ruby-1.9.3-p194/gems/activerecord-3.2.8/lib/active_record/connection_adapters/sqlite_adapter.rb:346:in `columns'
    /usr/local/rvm/gems/ruby-1.9.3-p194/gems/activerecord-3.2.8/lib/active_record/fixtures.rb:660:in `column_names'
    /usr/local/rvm/gems/ruby-1.9.3-p194/gems/activerecord-3.2.8/lib/active_record/fixtures.rb:652:in `timestamp_column_names'
    /usr/local/rvm/gems/ruby-1.9.3-p194/gems/activerecord-3.2.8/lib/active_record/fixtures.rb:585:in `block in table_rows'
    /usr/local/rvm/gems/ruby-1.9.3-p194/gems/activerecord-3.2.8/lib/active_record/fixtures.rb:579:in `each'
    /usr/local/rvm/gems/ruby-1.9.3-p194/gems/activerecord-3.2.8/lib/active_record/fixtures.rb:579:in `map'
    /usr/local/rvm/gems/ruby-1.9.3-p194/gems/activerecord-3.2.8/lib/active_record/fixtures.rb:579:in `table_rows'
    /usr/local/rvm/gems/ruby-1.9.3-p194/gems/activerecord-3.2.8/lib/active_record/fixtures.rb:494:in `block (3 levels) in create_fixtures'
    /usr/local/rvm/gems/ruby-1.9.3-p194/gems/activerecord-3.2.8/lib/active_record/fixtures.rb:492:in `each'
    /usr/local/rvm/gems/ruby-1.9.3-p194/gems/activerecord-3.2.8/lib/active_record/fixtures.rb:492:in `block (2 levels) in create_fixtures'
    /usr/local/rvm/gems/ruby-1.9.3-p194/gems/activerecord-3.2.8/lib/active_record/connection_adapters/abstract/database_statements.rb:192:in `transaction'
    /usr/local/rvm/gems/ruby-1.9.3-p194/gems/activerecord-3.2.8/lib/active_record/fixtures.rb:491:in `block in create_fixtures'
    /usr/local/rvm/gems/ruby-1.9.3-p194/gems/activerecord-3.2.8/lib/active_record/connection_adapters/abstract_adapter.rb:168:in `disable_referential_integrity'
    /usr/local/rvm/gems/ruby-1.9.3-p194/gems/activerecord-3.2.8/lib/active_record/fixtures.rb:476:in `create_fixtures'
    /usr/local/rvm/gems/ruby-1.9.3-p194/gems/activerecord-3.2.8/lib/active_record/fixtures.rb:895:in `load_fixtures'
    /usr/local/rvm/gems/ruby-1.9.3-p194/gems/activerecord-3.2.8/lib/active_record/fixtures.rb:849:in `setup_fixtures'
    /usr/local/rvm/gems/ruby-1.9.3-p194/gems/activesupport-3.2.8/lib/active_support/callbacks.rb:429:in `_run__116277170__setup__873864277__callbacks'
    /usr/local/rvm/gems/ruby-1.9.3-p194/gems/activesupport-3.2.8/lib/active_support/callbacks.rb:405:in `__run_callback'
    /usr/local/rvm/gems/ruby-1.9.3-p194/gems/activesupport-3.2.8/lib/active_support/callbacks.rb:385:in `_run_setup_callbacks'
    /usr/local/rvm/gems/ruby-1.9.3-p194/gems/activesupport-3.2.8/lib/active_support/callbacks.rb:81:in `run_callbacks'
    /usr/local/rvm/gems/ruby-1.9.3-p194/gems/activesupport-3.2.8/lib/active_support/testing/setup_and_teardown.rb:35:in `run'

  5) Error:
test_should_get_new(UsersControllerTest):
ActiveRecord::StatementInvalid: Could not find table 'users'
    /usr/local/rvm/gems/ruby-1.9.3-p194/gems/activerecord-3.2.8/lib/active_record/connection_adapters/sqlite_adapter.rb:472:in `table_structure'
    /usr/local/rvm/gems/ruby-1.9.3-p194/gems/activerecord-3.2.8/lib/active_record/connection_adapters/sqlite_adapter.rb:346:in `columns'
    /usr/local/rvm/gems/ruby-1.9.3-p194/gems/activerecord-3.2.8/lib/active_record/fixtures.rb:660:in `column_names'
    /usr/local/rvm/gems/ruby-1.9.3-p194/gems/activerecord-3.2.8/lib/active_record/fixtures.rb:652:in `timestamp_column_names'
    /usr/local/rvm/gems/ruby-1.9.3-p194/gems/activerecord-3.2.8/lib/active_record/fixtures.rb:585:in `block in table_rows'
    /usr/local/rvm/gems/ruby-1.9.3-p194/gems/activerecord-3.2.8/lib/active_record/fixtures.rb:579:in `each'
    /usr/local/rvm/gems/ruby-1.9.3-p194/gems/activerecord-3.2.8/lib/active_record/fixtures.rb:579:in `map'
    /usr/local/rvm/gems/ruby-1.9.3-p194/gems/activerecord-3.2.8/lib/active_record/fixtures.rb:579:in `table_rows'
    /usr/local/rvm/gems/ruby-1.9.3-p194/gems/activerecord-3.2.8/lib/active_record/fixtures.rb:494:in `block (3 levels) in create_fixtures'
    /usr/local/rvm/gems/ruby-1.9.3-p194/gems/activerecord-3.2.8/lib/active_record/fixtures.rb:492:in `each'
    /usr/local/rvm/gems/ruby-1.9.3-p194/gems/activerecord-3.2.8/lib/active_record/fixtures.rb:492:in `block (2 levels) in create_fixtures'
    /usr/local/rvm/gems/ruby-1.9.3-p194/gems/activerecord-3.2.8/lib/active_record/connection_adapters/abstract/database_statements.rb:192:in `transaction'
    /usr/local/rvm/gems/ruby-1.9.3-p194/gems/activerecord-3.2.8/lib/active_record/fixtures.rb:491:in `block in create_fixtures'
    /usr/local/rvm/gems/ruby-1.9.3-p194/gems/activerecord-3.2.8/lib/active_record/connection_adapters/abstract_adapter.rb:168:in `disable_referential_integrity'
    /usr/local/rvm/gems/ruby-1.9.3-p194/gems/activerecord-3.2.8/lib/active_record/fixtures.rb:476:in `create_fixtures'
    /usr/local/rvm/gems/ruby-1.9.3-p194/gems/activerecord-3.2.8/lib/active_record/fixtures.rb:895:in `load_fixtures'
    /usr/local/rvm/gems/ruby-1.9.3-p194/gems/activerecord-3.2.8/lib/active_record/fixtures.rb:849:in `setup_fixtures'
    /usr/local/rvm/gems/ruby-1.9.3-p194/gems/activesupport-3.2.8/lib/active_support/callbacks.rb:429:in `_run__116277170__setup__873864277__callbacks'
    /usr/local/rvm/gems/ruby-1.9.3-p194/gems/activesupport-3.2.8/lib/active_support/callbacks.rb:405:in `__run_callback'
    /usr/local/rvm/gems/ruby-1.9.3-p194/gems/activesupport-3.2.8/lib/active_support/callbacks.rb:385:in `_run_setup_callbacks'
    /usr/local/rvm/gems/ruby-1.9.3-p194/gems/activesupport-3.2.8/lib/active_support/callbacks.rb:81:in `run_callbacks'
    /usr/local/rvm/gems/ruby-1.9.3-p194/gems/activesupport-3.2.8/lib/active_support/testing/setup_and_teardown.rb:35:in `run'

  6) Error:
test_should_show_user(UsersControllerTest):
ActiveRecord::StatementInvalid: Could not find table 'users'
    /usr/local/rvm/gems/ruby-1.9.3-p194/gems/activerecord-3.2.8/lib/active_record/connection_adapters/sqlite_adapter.rb:472:in `table_structure'
    /usr/local/rvm/gems/ruby-1.9.3-p194/gems/activerecord-3.2.8/lib/active_record/connection_adapters/sqlite_adapter.rb:346:in `columns'
    /usr/local/rvm/gems/ruby-1.9.3-p194/gems/activerecord-3.2.8/lib/active_record/fixtures.rb:660:in `column_names'
    /usr/local/rvm/gems/ruby-1.9.3-p194/gems/activerecord-3.2.8/lib/active_record/fixtures.rb:652:in `timestamp_column_names'
    /usr/local/rvm/gems/ruby-1.9.3-p194/gems/activerecord-3.2.8/lib/active_record/fixtures.rb:585:in `block in table_rows'
    /usr/local/rvm/gems/ruby-1.9.3-p194/gems/activerecord-3.2.8/lib/active_record/fixtures.rb:579:in `each'
    /usr/local/rvm/gems/ruby-1.9.3-p194/gems/activerecord-3.2.8/lib/active_record/fixtures.rb:579:in `map'
    /usr/local/rvm/gems/ruby-1.9.3-p194/gems/activerecord-3.2.8/lib/active_record/fixtures.rb:579:in `table_rows'
    /usr/local/rvm/gems/ruby-1.9.3-p194/gems/activerecord-3.2.8/lib/active_record/fixtures.rb:494:in `block (3 levels) in create_fixtures'
    /usr/local/rvm/gems/ruby-1.9.3-p194/gems/activerecord-3.2.8/lib/active_record/fixtures.rb:492:in `each'
    /usr/local/rvm/gems/ruby-1.9.3-p194/gems/activerecord-3.2.8/lib/active_record/fixtures.rb:492:in `block (2 levels) in create_fixtures'
    /usr/local/rvm/gems/ruby-1.9.3-p194/gems/activerecord-3.2.8/lib/active_record/connection_adapters/abstract/database_statements.rb:192:in `transaction'
    /usr/local/rvm/gems/ruby-1.9.3-p194/gems/activerecord-3.2.8/lib/active_record/fixtures.rb:491:in `block in create_fixtures'
    /usr/local/rvm/gems/ruby-1.9.3-p194/gems/activerecord-3.2.8/lib/active_record/connection_adapters/abstract_adapter.rb:168:in `disable_referential_integrity'
    /usr/local/rvm/gems/ruby-1.9.3-p194/gems/activerecord-3.2.8/lib/active_record/fixtures.rb:476:in `create_fixtures'
    /usr/local/rvm/gems/ruby-1.9.3-p194/gems/activerecord-3.2.8/lib/active_record/fixtures.rb:895:in `load_fixtures'
    /usr/local/rvm/gems/ruby-1.9.3-p194/gems/activerecord-3.2.8/lib/active_record/fixtures.rb:849:in `setup_fixtures'
    /usr/local/rvm/gems/ruby-1.9.3-p194/gems/activesupport-3.2.8/lib/active_support/callbacks.rb:429:in `_run__116277170__setup__873864277__callbacks'
    /usr/local/rvm/gems/ruby-1.9.3-p194/gems/activesupport-3.2.8/lib/active_support/callbacks.rb:405:in `__run_callback'
    /usr/local/rvm/gems/ruby-1.9.3-p194/gems/activesupport-3.2.8/lib/active_support/callbacks.rb:385:in `_run_setup_callbacks'
    /usr/local/rvm/gems/ruby-1.9.3-p194/gems/activesupport-3.2.8/lib/active_support/callbacks.rb:81:in `run_callbacks'
    /usr/local/rvm/gems/ruby-1.9.3-p194/gems/activesupport-3.2.8/lib/active_support/testing/setup_and_teardown.rb:35:in `run'

  7) Error:
test_should_update_user(UsersControllerTest):
ActiveRecord::StatementInvalid: Could not find table 'users'
    /usr/local/rvm/gems/ruby-1.9.3-p194/gems/activerecord-3.2.8/lib/active_record/connection_adapters/sqlite_adapter.rb:472:in `table_structure'
    /usr/local/rvm/gems/ruby-1.9.3-p194/gems/activerecord-3.2.8/lib/active_record/connection_adapters/sqlite_adapter.rb:346:in `columns'
    /usr/local/rvm/gems/ruby-1.9.3-p194/gems/activerecord-3.2.8/lib/active_record/fixtures.rb:660:in `column_names'
    /usr/local/rvm/gems/ruby-1.9.3-p194/gems/activerecord-3.2.8/lib/active_record/fixtures.rb:652:in `timestamp_column_names'
    /usr/local/rvm/gems/ruby-1.9.3-p194/gems/activerecord-3.2.8/lib/active_record/fixtures.rb:585:in `block in table_rows'
    /usr/local/rvm/gems/ruby-1.9.3-p194/gems/activerecord-3.2.8/lib/active_record/fixtures.rb:579:in `each'
    /usr/local/rvm/gems/ruby-1.9.3-p194/gems/activerecord-3.2.8/lib/active_record/fixtures.rb:579:in `map'
    /usr/local/rvm/gems/ruby-1.9.3-p194/gems/activerecord-3.2.8/lib/active_record/fixtures.rb:579:in `table_rows'
    /usr/local/rvm/gems/ruby-1.9.3-p194/gems/activerecord-3.2.8/lib/active_record/fixtures.rb:494:in `block (3 levels) in create_fixtures'
    /usr/local/rvm/gems/ruby-1.9.3-p194/gems/activerecord-3.2.8/lib/active_record/fixtures.rb:492:in `each'
    /usr/local/rvm/gems/ruby-1.9.3-p194/gems/activerecord-3.2.8/lib/active_record/fixtures.rb:492:in `block (2 levels) in create_fixtures'
    /usr/local/rvm/gems/ruby-1.9.3-p194/gems/activerecord-3.2.8/lib/active_record/connection_adapters/abstract/database_statements.rb:192:in `transaction'
    /usr/local/rvm/gems/ruby-1.9.3-p194/gems/activerecord-3.2.8/lib/active_record/fixtures.rb:491:in `block in create_fixtures'
    /usr/local/rvm/gems/ruby-1.9.3-p194/gems/activerecord-3.2.8/lib/active_record/connection_adapters/abstract_adapter.rb:168:in `disable_referential_integrity'
    /usr/local/rvm/gems/ruby-1.9.3-p194/gems/activerecord-3.2.8/lib/active_record/fixtures.rb:476:in `create_fixtures'
    /usr/local/rvm/gems/ruby-1.9.3-p194/gems/activerecord-3.2.8/lib/active_record/fixtures.rb:895:in `load_fixtures'
    /usr/local/rvm/gems/ruby-1.9.3-p194/gems/activerecord-3.2.8/lib/active_record/fixtures.rb:849:in `setup_fixtures'
    /usr/local/rvm/gems/ruby-1.9.3-p194/gems/activesupport-3.2.8/lib/active_support/callbacks.rb:429:in `_run__116277170__setup__873864277__callbacks'
    /usr/local/rvm/gems/ruby-1.9.3-p194/gems/activesupport-3.2.8/lib/active_support/callbacks.rb:405:in `__run_callback'
    /usr/local/rvm/gems/ruby-1.9.3-p194/gems/activesupport-3.2.8/lib/active_support/callbacks.rb:385:in `_run_setup_callbacks'
    /usr/local/rvm/gems/ruby-1.9.3-p194/gems/activesupport-3.2.8/lib/active_support/callbacks.rb:81:in `run_callbacks'
    /usr/local/rvm/gems/ruby-1.9.3-p194/gems/activesupport-3.2.8/lib/active_support/testing/setup_and_teardown.rb:35:in `run'

7 tests, 0 assertions, 0 failures, 7 errors, 0 skips
Run options: -n "/^(test_should_create_micropost|test_should_destroy_micropost|test_should_get_edit|test_should_get_index|test_should_get_new|test_should_show_micropost|test_should_update_micropost)$/"

# Running tests:

EEEEEEE

Finished tests in 0.104719s, 66.8458 tests/s, 0.0000 assertions/s.

  1) Error:
test_should_create_micropost(MicropostsControllerTest):
ActiveRecord::StatementInvalid: Could not find table 'users'
    /usr/local/rvm/gems/ruby-1.9.3-p194/gems/activerecord-3.2.8/lib/active_record/connection_adapters/sqlite_adapter.rb:472:in `table_structure'
    /usr/local/rvm/gems/ruby-1.9.3-p194/gems/activerecord-3.2.8/lib/active_record/connection_adapters/sqlite_adapter.rb:346:in `columns'
    /usr/local/rvm/gems/ruby-1.9.3-p194/gems/activerecord-3.2.8/lib/active_record/fixtures.rb:660:in `column_names'
    /usr/local/rvm/gems/ruby-1.9.3-p194/gems/activerecord-3.2.8/lib/active_record/fixtures.rb:652:in `timestamp_column_names'
    /usr/local/rvm/gems/ruby-1.9.3-p194/gems/activerecord-3.2.8/lib/active_record/fixtures.rb:585:in `block in table_rows'
    /usr/local/rvm/gems/ruby-1.9.3-p194/gems/activerecord-3.2.8/lib/active_record/fixtures.rb:579:in `each'
    /usr/local/rvm/gems/ruby-1.9.3-p194/gems/activerecord-3.2.8/lib/active_record/fixtures.rb:579:in `map'
    /usr/local/rvm/gems/ruby-1.9.3-p194/gems/activerecord-3.2.8/lib/active_record/fixtures.rb:579:in `table_rows'
    /usr/local/rvm/gems/ruby-1.9.3-p194/gems/activerecord-3.2.8/lib/active_record/fixtures.rb:494:in `block (3 levels) in create_fixtures'
    /usr/local/rvm/gems/ruby-1.9.3-p194/gems/activerecord-3.2.8/lib/active_record/fixtures.rb:492:in `each'
    /usr/local/rvm/gems/ruby-1.9.3-p194/gems/activerecord-3.2.8/lib/active_record/fixtures.rb:492:in `block (2 levels) in create_fixtures'
    /usr/local/rvm/gems/ruby-1.9.3-p194/gems/activerecord-3.2.8/lib/active_record/connection_adapters/abstract/database_statements.rb:192:in `transaction'
    /usr/local/rvm/gems/ruby-1.9.3-p194/gems/activerecord-3.2.8/lib/active_record/fixtures.rb:491:in `block in create_fixtures'
    /usr/local/rvm/gems/ruby-1.9.3-p194/gems/activerecord-3.2.8/lib/active_record/connection_adapters/abstract_adapter.rb:168:in `disable_referential_integrity'
    /usr/local/rvm/gems/ruby-1.9.3-p194/gems/activerecord-3.2.8/lib/active_record/fixtures.rb:476:in `create_fixtures'
    /usr/local/rvm/gems/ruby-1.9.3-p194/gems/activerecord-3.2.8/lib/active_record/fixtures.rb:895:in `load_fixtures'
    /usr/local/rvm/gems/ruby-1.9.3-p194/gems/activerecord-3.2.8/lib/active_record/fixtures.rb:849:in `setup_fixtures'
    /usr/local/rvm/gems/ruby-1.9.3-p194/gems/activesupport-3.2.8/lib/active_support/callbacks.rb:429:in `_run__239622266__setup__835697681__callbacks'
    /usr/local/rvm/gems/ruby-1.9.3-p194/gems/activesupport-3.2.8/lib/active_support/callbacks.rb:405:in `__run_callback'
    /usr/local/rvm/gems/ruby-1.9.3-p194/gems/activesupport-3.2.8/lib/active_support/callbacks.rb:385:in `_run_setup_callbacks'
    /usr/local/rvm/gems/ruby-1.9.3-p194/gems/activesupport-3.2.8/lib/active_support/callbacks.rb:81:in `run_callbacks'
    /usr/local/rvm/gems/ruby-1.9.3-p194/gems/activesupport-3.2.8/lib/active_support/testing/setup_and_teardown.rb:35:in `run'

  2) Error:
test_should_destroy_micropost(MicropostsControllerTest):
ActiveRecord::StatementInvalid: Could not find table 'users'
    /usr/local/rvm/gems/ruby-1.9.3-p194/gems/activerecord-3.2.8/lib/active_record/connection_adapters/sqlite_adapter.rb:472:in `table_structure'
    /usr/local/rvm/gems/ruby-1.9.3-p194/gems/activerecord-3.2.8/lib/active_record/connection_adapters/sqlite_adapter.rb:346:in `columns'
    /usr/local/rvm/gems/ruby-1.9.3-p194/gems/activerecord-3.2.8/lib/active_record/fixtures.rb:660:in `column_names'
    /usr/local/rvm/gems/ruby-1.9.3-p194/gems/activerecord-3.2.8/lib/active_record/fixtures.rb:652:in `timestamp_column_names'
    /usr/local/rvm/gems/ruby-1.9.3-p194/gems/activerecord-3.2.8/lib/active_record/fixtures.rb:585:in `block in table_rows'
    /usr/local/rvm/gems/ruby-1.9.3-p194/gems/activerecord-3.2.8/lib/active_record/fixtures.rb:579:in `each'
    /usr/local/rvm/gems/ruby-1.9.3-p194/gems/activerecord-3.2.8/lib/active_record/fixtures.rb:579:in `map'
    /usr/local/rvm/gems/ruby-1.9.3-p194/gems/activerecord-3.2.8/lib/active_record/fixtures.rb:579:in `table_rows'
    /usr/local/rvm/gems/ruby-1.9.3-p194/gems/activerecord-3.2.8/lib/active_record/fixtures.rb:494:in `block (3 levels) in create_fixtures'
    /usr/local/rvm/gems/ruby-1.9.3-p194/gems/activerecord-3.2.8/lib/active_record/fixtures.rb:492:in `each'
    /usr/local/rvm/gems/ruby-1.9.3-p194/gems/activerecord-3.2.8/lib/active_record/fixtures.rb:492:in `block (2 levels) in create_fixtures'
    /usr/local/rvm/gems/ruby-1.9.3-p194/gems/activerecord-3.2.8/lib/active_record/connection_adapters/abstract/database_statements.rb:192:in `transaction'
    /usr/local/rvm/gems/ruby-1.9.3-p194/gems/activerecord-3.2.8/lib/active_record/fixtures.rb:491:in `block in create_fixtures'
    /usr/local/rvm/gems/ruby-1.9.3-p194/gems/activerecord-3.2.8/lib/active_record/connection_adapters/abstract_adapter.rb:168:in `disable_referential_integrity'
    /usr/local/rvm/gems/ruby-1.9.3-p194/gems/activerecord-3.2.8/lib/active_record/fixtures.rb:476:in `create_fixtures'
    /usr/local/rvm/gems/ruby-1.9.3-p194/gems/activerecord-3.2.8/lib/active_record/fixtures.rb:895:in `load_fixtures'
    /usr/local/rvm/gems/ruby-1.9.3-p194/gems/activerecord-3.2.8/lib/active_record/fixtures.rb:849:in `setup_fixtures'
    /usr/local/rvm/gems/ruby-1.9.3-p194/gems/activesupport-3.2.8/lib/active_support/callbacks.rb:429:in `_run__239622266__setup__835697681__callbacks'
    /usr/local/rvm/gems/ruby-1.9.3-p194/gems/activesupport-3.2.8/lib/active_support/callbacks.rb:405:in `__run_callback'
    /usr/local/rvm/gems/ruby-1.9.3-p194/gems/activesupport-3.2.8/lib/active_support/callbacks.rb:385:in `_run_setup_callbacks'
    /usr/local/rvm/gems/ruby-1.9.3-p194/gems/activesupport-3.2.8/lib/active_support/callbacks.rb:81:in `run_callbacks'
    /usr/local/rvm/gems/ruby-1.9.3-p194/gems/activesupport-3.2.8/lib/active_support/testing/setup_and_teardown.rb:35:in `run'

  3) Error:
test_should_get_edit(MicropostsControllerTest):
ActiveRecord::StatementInvalid: Could not find table 'users'
    /usr/local/rvm/gems/ruby-1.9.3-p194/gems/activerecord-3.2.8/lib/active_record/connection_adapters/sqlite_adapter.rb:472:in `table_structure'
    /usr/local/rvm/gems/ruby-1.9.3-p194/gems/activerecord-3.2.8/lib/active_record/connection_adapters/sqlite_adapter.rb:346:in `columns'
    /usr/local/rvm/gems/ruby-1.9.3-p194/gems/activerecord-3.2.8/lib/active_record/fixtures.rb:660:in `column_names'
    /usr/local/rvm/gems/ruby-1.9.3-p194/gems/activerecord-3.2.8/lib/active_record/fixtures.rb:652:in `timestamp_column_names'
    /usr/local/rvm/gems/ruby-1.9.3-p194/gems/activerecord-3.2.8/lib/active_record/fixtures.rb:585:in `block in table_rows'
    /usr/local/rvm/gems/ruby-1.9.3-p194/gems/activerecord-3.2.8/lib/active_record/fixtures.rb:579:in `each'
    /usr/local/rvm/gems/ruby-1.9.3-p194/gems/activerecord-3.2.8/lib/active_record/fixtures.rb:579:in `map'
    /usr/local/rvm/gems/ruby-1.9.3-p194/gems/activerecord-3.2.8/lib/active_record/fixtures.rb:579:in `table_rows'
    /usr/local/rvm/gems/ruby-1.9.3-p194/gems/activerecord-3.2.8/lib/active_record/fixtures.rb:494:in `block (3 levels) in create_fixtures'
    /usr/local/rvm/gems/ruby-1.9.3-p194/gems/activerecord-3.2.8/lib/active_record/fixtures.rb:492:in `each'
    /usr/local/rvm/gems/ruby-1.9.3-p194/gems/activerecord-3.2.8/lib/active_record/fixtures.rb:492:in `block (2 levels) in create_fixtures'
    /usr/local/rvm/gems/ruby-1.9.3-p194/gems/activerecord-3.2.8/lib/active_record/connection_adapters/abstract/database_statements.rb:192:in `transaction'
    /usr/local/rvm/gems/ruby-1.9.3-p194/gems/activerecord-3.2.8/lib/active_record/fixtures.rb:491:in `block in create_fixtures'
    /usr/local/rvm/gems/ruby-1.9.3-p194/gems/activerecord-3.2.8/lib/active_record/connection_adapters/abstract_adapter.rb:168:in `disable_referential_integrity'
    /usr/local/rvm/gems/ruby-1.9.3-p194/gems/activerecord-3.2.8/lib/active_record/fixtures.rb:476:in `create_fixtures'
    /usr/local/rvm/gems/ruby-1.9.3-p194/gems/activerecord-3.2.8/lib/active_record/fixtures.rb:895:in `load_fixtures'
    /usr/local/rvm/gems/ruby-1.9.3-p194/gems/activerecord-3.2.8/lib/active_record/fixtures.rb:849:in `setup_fixtures'
    /usr/local/rvm/gems/ruby-1.9.3-p194/gems/activesupport-3.2.8/lib/active_support/callbacks.rb:429:in `_run__239622266__setup__835697681__callbacks'
    /usr/local/rvm/gems/ruby-1.9.3-p194/gems/activesupport-3.2.8/lib/active_support/callbacks.rb:405:in `__run_callback'
    /usr/local/rvm/gems/ruby-1.9.3-p194/gems/activesupport-3.2.8/lib/active_support/callbacks.rb:385:in `_run_setup_callbacks'
    /usr/local/rvm/gems/ruby-1.9.3-p194/gems/activesupport-3.2.8/lib/active_support/callbacks.rb:81:in `run_callbacks'
    /usr/local/rvm/gems/ruby-1.9.3-p194/gems/activesupport-3.2.8/lib/active_support/testing/setup_and_teardown.rb:35:in `run'

  4) Error:
test_should_get_index(MicropostsControllerTest):
ActiveRecord::StatementInvalid: Could not find table 'users'
    /usr/local/rvm/gems/ruby-1.9.3-p194/gems/activerecord-3.2.8/lib/active_record/connection_adapters/sqlite_adapter.rb:472:in `table_structure'
    /usr/local/rvm/gems/ruby-1.9.3-p194/gems/activerecord-3.2.8/lib/active_record/connection_adapters/sqlite_adapter.rb:346:in `columns'
    /usr/local/rvm/gems/ruby-1.9.3-p194/gems/activerecord-3.2.8/lib/active_record/fixtures.rb:660:in `column_names'
    /usr/local/rvm/gems/ruby-1.9.3-p194/gems/activerecord-3.2.8/lib/active_record/fixtures.rb:652:in `timestamp_column_names'
    /usr/local/rvm/gems/ruby-1.9.3-p194/gems/activerecord-3.2.8/lib/active_record/fixtures.rb:585:in `block in table_rows'
    /usr/local/rvm/gems/ruby-1.9.3-p194/gems/activerecord-3.2.8/lib/active_record/fixtures.rb:579:in `each'
    /usr/local/rvm/gems/ruby-1.9.3-p194/gems/activerecord-3.2.8/lib/active_record/fixtures.rb:579:in `map'
    /usr/local/rvm/gems/ruby-1.9.3-p194/gems/activerecord-3.2.8/lib/active_record/fixtures.rb:579:in `table_rows'
    /usr/local/rvm/gems/ruby-1.9.3-p194/gems/activerecord-3.2.8/lib/active_record/fixtures.rb:494:in `block (3 levels) in create_fixtures'
    /usr/local/rvm/gems/ruby-1.9.3-p194/gems/activerecord-3.2.8/lib/active_record/fixtures.rb:492:in `each'
    /usr/local/rvm/gems/ruby-1.9.3-p194/gems/activerecord-3.2.8/lib/active_record/fixtures.rb:492:in `block (2 levels) in create_fixtures'
    /usr/local/rvm/gems/ruby-1.9.3-p194/gems/activerecord-3.2.8/lib/active_record/connection_adapters/abstract/database_statements.rb:192:in `transaction'
    /usr/local/rvm/gems/ruby-1.9.3-p194/gems/activerecord-3.2.8/lib/active_record/fixtures.rb:491:in `block in create_fixtures'
    /usr/local/rvm/gems/ruby-1.9.3-p194/gems/activerecord-3.2.8/lib/active_record/connection_adapters/abstract_adapter.rb:168:in `disable_referential_integrity'
    /usr/local/rvm/gems/ruby-1.9.3-p194/gems/activerecord-3.2.8/lib/active_record/fixtures.rb:476:in `create_fixtures'
    /usr/local/rvm/gems/ruby-1.9.3-p194/gems/activerecord-3.2.8/lib/active_record/fixtures.rb:895:in `load_fixtures'
    /usr/local/rvm/gems/ruby-1.9.3-p194/gems/activerecord-3.2.8/lib/active_record/fixtures.rb:849:in `setup_fixtures'
    /usr/local/rvm/gems/ruby-1.9.3-p194/gems/activesupport-3.2.8/lib/active_support/callbacks.rb:429:in `_run__239622266__setup__835697681__callbacks'
    /usr/local/rvm/gems/ruby-1.9.3-p194/gems/activesupport-3.2.8/lib/active_support/callbacks.rb:405:in `__run_callback'
    /usr/local/rvm/gems/ruby-1.9.3-p194/gems/activesupport-3.2.8/lib/active_support/callbacks.rb:385:in `_run_setup_callbacks'
    /usr/local/rvm/gems/ruby-1.9.3-p194/gems/activesupport-3.2.8/lib/active_support/callbacks.rb:81:in `run_callbacks'
    /usr/local/rvm/gems/ruby-1.9.3-p194/gems/activesupport-3.2.8/lib/active_support/testing/setup_and_teardown.rb:35:in `run'

  5) Error:
test_should_get_new(MicropostsControllerTest):
ActiveRecord::StatementInvalid: Could not find table 'users'
    /usr/local/rvm/gems/ruby-1.9.3-p194/gems/activerecord-3.2.8/lib/active_record/connection_adapters/sqlite_adapter.rb:472:in `table_structure'
    /usr/local/rvm/gems/ruby-1.9.3-p194/gems/activerecord-3.2.8/lib/active_record/connection_adapters/sqlite_adapter.rb:346:in `columns'
    /usr/local/rvm/gems/ruby-1.9.3-p194/gems/activerecord-3.2.8/lib/active_record/fixtures.rb:660:in `column_names'
    /usr/local/rvm/gems/ruby-1.9.3-p194/gems/activerecord-3.2.8/lib/active_record/fixtures.rb:652:in `timestamp_column_names'
    /usr/local/rvm/gems/ruby-1.9.3-p194/gems/activerecord-3.2.8/lib/active_record/fixtures.rb:585:in `block in table_rows'
    /usr/local/rvm/gems/ruby-1.9.3-p194/gems/activerecord-3.2.8/lib/active_record/fixtures.rb:579:in `each'
    /usr/local/rvm/gems/ruby-1.9.3-p194/gems/activerecord-3.2.8/lib/active_record/fixtures.rb:579:in `map'
    /usr/local/rvm/gems/ruby-1.9.3-p194/gems/activerecord-3.2.8/lib/active_record/fixtures.rb:579:in `table_rows'
    /usr/local/rvm/gems/ruby-1.9.3-p194/gems/activerecord-3.2.8/lib/active_record/fixtures.rb:494:in `block (3 levels) in create_fixtures'
    /usr/local/rvm/gems/ruby-1.9.3-p194/gems/activerecord-3.2.8/lib/active_record/fixtures.rb:492:in `each'
    /usr/local/rvm/gems/ruby-1.9.3-p194/gems/activerecord-3.2.8/lib/active_record/fixtures.rb:492:in `block (2 levels) in create_fixtures'
    /usr/local/rvm/gems/ruby-1.9.3-p194/gems/activerecord-3.2.8/lib/active_record/connection_adapters/abstract/database_statements.rb:192:in `transaction'
    /usr/local/rvm/gems/ruby-1.9.3-p194/gems/activerecord-3.2.8/lib/active_record/fixtures.rb:491:in `block in create_fixtures'
    /usr/local/rvm/gems/ruby-1.9.3-p194/gems/activerecord-3.2.8/lib/active_record/connection_adapters/abstract_adapter.rb:168:in `disable_referential_integrity'
    /usr/local/rvm/gems/ruby-1.9.3-p194/gems/activerecord-3.2.8/lib/active_record/fixtures.rb:476:in `create_fixtures'
    /usr/local/rvm/gems/ruby-1.9.3-p194/gems/activerecord-3.2.8/lib/active_record/fixtures.rb:895:in `load_fixtures'
    /usr/local/rvm/gems/ruby-1.9.3-p194/gems/activerecord-3.2.8/lib/active_record/fixtures.rb:849:in `setup_fixtures'
    /usr/local/rvm/gems/ruby-1.9.3-p194/gems/activesupport-3.2.8/lib/active_support/callbacks.rb:429:in `_run__239622266__setup__835697681__callbacks'
    /usr/local/rvm/gems/ruby-1.9.3-p194/gems/activesupport-3.2.8/lib/active_support/callbacks.rb:405:in `__run_callback'
    /usr/local/rvm/gems/ruby-1.9.3-p194/gems/activesupport-3.2.8/lib/active_support/callbacks.rb:385:in `_run_setup_callbacks'
    /usr/local/rvm/gems/ruby-1.9.3-p194/gems/activesupport-3.2.8/lib/active_support/callbacks.rb:81:in `run_callbacks'
    /usr/local/rvm/gems/ruby-1.9.3-p194/gems/activesupport-3.2.8/lib/active_support/testing/setup_and_teardown.rb:35:in `run'

  6) Error:
test_should_show_micropost(MicropostsControllerTest):
ActiveRecord::StatementInvalid: Could not find table 'users'
    /usr/local/rvm/gems/ruby-1.9.3-p194/gems/activerecord-3.2.8/lib/active_record/connection_adapters/sqlite_adapter.rb:472:in `table_structure'
    /usr/local/rvm/gems/ruby-1.9.3-p194/gems/activerecord-3.2.8/lib/active_record/connection_adapters/sqlite_adapter.rb:346:in `columns'
    /usr/local/rvm/gems/ruby-1.9.3-p194/gems/activerecord-3.2.8/lib/active_record/fixtures.rb:660:in `column_names'
    /usr/local/rvm/gems/ruby-1.9.3-p194/gems/activerecord-3.2.8/lib/active_record/fixtures.rb:652:in `timestamp_column_names'
    /usr/local/rvm/gems/ruby-1.9.3-p194/gems/activerecord-3.2.8/lib/active_record/fixtures.rb:585:in `block in table_rows'
    /usr/local/rvm/gems/ruby-1.9.3-p194/gems/activerecord-3.2.8/lib/active_record/fixtures.rb:579:in `each'
    /usr/local/rvm/gems/ruby-1.9.3-p194/gems/activerecord-3.2.8/lib/active_record/fixtures.rb:579:in `map'
    /usr/local/rvm/gems/ruby-1.9.3-p194/gems/activerecord-3.2.8/lib/active_record/fixtures.rb:579:in `table_rows'
    /usr/local/rvm/gems/ruby-1.9.3-p194/gems/activerecord-3.2.8/lib/active_record/fixtures.rb:494:in `block (3 levels) in create_fixtures'
    /usr/local/rvm/gems/ruby-1.9.3-p194/gems/activerecord-3.2.8/lib/active_record/fixtures.rb:492:in `each'
    /usr/local/rvm/gems/ruby-1.9.3-p194/gems/activerecord-3.2.8/lib/active_record/fixtures.rb:492:in `block (2 levels) in create_fixtures'
    /usr/local/rvm/gems/ruby-1.9.3-p194/gems/activerecord-3.2.8/lib/active_record/connection_adapters/abstract/database_statements.rb:192:in `transaction'
    /usr/local/rvm/gems/ruby-1.9.3-p194/gems/activerecord-3.2.8/lib/active_record/fixtures.rb:491:in `block in create_fixtures'
    /usr/local/rvm/gems/ruby-1.9.3-p194/gems/activerecord-3.2.8/lib/active_record/connection_adapters/abstract_adapter.rb:168:in `disable_referential_integrity'
    /usr/local/rvm/gems/ruby-1.9.3-p194/gems/activerecord-3.2.8/lib/active_record/fixtures.rb:476:in `create_fixtures'
    /usr/local/rvm/gems/ruby-1.9.3-p194/gems/activerecord-3.2.8/lib/active_record/fixtures.rb:895:in `load_fixtures'
    /usr/local/rvm/gems/ruby-1.9.3-p194/gems/activerecord-3.2.8/lib/active_record/fixtures.rb:849:in `setup_fixtures'
    /usr/local/rvm/gems/ruby-1.9.3-p194/gems/activesupport-3.2.8/lib/active_support/callbacks.rb:429:in `_run__239622266__setup__835697681__callbacks'
    /usr/local/rvm/gems/ruby-1.9.3-p194/gems/activesupport-3.2.8/lib/active_support/callbacks.rb:405:in `__run_callback'
    /usr/local/rvm/gems/ruby-1.9.3-p194/gems/activesupport-3.2.8/lib/active_support/callbacks.rb:385:in `_run_setup_callbacks'
    /usr/local/rvm/gems/ruby-1.9.3-p194/gems/activesupport-3.2.8/lib/active_support/callbacks.rb:81:in `run_callbacks'
    /usr/local/rvm/gems/ruby-1.9.3-p194/gems/activesupport-3.2.8/lib/active_support/testing/setup_and_teardown.rb:35:in `run'

  7) Error:
test_should_update_micropost(MicropostsControllerTest):
ActiveRecord::StatementInvalid: Could not find table 'users'
    /usr/local/rvm/gems/ruby-1.9.3-p194/gems/activerecord-3.2.8/lib/active_record/connection_adapters/sqlite_adapter.rb:472:in `table_structure'
    /usr/local/rvm/gems/ruby-1.9.3-p194/gems/activerecord-3.2.8/lib/active_record/connection_adapters/sqlite_adapter.rb:346:in `columns'
    /usr/local/rvm/gems/ruby-1.9.3-p194/gems/activerecord-3.2.8/lib/active_record/fixtures.rb:660:in `column_names'
    /usr/local/rvm/gems/ruby-1.9.3-p194/gems/activerecord-3.2.8/lib/active_record/fixtures.rb:652:in `timestamp_column_names'
    /usr/local/rvm/gems/ruby-1.9.3-p194/gems/activerecord-3.2.8/lib/active_record/fixtures.rb:585:in `block in table_rows'
    /usr/local/rvm/gems/ruby-1.9.3-p194/gems/activerecord-3.2.8/lib/active_record/fixtures.rb:579:in `each'
    /usr/local/rvm/gems/ruby-1.9.3-p194/gems/activerecord-3.2.8/lib/active_record/fixtures.rb:579:in `map'
    /usr/local/rvm/gems/ruby-1.9.3-p194/gems/activerecord-3.2.8/lib/active_record/fixtures.rb:579:in `table_rows'
    /usr/local/rvm/gems/ruby-1.9.3-p194/gems/activerecord-3.2.8/lib/active_record/fixtures.rb:494:in `block (3 levels) in create_fixtures'
    /usr/local/rvm/gems/ruby-1.9.3-p194/gems/activerecord-3.2.8/lib/active_record/fixtures.rb:492:in `each'
    /usr/local/rvm/gems/ruby-1.9.3-p194/gems/activerecord-3.2.8/lib/active_record/fixtures.rb:492:in `block (2 levels) in create_fixtures'
    /usr/local/rvm/gems/ruby-1.9.3-p194/gems/activerecord-3.2.8/lib/active_record/connection_adapters/abstract/database_statements.rb:192:in `transaction'
    /usr/local/rvm/gems/ruby-1.9.3-p194/gems/activerecord-3.2.8/lib/active_record/fixtures.rb:491:in `block in create_fixtures'
    /usr/local/rvm/gems/ruby-1.9.3-p194/gems/activerecord-3.2.8/lib/active_record/connection_adapters/abstract_adapter.rb:168:in `disable_referential_integrity'
    /usr/local/rvm/gems/ruby-1.9.3-p194/gems/activerecord-3.2.8/lib/active_record/fixtures.rb:476:in `create_fixtures'
    /usr/local/rvm/gems/ruby-1.9.3-p194/gems/activerecord-3.2.8/lib/active_record/fixtures.rb:895:in `load_fixtures'
    /usr/local/rvm/gems/ruby-1.9.3-p194/gems/activerecord-3.2.8/lib/active_record/fixtures.rb:849:in `setup_fixtures'
    /usr/local/rvm/gems/ruby-1.9.3-p194/gems/activesupport-3.2.8/lib/active_support/callbacks.rb:429:in `_run__239622266__setup__835697681__callbacks'
    /usr/local/rvm/gems/ruby-1.9.3-p194/gems/activesupport-3.2.8/lib/active_support/callbacks.rb:405:in `__run_callback'
    /usr/local/rvm/gems/ruby-1.9.3-p194/gems/activesupport-3.2.8/lib/active_support/callbacks.rb:385:in `_run_setup_callbacks'
    /usr/local/rvm/gems/ruby-1.9.3-p194/gems/activesupport-3.2.8/lib/active_support/callbacks.rb:81:in `run_callbacks'
    /usr/local/rvm/gems/ruby-1.9.3-p194/gems/activesupport-3.2.8/lib/active_support/testing/setup_and_teardown.rb:35:in `run'

7 tests, 0 assertions, 0 failures, 7 errors, 0 skips
/usr/local/rvm/rubies/ruby-1.9.3-p194/bin/ruby -I.:lib:test -rubygems test/functional/pages_controller_test.rb -n "/^(test_should_get_contact|test_should_get_home)$/"; /usr/local/rvm/rubies/ruby-1.9.3-p194/bin/ruby -I.:lib:test -rubygems test/functional/users_controller_test.rb -n "/^(test_should_create_user|test_should_destroy_user|test_should_get_edit|test_should_get_index|test_should_get_new|test_should_show_user|test_should_update_user)$/"; /usr/local/rvm/rubies/ruby-1.9.3-p194/bin/ruby -I.:lib:test -rubygems test/functional/microposts_controller_test.rb -n "/^(test_should_create_micropost|test_should_destroy_micropost|test_should_get_edit|test_should_get_index|test_should_get_new|test_should_show_micropost|test_should_update_micropost)$/"
Run options: -n "/^(test_should_get_contact|test_should_get_home)$/"

# Running tests:

EE

Finished tests in 0.049287s, 40.5789 tests/s, 0.0000 assertions/s.

  1) Error:
test_should_get_contact(PagesControllerTest):
ActiveRecord::StatementInvalid: Could not find table 'users'
    /usr/local/rvm/gems/ruby-1.9.3-p194/gems/activerecord-3.2.8/lib/active_record/connection_adapters/sqlite_adapter.rb:472:in `table_structure'
    /usr/local/rvm/gems/ruby-1.9.3-p194/gems/activerecord-3.2.8/lib/active_record/connection_adapters/sqlite_adapter.rb:346:in `columns'
    /usr/local/rvm/gems/ruby-1.9.3-p194/gems/activerecord-3.2.8/lib/active_record/fixtures.rb:660:in `column_names'
    /usr/local/rvm/gems/ruby-1.9.3-p194/gems/activerecord-3.2.8/lib/active_record/fixtures.rb:652:in `timestamp_column_names'
    /usr/local/rvm/gems/ruby-1.9.3-p194/gems/activerecord-3.2.8/lib/active_record/fixtures.rb:585:in `block in table_rows'
    /usr/local/rvm/gems/ruby-1.9.3-p194/gems/activerecord-3.2.8/lib/active_record/fixtures.rb:579:in `each'
    /usr/local/rvm/gems/ruby-1.9.3-p194/gems/activerecord-3.2.8/lib/active_record/fixtures.rb:579:in `map'
    /usr/local/rvm/gems/ruby-1.9.3-p194/gems/activerecord-3.2.8/lib/active_record/fixtures.rb:579:in `table_rows'
    /usr/local/rvm/gems/ruby-1.9.3-p194/gems/activerecord-3.2.8/lib/active_record/fixtures.rb:494:in `block (3 levels) in create_fixtures'
    /usr/local/rvm/gems/ruby-1.9.3-p194/gems/activerecord-3.2.8/lib/active_record/fixtures.rb:492:in `each'
    /usr/local/rvm/gems/ruby-1.9.3-p194/gems/activerecord-3.2.8/lib/active_record/fixtures.rb:492:in `block (2 levels) in create_fixtures'
    /usr/local/rvm/gems/ruby-1.9.3-p194/gems/activerecord-3.2.8/lib/active_record/connection_adapters/abstract/database_statements.rb:192:in `transaction'
    /usr/local/rvm/gems/ruby-1.9.3-p194/gems/activerecord-3.2.8/lib/active_record/fixtures.rb:491:in `block in create_fixtures'
    /usr/local/rvm/gems/ruby-1.9.3-p194/gems/activerecord-3.2.8/lib/active_record/connection_adapters/abstract_adapter.rb:168:in `disable_referential_integrity'
    /usr/local/rvm/gems/ruby-1.9.3-p194/gems/activerecord-3.2.8/lib/active_record/fixtures.rb:476:in `create_fixtures'
    /usr/local/rvm/gems/ruby-1.9.3-p194/gems/activerecord-3.2.8/lib/active_record/fixtures.rb:895:in `load_fixtures'
    /usr/local/rvm/gems/ruby-1.9.3-p194/gems/activerecord-3.2.8/lib/active_record/fixtures.rb:849:in `setup_fixtures'
    /usr/local/rvm/gems/ruby-1.9.3-p194/gems/activesupport-3.2.8/lib/active_support/callbacks.rb:429:in `_run__658382264__setup__669780939__callbacks'
    /usr/local/rvm/gems/ruby-1.9.3-p194/gems/activesupport-3.2.8/lib/active_support/callbacks.rb:405:in `__run_callback'
    /usr/local/rvm/gems/ruby-1.9.3-p194/gems/activesupport-3.2.8/lib/active_support/callbacks.rb:385:in `_run_setup_callbacks'
    /usr/local/rvm/gems/ruby-1.9.3-p194/gems/activesupport-3.2.8/lib/active_support/callbacks.rb:81:in `run_callbacks'
    /usr/local/rvm/gems/ruby-1.9.3-p194/gems/activesupport-3.2.8/lib/active_support/testing/setup_and_teardown.rb:35:in `run'

  2) Error:
test_should_get_home(PagesControllerTest):
ActiveRecord::StatementInvalid: Could not find table 'users'
    /usr/local/rvm/gems/ruby-1.9.3-p194/gems/activerecord-3.2.8/lib/active_record/connection_adapters/sqlite_adapter.rb:472:in `table_structure'
    /usr/local/rvm/gems/ruby-1.9.3-p194/gems/activerecord-3.2.8/lib/active_record/connection_adapters/sqlite_adapter.rb:346:in `columns'
    /usr/local/rvm/gems/ruby-1.9.3-p194/gems/activerecord-3.2.8/lib/active_record/fixtures.rb:660:in `column_names'
    /usr/local/rvm/gems/ruby-1.9.3-p194/gems/activerecord-3.2.8/lib/active_record/fixtures.rb:652:in `timestamp_column_names'
    /usr/local/rvm/gems/ruby-1.9.3-p194/gems/activerecord-3.2.8/lib/active_record/fixtures.rb:585:in `block in table_rows'
    /usr/local/rvm/gems/ruby-1.9.3-p194/gems/activerecord-3.2.8/lib/active_record/fixtures.rb:579:in `each'
    /usr/local/rvm/gems/ruby-1.9.3-p194/gems/activerecord-3.2.8/lib/active_record/fixtures.rb:579:in `map'
    /usr/local/rvm/gems/ruby-1.9.3-p194/gems/activerecord-3.2.8/lib/active_record/fixtures.rb:579:in `table_rows'
    /usr/local/rvm/gems/ruby-1.9.3-p194/gems/activerecord-3.2.8/lib/active_record/fixtures.rb:494:in `block (3 levels) in create_fixtures'
    /usr/local/rvm/gems/ruby-1.9.3-p194/gems/activerecord-3.2.8/lib/active_record/fixtures.rb:492:in `each'
    /usr/local/rvm/gems/ruby-1.9.3-p194/gems/activerecord-3.2.8/lib/active_record/fixtures.rb:492:in `block (2 levels) in create_fixtures'
    /usr/local/rvm/gems/ruby-1.9.3-p194/gems/activerecord-3.2.8/lib/active_record/connection_adapters/abstract/database_statements.rb:192:in `transaction'
    /usr/local/rvm/gems/ruby-1.9.3-p194/gems/activerecord-3.2.8/lib/active_record/fixtures.rb:491:in `block in create_fixtures'
    /usr/local/rvm/gems/ruby-1.9.3-p194/gems/activerecord-3.2.8/lib/active_record/connection_adapters/abstract_adapter.rb:168:in `disable_referential_integrity'
    /usr/local/rvm/gems/ruby-1.9.3-p194/gems/activerecord-3.2.8/lib/active_record/fixtures.rb:476:in `create_fixtures'
    /usr/local/rvm/gems/ruby-1.9.3-p194/gems/activerecord-3.2.8/lib/active_record/fixtures.rb:895:in `load_fixtures'
    /usr/local/rvm/gems/ruby-1.9.3-p194/gems/activerecord-3.2.8/lib/active_record/fixtures.rb:849:in `setup_fixtures'
    /usr/local/rvm/gems/ruby-1.9.3-p194/gems/activesupport-3.2.8/lib/active_support/callbacks.rb:429:in `_run__658382264__setup__669780939__callbacks'
    /usr/local/rvm/gems/ruby-1.9.3-p194/gems/activesupport-3.2.8/lib/active_support/callbacks.rb:405:in `__run_callback'
    /usr/local/rvm/gems/ruby-1.9.3-p194/gems/activesupport-3.2.8/lib/active_support/callbacks.rb:385:in `_run_setup_callbacks'
    /usr/local/rvm/gems/ruby-1.9.3-p194/gems/activesupport-3.2.8/lib/active_support/callbacks.rb:81:in `run_callbacks'
    /usr/local/rvm/gems/ruby-1.9.3-p194/gems/activesupport-3.2.8/lib/active_support/testing/setup_and_teardown.rb:35:in `run'

2 tests, 0 assertions, 0 failures, 2 errors, 0 skips
Run options: -n "/^(test_should_create_user|test_should_destroy_user|test_should_get_edit|test_should_get_index|test_should_get_new|test_should_show_user|test_should_update_user)$/"

# Running tests:

EEEEEEE

Finished tests in 0.098477s, 71.0828 tests/s, 0.0000 assertions/s.

  1) Error:
test_should_create_user(UsersControllerTest):
ActiveRecord::StatementInvalid: Could not find table 'users'
    /usr/local/rvm/gems/ruby-1.9.3-p194/gems/activerecord-3.2.8/lib/active_record/connection_adapters/sqlite_adapter.rb:472:in `table_structure'
    /usr/local/rvm/gems/ruby-1.9.3-p194/gems/activerecord-3.2.8/lib/active_record/connection_adapters/sqlite_adapter.rb:346:in `columns'
    /usr/local/rvm/gems/ruby-1.9.3-p194/gems/activerecord-3.2.8/lib/active_record/fixtures.rb:660:in `column_names'
    /usr/local/rvm/gems/ruby-1.9.3-p194/gems/activerecord-3.2.8/lib/active_record/fixtures.rb:652:in `timestamp_column_names'
    /usr/local/rvm/gems/ruby-1.9.3-p194/gems/activerecord-3.2.8/lib/active_record/fixtures.rb:585:in `block in table_rows'
    /usr/local/rvm/gems/ruby-1.9.3-p194/gems/activerecord-3.2.8/lib/active_record/fixtures.rb:579:in `each'
    /usr/local/rvm/gems/ruby-1.9.3-p194/gems/activerecord-3.2.8/lib/active_record/fixtures.rb:579:in `map'
    /usr/local/rvm/gems/ruby-1.9.3-p194/gems/activerecord-3.2.8/lib/active_record/fixtures.rb:579:in `table_rows'
    /usr/local/rvm/gems/ruby-1.9.3-p194/gems/activerecord-3.2.8/lib/active_record/fixtures.rb:494:in `block (3 levels) in create_fixtures'
    /usr/local/rvm/gems/ruby-1.9.3-p194/gems/activerecord-3.2.8/lib/active_record/fixtures.rb:492:in `each'
    /usr/local/rvm/gems/ruby-1.9.3-p194/gems/activerecord-3.2.8/lib/active_record/fixtures.rb:492:in `block (2 levels) in create_fixtures'
    /usr/local/rvm/gems/ruby-1.9.3-p194/gems/activerecord-3.2.8/lib/active_record/connection_adapters/abstract/database_statements.rb:192:in `transaction'
    /usr/local/rvm/gems/ruby-1.9.3-p194/gems/activerecord-3.2.8/lib/active_record/fixtures.rb:491:in `block in create_fixtures'
    /usr/local/rvm/gems/ruby-1.9.3-p194/gems/activerecord-3.2.8/lib/active_record/connection_adapters/abstract_adapter.rb:168:in `disable_referential_integrity'
    /usr/local/rvm/gems/ruby-1.9.3-p194/gems/activerecord-3.2.8/lib/active_record/fixtures.rb:476:in `create_fixtures'
    /usr/local/rvm/gems/ruby-1.9.3-p194/gems/activerecord-3.2.8/lib/active_record/fixtures.rb:895:in `load_fixtures'
    /usr/local/rvm/gems/ruby-1.9.3-p194/gems/activerecord-3.2.8/lib/active_record/fixtures.rb:849:in `setup_fixtures'
    /usr/local/rvm/gems/ruby-1.9.3-p194/gems/activesupport-3.2.8/lib/active_support/callbacks.rb:429:in `_run__891055824__setup__379178721__callbacks'
    /usr/local/rvm/gems/ruby-1.9.3-p194/gems/activesupport-3.2.8/lib/active_support/callbacks.rb:405:in `__run_callback'
    /usr/local/rvm/gems/ruby-1.9.3-p194/gems/activesupport-3.2.8/lib/active_support/callbacks.rb:385:in `_run_setup_callbacks'
    /usr/local/rvm/gems/ruby-1.9.3-p194/gems/activesupport-3.2.8/lib/active_support/callbacks.rb:81:in `run_callbacks'
    /usr/local/rvm/gems/ruby-1.9.3-p194/gems/activesupport-3.2.8/lib/active_support/testing/setup_and_teardown.rb:35:in `run'

  2) Error:
test_should_destroy_user(UsersControllerTest):
ActiveRecord::StatementInvalid: Could not find table 'users'
    /usr/local/rvm/gems/ruby-1.9.3-p194/gems/activerecord-3.2.8/lib/active_record/connection_adapters/sqlite_adapter.rb:472:in `table_structure'
    /usr/local/rvm/gems/ruby-1.9.3-p194/gems/activerecord-3.2.8/lib/active_record/connection_adapters/sqlite_adapter.rb:346:in `columns'
    /usr/local/rvm/gems/ruby-1.9.3-p194/gems/activerecord-3.2.8/lib/active_record/fixtures.rb:660:in `column_names'
    /usr/local/rvm/gems/ruby-1.9.3-p194/gems/activerecord-3.2.8/lib/active_record/fixtures.rb:652:in `timestamp_column_names'
    /usr/local/rvm/gems/ruby-1.9.3-p194/gems/activerecord-3.2.8/lib/active_record/fixtures.rb:585:in `block in table_rows'
    /usr/local/rvm/gems/ruby-1.9.3-p194/gems/activerecord-3.2.8/lib/active_record/fixtures.rb:579:in `each'
    /usr/local/rvm/gems/ruby-1.9.3-p194/gems/activerecord-3.2.8/lib/active_record/fixtures.rb:579:in `map'
    /usr/local/rvm/gems/ruby-1.9.3-p194/gems/activerecord-3.2.8/lib/active_record/fixtures.rb:579:in `table_rows'
    /usr/local/rvm/gems/ruby-1.9.3-p194/gems/activerecord-3.2.8/lib/active_record/fixtures.rb:494:in `block (3 levels) in create_fixtures'
    /usr/local/rvm/gems/ruby-1.9.3-p194/gems/activerecord-3.2.8/lib/active_record/fixtures.rb:492:in `each'
    /usr/local/rvm/gems/ruby-1.9.3-p194/gems/activerecord-3.2.8/lib/active_record/fixtures.rb:492:in `block (2 levels) in create_fixtures'
    /usr/local/rvm/gems/ruby-1.9.3-p194/gems/activerecord-3.2.8/lib/active_record/connection_adapters/abstract/database_statements.rb:192:in `transaction'
    /usr/local/rvm/gems/ruby-1.9.3-p194/gems/activerecord-3.2.8/lib/active_record/fixtures.rb:491:in `block in create_fixtures'
    /usr/local/rvm/gems/ruby-1.9.3-p194/gems/activerecord-3.2.8/lib/active_record/connection_adapters/abstract_adapter.rb:168:in `disable_referential_integrity'
    /usr/local/rvm/gems/ruby-1.9.3-p194/gems/activerecord-3.2.8/lib/active_record/fixtures.rb:476:in `create_fixtures'
    /usr/local/rvm/gems/ruby-1.9.3-p194/gems/activerecord-3.2.8/lib/active_record/fixtures.rb:895:in `load_fixtures'
    /usr/local/rvm/gems/ruby-1.9.3-p194/gems/activerecord-3.2.8/lib/active_record/fixtures.rb:849:in `setup_fixtures'
    /usr/local/rvm/gems/ruby-1.9.3-p194/gems/activesupport-3.2.8/lib/active_support/callbacks.rb:429:in `_run__891055824__setup__379178721__callbacks'
    /usr/local/rvm/gems/ruby-1.9.3-p194/gems/activesupport-3.2.8/lib/active_support/callbacks.rb:405:in `__run_callback'
    /usr/local/rvm/gems/ruby-1.9.3-p194/gems/activesupport-3.2.8/lib/active_support/callbacks.rb:385:in `_run_setup_callbacks'
    /usr/local/rvm/gems/ruby-1.9.3-p194/gems/activesupport-3.2.8/lib/active_support/callbacks.rb:81:in `run_callbacks'
    /usr/local/rvm/gems/ruby-1.9.3-p194/gems/activesupport-3.2.8/lib/active_support/testing/setup_and_teardown.rb:35:in `run'

  3) Error:
test_should_get_edit(UsersControllerTest):
ActiveRecord::StatementInvalid: Could not find table 'users'
    /usr/local/rvm/gems/ruby-1.9.3-p194/gems/activerecord-3.2.8/lib/active_record/connection_adapters/sqlite_adapter.rb:472:in `table_structure'
    /usr/local/rvm/gems/ruby-1.9.3-p194/gems/activerecord-3.2.8/lib/active_record/connection_adapters/sqlite_adapter.rb:346:in `columns'
    /usr/local/rvm/gems/ruby-1.9.3-p194/gems/activerecord-3.2.8/lib/active_record/fixtures.rb:660:in `column_names'
    /usr/local/rvm/gems/ruby-1.9.3-p194/gems/activerecord-3.2.8/lib/active_record/fixtures.rb:652:in `timestamp_column_names'
    /usr/local/rvm/gems/ruby-1.9.3-p194/gems/activerecord-3.2.8/lib/active_record/fixtures.rb:585:in `block in table_rows'
    /usr/local/rvm/gems/ruby-1.9.3-p194/gems/activerecord-3.2.8/lib/active_record/fixtures.rb:579:in `each'
    /usr/local/rvm/gems/ruby-1.9.3-p194/gems/activerecord-3.2.8/lib/active_record/fixtures.rb:579:in `map'
    /usr/local/rvm/gems/ruby-1.9.3-p194/gems/activerecord-3.2.8/lib/active_record/fixtures.rb:579:in `table_rows'
    /usr/local/rvm/gems/ruby-1.9.3-p194/gems/activerecord-3.2.8/lib/active_record/fixtures.rb:494:in `block (3 levels) in create_fixtures'
    /usr/local/rvm/gems/ruby-1.9.3-p194/gems/activerecord-3.2.8/lib/active_record/fixtures.rb:492:in `each'
    /usr/local/rvm/gems/ruby-1.9.3-p194/gems/activerecord-3.2.8/lib/active_record/fixtures.rb:492:in `block (2 levels) in create_fixtures'
    /usr/local/rvm/gems/ruby-1.9.3-p194/gems/activerecord-3.2.8/lib/active_record/connection_adapters/abstract/database_statements.rb:192:in `transaction'
    /usr/local/rvm/gems/ruby-1.9.3-p194/gems/activerecord-3.2.8/lib/active_record/fixtures.rb:491:in `block in create_fixtures'
    /usr/local/rvm/gems/ruby-1.9.3-p194/gems/activerecord-3.2.8/lib/active_record/connection_adapters/abstract_adapter.rb:168:in `disable_referential_integrity'
    /usr/local/rvm/gems/ruby-1.9.3-p194/gems/activerecord-3.2.8/lib/active_record/fixtures.rb:476:in `create_fixtures'
    /usr/local/rvm/gems/ruby-1.9.3-p194/gems/activerecord-3.2.8/lib/active_record/fixtures.rb:895:in `load_fixtures'
    /usr/local/rvm/gems/ruby-1.9.3-p194/gems/activerecord-3.2.8/lib/active_record/fixtures.rb:849:in `setup_fixtures'
    /usr/local/rvm/gems/ruby-1.9.3-p194/gems/activesupport-3.2.8/lib/active_support/callbacks.rb:429:in `_run__891055824__setup__379178721__callbacks'
    /usr/local/rvm/gems/ruby-1.9.3-p194/gems/activesupport-3.2.8/lib/active_support/callbacks.rb:405:in `__run_callback'
    /usr/local/rvm/gems/ruby-1.9.3-p194/gems/activesupport-3.2.8/lib/active_support/callbacks.rb:385:in `_run_setup_callbacks'
    /usr/local/rvm/gems/ruby-1.9.3-p194/gems/activesupport-3.2.8/lib/active_support/callbacks.rb:81:in `run_callbacks'
    /usr/local/rvm/gems/ruby-1.9.3-p194/gems/activesupport-3.2.8/lib/active_support/testing/setup_and_teardown.rb:35:in `run'

  4) Error:
test_should_get_index(UsersControllerTest):
ActiveRecord::StatementInvalid: Could not find table 'users'
    /usr/local/rvm/gems/ruby-1.9.3-p194/gems/activerecord-3.2.8/lib/active_record/connection_adapters/sqlite_adapter.rb:472:in `table_structure'
    /usr/local/rvm/gems/ruby-1.9.3-p194/gems/activerecord-3.2.8/lib/active_record/connection_adapters/sqlite_adapter.rb:346:in `columns'
    /usr/local/rvm/gems/ruby-1.9.3-p194/gems/activerecord-3.2.8/lib/active_record/fixtures.rb:660:in `column_names'
    /usr/local/rvm/gems/ruby-1.9.3-p194/gems/activerecord-3.2.8/lib/active_record/fixtures.rb:652:in `timestamp_column_names'
    /usr/local/rvm/gems/ruby-1.9.3-p194/gems/activerecord-3.2.8/lib/active_record/fixtures.rb:585:in `block in table_rows'
    /usr/local/rvm/gems/ruby-1.9.3-p194/gems/activerecord-3.2.8/lib/active_record/fixtures.rb:579:in `each'
    /usr/local/rvm/gems/ruby-1.9.3-p194/gems/activerecord-3.2.8/lib/active_record/fixtures.rb:579:in `map'
    /usr/local/rvm/gems/ruby-1.9.3-p194/gems/activerecord-3.2.8/lib/active_record/fixtures.rb:579:in `table_rows'
    /usr/local/rvm/gems/ruby-1.9.3-p194/gems/activerecord-3.2.8/lib/active_record/fixtures.rb:494:in `block (3 levels) in create_fixtures'
    /usr/local/rvm/gems/ruby-1.9.3-p194/gems/activerecord-3.2.8/lib/active_record/fixtures.rb:492:in `each'
    /usr/local/rvm/gems/ruby-1.9.3-p194/gems/activerecord-3.2.8/lib/active_record/fixtures.rb:492:in `block (2 levels) in create_fixtures'
    /usr/local/rvm/gems/ruby-1.9.3-p194/gems/activerecord-3.2.8/lib/active_record/connection_adapters/abstract/database_statements.rb:192:in `transaction'
    /usr/local/rvm/gems/ruby-1.9.3-p194/gems/activerecord-3.2.8/lib/active_record/fixtures.rb:491:in `block in create_fixtures'
    /usr/local/rvm/gems/ruby-1.9.3-p194/gems/activerecord-3.2.8/lib/active_record/connection_adapters/abstract_adapter.rb:168:in `disable_referential_integrity'
    /usr/local/rvm/gems/ruby-1.9.3-p194/gems/activerecord-3.2.8/lib/active_record/fixtures.rb:476:in `create_fixtures'
    /usr/local/rvm/gems/ruby-1.9.3-p194/gems/activerecord-3.2.8/lib/active_record/fixtures.rb:895:in `load_fixtures'
    /usr/local/rvm/gems/ruby-1.9.3-p194/gems/activerecord-3.2.8/lib/active_record/fixtures.rb:849:in `setup_fixtures'
    /usr/local/rvm/gems/ruby-1.9.3-p194/gems/activesupport-3.2.8/lib/active_support/callbacks.rb:429:in `_run__891055824__setup__379178721__callbacks'
    /usr/local/rvm/gems/ruby-1.9.3-p194/gems/activesupport-3.2.8/lib/active_support/callbacks.rb:405:in `__run_callback'
    /usr/local/rvm/gems/ruby-1.9.3-p194/gems/activesupport-3.2.8/lib/active_support/callbacks.rb:385:in `_run_setup_callbacks'
    /usr/local/rvm/gems/ruby-1.9.3-p194/gems/activesupport-3.2.8/lib/active_support/callbacks.rb:81:in `run_callbacks'
    /usr/local/rvm/gems/ruby-1.9.3-p194/gems/activesupport-3.2.8/lib/active_support/testing/setup_and_teardown.rb:35:in `run'

  5) Error:
test_should_get_new(UsersControllerTest):
ActiveRecord::StatementInvalid: Could not find table 'users'
    /usr/local/rvm/gems/ruby-1.9.3-p194/gems/activerecord-3.2.8/lib/active_record/connection_adapters/sqlite_adapter.rb:472:in `table_structure'
    /usr/local/rvm/gems/ruby-1.9.3-p194/gems/activerecord-3.2.8/lib/active_record/connection_adapters/sqlite_adapter.rb:346:in `columns'
    /usr/local/rvm/gems/ruby-1.9.3-p194/gems/activerecord-3.2.8/lib/active_record/fixtures.rb:660:in `column_names'
    /usr/local/rvm/gems/ruby-1.9.3-p194/gems/activerecord-3.2.8/lib/active_record/fixtures.rb:652:in `timestamp_column_names'
    /usr/local/rvm/gems/ruby-1.9.3-p194/gems/activerecord-3.2.8/lib/active_record/fixtures.rb:585:in `block in table_rows'
    /usr/local/rvm/gems/ruby-1.9.3-p194/gems/activerecord-3.2.8/lib/active_record/fixtures.rb:579:in `each'
    /usr/local/rvm/gems/ruby-1.9.3-p194/gems/activerecord-3.2.8/lib/active_record/fixtures.rb:579:in `map'
    /usr/local/rvm/gems/ruby-1.9.3-p194/gems/activerecord-3.2.8/lib/active_record/fixtures.rb:579:in `table_rows'
    /usr/local/rvm/gems/ruby-1.9.3-p194/gems/activerecord-3.2.8/lib/active_record/fixtures.rb:494:in `block (3 levels) in create_fixtures'
    /usr/local/rvm/gems/ruby-1.9.3-p194/gems/activerecord-3.2.8/lib/active_record/fixtures.rb:492:in `each'
    /usr/local/rvm/gems/ruby-1.9.3-p194/gems/activerecord-3.2.8/lib/active_record/fixtures.rb:492:in `block (2 levels) in create_fixtures'
    /usr/local/rvm/gems/ruby-1.9.3-p194/gems/activerecord-3.2.8/lib/active_record/connection_adapters/abstract/database_statements.rb:192:in `transaction'
    /usr/local/rvm/gems/ruby-1.9.3-p194/gems/activerecord-3.2.8/lib/active_record/fixtures.rb:491:in `block in create_fixtures'
    /usr/local/rvm/gems/ruby-1.9.3-p194/gems/activerecord-3.2.8/lib/active_record/connection_adapters/abstract_adapter.rb:168:in `disable_referential_integrity'
    /usr/local/rvm/gems/ruby-1.9.3-p194/gems/activerecord-3.2.8/lib/active_record/fixtures.rb:476:in `create_fixtures'
    /usr/local/rvm/gems/ruby-1.9.3-p194/gems/activerecord-3.2.8/lib/active_record/fixtures.rb:895:in `load_fixtures'
    /usr/local/rvm/gems/ruby-1.9.3-p194/gems/activerecord-3.2.8/lib/active_record/fixtures.rb:849:in `setup_fixtures'
    /usr/local/rvm/gems/ruby-1.9.3-p194/gems/activesupport-3.2.8/lib/active_support/callbacks.rb:429:in `_run__891055824__setup__379178721__callbacks'
    /usr/local/rvm/gems/ruby-1.9.3-p194/gems/activesupport-3.2.8/lib/active_support/callbacks.rb:405:in `__run_callback'
    /usr/local/rvm/gems/ruby-1.9.3-p194/gems/activesupport-3.2.8/lib/active_support/callbacks.rb:385:in `_run_setup_callbacks'
    /usr/local/rvm/gems/ruby-1.9.3-p194/gems/activesupport-3.2.8/lib/active_support/callbacks.rb:81:in `run_callbacks'
    /usr/local/rvm/gems/ruby-1.9.3-p194/gems/activesupport-3.2.8/lib/active_support/testing/setup_and_teardown.rb:35:in `run'

  6) Error:
test_should_show_user(UsersControllerTest):
ActiveRecord::StatementInvalid: Could not find table 'users'
    /usr/local/rvm/gems/ruby-1.9.3-p194/gems/activerecord-3.2.8/lib/active_record/connection_adapters/sqlite_adapter.rb:472:in `table_structure'
    /usr/local/rvm/gems/ruby-1.9.3-p194/gems/activerecord-3.2.8/lib/active_record/connection_adapters/sqlite_adapter.rb:346:in `columns'
    /usr/local/rvm/gems/ruby-1.9.3-p194/gems/activerecord-3.2.8/lib/active_record/fixtures.rb:660:in `column_names'
    /usr/local/rvm/gems/ruby-1.9.3-p194/gems/activerecord-3.2.8/lib/active_record/fixtures.rb:652:in `timestamp_column_names'
    /usr/local/rvm/gems/ruby-1.9.3-p194/gems/activerecord-3.2.8/lib/active_record/fixtures.rb:585:in `block in table_rows'
    /usr/local/rvm/gems/ruby-1.9.3-p194/gems/activerecord-3.2.8/lib/active_record/fixtures.rb:579:in `each'
    /usr/local/rvm/gems/ruby-1.9.3-p194/gems/activerecord-3.2.8/lib/active_record/fixtures.rb:579:in `map'
    /usr/local/rvm/gems/ruby-1.9.3-p194/gems/activerecord-3.2.8/lib/active_record/fixtures.rb:579:in `table_rows'
    /usr/local/rvm/gems/ruby-1.9.3-p194/gems/activerecord-3.2.8/lib/active_record/fixtures.rb:494:in `block (3 levels) in create_fixtures'
    /usr/local/rvm/gems/ruby-1.9.3-p194/gems/activerecord-3.2.8/lib/active_record/fixtures.rb:492:in `each'
    /usr/local/rvm/gems/ruby-1.9.3-p194/gems/activerecord-3.2.8/lib/active_record/fixtures.rb:492:in `block (2 levels) in create_fixtures'
    /usr/local/rvm/gems/ruby-1.9.3-p194/gems/activerecord-3.2.8/lib/active_record/connection_adapters/abstract/database_statements.rb:192:in `transaction'
    /usr/local/rvm/gems/ruby-1.9.3-p194/gems/activerecord-3.2.8/lib/active_record/fixtures.rb:491:in `block in create_fixtures'
    /usr/local/rvm/gems/ruby-1.9.3-p194/gems/activerecord-3.2.8/lib/active_record/connection_adapters/abstract_adapter.rb:168:in `disable_referential_integrity'
    /usr/local/rvm/gems/ruby-1.9.3-p194/gems/activerecord-3.2.8/lib/active_record/fixtures.rb:476:in `create_fixtures'
    /usr/local/rvm/gems/ruby-1.9.3-p194/gems/activerecord-3.2.8/lib/active_record/fixtures.rb:895:in `load_fixtures'
    /usr/local/rvm/gems/ruby-1.9.3-p194/gems/activerecord-3.2.8/lib/active_record/fixtures.rb:849:in `setup_fixtures'
    /usr/local/rvm/gems/ruby-1.9.3-p194/gems/activesupport-3.2.8/lib/active_support/callbacks.rb:429:in `_run__891055824__setup__379178721__callbacks'
    /usr/local/rvm/gems/ruby-1.9.3-p194/gems/activesupport-3.2.8/lib/active_support/callbacks.rb:405:in `__run_callback'
    /usr/local/rvm/gems/ruby-1.9.3-p194/gems/activesupport-3.2.8/lib/active_support/callbacks.rb:385:in `_run_setup_callbacks'
    /usr/local/rvm/gems/ruby-1.9.3-p194/gems/activesupport-3.2.8/lib/active_support/callbacks.rb:81:in `run_callbacks'
    /usr/local/rvm/gems/ruby-1.9.3-p194/gems/activesupport-3.2.8/lib/active_support/testing/setup_and_teardown.rb:35:in `run'

  7) Error:
test_should_update_user(UsersControllerTest):
ActiveRecord::StatementInvalid: Could not find table 'users'
    /usr/local/rvm/gems/ruby-1.9.3-p194/gems/activerecord-3.2.8/lib/active_record/connection_adapters/sqlite_adapter.rb:472:in `table_structure'
    /usr/local/rvm/gems/ruby-1.9.3-p194/gems/activerecord-3.2.8/lib/active_record/connection_adapters/sqlite_adapter.rb:346:in `columns'
    /usr/local/rvm/gems/ruby-1.9.3-p194/gems/activerecord-3.2.8/lib/active_record/fixtures.rb:660:in `column_names'
    /usr/local/rvm/gems/ruby-1.9.3-p194/gems/activerecord-3.2.8/lib/active_record/fixtures.rb:652:in `timestamp_column_names'
    /usr/local/rvm/gems/ruby-1.9.3-p194/gems/activerecord-3.2.8/lib/active_record/fixtures.rb:585:in `block in table_rows'
    /usr/local/rvm/gems/ruby-1.9.3-p194/gems/activerecord-3.2.8/lib/active_record/fixtures.rb:579:in `each'
    /usr/local/rvm/gems/ruby-1.9.3-p194/gems/activerecord-3.2.8/lib/active_record/fixtures.rb:579:in `map'
    /usr/local/rvm/gems/ruby-1.9.3-p194/gems/activerecord-3.2.8/lib/active_record/fixtures.rb:579:in `table_rows'
    /usr/local/rvm/gems/ruby-1.9.3-p194/gems/activerecord-3.2.8/lib/active_record/fixtures.rb:494:in `block (3 levels) in create_fixtures'
    /usr/local/rvm/gems/ruby-1.9.3-p194/gems/activerecord-3.2.8/lib/active_record/fixtures.rb:492:in `each'
    /usr/local/rvm/gems/ruby-1.9.3-p194/gems/activerecord-3.2.8/lib/active_record/fixtures.rb:492:in `block (2 levels) in create_fixtures'
    /usr/local/rvm/gems/ruby-1.9.3-p194/gems/activerecord-3.2.8/lib/active_record/connection_adapters/abstract/database_statements.rb:192:in `transaction'
    /usr/local/rvm/gems/ruby-1.9.3-p194/gems/activerecord-3.2.8/lib/active_record/fixtures.rb:491:in `block in create_fixtures'
    /usr/local/rvm/gems/ruby-1.9.3-p194/gems/activerecord-3.2.8/lib/active_record/connection_adapters/abstract_adapter.rb:168:in `disable_referential_integrity'
    /usr/local/rvm/gems/ruby-1.9.3-p194/gems/activerecord-3.2.8/lib/active_record/fixtures.rb:476:in `create_fixtures'
    /usr/local/rvm/gems/ruby-1.9.3-p194/gems/activerecord-3.2.8/lib/active_record/fixtures.rb:895:in `load_fixtures'
    /usr/local/rvm/gems/ruby-1.9.3-p194/gems/activerecord-3.2.8/lib/active_record/fixtures.rb:849:in `setup_fixtures'
    /usr/local/rvm/gems/ruby-1.9.3-p194/gems/activesupport-3.2.8/lib/active_support/callbacks.rb:429:in `_run__891055824__setup__379178721__callbacks'
    /usr/local/rvm/gems/ruby-1.9.3-p194/gems/activesupport-3.2.8/lib/active_support/callbacks.rb:405:in `__run_callback'
    /usr/local/rvm/gems/ruby-1.9.3-p194/gems/activesupport-3.2.8/lib/active_support/callbacks.rb:385:in `_run_setup_callbacks'
    /usr/local/rvm/gems/ruby-1.9.3-p194/gems/activesupport-3.2.8/lib/active_support/callbacks.rb:81:in `run_callbacks'
    /usr/local/rvm/gems/ruby-1.9.3-p194/gems/activesupport-3.2.8/lib/active_support/testing/setup_and_teardown.rb:35:in `run'

7 tests, 0 assertions, 0 failures, 7 errors, 0 skips
Run options: -n "/^(test_should_create_micropost|test_should_destroy_micropost|test_should_get_edit|test_should_get_index|test_should_get_new|test_should_show_micropost|test_should_update_micropost)$/"

# Running tests:

EEEEEEE

Finished tests in 0.099337s, 70.4671 tests/s, 0.0000 assertions/s.

  1) Error:
test_should_create_micropost(MicropostsControllerTest):
ActiveRecord::StatementInvalid: Could not find table 'users'
    /usr/local/rvm/gems/ruby-1.9.3-p194/gems/activerecord-3.2.8/lib/active_record/connection_adapters/sqlite_adapter.rb:472:in `table_structure'
    /usr/local/rvm/gems/ruby-1.9.3-p194/gems/activerecord-3.2.8/lib/active_record/connection_adapters/sqlite_adapter.rb:346:in `columns'
    /usr/local/rvm/gems/ruby-1.9.3-p194/gems/activerecord-3.2.8/lib/active_record/fixtures.rb:660:in `column_names'
    /usr/local/rvm/gems/ruby-1.9.3-p194/gems/activerecord-3.2.8/lib/active_record/fixtures.rb:652:in `timestamp_column_names'
    /usr/local/rvm/gems/ruby-1.9.3-p194/gems/activerecord-3.2.8/lib/active_record/fixtures.rb:585:in `block in table_rows'
    /usr/local/rvm/gems/ruby-1.9.3-p194/gems/activerecord-3.2.8/lib/active_record/fixtures.rb:579:in `each'
    /usr/local/rvm/gems/ruby-1.9.3-p194/gems/activerecord-3.2.8/lib/active_record/fixtures.rb:579:in `map'
    /usr/local/rvm/gems/ruby-1.9.3-p194/gems/activerecord-3.2.8/lib/active_record/fixtures.rb:579:in `table_rows'
    /usr/local/rvm/gems/ruby-1.9.3-p194/gems/activerecord-3.2.8/lib/active_record/fixtures.rb:494:in `block (3 levels) in create_fixtures'
    /usr/local/rvm/gems/ruby-1.9.3-p194/gems/activerecord-3.2.8/lib/active_record/fixtures.rb:492:in `each'
    /usr/local/rvm/gems/ruby-1.9.3-p194/gems/activerecord-3.2.8/lib/active_record/fixtures.rb:492:in `block (2 levels) in create_fixtures'
    /usr/local/rvm/gems/ruby-1.9.3-p194/gems/activerecord-3.2.8/lib/active_record/connection_adapters/abstract/database_statements.rb:192:in `transaction'
    /usr/local/rvm/gems/ruby-1.9.3-p194/gems/activerecord-3.2.8/lib/active_record/fixtures.rb:491:in `block in create_fixtures'
    /usr/local/rvm/gems/ruby-1.9.3-p194/gems/activerecord-3.2.8/lib/active_record/connection_adapters/abstract_adapter.rb:168:in `disable_referential_integrity'
    /usr/local/rvm/gems/ruby-1.9.3-p194/gems/activerecord-3.2.8/lib/active_record/fixtures.rb:476:in `create_fixtures'
    /usr/local/rvm/gems/ruby-1.9.3-p194/gems/activerecord-3.2.8/lib/active_record/fixtures.rb:895:in `load_fixtures'
    /usr/local/rvm/gems/ruby-1.9.3-p194/gems/activerecord-3.2.8/lib/active_record/fixtures.rb:849:in `setup_fixtures'
    /usr/local/rvm/gems/ruby-1.9.3-p194/gems/activesupport-3.2.8/lib/active_support/callbacks.rb:429:in `_run__400743208__setup__110085458__callbacks'
    /usr/local/rvm/gems/ruby-1.9.3-p194/gems/activesupport-3.2.8/lib/active_support/callbacks.rb:405:in `__run_callback'
    /usr/local/rvm/gems/ruby-1.9.3-p194/gems/activesupport-3.2.8/lib/active_support/callbacks.rb:385:in `_run_setup_callbacks'
    /usr/local/rvm/gems/ruby-1.9.3-p194/gems/activesupport-3.2.8/lib/active_support/callbacks.rb:81:in `run_callbacks'
    /usr/local/rvm/gems/ruby-1.9.3-p194/gems/activesupport-3.2.8/lib/active_support/testing/setup_and_teardown.rb:35:in `run'

  2) Error:
test_should_destroy_micropost(MicropostsControllerTest):
ActiveRecord::StatementInvalid: Could not find table 'users'
    /usr/local/rvm/gems/ruby-1.9.3-p194/gems/activerecord-3.2.8/lib/active_record/connection_adapters/sqlite_adapter.rb:472:in `table_structure'
    /usr/local/rvm/gems/ruby-1.9.3-p194/gems/activerecord-3.2.8/lib/active_record/connection_adapters/sqlite_adapter.rb:346:in `columns'
    /usr/local/rvm/gems/ruby-1.9.3-p194/gems/activerecord-3.2.8/lib/active_record/fixtures.rb:660:in `column_names'
    /usr/local/rvm/gems/ruby-1.9.3-p194/gems/activerecord-3.2.8/lib/active_record/fixtures.rb:652:in `timestamp_column_names'
    /usr/local/rvm/gems/ruby-1.9.3-p194/gems/activerecord-3.2.8/lib/active_record/fixtures.rb:585:in `block in table_rows'
    /usr/local/rvm/gems/ruby-1.9.3-p194/gems/activerecord-3.2.8/lib/active_record/fixtures.rb:579:in `each'
    /usr/local/rvm/gems/ruby-1.9.3-p194/gems/activerecord-3.2.8/lib/active_record/fixtures.rb:579:in `map'
    /usr/local/rvm/gems/ruby-1.9.3-p194/gems/activerecord-3.2.8/lib/active_record/fixtures.rb:579:in `table_rows'
    /usr/local/rvm/gems/ruby-1.9.3-p194/gems/activerecord-3.2.8/lib/active_record/fixtures.rb:494:in `block (3 levels) in create_fixtures'
    /usr/local/rvm/gems/ruby-1.9.3-p194/gems/activerecord-3.2.8/lib/active_record/fixtures.rb:492:in `each'
    /usr/local/rvm/gems/ruby-1.9.3-p194/gems/activerecord-3.2.8/lib/active_record/fixtures.rb:492:in `block (2 levels) in create_fixtures'
    /usr/local/rvm/gems/ruby-1.9.3-p194/gems/activerecord-3.2.8/lib/active_record/connection_adapters/abstract/database_statements.rb:192:in `transaction'
    /usr/local/rvm/gems/ruby-1.9.3-p194/gems/activerecord-3.2.8/lib/active_record/fixtures.rb:491:in `block in create_fixtures'
    /usr/local/rvm/gems/ruby-1.9.3-p194/gems/activerecord-3.2.8/lib/active_record/connection_adapters/abstract_adapter.rb:168:in `disable_referential_integrity'
    /usr/local/rvm/gems/ruby-1.9.3-p194/gems/activerecord-3.2.8/lib/active_record/fixtures.rb:476:in `create_fixtures'
    /usr/local/rvm/gems/ruby-1.9.3-p194/gems/activerecord-3.2.8/lib/active_record/fixtures.rb:895:in `load_fixtures'
    /usr/local/rvm/gems/ruby-1.9.3-p194/gems/activerecord-3.2.8/lib/active_record/fixtures.rb:849:in `setup_fixtures'
    /usr/local/rvm/gems/ruby-1.9.3-p194/gems/activesupport-3.2.8/lib/active_support/callbacks.rb:429:in `_run__400743208__setup__110085458__callbacks'
    /usr/local/rvm/gems/ruby-1.9.3-p194/gems/activesupport-3.2.8/lib/active_support/callbacks.rb:405:in `__run_callback'
    /usr/local/rvm/gems/ruby-1.9.3-p194/gems/activesupport-3.2.8/lib/active_support/callbacks.rb:385:in `_run_setup_callbacks'
    /usr/local/rvm/gems/ruby-1.9.3-p194/gems/activesupport-3.2.8/lib/active_support/callbacks.rb:81:in `run_callbacks'
    /usr/local/rvm/gems/ruby-1.9.3-p194/gems/activesupport-3.2.8/lib/active_support/testing/setup_and_teardown.rb:35:in `run'

  3) Error:
test_should_get_edit(MicropostsControllerTest):
ActiveRecord::StatementInvalid: Could not find table 'users'
    /usr/local/rvm/gems/ruby-1.9.3-p194/gems/activerecord-3.2.8/lib/active_record/connection_adapters/sqlite_adapter.rb:472:in `table_structure'
    /usr/local/rvm/gems/ruby-1.9.3-p194/gems/activerecord-3.2.8/lib/active_record/connection_adapters/sqlite_adapter.rb:346:in `columns'
    /usr/local/rvm/gems/ruby-1.9.3-p194/gems/activerecord-3.2.8/lib/active_record/fixtures.rb:660:in `column_names'
    /usr/local/rvm/gems/ruby-1.9.3-p194/gems/activerecord-3.2.8/lib/active_record/fixtures.rb:652:in `timestamp_column_names'
    /usr/local/rvm/gems/ruby-1.9.3-p194/gems/activerecord-3.2.8/lib/active_record/fixtures.rb:585:in `block in table_rows'
    /usr/local/rvm/gems/ruby-1.9.3-p194/gems/activerecord-3.2.8/lib/active_record/fixtures.rb:579:in `each'
    /usr/local/rvm/gems/ruby-1.9.3-p194/gems/activerecord-3.2.8/lib/active_record/fixtures.rb:579:in `map'
    /usr/local/rvm/gems/ruby-1.9.3-p194/gems/activerecord-3.2.8/lib/active_record/fixtures.rb:579:in `table_rows'
    /usr/local/rvm/gems/ruby-1.9.3-p194/gems/activerecord-3.2.8/lib/active_record/fixtures.rb:494:in `block (3 levels) in create_fixtures'
    /usr/local/rvm/gems/ruby-1.9.3-p194/gems/activerecord-3.2.8/lib/active_record/fixtures.rb:492:in `each'
    /usr/local/rvm/gems/ruby-1.9.3-p194/gems/activerecord-3.2.8/lib/active_record/fixtures.rb:492:in `block (2 levels) in create_fixtures'
    /usr/local/rvm/gems/ruby-1.9.3-p194/gems/activerecord-3.2.8/lib/active_record/connection_adapters/abstract/database_statements.rb:192:in `transaction'
    /usr/local/rvm/gems/ruby-1.9.3-p194/gems/activerecord-3.2.8/lib/active_record/fixtures.rb:491:in `block in create_fixtures'
    /usr/local/rvm/gems/ruby-1.9.3-p194/gems/activerecord-3.2.8/lib/active_record/connection_adapters/abstract_adapter.rb:168:in `disable_referential_integrity'
    /usr/local/rvm/gems/ruby-1.9.3-p194/gems/activerecord-3.2.8/lib/active_record/fixtures.rb:476:in `create_fixtures'
    /usr/local/rvm/gems/ruby-1.9.3-p194/gems/activerecord-3.2.8/lib/active_record/fixtures.rb:895:in `load_fixtures'
    /usr/local/rvm/gems/ruby-1.9.3-p194/gems/activerecord-3.2.8/lib/active_record/fixtures.rb:849:in `setup_fixtures'
    /usr/local/rvm/gems/ruby-1.9.3-p194/gems/activesupport-3.2.8/lib/active_support/callbacks.rb:429:in `_run__400743208__setup__110085458__callbacks'
    /usr/local/rvm/gems/ruby-1.9.3-p194/gems/activesupport-3.2.8/lib/active_support/callbacks.rb:405:in `__run_callback'
    /usr/local/rvm/gems/ruby-1.9.3-p194/gems/activesupport-3.2.8/lib/active_support/callbacks.rb:385:in `_run_setup_callbacks'
    /usr/local/rvm/gems/ruby-1.9.3-p194/gems/activesupport-3.2.8/lib/active_support/callbacks.rb:81:in `run_callbacks'
    /usr/local/rvm/gems/ruby-1.9.3-p194/gems/activesupport-3.2.8/lib/active_support/testing/setup_and_teardown.rb:35:in `run'

  4) Error:
test_should_get_index(MicropostsControllerTest):
ActiveRecord::StatementInvalid: Could not find table 'users'
    /usr/local/rvm/gems/ruby-1.9.3-p194/gems/activerecord-3.2.8/lib/active_record/connection_adapters/sqlite_adapter.rb:472:in `table_structure'
    /usr/local/rvm/gems/ruby-1.9.3-p194/gems/activerecord-3.2.8/lib/active_record/connection_adapters/sqlite_adapter.rb:346:in `columns'
    /usr/local/rvm/gems/ruby-1.9.3-p194/gems/activerecord-3.2.8/lib/active_record/fixtures.rb:660:in `column_names'
    /usr/local/rvm/gems/ruby-1.9.3-p194/gems/activerecord-3.2.8/lib/active_record/fixtures.rb:652:in `timestamp_column_names'
    /usr/local/rvm/gems/ruby-1.9.3-p194/gems/activerecord-3.2.8/lib/active_record/fixtures.rb:585:in `block in table_rows'
    /usr/local/rvm/gems/ruby-1.9.3-p194/gems/activerecord-3.2.8/lib/active_record/fixtures.rb:579:in `each'
    /usr/local/rvm/gems/ruby-1.9.3-p194/gems/activerecord-3.2.8/lib/active_record/fixtures.rb:579:in `map'
    /usr/local/rvm/gems/ruby-1.9.3-p194/gems/activerecord-3.2.8/lib/active_record/fixtures.rb:579:in `table_rows'
    /usr/local/rvm/gems/ruby-1.9.3-p194/gems/activerecord-3.2.8/lib/active_record/fixtures.rb:494:in `block (3 levels) in create_fixtures'
    /usr/local/rvm/gems/ruby-1.9.3-p194/gems/activerecord-3.2.8/lib/active_record/fixtures.rb:492:in `each'
    /usr/local/rvm/gems/ruby-1.9.3-p194/gems/activerecord-3.2.8/lib/active_record/fixtures.rb:492:in `block (2 levels) in create_fixtures'
    /usr/local/rvm/gems/ruby-1.9.3-p194/gems/activerecord-3.2.8/lib/active_record/connection_adapters/abstract/database_statements.rb:192:in `transaction'
    /usr/local/rvm/gems/ruby-1.9.3-p194/gems/activerecord-3.2.8/lib/active_record/fixtures.rb:491:in `block in create_fixtures'
    /usr/local/rvm/gems/ruby-1.9.3-p194/gems/activerecord-3.2.8/lib/active_record/connection_adapters/abstract_adapter.rb:168:in `disable_referential_integrity'
    /usr/local/rvm/gems/ruby-1.9.3-p194/gems/activerecord-3.2.8/lib/active_record/fixtures.rb:476:in `create_fixtures'
    /usr/local/rvm/gems/ruby-1.9.3-p194/gems/activerecord-3.2.8/lib/active_record/fixtures.rb:895:in `load_fixtures'
    /usr/local/rvm/gems/ruby-1.9.3-p194/gems/activerecord-3.2.8/lib/active_record/fixtures.rb:849:in `setup_fixtures'
    /usr/local/rvm/gems/ruby-1.9.3-p194/gems/activesupport-3.2.8/lib/active_support/callbacks.rb:429:in `_run__400743208__setup__110085458__callbacks'
    /usr/local/rvm/gems/ruby-1.9.3-p194/gems/activesupport-3.2.8/lib/active_support/callbacks.rb:405:in `__run_callback'
    /usr/local/rvm/gems/ruby-1.9.3-p194/gems/activesupport-3.2.8/lib/active_support/callbacks.rb:385:in `_run_setup_callbacks'
    /usr/local/rvm/gems/ruby-1.9.3-p194/gems/activesupport-3.2.8/lib/active_support/callbacks.rb:81:in `run_callbacks'
    /usr/local/rvm/gems/ruby-1.9.3-p194/gems/activesupport-3.2.8/lib/active_support/testing/setup_and_teardown.rb:35:in `run'

  5) Error:
test_should_get_new(MicropostsControllerTest):
ActiveRecord::StatementInvalid: Could not find table 'users'
    /usr/local/rvm/gems/ruby-1.9.3-p194/gems/activerecord-3.2.8/lib/active_record/connection_adapters/sqlite_adapter.rb:472:in `table_structure'
    /usr/local/rvm/gems/ruby-1.9.3-p194/gems/activerecord-3.2.8/lib/active_record/connection_adapters/sqlite_adapter.rb:346:in `columns'
    /usr/local/rvm/gems/ruby-1.9.3-p194/gems/activerecord-3.2.8/lib/active_record/fixtures.rb:660:in `column_names'
    /usr/local/rvm/gems/ruby-1.9.3-p194/gems/activerecord-3.2.8/lib/active_record/fixtures.rb:652:in `timestamp_column_names'
    /usr/local/rvm/gems/ruby-1.9.3-p194/gems/activerecord-3.2.8/lib/active_record/fixtures.rb:585:in `block in table_rows'
    /usr/local/rvm/gems/ruby-1.9.3-p194/gems/activerecord-3.2.8/lib/active_record/fixtures.rb:579:in `each'
    /usr/local/rvm/gems/ruby-1.9.3-p194/gems/activerecord-3.2.8/lib/active_record/fixtures.rb:579:in `map'
    /usr/local/rvm/gems/ruby-1.9.3-p194/gems/activerecord-3.2.8/lib/active_record/fixtures.rb:579:in `table_rows'
    /usr/local/rvm/gems/ruby-1.9.3-p194/gems/activerecord-3.2.8/lib/active_record/fixtures.rb:494:in `block (3 levels) in create_fixtures'
    /usr/local/rvm/gems/ruby-1.9.3-p194/gems/activerecord-3.2.8/lib/active_record/fixtures.rb:492:in `each'
    /usr/local/rvm/gems/ruby-1.9.3-p194/gems/activerecord-3.2.8/lib/active_record/fixtures.rb:492:in `block (2 levels) in create_fixtures'
    /usr/local/rvm/gems/ruby-1.9.3-p194/gems/activerecord-3.2.8/lib/active_record/connection_adapters/abstract/database_statements.rb:192:in `transaction'
    /usr/local/rvm/gems/ruby-1.9.3-p194/gems/activerecord-3.2.8/lib/active_record/fixtures.rb:491:in `block in create_fixtures'
    /usr/local/rvm/gems/ruby-1.9.3-p194/gems/activerecord-3.2.8/lib/active_record/connection_adapters/abstract_adapter.rb:168:in `disable_referential_integrity'
    /usr/local/rvm/gems/ruby-1.9.3-p194/gems/activerecord-3.2.8/lib/active_record/fixtures.rb:476:in `create_fixtures'
    /usr/local/rvm/gems/ruby-1.9.3-p194/gems/activerecord-3.2.8/lib/active_record/fixtures.rb:895:in `load_fixtures'
    /usr/local/rvm/gems/ruby-1.9.3-p194/gems/activerecord-3.2.8/lib/active_record/fixtures.rb:849:in `setup_fixtures'
    /usr/local/rvm/gems/ruby-1.9.3-p194/gems/activesupport-3.2.8/lib/active_support/callbacks.rb:429:in `_run__400743208__setup__110085458__callbacks'
    /usr/local/rvm/gems/ruby-1.9.3-p194/gems/activesupport-3.2.8/lib/active_support/callbacks.rb:405:in `__run_callback'
    /usr/local/rvm/gems/ruby-1.9.3-p194/gems/activesupport-3.2.8/lib/active_support/callbacks.rb:385:in `_run_setup_callbacks'
    /usr/local/rvm/gems/ruby-1.9.3-p194/gems/activesupport-3.2.8/lib/active_support/callbacks.rb:81:in `run_callbacks'
    /usr/local/rvm/gems/ruby-1.9.3-p194/gems/activesupport-3.2.8/lib/active_support/testing/setup_and_teardown.rb:35:in `run'

  6) Error:
test_should_show_micropost(MicropostsControllerTest):
ActiveRecord::StatementInvalid: Could not find table 'users'
    /usr/local/rvm/gems/ruby-1.9.3-p194/gems/activerecord-3.2.8/lib/active_record/connection_adapters/sqlite_adapter.rb:472:in `table_structure'
    /usr/local/rvm/gems/ruby-1.9.3-p194/gems/activerecord-3.2.8/lib/active_record/connection_adapters/sqlite_adapter.rb:346:in `columns'
    /usr/local/rvm/gems/ruby-1.9.3-p194/gems/activerecord-3.2.8/lib/active_record/fixtures.rb:660:in `column_names'
    /usr/local/rvm/gems/ruby-1.9.3-p194/gems/activerecord-3.2.8/lib/active_record/fixtures.rb:652:in `timestamp_column_names'
    /usr/local/rvm/gems/ruby-1.9.3-p194/gems/activerecord-3.2.8/lib/active_record/fixtures.rb:585:in `block in table_rows'
    /usr/local/rvm/gems/ruby-1.9.3-p194/gems/activerecord-3.2.8/lib/active_record/fixtures.rb:579:in `each'
    /usr/local/rvm/gems/ruby-1.9.3-p194/gems/activerecord-3.2.8/lib/active_record/fixtures.rb:579:in `map'
    /usr/local/rvm/gems/ruby-1.9.3-p194/gems/activerecord-3.2.8/lib/active_record/fixtures.rb:579:in `table_rows'
    /usr/local/rvm/gems/ruby-1.9.3-p194/gems/activerecord-3.2.8/lib/active_record/fixtures.rb:494:in `block (3 levels) in create_fixtures'
    /usr/local/rvm/gems/ruby-1.9.3-p194/gems/activerecord-3.2.8/lib/active_record/fixtures.rb:492:in `each'
    /usr/local/rvm/gems/ruby-1.9.3-p194/gems/activerecord-3.2.8/lib/active_record/fixtures.rb:492:in `block (2 levels) in create_fixtures'
    /usr/local/rvm/gems/ruby-1.9.3-p194/gems/activerecord-3.2.8/lib/active_record/connection_adapters/abstract/database_statements.rb:192:in `transaction'
    /usr/local/rvm/gems/ruby-1.9.3-p194/gems/activerecord-3.2.8/lib/active_record/fixtures.rb:491:in `block in create_fixtures'
    /usr/local/rvm/gems/ruby-1.9.3-p194/gems/activerecord-3.2.8/lib/active_record/connection_adapters/abstract_adapter.rb:168:in `disable_referential_integrity'
    /usr/local/rvm/gems/ruby-1.9.3-p194/gems/activerecord-3.2.8/lib/active_record/fixtures.rb:476:in `create_fixtures'
    /usr/local/rvm/gems/ruby-1.9.3-p194/gems/activerecord-3.2.8/lib/active_record/fixtures.rb:895:in `load_fixtures'
    /usr/local/rvm/gems/ruby-1.9.3-p194/gems/activerecord-3.2.8/lib/active_record/fixtures.rb:849:in `setup_fixtures'
    /usr/local/rvm/gems/ruby-1.9.3-p194/gems/activesupport-3.2.8/lib/active_support/callbacks.rb:429:in `_run__400743208__setup__110085458__callbacks'
    /usr/local/rvm/gems/ruby-1.9.3-p194/gems/activesupport-3.2.8/lib/active_support/callbacks.rb:405:in `__run_callback'
    /usr/local/rvm/gems/ruby-1.9.3-p194/gems/activesupport-3.2.8/lib/active_support/callbacks.rb:385:in `_run_setup_callbacks'
    /usr/local/rvm/gems/ruby-1.9.3-p194/gems/activesupport-3.2.8/lib/active_support/callbacks.rb:81:in `run_callbacks'
    /usr/local/rvm/gems/ruby-1.9.3-p194/gems/activesupport-3.2.8/lib/active_support/testing/setup_and_teardown.rb:35:in `run'

  7) Error:
test_should_update_micropost(MicropostsControllerTest):
ActiveRecord::StatementInvalid: Could not find table 'users'
    /usr/local/rvm/gems/ruby-1.9.3-p194/gems/activerecord-3.2.8/lib/active_record/connection_adapters/sqlite_adapter.rb:472:in `table_structure'
    /usr/local/rvm/gems/ruby-1.9.3-p194/gems/activerecord-3.2.8/lib/active_record/connection_adapters/sqlite_adapter.rb:346:in `columns'
    /usr/local/rvm/gems/ruby-1.9.3-p194/gems/activerecord-3.2.8/lib/active_record/fixtures.rb:660:in `column_names'
    /usr/local/rvm/gems/ruby-1.9.3-p194/gems/activerecord-3.2.8/lib/active_record/fixtures.rb:652:in `timestamp_column_names'
    /usr/local/rvm/gems/ruby-1.9.3-p194/gems/activerecord-3.2.8/lib/active_record/fixtures.rb:585:in `block in table_rows'
    /usr/local/rvm/gems/ruby-1.9.3-p194/gems/activerecord-3.2.8/lib/active_record/fixtures.rb:579:in `each'
    /usr/local/rvm/gems/ruby-1.9.3-p194/gems/activerecord-3.2.8/lib/active_record/fixtures.rb:579:in `map'
    /usr/local/rvm/gems/ruby-1.9.3-p194/gems/activerecord-3.2.8/lib/active_record/fixtures.rb:579:in `table_rows'
    /usr/local/rvm/gems/ruby-1.9.3-p194/gems/activerecord-3.2.8/lib/active_record/fixtures.rb:494:in `block (3 levels) in create_fixtures'
    /usr/local/rvm/gems/ruby-1.9.3-p194/gems/activerecord-3.2.8/lib/active_record/fixtures.rb:492:in `each'
    /usr/local/rvm/gems/ruby-1.9.3-p194/gems/activerecord-3.2.8/lib/active_record/fixtures.rb:492:in `block (2 levels) in create_fixtures'
    /usr/local/rvm/gems/ruby-1.9.3-p194/gems/activerecord-3.2.8/lib/active_record/connection_adapters/abstract/database_statements.rb:192:in `transaction'
    /usr/local/rvm/gems/ruby-1.9.3-p194/gems/activerecord-3.2.8/lib/active_record/fixtures.rb:491:in `block in create_fixtures'
    /usr/local/rvm/gems/ruby-1.9.3-p194/gems/activerecord-3.2.8/lib/active_record/connection_adapters/abstract_adapter.rb:168:in `disable_referential_integrity'
    /usr/local/rvm/gems/ruby-1.9.3-p194/gems/activerecord-3.2.8/lib/active_record/fixtures.rb:476:in `create_fixtures'
    /usr/local/rvm/gems/ruby-1.9.3-p194/gems/activerecord-3.2.8/lib/active_record/fixtures.rb:895:in `load_fixtures'
    /usr/local/rvm/gems/ruby-1.9.3-p194/gems/activerecord-3.2.8/lib/active_record/fixtures.rb:849:in `setup_fixtures'
    /usr/local/rvm/gems/ruby-1.9.3-p194/gems/activesupport-3.2.8/lib/active_support/callbacks.rb:429:in `_run__400743208__setup__110085458__callbacks'
    /usr/local/rvm/gems/ruby-1.9.3-p194/gems/activesupport-3.2.8/lib/active_support/callbacks.rb:405:in `__run_callback'
    /usr/local/rvm/gems/ruby-1.9.3-p194/gems/activesupport-3.2.8/lib/active_support/callbacks.rb:385:in `_run_setup_callbacks'
    /usr/local/rvm/gems/ruby-1.9.3-p194/gems/activesupport-3.2.8/lib/active_support/callbacks.rb:81:in `run_callbacks'
    /usr/local/rvm/gems/ruby-1.9.3-p194/gems/activesupport-3.2.8/lib/active_support/testing/setup_and_teardown.rb:35:in `run'

7 tests, 0 assertions, 0 failures, 7 errors, 0 skips
/usr/local/rvm/rubies/ruby-1.9.3-p194/bin/ruby -I.:lib:test -rubygems test/functional/pages_controller_test.rb -n "/^(test_should_get_contact|test_should_get_home)$/"; /usr/local/rvm/rubies/ruby-1.9.3-p194/bin/ruby -I.:lib:test -rubygems test/functional/microposts_controller_test.rb -n "/^(test_should_create_micropost|test_should_destroy_micropost|test_should_get_edit|test_should_get_index|test_should_get_new|test_should_show_micropost|test_should_update_micropost)$/"; /usr/local/rvm/rubies/ruby-1.9.3-p194/bin/ruby -I.:lib:test -rubygems test/functional/users_controller_test.rb -n "/^(test_should_create_user|test_should_destroy_user|test_should_get_edit|test_should_get_index|test_should_get_new|test_should_show_user|test_should_update_user)$/"
Run options: -n "/^(test_should_get_contact|test_should_get_home)$/"

# Running tests:

EE

Finished tests in 0.044564s, 44.8795 tests/s, 0.0000 assertions/s.

  1) Error:
test_should_get_contact(PagesControllerTest):
ActiveRecord::StatementInvalid: Could not find table 'users'
    /usr/local/rvm/gems/ruby-1.9.3-p194/gems/activerecord-3.2.8/lib/active_record/connection_adapters/sqlite_adapter.rb:472:in `table_structure'
    /usr/local/rvm/gems/ruby-1.9.3-p194/gems/activerecord-3.2.8/lib/active_record/connection_adapters/sqlite_adapter.rb:346:in `columns'
    /usr/local/rvm/gems/ruby-1.9.3-p194/gems/activerecord-3.2.8/lib/active_record/fixtures.rb:660:in `column_names'
    /usr/local/rvm/gems/ruby-1.9.3-p194/gems/activerecord-3.2.8/lib/active_record/fixtures.rb:652:in `timestamp_column_names'
    /usr/local/rvm/gems/ruby-1.9.3-p194/gems/activerecord-3.2.8/lib/active_record/fixtures.rb:585:in `block in table_rows'
    /usr/local/rvm/gems/ruby-1.9.3-p194/gems/activerecord-3.2.8/lib/active_record/fixtures.rb:579:in `each'
    /usr/local/rvm/gems/ruby-1.9.3-p194/gems/activerecord-3.2.8/lib/active_record/fixtures.rb:579:in `map'
    /usr/local/rvm/gems/ruby-1.9.3-p194/gems/activerecord-3.2.8/lib/active_record/fixtures.rb:579:in `table_rows'
    /usr/local/rvm/gems/ruby-1.9.3-p194/gems/activerecord-3.2.8/lib/active_record/fixtures.rb:494:in `block (3 levels) in create_fixtures'
    /usr/local/rvm/gems/ruby-1.9.3-p194/gems/activerecord-3.2.8/lib/active_record/fixtures.rb:492:in `each'
    /usr/local/rvm/gems/ruby-1.9.3-p194/gems/activerecord-3.2.8/lib/active_record/fixtures.rb:492:in `block (2 levels) in create_fixtures'
    /usr/local/rvm/gems/ruby-1.9.3-p194/gems/activerecord-3.2.8/lib/active_record/connection_adapters/abstract/database_statements.rb:192:in `transaction'
    /usr/local/rvm/gems/ruby-1.9.3-p194/gems/activerecord-3.2.8/lib/active_record/fixtures.rb:491:in `block in create_fixtures'
    /usr/local/rvm/gems/ruby-1.9.3-p194/gems/activerecord-3.2.8/lib/active_record/connection_adapters/abstract_adapter.rb:168:in `disable_referential_integrity'
    /usr/local/rvm/gems/ruby-1.9.3-p194/gems/activerecord-3.2.8/lib/active_record/fixtures.rb:476:in `create_fixtures'
    /usr/local/rvm/gems/ruby-1.9.3-p194/gems/activerecord-3.2.8/lib/active_record/fixtures.rb:895:in `load_fixtures'
    /usr/local/rvm/gems/ruby-1.9.3-p194/gems/activerecord-3.2.8/lib/active_record/fixtures.rb:849:in `setup_fixtures'
    /usr/local/rvm/gems/ruby-1.9.3-p194/gems/activesupport-3.2.8/lib/active_support/callbacks.rb:429:in `_run__1041182738__setup__138388048__callbacks'
    /usr/local/rvm/gems/ruby-1.9.3-p194/gems/activesupport-3.2.8/lib/active_support/callbacks.rb:405:in `__run_callback'
    /usr/local/rvm/gems/ruby-1.9.3-p194/gems/activesupport-3.2.8/lib/active_support/callbacks.rb:385:in `_run_setup_callbacks'
    /usr/local/rvm/gems/ruby-1.9.3-p194/gems/activesupport-3.2.8/lib/active_support/callbacks.rb:81:in `run_callbacks'
    /usr/local/rvm/gems/ruby-1.9.3-p194/gems/activesupport-3.2.8/lib/active_support/testing/setup_and_teardown.rb:35:in `run'

  2) Error:
test_should_get_home(PagesControllerTest):
ActiveRecord::StatementInvalid: Could not find table 'users'
    /usr/local/rvm/gems/ruby-1.9.3-p194/gems/activerecord-3.2.8/lib/active_record/connection_adapters/sqlite_adapter.rb:472:in `table_structure'
    /usr/local/rvm/gems/ruby-1.9.3-p194/gems/activerecord-3.2.8/lib/active_record/connection_adapters/sqlite_adapter.rb:346:in `columns'
    /usr/local/rvm/gems/ruby-1.9.3-p194/gems/activerecord-3.2.8/lib/active_record/fixtures.rb:660:in `column_names'
    /usr/local/rvm/gems/ruby-1.9.3-p194/gems/activerecord-3.2.8/lib/active_record/fixtures.rb:652:in `timestamp_column_names'
    /usr/local/rvm/gems/ruby-1.9.3-p194/gems/activerecord-3.2.8/lib/active_record/fixtures.rb:585:in `block in table_rows'
    /usr/local/rvm/gems/ruby-1.9.3-p194/gems/activerecord-3.2.8/lib/active_record/fixtures.rb:579:in `each'
    /usr/local/rvm/gems/ruby-1.9.3-p194/gems/activerecord-3.2.8/lib/active_record/fixtures.rb:579:in `map'
    /usr/local/rvm/gems/ruby-1.9.3-p194/gems/activerecord-3.2.8/lib/active_record/fixtures.rb:579:in `table_rows'
    /usr/local/rvm/gems/ruby-1.9.3-p194/gems/activerecord-3.2.8/lib/active_record/fixtures.rb:494:in `block (3 levels) in create_fixtures'
    /usr/local/rvm/gems/ruby-1.9.3-p194/gems/activerecord-3.2.8/lib/active_record/fixtures.rb:492:in `each'
    /usr/local/rvm/gems/ruby-1.9.3-p194/gems/activerecord-3.2.8/lib/active_record/fixtures.rb:492:in `block (2 levels) in create_fixtures'
    /usr/local/rvm/gems/ruby-1.9.3-p194/gems/activerecord-3.2.8/lib/active_record/connection_adapters/abstract/database_statements.rb:192:in `transaction'
    /usr/local/rvm/gems/ruby-1.9.3-p194/gems/activerecord-3.2.8/lib/active_record/fixtures.rb:491:in `block in create_fixtures'
    /usr/local/rvm/gems/ruby-1.9.3-p194/gems/activerecord-3.2.8/lib/active_record/connection_adapters/abstract_adapter.rb:168:in `disable_referential_integrity'
    /usr/local/rvm/gems/ruby-1.9.3-p194/gems/activerecord-3.2.8/lib/active_record/fixtures.rb:476:in `create_fixtures'
    /usr/local/rvm/gems/ruby-1.9.3-p194/gems/activerecord-3.2.8/lib/active_record/fixtures.rb:895:in `load_fixtures'
    /usr/local/rvm/gems/ruby-1.9.3-p194/gems/activerecord-3.2.8/lib/active_record/fixtures.rb:849:in `setup_fixtures'
    /usr/local/rvm/gems/ruby-1.9.3-p194/gems/activesupport-3.2.8/lib/active_support/callbacks.rb:429:in `_run__1041182738__setup__138388048__callbacks'
    /usr/local/rvm/gems/ruby-1.9.3-p194/gems/activesupport-3.2.8/lib/active_support/callbacks.rb:405:in `__run_callback'
    /usr/local/rvm/gems/ruby-1.9.3-p194/gems/activesupport-3.2.8/lib/active_support/callbacks.rb:385:in `_run_setup_callbacks'
    /usr/local/rvm/gems/ruby-1.9.3-p194/gems/activesupport-3.2.8/lib/active_support/callbacks.rb:81:in `run_callbacks'
    /usr/local/rvm/gems/ruby-1.9.3-p194/gems/activesupport-3.2.8/lib/active_support/testing/setup_and_teardown.rb:35:in `run'

2 tests, 0 assertions, 0 failures, 2 errors, 0 skips
Run options: -n "/^(test_should_create_micropost|test_should_destroy_micropost|test_should_get_edit|test_should_get_index|test_should_get_new|test_should_show_micropost|test_should_update_micropost)$/"

# Running tests:

EEEEEEE

Finished tests in 0.096311s, 72.6813 tests/s, 0.0000 assertions/s.

  1) Error:
test_should_create_micropost(MicropostsControllerTest):
ActiveRecord::StatementInvalid: Could not find table 'users'
    /usr/local/rvm/gems/ruby-1.9.3-p194/gems/activerecord-3.2.8/lib/active_record/connection_adapters/sqlite_adapter.rb:472:in `table_structure'
    /usr/local/rvm/gems/ruby-1.9.3-p194/gems/activerecord-3.2.8/lib/active_record/connection_adapters/sqlite_adapter.rb:346:in `columns'
    /usr/local/rvm/gems/ruby-1.9.3-p194/gems/activerecord-3.2.8/lib/active_record/fixtures.rb:660:in `column_names'
    /usr/local/rvm/gems/ruby-1.9.3-p194/gems/activerecord-3.2.8/lib/active_record/fixtures.rb:652:in `timestamp_column_names'
    /usr/local/rvm/gems/ruby-1.9.3-p194/gems/activerecord-3.2.8/lib/active_record/fixtures.rb:585:in `block in table_rows'
    /usr/local/rvm/gems/ruby-1.9.3-p194/gems/activerecord-3.2.8/lib/active_record/fixtures.rb:579:in `each'
    /usr/local/rvm/gems/ruby-1.9.3-p194/gems/activerecord-3.2.8/lib/active_record/fixtures.rb:579:in `map'
    /usr/local/rvm/gems/ruby-1.9.3-p194/gems/activerecord-3.2.8/lib/active_record/fixtures.rb:579:in `table_rows'
    /usr/local/rvm/gems/ruby-1.9.3-p194/gems/activerecord-3.2.8/lib/active_record/fixtures.rb:494:in `block (3 levels) in create_fixtures'
    /usr/local/rvm/gems/ruby-1.9.3-p194/gems/activerecord-3.2.8/lib/active_record/fixtures.rb:492:in `each'
    /usr/local/rvm/gems/ruby-1.9.3-p194/gems/activerecord-3.2.8/lib/active_record/fixtures.rb:492:in `block (2 levels) in create_fixtures'
    /usr/local/rvm/gems/ruby-1.9.3-p194/gems/activerecord-3.2.8/lib/active_record/connection_adapters/abstract/database_statements.rb:192:in `transaction'
    /usr/local/rvm/gems/ruby-1.9.3-p194/gems/activerecord-3.2.8/lib/active_record/fixtures.rb:491:in `block in create_fixtures'
    /usr/local/rvm/gems/ruby-1.9.3-p194/gems/activerecord-3.2.8/lib/active_record/connection_adapters/abstract_adapter.rb:168:in `disable_referential_integrity'
    /usr/local/rvm/gems/ruby-1.9.3-p194/gems/activerecord-3.2.8/lib/active_record/fixtures.rb:476:in `create_fixtures'
    /usr/local/rvm/gems/ruby-1.9.3-p194/gems/activerecord-3.2.8/lib/active_record/fixtures.rb:895:in `load_fixtures'
    /usr/local/rvm/gems/ruby-1.9.3-p194/gems/activerecord-3.2.8/lib/active_record/fixtures.rb:849:in `setup_fixtures'
    /usr/local/rvm/gems/ruby-1.9.3-p194/gems/activesupport-3.2.8/lib/active_support/callbacks.rb:429:in `_run__864191687__setup__633147169__callbacks'
    /usr/local/rvm/gems/ruby-1.9.3-p194/gems/activesupport-3.2.8/lib/active_support/callbacks.rb:405:in `__run_callback'
    /usr/local/rvm/gems/ruby-1.9.3-p194/gems/activesupport-3.2.8/lib/active_support/callbacks.rb:385:in `_run_setup_callbacks'
    /usr/local/rvm/gems/ruby-1.9.3-p194/gems/activesupport-3.2.8/lib/active_support/callbacks.rb:81:in `run_callbacks'
    /usr/local/rvm/gems/ruby-1.9.3-p194/gems/activesupport-3.2.8/lib/active_support/testing/setup_and_teardown.rb:35:in `run'

  2) Error:
test_should_destroy_micropost(MicropostsControllerTest):
ActiveRecord::StatementInvalid: Could not find table 'users'
    /usr/local/rvm/gems/ruby-1.9.3-p194/gems/activerecord-3.2.8/lib/active_record/connection_adapters/sqlite_adapter.rb:472:in `table_structure'
    /usr/local/rvm/gems/ruby-1.9.3-p194/gems/activerecord-3.2.8/lib/active_record/connection_adapters/sqlite_adapter.rb:346:in `columns'
    /usr/local/rvm/gems/ruby-1.9.3-p194/gems/activerecord-3.2.8/lib/active_record/fixtures.rb:660:in `column_names'
    /usr/local/rvm/gems/ruby-1.9.3-p194/gems/activerecord-3.2.8/lib/active_record/fixtures.rb:652:in `timestamp_column_names'
    /usr/local/rvm/gems/ruby-1.9.3-p194/gems/activerecord-3.2.8/lib/active_record/fixtures.rb:585:in `block in table_rows'
    /usr/local/rvm/gems/ruby-1.9.3-p194/gems/activerecord-3.2.8/lib/active_record/fixtures.rb:579:in `each'
    /usr/local/rvm/gems/ruby-1.9.3-p194/gems/activerecord-3.2.8/lib/active_record/fixtures.rb:579:in `map'
    /usr/local/rvm/gems/ruby-1.9.3-p194/gems/activerecord-3.2.8/lib/active_record/fixtures.rb:579:in `table_rows'
    /usr/local/rvm/gems/ruby-1.9.3-p194/gems/activerecord-3.2.8/lib/active_record/fixtures.rb:494:in `block (3 levels) in create_fixtures'
    /usr/local/rvm/gems/ruby-1.9.3-p194/gems/activerecord-3.2.8/lib/active_record/fixtures.rb:492:in `each'
    /usr/local/rvm/gems/ruby-1.9.3-p194/gems/activerecord-3.2.8/lib/active_record/fixtures.rb:492:in `block (2 levels) in create_fixtures'
    /usr/local/rvm/gems/ruby-1.9.3-p194/gems/activerecord-3.2.8/lib/active_record/connection_adapters/abstract/database_statements.rb:192:in `transaction'
    /usr/local/rvm/gems/ruby-1.9.3-p194/gems/activerecord-3.2.8/lib/active_record/fixtures.rb:491:in `block in create_fixtures'
    /usr/local/rvm/gems/ruby-1.9.3-p194/gems/activerecord-3.2.8/lib/active_record/connection_adapters/abstract_adapter.rb:168:in `disable_referential_integrity'
    /usr/local/rvm/gems/ruby-1.9.3-p194/gems/activerecord-3.2.8/lib/active_record/fixtures.rb:476:in `create_fixtures'
    /usr/local/rvm/gems/ruby-1.9.3-p194/gems/activerecord-3.2.8/lib/active_record/fixtures.rb:895:in `load_fixtures'
    /usr/local/rvm/gems/ruby-1.9.3-p194/gems/activerecord-3.2.8/lib/active_record/fixtures.rb:849:in `setup_fixtures'
    /usr/local/rvm/gems/ruby-1.9.3-p194/gems/activesupport-3.2.8/lib/active_support/callbacks.rb:429:in `_run__864191687__setup__633147169__callbacks'
    /usr/local/rvm/gems/ruby-1.9.3-p194/gems/activesupport-3.2.8/lib/active_support/callbacks.rb:405:in `__run_callback'
    /usr/local/rvm/gems/ruby-1.9.3-p194/gems/activesupport-3.2.8/lib/active_support/callbacks.rb:385:in `_run_setup_callbacks'
    /usr/local/rvm/gems/ruby-1.9.3-p194/gems/activesupport-3.2.8/lib/active_support/callbacks.rb:81:in `run_callbacks'
    /usr/local/rvm/gems/ruby-1.9.3-p194/gems/activesupport-3.2.8/lib/active_support/testing/setup_and_teardown.rb:35:in `run'

  3) Error:
test_should_get_edit(MicropostsControllerTest):
ActiveRecord::StatementInvalid: Could not find table 'users'
    /usr/local/rvm/gems/ruby-1.9.3-p194/gems/activerecord-3.2.8/lib/active_record/connection_adapters/sqlite_adapter.rb:472:in `table_structure'
    /usr/local/rvm/gems/ruby-1.9.3-p194/gems/activerecord-3.2.8/lib/active_record/connection_adapters/sqlite_adapter.rb:346:in `columns'
    /usr/local/rvm/gems/ruby-1.9.3-p194/gems/activerecord-3.2.8/lib/active_record/fixtures.rb:660:in `column_names'
    /usr/local/rvm/gems/ruby-1.9.3-p194/gems/activerecord-3.2.8/lib/active_record/fixtures.rb:652:in `timestamp_column_names'
    /usr/local/rvm/gems/ruby-1.9.3-p194/gems/activerecord-3.2.8/lib/active_record/fixtures.rb:585:in `block in table_rows'
    /usr/local/rvm/gems/ruby-1.9.3-p194/gems/activerecord-3.2.8/lib/active_record/fixtures.rb:579:in `each'
    /usr/local/rvm/gems/ruby-1.9.3-p194/gems/activerecord-3.2.8/lib/active_record/fixtures.rb:579:in `map'
    /usr/local/rvm/gems/ruby-1.9.3-p194/gems/activerecord-3.2.8/lib/active_record/fixtures.rb:579:in `table_rows'
    /usr/local/rvm/gems/ruby-1.9.3-p194/gems/activerecord-3.2.8/lib/active_record/fixtures.rb:494:in `block (3 levels) in create_fixtures'
    /usr/local/rvm/gems/ruby-1.9.3-p194/gems/activerecord-3.2.8/lib/active_record/fixtures.rb:492:in `each'
    /usr/local/rvm/gems/ruby-1.9.3-p194/gems/activerecord-3.2.8/lib/active_record/fixtures.rb:492:in `block (2 levels) in create_fixtures'
    /usr/local/rvm/gems/ruby-1.9.3-p194/gems/activerecord-3.2.8/lib/active_record/connection_adapters/abstract/database_statements.rb:192:in `transaction'
    /usr/local/rvm/gems/ruby-1.9.3-p194/gems/activerecord-3.2.8/lib/active_record/fixtures.rb:491:in `block in create_fixtures'
    /usr/local/rvm/gems/ruby-1.9.3-p194/gems/activerecord-3.2.8/lib/active_record/connection_adapters/abstract_adapter.rb:168:in `disable_referential_integrity'
    /usr/local/rvm/gems/ruby-1.9.3-p194/gems/activerecord-3.2.8/lib/active_record/fixtures.rb:476:in `create_fixtures'
    /usr/local/rvm/gems/ruby-1.9.3-p194/gems/activerecord-3.2.8/lib/active_record/fixtures.rb:895:in `load_fixtures'
    /usr/local/rvm/gems/ruby-1.9.3-p194/gems/activerecord-3.2.8/lib/active_record/fixtures.rb:849:in `setup_fixtures'
    /usr/local/rvm/gems/ruby-1.9.3-p194/gems/activesupport-3.2.8/lib/active_support/callbacks.rb:429:in `_run__864191687__setup__633147169__callbacks'
    /usr/local/rvm/gems/ruby-1.9.3-p194/gems/activesupport-3.2.8/lib/active_support/callbacks.rb:405:in `__run_callback'
    /usr/local/rvm/gems/ruby-1.9.3-p194/gems/activesupport-3.2.8/lib/active_support/callbacks.rb:385:in `_run_setup_callbacks'
    /usr/local/rvm/gems/ruby-1.9.3-p194/gems/activesupport-3.2.8/lib/active_support/callbacks.rb:81:in `run_callbacks'
    /usr/local/rvm/gems/ruby-1.9.3-p194/gems/activesupport-3.2.8/lib/active_support/testing/setup_and_teardown.rb:35:in `run'

  4) Error:
test_should_get_index(MicropostsControllerTest):
ActiveRecord::StatementInvalid: Could not find table 'users'
    /usr/local/rvm/gems/ruby-1.9.3-p194/gems/activerecord-3.2.8/lib/active_record/connection_adapters/sqlite_adapter.rb:472:in `table_structure'
    /usr/local/rvm/gems/ruby-1.9.3-p194/gems/activerecord-3.2.8/lib/active_record/connection_adapters/sqlite_adapter.rb:346:in `columns'
    /usr/local/rvm/gems/ruby-1.9.3-p194/gems/activerecord-3.2.8/lib/active_record/fixtures.rb:660:in `column_names'
    /usr/local/rvm/gems/ruby-1.9.3-p194/gems/activerecord-3.2.8/lib/active_record/fixtures.rb:652:in `timestamp_column_names'
    /usr/local/rvm/gems/ruby-1.9.3-p194/gems/activerecord-3.2.8/lib/active_record/fixtures.rb:585:in `block in table_rows'
    /usr/local/rvm/gems/ruby-1.9.3-p194/gems/activerecord-3.2.8/lib/active_record/fixtures.rb:579:in `each'
    /usr/local/rvm/gems/ruby-1.9.3-p194/gems/activerecord-3.2.8/lib/active_record/fixtures.rb:579:in `map'
    /usr/local/rvm/gems/ruby-1.9.3-p194/gems/activerecord-3.2.8/lib/active_record/fixtures.rb:579:in `table_rows'
    /usr/local/rvm/gems/ruby-1.9.3-p194/gems/activerecord-3.2.8/lib/active_record/fixtures.rb:494:in `block (3 levels) in create_fixtures'
    /usr/local/rvm/gems/ruby-1.9.3-p194/gems/activerecord-3.2.8/lib/active_record/fixtures.rb:492:in `each'
    /usr/local/rvm/gems/ruby-1.9.3-p194/gems/activerecord-3.2.8/lib/active_record/fixtures.rb:492:in `block (2 levels) in create_fixtures'
    /usr/local/rvm/gems/ruby-1.9.3-p194/gems/activerecord-3.2.8/lib/active_record/connection_adapters/abstract/database_statements.rb:192:in `transaction'
    /usr/local/rvm/gems/ruby-1.9.3-p194/gems/activerecord-3.2.8/lib/active_record/fixtures.rb:491:in `block in create_fixtures'
    /usr/local/rvm/gems/ruby-1.9.3-p194/gems/activerecord-3.2.8/lib/active_record/connection_adapters/abstract_adapter.rb:168:in `disable_referential_integrity'
    /usr/local/rvm/gems/ruby-1.9.3-p194/gems/activerecord-3.2.8/lib/active_record/fixtures.rb:476:in `create_fixtures'
    /usr/local/rvm/gems/ruby-1.9.3-p194/gems/activerecord-3.2.8/lib/active_record/fixtures.rb:895:in `load_fixtures'
    /usr/local/rvm/gems/ruby-1.9.3-p194/gems/activerecord-3.2.8/lib/active_record/fixtures.rb:849:in `setup_fixtures'
    /usr/local/rvm/gems/ruby-1.9.3-p194/gems/activesupport-3.2.8/lib/active_support/callbacks.rb:429:in `_run__864191687__setup__633147169__callbacks'
    /usr/local/rvm/gems/ruby-1.9.3-p194/gems/activesupport-3.2.8/lib/active_support/callbacks.rb:405:in `__run_callback'
    /usr/local/rvm/gems/ruby-1.9.3-p194/gems/activesupport-3.2.8/lib/active_support/callbacks.rb:385:in `_run_setup_callbacks'
    /usr/local/rvm/gems/ruby-1.9.3-p194/gems/activesupport-3.2.8/lib/active_support/callbacks.rb:81:in `run_callbacks'
    /usr/local/rvm/gems/ruby-1.9.3-p194/gems/activesupport-3.2.8/lib/active_support/testing/setup_and_teardown.rb:35:in `run'

  5) Error:
test_should_get_new(MicropostsControllerTest):
ActiveRecord::StatementInvalid: Could not find table 'users'
    /usr/local/rvm/gems/ruby-1.9.3-p194/gems/activerecord-3.2.8/lib/active_record/connection_adapters/sqlite_adapter.rb:472:in `table_structure'
    /usr/local/rvm/gems/ruby-1.9.3-p194/gems/activerecord-3.2.8/lib/active_record/connection_adapters/sqlite_adapter.rb:346:in `columns'
    /usr/local/rvm/gems/ruby-1.9.3-p194/gems/activerecord-3.2.8/lib/active_record/fixtures.rb:660:in `column_names'
    /usr/local/rvm/gems/ruby-1.9.3-p194/gems/activerecord-3.2.8/lib/active_record/fixtures.rb:652:in `timestamp_column_names'
    /usr/local/rvm/gems/ruby-1.9.3-p194/gems/activerecord-3.2.8/lib/active_record/fixtures.rb:585:in `block in table_rows'
    /usr/local/rvm/gems/ruby-1.9.3-p194/gems/activerecord-3.2.8/lib/active_record/fixtures.rb:579:in `each'
    /usr/local/rvm/gems/ruby-1.9.3-p194/gems/activerecord-3.2.8/lib/active_record/fixtures.rb:579:in `map'
    /usr/local/rvm/gems/ruby-1.9.3-p194/gems/activerecord-3.2.8/lib/active_record/fixtures.rb:579:in `table_rows'
    /usr/local/rvm/gems/ruby-1.9.3-p194/gems/activerecord-3.2.8/lib/active_record/fixtures.rb:494:in `block (3 levels) in create_fixtures'
    /usr/local/rvm/gems/ruby-1.9.3-p194/gems/activerecord-3.2.8/lib/active_record/fixtures.rb:492:in `each'
    /usr/local/rvm/gems/ruby-1.9.3-p194/gems/activerecord-3.2.8/lib/active_record/fixtures.rb:492:in `block (2 levels) in create_fixtures'
    /usr/local/rvm/gems/ruby-1.9.3-p194/gems/activerecord-3.2.8/lib/active_record/connection_adapters/abstract/database_statements.rb:192:in `transaction'
    /usr/local/rvm/gems/ruby-1.9.3-p194/gems/activerecord-3.2.8/lib/active_record/fixtures.rb:491:in `block in create_fixtures'
    /usr/local/rvm/gems/ruby-1.9.3-p194/gems/activerecord-3.2.8/lib/active_record/connection_adapters/abstract_adapter.rb:168:in `disable_referential_integrity'
    /usr/local/rvm/gems/ruby-1.9.3-p194/gems/activerecord-3.2.8/lib/active_record/fixtures.rb:476:in `create_fixtures'
    /usr/local/rvm/gems/ruby-1.9.3-p194/gems/activerecord-3.2.8/lib/active_record/fixtures.rb:895:in `load_fixtures'
    /usr/local/rvm/gems/ruby-1.9.3-p194/gems/activerecord-3.2.8/lib/active_record/fixtures.rb:849:in `setup_fixtures'
    /usr/local/rvm/gems/ruby-1.9.3-p194/gems/activesupport-3.2.8/lib/active_support/callbacks.rb:429:in `_run__864191687__setup__633147169__callbacks'
    /usr/local/rvm/gems/ruby-1.9.3-p194/gems/activesupport-3.2.8/lib/active_support/callbacks.rb:405:in `__run_callback'
    /usr/local/rvm/gems/ruby-1.9.3-p194/gems/activesupport-3.2.8/lib/active_support/callbacks.rb:385:in `_run_setup_callbacks'
    /usr/local/rvm/gems/ruby-1.9.3-p194/gems/activesupport-3.2.8/lib/active_support/callbacks.rb:81:in `run_callbacks'
    /usr/local/rvm/gems/ruby-1.9.3-p194/gems/activesupport-3.2.8/lib/active_support/testing/setup_and_teardown.rb:35:in `run'

  6) Error:
test_should_show_micropost(MicropostsControllerTest):
ActiveRecord::StatementInvalid: Could not find table 'users'
    /usr/local/rvm/gems/ruby-1.9.3-p194/gems/activerecord-3.2.8/lib/active_record/connection_adapters/sqlite_adapter.rb:472:in `table_structure'
    /usr/local/rvm/gems/ruby-1.9.3-p194/gems/activerecord-3.2.8/lib/active_record/connection_adapters/sqlite_adapter.rb:346:in `columns'
    /usr/local/rvm/gems/ruby-1.9.3-p194/gems/activerecord-3.2.8/lib/active_record/fixtures.rb:660:in `column_names'
    /usr/local/rvm/gems/ruby-1.9.3-p194/gems/activerecord-3.2.8/lib/active_record/fixtures.rb:652:in `timestamp_column_names'
    /usr/local/rvm/gems/ruby-1.9.3-p194/gems/activerecord-3.2.8/lib/active_record/fixtures.rb:585:in `block in table_rows'
    /usr/local/rvm/gems/ruby-1.9.3-p194/gems/activerecord-3.2.8/lib/active_record/fixtures.rb:579:in `each'
    /usr/local/rvm/gems/ruby-1.9.3-p194/gems/activerecord-3.2.8/lib/active_record/fixtures.rb:579:in `map'
    /usr/local/rvm/gems/ruby-1.9.3-p194/gems/activerecord-3.2.8/lib/active_record/fixtures.rb:579:in `table_rows'
    /usr/local/rvm/gems/ruby-1.9.3-p194/gems/activerecord-3.2.8/lib/active_record/fixtures.rb:494:in `block (3 levels) in create_fixtures'
    /usr/local/rvm/gems/ruby-1.9.3-p194/gems/activerecord-3.2.8/lib/active_record/fixtures.rb:492:in `each'
    /usr/local/rvm/gems/ruby-1.9.3-p194/gems/activerecord-3.2.8/lib/active_record/fixtures.rb:492:in `block (2 levels) in create_fixtures'
    /usr/local/rvm/gems/ruby-1.9.3-p194/gems/activerecord-3.2.8/lib/active_record/connection_adapters/abstract/database_statements.rb:192:in `transaction'
    /usr/local/rvm/gems/ruby-1.9.3-p194/gems/activerecord-3.2.8/lib/active_record/fixtures.rb:491:in `block in create_fixtures'
    /usr/local/rvm/gems/ruby-1.9.3-p194/gems/activerecord-3.2.8/lib/active_record/connection_adapters/abstract_adapter.rb:168:in `disable_referential_integrity'
    /usr/local/rvm/gems/ruby-1.9.3-p194/gems/activerecord-3.2.8/lib/active_record/fixtures.rb:476:in `create_fixtures'
    /usr/local/rvm/gems/ruby-1.9.3-p194/gems/activerecord-3.2.8/lib/active_record/fixtures.rb:895:in `load_fixtures'
    /usr/local/rvm/gems/ruby-1.9.3-p194/gems/activerecord-3.2.8/lib/active_record/fixtures.rb:849:in `setup_fixtures'
    /usr/local/rvm/gems/ruby-1.9.3-p194/gems/activesupport-3.2.8/lib/active_support/callbacks.rb:429:in `_run__864191687__setup__633147169__callbacks'
    /usr/local/rvm/gems/ruby-1.9.3-p194/gems/activesupport-3.2.8/lib/active_support/callbacks.rb:405:in `__run_callback'
    /usr/local/rvm/gems/ruby-1.9.3-p194/gems/activesupport-3.2.8/lib/active_support/callbacks.rb:385:in `_run_setup_callbacks'
    /usr/local/rvm/gems/ruby-1.9.3-p194/gems/activesupport-3.2.8/lib/active_support/callbacks.rb:81:in `run_callbacks'
    /usr/local/rvm/gems/ruby-1.9.3-p194/gems/activesupport-3.2.8/lib/active_support/testing/setup_and_teardown.rb:35:in `run'

  7) Error:
test_should_update_micropost(MicropostsControllerTest):
ActiveRecord::StatementInvalid: Could not find table 'users'
    /usr/local/rvm/gems/ruby-1.9.3-p194/gems/activerecord-3.2.8/lib/active_record/connection_adapters/sqlite_adapter.rb:472:in `table_structure'
    /usr/local/rvm/gems/ruby-1.9.3-p194/gems/activerecord-3.2.8/lib/active_record/connection_adapters/sqlite_adapter.rb:346:in `columns'
    /usr/local/rvm/gems/ruby-1.9.3-p194/gems/activerecord-3.2.8/lib/active_record/fixtures.rb:660:in `column_names'
    /usr/local/rvm/gems/ruby-1.9.3-p194/gems/activerecord-3.2.8/lib/active_record/fixtures.rb:652:in `timestamp_column_names'
    /usr/local/rvm/gems/ruby-1.9.3-p194/gems/activerecord-3.2.8/lib/active_record/fixtures.rb:585:in `block in table_rows'
    /usr/local/rvm/gems/ruby-1.9.3-p194/gems/activerecord-3.2.8/lib/active_record/fixtures.rb:579:in `each'
    /usr/local/rvm/gems/ruby-1.9.3-p194/gems/activerecord-3.2.8/lib/active_record/fixtures.rb:579:in `map'
    /usr/local/rvm/gems/ruby-1.9.3-p194/gems/activerecord-3.2.8/lib/active_record/fixtures.rb:579:in `table_rows'
    /usr/local/rvm/gems/ruby-1.9.3-p194/gems/activerecord-3.2.8/lib/active_record/fixtures.rb:494:in `block (3 levels) in create_fixtures'
    /usr/local/rvm/gems/ruby-1.9.3-p194/gems/activerecord-3.2.8/lib/active_record/fixtures.rb:492:in `each'
    /usr/local/rvm/gems/ruby-1.9.3-p194/gems/activerecord-3.2.8/lib/active_record/fixtures.rb:492:in `block (2 levels) in create_fixtures'
    /usr/local/rvm/gems/ruby-1.9.3-p194/gems/activerecord-3.2.8/lib/active_record/connection_adapters/abstract/database_statements.rb:192:in `transaction'
    /usr/local/rvm/gems/ruby-1.9.3-p194/gems/activerecord-3.2.8/lib/active_record/fixtures.rb:491:in `block in create_fixtures'
    /usr/local/rvm/gems/ruby-1.9.3-p194/gems/activerecord-3.2.8/lib/active_record/connection_adapters/abstract_adapter.rb:168:in `disable_referential_integrity'
    /usr/local/rvm/gems/ruby-1.9.3-p194/gems/activerecord-3.2.8/lib/active_record/fixtures.rb:476:in `create_fixtures'
    /usr/local/rvm/gems/ruby-1.9.3-p194/gems/activerecord-3.2.8/lib/active_record/fixtures.rb:895:in `load_fixtures'
    /usr/local/rvm/gems/ruby-1.9.3-p194/gems/activerecord-3.2.8/lib/active_record/fixtures.rb:849:in `setup_fixtures'
    /usr/local/rvm/gems/ruby-1.9.3-p194/gems/activesupport-3.2.8/lib/active_support/callbacks.rb:429:in `_run__864191687__setup__633147169__callbacks'
    /usr/local/rvm/gems/ruby-1.9.3-p194/gems/activesupport-3.2.8/lib/active_support/callbacks.rb:405:in `__run_callback'
    /usr/local/rvm/gems/ruby-1.9.3-p194/gems/activesupport-3.2.8/lib/active_support/callbacks.rb:385:in `_run_setup_callbacks'
    /usr/local/rvm/gems/ruby-1.9.3-p194/gems/activesupport-3.2.8/lib/active_support/callbacks.rb:81:in `run_callbacks'
    /usr/local/rvm/gems/ruby-1.9.3-p194/gems/activesupport-3.2.8/lib/active_support/testing/setup_and_teardown.rb:35:in `run'

7 tests, 0 assertions, 0 failures, 7 errors, 0 skips
Run options: -n "/^(test_should_create_user|test_should_destroy_user|test_should_get_edit|test_should_get_index|test_should_get_new|test_should_show_user|test_should_update_user)$/"

# Running tests:

EEEEEEE

Finished tests in 0.096756s, 72.3466 tests/s, 0.0000 assertions/s.

  1) Error:
test_should_create_user(UsersControllerTest):
ActiveRecord::StatementInvalid: Could not find table 'users'
    /usr/local/rvm/gems/ruby-1.9.3-p194/gems/activerecord-3.2.8/lib/active_record/connection_adapters/sqlite_adapter.rb:472:in `table_structure'
    /usr/local/rvm/gems/ruby-1.9.3-p194/gems/activerecord-3.2.8/lib/active_record/connection_adapters/sqlite_adapter.rb:346:in `columns'
    /usr/local/rvm/gems/ruby-1.9.3-p194/gems/activerecord-3.2.8/lib/active_record/fixtures.rb:660:in `column_names'
    /usr/local/rvm/gems/ruby-1.9.3-p194/gems/activerecord-3.2.8/lib/active_record/fixtures.rb:652:in `timestamp_column_names'
    /usr/local/rvm/gems/ruby-1.9.3-p194/gems/activerecord-3.2.8/lib/active_record/fixtures.rb:585:in `block in table_rows'
    /usr/local/rvm/gems/ruby-1.9.3-p194/gems/activerecord-3.2.8/lib/active_record/fixtures.rb:579:in `each'
    /usr/local/rvm/gems/ruby-1.9.3-p194/gems/activerecord-3.2.8/lib/active_record/fixtures.rb:579:in `map'
    /usr/local/rvm/gems/ruby-1.9.3-p194/gems/activerecord-3.2.8/lib/active_record/fixtures.rb:579:in `table_rows'
    /usr/local/rvm/gems/ruby-1.9.3-p194/gems/activerecord-3.2.8/lib/active_record/fixtures.rb:494:in `block (3 levels) in create_fixtures'
    /usr/local/rvm/gems/ruby-1.9.3-p194/gems/activerecord-3.2.8/lib/active_record/fixtures.rb:492:in `each'
    /usr/local/rvm/gems/ruby-1.9.3-p194/gems/activerecord-3.2.8/lib/active_record/fixtures.rb:492:in `block (2 levels) in create_fixtures'
    /usr/local/rvm/gems/ruby-1.9.3-p194/gems/activerecord-3.2.8/lib/active_record/connection_adapters/abstract/database_statements.rb:192:in `transaction'
    /usr/local/rvm/gems/ruby-1.9.3-p194/gems/activerecord-3.2.8/lib/active_record/fixtures.rb:491:in `block in create_fixtures'
    /usr/local/rvm/gems/ruby-1.9.3-p194/gems/activerecord-3.2.8/lib/active_record/connection_adapters/abstract_adapter.rb:168:in `disable_referential_integrity'
    /usr/local/rvm/gems/ruby-1.9.3-p194/gems/activerecord-3.2.8/lib/active_record/fixtures.rb:476:in `create_fixtures'
    /usr/local/rvm/gems/ruby-1.9.3-p194/gems/activerecord-3.2.8/lib/active_record/fixtures.rb:895:in `load_fixtures'
    /usr/local/rvm/gems/ruby-1.9.3-p194/gems/activerecord-3.2.8/lib/active_record/fixtures.rb:849:in `setup_fixtures'
    /usr/local/rvm/gems/ruby-1.9.3-p194/gems/activesupport-3.2.8/lib/active_support/callbacks.rb:429:in `_run__567649173__setup__839894283__callbacks'
    /usr/local/rvm/gems/ruby-1.9.3-p194/gems/activesupport-3.2.8/lib/active_support/callbacks.rb:405:in `__run_callback'
    /usr/local/rvm/gems/ruby-1.9.3-p194/gems/activesupport-3.2.8/lib/active_support/callbacks.rb:385:in `_run_setup_callbacks'
    /usr/local/rvm/gems/ruby-1.9.3-p194/gems/activesupport-3.2.8/lib/active_support/callbacks.rb:81:in `run_callbacks'
    /usr/local/rvm/gems/ruby-1.9.3-p194/gems/activesupport-3.2.8/lib/active_support/testing/setup_and_teardown.rb:35:in `run'

  2) Error:
test_should_destroy_user(UsersControllerTest):
ActiveRecord::StatementInvalid: Could not find table 'users'
    /usr/local/rvm/gems/ruby-1.9.3-p194/gems/activerecord-3.2.8/lib/active_record/connection_adapters/sqlite_adapter.rb:472:in `table_structure'
    /usr/local/rvm/gems/ruby-1.9.3-p194/gems/activerecord-3.2.8/lib/active_record/connection_adapters/sqlite_adapter.rb:346:in `columns'
    /usr/local/rvm/gems/ruby-1.9.3-p194/gems/activerecord-3.2.8/lib/active_record/fixtures.rb:660:in `column_names'
    /usr/local/rvm/gems/ruby-1.9.3-p194/gems/activerecord-3.2.8/lib/active_record/fixtures.rb:652:in `timestamp_column_names'
    /usr/local/rvm/gems/ruby-1.9.3-p194/gems/activerecord-3.2.8/lib/active_record/fixtures.rb:585:in `block in table_rows'
    /usr/local/rvm/gems/ruby-1.9.3-p194/gems/activerecord-3.2.8/lib/active_record/fixtures.rb:579:in `each'
    /usr/local/rvm/gems/ruby-1.9.3-p194/gems/activerecord-3.2.8/lib/active_record/fixtures.rb:579:in `map'
    /usr/local/rvm/gems/ruby-1.9.3-p194/gems/activerecord-3.2.8/lib/active_record/fixtures.rb:579:in `table_rows'
    /usr/local/rvm/gems/ruby-1.9.3-p194/gems/activerecord-3.2.8/lib/active_record/fixtures.rb:494:in `block (3 levels) in create_fixtures'
    /usr/local/rvm/gems/ruby-1.9.3-p194/gems/activerecord-3.2.8/lib/active_record/fixtures.rb:492:in `each'
    /usr/local/rvm/gems/ruby-1.9.3-p194/gems/activerecord-3.2.8/lib/active_record/fixtures.rb:492:in `block (2 levels) in create_fixtures'
    /usr/local/rvm/gems/ruby-1.9.3-p194/gems/activerecord-3.2.8/lib/active_record/connection_adapters/abstract/database_statements.rb:192:in `transaction'
    /usr/local/rvm/gems/ruby-1.9.3-p194/gems/activerecord-3.2.8/lib/active_record/fixtures.rb:491:in `block in create_fixtures'
    /usr/local/rvm/gems/ruby-1.9.3-p194/gems/activerecord-3.2.8/lib/active_record/connection_adapters/abstract_adapter.rb:168:in `disable_referential_integrity'
    /usr/local/rvm/gems/ruby-1.9.3-p194/gems/activerecord-3.2.8/lib/active_record/fixtures.rb:476:in `create_fixtures'
    /usr/local/rvm/gems/ruby-1.9.3-p194/gems/activerecord-3.2.8/lib/active_record/fixtures.rb:895:in `load_fixtures'
    /usr/local/rvm/gems/ruby-1.9.3-p194/gems/activerecord-3.2.8/lib/active_record/fixtures.rb:849:in `setup_fixtures'
    /usr/local/rvm/gems/ruby-1.9.3-p194/gems/activesupport-3.2.8/lib/active_support/callbacks.rb:429:in `_run__567649173__setup__839894283__callbacks'
    /usr/local/rvm/gems/ruby-1.9.3-p194/gems/activesupport-3.2.8/lib/active_support/callbacks.rb:405:in `__run_callback'
    /usr/local/rvm/gems/ruby-1.9.3-p194/gems/activesupport-3.2.8/lib/active_support/callbacks.rb:385:in `_run_setup_callbacks'
    /usr/local/rvm/gems/ruby-1.9.3-p194/gems/activesupport-3.2.8/lib/active_support/callbacks.rb:81:in `run_callbacks'
    /usr/local/rvm/gems/ruby-1.9.3-p194/gems/activesupport-3.2.8/lib/active_support/testing/setup_and_teardown.rb:35:in `run'

  3) Error:
test_should_get_edit(UsersControllerTest):
ActiveRecord::StatementInvalid: Could not find table 'users'
    /usr/local/rvm/gems/ruby-1.9.3-p194/gems/activerecord-3.2.8/lib/active_record/connection_adapters/sqlite_adapter.rb:472:in `table_structure'
    /usr/local/rvm/gems/ruby-1.9.3-p194/gems/activerecord-3.2.8/lib/active_record/connection_adapters/sqlite_adapter.rb:346:in `columns'
    /usr/local/rvm/gems/ruby-1.9.3-p194/gems/activerecord-3.2.8/lib/active_record/fixtures.rb:660:in `column_names'
    /usr/local/rvm/gems/ruby-1.9.3-p194/gems/activerecord-3.2.8/lib/active_record/fixtures.rb:652:in `timestamp_column_names'
    /usr/local/rvm/gems/ruby-1.9.3-p194/gems/activerecord-3.2.8/lib/active_record/fixtures.rb:585:in `block in table_rows'
    /usr/local/rvm/gems/ruby-1.9.3-p194/gems/activerecord-3.2.8/lib/active_record/fixtures.rb:579:in `each'
    /usr/local/rvm/gems/ruby-1.9.3-p194/gems/activerecord-3.2.8/lib/active_record/fixtures.rb:579:in `map'
    /usr/local/rvm/gems/ruby-1.9.3-p194/gems/activerecord-3.2.8/lib/active_record/fixtures.rb:579:in `table_rows'
    /usr/local/rvm/gems/ruby-1.9.3-p194/gems/activerecord-3.2.8/lib/active_record/fixtures.rb:494:in `block (3 levels) in create_fixtures'
    /usr/local/rvm/gems/ruby-1.9.3-p194/gems/activerecord-3.2.8/lib/active_record/fixtures.rb:492:in `each'
    /usr/local/rvm/gems/ruby-1.9.3-p194/gems/activerecord-3.2.8/lib/active_record/fixtures.rb:492:in `block (2 levels) in create_fixtures'
    /usr/local/rvm/gems/ruby-1.9.3-p194/gems/activerecord-3.2.8/lib/active_record/connection_adapters/abstract/database_statements.rb:192:in `transaction'
    /usr/local/rvm/gems/ruby-1.9.3-p194/gems/activerecord-3.2.8/lib/active_record/fixtures.rb:491:in `block in create_fixtures'
    /usr/local/rvm/gems/ruby-1.9.3-p194/gems/activerecord-3.2.8/lib/active_record/connection_adapters/abstract_adapter.rb:168:in `disable_referential_integrity'
    /usr/local/rvm/gems/ruby-1.9.3-p194/gems/activerecord-3.2.8/lib/active_record/fixtures.rb:476:in `create_fixtures'
    /usr/local/rvm/gems/ruby-1.9.3-p194/gems/activerecord-3.2.8/lib/active_record/fixtures.rb:895:in `load_fixtures'
    /usr/local/rvm/gems/ruby-1.9.3-p194/gems/activerecord-3.2.8/lib/active_record/fixtures.rb:849:in `setup_fixtures'
    /usr/local/rvm/gems/ruby-1.9.3-p194/gems/activesupport-3.2.8/lib/active_support/callbacks.rb:429:in `_run__567649173__setup__839894283__callbacks'
    /usr/local/rvm/gems/ruby-1.9.3-p194/gems/activesupport-3.2.8/lib/active_support/callbacks.rb:405:in `__run_callback'
    /usr/local/rvm/gems/ruby-1.9.3-p194/gems/activesupport-3.2.8/lib/active_support/callbacks.rb:385:in `_run_setup_callbacks'
    /usr/local/rvm/gems/ruby-1.9.3-p194/gems/activesupport-3.2.8/lib/active_support/callbacks.rb:81:in `run_callbacks'
    /usr/local/rvm/gems/ruby-1.9.3-p194/gems/activesupport-3.2.8/lib/active_support/testing/setup_and_teardown.rb:35:in `run'

  4) Error:
test_should_get_index(UsersControllerTest):
ActiveRecord::StatementInvalid: Could not find table 'users'
    /usr/local/rvm/gems/ruby-1.9.3-p194/gems/activerecord-3.2.8/lib/active_record/connection_adapters/sqlite_adapter.rb:472:in `table_structure'
    /usr/local/rvm/gems/ruby-1.9.3-p194/gems/activerecord-3.2.8/lib/active_record/connection_adapters/sqlite_adapter.rb:346:in `columns'
    /usr/local/rvm/gems/ruby-1.9.3-p194/gems/activerecord-3.2.8/lib/active_record/fixtures.rb:660:in `column_names'
    /usr/local/rvm/gems/ruby-1.9.3-p194/gems/activerecord-3.2.8/lib/active_record/fixtures.rb:652:in `timestamp_column_names'
    /usr/local/rvm/gems/ruby-1.9.3-p194/gems/activerecord-3.2.8/lib/active_record/fixtures.rb:585:in `block in table_rows'
    /usr/local/rvm/gems/ruby-1.9.3-p194/gems/activerecord-3.2.8/lib/active_record/fixtures.rb:579:in `each'
    /usr/local/rvm/gems/ruby-1.9.3-p194/gems/activerecord-3.2.8/lib/active_record/fixtures.rb:579:in `map'
    /usr/local/rvm/gems/ruby-1.9.3-p194/gems/activerecord-3.2.8/lib/active_record/fixtures.rb:579:in `table_rows'
    /usr/local/rvm/gems/ruby-1.9.3-p194/gems/activerecord-3.2.8/lib/active_record/fixtures.rb:494:in `block (3 levels) in create_fixtures'
    /usr/local/rvm/gems/ruby-1.9.3-p194/gems/activerecord-3.2.8/lib/active_record/fixtures.rb:492:in `each'
    /usr/local/rvm/gems/ruby-1.9.3-p194/gems/activerecord-3.2.8/lib/active_record/fixtures.rb:492:in `block (2 levels) in create_fixtures'
    /usr/local/rvm/gems/ruby-1.9.3-p194/gems/activerecord-3.2.8/lib/active_record/connection_adapters/abstract/database_statements.rb:192:in `transaction'
    /usr/local/rvm/gems/ruby-1.9.3-p194/gems/activerecord-3.2.8/lib/active_record/fixtures.rb:491:in `block in create_fixtures'
    /usr/local/rvm/gems/ruby-1.9.3-p194/gems/activerecord-3.2.8/lib/active_record/connection_adapters/abstract_adapter.rb:168:in `disable_referential_integrity'
    /usr/local/rvm/gems/ruby-1.9.3-p194/gems/activerecord-3.2.8/lib/active_record/fixtures.rb:476:in `create_fixtures'
    /usr/local/rvm/gems/ruby-1.9.3-p194/gems/activerecord-3.2.8/lib/active_record/fixtures.rb:895:in `load_fixtures'
    /usr/local/rvm/gems/ruby-1.9.3-p194/gems/activerecord-3.2.8/lib/active_record/fixtures.rb:849:in `setup_fixtures'
    /usr/local/rvm/gems/ruby-1.9.3-p194/gems/activesupport-3.2.8/lib/active_support/callbacks.rb:429:in `_run__567649173__setup__839894283__callbacks'
    /usr/local/rvm/gems/ruby-1.9.3-p194/gems/activesupport-3.2.8/lib/active_support/callbacks.rb:405:in `__run_callback'
    /usr/local/rvm/gems/ruby-1.9.3-p194/gems/activesupport-3.2.8/lib/active_support/callbacks.rb:385:in `_run_setup_callbacks'
    /usr/local/rvm/gems/ruby-1.9.3-p194/gems/activesupport-3.2.8/lib/active_support/callbacks.rb:81:in `run_callbacks'
    /usr/local/rvm/gems/ruby-1.9.3-p194/gems/activesupport-3.2.8/lib/active_support/testing/setup_and_teardown.rb:35:in `run'

  5) Error:
test_should_get_new(UsersControllerTest):
ActiveRecord::StatementInvalid: Could not find table 'users'
    /usr/local/rvm/gems/ruby-1.9.3-p194/gems/activerecord-3.2.8/lib/active_record/connection_adapters/sqlite_adapter.rb:472:in `table_structure'
    /usr/local/rvm/gems/ruby-1.9.3-p194/gems/activerecord-3.2.8/lib/active_record/connection_adapters/sqlite_adapter.rb:346:in `columns'
    /usr/local/rvm/gems/ruby-1.9.3-p194/gems/activerecord-3.2.8/lib/active_record/fixtures.rb:660:in `column_names'
    /usr/local/rvm/gems/ruby-1.9.3-p194/gems/activerecord-3.2.8/lib/active_record/fixtures.rb:652:in `timestamp_column_names'
    /usr/local/rvm/gems/ruby-1.9.3-p194/gems/activerecord-3.2.8/lib/active_record/fixtures.rb:585:in `block in table_rows'
    /usr/local/rvm/gems/ruby-1.9.3-p194/gems/activerecord-3.2.8/lib/active_record/fixtures.rb:579:in `each'
    /usr/local/rvm/gems/ruby-1.9.3-p194/gems/activerecord-3.2.8/lib/active_record/fixtures.rb:579:in `map'
    /usr/local/rvm/gems/ruby-1.9.3-p194/gems/activerecord-3.2.8/lib/active_record/fixtures.rb:579:in `table_rows'
    /usr/local/rvm/gems/ruby-1.9.3-p194/gems/activerecord-3.2.8/lib/active_record/fixtures.rb:494:in `block (3 levels) in create_fixtures'
    /usr/local/rvm/gems/ruby-1.9.3-p194/gems/activerecord-3.2.8/lib/active_record/fixtures.rb:492:in `each'
    /usr/local/rvm/gems/ruby-1.9.3-p194/gems/activerecord-3.2.8/lib/active_record/fixtures.rb:492:in `block (2 levels) in create_fixtures'
    /usr/local/rvm/gems/ruby-1.9.3-p194/gems/activerecord-3.2.8/lib/active_record/connection_adapters/abstract/database_statements.rb:192:in `transaction'
    /usr/local/rvm/gems/ruby-1.9.3-p194/gems/activerecord-3.2.8/lib/active_record/fixtures.rb:491:in `block in create_fixtures'
    /usr/local/rvm/gems/ruby-1.9.3-p194/gems/activerecord-3.2.8/lib/active_record/connection_adapters/abstract_adapter.rb:168:in `disable_referential_integrity'
    /usr/local/rvm/gems/ruby-1.9.3-p194/gems/activerecord-3.2.8/lib/active_record/fixtures.rb:476:in `create_fixtures'
    /usr/local/rvm/gems/ruby-1.9.3-p194/gems/activerecord-3.2.8/lib/active_record/fixtures.rb:895:in `load_fixtures'
    /usr/local/rvm/gems/ruby-1.9.3-p194/gems/activerecord-3.2.8/lib/active_record/fixtures.rb:849:in `setup_fixtures'
    /usr/local/rvm/gems/ruby-1.9.3-p194/gems/activesupport-3.2.8/lib/active_support/callbacks.rb:429:in `_run__567649173__setup__839894283__callbacks'
    /usr/local/rvm/gems/ruby-1.9.3-p194/gems/activesupport-3.2.8/lib/active_support/callbacks.rb:405:in `__run_callback'
    /usr/local/rvm/gems/ruby-1.9.3-p194/gems/activesupport-3.2.8/lib/active_support/callbacks.rb:385:in `_run_setup_callbacks'
    /usr/local/rvm/gems/ruby-1.9.3-p194/gems/activesupport-3.2.8/lib/active_support/callbacks.rb:81:in `run_callbacks'
    /usr/local/rvm/gems/ruby-1.9.3-p194/gems/activesupport-3.2.8/lib/active_support/testing/setup_and_teardown.rb:35:in `run'

  6) Error:
test_should_show_user(UsersControllerTest):
ActiveRecord::StatementInvalid: Could not find table 'users'
    /usr/local/rvm/gems/ruby-1.9.3-p194/gems/activerecord-3.2.8/lib/active_record/connection_adapters/sqlite_adapter.rb:472:in `table_structure'
    /usr/local/rvm/gems/ruby-1.9.3-p194/gems/activerecord-3.2.8/lib/active_record/connection_adapters/sqlite_adapter.rb:346:in `columns'
    /usr/local/rvm/gems/ruby-1.9.3-p194/gems/activerecord-3.2.8/lib/active_record/fixtures.rb:660:in `column_names'
    /usr/local/rvm/gems/ruby-1.9.3-p194/gems/activerecord-3.2.8/lib/active_record/fixtures.rb:652:in `timestamp_column_names'
    /usr/local/rvm/gems/ruby-1.9.3-p194/gems/activerecord-3.2.8/lib/active_record/fixtures.rb:585:in `block in table_rows'
    /usr/local/rvm/gems/ruby-1.9.3-p194/gems/activerecord-3.2.8/lib/active_record/fixtures.rb:579:in `each'
    /usr/local/rvm/gems/ruby-1.9.3-p194/gems/activerecord-3.2.8/lib/active_record/fixtures.rb:579:in `map'
    /usr/local/rvm/gems/ruby-1.9.3-p194/gems/activerecord-3.2.8/lib/active_record/fixtures.rb:579:in `table_rows'
    /usr/local/rvm/gems/ruby-1.9.3-p194/gems/activerecord-3.2.8/lib/active_record/fixtures.rb:494:in `block (3 levels) in create_fixtures'
    /usr/local/rvm/gems/ruby-1.9.3-p194/gems/activerecord-3.2.8/lib/active_record/fixtures.rb:492:in `each'
    /usr/local/rvm/gems/ruby-1.9.3-p194/gems/activerecord-3.2.8/lib/active_record/fixtures.rb:492:in `block (2 levels) in create_fixtures'
    /usr/local/rvm/gems/ruby-1.9.3-p194/gems/activerecord-3.2.8/lib/active_record/connection_adapters/abstract/database_statements.rb:192:in `transaction'
    /usr/local/rvm/gems/ruby-1.9.3-p194/gems/activerecord-3.2.8/lib/active_record/fixtures.rb:491:in `block in create_fixtures'
    /usr/local/rvm/gems/ruby-1.9.3-p194/gems/activerecord-3.2.8/lib/active_record/connection_adapters/abstract_adapter.rb:168:in `disable_referential_integrity'
    /usr/local/rvm/gems/ruby-1.9.3-p194/gems/activerecord-3.2.8/lib/active_record/fixtures.rb:476:in `create_fixtures'
    /usr/local/rvm/gems/ruby-1.9.3-p194/gems/activerecord-3.2.8/lib/active_record/fixtures.rb:895:in `load_fixtures'
    /usr/local/rvm/gems/ruby-1.9.3-p194/gems/activerecord-3.2.8/lib/active_record/fixtures.rb:849:in `setup_fixtures'
    /usr/local/rvm/gems/ruby-1.9.3-p194/gems/activesupport-3.2.8/lib/active_support/callbacks.rb:429:in `_run__567649173__setup__839894283__callbacks'
    /usr/local/rvm/gems/ruby-1.9.3-p194/gems/activesupport-3.2.8/lib/active_support/callbacks.rb:405:in `__run_callback'
    /usr/local/rvm/gems/ruby-1.9.3-p194/gems/activesupport-3.2.8/lib/active_support/callbacks.rb:385:in `_run_setup_callbacks'
    /usr/local/rvm/gems/ruby-1.9.3-p194/gems/activesupport-3.2.8/lib/active_support/callbacks.rb:81:in `run_callbacks'
    /usr/local/rvm/gems/ruby-1.9.3-p194/gems/activesupport-3.2.8/lib/active_support/testing/setup_and_teardown.rb:35:in `run'

  7) Error:
test_should_update_user(UsersControllerTest):
ActiveRecord::StatementInvalid: Could not find table 'users'
    /usr/local/rvm/gems/ruby-1.9.3-p194/gems/activerecord-3.2.8/lib/active_record/connection_adapters/sqlite_adapter.rb:472:in `table_structure'
    /usr/local/rvm/gems/ruby-1.9.3-p194/gems/activerecord-3.2.8/lib/active_record/connection_adapters/sqlite_adapter.rb:346:in `columns'
    /usr/local/rvm/gems/ruby-1.9.3-p194/gems/activerecord-3.2.8/lib/active_record/fixtures.rb:660:in `column_names'
    /usr/local/rvm/gems/ruby-1.9.3-p194/gems/activerecord-3.2.8/lib/active_record/fixtures.rb:652:in `timestamp_column_names'
    /usr/local/rvm/gems/ruby-1.9.3-p194/gems/activerecord-3.2.8/lib/active_record/fixtures.rb:585:in `block in table_rows'
    /usr/local/rvm/gems/ruby-1.9.3-p194/gems/activerecord-3.2.8/lib/active_record/fixtures.rb:579:in `each'
    /usr/local/rvm/gems/ruby-1.9.3-p194/gems/activerecord-3.2.8/lib/active_record/fixtures.rb:579:in `map'
    /usr/local/rvm/gems/ruby-1.9.3-p194/gems/activerecord-3.2.8/lib/active_record/fixtures.rb:579:in `table_rows'
    /usr/local/rvm/gems/ruby-1.9.3-p194/gems/activerecord-3.2.8/lib/active_record/fixtures.rb:494:in `block (3 levels) in create_fixtures'
    /usr/local/rvm/gems/ruby-1.9.3-p194/gems/activerecord-3.2.8/lib/active_record/fixtures.rb:492:in `each'
    /usr/local/rvm/gems/ruby-1.9.3-p194/gems/activerecord-3.2.8/lib/active_record/fixtures.rb:492:in `block (2 levels) in create_fixtures'
    /usr/local/rvm/gems/ruby-1.9.3-p194/gems/activerecord-3.2.8/lib/active_record/connection_adapters/abstract/database_statements.rb:192:in `transaction'
    /usr/local/rvm/gems/ruby-1.9.3-p194/gems/activerecord-3.2.8/lib/active_record/fixtures.rb:491:in `block in create_fixtures'
    /usr/local/rvm/gems/ruby-1.9.3-p194/gems/activerecord-3.2.8/lib/active_record/connection_adapters/abstract_adapter.rb:168:in `disable_referential_integrity'
    /usr/local/rvm/gems/ruby-1.9.3-p194/gems/activerecord-3.2.8/lib/active_record/fixtures.rb:476:in `create_fixtures'
    /usr/local/rvm/gems/ruby-1.9.3-p194/gems/activerecord-3.2.8/lib/active_record/fixtures.rb:895:in `load_fixtures'
    /usr/local/rvm/gems/ruby-1.9.3-p194/gems/activerecord-3.2.8/lib/active_record/fixtures.rb:849:in `setup_fixtures'
    /usr/local/rvm/gems/ruby-1.9.3-p194/gems/activesupport-3.2.8/lib/active_support/callbacks.rb:429:in `_run__567649173__setup__839894283__callbacks'
    /usr/local/rvm/gems/ruby-1.9.3-p194/gems/activesupport-3.2.8/lib/active_support/callbacks.rb:405:in `__run_callback'
    /usr/local/rvm/gems/ruby-1.9.3-p194/gems/activesupport-3.2.8/lib/active_support/callbacks.rb:385:in `_run_setup_callbacks'
    /usr/local/rvm/gems/ruby-1.9.3-p194/gems/activesupport-3.2.8/lib/active_support/callbacks.rb:81:in `run_callbacks'
    /usr/local/rvm/gems/ruby-1.9.3-p194/gems/activesupport-3.2.8/lib/active_support/testing/setup_and_teardown.rb:35:in `run'

7 tests, 0 assertions, 0 failures, 7 errors, 0 skips
/usr/local/rvm/rubies/ruby-1.9.3-p194/bin/ruby -I.:lib:test -rubygems test/functional/users_controller_test.rb -n "/^(test_should_create_user|test_should_destroy_user|test_should_get_edit|test_should_get_index|test_should_get_new|test_should_show_user|test_should_update_user)$/"; /usr/local/rvm/rubies/ruby-1.9.3-p194/bin/ruby -I.:lib:test -rubygems test/functional/microposts_controller_test.rb -n "/^(test_should_create_micropost|test_should_destroy_micropost|test_should_get_edit|test_should_get_index|test_should_get_new|test_should_show_micropost|test_should_update_micropost)$/"; /usr/local/rvm/rubies/ruby-1.9.3-p194/bin/ruby -I.:lib:test -rubygems test/functional/pages_controller_test.rb -n "/^(test_should_get_contact|test_should_get_home)$/"
Run options: -n "/^(test_should_create_user|test_should_destroy_user|test_should_get_edit|test_should_get_index|test_should_get_new|test_should_show_user|test_should_update_user)$/"

# Running tests:

EEEEEEE

Finished tests in 0.107607s, 65.0517 tests/s, 0.0000 assertions/s.

  1) Error:
test_should_create_user(UsersControllerTest):
ActiveRecord::StatementInvalid: Could not find table 'users'
    /usr/local/rvm/gems/ruby-1.9.3-p194/gems/activerecord-3.2.8/lib/active_record/connection_adapters/sqlite_adapter.rb:472:in `table_structure'
    /usr/local/rvm/gems/ruby-1.9.3-p194/gems/activerecord-3.2.8/lib/active_record/connection_adapters/sqlite_adapter.rb:346:in `columns'
    /usr/local/rvm/gems/ruby-1.9.3-p194/gems/activerecord-3.2.8/lib/active_record/fixtures.rb:660:in `column_names'
    /usr/local/rvm/gems/ruby-1.9.3-p194/gems/activerecord-3.2.8/lib/active_record/fixtures.rb:652:in `timestamp_column_names'
    /usr/local/rvm/gems/ruby-1.9.3-p194/gems/activerecord-3.2.8/lib/active_record/fixtures.rb:585:in `block in table_rows'
    /usr/local/rvm/gems/ruby-1.9.3-p194/gems/activerecord-3.2.8/lib/active_record/fixtures.rb:579:in `each'
    /usr/local/rvm/gems/ruby-1.9.3-p194/gems/activerecord-3.2.8/lib/active_record/fixtures.rb:579:in `map'
    /usr/local/rvm/gems/ruby-1.9.3-p194/gems/activerecord-3.2.8/lib/active_record/fixtures.rb:579:in `table_rows'
    /usr/local/rvm/gems/ruby-1.9.3-p194/gems/activerecord-3.2.8/lib/active_record/fixtures.rb:494:in `block (3 levels) in create_fixtures'
    /usr/local/rvm/gems/ruby-1.9.3-p194/gems/activerecord-3.2.8/lib/active_record/fixtures.rb:492:in `each'
    /usr/local/rvm/gems/ruby-1.9.3-p194/gems/activerecord-3.2.8/lib/active_record/fixtures.rb:492:in `block (2 levels) in create_fixtures'
    /usr/local/rvm/gems/ruby-1.9.3-p194/gems/activerecord-3.2.8/lib/active_record/connection_adapters/abstract/database_statements.rb:192:in `transaction'
    /usr/local/rvm/gems/ruby-1.9.3-p194/gems/activerecord-3.2.8/lib/active_record/fixtures.rb:491:in `block in create_fixtures'
    /usr/local/rvm/gems/ruby-1.9.3-p194/gems/activerecord-3.2.8/lib/active_record/connection_adapters/abstract_adapter.rb:168:in `disable_referential_integrity'
    /usr/local/rvm/gems/ruby-1.9.3-p194/gems/activerecord-3.2.8/lib/active_record/fixtures.rb:476:in `create_fixtures'
    /usr/local/rvm/gems/ruby-1.9.3-p194/gems/activerecord-3.2.8/lib/active_record/fixtures.rb:895:in `load_fixtures'
    /usr/local/rvm/gems/ruby-1.9.3-p194/gems/activerecord-3.2.8/lib/active_record/fixtures.rb:849:in `setup_fixtures'
    /usr/local/rvm/gems/ruby-1.9.3-p194/gems/activesupport-3.2.8/lib/active_support/callbacks.rb:429:in `_run__412798427__setup__627563743__callbacks'
    /usr/local/rvm/gems/ruby-1.9.3-p194/gems/activesupport-3.2.8/lib/active_support/callbacks.rb:405:in `__run_callback'
    /usr/local/rvm/gems/ruby-1.9.3-p194/gems/activesupport-3.2.8/lib/active_support/callbacks.rb:385:in `_run_setup_callbacks'
    /usr/local/rvm/gems/ruby-1.9.3-p194/gems/activesupport-3.2.8/lib/active_support/callbacks.rb:81:in `run_callbacks'
    /usr/local/rvm/gems/ruby-1.9.3-p194/gems/activesupport-3.2.8/lib/active_support/testing/setup_and_teardown.rb:35:in `run'

  2) Error:
test_should_destroy_user(UsersControllerTest):
ActiveRecord::StatementInvalid: Could not find table 'users'
    /usr/local/rvm/gems/ruby-1.9.3-p194/gems/activerecord-3.2.8/lib/active_record/connection_adapters/sqlite_adapter.rb:472:in `table_structure'
    /usr/local/rvm/gems/ruby-1.9.3-p194/gems/activerecord-3.2.8/lib/active_record/connection_adapters/sqlite_adapter.rb:346:in `columns'
    /usr/local/rvm/gems/ruby-1.9.3-p194/gems/activerecord-3.2.8/lib/active_record/fixtures.rb:660:in `column_names'
    /usr/local/rvm/gems/ruby-1.9.3-p194/gems/activerecord-3.2.8/lib/active_record/fixtures.rb:652:in `timestamp_column_names'
    /usr/local/rvm/gems/ruby-1.9.3-p194/gems/activerecord-3.2.8/lib/active_record/fixtures.rb:585:in `block in table_rows'
    /usr/local/rvm/gems/ruby-1.9.3-p194/gems/activerecord-3.2.8/lib/active_record/fixtures.rb:579:in `each'
    /usr/local/rvm/gems/ruby-1.9.3-p194/gems/activerecord-3.2.8/lib/active_record/fixtures.rb:579:in `map'
    /usr/local/rvm/gems/ruby-1.9.3-p194/gems/activerecord-3.2.8/lib/active_record/fixtures.rb:579:in `table_rows'
    /usr/local/rvm/gems/ruby-1.9.3-p194/gems/activerecord-3.2.8/lib/active_record/fixtures.rb:494:in `block (3 levels) in create_fixtures'
    /usr/local/rvm/gems/ruby-1.9.3-p194/gems/activerecord-3.2.8/lib/active_record/fixtures.rb:492:in `each'
    /usr/local/rvm/gems/ruby-1.9.3-p194/gems/activerecord-3.2.8/lib/active_record/fixtures.rb:492:in `block (2 levels) in create_fixtures'
    /usr/local/rvm/gems/ruby-1.9.3-p194/gems/activerecord-3.2.8/lib/active_record/connection_adapters/abstract/database_statements.rb:192:in `transaction'
    /usr/local/rvm/gems/ruby-1.9.3-p194/gems/activerecord-3.2.8/lib/active_record/fixtures.rb:491:in `block in create_fixtures'
    /usr/local/rvm/gems/ruby-1.9.3-p194/gems/activerecord-3.2.8/lib/active_record/connection_adapters/abstract_adapter.rb:168:in `disable_referential_integrity'
    /usr/local/rvm/gems/ruby-1.9.3-p194/gems/activerecord-3.2.8/lib/active_record/fixtures.rb:476:in `create_fixtures'
    /usr/local/rvm/gems/ruby-1.9.3-p194/gems/activerecord-3.2.8/lib/active_record/fixtures.rb:895:in `load_fixtures'
    /usr/local/rvm/gems/ruby-1.9.3-p194/gems/activerecord-3.2.8/lib/active_record/fixtures.rb:849:in `setup_fixtures'
    /usr/local/rvm/gems/ruby-1.9.3-p194/gems/activesupport-3.2.8/lib/active_support/callbacks.rb:429:in `_run__412798427__setup__627563743__callbacks'
    /usr/local/rvm/gems/ruby-1.9.3-p194/gems/activesupport-3.2.8/lib/active_support/callbacks.rb:405:in `__run_callback'
    /usr/local/rvm/gems/ruby-1.9.3-p194/gems/activesupport-3.2.8/lib/active_support/callbacks.rb:385:in `_run_setup_callbacks'
    /usr/local/rvm/gems/ruby-1.9.3-p194/gems/activesupport-3.2.8/lib/active_support/callbacks.rb:81:in `run_callbacks'
    /usr/local/rvm/gems/ruby-1.9.3-p194/gems/activesupport-3.2.8/lib/active_support/testing/setup_and_teardown.rb:35:in `run'

  3) Error:
test_should_get_edit(UsersControllerTest):
ActiveRecord::StatementInvalid: Could not find table 'users'
    /usr/local/rvm/gems/ruby-1.9.3-p194/gems/activerecord-3.2.8/lib/active_record/connection_adapters/sqlite_adapter.rb:472:in `table_structure'
    /usr/local/rvm/gems/ruby-1.9.3-p194/gems/activerecord-3.2.8/lib/active_record/connection_adapters/sqlite_adapter.rb:346:in `columns'
    /usr/local/rvm/gems/ruby-1.9.3-p194/gems/activerecord-3.2.8/lib/active_record/fixtures.rb:660:in `column_names'
    /usr/local/rvm/gems/ruby-1.9.3-p194/gems/activerecord-3.2.8/lib/active_record/fixtures.rb:652:in `timestamp_column_names'
    /usr/local/rvm/gems/ruby-1.9.3-p194/gems/activerecord-3.2.8/lib/active_record/fixtures.rb:585:in `block in table_rows'
    /usr/local/rvm/gems/ruby-1.9.3-p194/gems/activerecord-3.2.8/lib/active_record/fixtures.rb:579:in `each'
    /usr/local/rvm/gems/ruby-1.9.3-p194/gems/activerecord-3.2.8/lib/active_record/fixtures.rb:579:in `map'
    /usr/local/rvm/gems/ruby-1.9.3-p194/gems/activerecord-3.2.8/lib/active_record/fixtures.rb:579:in `table_rows'
    /usr/local/rvm/gems/ruby-1.9.3-p194/gems/activerecord-3.2.8/lib/active_record/fixtures.rb:494:in `block (3 levels) in create_fixtures'
    /usr/local/rvm/gems/ruby-1.9.3-p194/gems/activerecord-3.2.8/lib/active_record/fixtures.rb:492:in `each'
    /usr/local/rvm/gems/ruby-1.9.3-p194/gems/activerecord-3.2.8/lib/active_record/fixtures.rb:492:in `block (2 levels) in create_fixtures'
    /usr/local/rvm/gems/ruby-1.9.3-p194/gems/activerecord-3.2.8/lib/active_record/connection_adapters/abstract/database_statements.rb:192:in `transaction'
    /usr/local/rvm/gems/ruby-1.9.3-p194/gems/activerecord-3.2.8/lib/active_record/fixtures.rb:491:in `block in create_fixtures'
    /usr/local/rvm/gems/ruby-1.9.3-p194/gems/activerecord-3.2.8/lib/active_record/connection_adapters/abstract_adapter.rb:168:in `disable_referential_integrity'
    /usr/local/rvm/gems/ruby-1.9.3-p194/gems/activerecord-3.2.8/lib/active_record/fixtures.rb:476:in `create_fixtures'
    /usr/local/rvm/gems/ruby-1.9.3-p194/gems/activerecord-3.2.8/lib/active_record/fixtures.rb:895:in `load_fixtures'
    /usr/local/rvm/gems/ruby-1.9.3-p194/gems/activerecord-3.2.8/lib/active_record/fixtures.rb:849:in `setup_fixtures'
    /usr/local/rvm/gems/ruby-1.9.3-p194/gems/activesupport-3.2.8/lib/active_support/callbacks.rb:429:in `_run__412798427__setup__627563743__callbacks'
    /usr/local/rvm/gems/ruby-1.9.3-p194/gems/activesupport-3.2.8/lib/active_support/callbacks.rb:405:in `__run_callback'
    /usr/local/rvm/gems/ruby-1.9.3-p194/gems/activesupport-3.2.8/lib/active_support/callbacks.rb:385:in `_run_setup_callbacks'
    /usr/local/rvm/gems/ruby-1.9.3-p194/gems/activesupport-3.2.8/lib/active_support/callbacks.rb:81:in `run_callbacks'
    /usr/local/rvm/gems/ruby-1.9.3-p194/gems/activesupport-3.2.8/lib/active_support/testing/setup_and_teardown.rb:35:in `run'

  4) Error:
test_should_get_index(UsersControllerTest):
ActiveRecord::StatementInvalid: Could not find table 'users'
    /usr/local/rvm/gems/ruby-1.9.3-p194/gems/activerecord-3.2.8/lib/active_record/connection_adapters/sqlite_adapter.rb:472:in `table_structure'
    /usr/local/rvm/gems/ruby-1.9.3-p194/gems/activerecord-3.2.8/lib/active_record/connection_adapters/sqlite_adapter.rb:346:in `columns'
    /usr/local/rvm/gems/ruby-1.9.3-p194/gems/activerecord-3.2.8/lib/active_record/fixtures.rb:660:in `column_names'
    /usr/local/rvm/gems/ruby-1.9.3-p194/gems/activerecord-3.2.8/lib/active_record/fixtures.rb:652:in `timestamp_column_names'
    /usr/local/rvm/gems/ruby-1.9.3-p194/gems/activerecord-3.2.8/lib/active_record/fixtures.rb:585:in `block in table_rows'
    /usr/local/rvm/gems/ruby-1.9.3-p194/gems/activerecord-3.2.8/lib/active_record/fixtures.rb:579:in `each'
    /usr/local/rvm/gems/ruby-1.9.3-p194/gems/activerecord-3.2.8/lib/active_record/fixtures.rb:579:in `map'
    /usr/local/rvm/gems/ruby-1.9.3-p194/gems/activerecord-3.2.8/lib/active_record/fixtures.rb:579:in `table_rows'
    /usr/local/rvm/gems/ruby-1.9.3-p194/gems/activerecord-3.2.8/lib/active_record/fixtures.rb:494:in `block (3 levels) in create_fixtures'
    /usr/local/rvm/gems/ruby-1.9.3-p194/gems/activerecord-3.2.8/lib/active_record/fixtures.rb:492:in `each'
    /usr/local/rvm/gems/ruby-1.9.3-p194/gems/activerecord-3.2.8/lib/active_record/fixtures.rb:492:in `block (2 levels) in create_fixtures'
    /usr/local/rvm/gems/ruby-1.9.3-p194/gems/activerecord-3.2.8/lib/active_record/connection_adapters/abstract/database_statements.rb:192:in `transaction'
    /usr/local/rvm/gems/ruby-1.9.3-p194/gems/activerecord-3.2.8/lib/active_record/fixtures.rb:491:in `block in create_fixtures'
    /usr/local/rvm/gems/ruby-1.9.3-p194/gems/activerecord-3.2.8/lib/active_record/connection_adapters/abstract_adapter.rb:168:in `disable_referential_integrity'
    /usr/local/rvm/gems/ruby-1.9.3-p194/gems/activerecord-3.2.8/lib/active_record/fixtures.rb:476:in `create_fixtures'
    /usr/local/rvm/gems/ruby-1.9.3-p194/gems/activerecord-3.2.8/lib/active_record/fixtures.rb:895:in `load_fixtures'
    /usr/local/rvm/gems/ruby-1.9.3-p194/gems/activerecord-3.2.8/lib/active_record/fixtures.rb:849:in `setup_fixtures'
    /usr/local/rvm/gems/ruby-1.9.3-p194/gems/activesupport-3.2.8/lib/active_support/callbacks.rb:429:in `_run__412798427__setup__627563743__callbacks'
    /usr/local/rvm/gems/ruby-1.9.3-p194/gems/activesupport-3.2.8/lib/active_support/callbacks.rb:405:in `__run_callback'
    /usr/local/rvm/gems/ruby-1.9.3-p194/gems/activesupport-3.2.8/lib/active_support/callbacks.rb:385:in `_run_setup_callbacks'
    /usr/local/rvm/gems/ruby-1.9.3-p194/gems/activesupport-3.2.8/lib/active_support/callbacks.rb:81:in `run_callbacks'
    /usr/local/rvm/gems/ruby-1.9.3-p194/gems/activesupport-3.2.8/lib/active_support/testing/setup_and_teardown.rb:35:in `run'

  5) Error:
test_should_get_new(UsersControllerTest):
ActiveRecord::StatementInvalid: Could not find table 'users'
    /usr/local/rvm/gems/ruby-1.9.3-p194/gems/activerecord-3.2.8/lib/active_record/connection_adapters/sqlite_adapter.rb:472:in `table_structure'
    /usr/local/rvm/gems/ruby-1.9.3-p194/gems/activerecord-3.2.8/lib/active_record/connection_adapters/sqlite_adapter.rb:346:in `columns'
    /usr/local/rvm/gems/ruby-1.9.3-p194/gems/activerecord-3.2.8/lib/active_record/fixtures.rb:660:in `column_names'
    /usr/local/rvm/gems/ruby-1.9.3-p194/gems/activerecord-3.2.8/lib/active_record/fixtures.rb:652:in `timestamp_column_names'
    /usr/local/rvm/gems/ruby-1.9.3-p194/gems/activerecord-3.2.8/lib/active_record/fixtures.rb:585:in `block in table_rows'
    /usr/local/rvm/gems/ruby-1.9.3-p194/gems/activerecord-3.2.8/lib/active_record/fixtures.rb:579:in `each'
    /usr/local/rvm/gems/ruby-1.9.3-p194/gems/activerecord-3.2.8/lib/active_record/fixtures.rb:579:in `map'
    /usr/local/rvm/gems/ruby-1.9.3-p194/gems/activerecord-3.2.8/lib/active_record/fixtures.rb:579:in `table_rows'
    /usr/local/rvm/gems/ruby-1.9.3-p194/gems/activerecord-3.2.8/lib/active_record/fixtures.rb:494:in `block (3 levels) in create_fixtures'
    /usr/local/rvm/gems/ruby-1.9.3-p194/gems/activerecord-3.2.8/lib/active_record/fixtures.rb:492:in `each'
    /usr/local/rvm/gems/ruby-1.9.3-p194/gems/activerecord-3.2.8/lib/active_record/fixtures.rb:492:in `block (2 levels) in create_fixtures'
    /usr/local/rvm/gems/ruby-1.9.3-p194/gems/activerecord-3.2.8/lib/active_record/connection_adapters/abstract/database_statements.rb:192:in `transaction'
    /usr/local/rvm/gems/ruby-1.9.3-p194/gems/activerecord-3.2.8/lib/active_record/fixtures.rb:491:in `block in create_fixtures'
    /usr/local/rvm/gems/ruby-1.9.3-p194/gems/activerecord-3.2.8/lib/active_record/connection_adapters/abstract_adapter.rb:168:in `disable_referential_integrity'
    /usr/local/rvm/gems/ruby-1.9.3-p194/gems/activerecord-3.2.8/lib/active_record/fixtures.rb:476:in `create_fixtures'
    /usr/local/rvm/gems/ruby-1.9.3-p194/gems/activerecord-3.2.8/lib/active_record/fixtures.rb:895:in `load_fixtures'
    /usr/local/rvm/gems/ruby-1.9.3-p194/gems/activerecord-3.2.8/lib/active_record/fixtures.rb:849:in `setup_fixtures'
    /usr/local/rvm/gems/ruby-1.9.3-p194/gems/activesupport-3.2.8/lib/active_support/callbacks.rb:429:in `_run__412798427__setup__627563743__callbacks'
    /usr/local/rvm/gems/ruby-1.9.3-p194/gems/activesupport-3.2.8/lib/active_support/callbacks.rb:405:in `__run_callback'
    /usr/local/rvm/gems/ruby-1.9.3-p194/gems/activesupport-3.2.8/lib/active_support/callbacks.rb:385:in `_run_setup_callbacks'
    /usr/local/rvm/gems/ruby-1.9.3-p194/gems/activesupport-3.2.8/lib/active_support/callbacks.rb:81:in `run_callbacks'
    /usr/local/rvm/gems/ruby-1.9.3-p194/gems/activesupport-3.2.8/lib/active_support/testing/setup_and_teardown.rb:35:in `run'

  6) Error:
test_should_show_user(UsersControllerTest):
ActiveRecord::StatementInvalid: Could not find table 'users'
    /usr/local/rvm/gems/ruby-1.9.3-p194/gems/activerecord-3.2.8/lib/active_record/connection_adapters/sqlite_adapter.rb:472:in `table_structure'
    /usr/local/rvm/gems/ruby-1.9.3-p194/gems/activerecord-3.2.8/lib/active_record/connection_adapters/sqlite_adapter.rb:346:in `columns'
    /usr/local/rvm/gems/ruby-1.9.3-p194/gems/activerecord-3.2.8/lib/active_record/fixtures.rb:660:in `column_names'
    /usr/local/rvm/gems/ruby-1.9.3-p194/gems/activerecord-3.2.8/lib/active_record/fixtures.rb:652:in `timestamp_column_names'
    /usr/local/rvm/gems/ruby-1.9.3-p194/gems/activerecord-3.2.8/lib/active_record/fixtures.rb:585:in `block in table_rows'
    /usr/local/rvm/gems/ruby-1.9.3-p194/gems/activerecord-3.2.8/lib/active_record/fixtures.rb:579:in `each'
    /usr/local/rvm/gems/ruby-1.9.3-p194/gems/activerecord-3.2.8/lib/active_record/fixtures.rb:579:in `map'
    /usr/local/rvm/gems/ruby-1.9.3-p194/gems/activerecord-3.2.8/lib/active_record/fixtures.rb:579:in `table_rows'
    /usr/local/rvm/gems/ruby-1.9.3-p194/gems/activerecord-3.2.8/lib/active_record/fixtures.rb:494:in `block (3 levels) in create_fixtures'
    /usr/local/rvm/gems/ruby-1.9.3-p194/gems/activerecord-3.2.8/lib/active_record/fixtures.rb:492:in `each'
    /usr/local/rvm/gems/ruby-1.9.3-p194/gems/activerecord-3.2.8/lib/active_record/fixtures.rb:492:in `block (2 levels) in create_fixtures'
    /usr/local/rvm/gems/ruby-1.9.3-p194/gems/activerecord-3.2.8/lib/active_record/connection_adapters/abstract/database_statements.rb:192:in `transaction'
    /usr/local/rvm/gems/ruby-1.9.3-p194/gems/activerecord-3.2.8/lib/active_record/fixtures.rb:491:in `block in create_fixtures'
    /usr/local/rvm/gems/ruby-1.9.3-p194/gems/activerecord-3.2.8/lib/active_record/connection_adapters/abstract_adapter.rb:168:in `disable_referential_integrity'
    /usr/local/rvm/gems/ruby-1.9.3-p194/gems/activerecord-3.2.8/lib/active_record/fixtures.rb:476:in `create_fixtures'
    /usr/local/rvm/gems/ruby-1.9.3-p194/gems/activerecord-3.2.8/lib/active_record/fixtures.rb:895:in `load_fixtures'
    /usr/local/rvm/gems/ruby-1.9.3-p194/gems/activerecord-3.2.8/lib/active_record/fixtures.rb:849:in `setup_fixtures'
    /usr/local/rvm/gems/ruby-1.9.3-p194/gems/activesupport-3.2.8/lib/active_support/callbacks.rb:429:in `_run__412798427__setup__627563743__callbacks'
    /usr/local/rvm/gems/ruby-1.9.3-p194/gems/activesupport-3.2.8/lib/active_support/callbacks.rb:405:in `__run_callback'
    /usr/local/rvm/gems/ruby-1.9.3-p194/gems/activesupport-3.2.8/lib/active_support/callbacks.rb:385:in `_run_setup_callbacks'
    /usr/local/rvm/gems/ruby-1.9.3-p194/gems/activesupport-3.2.8/lib/active_support/callbacks.rb:81:in `run_callbacks'
    /usr/local/rvm/gems/ruby-1.9.3-p194/gems/activesupport-3.2.8/lib/active_support/testing/setup_and_teardown.rb:35:in `run'

  7) Error:
test_should_update_user(UsersControllerTest):
ActiveRecord::StatementInvalid: Could not find table 'users'
    /usr/local/rvm/gems/ruby-1.9.3-p194/gems/activerecord-3.2.8/lib/active_record/connection_adapters/sqlite_adapter.rb:472:in `table_structure'
    /usr/local/rvm/gems/ruby-1.9.3-p194/gems/activerecord-3.2.8/lib/active_record/connection_adapters/sqlite_adapter.rb:346:in `columns'
    /usr/local/rvm/gems/ruby-1.9.3-p194/gems/activerecord-3.2.8/lib/active_record/fixtures.rb:660:in `column_names'
    /usr/local/rvm/gems/ruby-1.9.3-p194/gems/activerecord-3.2.8/lib/active_record/fixtures.rb:652:in `timestamp_column_names'
    /usr/local/rvm/gems/ruby-1.9.3-p194/gems/activerecord-3.2.8/lib/active_record/fixtures.rb:585:in `block in table_rows'
    /usr/local/rvm/gems/ruby-1.9.3-p194/gems/activerecord-3.2.8/lib/active_record/fixtures.rb:579:in `each'
    /usr/local/rvm/gems/ruby-1.9.3-p194/gems/activerecord-3.2.8/lib/active_record/fixtures.rb:579:in `map'
    /usr/local/rvm/gems/ruby-1.9.3-p194/gems/activerecord-3.2.8/lib/active_record/fixtures.rb:579:in `table_rows'
    /usr/local/rvm/gems/ruby-1.9.3-p194/gems/activerecord-3.2.8/lib/active_record/fixtures.rb:494:in `block (3 levels) in create_fixtures'
    /usr/local/rvm/gems/ruby-1.9.3-p194/gems/activerecord-3.2.8/lib/active_record/fixtures.rb:492:in `each'
    /usr/local/rvm/gems/ruby-1.9.3-p194/gems/activerecord-3.2.8/lib/active_record/fixtures.rb:492:in `block (2 levels) in create_fixtures'
    /usr/local/rvm/gems/ruby-1.9.3-p194/gems/activerecord-3.2.8/lib/active_record/connection_adapters/abstract/database_statements.rb:192:in `transaction'
    /usr/local/rvm/gems/ruby-1.9.3-p194/gems/activerecord-3.2.8/lib/active_record/fixtures.rb:491:in `block in create_fixtures'
    /usr/local/rvm/gems/ruby-1.9.3-p194/gems/activerecord-3.2.8/lib/active_record/connection_adapters/abstract_adapter.rb:168:in `disable_referential_integrity'
    /usr/local/rvm/gems/ruby-1.9.3-p194/gems/activerecord-3.2.8/lib/active_record/fixtures.rb:476:in `create_fixtures'
    /usr/local/rvm/gems/ruby-1.9.3-p194/gems/activerecord-3.2.8/lib/active_record/fixtures.rb:895:in `load_fixtures'
    /usr/local/rvm/gems/ruby-1.9.3-p194/gems/activerecord-3.2.8/lib/active_record/fixtures.rb:849:in `setup_fixtures'
    /usr/local/rvm/gems/ruby-1.9.3-p194/gems/activesupport-3.2.8/lib/active_support/callbacks.rb:429:in `_run__412798427__setup__627563743__callbacks'
    /usr/local/rvm/gems/ruby-1.9.3-p194/gems/activesupport-3.2.8/lib/active_support/callbacks.rb:405:in `__run_callback'
    /usr/local/rvm/gems/ruby-1.9.3-p194/gems/activesupport-3.2.8/lib/active_support/callbacks.rb:385:in `_run_setup_callbacks'
    /usr/local/rvm/gems/ruby-1.9.3-p194/gems/activesupport-3.2.8/lib/active_support/callbacks.rb:81:in `run_callbacks'
    /usr/local/rvm/gems/ruby-1.9.3-p194/gems/activesupport-3.2.8/lib/active_support/testing/setup_and_teardown.rb:35:in `run'

7 tests, 0 assertions, 0 failures, 7 errors, 0 skips
Run options: -n "/^(test_should_create_micropost|test_should_destroy_micropost|test_should_get_edit|test_should_get_index|test_should_get_new|test_should_show_micropost|test_should_update_micropost)$/"

# Running tests:

EEEEEEE

Finished tests in 0.105884s, 66.1102 tests/s, 0.0000 assertions/s.

  1) Error:
test_should_create_micropost(MicropostsControllerTest):
ActiveRecord::StatementInvalid: Could not find table 'users'
    /usr/local/rvm/gems/ruby-1.9.3-p194/gems/activerecord-3.2.8/lib/active_record/connection_adapters/sqlite_adapter.rb:472:in `table_structure'
    /usr/local/rvm/gems/ruby-1.9.3-p194/gems/activerecord-3.2.8/lib/active_record/connection_adapters/sqlite_adapter.rb:346:in `columns'
    /usr/local/rvm/gems/ruby-1.9.3-p194/gems/activerecord-3.2.8/lib/active_record/fixtures.rb:660:in `column_names'
    /usr/local/rvm/gems/ruby-1.9.3-p194/gems/activerecord-3.2.8/lib/active_record/fixtures.rb:652:in `timestamp_column_names'
    /usr/local/rvm/gems/ruby-1.9.3-p194/gems/activerecord-3.2.8/lib/active_record/fixtures.rb:585:in `block in table_rows'
    /usr/local/rvm/gems/ruby-1.9.3-p194/gems/activerecord-3.2.8/lib/active_record/fixtures.rb:579:in `each'
    /usr/local/rvm/gems/ruby-1.9.3-p194/gems/activerecord-3.2.8/lib/active_record/fixtures.rb:579:in `map'
    /usr/local/rvm/gems/ruby-1.9.3-p194/gems/activerecord-3.2.8/lib/active_record/fixtures.rb:579:in `table_rows'
    /usr/local/rvm/gems/ruby-1.9.3-p194/gems/activerecord-3.2.8/lib/active_record/fixtures.rb:494:in `block (3 levels) in create_fixtures'
    /usr/local/rvm/gems/ruby-1.9.3-p194/gems/activerecord-3.2.8/lib/active_record/fixtures.rb:492:in `each'
    /usr/local/rvm/gems/ruby-1.9.3-p194/gems/activerecord-3.2.8/lib/active_record/fixtures.rb:492:in `block (2 levels) in create_fixtures'
    /usr/local/rvm/gems/ruby-1.9.3-p194/gems/activerecord-3.2.8/lib/active_record/connection_adapters/abstract/database_statements.rb:192:in `transaction'
    /usr/local/rvm/gems/ruby-1.9.3-p194/gems/activerecord-3.2.8/lib/active_record/fixtures.rb:491:in `block in create_fixtures'
    /usr/local/rvm/gems/ruby-1.9.3-p194/gems/activerecord-3.2.8/lib/active_record/connection_adapters/abstract_adapter.rb:168:in `disable_referential_integrity'
    /usr/local/rvm/gems/ruby-1.9.3-p194/gems/activerecord-3.2.8/lib/active_record/fixtures.rb:476:in `create_fixtures'
    /usr/local/rvm/gems/ruby-1.9.3-p194/gems/activerecord-3.2.8/lib/active_record/fixtures.rb:895:in `load_fixtures'
    /usr/local/rvm/gems/ruby-1.9.3-p194/gems/activerecord-3.2.8/lib/active_record/fixtures.rb:849:in `setup_fixtures'
    /usr/local/rvm/gems/ruby-1.9.3-p194/gems/activesupport-3.2.8/lib/active_support/callbacks.rb:429:in `_run__932594764__setup__845695350__callbacks'
    /usr/local/rvm/gems/ruby-1.9.3-p194/gems/activesupport-3.2.8/lib/active_support/callbacks.rb:405:in `__run_callback'
    /usr/local/rvm/gems/ruby-1.9.3-p194/gems/activesupport-3.2.8/lib/active_support/callbacks.rb:385:in `_run_setup_callbacks'
    /usr/local/rvm/gems/ruby-1.9.3-p194/gems/activesupport-3.2.8/lib/active_support/callbacks.rb:81:in `run_callbacks'
    /usr/local/rvm/gems/ruby-1.9.3-p194/gems/activesupport-3.2.8/lib/active_support/testing/setup_and_teardown.rb:35:in `run'

  2) Error:
test_should_destroy_micropost(MicropostsControllerTest):
ActiveRecord::StatementInvalid: Could not find table 'users'
    /usr/local/rvm/gems/ruby-1.9.3-p194/gems/activerecord-3.2.8/lib/active_record/connection_adapters/sqlite_adapter.rb:472:in `table_structure'
    /usr/local/rvm/gems/ruby-1.9.3-p194/gems/activerecord-3.2.8/lib/active_record/connection_adapters/sqlite_adapter.rb:346:in `columns'
    /usr/local/rvm/gems/ruby-1.9.3-p194/gems/activerecord-3.2.8/lib/active_record/fixtures.rb:660:in `column_names'
    /usr/local/rvm/gems/ruby-1.9.3-p194/gems/activerecord-3.2.8/lib/active_record/fixtures.rb:652:in `timestamp_column_names'
    /usr/local/rvm/gems/ruby-1.9.3-p194/gems/activerecord-3.2.8/lib/active_record/fixtures.rb:585:in `block in table_rows'
    /usr/local/rvm/gems/ruby-1.9.3-p194/gems/activerecord-3.2.8/lib/active_record/fixtures.rb:579:in `each'
    /usr/local/rvm/gems/ruby-1.9.3-p194/gems/activerecord-3.2.8/lib/active_record/fixtures.rb:579:in `map'
    /usr/local/rvm/gems/ruby-1.9.3-p194/gems/activerecord-3.2.8/lib/active_record/fixtures.rb:579:in `table_rows'
    /usr/local/rvm/gems/ruby-1.9.3-p194/gems/activerecord-3.2.8/lib/active_record/fixtures.rb:494:in `block (3 levels) in create_fixtures'
    /usr/local/rvm/gems/ruby-1.9.3-p194/gems/activerecord-3.2.8/lib/active_record/fixtures.rb:492:in `each'
    /usr/local/rvm/gems/ruby-1.9.3-p194/gems/activerecord-3.2.8/lib/active_record/fixtures.rb:492:in `block (2 levels) in create_fixtures'
    /usr/local/rvm/gems/ruby-1.9.3-p194/gems/activerecord-3.2.8/lib/active_record/connection_adapters/abstract/database_statements.rb:192:in `transaction'
    /usr/local/rvm/gems/ruby-1.9.3-p194/gems/activerecord-3.2.8/lib/active_record/fixtures.rb:491:in `block in create_fixtures'
    /usr/local/rvm/gems/ruby-1.9.3-p194/gems/activerecord-3.2.8/lib/active_record/connection_adapters/abstract_adapter.rb:168:in `disable_referential_integrity'
    /usr/local/rvm/gems/ruby-1.9.3-p194/gems/activerecord-3.2.8/lib/active_record/fixtures.rb:476:in `create_fixtures'
    /usr/local/rvm/gems/ruby-1.9.3-p194/gems/activerecord-3.2.8/lib/active_record/fixtures.rb:895:in `load_fixtures'
    /usr/local/rvm/gems/ruby-1.9.3-p194/gems/activerecord-3.2.8/lib/active_record/fixtures.rb:849:in `setup_fixtures'
    /usr/local/rvm/gems/ruby-1.9.3-p194/gems/activesupport-3.2.8/lib/active_support/callbacks.rb:429:in `_run__932594764__setup__845695350__callbacks'
    /usr/local/rvm/gems/ruby-1.9.3-p194/gems/activesupport-3.2.8/lib/active_support/callbacks.rb:405:in `__run_callback'
    /usr/local/rvm/gems/ruby-1.9.3-p194/gems/activesupport-3.2.8/lib/active_support/callbacks.rb:385:in `_run_setup_callbacks'
    /usr/local/rvm/gems/ruby-1.9.3-p194/gems/activesupport-3.2.8/lib/active_support/callbacks.rb:81:in `run_callbacks'
    /usr/local/rvm/gems/ruby-1.9.3-p194/gems/activesupport-3.2.8/lib/active_support/testing/setup_and_teardown.rb:35:in `run'

  3) Error:
test_should_get_edit(MicropostsControllerTest):
ActiveRecord::StatementInvalid: Could not find table 'users'
    /usr/local/rvm/gems/ruby-1.9.3-p194/gems/activerecord-3.2.8/lib/active_record/connection_adapters/sqlite_adapter.rb:472:in `table_structure'
    /usr/local/rvm/gems/ruby-1.9.3-p194/gems/activerecord-3.2.8/lib/active_record/connection_adapters/sqlite_adapter.rb:346:in `columns'
    /usr/local/rvm/gems/ruby-1.9.3-p194/gems/activerecord-3.2.8/lib/active_record/fixtures.rb:660:in `column_names'
    /usr/local/rvm/gems/ruby-1.9.3-p194/gems/activerecord-3.2.8/lib/active_record/fixtures.rb:652:in `timestamp_column_names'
    /usr/local/rvm/gems/ruby-1.9.3-p194/gems/activerecord-3.2.8/lib/active_record/fixtures.rb:585:in `block in table_rows'
    /usr/local/rvm/gems/ruby-1.9.3-p194/gems/activerecord-3.2.8/lib/active_record/fixtures.rb:579:in `each'
    /usr/local/rvm/gems/ruby-1.9.3-p194/gems/activerecord-3.2.8/lib/active_record/fixtures.rb:579:in `map'
    /usr/local/rvm/gems/ruby-1.9.3-p194/gems/activerecord-3.2.8/lib/active_record/fixtures.rb:579:in `table_rows'
    /usr/local/rvm/gems/ruby-1.9.3-p194/gems/activerecord-3.2.8/lib/active_record/fixtures.rb:494:in `block (3 levels) in create_fixtures'
    /usr/local/rvm/gems/ruby-1.9.3-p194/gems/activerecord-3.2.8/lib/active_record/fixtures.rb:492:in `each'
    /usr/local/rvm/gems/ruby-1.9.3-p194/gems/activerecord-3.2.8/lib/active_record/fixtures.rb:492:in `block (2 levels) in create_fixtures'
    /usr/local/rvm/gems/ruby-1.9.3-p194/gems/activerecord-3.2.8/lib/active_record/connection_adapters/abstract/database_statements.rb:192:in `transaction'
    /usr/local/rvm/gems/ruby-1.9.3-p194/gems/activerecord-3.2.8/lib/active_record/fixtures.rb:491:in `block in create_fixtures'
    /usr/local/rvm/gems/ruby-1.9.3-p194/gems/activerecord-3.2.8/lib/active_record/connection_adapters/abstract_adapter.rb:168:in `disable_referential_integrity'
    /usr/local/rvm/gems/ruby-1.9.3-p194/gems/activerecord-3.2.8/lib/active_record/fixtures.rb:476:in `create_fixtures'
    /usr/local/rvm/gems/ruby-1.9.3-p194/gems/activerecord-3.2.8/lib/active_record/fixtures.rb:895:in `load_fixtures'
    /usr/local/rvm/gems/ruby-1.9.3-p194/gems/activerecord-3.2.8/lib/active_record/fixtures.rb:849:in `setup_fixtures'
    /usr/local/rvm/gems/ruby-1.9.3-p194/gems/activesupport-3.2.8/lib/active_support/callbacks.rb:429:in `_run__932594764__setup__845695350__callbacks'
    /usr/local/rvm/gems/ruby-1.9.3-p194/gems/activesupport-3.2.8/lib/active_support/callbacks.rb:405:in `__run_callback'
    /usr/local/rvm/gems/ruby-1.9.3-p194/gems/activesupport-3.2.8/lib/active_support/callbacks.rb:385:in `_run_setup_callbacks'
    /usr/local/rvm/gems/ruby-1.9.3-p194/gems/activesupport-3.2.8/lib/active_support/callbacks.rb:81:in `run_callbacks'
    /usr/local/rvm/gems/ruby-1.9.3-p194/gems/activesupport-3.2.8/lib/active_support/testing/setup_and_teardown.rb:35:in `run'

  4) Error:
test_should_get_index(MicropostsControllerTest):
ActiveRecord::StatementInvalid: Could not find table 'users'
    /usr/local/rvm/gems/ruby-1.9.3-p194/gems/activerecord-3.2.8/lib/active_record/connection_adapters/sqlite_adapter.rb:472:in `table_structure'
    /usr/local/rvm/gems/ruby-1.9.3-p194/gems/activerecord-3.2.8/lib/active_record/connection_adapters/sqlite_adapter.rb:346:in `columns'
    /usr/local/rvm/gems/ruby-1.9.3-p194/gems/activerecord-3.2.8/lib/active_record/fixtures.rb:660:in `column_names'
    /usr/local/rvm/gems/ruby-1.9.3-p194/gems/activerecord-3.2.8/lib/active_record/fixtures.rb:652:in `timestamp_column_names'
    /usr/local/rvm/gems/ruby-1.9.3-p194/gems/activerecord-3.2.8/lib/active_record/fixtures.rb:585:in `block in table_rows'
    /usr/local/rvm/gems/ruby-1.9.3-p194/gems/activerecord-3.2.8/lib/active_record/fixtures.rb:579:in `each'
    /usr/local/rvm/gems/ruby-1.9.3-p194/gems/activerecord-3.2.8/lib/active_record/fixtures.rb:579:in `map'
    /usr/local/rvm/gems/ruby-1.9.3-p194/gems/activerecord-3.2.8/lib/active_record/fixtures.rb:579:in `table_rows'
    /usr/local/rvm/gems/ruby-1.9.3-p194/gems/activerecord-3.2.8/lib/active_record/fixtures.rb:494:in `block (3 levels) in create_fixtures'
    /usr/local/rvm/gems/ruby-1.9.3-p194/gems/activerecord-3.2.8/lib/active_record/fixtures.rb:492:in `each'
    /usr/local/rvm/gems/ruby-1.9.3-p194/gems/activerecord-3.2.8/lib/active_record/fixtures.rb:492:in `block (2 levels) in create_fixtures'
    /usr/local/rvm/gems/ruby-1.9.3-p194/gems/activerecord-3.2.8/lib/active_record/connection_adapters/abstract/database_statements.rb:192:in `transaction'
    /usr/local/rvm/gems/ruby-1.9.3-p194/gems/activerecord-3.2.8/lib/active_record/fixtures.rb:491:in `block in create_fixtures'
    /usr/local/rvm/gems/ruby-1.9.3-p194/gems/activerecord-3.2.8/lib/active_record/connection_adapters/abstract_adapter.rb:168:in `disable_referential_integrity'
    /usr/local/rvm/gems/ruby-1.9.3-p194/gems/activerecord-3.2.8/lib/active_record/fixtures.rb:476:in `create_fixtures'
    /usr/local/rvm/gems/ruby-1.9.3-p194/gems/activerecord-3.2.8/lib/active_record/fixtures.rb:895:in `load_fixtures'
    /usr/local/rvm/gems/ruby-1.9.3-p194/gems/activerecord-3.2.8/lib/active_record/fixtures.rb:849:in `setup_fixtures'
    /usr/local/rvm/gems/ruby-1.9.3-p194/gems/activesupport-3.2.8/lib/active_support/callbacks.rb:429:in `_run__932594764__setup__845695350__callbacks'
    /usr/local/rvm/gems/ruby-1.9.3-p194/gems/activesupport-3.2.8/lib/active_support/callbacks.rb:405:in `__run_callback'
    /usr/local/rvm/gems/ruby-1.9.3-p194/gems/activesupport-3.2.8/lib/active_support/callbacks.rb:385:in `_run_setup_callbacks'
    /usr/local/rvm/gems/ruby-1.9.3-p194/gems/activesupport-3.2.8/lib/active_support/callbacks.rb:81:in `run_callbacks'
    /usr/local/rvm/gems/ruby-1.9.3-p194/gems/activesupport-3.2.8/lib/active_support/testing/setup_and_teardown.rb:35:in `run'

  5) Error:
test_should_get_new(MicropostsControllerTest):
ActiveRecord::StatementInvalid: Could not find table 'users'
    /usr/local/rvm/gems/ruby-1.9.3-p194/gems/activerecord-3.2.8/lib/active_record/connection_adapters/sqlite_adapter.rb:472:in `table_structure'
    /usr/local/rvm/gems/ruby-1.9.3-p194/gems/activerecord-3.2.8/lib/active_record/connection_adapters/sqlite_adapter.rb:346:in `columns'
    /usr/local/rvm/gems/ruby-1.9.3-p194/gems/activerecord-3.2.8/lib/active_record/fixtures.rb:660:in `column_names'
    /usr/local/rvm/gems/ruby-1.9.3-p194/gems/activerecord-3.2.8/lib/active_record/fixtures.rb:652:in `timestamp_column_names'
    /usr/local/rvm/gems/ruby-1.9.3-p194/gems/activerecord-3.2.8/lib/active_record/fixtures.rb:585:in `block in table_rows'
    /usr/local/rvm/gems/ruby-1.9.3-p194/gems/activerecord-3.2.8/lib/active_record/fixtures.rb:579:in `each'
    /usr/local/rvm/gems/ruby-1.9.3-p194/gems/activerecord-3.2.8/lib/active_record/fixtures.rb:579:in `map'
    /usr/local/rvm/gems/ruby-1.9.3-p194/gems/activerecord-3.2.8/lib/active_record/fixtures.rb:579:in `table_rows'
    /usr/local/rvm/gems/ruby-1.9.3-p194/gems/activerecord-3.2.8/lib/active_record/fixtures.rb:494:in `block (3 levels) in create_fixtures'
    /usr/local/rvm/gems/ruby-1.9.3-p194/gems/activerecord-3.2.8/lib/active_record/fixtures.rb:492:in `each'
    /usr/local/rvm/gems/ruby-1.9.3-p194/gems/activerecord-3.2.8/lib/active_record/fixtures.rb:492:in `block (2 levels) in create_fixtures'
    /usr/local/rvm/gems/ruby-1.9.3-p194/gems/activerecord-3.2.8/lib/active_record/connection_adapters/abstract/database_statements.rb:192:in `transaction'
    /usr/local/rvm/gems/ruby-1.9.3-p194/gems/activerecord-3.2.8/lib/active_record/fixtures.rb:491:in `block in create_fixtures'
    /usr/local/rvm/gems/ruby-1.9.3-p194/gems/activerecord-3.2.8/lib/active_record/connection_adapters/abstract_adapter.rb:168:in `disable_referential_integrity'
    /usr/local/rvm/gems/ruby-1.9.3-p194/gems/activerecord-3.2.8/lib/active_record/fixtures.rb:476:in `create_fixtures'
    /usr/local/rvm/gems/ruby-1.9.3-p194/gems/activerecord-3.2.8/lib/active_record/fixtures.rb:895:in `load_fixtures'
    /usr/local/rvm/gems/ruby-1.9.3-p194/gems/activerecord-3.2.8/lib/active_record/fixtures.rb:849:in `setup_fixtures'
    /usr/local/rvm/gems/ruby-1.9.3-p194/gems/activesupport-3.2.8/lib/active_support/callbacks.rb:429:in `_run__932594764__setup__845695350__callbacks'
    /usr/local/rvm/gems/ruby-1.9.3-p194/gems/activesupport-3.2.8/lib/active_support/callbacks.rb:405:in `__run_callback'
    /usr/local/rvm/gems/ruby-1.9.3-p194/gems/activesupport-3.2.8/lib/active_support/callbacks.rb:385:in `_run_setup_callbacks'
    /usr/local/rvm/gems/ruby-1.9.3-p194/gems/activesupport-3.2.8/lib/active_support/callbacks.rb:81:in `run_callbacks'
    /usr/local/rvm/gems/ruby-1.9.3-p194/gems/activesupport-3.2.8/lib/active_support/testing/setup_and_teardown.rb:35:in `run'

  6) Error:
test_should_show_micropost(MicropostsControllerTest):
ActiveRecord::StatementInvalid: Could not find table 'users'
    /usr/local/rvm/gems/ruby-1.9.3-p194/gems/activerecord-3.2.8/lib/active_record/connection_adapters/sqlite_adapter.rb:472:in `table_structure'
    /usr/local/rvm/gems/ruby-1.9.3-p194/gems/activerecord-3.2.8/lib/active_record/connection_adapters/sqlite_adapter.rb:346:in `columns'
    /usr/local/rvm/gems/ruby-1.9.3-p194/gems/activerecord-3.2.8/lib/active_record/fixtures.rb:660:in `column_names'
    /usr/local/rvm/gems/ruby-1.9.3-p194/gems/activerecord-3.2.8/lib/active_record/fixtures.rb:652:in `timestamp_column_names'
    /usr/local/rvm/gems/ruby-1.9.3-p194/gems/activerecord-3.2.8/lib/active_record/fixtures.rb:585:in `block in table_rows'
    /usr/local/rvm/gems/ruby-1.9.3-p194/gems/activerecord-3.2.8/lib/active_record/fixtures.rb:579:in `each'
    /usr/local/rvm/gems/ruby-1.9.3-p194/gems/activerecord-3.2.8/lib/active_record/fixtures.rb:579:in `map'
    /usr/local/rvm/gems/ruby-1.9.3-p194/gems/activerecord-3.2.8/lib/active_record/fixtures.rb:579:in `table_rows'
    /usr/local/rvm/gems/ruby-1.9.3-p194/gems/activerecord-3.2.8/lib/active_record/fixtures.rb:494:in `block (3 levels) in create_fixtures'
    /usr/local/rvm/gems/ruby-1.9.3-p194/gems/activerecord-3.2.8/lib/active_record/fixtures.rb:492:in `each'
    /usr/local/rvm/gems/ruby-1.9.3-p194/gems/activerecord-3.2.8/lib/active_record/fixtures.rb:492:in `block (2 levels) in create_fixtures'
    /usr/local/rvm/gems/ruby-1.9.3-p194/gems/activerecord-3.2.8/lib/active_record/connection_adapters/abstract/database_statements.rb:192:in `transaction'
    /usr/local/rvm/gems/ruby-1.9.3-p194/gems/activerecord-3.2.8/lib/active_record/fixtures.rb:491:in `block in create_fixtures'
    /usr/local/rvm/gems/ruby-1.9.3-p194/gems/activerecord-3.2.8/lib/active_record/connection_adapters/abstract_adapter.rb:168:in `disable_referential_integrity'
    /usr/local/rvm/gems/ruby-1.9.3-p194/gems/activerecord-3.2.8/lib/active_record/fixtures.rb:476:in `create_fixtures'
    /usr/local/rvm/gems/ruby-1.9.3-p194/gems/activerecord-3.2.8/lib/active_record/fixtures.rb:895:in `load_fixtures'
    /usr/local/rvm/gems/ruby-1.9.3-p194/gems/activerecord-3.2.8/lib/active_record/fixtures.rb:849:in `setup_fixtures'
    /usr/local/rvm/gems/ruby-1.9.3-p194/gems/activesupport-3.2.8/lib/active_support/callbacks.rb:429:in `_run__932594764__setup__845695350__callbacks'
    /usr/local/rvm/gems/ruby-1.9.3-p194/gems/activesupport-3.2.8/lib/active_support/callbacks.rb:405:in `__run_callback'
    /usr/local/rvm/gems/ruby-1.9.3-p194/gems/activesupport-3.2.8/lib/active_support/callbacks.rb:385:in `_run_setup_callbacks'
    /usr/local/rvm/gems/ruby-1.9.3-p194/gems/activesupport-3.2.8/lib/active_support/callbacks.rb:81:in `run_callbacks'
    /usr/local/rvm/gems/ruby-1.9.3-p194/gems/activesupport-3.2.8/lib/active_support/testing/setup_and_teardown.rb:35:in `run'

  7) Error:
test_should_update_micropost(MicropostsControllerTest):
ActiveRecord::StatementInvalid: Could not find table 'users'
    /usr/local/rvm/gems/ruby-1.9.3-p194/gems/activerecord-3.2.8/lib/active_record/connection_adapters/sqlite_adapter.rb:472:in `table_structure'
    /usr/local/rvm/gems/ruby-1.9.3-p194/gems/activerecord-3.2.8/lib/active_record/connection_adapters/sqlite_adapter.rb:346:in `columns'
    /usr/local/rvm/gems/ruby-1.9.3-p194/gems/activerecord-3.2.8/lib/active_record/fixtures.rb:660:in `column_names'
    /usr/local/rvm/gems/ruby-1.9.3-p194/gems/activerecord-3.2.8/lib/active_record/fixtures.rb:652:in `timestamp_column_names'
    /usr/local/rvm/gems/ruby-1.9.3-p194/gems/activerecord-3.2.8/lib/active_record/fixtures.rb:585:in `block in table_rows'
    /usr/local/rvm/gems/ruby-1.9.3-p194/gems/activerecord-3.2.8/lib/active_record/fixtures.rb:579:in `each'
    /usr/local/rvm/gems/ruby-1.9.3-p194/gems/activerecord-3.2.8/lib/active_record/fixtures.rb:579:in `map'
    /usr/local/rvm/gems/ruby-1.9.3-p194/gems/activerecord-3.2.8/lib/active_record/fixtures.rb:579:in `table_rows'
    /usr/local/rvm/gems/ruby-1.9.3-p194/gems/activerecord-3.2.8/lib/active_record/fixtures.rb:494:in `block (3 levels) in create_fixtures'
    /usr/local/rvm/gems/ruby-1.9.3-p194/gems/activerecord-3.2.8/lib/active_record/fixtures.rb:492:in `each'
    /usr/local/rvm/gems/ruby-1.9.3-p194/gems/activerecord-3.2.8/lib/active_record/fixtures.rb:492:in `block (2 levels) in create_fixtures'
    /usr/local/rvm/gems/ruby-1.9.3-p194/gems/activerecord-3.2.8/lib/active_record/connection_adapters/abstract/database_statements.rb:192:in `transaction'
    /usr/local/rvm/gems/ruby-1.9.3-p194/gems/activerecord-3.2.8/lib/active_record/fixtures.rb:491:in `block in create_fixtures'
    /usr/local/rvm/gems/ruby-1.9.3-p194/gems/activerecord-3.2.8/lib/active_record/connection_adapters/abstract_adapter.rb:168:in `disable_referential_integrity'
    /usr/local/rvm/gems/ruby-1.9.3-p194/gems/activerecord-3.2.8/lib/active_record/fixtures.rb:476:in `create_fixtures'
    /usr/local/rvm/gems/ruby-1.9.3-p194/gems/activerecord-3.2.8/lib/active_record/fixtures.rb:895:in `load_fixtures'
    /usr/local/rvm/gems/ruby-1.9.3-p194/gems/activerecord-3.2.8/lib/active_record/fixtures.rb:849:in `setup_fixtures'
    /usr/local/rvm/gems/ruby-1.9.3-p194/gems/activesupport-3.2.8/lib/active_support/callbacks.rb:429:in `_run__932594764__setup__845695350__callbacks'
    /usr/local/rvm/gems/ruby-1.9.3-p194/gems/activesupport-3.2.8/lib/active_support/callbacks.rb:405:in `__run_callback'
    /usr/local/rvm/gems/ruby-1.9.3-p194/gems/activesupport-3.2.8/lib/active_support/callbacks.rb:385:in `_run_setup_callbacks'
    /usr/local/rvm/gems/ruby-1.9.3-p194/gems/activesupport-3.2.8/lib/active_support/callbacks.rb:81:in `run_callbacks'
    /usr/local/rvm/gems/ruby-1.9.3-p194/gems/activesupport-3.2.8/lib/active_support/testing/setup_and_teardown.rb:35:in `run'

7 tests, 0 assertions, 0 failures, 7 errors, 0 skips
Run options: -n "/^(test_should_get_contact|test_should_get_home)$/"

# Running tests:

EE

Finished tests in 0.046064s, 43.4182 tests/s, 0.0000 assertions/s.

  1) Error:
test_should_get_contact(PagesControllerTest):
ActiveRecord::StatementInvalid: Could not find table 'users'
    /usr/local/rvm/gems/ruby-1.9.3-p194/gems/activerecord-3.2.8/lib/active_record/connection_adapters/sqlite_adapter.rb:472:in `table_structure'
    /usr/local/rvm/gems/ruby-1.9.3-p194/gems/activerecord-3.2.8/lib/active_record/connection_adapters/sqlite_adapter.rb:346:in `columns'
    /usr/local/rvm/gems/ruby-1.9.3-p194/gems/activerecord-3.2.8/lib/active_record/fixtures.rb:660:in `column_names'
    /usr/local/rvm/gems/ruby-1.9.3-p194/gems/activerecord-3.2.8/lib/active_record/fixtures.rb:652:in `timestamp_column_names'
    /usr/local/rvm/gems/ruby-1.9.3-p194/gems/activerecord-3.2.8/lib/active_record/fixtures.rb:585:in `block in table_rows'
    /usr/local/rvm/gems/ruby-1.9.3-p194/gems/activerecord-3.2.8/lib/active_record/fixtures.rb:579:in `each'
    /usr/local/rvm/gems/ruby-1.9.3-p194/gems/activerecord-3.2.8/lib/active_record/fixtures.rb:579:in `map'
    /usr/local/rvm/gems/ruby-1.9.3-p194/gems/activerecord-3.2.8/lib/active_record/fixtures.rb:579:in `table_rows'
    /usr/local/rvm/gems/ruby-1.9.3-p194/gems/activerecord-3.2.8/lib/active_record/fixtures.rb:494:in `block (3 levels) in create_fixtures'
    /usr/local/rvm/gems/ruby-1.9.3-p194/gems/activerecord-3.2.8/lib/active_record/fixtures.rb:492:in `each'
    /usr/local/rvm/gems/ruby-1.9.3-p194/gems/activerecord-3.2.8/lib/active_record/fixtures.rb:492:in `block (2 levels) in create_fixtures'
    /usr/local/rvm/gems/ruby-1.9.3-p194/gems/activerecord-3.2.8/lib/active_record/connection_adapters/abstract/database_statements.rb:192:in `transaction'
    /usr/local/rvm/gems/ruby-1.9.3-p194/gems/activerecord-3.2.8/lib/active_record/fixtures.rb:491:in `block in create_fixtures'
    /usr/local/rvm/gems/ruby-1.9.3-p194/gems/activerecord-3.2.8/lib/active_record/connection_adapters/abstract_adapter.rb:168:in `disable_referential_integrity'
    /usr/local/rvm/gems/ruby-1.9.3-p194/gems/activerecord-3.2.8/lib/active_record/fixtures.rb:476:in `create_fixtures'
    /usr/local/rvm/gems/ruby-1.9.3-p194/gems/activerecord-3.2.8/lib/active_record/fixtures.rb:895:in `load_fixtures'
    /usr/local/rvm/gems/ruby-1.9.3-p194/gems/activerecord-3.2.8/lib/active_record/fixtures.rb:849:in `setup_fixtures'
    /usr/local/rvm/gems/ruby-1.9.3-p194/gems/activesupport-3.2.8/lib/active_support/callbacks.rb:429:in `_run__878368266__setup__792345445__callbacks'
    /usr/local/rvm/gems/ruby-1.9.3-p194/gems/activesupport-3.2.8/lib/active_support/callbacks.rb:405:in `__run_callback'
    /usr/local/rvm/gems/ruby-1.9.3-p194/gems/activesupport-3.2.8/lib/active_support/callbacks.rb:385:in `_run_setup_callbacks'
    /usr/local/rvm/gems/ruby-1.9.3-p194/gems/activesupport-3.2.8/lib/active_support/callbacks.rb:81:in `run_callbacks'
    /usr/local/rvm/gems/ruby-1.9.3-p194/gems/activesupport-3.2.8/lib/active_support/testing/setup_and_teardown.rb:35:in `run'

  2) Error:
test_should_get_home(PagesControllerTest):
ActiveRecord::StatementInvalid: Could not find table 'users'
    /usr/local/rvm/gems/ruby-1.9.3-p194/gems/activerecord-3.2.8/lib/active_record/connection_adapters/sqlite_adapter.rb:472:in `table_structure'
    /usr/local/rvm/gems/ruby-1.9.3-p194/gems/activerecord-3.2.8/lib/active_record/connection_adapters/sqlite_adapter.rb:346:in `columns'
    /usr/local/rvm/gems/ruby-1.9.3-p194/gems/activerecord-3.2.8/lib/active_record/fixtures.rb:660:in `column_names'
    /usr/local/rvm/gems/ruby-1.9.3-p194/gems/activerecord-3.2.8/lib/active_record/fixtures.rb:652:in `timestamp_column_names'
    /usr/local/rvm/gems/ruby-1.9.3-p194/gems/activerecord-3.2.8/lib/active_record/fixtures.rb:585:in `block in table_rows'
    /usr/local/rvm/gems/ruby-1.9.3-p194/gems/activerecord-3.2.8/lib/active_record/fixtures.rb:579:in `each'
    /usr/local/rvm/gems/ruby-1.9.3-p194/gems/activerecord-3.2.8/lib/active_record/fixtures.rb:579:in `map'
    /usr/local/rvm/gems/ruby-1.9.3-p194/gems/activerecord-3.2.8/lib/active_record/fixtures.rb:579:in `table_rows'
    /usr/local/rvm/gems/ruby-1.9.3-p194/gems/activerecord-3.2.8/lib/active_record/fixtures.rb:494:in `block (3 levels) in create_fixtures'
    /usr/local/rvm/gems/ruby-1.9.3-p194/gems/activerecord-3.2.8/lib/active_record/fixtures.rb:492:in `each'
    /usr/local/rvm/gems/ruby-1.9.3-p194/gems/activerecord-3.2.8/lib/active_record/fixtures.rb:492:in `block (2 levels) in create_fixtures'
    /usr/local/rvm/gems/ruby-1.9.3-p194/gems/activerecord-3.2.8/lib/active_record/connection_adapters/abstract/database_statements.rb:192:in `transaction'
    /usr/local/rvm/gems/ruby-1.9.3-p194/gems/activerecord-3.2.8/lib/active_record/fixtures.rb:491:in `block in create_fixtures'
    /usr/local/rvm/gems/ruby-1.9.3-p194/gems/activerecord-3.2.8/lib/active_record/connection_adapters/abstract_adapter.rb:168:in `disable_referential_integrity'
    /usr/local/rvm/gems/ruby-1.9.3-p194/gems/activerecord-3.2.8/lib/active_record/fixtures.rb:476:in `create_fixtures'
    /usr/local/rvm/gems/ruby-1.9.3-p194/gems/activerecord-3.2.8/lib/active_record/fixtures.rb:895:in `load_fixtures'
    /usr/local/rvm/gems/ruby-1.9.3-p194/gems/activerecord-3.2.8/lib/active_record/fixtures.rb:849:in `setup_fixtures'
    /usr/local/rvm/gems/ruby-1.9.3-p194/gems/activesupport-3.2.8/lib/active_support/callbacks.rb:429:in `_run__878368266__setup__792345445__callbacks'
    /usr/local/rvm/gems/ruby-1.9.3-p194/gems/activesupport-3.2.8/lib/active_support/callbacks.rb:405:in `__run_callback'
    /usr/local/rvm/gems/ruby-1.9.3-p194/gems/activesupport-3.2.8/lib/active_support/callbacks.rb:385:in `_run_setup_callbacks'
    /usr/local/rvm/gems/ruby-1.9.3-p194/gems/activesupport-3.2.8/lib/active_support/callbacks.rb:81:in `run_callbacks'
    /usr/local/rvm/gems/ruby-1.9.3-p194/gems/activesupport-3.2.8/lib/active_support/testing/setup_and_teardown.rb:35:in `run'

2 tests, 0 assertions, 0 failures, 2 errors, 0 skips
/usr/local/rvm/rubies/ruby-1.9.3-p194/bin/ruby -I.:lib:test -rubygems test/functional/users_controller_test.rb -n "/^(test_should_create_user|test_should_destroy_user|test_should_get_edit|test_should_get_index|test_should_get_new|test_should_show_user|test_should_update_user)$/"; /usr/local/rvm/rubies/ruby-1.9.3-p194/bin/ruby -I.:lib:test -rubygems test/functional/pages_controller_test.rb -n "/^(test_should_get_contact|test_should_get_home)$/"; /usr/local/rvm/rubies/ruby-1.9.3-p194/bin/ruby -I.:lib:test -rubygems test/functional/microposts_controller_test.rb -n "/^(test_should_create_micropost|test_should_destroy_micropost|test_should_get_edit|test_should_get_index|test_should_get_new|test_should_show_micropost|test_should_update_micropost)$/"
Run options: -n "/^(test_should_create_user|test_should_destroy_user|test_should_get_edit|test_should_get_index|test_should_get_new|test_should_show_user|test_should_update_user)$/"

# Running tests:

EEEEEEE

Finished tests in 0.041058s, 170.4893 tests/s, 0.0000 assertions/s.

  1) Error:
test_should_create_user(UsersControllerTest):
NoMethodError: undefined method `users' for #<UsersControllerTest:0xaad9bfc>
    /usr/local/rvm/gems/ruby-1.9.3-p194/gems/actionpack-3.2.8/lib/action_dispatch/testing/assertions/routing.rb:176:in `method_missing'
    test/functional/users_controller_test.rb:5:in `block in <class:UsersControllerTest>'
    /usr/local/rvm/gems/ruby-1.9.3-p194/gems/activesupport-3.2.8/lib/active_support/callbacks.rb:462:in `_run__558791962__setup__765883836__callbacks'
    /usr/local/rvm/gems/ruby-1.9.3-p194/gems/activesupport-3.2.8/lib/active_support/callbacks.rb:405:in `__run_callback'
    /usr/local/rvm/gems/ruby-1.9.3-p194/gems/activesupport-3.2.8/lib/active_support/callbacks.rb:385:in `_run_setup_callbacks'
    /usr/local/rvm/gems/ruby-1.9.3-p194/gems/activesupport-3.2.8/lib/active_support/callbacks.rb:81:in `run_callbacks'
    /usr/local/rvm/gems/ruby-1.9.3-p194/gems/activesupport-3.2.8/lib/active_support/testing/setup_and_teardown.rb:35:in `run'

  2) Error:
test_should_destroy_user(UsersControllerTest):
NoMethodError: undefined method `users' for #<UsersControllerTest:0xa2d283c>
    /usr/local/rvm/gems/ruby-1.9.3-p194/gems/actionpack-3.2.8/lib/action_dispatch/testing/assertions/routing.rb:176:in `method_missing'
    test/functional/users_controller_test.rb:5:in `block in <class:UsersControllerTest>'
    /usr/local/rvm/gems/ruby-1.9.3-p194/gems/activesupport-3.2.8/lib/active_support/callbacks.rb:462:in `_run__558791962__setup__765883836__callbacks'
    /usr/local/rvm/gems/ruby-1.9.3-p194/gems/activesupport-3.2.8/lib/active_support/callbacks.rb:405:in `__run_callback'
    /usr/local/rvm/gems/ruby-1.9.3-p194/gems/activesupport-3.2.8/lib/active_support/callbacks.rb:385:in `_run_setup_callbacks'
    /usr/local/rvm/gems/ruby-1.9.3-p194/gems/activesupport-3.2.8/lib/active_support/callbacks.rb:81:in `run_callbacks'
    /usr/local/rvm/gems/ruby-1.9.3-p194/gems/activesupport-3.2.8/lib/active_support/testing/setup_and_teardown.rb:35:in `run'

  3) Error:
test_should_get_edit(UsersControllerTest):
NoMethodError: undefined method `users' for #<UsersControllerTest:0xacbc4ec>
    /usr/local/rvm/gems/ruby-1.9.3-p194/gems/actionpack-3.2.8/lib/action_dispatch/testing/assertions/routing.rb:176:in `method_missing'
    test/functional/users_controller_test.rb:5:in `block in <class:UsersControllerTest>'
    /usr/local/rvm/gems/ruby-1.9.3-p194/gems/activesupport-3.2.8/lib/active_support/callbacks.rb:462:in `_run__558791962__setup__765883836__callbacks'
    /usr/local/rvm/gems/ruby-1.9.3-p194/gems/activesupport-3.2.8/lib/active_support/callbacks.rb:405:in `__run_callback'
    /usr/local/rvm/gems/ruby-1.9.3-p194/gems/activesupport-3.2.8/lib/active_support/callbacks.rb:385:in `_run_setup_callbacks'
    /usr/local/rvm/gems/ruby-1.9.3-p194/gems/activesupport-3.2.8/lib/active_support/callbacks.rb:81:in `run_callbacks'
    /usr/local/rvm/gems/ruby-1.9.3-p194/gems/activesupport-3.2.8/lib/active_support/testing/setup_and_teardown.rb:35:in `run'

  4) Error:
test_should_get_index(UsersControllerTest):
NoMethodError: undefined method `users' for #<UsersControllerTest:0xae4c0dc>
    /usr/local/rvm/gems/ruby-1.9.3-p194/gems/actionpack-3.2.8/lib/action_dispatch/testing/assertions/routing.rb:176:in `method_missing'
    test/functional/users_controller_test.rb:5:in `block in <class:UsersControllerTest>'
    /usr/local/rvm/gems/ruby-1.9.3-p194/gems/activesupport-3.2.8/lib/active_support/callbacks.rb:462:in `_run__558791962__setup__765883836__callbacks'
    /usr/local/rvm/gems/ruby-1.9.3-p194/gems/activesupport-3.2.8/lib/active_support/callbacks.rb:405:in `__run_callback'
    /usr/local/rvm/gems/ruby-1.9.3-p194/gems/activesupport-3.2.8/lib/active_support/callbacks.rb:385:in `_run_setup_callbacks'
    /usr/local/rvm/gems/ruby-1.9.3-p194/gems/activesupport-3.2.8/lib/active_support/callbacks.rb:81:in `run_callbacks'
    /usr/local/rvm/gems/ruby-1.9.3-p194/gems/activesupport-3.2.8/lib/active_support/testing/setup_and_teardown.rb:35:in `run'

  5) Error:
test_should_get_new(UsersControllerTest):
NoMethodError: undefined method `users' for #<UsersControllerTest:0xa29444c>
    /usr/local/rvm/gems/ruby-1.9.3-p194/gems/actionpack-3.2.8/lib/action_dispatch/testing/assertions/routing.rb:176:in `method_missing'
    test/functional/users_controller_test.rb:5:in `block in <class:UsersControllerTest>'
    /usr/local/rvm/gems/ruby-1.9.3-p194/gems/activesupport-3.2.8/lib/active_support/callbacks.rb:462:in `_run__558791962__setup__765883836__callbacks'
    /usr/local/rvm/gems/ruby-1.9.3-p194/gems/activesupport-3.2.8/lib/active_support/callbacks.rb:405:in `__run_callback'
    /usr/local/rvm/gems/ruby-1.9.3-p194/gems/activesupport-3.2.8/lib/active_support/callbacks.rb:385:in `_run_setup_callbacks'
    /usr/local/rvm/gems/ruby-1.9.3-p194/gems/activesupport-3.2.8/lib/active_support/callbacks.rb:81:in `run_callbacks'
    /usr/local/rvm/gems/ruby-1.9.3-p194/gems/activesupport-3.2.8/lib/active_support/testing/setup_and_teardown.rb:35:in `run'

  6) Error:
test_should_show_user(UsersControllerTest):
NoMethodError: undefined method `users' for #<UsersControllerTest:0xa2dde08>
    /usr/local/rvm/gems/ruby-1.9.3-p194/gems/actionpack-3.2.8/lib/action_dispatch/testing/assertions/routing.rb:176:in `method_missing'
    test/functional/users_controller_test.rb:5:in `block in <class:UsersControllerTest>'
    /usr/local/rvm/gems/ruby-1.9.3-p194/gems/activesupport-3.2.8/lib/active_support/callbacks.rb:462:in `_run__558791962__setup__765883836__callbacks'
    /usr/local/rvm/gems/ruby-1.9.3-p194/gems/activesupport-3.2.8/lib/active_support/callbacks.rb:405:in `__run_callback'
    /usr/local/rvm/gems/ruby-1.9.3-p194/gems/activesupport-3.2.8/lib/active_support/callbacks.rb:385:in `_run_setup_callbacks'
    /usr/local/rvm/gems/ruby-1.9.3-p194/gems/activesupport-3.2.8/lib/active_support/callbacks.rb:81:in `run_callbacks'
    /usr/local/rvm/gems/ruby-1.9.3-p194/gems/activesupport-3.2.8/lib/active_support/testing/setup_and_teardown.rb:35:in `run'

  7) Error:
test_should_update_user(UsersControllerTest):
NoMethodError: undefined method `users' for #<UsersControllerTest:0xa4add00>
    /usr/local/rvm/gems/ruby-1.9.3-p194/gems/actionpack-3.2.8/lib/action_dispatch/testing/assertions/routing.rb:176:in `method_missing'
    test/functional/users_controller_test.rb:5:in `block in <class:UsersControllerTest>'
    /usr/local/rvm/gems/ruby-1.9.3-p194/gems/activesupport-3.2.8/lib/active_support/callbacks.rb:462:in `_run__558791962__setup__765883836__callbacks'
    /usr/local/rvm/gems/ruby-1.9.3-p194/gems/activesupport-3.2.8/lib/active_support/callbacks.rb:405:in `__run_callback'
    /usr/local/rvm/gems/ruby-1.9.3-p194/gems/activesupport-3.2.8/lib/active_support/callbacks.rb:385:in `_run_setup_callbacks'
    /usr/local/rvm/gems/ruby-1.9.3-p194/gems/activesupport-3.2.8/lib/active_support/callbacks.rb:81:in `run_callbacks'
    /usr/local/rvm/gems/ruby-1.9.3-p194/gems/activesupport-3.2.8/lib/active_support/testing/setup_and_teardown.rb:35:in `run'

7 tests, 0 assertions, 0 failures, 7 errors, 0 skips
/usr/local/rvm/rubies/ruby-1.9.3-p194/bin/ruby -I.:lib:test -rubygems test/functional/users_controller_test.rb -n "/^(test_should_create_user|test_should_destroy_user|test_should_get_edit|test_should_get_index|test_should_get_new|test_should_show_user|test_should_update_user)$/"
Interrupt a second time to quit
